04-03 21:47:43.262  9055  9055 V Capacitor/Plugin: To native (Capacitor plugin): callbackId: 123318332, pluginId: ScreenTime, methodName: completePendingNavigation
04-03 21:47:43.262  9055  9055 V Capacitor: callback: 123318332, pluginId: ScreenTime, methodName: completePendingNavigation, methodData: {}
04-03 21:47:43.270  9055  9343 D BlearnScreenTime: pending_navigation_completed
04-03 21:47:43.285  9055  9055 I Capacitor/Console: File:  - Line 333 - Msg: {"route":"/learn/review?targetId=com.google.android.gm&targetType=app&deckId=deck_pizq5ngs&targetLabel=Gmail&mode=learn&overlaySessionId=f700c8f7-0520-4132-aeea-9f8dee3dcf28&unlockDurationMinutes=20","targetId":"com.google.android.gm","targetType":"app","mode":"learn","sessionId":"f700c8f7-0520-4132-aeea-9f8dee3dcf28","targetLabel":"Gmail","deckId":"deck_pizq5ngs","unlockDurationMinutes":20}
04-03 21:47:43.319  9055  9324 D Capacitor: Handling local request: https://localhost/favicon.png
04-03 21:47:43.330  9055  9325 D Capacitor: Handling local request: https://localhost/blearn-mark.svg
04-03 21:47:43.358  9055  9055 E FileUtils: err write to mi_exception_log
04-03 21:47:43.359  9055  9055 I Capacitor/Console: File:  - Line 333 - Msg: undefined
04-03 21:47:43.360  9055  9055 I Capacitor/Console: File:  - Line 349 - Msg: [object Object]
04-03 21:47:43.364  9055  9055 V Capacitor/Plugin: To native (Capacitor plugin): callbackId: 123318333, pluginId: ScreenTime, methodName: consumePendingNavigation
04-03 21:47:43.364  9055  9055 V Capacitor: callback: 123318333, pluginId: ScreenTime, methodName: consumePendingNavigation, methodData: {}
04-03 21:47:43.367  9055  9343 D BlearnScreenTime: consume_pending_navigation_empty
04-03 21:47:43.368  9055  9055 I Capacitor/Console: File:  - Line 333 - Msg: undefined
04-03 21:47:43.424  1894  1894 I wificond: station_bandwidth: 
04-03 21:47:43.452  9055  9055 E FileUtils: err write to mi_exception_log
04-03 21:47:43.485  4948  9076 D BtGatt.GattService: getDeviceType() - device=4C:6B:E8:5C:64:CE, type=3
04-03 21:47:43.485  4948  9076 D BtGatt.GattService: getDeviceType() - device=BD:49:0E:5C:E7:EC, type=1
04-03 21:47:43.485  4948  9076 D BtGatt.GattService: getDeviceType() - device=42:98:76:54:33:8B, type=1
04-03 21:47:43.485  4948  9076 D BtGatt.GattService: getDeviceType() - device=B0:F1:D8:A9:07:6F, type=3
04-03 21:47:43.485  4948  9076 D BtGatt.GattService: getDeviceType() - device=F4:04:4C:00:AC:A5, type=1
04-03 21:47:43.485  4948  9076 D BtGatt.GattService: getDeviceType() - device=98:52:3D:B0:A5:6B, type=3
04-03 21:47:43.485  4948  9076 D BtGatt.GattService: getDeviceType() - device=2C:41:A1:14:BD:E4, type=3
04-03 21:47:43.485  4948  9076 D BtGatt.GattService: getDeviceType() - device=58:D5:0A:49:48:D2, type=1
04-03 21:47:43.485  4948  9076 D BtGatt.GattService: getDeviceType() - device=60:09:C3:F4:63:6C, type=3
04-03 21:47:43.485  4948  9076 D BtGatt.GattService: getDeviceType() - device=78:20:2E:12:52:D2, type=3
04-03 21:47:43.485  4948  9076 D BtGatt.GattService: getDeviceType() - device=08:DF:1F:2C:F8:2B, type=1
04-03 21:47:43.485  4948  9076 D BtGatt.GattService: getDeviceType() - device=6C:5C:3D:3B:7F:B8, type=1
04-03 21:47:43.486  4948  9076 D BtGatt.GattService: getDeviceType() - device=2C:FD:B4:8E:EC:21, type=1
04-03 21:47:43.486  4948  9076 D BtGatt.GattService: getDeviceType() - device=6F:54:CD:39:F8:97, type=1
04-03 21:47:43.486  4948  9076 D BtGatt.GattService: getDeviceType() - device=00:07:80:E0:32:12, type=1
04-03 21:47:43.486  4948  9076 D BtGatt.GattService: getDeviceType() - device=0C:3B:50:86:D5:EF, type=1
04-03 21:47:43.486  4948  9076 D BtGatt.GattService: getDeviceType() - device=60:8A:10:1E:26:D8, type=3
04-03 21:47:43.486  4948  9076 D BtGatt.GattService: getDeviceType() - device=00:0C:8A:BA:02:3C, type=1
04-03 21:47:43.486  4948  9076 D BtGatt.GattService: getDeviceType() - device=90:A3:A3:56:BF:D9, type=1
04-03 21:47:43.491  4948  9076 D BtGatt.GattService: getDeviceType() - device=4C:6B:E8:5C:64:CE, type=3
04-03 21:47:43.491  4948  9076 D BtGatt.GattService: getDeviceType() - device=BD:49:0E:5C:E7:EC, type=1
04-03 21:47:43.491  4948  9076 D BtGatt.GattService: getDeviceType() - device=42:98:76:54:33:8B, type=1
04-03 21:47:43.492  4948  9076 D BtGatt.GattService: getDeviceType() - device=B0:F1:D8:A9:07:6F, type=3
04-03 21:47:43.492  4948  9076 D BtGatt.GattService: getDeviceType() - device=F4:04:4C:00:AC:A5, type=1
04-03 21:47:43.492  4948  9076 D BtGatt.GattService: getDeviceType() - device=98:52:3D:B0:A5:6B, type=3
04-03 21:47:43.492  4948  9076 D BtGatt.GattService: getDeviceType() - device=2C:41:A1:14:BD:E4, type=3
04-03 21:47:43.492  4948  9076 D BtGatt.GattService: getDeviceType() - device=58:D5:0A:49:48:D2, type=1
04-03 21:47:43.492  4948  9076 D BtGatt.GattService: getDeviceType() - device=60:09:C3:F4:63:6C, type=3
04-03 21:47:43.492  4948  9076 D BtGatt.GattService: getDeviceType() - device=78:20:2E:12:52:D2, type=3
04-03 21:47:43.492  4948  9076 D BtGatt.GattService: getDeviceType() - device=08:DF:1F:2C:F8:2B, type=1
04-03 21:47:43.492  4948  9076 D BtGatt.GattService: getDeviceType() - device=6C:5C:3D:3B:7F:B8, type=1
04-03 21:47:43.492  4948  9076 D BtGatt.GattService: getDeviceType() - device=2C:FD:B4:8E:EC:21, type=1
04-03 21:47:43.492  4948  9076 D BtGatt.GattService: getDeviceType() - device=6F:54:CD:39:F8:97, type=1
04-03 21:47:43.492  4948  9076 D BtGatt.GattService: getDeviceType() - device=00:07:80:E0:32:12, type=1
04-03 21:47:43.492  4948  9076 D BtGatt.GattService: getDeviceType() - device=0C:3B:50:86:D5:EF, type=1
04-03 21:47:43.492  4948  9076 D BtGatt.GattService: getDeviceType() - device=60:8A:10:1E:26:D8, type=3
04-03 21:47:43.492  4948  9076 D BtGatt.GattService: getDeviceType() - device=00:0C:8A:BA:02:3C, type=1
04-03 21:47:43.492  4948  9076 D BtGatt.GattService: getDeviceType() - device=90:A3:A3:56:BF:D9, type=1
04-03 21:47:43.498  4948  9076 D BtGatt.GattService: getDeviceType() - device=4C:6B:E8:5C:64:CE, type=3
04-03 21:47:43.498  4948  9076 D BtGatt.GattService: getDeviceType() - device=BD:49:0E:5C:E7:EC, type=1
04-03 21:47:43.498  4948  9076 D BtGatt.GattService: getDeviceType() - device=42:98:76:54:33:8B, type=1
04-03 21:47:43.498  4948  9076 D BtGatt.GattService: getDeviceType() - device=B0:F1:D8:A9:07:6F, type=3
04-03 21:47:43.498  4948  9076 D BtGatt.GattService: getDeviceType() - device=F4:04:4C:00:AC:A5, type=1
04-03 21:47:43.498  4948  9076 D BtGatt.GattService: getDeviceType() - device=98:52:3D:B0:A5:6B, type=3
04-03 21:47:43.498  4948  9076 D BtGatt.GattService: getDeviceType() - device=2C:41:A1:14:BD:E4, type=3
04-03 21:47:43.498  4948  9076 D BtGatt.GattService: getDeviceType() - device=58:D5:0A:49:48:D2, type=1
04-03 21:47:43.498  4948  9076 D BtGatt.GattService: getDeviceType() - device=60:09:C3:F4:63:6C, type=3
04-03 21:47:43.498  4948  9076 D BtGatt.GattService: getDeviceType() - device=78:20:2E:12:52:D2, type=3
04-03 21:47:43.498  4948  9076 D BtGatt.GattService: getDeviceType() - device=08:DF:1F:2C:F8:2B, type=1
04-03 21:47:43.498  4948  9076 D BtGatt.GattService: getDeviceType() - device=6C:5C:3D:3B:7F:B8, type=1
04-03 21:47:43.498  4948  9076 D BtGatt.GattService: getDeviceType() - device=2C:FD:B4:8E:EC:21, type=1
04-03 21:47:43.498  4948  9076 D BtGatt.GattService: getDeviceType() - device=6F:54:CD:39:F8:97, type=1
04-03 21:47:43.498  4948  9076 D BtGatt.GattService: getDeviceType() - device=00:07:80:E0:32:12, type=1
04-03 21:47:43.498  4948  9076 D BtGatt.GattService: getDeviceType() - device=0C:3B:50:86:D5:EF, type=1
04-03 21:47:43.498  4948  9076 D BtGatt.GattService: getDeviceType() - device=60:8A:10:1E:26:D8, type=3
04-03 21:47:43.498  4948  9076 D BtGatt.GattService: getDeviceType() - device=00:0C:8A:BA:02:3C, type=1
04-03 21:47:43.498  4948  9076 D BtGatt.GattService: getDeviceType() - device=90:A3:A3:56:BF:D9, type=1
04-03 21:47:43.552  1984  2329 I ExtM    : zram userate is low, no need to flush: 28
04-03 21:47:43.588  6836  7366 I libc    : kill: send 15 to pid 9453 real pid 9453
04-03 21:47:43.589  6836  7366 E PowerKeeper.Thermal: ProcessInfo java.lang.NumberFormatException: For input string: "CPU usage from 119876ms to 82029ms ago (2026-04-03 21"
04-03 21:47:43.620  9055  9055 I Capacitor/Console: File:  - Line 349 - Msg: [object Object]
04-03 21:47:43.622  9055  9055 V Capacitor/Plugin: To native (Capacitor plugin): callbackId: 123318334, pluginId: ScreenTime, methodName: consumePendingNavigation
04-03 21:47:43.622  9055  9055 V Capacitor: callback: 123318334, pluginId: ScreenTime, methodName: consumePendingNavigation, methodData: {}
04-03 21:47:43.624  9055  9343 D BlearnScreenTime: consume_pending_navigation_empty
04-03 21:47:43.624  9055  9055 I Capacitor/Console: File:  - Line 333 - Msg: undefined
04-03 21:47:43.664  1984  4729 D PerfShielderService: app.blearn.mobile|app.blearn.mobile/app.blearn.mobile.BlockingOverlayActivity|263|93017682341495|96|5|9
04-03 21:47:43.666  5845  7820 W MiuiPerfServiceClient: interceptAndQueuing:9055|app.blearn.mobile|263|96|93017682341495|Slow issue draw commands|9
04-03 21:47:43.815  9372  9423 D CAM_ConfMIVIRequest: getCloudDataObject: START >>
04-03 21:47:43.817 30542  9043 I htmlviewercloudcontrol: isStagingEnv:false param =  camera_hal  uriMatch = 1, cluster: global, version: 532071, traceId: ffe3bd0445026027d3571c169ff96b02, regId: 
04-03 21:47:43.817 30542  9044 I htmlviewercloudcontrol: isStagingEnv:false param =  camera_framework  uriMatch = 1, cluster: global, version: 532071, traceId: ffe3bd0445026027d3571c169ff96b02, regId: 
04-03 21:47:43.819  9372  9423 D CAM_ConfMIVIRequest: getCloudDataObject: START >>
04-03 21:47:43.819  9372  9425 D CAM_HalCloudObserver: onNext| request hal cloud data: E
04-03 21:47:43.820  9372  9425 D CAM_HalCloudObserver: onNext| hal cloud data not changed
04-03 21:47:43.820  9372  9425 D CAM_HalCloudDataManager: Listen to cloud data change
04-03 21:47:43.820 30542  9044 I htmlviewercloudcontrol: isStagingEnv:false param =  camera_sdk  uriMatch = 1, cluster: global, version: 532071, traceId: ffe3bd0445026027d3571c169ff96b02, regId: 
04-03 21:47:43.821  9372  9425 D CAM_HalCloudObserver: onNext| request hal cloud data: X
04-03 21:47:43.821  9372  9423 D CAM_ConfMIVIRequest: getCloudDataObject: START >>
04-03 21:47:43.822 30542  9044 I htmlviewercloudcontrol: isStagingEnv:false param =  camera_framework  uriMatch = 1, cluster: global, version: 532071, traceId: ffe3bd0445026027d3571c169ff96b02, regId: 
04-03 21:47:43.824  9372  9423 D CAM_ConfMIVIRequest: getMiviDataString: result = {}
04-03 21:47:43.825  9372  9423 V CAM_MIVIHelper: [WTP]requestCloudData: E
04-03 21:47:43.825  9372  9423 D CAM_MIVIHelper: getStringFromLocalFile E >> /data/user/0/com.android.camera/cache/mivi_info.json
04-03 21:47:43.828  9372  9423 D CAM_MIVIHelper: getStringFromLocalFile: X return null
04-03 21:47:43.829  9372  9423 D CAM_MIVIHelper: begin to setMiViInfo info: {}
04-03 21:47:43.829  9372  9423 D MiCameraAlgo: setMiViInfo
04-03 21:47:43.832  9372  9423 I MI_Algo_JNI: huangxin get miviInfo: {}
04-03 21:47:43.832  9372  9423 D MiaInterface: MiaInterface.cpp:55 miaSetMiviInfo():E
04-03 21:47:43.832  9372  9423 V CAM_MIVIHelper: [WTP]requestCloudData: X
04-03 21:47:43.876  9055  9055 I Capacitor/Console: File:  - Line 349 - Msg: [object Object]
04-03 21:47:43.893  9055  9055 V Capacitor/Plugin: To native (Capacitor plugin): callbackId: 123318335, pluginId: ScreenTime, methodName: consumePendingNavigation
04-03 21:47:43.893  9055  9055 V Capacitor: callback: 123318335, pluginId: ScreenTime, methodName: consumePendingNavigation, methodData: {}
04-03 21:47:43.895  9055  9343 D BlearnScreenTime: consume_pending_navigation_empty
04-03 21:47:43.896  9055  9055 I Capacitor/Console: File:  - Line 333 - Msg: undefined
04-03 21:47:44.119  1984  3116 I MiuiNetworkPolicy: updateUidState uid = 10124, uidState = 8
04-03 21:47:44.119  1984  3116 I MiuiNetworkPolicy: updateUidState uid = 10075, uidState = 19
04-03 21:47:44.148  9055  9055 I Capacitor/Console: File:  - Line 349 - Msg: [object Object]
04-03 21:47:44.149  9055  9055 V Capacitor/Plugin: To native (Capacitor plugin): callbackId: 123318336, pluginId: ScreenTime, methodName: consumePendingNavigation
04-03 21:47:44.150  9055  9055 V Capacitor: callback: 123318336, pluginId: ScreenTime, methodName: consumePendingNavigation, methodData: {}
04-03 21:47:44.157  9055  9343 D BlearnScreenTime: consume_pending_navigation_empty
04-03 21:47:44.159  9055  9055 I Capacitor/Console: File:  - Line 333 - Msg: undefined
04-03 21:47:44.298  1984  3217 I SmartPower: com.mi.android.globallauncher/10082(4042): background->idle(3001ms) R(become background) adj=100.
04-03 21:47:44.343  1305  1305 D RefreshRateSelector: Touch Boost
04-03 21:47:44.343  1305  1305 D MI-SF   : mIsSupportAutomodeForMaxFpsSetting is 0(0), getCurrentBrightness() = 49(328), mIsKeepAutoMode 0
04-03 21:47:44.343  1305  1305 D RefreshRateSelector: fixedMode_group: 0, isFindModeGroup 0
04-03 21:47:44.343  1305  1305 D RefreshRateSelector: find max refresh rate:60, mode Group:0
04-03 21:47:44.410  9055  9055 I Capacitor/Console: File:  - Line 349 - Msg: [object Object]
04-03 21:47:44.412  9055  9055 V Capacitor/Plugin: To native (Capacitor plugin): callbackId: 123318337, pluginId: ScreenTime, methodName: consumePendingNavigation
04-03 21:47:44.412  9055  9055 V Capacitor: callback: 123318337, pluginId: ScreenTime, methodName: consumePendingNavigation, methodData: {}
04-03 21:47:44.417  4948  9076 D BtGatt.GattService: getDeviceType() - device=4C:6B:E8:5C:64:CE, type=3
04-03 21:47:44.417  4948  9076 D BtGatt.GattService: getDeviceType() - device=BD:49:0E:5C:E7:EC, type=1
04-03 21:47:44.417  4948  9076 D BtGatt.GattService: getDeviceType() - device=42:98:76:54:33:8B, type=1
04-03 21:47:44.417  4948  9076 D BtGatt.GattService: getDeviceType() - device=B0:F1:D8:A9:07:6F, type=3
04-03 21:47:44.417  4948  9076 D BtGatt.GattService: getDeviceType() - device=F4:04:4C:00:AC:A5, type=1
04-03 21:47:44.417  4948  9076 D BtGatt.GattService: getDeviceType() - device=98:52:3D:B0:A5:6B, type=3
04-03 21:47:44.417  4948  9076 D BtGatt.GattService: getDeviceType() - device=2C:41:A1:14:BD:E4, type=3
04-03 21:47:44.417  4948  9076 D BtGatt.GattService: getDeviceType() - device=58:D5:0A:49:48:D2, type=1
04-03 21:47:44.417  4948  9076 D BtGatt.GattService: getDeviceType() - device=60:09:C3:F4:63:6C, type=3
04-03 21:47:44.417  4948  9076 D BtGatt.GattService: getDeviceType() - device=78:20:2E:12:52:D2, type=3
04-03 21:47:44.417  4948  9076 D BtGatt.GattService: getDeviceType() - device=08:DF:1F:2C:F8:2B, type=1
04-03 21:47:44.417  4948  9076 D BtGatt.GattService: getDeviceType() - device=6C:5C:3D:3B:7F:B8, type=1
04-03 21:47:44.417  4948  9076 D BtGatt.GattService: getDeviceType() - device=2C:FD:B4:8E:EC:21, type=1
04-03 21:47:44.417  4948  9076 D BtGatt.GattService: getDeviceType() - device=6F:54:CD:39:F8:97, type=1
04-03 21:47:44.417  4948  9076 D BtGatt.GattService: getDeviceType() - device=00:07:80:E0:32:12, type=1
04-03 21:47:44.417  4948  9076 D BtGatt.GattService: getDeviceType() - device=0C:3B:50:86:D5:EF, type=1
04-03 21:47:44.418  4948  9076 D BtGatt.GattService: getDeviceType() - device=60:8A:10:1E:26:D8, type=3
04-03 21:47:44.418  4948  9076 D BtGatt.GattService: getDeviceType() - device=00:0C:8A:BA:02:3C, type=1
04-03 21:47:44.418  4948  9076 D BtGatt.GattService: getDeviceType() - device=90:A3:A3:56:BF:D9, type=1
04-03 21:47:44.419  4948  9076 D BtGatt.GattService: getDeviceType() - device=4C:6B:E8:5C:64:CE, type=3
04-03 21:47:44.419  4948  9076 D BtGatt.GattService: getDeviceType() - device=BD:49:0E:5C:E7:EC, type=1
04-03 21:47:44.419  4948  9076 D BtGatt.GattService: getDeviceType() - device=42:98:76:54:33:8B, type=1
04-03 21:47:44.419  4948  9076 D BtGatt.GattService: getDeviceType() - device=B0:F1:D8:A9:07:6F, type=3
04-03 21:47:44.419  4948  9076 D BtGatt.GattService: getDeviceType() - device=F4:04:4C:00:AC:A5, type=1
04-03 21:47:44.419  4948  9076 D BtGatt.GattService: getDeviceType() - device=98:52:3D:B0:A5:6B, type=3
04-03 21:47:44.419  4948  9076 D BtGatt.GattService: getDeviceType() - device=2C:41:A1:14:BD:E4, type=3
04-03 21:47:44.419  4948  9076 D BtGatt.GattService: getDeviceType() - device=58:D5:0A:49:48:D2, type=1
04-03 21:47:44.419  4948  9076 D BtGatt.GattService: getDeviceType() - device=60:09:C3:F4:63:6C, type=3
04-03 21:47:44.419  4948  9076 D BtGatt.GattService: getDeviceType() - device=78:20:2E:12:52:D2, type=3
04-03 21:47:44.419  4948  9076 D BtGatt.GattService: getDeviceType() - device=08:DF:1F:2C:F8:2B, type=1
04-03 21:47:44.419  4948  9076 D BtGatt.GattService: getDeviceType() - device=6C:5C:3D:3B:7F:B8, type=1
04-03 21:47:44.419  4948  9076 D BtGatt.GattService: getDeviceType() - device=2C:FD:B4:8E:EC:21, type=1
04-03 21:47:44.419  4948  9076 D BtGatt.GattService: getDeviceType() - device=6F:54:CD:39:F8:97, type=1
04-03 21:47:44.420  4948  9076 D BtGatt.GattService: getDeviceType() - device=00:07:80:E0:32:12, type=1
04-03 21:47:44.420  4948  9076 D BtGatt.GattService: getDeviceType() - device=0C:3B:50:86:D5:EF, type=1
04-03 21:47:44.420  4948  9076 D BtGatt.GattService: getDeviceType() - device=60:8A:10:1E:26:D8, type=3
04-03 21:47:44.420  4948  9076 D BtGatt.GattService: getDeviceType() - device=00:0C:8A:BA:02:3C, type=1
04-03 21:47:44.420  4948  9076 D BtGatt.GattService: getDeviceType() - device=90:A3:A3:56:BF:D9, type=1
04-03 21:47:44.420  9055  9343 D BlearnScreenTime: consume_pending_navigation_empty
04-03 21:47:44.421  4948  9076 D BtGatt.GattService: getDeviceType() - device=4C:6B:E8:5C:64:CE, type=3
04-03 21:47:44.421  4948  9076 D BtGatt.GattService: getDeviceType() - device=BD:49:0E:5C:E7:EC, type=1
04-03 21:47:44.421  4948  9076 D BtGatt.GattService: getDeviceType() - device=42:98:76:54:33:8B, type=1
04-03 21:47:44.421  4948  9076 D BtGatt.GattService: getDeviceType() - device=B0:F1:D8:A9:07:6F, type=3
04-03 21:47:44.421  4948  9076 D BtGatt.GattService: getDeviceType() - device=F4:04:4C:00:AC:A5, type=1
04-03 21:47:44.421  4948  9076 D BtGatt.GattService: getDeviceType() - device=98:52:3D:B0:A5:6B, type=3
04-03 21:47:44.421  4948  9076 D BtGatt.GattService: getDeviceType() - device=2C:41:A1:14:BD:E4, type=3
04-03 21:47:44.421  4948  9076 D BtGatt.GattService: getDeviceType() - device=58:D5:0A:49:48:D2, type=1
04-03 21:47:44.421  4948  9076 D BtGatt.GattService: getDeviceType() - device=60:09:C3:F4:63:6C, type=3
04-03 21:47:44.421  4948  9076 D BtGatt.GattService: getDeviceType() - device=78:20:2E:12:52:D2, type=3
04-03 21:47:44.421  4948  9076 D BtGatt.GattService: getDeviceType() - device=08:DF:1F:2C:F8:2B, type=1
04-03 21:47:44.421  4948  9076 D BtGatt.GattService: getDeviceType() - device=6C:5C:3D:3B:7F:B8, type=1
04-03 21:47:44.421  4948  9076 D BtGatt.GattService: getDeviceType() - device=2C:FD:B4:8E:EC:21, type=1
04-03 21:47:44.421  4948  9076 D BtGatt.GattService: getDeviceType() - device=6F:54:CD:39:F8:97, type=1
04-03 21:47:44.421  4948  9076 D BtGatt.GattService: getDeviceType() - device=00:07:80:E0:32:12, type=1
04-03 21:47:44.421  4948  9076 D BtGatt.GattService: getDeviceType() - device=0C:3B:50:86:D5:EF, type=1
04-03 21:47:44.421  4948  9076 D BtGatt.GattService: getDeviceType() - device=60:8A:10:1E:26:D8, type=3
04-03 21:47:44.421  4948  9076 D BtGatt.GattService: getDeviceType() - device=00:0C:8A:BA:02:3C, type=1
04-03 21:47:44.421  4948  9076 D BtGatt.GattService: getDeviceType() - device=90:A3:A3:56:BF:D9, type=1
04-03 21:47:44.422  9055  9055 I Capacitor/Console: File:  - Line 333 - Msg: undefined
04-03 21:47:44.482  6836  7366 I libc    : kill: send 15 to pid 9456 real pid 9456
04-03 21:47:44.483  6836  7366 E PowerKeeper.Thermal: ProcessInfo java.lang.NumberFormatException: For input string: "CPU usage from 120770ms to 82923ms ago (2026-04-03 21"
04-03 21:47:44.674  9055  9055 I Capacitor/Console: File:  - Line 349 - Msg: [object Object]
04-03 21:47:44.675  9055  9055 V Capacitor/Plugin: To native (Capacitor plugin): callbackId: 123318338, pluginId: ScreenTime, methodName: consumePendingNavigation
04-03 21:47:44.675  9055  9055 V Capacitor: callback: 123318338, pluginId: ScreenTime, methodName: consumePendingNavigation, methodData: {}
04-03 21:47:44.683  9055  9343 D BlearnScreenTime: consume_pending_navigation_empty
04-03 21:47:44.685  9055  9055 I Capacitor/Console: File:  - Line 333 - Msg: undefined
04-03 21:47:44.755  1984  3217 I SmartPower: com.google.android.gm/10178(3181): background->idle(3002ms) R(become background) adj=700.
04-03 21:47:44.790  1984  3217 I SmartPower: com.google.android.webview:sandboxed_process0:org.chromium.content.app.SandboxedPrbackground->idle(3083ms) R(service end app.blearn.mobile/org.chromium.content.app.SandboxedProcessService0:0) adj=0.
04-03 21:47:44.936  9055  9055 I Capacitor/Console: File:  - Line 349 - Msg: [object Object]
04-03 21:47:44.938  9055  9055 V Capacitor/Plugin: To native (Capacitor plugin): callbackId: 123318339, pluginId: ScreenTime, methodName: consumePendingNavigation
04-03 21:47:44.938  9055  9055 V Capacitor: callback: 123318339, pluginId: ScreenTime, methodName: consumePendingNavigation, methodData: {}
04-03 21:47:44.946  9055  9343 D BlearnScreenTime: consume_pending_navigation_empty
04-03 21:47:44.947  9055  9055 I Capacitor/Console: File:  - Line 333 - Msg: undefined
04-03 21:47:45.199  9055  9055 I Capacitor/Console: File:  - Line 349 - Msg: [object Object]
04-03 21:47:45.200  9055  9055 V Capacitor/Plugin: To native (Capacitor plugin): callbackId: 123318340, pluginId: ScreenTime, methodName: consumePendingNavigation
04-03 21:47:45.200  9055  9055 V Capacitor: callback: 123318340, pluginId: ScreenTime, methodName: consumePendingNavigation, methodData: {}
04-03 21:47:45.209  9055  9343 D BlearnScreenTime: consume_pending_navigation_empty
04-03 21:47:45.210  9055  9055 I Capacitor/Console: File:  - Line 333 - Msg: undefined
04-03 21:47:45.225  1305  1605 D MI-SF   : mIsSupportAutomodeForMaxFpsSetting is 0(0), getCurrentBrightness() = 49(328), mIsKeepAutoMode 0
04-03 21:47:45.225  1305  1605 D RefreshRateSelector: fixedMode_group: 0, isFindModeGroup 0
04-03 21:47:45.225  1305  1605 D RefreshRateSelector: find max refresh rate:60, mode Group:0
04-03 21:47:45.319  9360  9360 W uiautomator: type=1400 audit(0.0:87028): avc:  denied  { read } for  name="u:object_r:qemu_sf_lcd_density_prop:s0" dev="tmpfs" ino=2415 scontext=u:r:shell:s0 tcontext=u:object_r:qemu_sf_lcd_density_prop:s0 tclass=file permissive=0
04-03 21:47:45.323  9360  9360 W uiautomator: type=1400 audit(0.0:87029): avc:  denied  { read } for  name="u:object_r:qemu_sf_lcd_density_prop:s0" dev="tmpfs" ino=2415 scontext=u:r:shell:s0 tcontext=u:object_r:qemu_sf_lcd_density_prop:s0 tclass=file permissive=0
04-03 21:47:45.323  9360  9360 W libc    : Access denied finding property "qemu.sf.lcd_density"
04-03 21:47:45.323  9360  9360 W libc    : Access denied finding property "qemu.sf.lcd_density"
04-03 21:47:45.340  9360  9360 W AccessibilityNodeInfoDumper: Fetch time: 10ms
04-03 21:47:45.351  1984  5851 W WindowMagnificationMgr: requestConnection duplicated request: connect=false, mConnectionState=DISCONNECTED
04-03 21:47:45.351  1984  5851 D AccessibilityManagerService: restoreCurrentUserForTestAutomationIfNeededLocked(): ignoring because device doesn't support visible background users
04-03 21:47:45.356  9360  9360 D AndroidRuntime: Shutting down VM
04-03 21:47:45.356  1984  1984 W WindowMagnificationMgr: requestConnection duplicated request: connect=false, mConnectionState=DISCONNECTED
04-03 21:47:45.362  1984  1984 D ActivityManager: checkAllowBackground: uid=1000 pkg=android rec=UidRecord{7a85b7b 1000 PER  fgServices change:procadj procs:0 seq(1237270,1234143)} caps=LCMNFU always=false idle=false
04-03 21:47:45.366  8291  8291 I SafetyCenterAccessibilityListener: accessibility event occurred, safety center feature not enabled.
04-03 21:47:45.366  1984  1984 D AS.AudioService: Accessibility volume enabled = false
04-03 21:47:45.367  9055  9055 D BlearnAccessibility: service connected
04-03 21:47:45.461  9055  9055 I Capacitor/Console: File:  - Line 349 - Msg: [object Object]
04-03 21:47:45.462  9055  9055 V Capacitor/Plugin: To native (Capacitor plugin): callbackId: 123318341, pluginId: ScreenTime, methodName: consumePendingNavigation
04-03 21:47:45.462  9055  9055 V Capacitor: callback: 123318341, pluginId: ScreenTime, methodName: consumePendingNavigation, methodData: {}
04-03 21:47:45.470  9055  9343 D BlearnScreenTime: consume_pending_navigation_empty
04-03 21:47:45.471  1107  5516 I vendor.qti.bluetooth@1.0-ibs_handler: ProcessIbsCmd: Received IBS_WAKE_IND: 0xFD
04-03 21:47:45.471  1107  5516 D vendor.qti.bluetooth@1.0-ibs_handler: SerialClockVote: vote for UART CLK ON
04-03 21:47:45.471  9055  9055 I Capacitor/Console: File:  - Line 333 - Msg: undefined
04-03 21:47:45.471  1107  5516 D vendor.qti.bluetooth@1.0-wake_lock: Acquire wakelock is acquired 
04-03 21:47:45.471  1107  5516 I vendor.qti.bluetooth@1.0-ibs_handler: ProcessIbsCmd: Writing IBS_WAKE_ACK
04-03 21:47:45.472  4948  5520 I bt_stack: [INFO:btm_ble_gap.cc(3528)] btm_ble_process_adv_pkt_cont Data Complete a9:8f:94:f2:0f:46
04-03 21:47:45.476  1984  5851 W ContentProviderHelper: No provider info for content provider com.miui.personalassistant.servicedeliver.system.provider when providerRunning is false, caller is ProcessRecord{f298e09 4042:com.mi.android.globallauncher/u0a82}
04-03 21:47:45.476  4042 22416 E ActivityThread: Failed to find provider info for com.miui.personalassistant.servicedeliver.system.provider
04-03 21:47:45.479  1984  3217 I SmartPower: com.mi.globalminusscreen/10337(15859): background->idle(72988ms) R(adj below visible) adj=100.
04-03 21:47:45.479  4042 22416 E ServiceDeliveryCompat: isSupportServiceDelivery
04-03 21:47:45.479  4042 22416 E ServiceDeliveryCompat: java.lang.IllegalArgumentException: Unknown authority com.miui.personalassistant.servicedeliver.system.provider
04-03 21:47:45.479  4042 22416 E ServiceDeliveryCompat: 	at android.content.ContentResolver.call(ContentResolver.java:2466)
04-03 21:47:45.479  4042 22416 E ServiceDeliveryCompat: 	at android.content.ContentResolver.call(ContentResolver.java:2449)
04-03 21:47:45.479  4042 22416 E ServiceDeliveryCompat: 	at com.miui.home.launcher.servicedeliver.ServiceDeliveryUtils.isSupportServiceDelivery(ServiceDeliveryUtils.kt:28)
04-03 21:47:45.479  4042 22416 E ServiceDeliveryCompat: 	at com.miui.home.launcher.servicedeliver.ServiceDeliveryReplaceHelper.lambda$tryReplaceToServiceDelivery$1(ServiceDeliveryReplaceHelper.java:67)
04-03 21:47:45.479  4042 22416 E ServiceDeliveryCompat: 	at com.miui.home.launcher.servicedeliver.ServiceDeliveryReplaceHelper.$r8$lambda$WUWmthv-UjITX40FJ8ag1YKl6O8(Unknown Source:0)
04-03 21:47:45.479  4042 22416 E ServiceDeliveryCompat: 	at com.miui.home.launcher.servicedeliver.ServiceDeliveryReplaceHelper$$ExternalSyntheticLambda1.run(Unknown Source:2)
04-03 21:47:45.479  4042 22416 E ServiceDeliveryCompat: 	at java.util.concurrent.Executors$RunnableAdapter.call(Executors.java:520)
04-03 21:47:45.479  4042 22416 E ServiceDeliveryCompat: 	at java.util.concurrent.FutureTask.run(FutureTask.java:317)
04-03 21:47:45.479  4042 22416 E ServiceDeliveryCompat: 	at java.util.concurrent.ThreadPoolExecutor.runWorker(ThreadPoolExecutor.java:1154)
04-03 21:47:45.479  4042 22416 E ServiceDeliveryCompat: 	at java.util.concurrent.ThreadPoolExecutor$Worker.run(ThreadPoolExecutor.java:652)
04-03 21:47:45.479  4042 22416 E ServiceDeliveryCompat: 	at java.lang.Thread.run(Thread.java:1563)
04-03 21:47:45.479  4042 22416 I ServiceDeliveryReplaceHelper: tryReplaceToDelivery: isSupportServiceDelivery false
04-03 21:47:45.496  1984  4105 D SLM-SRV-SLAService: checktemp temperature = 24495 temperature_average = 24330 isPerformanceMode = false thermal_enable_slm = true
04-03 21:47:45.512  1107  5516 I vendor.qti.bluetooth@1.0-ibs_handler: ProcessIbsCmd: Received IBS_SLEEP_IND: 0xFE
04-03 21:47:45.512  1107  5516 D vendor.qti.bluetooth@1.0-ibs_handler: SerialClockVote: vote for UART CLK OFF
04-03 21:47:45.662  1107  5258 D vendor.qti.bluetooth@1.0-wake_lock: Release wakelock is released 
04-03 21:47:45.723  9055  9055 I Capacitor/Console: File:  - Line 349 - Msg: [object Object]
04-03 21:47:45.724  9055  9055 V Capacitor/Plugin: To native (Capacitor plugin): callbackId: 123318342, pluginId: ScreenTime, methodName: consumePendingNavigation
04-03 21:47:45.724  9055  9055 V Capacitor: callback: 123318342, pluginId: ScreenTime, methodName: consumePendingNavigation, methodData: {}
04-03 21:47:45.732  9055  9343 D BlearnScreenTime: consume_pending_navigation_empty
04-03 21:47:45.734  9055  9055 I Capacitor/Console: File:  - Line 333 - Msg: undefined
04-03 21:47:45.985  9055  9055 I Capacitor/Console: File:  - Line 349 - Msg: [object Object]
04-03 21:47:45.985  9055  9055 V Capacitor/Plugin: To native (Capacitor plugin): callbackId: 123318343, pluginId: ScreenTime, methodName: consumePendingNavigation
04-03 21:47:45.985  9055  9055 V Capacitor: callback: 123318343, pluginId: ScreenTime, methodName: consumePendingNavigation, methodData: {}
04-03 21:47:45.987  9055  9343 D BlearnScreenTime: consume_pending_navigation_empty
04-03 21:47:45.988  9055  9055 I Capacitor/Console: File:  - Line 333 - Msg: undefined
04-03 21:47:46.191  9360  9360 I DoViGenericTag: Logger Terminated
04-03 21:47:46.239  9055  9055 I Capacitor/Console: File:  - Line 349 - Msg: [object Object]
04-03 21:47:46.241  9055  9055 V Capacitor/Plugin: To native (Capacitor plugin): callbackId: 123318344, pluginId: ScreenTime, methodName: consumePendingNavigation
04-03 21:47:46.241  9055  9055 V Capacitor: callback: 123318344, pluginId: ScreenTime, methodName: consumePendingNavigation, methodData: {}
04-03 21:47:46.249  9055  9343 D BlearnScreenTime: consume_pending_navigation_empty
04-03 21:47:46.251  9055  9055 I Capacitor/Console: File:  - Line 333 - Msg: undefined
04-03 21:47:46.294  1984  3041 W ActivityManagerServiceImpl: Sending non-protected broadcast miui.extm.action.mark from system uid 1000 pkg android. Callers=com.android.server.am.ActivityManagerService.checkBroadcastFromSystem:15246 com.android.server.am.ActivityManagerService.broadcastIntentLockedTraced:16076 com.android.server.am.ActivityManagerService.broadcastIntentLocked:15304 com.android.server.am.ActivityManagerService.broadcastIntentInPackage:16309 com.android.server.am.ActivityManagerService$LocalService.broadcastIntentInPackage:19055 
04-03 21:47:46.294  1984  3041 D AlarmManager: mBroadcastRefCount -> 1
04-03 21:47:46.303  1984  1984 I ExtM    : mark duration up to 2m , try to mark.
04-03 21:47:46.303  1984  1984 D MFZ     : Start Mark
04-03 21:47:46.303  1984  3764 D ExtM    : Start marking ...
04-03 21:47:46.304  1984  3764 W ExtM    : Mark thread start 
04-03 21:47:46.316   677  9461 D vold    : mark task started
04-03 21:47:46.319  9462  9462 D vold    :  mark Pid = 9462
04-03 21:47:46.319  9462  9462 E vold    : maxCpuFreq=2400000
04-03 21:47:46.320  9462  9462 E vold    : maxCpuFreq=2400000
04-03 21:47:46.320  9462  9462 D vold    : set cpu affinity policy success
04-03 21:47:46.335  9055  9270 E p.blearn.mobile: FrameInsert open fail: No such file or directory
04-03 21:47:46.348  1305  1305 D MI-SF   : mIsSupportAutomodeForMaxFpsSetting is 0(0), getCurrentBrightness() = 49(328), mIsKeepAutoMode 0
04-03 21:47:46.348  1305  1305 D RefreshRateSelector: fixedMode_group: 0, isFindModeGroup 0
04-03 21:47:46.348  1305  1305 D RefreshRateSelector: find max refresh rate:60, mode Group:0
04-03 21:47:46.348  1305  1305 D MI-SF   : mIsSupportAutomodeForMaxFpsSetting is 0(0), getCurrentBrightness() = 49(328), mIsKeepAutoMode 0
04-03 21:47:46.349  1305  1305 D RefreshRateSelector: fixedMode_group: 0, isFindModeGroup 0
04-03 21:47:46.349  1305  1305 D RefreshRateSelector: find max refresh rate:60, mode Group:0
04-03 21:47:46.349  1305  1305 D RefreshRateSelector: ForceSkipIdleTimer - choose 60.00 Hz
04-03 21:47:46.364  1984  1984 D MFZ     : Mark Finshed ! idle_stats: 4376 488 2159 7851 2 373 1067 0 20 50157
04-03 21:47:46.365  1984  1984 D ActivityManager: checkAllowBackground: uid=1000 pkg=android rec=UidRecord{7a85b7b 1000 PER  fgServices allowlist change:procadj procs:0 seq(1237366,1234143)} caps=LCMNFU always=false idle=false
04-03 21:47:46.365  1984  1984 E FileUtils: err write to mi_exception_log
04-03 21:47:46.365  1984  1984 D AlarmManager: mBroadcastRefCount -> 0
04-03 21:47:46.366  1984  1984 D AlarmManager: mPendingIntent -> PendingIntent{8e5ad0b: PendingIntentRecord{60637e8 android broadcastIntent}}
04-03 21:47:46.422  9055  9055 D BlearnAccessibility: event: app.blearn.mobile type=2048
04-03 21:47:46.422  9055  9055 D BlearnAccessibility: skip: own package
04-03 21:47:46.422  9055  9055 D BlearnAccessibility: event: app.blearn.mobile type=2048
04-03 21:47:46.422  9055  9055 D BlearnAccessibility: skip: own package
04-03 21:47:46.422  9055  9055 D BlearnAccessibility: skip: missing package
04-03 21:47:46.437  1894  1894 I wificond: station_bandwidth: 
04-03 21:47:46.440  9462  9462 D vold    :  success write all > /sys/block/zram0/idle
04-03 21:47:46.444  9868 10000 W Settings: Setting device_provisioned has moved from android.provider.Settings.Secure to android.provider.Settings.Global.
04-03 21:47:46.444  1984  4043 I NetworkBoostStatusManager: handle: 102
04-03 21:47:46.444  1984  4043 I NetworkBoostStatusManager: interfaceOnCapabilitiesChanged interface name:wlan0
04-03 21:47:46.444  9868 10000 I JoyoseCloudControlManager3: network metered changed, network metered: false, deviceProvisioned: true, scAllowConn: true, try to setNetworkAccessEnabled: true
04-03 21:47:46.445  1984  4043 I NetworkBoostStatusManager: handle: 104
04-03 21:47:46.444  6875  7568 I NetBusNetworkMonitor: onCapabilitiesChanged isPrimary = true
04-03 21:47:46.445  1984  4043 I NetworkBoostStatusManager: SmartDNS onAvailable WIFI master.
04-03 21:47:46.445  1984  4043 I NetworkBoostStatusManager: SmartDNS push DnsReslover a relationship, netid 159 name "Flybox-82C9"
04-03 21:47:46.445  6875  7568 I NetBusNetworkMonitor: gateway=192.*.*.1
04-03 21:47:46.445  1984  4043 W System.err: java.lang.NoSuchMethodException: android.net.ConnectivityManager.setResloverInterfaceIdAndNetid [int, class java.lang.String]
04-03 21:47:46.446  1984  4043 W System.err: 	at java.lang.Class.getMethod(Class.java:2934)
04-03 21:47:46.446  1984  4043 W System.err: 	at java.lang.Class.getDeclaredMethod(Class.java:2913)
04-03 21:47:46.446  1984  4043 W System.err: 	at com.xiaomi.NetworkBoost.StatusManager.setResloverInterfaceIdAndNetid(StatusManager.java:1651)
04-03 21:47:46.446  1984  4043 W System.err: 	at com.xiaomi.NetworkBoost.StatusManager.setSmartDNSInterface(StatusManager.java:1616)
04-03 21:47:46.446  1984  4043 W System.err: 	at com.xiaomi.NetworkBoost.StatusManager.-$$Nest$msetSmartDNSInterface(Unknown Source:0)
04-03 21:47:46.446  1984  4043 W System.err: 	at com.xiaomi.NetworkBoost.StatusManager$InternalHandler.handleMessage(StatusManager.java:591)
04-03 21:47:46.446  1984  4043 W System.err: 	at android.os.Handler.dispatchMessage(Handler.java:106)
04-03 21:47:46.446  1984  4043 W System.err: 	at android.os.Looper.loopOnce(Looper.java:222)
04-03 21:47:46.446  1984  4043 W System.err: 	at android.os.Looper.loop(Looper.java:314)
04-03 21:47:46.446  1984  4043 W System.err: 	at android.os.HandlerThread.run(HandlerThread.java:67)
04-03 21:47:46.449  7255  7299 D WM-WorkConstraintsTrack: NetworkRequestConstraintController onCapabilitiesChanged callback
04-03 21:47:46.452 26986 27073 I BugleRcsEngine: handleMessage processing message:[NOTIFY_UPTIME_IGNORE_STATE_CHANGED] with [non-null]:RcsEngineImpl reference [CONTEXT log_prefix="RcsEngineImpl[DUAL_REG]:[c8166305-85bb]>Handler" thread_id=196 ]
04-03 21:47:46.453 26986 27073 I BugleRcsEngine: Cannot use CS.apk as it's battery optimized [CONTEXT thread_id=196 ]
04-03 21:47:46.453 26986 27038 I BugleRcsEngine: Connected state: [1], networkType: [WIFI] [CONTEXT thread_id=189 ]
04-03 21:47:46.454  1984  5907 I ClipboardServiceI: checkProviderWakePathForClipboard: primaryClip is null
04-03 21:47:46.454  1984  5907 I SmartPower: com.google.android.apps.messaging/10167(27045): idle->background(9049ms) R(content provider start ContentProviderRecord{49761bc u0 com.google.android.apps.messaging/.shared.datamodel.provider.sharedstorage.SharedStorageProvider}) adj=200.
04-03 21:47:46.455  6875  7568 I NetBusNetworkMonitor: addConnectNetworkInterface mediumType:256, detail:NetworkDetailInfo{mIsConnected=false, mIsSupportTdls=true, mNetworkType=0, mIpAddress=192.*.*.140, mIfName=wlan0, mGateway=192.*.*.1, mNetmask=255.*.*.0, mSsid=F**C9}
04-03 21:47:46.455  6875  7568 I NetBusNetworkMonitor: onCapabilitiesChanged handle=686305497101, mediumType=256, ifName=wlan0
04-03 21:47:46.459  1984  3217 I SmartPower: com.google.android.webview:sandboxed_process0:org.chromium.content.app.SandboxedPrbackground->idle(5790ms) R(adj below visible) adj=700.
04-03 21:47:46.460 26986 27073 I BugleRcsEngine: Rcs is enabled from user settings: true [CONTEXT log_prefix="ProvisioningEngineDataRetriever" thread_id=196 ]
04-03 21:47:46.502  9055  9055 I Capacitor/Console: File:  - Line 349 - Msg: [object Object]
04-03 21:47:46.503  9055  9055 V Capacitor/Plugin: To native (Capacitor plugin): callbackId: 123318345, pluginId: ScreenTime, methodName: consumePendingNavigation
04-03 21:47:46.503  9055  9055 V Capacitor: callback: 123318345, pluginId: ScreenTime, methodName: consumePendingNavigation, methodData: {}
04-03 21:47:46.511  9055  9343 D BlearnScreenTime: consume_pending_navigation_empty
04-03 21:47:46.512  9055  9055 I Capacitor/Console: File:  - Line 333 - Msg: undefined
04-03 21:47:46.764  9055  9055 I Capacitor/Console: File:  - Line 349 - Msg: [object Object]
04-03 21:47:46.765  9055  9055 V Capacitor/Plugin: To native (Capacitor plugin): callbackId: 123318346, pluginId: ScreenTime, methodName: consumePendingNavigation
04-03 21:47:46.765  9055  9055 V Capacitor: callback: 123318346, pluginId: ScreenTime, methodName: consumePendingNavigation, methodData: {}
04-03 21:47:46.774  9055  9343 D BlearnScreenTime: consume_pending_navigation_empty
04-03 21:47:46.776  9055  9055 I Capacitor/Console: File:  - Line 333 - Msg: undefined
04-03 21:47:46.819   677  9461 D vold    : mark process has been finished in normal with status: 0
04-03 21:47:46.819   677  9461 D vold    :  listener->onFinished 
04-03 21:47:46.819  1984  5907 W ExtM    : Mark finished with status: 0
04-03 21:47:46.949 16129  4094 I NearbySharing: Network state changed: NetworkState(isRestricted=false, isOnline=true, isCongested=false, isMetered=false, isWifiConnected=true)
04-03 21:47:47.027  9055  9055 I Capacitor/Console: File:  - Line 349 - Msg: [object Object]
04-03 21:47:47.028  9055  9055 V Capacitor/Plugin: To native (Capacitor plugin): callbackId: 123318347, pluginId: ScreenTime, methodName: consumePendingNavigation
04-03 21:47:47.028  9055  9055 V Capacitor: callback: 123318347, pluginId: ScreenTime, methodName: consumePendingNavigation, methodData: {}
04-03 21:47:47.036  9055  9343 D BlearnScreenTime: consume_pending_navigation_empty
04-03 21:47:47.038  9055  9055 I Capacitor/Console: File:  - Line 333 - Msg: undefined
04-03 21:47:47.241 16219 16219 D BoundBrokerSvc: onUnbind: Intent { act=com.google.android.gms.people.service.START pkg=com.google.android.gms }
04-03 21:47:47.243 16219 16219 D BoundBrokerSvc: onUnbind: Intent { act=com.google.android.gms.feedback.internal.IFeedbackService pkg=com.google.android.gms }
04-03 21:47:47.289  9055  9055 I Capacitor/Console: File:  - Line 349 - Msg: [object Object]
04-03 21:47:47.291  9055  9055 V Capacitor/Plugin: To native (Capacitor plugin): callbackId: 123318348, pluginId: ScreenTime, methodName: consumePendingNavigation
04-03 21:47:47.291  9055  9055 V Capacitor: callback: 123318348, pluginId: ScreenTime, methodName: consumePendingNavigation, methodData: {}
04-03 21:47:47.299  9055  9343 D BlearnScreenTime: consume_pending_navigation_empty
04-03 21:47:47.300  9055  9055 I Capacitor/Console: File:  - Line 333 - Msg: undefined
04-03 21:47:47.305 31918   558 I efti    : (REDACTED) appOpsListener %s %s
04-03 21:47:47.305 31918   558 I efti    : (REDACTED) Ignoring irrelevant audio permission changes for package %s
04-03 21:47:47.420  9055  9055 D BlearnAccessibility: event: app.blearn.mobile type=2048
04-03 21:47:47.420  9055  9055 D BlearnAccessibility: skip: own package
04-03 21:47:47.420  9055  9055 D BlearnAccessibility: event: app.blearn.mobile type=2048
04-03 21:47:47.420  9055  9055 D BlearnAccessibility: skip: own package
04-03 21:47:47.420  9055  9055 D BlearnAccessibility: skip: missing package
04-03 21:47:47.521  1984  3116 D MiuiNetworkPolicy: updateLimit mLimitEnabled=false,enabled=true,mNetworkPriorityMode=0,mThermalForceMode=0
04-03 21:47:47.521  1984  3116 I MiuiNetworkPolicy: getEnableLimitTimeout when thermal mode is:0
04-03 21:47:47.552  9055  9055 I Capacitor/Console: File:  - Line 349 - Msg: [object Object]
04-03 21:47:47.553  9055  9055 V Capacitor/Plugin: To native (Capacitor plugin): callbackId: 123318349, pluginId: ScreenTime, methodName: consumePendingNavigation
04-03 21:47:47.553  9055  9055 V Capacitor: callback: 123318349, pluginId: ScreenTime, methodName: consumePendingNavigation, methodData: {}
04-03 21:47:47.561  9055  9343 D BlearnScreenTime: consume_pending_navigation_empty
04-03 21:47:47.563  9055  9055 I Capacitor/Console: File:  - Line 333 - Msg: undefined
04-03 21:47:47.814  9055  9055 I Capacitor/Console: File:  - Line 349 - Msg: [object Object]
04-03 21:47:47.816  9055  9055 V Capacitor/Plugin: To native (Capacitor plugin): callbackId: 123318350, pluginId: ScreenTime, methodName: consumePendingNavigation
04-03 21:47:47.816  9055  9055 V Capacitor: callback: 123318350, pluginId: ScreenTime, methodName: consumePendingNavigation, methodData: {}
04-03 21:47:47.824  9055  9343 D BlearnScreenTime: consume_pending_navigation_empty
04-03 21:47:47.825  9055  9055 I Capacitor/Console: File:  - Line 333 - Msg: undefined
04-03 21:47:48.076  9055  9055 I Capacitor/Console: File:  - Line 349 - Msg: [object Object]
04-03 21:47:48.078  9055  9055 V Capacitor/Plugin: To native (Capacitor plugin): callbackId: 123318351, pluginId: ScreenTime, methodName: consumePendingNavigation
04-03 21:47:48.078  9055  9055 V Capacitor: callback: 123318351, pluginId: ScreenTime, methodName: consumePendingNavigation, methodData: {}
04-03 21:47:48.086  9055  9343 D BlearnScreenTime: consume_pending_navigation_empty
04-03 21:47:48.088  9055  9055 I Capacitor/Console: File:  - Line 333 - Msg: undefined
04-03 21:47:48.132  9465  9465 W BpBinder: Linking to death on android.gui.ISurfaceComposer but there are no threads (yet?) listening to incoming transactions. See ProcessState::startThreadPool and ProcessState::setThreadPoolMaxThreadCount. Generally you should setup the binder threadpool before other initialization steps.
04-03 21:47:48.132  9465  9465 W ProcessState: Extra binder thread started, but 0 threads requested. Do not use *startThreadPool when zero threads are requested.
04-03 21:47:48.340  9055  9055 I Capacitor/Console: File:  - Line 349 - Msg: [object Object]
04-03 21:47:48.341  9055  9055 V Capacitor/Plugin: To native (Capacitor plugin): callbackId: 123318352, pluginId: ScreenTime, methodName: consumePendingNavigation
04-03 21:47:48.341  9055  9055 V Capacitor: callback: 123318352, pluginId: ScreenTime, methodName: consumePendingNavigation, methodData: {}
04-03 21:47:48.342  9055  9343 D BlearnScreenTime: consume_pending_navigation_empty
04-03 21:47:48.344  9055  9055 I Capacitor/Console: File:  - Line 333 - Msg: undefined
04-03 21:47:48.422  9055  9055 D BlearnAccessibility: event: app.blearn.mobile type=2048
04-03 21:47:48.422  9055  9055 D BlearnAccessibility: skip: own package
04-03 21:47:48.422  9055  9055 D BlearnAccessibility: event: app.blearn.mobile type=2048
04-03 21:47:48.422  9055  9055 D BlearnAccessibility: skip: own package
04-03 21:47:48.422  9055  9055 D BlearnAccessibility: skip: missing package
04-03 21:47:48.543  9465  9465 I DoViGenericTag: Logger Terminated
04-03 21:47:48.575  1984  2283 W ProcessStats: Tracking association SourceState{bcf99ec com.miui.securitycenter.remote/1000 Fgs #224611} whose proc state 3 is better than process ProcessState{72c5ee8 com.miui.analytics/10094 pkg=com.miui.analytics} proc state 5 (788 skipped)
04-03 21:47:48.595  9055  9055 I Capacitor/Console: File:  - Line 349 - Msg: [object Object]
04-03 21:47:48.596  9055  9055 V Capacitor/Plugin: To native (Capacitor plugin): callbackId: 123318353, pluginId: ScreenTime, methodName: consumePendingNavigation
04-03 21:47:48.597  9055  9055 V Capacitor: callback: 123318353, pluginId: ScreenTime, methodName: consumePendingNavigation, methodData: {}
04-03 21:47:48.605  9055  9343 D BlearnScreenTime: consume_pending_navigation_empty
04-03 21:47:48.608  9055  9055 I Capacitor/Console: File:  - Line 333 - Msg: undefined
04-03 21:47:48.665  9469  9469 D AndroidRuntime: >>>>>> START com.android.internal.os.RuntimeInit uid 2000 <<<<<<
04-03 21:47:48.668  9469  9469 I AndroidRuntime: Using default boot image
04-03 21:47:48.668  9469  9469 I AndroidRuntime: Leaving lock profiling enabled
04-03 21:47:48.671  9469  9469 I app_process: Using CollectorTypeCC GC.
04-03 21:47:48.733  9469  9469 D nativeloader: InitDefaultPublicLibraries for_preload=1: libandroid.so:libaaudio.so:libamidi.so:libbinder_ndk.so:libc.so:libcamera2ndk.so:libdl.so:libEGL.so:libGLESv1_CM.so:libGLESv2.so:libGLESv3.so:libicu.so:libicui18n.so:libicuuc.so:libjnigraphics.so:liblog.so:libmediandk.so:libm.so:libnativehelper.so:libnativewindow.so:libOpenMAXAL.so:libOpenSLES.so:libRS.so:libstdc++.so:libsync.so:libvulkan.so:libwebviewchromium_plat_support.so:libz.so
04-03 21:47:48.742  9469  9469 D nativeloader: Load libicu_jni.so using APEX ns com_android_art for caller /apex/com.android.art/javalib/core-oj.jar: ok
04-03 21:47:48.743  9469  9469 D app_process: Time zone APEX ICU file found: /apex/com.android.tzdata/etc/icu/icu_tzdata.dat
04-03 21:47:48.743  9469  9469 D app_process: I18n APEX ICU file found: /apex/com.android.i18n/etc/icu/icudt72l.dat
04-03 21:47:48.743  9469  9469 D nativeloader: Load libjavacore.so using APEX ns com_android_art for caller /apex/com.android.art/javalib/core-oj.jar: ok
04-03 21:47:48.744  9469  9469 D nativeloader: Load libopenjdk.so using APEX ns com_android_art for caller /apex/com.android.art/javalib/core-oj.jar: ok
04-03 21:47:48.745  9469  9469 I app_process: Priority-to-niceness mapping: 19, 16, 13, 10, 0, -2, -4, -5, -6, -8
04-03 21:47:48.768  9469  9469 W libc    : Access denied finding property "ro.product.name_for_attestation"
04-03 21:47:48.768  9469  9469 W libc    : Access denied finding property "ro.product.device_for_attestation"
04-03 21:47:48.768  9469  9469 W libc    : Access denied finding property "ro.product.manufacturer_for_attestation"
04-03 21:47:48.768  9469  9469 W libc    : Access denied finding property "ro.product.brand_for_attestation"
04-03 21:47:48.768  9469  9469 W libc    : Access denied finding property "ro.product.model_for_attestation"
04-03 21:47:48.767  9469  9469 W main    : type=1400 audit(0.0:87030): avc:  denied  { read } for  name="u:object_r:build_attestation_prop:s0" dev="tmpfs" ino=2229 scontext=u:r:shell:s0 tcontext=u:object_r:build_attestation_prop:s0 tclass=file permissive=0
04-03 21:47:48.767  9469  9469 W main    : type=1400 audit(0.0:87031): avc:  denied  { read } for  name="u:object_r:build_attestation_prop:s0" dev="tmpfs" ino=2229 scontext=u:r:shell:s0 tcontext=u:object_r:build_attestation_prop:s0 tclass=file permissive=0
04-03 21:47:48.767  9469  9469 W main    : type=1400 audit(0.0:87032): avc:  denied  { read } for  name="u:object_r:build_attestation_prop:s0" dev="tmpfs" ino=2229 scontext=u:r:shell:s0 tcontext=u:object_r:build_attestation_prop:s0 tclass=file permissive=0
04-03 21:47:48.767  9469  9469 W main    : type=1400 audit(0.0:87033): avc:  denied  { read } for  name="u:object_r:build_attestation_prop:s0" dev="tmpfs" ino=2229 scontext=u:r:shell:s0 tcontext=u:object_r:build_attestation_prop:s0 tclass=file permissive=0
04-03 21:47:48.767  9469  9469 W main    : type=1400 audit(0.0:87034): avc:  denied  { read } for  name="u:object_r:build_attestation_prop:s0" dev="tmpfs" ino=2229 scontext=u:r:shell:s0 tcontext=u:object_r:build_attestation_prop:s0 tclass=file permissive=0
04-03 21:47:48.768  9469  9469 W libc    : Access denied finding property "ro.vendor.mi_fake_32bit_support"
04-03 21:47:48.769  9469  9469 D nativeloader: Load libframework-connectivity-tiramisu-jni.so using APEX ns com_android_tethering for caller /apex/com.android.tethering/javalib/framework-connectivity-t.jar: ok
04-03 21:47:48.769  9469  9469 D AndroidRuntime: Calling main entry com.android.commands.uiautomator.Launcher
04-03 21:47:48.773  9469  9481 W MiuiStubRegistry: Failed to collect stub providers in com.miui.autoui.MIUIAutoUIStub$$: /system_ext/framework/miui-framework.autoui.jar not exist
04-03 21:47:48.773  9469  9481 W MiuiStubRegistry: Failed to collect stub providers in android.hovermode.MiuiHoverModeStub$$: /system_ext/framework/miui-framework.hovermode.jar not exist
04-03 21:47:48.774  9469  9481 W MiuiStubRegistry: Failed to collect stub providers
04-03 21:47:48.774  9469  9481 W MiuiStubRegistry: java.lang.ClassNotFoundException: android.net.wifi.CarOsSystemServiceRegistryStubManifest$$
04-03 21:47:48.774  9469  9481 W MiuiStubRegistry: 	at java.lang.Class.classForName(Native Method)
04-03 21:47:48.774  9469  9481 W MiuiStubRegistry: 	at java.lang.Class.forName(Class.java:591)
04-03 21:47:48.774  9469  9481 W MiuiStubRegistry: 	at com.miui.base.MiuiStubRegistry.collectStubProviders(MiuiStubRegistry.java:149)
04-03 21:47:48.774  9469  9481 W MiuiStubRegistry: 	at com.miui.base.MiuiStubRegistry.init(MiuiStubRegistry.java:82)
