04-03 21:47:42.251  4913  4913 I AndroidIME: LatinIMEBase.updateInputViewCoverNavigation():312 Update input view padding, isNavbarOverInputWindow=false, bottom inset=130
04-03 21:47:42.251  9372  9372 D CompatibilityChangeReporter: Compat change id reported: 242716250; UID 10087; state: ENABLED
04-03 21:47:42.251  1984  3194 D isUidValid: uid = 10087
04-03 21:47:42.253  1984  4082 I WindowManager: cancelAnimation removed leash : Surface(name=Surface(name=70eda56 InputMethod#108)/@0xeb75fc4 - animation-leash of insets_animation#14206)/@0xb488d8b
04-03 21:47:42.254  4913  4913 I Module  : DeviceLockedStatusModuleProvider$Module.updateDeviceLockedStatus():103 repeatCheckTimes = 1, locked = false
04-03 21:47:42.263  1984  3116 I MiuiNetworkPolicy: updateUidState uid = 10166, uidState = 19
04-03 21:47:42.266  1984  5851 W PackageConfigPersister: App-specific configuration not found for packageName: app.blearn.mobile and userId: 0
04-03 21:47:42.274  1984  6633 D CompatibilityChangeReporter: Compat change id reported: 170503758; UID 10087; state: ENABLED
04-03 21:47:42.277  3181  3181 D ActivityThread: Fail to check app heapsize due to java.lang.NoSuchMethodException: dalvik.system.VMRuntime.getBlockingGcCountForAlloc []
04-03 21:47:42.280  9360  9360 I AndroidRuntime: Using default boot image
04-03 21:47:42.280  9360  9360 I AndroidRuntime: Leaving lock profiling enabled
04-03 21:47:42.294  9055  9055 I cr_A11yState: Enabled accessibility services list updated. [app.blearn.mobile/.ScreenTimeAccessibilityService]
04-03 21:47:42.301  1984  2260 D Aurogon :  uid = 10178 switch to BG
04-03 21:47:42.301  1984  3194 D isUidValid: uid = 10178
04-03 21:47:42.304  7002  7025 D PMonitor:  onForegroundActivitiesChanged:pid = 3181,activity-uid=10178,foregroundActivities=false
04-03 21:47:42.304  4948  9076 D MiuiBluetoothLatencyMode: onForegroundActivitiesChanged, pid: 3181 uid: 10178 foregroundActivities: false
04-03 21:47:42.305  9055  9055 I cr_A11yState: Informing listeners of changes.
04-03 21:47:42.305  9055  9055 I cr_A11yState: New AccessibilityState: State{isComplexUserInteractionServiceEnabled=false, isTouchExplorationEnabled=false, isPerformGesturesEnabled=false, isAnyAccessibilityServiceEnabled=true, isAccessibilityToolPresent=false, isTextShowPasswordEnabled=true, isOnlyAutofillRunning=false, isOnlyPasswordManagersEnabled=true, isKnownScreenReaderEnabled=false}
04-03 21:47:42.307  9055  9055 E FileUtils: err write to mi_exception_log
04-03 21:47:42.311  1984  3116 I MiuiNetworkPolicy: updateUidState uid = 99160, uidState = 15
04-03 21:47:42.311  1984  3116 I MiuiNetworkPolicy: updateUidState uid = 10178, uidState = 15
04-03 21:47:42.317  9372  9372 D nativeloader: Configuring clns-4 for other apk /system_ext/framework/miui-cameraopt.jar. target_sdk_version=34, uses_libraries=ALL, library_path=/product/priv-app/MiuiCamera/lib/arm64:/product/priv-app/MiuiCamera/MiuiCamera.apk!/lib/arm64-v8a, permitted_path=/data:/mnt/expand:/data/user/0/com.android.camera
04-03 21:47:42.318  9372  9372 D nativeloader: Extending system_exposed_libraries: libbinauralrenderer_wrapper.qti.so:libhoaeffects.qti.so:libQOC.qti.so:libmisys_jni.xiaomi.so:libpag.hyperos.so:libffavc.hyperos.so:libxiaomi_modemdumpsdx55_jni.modem.so:libxiaomi_modemdump_jni.modem.so:libmodemsmartengine_jni.modem.so:libupdateprof.qti.so:libthermalclient.qti.so:libQOC.qti.so:libdiag_system.qti.so:libqape.qti.so:libqesdk_ndk_platform.qti.so:liblistenjni.qti.so
04-03 21:47:42.325  9360  9360 I app_process: Using CollectorTypeCC GC.
04-03 21:47:42.331  3986  3986 D Utilities:  oldHints : 0 backDisposition : 0 imeShown : false hints 0
04-03 21:47:42.338  1305  1305 W Layer   : gatherBufferInfo: Received unknown dataspace from gralloc
04-03 21:47:42.351  9055  9339 W VideoCapabilities: Unrecognized profile/level 0/3 for video/mpeg2
04-03 21:47:42.352  9055  9339 W VideoCapabilities: Unrecognized profile/level 0/3 for video/mpeg2
04-03 21:47:42.358  9055  9339 W VideoCapabilities: Unsupported mime image/vnd.android.heic
04-03 21:47:42.358  9055  9339 W VideoCapabilities: Unsupported mime image/vnd.android.heic
04-03 21:47:42.359  9055  9339 W VideoCapabilities: Unsupported mime video/dolby-vision
04-03 21:47:42.360  9055  9339 W VideoCapabilities: Unsupported mime video/dolby-vision
04-03 21:47:42.363  9055  9055 D BlearnAccessibility: event: app.blearn.mobile type=32
04-03 21:47:42.364  9055  9055 D BlearnAccessibility: skip: own package during handoff
04-03 21:47:42.377  9055  9339 W cr_VAUtil: Unknown level: 2048 for profile 32 of codec video/dolby-vision
04-03 21:47:42.377  9055  9339 W cr_VAUtil: Unknown profile: 16 for codec video/dolby-vision
04-03 21:47:42.377  9055  9339 W cr_VAUtil: Unknown level: 2048 for profile 256 of codec video/dolby-vision
04-03 21:47:42.378  9055  9339 W cr_VAUtil: Unknown level: 2048 for profile 32 of codec video/dolby-vision
04-03 21:47:42.378  9055  9339 W cr_VAUtil: Unknown profile: 16 for codec video/dolby-vision
04-03 21:47:42.378  9055  9339 W cr_VAUtil: Unknown level: 2048 for profile 256 of codec video/dolby-vision
04-03 21:47:42.399  9055  9325 D Capacitor: Handling local request: https://localhost/assets/radix-Dp09vUio.js
04-03 21:47:42.400  9055  9324 D Capacitor: Handling local request: https://localhost/assets/App-DbDcLuuQ.js
04-03 21:47:42.403  9055  9326 D Capacitor: Handling local request: https://localhost/assets/utils-B2rm_Apj.js
04-03 21:47:42.407  9055  9330 D Capacitor: Handling local request: https://localhost/assets/motion-CKr9Afmr.js
04-03 21:47:42.408  9055  9326 D Capacitor: Handling local request: https://localhost/assets/query-C0P-fX2l.js
04-03 21:47:42.409  9055  9331 D Capacitor: Handling local request: https://localhost/assets/router-DxhyVN2I.js
04-03 21:47:42.423  9055  9326 D Capacitor: Handling local request: https://localhost/favicon.png
04-03 21:47:42.424  9055  9324 D Capacitor: Handling local request: https://localhost/blearn-mark.svg
04-03 21:47:42.433  9055  9361 I CameraInjector: waitForResult: time out waiting for sUpdateCloudCameraInfoLatch isInCloudCameraAuxPackageList
04-03 21:47:42.433  9055  9361 W libc    : Access denied finding property "vendor.camera.aux.packagelist"
04-03 21:47:42.433  9055  9361 W libc    : Access denied finding property "vendor.camera.aux.packagelistext"
04-03 21:47:42.433  9055  9361 W CameraExtImplXiaoMi: ignore the status update of camera: 2
04-03 21:47:42.433  9055  9361 D CameraInjector: updateCloudCameraControllerInfoAsync: has aleardy start update task.
04-03 21:47:42.433  9055  9361 D CameraInjector: waitForResult: 
04-03 21:47:42.502  9372  9372 D nativeloader: InitLlndkLibrariesProduct: libEGL.so:libGLESv1_CM.so:libGLESv2.so:libGLESv3.so:libRS.so:libandroid_net.so:libbinder_ndk.so:libc.so:libcgrouprc.so:libclang_rt.asan-aarch64-android.so:libclang_rt.asan-arm-android.so:libclang_rt.hwasan-aarch64-android.so:libcom.android.tethering.connectivity_native.so:libdl.so:libft2.so:liblog.so:libm.so:libmediandk.so:libnativewindow.so:libneuralnetworks.so:libselinux.so:libsync.so:libvndksupport.so:libvulkan.so
04-03 21:47:42.502  9372  9372 D nativeloader: Configuring product-clns-5 for unbundled product apk /product/priv-app/MiuiCamera/MiuiCamera.apk. target_sdk_version=34, uses_libraries=libSNPE.so:libOpenCL.so:libcdsprpc.so:libmialgo_ai_vision.so:libmialgo_utils.so, library_path=/product/priv-app/MiuiCamera/lib/arm64:/product/priv-app/MiuiCamera/MiuiCamera.apk!/lib/arm64-v8a:/product/lib64:/system/product/lib64, permitted_path=/data:/mnt/expand:/data/user/0/com.android.camera:/product/lib64:/system/product/lib64
04-03 21:47:42.503  9372  9372 D nativeloader: InitVndkspLibrariesProduct: android.hardware.common-V2-ndk.so:android.hardware.common-V2-ndk_platform.so:android.hardware.common.fmq-V1-ndk.so:android.hardware.common.fmq-V1-ndk_platform.so:android.hardware.graphics.allocator-V2-ndk.so:android.hardware.graphics.allocator-V2-ndk_platform.so:android.hardware.graphics.common-V4-ndk.so:android.hardware.graphics.common-V4-ndk_platform.so:android.hardware.graphics.common@1.0.so:android.hardware.graphics.common@1.1.so:android.hardware.graphics.common@1.2.so:android.hardware.graphics.composer3-V1-ndk.so:android.hardware.graphics.composer3-V1-ndk_platform.so:android.hardware.graphics.mapper@2.0.so:android.hardware.graphics.mapper@2.1.so:android.hardware.graphics.mapper@3.0.so:android.hardware.graphics.mapper@4.0.so:android.hardware.renderscript@1.0.so:android.hidl.memory.token@1.0.so:android.hidl.memory@1.0-impl.so:android.hidl.memory@1.0.so:android.hidl.safe_union@1.0.so:libRSCpuRef.so:libRSDriver.so:libRS_internal.so:libbase.so:libbcinfo.so:libblas.so:libc++.so:lib
04-03 21:47:42.503  9055  9324 D Capacitor: Handling local request: https://localhost/assets/GlobalRuntimeManagers-CYbZL3iv.js
04-03 21:47:42.506  9055  9324 D Capacitor: Handling local request: https://localhost/assets/useAuthStore-BU9GRtNH.js
04-03 21:47:42.509  9055  9331 D Capacitor: Handling local request: https://localhost/assets/promiseTimeout-D-0BjHFS.js
04-03 21:47:42.510  9055  9326 D Capacitor: Handling local request: https://localhost/assets/notificationService-Bg5dS-e1.js
04-03 21:47:42.517  1984  3116 D MiuiNetworkPolicy: updateLimit mLimitEnabled=true,enabled=false,mNetworkPriorityMode=0,mThermalForceMode=0
04-03 21:47:42.517  1984  3116 I MiuiNetworkPolicy: getDisableLimitTimeout when thermal mode is:0
04-03 21:47:42.520  1984  2329 I ExtM    : zram userate is low, no need to flush: 28
04-03 21:47:42.523  9055  9055 D BlearnAccessibility: event: app.blearn.mobile type=2048
04-03 21:47:42.523  9055  9055 D BlearnAccessibility: skip: own package during handoff
04-03 21:47:42.523  9055  9055 D BlearnAccessibility: event: app.blearn.mobile type=2048
04-03 21:47:42.523  9055  9055 D BlearnAccessibility: skip: own package during handoff
04-03 21:47:42.531  9055  9331 D Capacitor: Handling local request: https://localhost/favicon.png
04-03 21:47:42.532  9055  9326 D Capacitor: Handling local request: https://localhost/assets/nativePolicy-CsGA7qM2.js
04-03 21:47:42.532 13543 14789 V U.Notification: Posting new notification, elapsed=16050
04-03 21:47:42.533  9055  9324 D Capacitor: Handling local request: https://localhost/blearn-mark.svg
04-03 21:47:42.553  9372  9372 D nativeloader: Load libframework-connectivity-jni.so using APEX ns com_android_tethering for caller /apex/com.android.tethering/javalib/framework-connectivity.jar: ok
04-03 21:47:42.554 16129 10886 I FontLog : (REDACTED) Received query %s, URI %s
04-03 21:47:42.554 16129 10886 I FontLog : (REDACTED) Query [%s] resolved to %s
04-03 21:47:42.555 16129 10886 I FontLog : (REDACTED) Fetch %s end status %s
04-03 21:47:42.560 16129 10886 I FontLog : (REDACTED) Pulling font file for id = %d, cache size = %d
04-03 21:47:42.561  9372  9372 I Perf    : Connecting to perf service.
04-03 21:47:42.568 16129 10886 I FontLog : (REDACTED) Pulling font file for id = %d, cache size = %d
04-03 21:47:42.584  9372  9372 V GraphicsEnvironment: Currently set values for:
04-03 21:47:42.584  9372  9372 V GraphicsEnvironment:   angle_gl_driver_selection_pkgs=[]
04-03 21:47:42.584  9372  9372 V GraphicsEnvironment:   angle_gl_driver_selection_values=[]
04-03 21:47:42.586  9372  9372 V GraphicsEnvironment: ANGLE GameManagerService for com.android.camera: false
04-03 21:47:42.586  9372  9372 V GraphicsEnvironment: com.android.camera is not listed in per-application setting
04-03 21:47:42.593  1984  5907 I ClipboardServiceI: checkProviderWakePathForClipboard: primaryClip is null
04-03 21:47:42.595  9372  9372 D ActivityThread: useGrowthLimitOutExpendMethod invoke error.
04-03 21:47:42.597  9372  9372 I ForceDarkHelperStubImpl: initialize for com.android.camera , ForceDarkOrigin
04-03 21:47:42.601  9372  9372 D nativeloader: Load libforcedarkimpl.so using system ns (caller=/system_ext/framework/miui-framework.jar): ok
04-03 21:47:42.601  9372  9372 D OpenGLRenderer: JNI_OnLoad success
04-03 21:47:42.601  9372  9372 I MiuiForceDarkConfig: setConfig density:2.750000, mainRule:0, secondaryRule:0, tertiaryRule:0
04-03 21:47:42.609  9055  9326 D Capacitor: Handling local request: https://localhost/assets/AuthDialog-Djae5QEw.js
04-03 21:47:42.610  9055  9324 D Capacitor: Handling local request: https://localhost/assets/dialog-BKzYwdbR.js
04-03 21:47:42.635  1984  2086 I system_server: Background young concurrent copying GC freed 12MB AllocSpace bytes, 59(2896KB) LOS objects, 11% free, 112MB/127MB, paused 1.031ms,275us total 101.833ms
04-03 21:47:42.642  1984  2088 W System  : A resource failed to call release. 
04-03 21:47:42.643  9360  9360 D nativeloader: InitDefaultPublicLibraries for_preload=1: libandroid.so:libaaudio.so:libamidi.so:libbinder_ndk.so:libc.so:libcamera2ndk.so:libdl.so:libEGL.so:libGLESv1_CM.so:libGLESv2.so:libGLESv3.so:libicu.so:libicui18n.so:libicuuc.so:libjnigraphics.so:liblog.so:libmediandk.so:libm.so:libnativehelper.so:libnativewindow.so:libOpenMAXAL.so:libOpenSLES.so:libRS.so:libstdc++.so:libsync.so:libvulkan.so:libwebviewchromium_plat_support.so:libz.so
04-03 21:47:42.650  1984  2088 D HighMemoryManager: Java Memory used=112M max=512M. is system: true
04-03 21:47:42.650  1984  2088 V HighMemoryManager: Check mem usage finished! Next check delay: 0
04-03 21:47:42.664  9372  9372 D CAM_DataItemFeature: this is ro.boot.camera.config1
04-03 21:47:42.665  9372  9372 D CAM_DataItemFeature: init proxy = class com.mi.device.Redwood
04-03 21:47:42.665  9372  9372 D CAM_BoostFrameworkImpl: startBoost: duration = 300, scene = 6
04-03 21:47:42.665  9372  9372 D CAM_BoostFrameworkImpl: ready to boost
04-03 21:47:42.666  9372  9372 W ServiceManagerCppClient: Failed to get isDeclared for vendor.qti.hardware.perf2.IPerf/default: Status(-1, EX_SECURITY): 'SELinux denied.'
04-03 21:47:42.673  1187  1187 E ANDR-PERF-DATA-POOL: EventDataPool is Full
04-03 21:47:42.673  1187  1187 E ANDR-PERF-MPCTL: perf request submission limit reached.
04-03 21:47:42.674  9372  9372 E CAM_CameraAppImpl: setFootprintFlag failed:NoSuchMethodException:android.app.ActivityThread.setFootprintFlag [boolean]
04-03 21:47:42.676  9372  9372 D CAM_CameraAppImpl: totalMemory:7G, maxAcquireCount = 35, maxDequeueCount:4
04-03 21:47:42.679  9372  9372 E com.xiaomi.algoup-Log: 'com.android.camera.log.Log' not found
04-03 21:47:42.679  9372  9372 D AlgoImagePool: init: maxAcquireCount=35 maxDequeueCount=4
04-03 21:47:42.682  9372  9372 D HalImagePool: init: maxAcquireCount=24 maxDequeueCount=4
04-03 21:47:42.692  9372  9372 D CAM_LocalParallelService: onCreate
04-03 21:47:42.692  9372  9372 D ReprocessorFactory: reprocessorType = VIRTUAL_CAMERA
04-03 21:47:42.694  9360  9360 D nativeloader: Load libicu_jni.so using APEX ns com_android_art for caller /apex/com.android.art/javalib/core-oj.jar: ok
04-03 21:47:42.694  9360  9360 D app_process: Time zone APEX ICU file found: /apex/com.android.tzdata/etc/icu/icu_tzdata.dat
04-03 21:47:42.694  9360  9360 D app_process: I18n APEX ICU file found: /apex/com.android.i18n/etc/icu/icudt72l.dat
04-03 21:47:42.700  9372  9372 I CAM_PermissionManager: getNeedCheckPermissionList() listSize =0
04-03 21:47:42.701  9360  9360 D nativeloader: Load libjavacore.so using APEX ns com_android_art for caller /apex/com.android.art/javalib/core-oj.jar: ok
04-03 21:47:42.701  9372  9372 I CAM_PermissionManager: checkCameraPermissions(), all on
04-03 21:47:42.701  9372  9372 D CAM_Camera2CompatAdapterRole: E: init()
04-03 21:47:42.701  9372  9372 D CAM_Camera2CompatAdapterRole: E: reset()
04-03 21:47:42.701  9372  9372 D CAM_Camera2CompatAdapterRole: X: reset()
04-03 21:47:42.701  9372  9372 I CameraManagerGlobal: Connecting to camera service
04-03 21:47:42.704  9360  9360 D nativeloader: Load libopenjdk.so using APEX ns com_android_art for caller /apex/com.android.art/javalib/core-oj.jar: ok
04-03 21:47:42.714  9372  9372 D CameraExtStub: init android.hardware.camera2.impl.CameraExtImplXiaoMi
04-03 21:47:42.716  9372  9372 D CameraInjector: waitForResult: 
04-03 21:47:42.717  9372  9403 D CameraInjector: updateCloudCameraControllerInfoAsync: E
04-03 21:47:42.717  9372  9403 E CameraInjector: updateCloudCameraControllerInfoAsync fail: Attempt to invoke virtual method 'android.content.Context android.app.Application.getBaseContext()' on a null object reference
04-03 21:47:42.717  9372  9403 D CameraInjector: updateCloudCameraControllerInfoAsync: X
04-03 21:47:42.718  9372  9372 D CameraInjector: updateCloudCameraControllerInfoAsync: has aleardy start update task.
04-03 21:47:42.718  9372  9372 D CameraInjector: waitForResult: 
04-03 21:47:42.718  9372  9372 D CameraInjector: updateCloudCameraControllerInfoAsync: has aleardy start update task.
04-03 21:47:42.718  9372  9372 D CameraInjector: waitForResult: 
04-03 21:47:42.718  9372  9372 D CameraInjector: updateCloudCameraControllerInfoAsync: has aleardy start update task.
04-03 21:47:42.718  9372  9372 D CameraInjector: waitForResult: 
04-03 21:47:42.718  9372  9372 D CameraInjector: updateCloudCameraControllerInfoAsync: has aleardy start update task.
04-03 21:47:42.718  9372  9372 D CameraInjector: waitForResult: 
04-03 21:47:42.718  9372  9372 D CameraInjector: updateCloudCameraControllerInfoAsync: has aleardy start update task.
04-03 21:47:42.718  9372  9372 D CameraInjector: waitForResult: 
04-03 21:47:42.719  9372  9372 I CAM_Camera2CompatAdapterRole: [K_PROCESS]: All available camera ids: [0, 1, 2, 3, 4, 5, 6, 7]
04-03 21:47:42.720  9360  9360 I app_process: Priority-to-niceness mapping: 19, 16, 13, 10, 0, -2, -4, -5, -6, -8
04-03 21:47:42.757  9055  9060 I p.blearn.mobile: Background concurrent copying GC freed 3454KB AllocSpace bytes, 36(1320KB) LOS objects, 75% free, 5197KB/20MB, paused 326us,73us total 216.015ms
04-03 21:47:42.777  9372  9372 E CAM_AlgoConnector: getLocalBinder: failed to get LocalParallelService!
04-03 21:47:42.777  9372  9372 D CAM_Camera2CompatAdapterRole: X: init()
04-03 21:47:42.777  9372  9372 D ReprocessorFactory: getReprocessor: type = VIRTUAL_CAMERA
04-03 21:47:42.779  9372  9372 I VirtualCameraReprocessor: setVTCameraIds: backId=6 frontId=7
04-03 21:47:42.779  9372  9415 D CAM_Camera2CompatAdapterRole: E: initCameraCapabilitiesAsync()
04-03 21:47:42.779  9372  9372 D ReprocessorFactory: getReprocessor: type = VIRTUAL_CAMERA
04-03 21:47:42.779  9372  9415 D CAM_Camera2CompatAdapter: E: initCameraCapabilitiesByCameraId(): 0
04-03 21:47:42.779  9372  9372 I VirtualCameraReprocessor: init>>
04-03 21:47:42.781  9372  9372 I VirtualCameraReprocessor: init<<
04-03 21:47:42.782  9372  9372 I CAM_LocalParallelService: starting mivi engine
04-03 21:47:42.783  9055  9361 I CameraInjector: waitForResult: time out waiting for sUpdateCloudCameraInfoLatch isInCloudCameraAuxPackageList
04-03 21:47:42.784  9055  9361 W libc    : Access denied finding property "vendor.camera.aux.packagelist"
04-03 21:47:42.784  9055  9361 W libc    : Access denied finding property "vendor.camera.aux.packagelistext"
04-03 21:47:42.784  9055  9361 W CameraExtImplXiaoMi: ignore the status update of camera: 3
04-03 21:47:42.784  9055  9361 D CameraInjector: updateCloudCameraControllerInfoAsync: has aleardy start update task.
04-03 21:47:42.784  9055  9361 D CameraInjector: waitForResult: 
04-03 21:47:42.795  9372  9372 D CompatibilityChangeReporter: Compat change id reported: 183155436; UID 10087; state: ENABLED
04-03 21:47:42.796  9360  9360 W libc    : Access denied finding property "ro.product.name_for_attestation"
04-03 21:47:42.795  9360  9360 W main    : type=1400 audit(0.0:87022): avc:  denied  { read } for  name="u:object_r:build_attestation_prop:s0" dev="tmpfs" ino=2229 scontext=u:r:shell:s0 tcontext=u:object_r:build_attestation_prop:s0 tclass=file permissive=0
04-03 21:47:42.795  9360  9360 W main    : type=1400 audit(0.0:87023): avc:  denied  { read } for  name="u:object_r:build_attestation_prop:s0" dev="tmpfs" ino=2229 scontext=u:r:shell:s0 tcontext=u:object_r:build_attestation_prop:s0 tclass=file permissive=0
04-03 21:47:42.795  9360  9360 W main    : type=1400 audit(0.0:87024): avc:  denied  { read } for  name="u:object_r:build_attestation_prop:s0" dev="tmpfs" ino=2229 scontext=u:r:shell:s0 tcontext=u:object_r:build_attestation_prop:s0 tclass=file permissive=0
04-03 21:47:42.795  9360  9360 W main    : type=1400 audit(0.0:87025): avc:  denied  { read } for  name="u:object_r:build_attestation_prop:s0" dev="tmpfs" ino=2229 scontext=u:r:shell:s0 tcontext=u:object_r:build_attestation_prop:s0 tclass=file permissive=0
04-03 21:47:42.795  9360  9360 W main    : type=1400 audit(0.0:87026): avc:  denied  { read } for  name="u:object_r:build_attestation_prop:s0" dev="tmpfs" ino=2229 scontext=u:r:shell:s0 tcontext=u:object_r:build_attestation_prop:s0 tclass=file permissive=0
04-03 21:47:42.796  9360  9360 W libc    : Access denied finding property "ro.product.device_for_attestation"
04-03 21:47:42.797  9360  9360 W libc    : Access denied finding property "ro.product.manufacturer_for_attestation"
04-03 21:47:42.797  9360  9360 W libc    : Access denied finding property "ro.product.brand_for_attestation"
04-03 21:47:42.797  9360  9360 W libc    : Access denied finding property "ro.product.model_for_attestation"
04-03 21:47:42.798  9360  9360 W libc    : Access denied finding property "ro.vendor.mi_fake_32bit_support"
04-03 21:47:42.799  9360  9360 D nativeloader: Load libframework-connectivity-tiramisu-jni.so using APEX ns com_android_tethering for caller /apex/com.android.tethering/javalib/framework-connectivity-t.jar: ok
04-03 21:47:42.799  9372  9372 D MiCameraAlgo: init: E
04-03 21:47:42.799  9360  9360 D AndroidRuntime: Calling main entry com.android.commands.uiautomator.Launcher
04-03 21:47:42.800  9372  9372 D MiCameraAlgo: init: application file path to algorithm lib: /data/user/0/com.android.camera/files
04-03 21:47:42.800  9372  9372 E MiCamAlgoInterfaceJNI: start loading camera_algoup_jni.xiaomi
04-03 21:47:42.801  9372  9372 D nativeloader: Load libcamera_algoup_jni.xiaomi.so using system ns (caller=/system_ext/framework/miui-framework.jar): ok
04-03 21:47:42.802  9372  9372 D MiCamAlgoInterfaceJNI: static initializer: loadLibrary camera_algoup_jni.xiaomi
04-03 21:47:42.802  9372  9415 D CAM_CameraCapabilities: HQQuickShot: mFeatureMask: 199683   mDelayTimeMask: 7980049235971
04-03 21:47:42.802  9372  9415 D CAM_CameraCapabilities: QuickShotDelayTimeFactor tag not defined
04-03 21:47:42.802  9372  9415 D CAM_CameraCapabilities: QuickShot: mDelayTimeFactor: 100
04-03 21:47:42.802  9372  9415 D CAM_CameraCapabilities: MiviSuperNight: mSuperNightMask: 0
04-03 21:47:42.802  9372  9415 D CAM_CameraCapabilities: QuickShotNextCaptureMask: mQuickShotNextCaptureMask: 0
04-03 21:47:42.804  9372  9415 D CAM_CameraCapabilities: getBeautyVersionData: 35 ,beautyVersion: 3 ,beautyAlgo: 1
04-03 21:47:42.804  9372  9415 D CAM_CameraCapabilities: SnapshotQuickViewStreamMask: 0
04-03 21:47:42.804  9372  9415 D CAM_Camera2CompatAdapter: X: initCameraCapabilitiesByCameraId(): 0
04-03 21:47:42.804  9372  9415 D CAM_Camera2CompatAdapter: E: initCameraCapabilitiesByCameraId(): 1
04-03 21:47:42.804  9372  9372 E vndksupport: Could not load /vendor/lib64/libmialgoengine.so from sphal namespace: dlopen failed: library "/vendor/lib64/libmialgoengine.so" not found.
04-03 21:47:42.804  9372  9372 E MI_Algo_JNI: init: open /vendor/lib64/libmialgoengine.so error: (null)
04-03 21:47:42.805  9372  9372 E MI_Algo_JNI: Open /system/lib64/libmicampostproc_client.so Error :dlopen failed: library "/system/lib64/libmicampostproc_client.so" not found
04-03 21:47:42.809  9372  9372 I MI_Algo_JNI: ###Open /system/lib64/libmicampostproc_client.so with handle:0xee260b47f372f5fb
04-03 21:47:42.810  9372  9372 I MI_Algo_JNI: Got the function pointer:0x76221a2c98 
04-03 21:47:42.810  9372  9372 I MI_Algo_JNI: Got the MiaInterface pointer:0x76221b4278 
04-03 21:47:42.810  9372  9372 I MI_Algo_JNI: getExtInterafce pointer: 0x76221a2ca8
04-03 21:47:42.810  9372  9372 I MI_Algo_JNI: GetExtVersion pointer: 0x76221a2cb8, extVersion: 2022042120
04-03 21:47:42.810  9372  9372 D MiaInterface: MiaInterface.cpp:35 miaInit():E params 0x0
04-03 21:47:42.810  9372  9372 I MiaInterface: MiPostProcServiceIntf.cpp:53 init():E
04-03 21:47:42.811  9372  9372 I MiaInterface: MiPostProcServiceIntf.cpp:69 init():connected to postprocservice 0xb40000769187e1c0
04-03 21:47:42.811  9372  9372 I MiaInterface: MiPostProcServiceIntf.cpp:76 init():initialize end
04-03 21:47:42.811  9372  9372 D MiCameraAlgo: init: succeed
04-03 21:47:42.811  9372  9372 D MiCameraAlgo: init: X
04-03 21:47:42.812  9372  9372 I CAM_PerformanceManager: [P_PERFORM]: Action: initMiviEngine_163_0 takes 16 ms
04-03 21:47:42.812  9372  9372 D CAM_MIVIHelper: requestCloudDataAsync: 
04-03 21:47:42.814  9372  9372 D CAM_HalCloudDataManager: requestCloudDataAsync| Start async request
04-03 21:47:42.815  9372  9372 D CAM_BoostFrameworkImpl: stopBoost
04-03 21:47:42.816  9372  9415 D CAM_CameraCapabilities: HQQuickShot: mFeatureMask: 199683   mDelayTimeMask: 7980049235971
04-03 21:47:42.816  9372  9372 D CAM_BoostFrameworkImpl: ready to stop boost
04-03 21:47:42.816  9372  9415 D CAM_CameraCapabilities: QuickShotDelayTimeFactor tag not defined
04-03 21:47:42.816  9372  9415 D CAM_CameraCapabilities: QuickShot: mDelayTimeFactor: 100
04-03 21:47:42.816  9372  9372 D CAM_CameraAppImpl: attachBaseContext: cost = 164
04-03 21:47:42.816  9372  9415 D CAM_CameraCapabilities: MiviSuperNight: mSuperNightMask: 0
04-03 21:47:42.816  9372  9415 D CAM_CameraCapabilities: QuickShotNextCaptureMask: mQuickShotNextCaptureMask: 0
04-03 21:47:42.816  9372  9415 D CAM_CameraCapabilities: getBeautyVersionData: 35 ,beautyVersion: 3 ,beautyAlgo: 1
04-03 21:47:42.816  9372  9415 D CAM_CameraCapabilities: SnapshotQuickViewStreamMask: 0
04-03 21:47:42.816  9372  9415 D CAM_Camera2CompatAdapter: X: initCameraCapabilitiesByCameraId(): 1
04-03 21:47:42.816  9372  9415 D CAM_Camera2CompatAdapter: E: initCameraCapabilitiesByCameraId(): 2
04-03 21:47:42.822  9360  9421 W MiuiStubRegistry: Failed to collect stub providers in com.miui.autoui.MIUIAutoUIStub$$: /system_ext/framework/miui-framework.autoui.jar not exist
04-03 21:47:42.822  9360  9421 W MiuiStubRegistry: Failed to collect stub providers in android.hovermode.MiuiHoverModeStub$$: /system_ext/framework/miui-framework.hovermode.jar not exist
04-03 21:47:42.823  9360  9421 W MiuiStubRegistry: Failed to collect stub providers
04-03 21:47:42.823  9360  9421 W MiuiStubRegistry: java.lang.ClassNotFoundException: android.net.wifi.CarOsSystemServiceRegistryStubManifest$$
04-03 21:47:42.823  9360  9421 W MiuiStubRegistry: 	at java.lang.Class.classForName(Native Method)
04-03 21:47:42.823  9360  9421 W MiuiStubRegistry: 	at java.lang.Class.forName(Class.java:591)
04-03 21:47:42.823  9360  9421 W MiuiStubRegistry: 	at com.miui.base.MiuiStubRegistry.collectStubProviders(MiuiStubRegistry.java:149)
04-03 21:47:42.823  9360  9421 W MiuiStubRegistry: 	at com.miui.base.MiuiStubRegistry.init(MiuiStubRegistry.java:82)
04-03 21:47:42.823  9360  9421 W MiuiStubRegistry: 	at com.miui.base.MiuiFrameworkRouter.collectManifests(MiuiFrameworkRouter.java:67)
04-03 21:47:42.823  9360  9421 W MiuiStubRegistry: 	at com.miui.base.MiuiFrameworkRouter.init(MiuiFrameworkRouter.java:34)
04-03 21:47:42.823  9360  9421 W MiuiStubRegistry: 	at com.miui.base.MiuiStubRegistry.<clinit>(MiuiStubRegistry.java:52)
04-03 21:47:42.823  9360  9421 W MiuiStubRegistry: 	at com.miui.base.MiuiStubUtil.getImplSupplier(MiuiStubUtil.java:78)
04-03 21:47:42.823  9360  9421 W MiuiStubRegistry: 	at android.os.perfdebug.MessageMonitor.<clinit>(MessageMonitor.java:23)
04-03 21:47:42.823  9360  9421 W MiuiStubRegistry: 	at android.os.Looper.<init>(Looper.java:354)
04-03 21:47:42.823  9360  9421 W MiuiStubRegistry: 	at android.os.Looper.prepare(Looper.java:126)
04-03 21:47:42.823  9360  9421 W MiuiStubRegistry: 	at android.os.Looper.prepare(Looper.java:119)
04-03 21:47:42.823  9360  9421 W MiuiStubRegistry: 	at android.os.HandlerThread.run(HandlerThread.java:60)
04-03 21:47:42.823  9360  9421 W MiuiStubRegistry: Caused by: java.lang.ClassNotFoundException: android.net.wifi.CarOsSystemServiceRegistryStubManifest$$
04-03 21:47:42.823  9360  9421 W MiuiStubRegistry: 	... 13 more
04-03 21:47:42.824  9360  9421 W MiuiFrameworkImpl: MiuiFrameworkImpl already collected
04-03 21:47:42.826  9360  9421 I MessageMonitor: Load libmiui_runtime
04-03 21:47:42.827  9372  9415 D CAM_CameraCapabilities: HQQuickShot: mFeatureMask: 199683   mDelayTimeMask: 7980049235971
04-03 21:47:42.827  9372  9415 D CAM_CameraCapabilities: QuickShotDelayTimeFactor tag not defined
04-03 21:47:42.827  9372  9415 D CAM_CameraCapabilities: QuickShot: mDelayTimeFactor: 100
04-03 21:47:42.827  9372  9415 D CAM_CameraCapabilities: MiviSuperNight: mSuperNightMask: 0
04-03 21:47:42.827  9372  9415 D CAM_CameraCapabilities: QuickShotNextCaptureMask: mQuickShotNextCaptureMask: 0
04-03 21:47:42.827  9372  9415 D CAM_CameraCapabilities: getBeautyVersionData: 35 ,beautyVersion: 3 ,beautyAlgo: 1
04-03 21:47:42.827  9372  9415 D CAM_CameraCapabilities: SnapshotQuickViewStreamMask: 0
04-03 21:47:42.827  9372  9415 D CAM_Camera2CompatAdapter: X: initCameraCapabilitiesByCameraId(): 2
04-03 21:47:42.827  9372  9415 D CAM_Camera2CompatAdapter: E: initCameraCapabilitiesByCameraId(): 3
04-03 21:47:42.828  9372  9372 I FirebaseApp: Device unlocked: initializing all Firebase APIs for app [DEFAULT]
04-03 21:47:42.828  9360  9421 D nativeloader: Load libmiui_runtime.so using system ns (caller=/system_ext/framework/miui-framework.jar): ok
04-03 21:47:42.829  9360  9421 E app_process: register_android_view_SurfaceRuntimeShader  
04-03 21:47:42.829  9360  9421 E app_process: register_android_view_SurfaceRuntimeShader  0
04-03 21:47:42.831 16129  4094 I NearbyMediums: No BLE Fast/GATT advertisements found in the latest cycle.
04-03 21:47:42.831 16129  4094 I NearbyMediums: Current Tracked Scanning Clients are : {NearbyConnections.EnvironmentMonitor, NearbySharing}
04-03 21:47:42.835  9360  9360 D UiAutomationConnection: Created on user UserHandle{0}
04-03 21:47:42.835  9360  9360 I UiAutomation: Initialized for user 0 on display 0
04-03 21:47:42.835  9360  9360 W UiAutomation: Created with deprecatead constructor, assumes DEFAULT_DISPLAY
04-03 21:47:42.836  1984  5851 D AccessibilityManagerService: changeCurrentUserForTestAutomationIfNeededLocked(0): ignoring because device doesn't support visible background users
04-03 21:47:42.837  1984  5851 I UiAutomationManager: Registering UiTestAutomationService (id=com.android.server.accessibility/UiAutomation) when called by user 0
04-03 21:47:42.839  9372  9372 D nativeloader: Load /product/priv-app/MiuiCamera/MiuiCamera.apk!/lib/arm64-v8a/libcrashlytics.so using class loader ns product-clns-5 (caller=/product/priv-app/MiuiCamera/MiuiCamera.apk!classes3.dex): ok
04-03 21:47:42.840  9372  9415 D CAM_CameraCapabilities: HQQuickShot: mFeatureMask: 199683   mDelayTimeMask: 7980049235971
04-03 21:47:42.840  9372  9415 D CAM_CameraCapabilities: QuickShotDelayTimeFactor tag not defined
04-03 21:47:42.840  9372  9415 D CAM_CameraCapabilities: QuickShot: mDelayTimeFactor: 100
04-03 21:47:42.840  9372  9415 D CAM_CameraCapabilities: MiviSuperNight: mSuperNightMask: 0
04-03 21:47:42.840  9372  9415 D CAM_CameraCapabilities: QuickShotNextCaptureMask: mQuickShotNextCaptureMask: 0
04-03 21:47:42.840  9372  9415 D CAM_CameraCapabilities: getBeautyVersionData: 35 ,beautyVersion: 3 ,beautyAlgo: 1
04-03 21:47:42.840  9372  9415 D CAM_CameraCapabilities: SnapshotQuickViewStreamMask: 0
04-03 21:47:42.840  9372  9415 D CAM_Camera2CompatAdapter: X: initCameraCapabilitiesByCameraId(): 3
04-03 21:47:42.840  9372  9415 D CAM_Camera2CompatAdapter: E: initCameraCapabilitiesByCameraId(): 4
04-03 21:47:42.841  9372  9372 I FirebaseCrashlytics: Initializing Firebase Crashlytics 18.3.6 for com.android.camera
04-03 21:47:42.851  9372  9415 D CAM_CameraCapabilities: HQQuickShot: mFeatureMask: 199683   mDelayTimeMask: 7980049235971
04-03 21:47:42.851  9372  9415 D CAM_CameraCapabilities: QuickShotDelayTimeFactor tag not defined
04-03 21:47:42.851  9372  9415 D CAM_CameraCapabilities: QuickShot: mDelayTimeFactor: 100
04-03 21:47:42.851  9372  9415 D CAM_CameraCapabilities: MiviSuperNight: mSuperNightMask: 0
04-03 21:47:42.851  9372  9415 D CAM_CameraCapabilities: QuickShotNextCaptureMask: mQuickShotNextCaptureMask: 0
04-03 21:47:42.851  9372  9415 D CAM_CameraCapabilities: getBeautyVersionData: 35 ,beautyVersion: 3 ,beautyAlgo: 1
04-03 21:47:42.851  9372  9415 D CAM_CameraCapabilities: SnapshotQuickViewStreamMask: 0
04-03 21:47:42.851  9372  9415 D CAM_Camera2CompatAdapter: X: initCameraCapabilitiesByCameraId(): 4
04-03 21:47:42.851  9372  9415 D CAM_Camera2CompatAdapter: E: initCameraCapabilitiesByCameraId(): 5
04-03 21:47:42.854  1984  5851 W WindowMagnificationMgr: requestConnection duplicated request: connect=false, mConnectionState=DISCONNECTED
04-03 21:47:42.859  8291  8291 I SafetyCenterAccessibilityListener: accessibility event occurred, safety center feature not enabled.
04-03 21:47:42.860  1984  4729 W WindowMagnificationMgr: requestConnection duplicated request: connect=false, mConnectionState=DISCONNECTED
04-03 21:47:42.860  9372  9372 I FirebaseInitProvider: FirebaseApp initialization successful
04-03 21:47:42.863  9372  9415 D CAM_CameraCapabilities: HQQuickShot: mFeatureMask: 199683   mDelayTimeMask: 7980049235971
04-03 21:47:42.863  9372  9415 D CAM_CameraCapabilities: QuickShotDelayTimeFactor tag not defined
04-03 21:47:42.863  9372  9415 D CAM_CameraCapabilities: QuickShot: mDelayTimeFactor: 100
04-03 21:47:42.863  9372  9415 D CAM_CameraCapabilities: MiviSuperNight: mSuperNightMask: 0
04-03 21:47:42.864  9372  9415 D CAM_CameraCapabilities: QuickShotNextCaptureMask: mQuickShotNextCaptureMask: 0
04-03 21:47:42.864  9372  9415 D CAM_CameraCapabilities: getBeautyVersionData: 35 ,beautyVersion: 3 ,beautyAlgo: 1
04-03 21:47:42.864  9372  9415 D CAM_CameraCapabilities: SnapshotQuickViewStreamMask: 0
04-03 21:47:42.864  9372  9415 D CAM_Camera2CompatAdapter: X: initCameraCapabilitiesByCameraId(): 5
04-03 21:47:42.864  9372  9415 D CAM_Camera2CompatAdapter: E: initCameraCapabilitiesByCameraId(): 6
04-03 21:47:42.865  9372  9372 I CAM_SplashProvider: onCreate: 
04-03 21:47:42.866  9372  9372 V CAM_ParallelProcessProvider: onCreate
04-03 21:47:42.868  9372  9372 D CAM_CameraUtil: boostAdj: [600, 0]
04-03 21:47:42.868  9372  9430 D libcrashlytics: Initializing libcrashlytics version 3.2.0
04-03 21:47:42.869  9372  9404 D CAM_MiviInfoContentProvider: METHOD_CAMERA_CONTROLLER_INFO: E
04-03 21:47:42.869  9372  9404 D CAM_MIVIHelper: getStringFromLocalFile E >> /data/user/0/com.android.camera/cache/mivi_info.json
04-03 21:47:42.869  9372  9372 D CAM_BoostFrameworkImpl: startBoost: duration = 300, scene = 6
04-03 21:47:42.869  9372  9372 D CAM_BoostFrameworkImpl: ready to boost
04-03 21:47:42.869  1187  1187 E ANDR-PERF-DATA-POOL: EventDataPool is Full
04-03 21:47:42.869  1187  1187 E ANDR-PERF-MPCTL: perf request submission limit reached.
04-03 21:47:42.869  9372  9404 D CAM_MIVIHelper: getStringFromLocalFile: X return null
04-03 21:47:42.869  9372  9404 D CAM_ConfMIVIRequest: getCloudDataObject: START >>
04-03 21:47:42.871  9372  9372 W CAM_Display: supportLandscape invalid.
04-03 21:47:42.871  9372  9372 W CAM_Display: initialize: windowSize = 1080x2400, appBoundSize = 1080x2400
04-03 21:47:42.871  9372  9372 V CAM_Display: StatusBarHeight=94
04-03 21:47:42.872  9372  9372 D CAM_DisplayAdapter: DisplayParameter appBoundWidth:1080,appBoundHeight:2400,isNotchDevice:true,statusBarHeight:94,isInMultiWindow:false, class = DisplayCommonPreviewRect
04-03 21:47:42.872  9372  9372 W CAM_Display: initialize: sCenterDisplayHeight = 1920, sTopMargin = 94, sTopBarHeight = 193, sBottomMargin = 193, sBottomBarHeight = 480, isNotchDevice = true, mIsInitialized = true
04-03 21:47:42.872  9372  9372 I CAM_Display: windowSize=1080x2400 density=2.7500
04-03 21:47:42.872  9372  9372 W CAM_Display: supportLandscape invalid.
04-03 21:47:42.872  9372  9372 W CAM_Display: initialize: windowSize = 1080x2400, appBoundSize = 1080x2400
04-03 21:47:42.872  9372  9372 W CAM_Display: initialize skip. caz check screen size
04-03 21:47:42.873  1984  3116 I MiuiNetworkPolicy: updateUidState uid = 10109, uidState = 5
04-03 21:47:42.874  1984  1984 D AS.AudioService: Accessibility volume enabled = false
04-03 21:47:42.877  8291  8291 I SafetyCenterAccessibilityListener: accessibility event occurred, safety center feature not enabled.
04-03 21:47:42.877  1984  1984 D AS.AudioService: Accessibility volume enabled = false
04-03 21:47:42.878  1984  4729 I ClipboardServiceI: checkProviderWakePathForClipboard: primaryClip is null
04-03 21:47:42.879  9372  9415 D CAM_CameraCapabilities: HQQuickShot: mFeatureMask: 199683   mDelayTimeMask: 7980049235971
04-03 21:47:42.879  9372  9415 D CAM_CameraCapabilities: QuickShotDelayTimeFactor tag not defined
04-03 21:47:42.879  9372  9415 D CAM_CameraCapabilities: QuickShot: mDelayTimeFactor: 100
04-03 21:47:42.879  9372  9415 D CAM_CameraCapabilities: MiviSuperNight: mSuperNightMask: 0
04-03 21:47:42.879  9372  9415 D CAM_CameraCapabilities: QuickShotNextCaptureMask: mQuickShotNextCaptureMask: 0
04-03 21:47:42.879  9372  9415 D CAM_CameraCapabilities: getBeautyVersionData: 35 ,beautyVersion: 3 ,beautyAlgo: 1
04-03 21:47:42.879  9372  9415 D CAM_CameraCapabilities: SnapshotQuickViewStreamMask: 0
04-03 21:47:42.879  9372  9415 D CAM_Camera2CompatAdapter: X: initCameraCapabilitiesByCameraId(): 6
04-03 21:47:42.879  9372  9415 D CAM_Camera2CompatAdapter: E: initCameraCapabilitiesByCameraId(): 7
04-03 21:47:42.883  9372  9372 D CAM_ApplicationInit: <application init> consume time:14
04-03 21:47:42.883 30542  9044 I htmlviewercloudcontrol: isStagingEnv:false param =  camera_framework  uriMatch = 1, cluster: global, version: 532071, traceId: ffe3bd0445026027d3571c169ff96b02, regId: 
04-03 21:47:42.885  9372  9424 V CAM_IDisplayRect: getDisplayRect:Rect(0, 287 - 1080, 2207)
04-03 21:47:42.885  9372  9424 D CAM_CameraAppImpl: Track init start
04-03 21:47:42.888 30542  9044 I htmlviewercloudcontrol: isStagingEnv:false param =  camera_v4  uriMatch = 2, cluster: global, version: 532071, traceId: ffe3bd0445026027d3571c169ff96b02, regId: 
04-03 21:47:42.889  9372  9404 D CAM_MiviInfoContentProvider: getCameraControllerInfo: null
04-03 21:47:42.889  9372  9404 D CAM_MiviInfoContentProvider: METHOD_CAMERA_CONTROLLER_INFO: X
04-03 21:47:42.889  9055  9366 D CameraInjector: updateCloudCameraControllerInfoAsync: X
04-03 21:47:42.890  9055  9361 W libc    : Access denied finding property "vendor.camera.aux.packagelist"
04-03 21:47:42.890  9055  9361 W libc    : Access denied finding property "vendor.camera.aux.packagelistext"
04-03 21:47:42.890  9055  9361 W CameraExtImplXiaoMi: ignore the status update of camera: 4
04-03 21:47:42.890  9055  9361 D CameraInjector: updateCloudCameraControllerInfoAsync: has aleardy start update task.
04-03 21:47:42.890  9055  9361 D CameraInjector: waitForResult: 
04-03 21:47:42.890  9055  9361 W libc    : Access denied finding property "vendor.camera.aux.packagelist"
04-03 21:47:42.890  9055  9361 W libc    : Access denied finding property "vendor.camera.aux.packagelistext"
04-03 21:47:42.890  9055  9361 W CameraExtImplXiaoMi: ignore the status update of camera: 5
04-03 21:47:42.890  9055  9361 D CameraInjector: updateCloudCameraControllerInfoAsync: has aleardy start update task.
04-03 21:47:42.890  9055  9361 D CameraInjector: waitForResult: 
04-03 21:47:42.890  9055  9361 W libc    : Access denied finding property "vendor.camera.aux.packagelist"
04-03 21:47:42.890  9055  9361 W libc    : Access denied finding property "vendor.camera.aux.packagelistext"
04-03 21:47:42.890  9055  9361 W CameraExtImplXiaoMi: ignore the status update of camera: 6
04-03 21:47:42.890  9055  9361 D CameraInjector: updateCloudCameraControllerInfoAsync: has aleardy start update task.
04-03 21:47:42.890  9055  9361 D CameraInjector: waitForResult: 
04-03 21:47:42.890  9055  9361 W libc    : Access denied finding property "vendor.camera.aux.packagelist"
04-03 21:47:42.890  9055  9361 W libc    : Access denied finding property "vendor.camera.aux.packagelistext"
04-03 21:47:42.890  9055  9361 W CameraExtImplXiaoMi: ignore the status update of camera: 7
04-03 21:47:42.891  9372  9415 D CAM_CameraCapabilities: HQQuickShot: mFeatureMask: 199683   mDelayTimeMask: 7980049235971
04-03 21:47:42.891  9372  9415 D CAM_CameraCapabilities: QuickShotDelayTimeFactor tag not defined
04-03 21:47:42.891  9372  9415 D CAM_CameraCapabilities: QuickShot: mDelayTimeFactor: 100
04-03 21:47:42.891  9372  9415 D CAM_CameraCapabilities: MiviSuperNight: mSuperNightMask: 0
04-03 21:47:42.891  9372  9415 D CAM_CameraCapabilities: QuickShotNextCaptureMask: mQuickShotNextCaptureMask: 0
04-03 21:47:42.891  9055  9291 W p.blearn.mobile: Long monitor contention with owner ThreadPoolSingl (9361) at void android.hardware.camera2.CameraManager$CameraManagerGlobal.registerAvailabilityCallback(android.hardware.camera2.CameraManager$AvailabilityCallback, java.util.concurrent.Executor, boolean)(CameraManager.java:2853) waiters=0 in void android.hardware.camera2.CameraManager$CameraManagerGlobal.onTorchStatusChanged(int, java.lang.String) for 815ms
04-03 21:47:42.891  9372  9415 D CAM_CameraCapabilities: getBeautyVersionData: 35 ,beautyVersion: 3 ,beautyAlgo: 1
04-03 21:47:42.891  9372  9415 D CAM_CameraCapabilities: SnapshotQuickViewStreamMask: 0
04-03 21:47:42.891  9372  9415 D CAM_Camera2CompatAdapter: X: initCameraCapabilitiesByCameraId(): 7
04-03 21:47:42.891  9372  9415 D CAM_Camera2CompatAdapterRole: X: initCameraCapabilitiesAsync()
04-03 21:47:42.892  9372  9415 D CAM_Camera2CompatAdapterRole: role:   0 ( 71,0°) <->  0
04-03 21:47:42.892  9372  9415 D CAM_Camera2CompatAdapterRole: role:   1 ( 70,5°) <->  1
04-03 21:47:42.892  9372  9415 D CAM_Camera2CompatAdapterRole: role:  21 ( 95,5°) <->  3
04-03 21:47:42.892  9372  9415 D CAM_Camera2CompatAdapterRole: role:  22 ( 70,5°) <->  2
04-03 21:47:42.892  9055  9291 W p.blearn.mobile: PerfMonitor async binderTransact :  time=816ms interface=android.hardware.ICameraServiceListener code=3
04-03 21:47:42.892  9372  9415 D CAM_Camera2CompatAdapterRole: role:  60 ( 71,0°) <->  4 = [0, 3]
04-03 21:47:42.892  9372  9415 D CAM_Camera2CompatAdapterRole: role:  61 ( 71,0°) <->  5 = [0, 3]
04-03 21:47:42.892  9372  9415 D CAM_Camera2CompatAdapterRole: role:  62 ( 71,0°) <->  4 = [0, 3]
04-03 21:47:42.892  9055  9291 D CameraInjector: updateCloudCameraControllerInfoAsync: has aleardy start update task.
04-03 21:47:42.892  9055  9291 D CameraInjector: waitForResult: 
04-03 21:47:42.892  9372  9415 D CAM_Camera2CompatAdapterRole: role: 100 ( 71,0°) <->  6 = [0, 2, 3]
04-03 21:47:42.892  9372  9415 D CAM_Camera2CompatAdapterRole: role: 101 ( 70,5°) <->  7
04-03 21:47:42.892  9055  9291 W libc    : Access denied finding property "vendor.camera.aux.packagelist"
04-03 21:47:42.892  9055  9291 W libc    : Access denied finding property "vendor.camera.aux.packagelistext"
04-03 21:47:42.892  9055  9291 W CameraManagerGlobal: ignore the torch status update of camera: 2
04-03 21:47:42.892  9055  9291 D CameraInjector: updateCloudCameraControllerInfoAsync: has aleardy start update task.
04-03 21:47:42.892  9055  9291 D CameraInjector: waitForResult: 
04-03 21:47:42.892  9055  9291 W libc    : Access denied finding property "vendor.camera.aux.packagelist"
04-03 21:47:42.892  9055  9291 W libc    : Access denied finding property "vendor.camera.aux.packagelistext"
04-03 21:47:42.892  9055  9291 W CameraManagerGlobal: ignore the torch status update of camera: 3
04-03 21:47:42.893  9055  9291 D CameraInjector: updateCloudCameraControllerInfoAsync: has aleardy start update task.
04-03 21:47:42.893  9055  9291 D CameraInjector: waitForResult: 
04-03 21:47:42.893  9055  9291 W libc    : Access denied finding property "vendor.camera.aux.packagelist"
04-03 21:47:42.893  9055  9291 W libc    : Access denied finding property "vendor.camera.aux.packagelistext"
04-03 21:47:42.893  9055  9291 W CameraManagerGlobal: ignore the torch status update of camera: 4
04-03 21:47:42.893  9055  9291 D CameraInjector: updateCloudCameraControllerInfoAsync: has aleardy start update task.
04-03 21:47:42.893  9055  9291 D CameraInjector: waitForResult: 
04-03 21:47:42.893  9055  9291 W libc    : Access denied finding property "vendor.camera.aux.packagelist"
04-03 21:47:42.893  9055  9291 W libc    : Access denied finding property "vendor.camera.aux.packagelistext"
04-03 21:47:42.893  9055  9291 W CameraManagerGlobal: ignore the torch status update of camera: 5
04-03 21:47:42.893  9055  9291 D CameraInjector: updateCloudCameraControllerInfoAsync: has aleardy start update task.
04-03 21:47:42.893  9055  9291 D CameraInjector: waitForResult: 
04-03 21:47:42.893  9055  9291 W libc    : Access denied finding property "vendor.camera.aux.packagelist"
04-03 21:47:42.893  9055  9291 W libc    : Access denied finding property "vendor.camera.aux.packagelistext"
04-03 21:47:42.893  9055  9291 W CameraManagerGlobal: ignore the torch status update of camera: 6
04-03 21:47:42.893  1984  4729 D CompatibilityChangeReporter: Compat change id reported: 161145287; UID 10087; state: ENABLED
04-03 21:47:42.894  9372  9446 D OT-PubSub-Sdk: updateDebugSwitch sEnable: false sDebugMode：false sDebugProperty：false
04-03 21:47:42.894  9372  9446 D OT-PubSub-Sdk: log on: false, quick upload on: false
04-03 21:47:42.894  9372  9446 D BroadcastExecutor: initIfNeeded : 204
04-03 21:47:42.895  9372  9424 D OT-PubSub-Sdk: updateDebugSwitch sEnable: false sDebugMode：false sDebugProperty：false
04-03 21:47:42.895  9372  9424 D CAM_CameraAppImpl: markAllDepartedTask>>com.android.camera_9372
04-03 21:47:42.896  9372  9430 D libcrashlytics: Initializing native crash handling successful.
04-03 21:47:42.901  9372  9372 D AutoDensity: autodensity debugEnable = 
04-03 21:47:42.904  9372  9372 D CAM_BoostFrameworkImpl: stopBoost
04-03 21:47:42.905  9372  9372 D CAM_BoostFrameworkImpl: ready to stop boost
04-03 21:47:42.905  9372  9372 D CAM_CameraAppImpl: onCreate: cost = 37
04-03 21:47:42.906  1984  4729 I ActivityManager: Flag disabled. Ignoring finishAttachApplication from uid: 10087. pid: 9372
04-03 21:47:42.908  9372  9415 V CAM_CameraAppImpl: delete inner task
04-03 21:47:42.909  9372  9372 E FileUtils: err open mi_exception_log errno=2
04-03 21:47:42.909  9372  9372 E FileUtils: err write to mi_exception_log
04-03 21:47:42.909  9372  9424 D CAM_CameraAppImpl: markAllDepartedTask<<
04-03 21:47:42.909  9372  9424 I CAM_CameraAppImpl: [K_PROCESS]: load +
04-03 21:47:42.911  9372  9424 I CAM_PerformanceManager: [P_PERFORM]: Action: feature load_163_0 takes 1 ms
04-03 21:47:42.911  9372  9424 I CAM_CameraAppImpl: [K_PROCESS]: load -
04-03 21:47:42.912  1984  4729 D PackageManager: set app component=ComponentInfo{com.android.camera/com.android.camera2.compat.theme.custom.cv.widget.CameraFiltersWidgetProvider} enabled state: 2 from com.android.camera,uid=10087,pid=9372
04-03 21:47:42.912  1984  4729 D PackageManager: set app component=ComponentInfo{com.android.camera/com.android.camera2.compat.theme.custom.cv.widget.CameraLensWidgetProvider} enabled state: 2 from com.android.camera,uid=10087,pid=9372
04-03 21:47:42.913  1984  4729 D PackageManager: set app component=ComponentInfo{com.android.camera/com.android.camera2.compat.theme.custom.cv.widget.CameraLens2WidgetProvider} enabled state: 2 from com.android.camera,uid=10087,pid=9372
04-03 21:47:42.928  7942  8021 E msys    : E[N WA]_WAJMNSStreamImplOnMNSFailure(287)=>[LogLevel:I] WAJMNSStream/impl/callback/onMNSFailure/p=0xb400007616103480 (error=SO_ERROR: Connection timed out)
04-03 21:47:42.928  7942  8021 E msys    : E[N WA]_WAJMNSStreamImplCreateConnectionReport(194)=>[LogLevel:I] WAJMNSStream/impl/report port=80, connectedIPVersion=0, resolvedIPAddressCount=2, dnsResolutionStartTimeMS=92985510, dnsResolutionEndTimeMS=92985512, dnsCacheHit=Yes, connectStartTimeMS=92985512, connectEndTimeMS=93017056, proxyConnectStartTimeMS=0, proxyConnectEndTimeMS=0
04-03 21:47:42.928  7942  8021 E msys    : E[N WA]_WAJMNSStreamImplUpdateStreamState(230)=>[LogLevel:I] WAJMNSStream/impl/state-changed/p=0xb400007616103480 (connecting=>disconnected)
04-03 21:47:42.937  9372  9424 D CompatibilityUtils: getSdcardPath: sdcardVolume = null
04-03 21:47:42.937  9372  9424 D CAM_FileCompat: getExtSDCardPaths: activePath = null
04-03 21:47:42.937  9372  9424 D CompatibilityUtils: getSdcardPath: sdcardVolume = null
04-03 21:47:42.937  9372  9424 D CAM_FileCompat: getExtSDCardPaths: activePath = null
04-03 21:47:42.937  9372  9424 I CAM_PerformanceManager: [P_PERFORM]: Action: loading_class_163_0 takes 21 ms
04-03 21:47:42.937  9372  9424 D CAM_CameraAppImpl: LoadClassUseInLaunch<<
04-03 21:47:42.957  4948  5241 I BtGatt.ScanManager: msg.what = MSG_RESET_BALANCED_APP_SCAN_INFO, msg.arg1 = None
04-03 21:47:43.023  1305  1305 W Layer   : gatherBufferInfo: Received unknown dataspace from gralloc
04-03 21:47:43.056  3986  3986 D ArtChoreographerMonitor: invoke error.
04-03 21:47:43.175  9055  9055 I Capacitor/Console: File:  - Line 349 - Msg: [object Object]
04-03 21:47:43.178  9055  9055 V Capacitor/Plugin: To native (Capacitor plugin): callbackId: 123318331, pluginId: ScreenTime, methodName: consumePendingNavigation
04-03 21:47:43.178  9055  9055 V Capacitor: callback: 123318331, pluginId: ScreenTime, methodName: consumePendingNavigation, methodData: {}
04-03 21:47:43.184  9055  9343 D BlearnScreenTime: consume_pending_navigation app:com.google.android.gm
04-03 21:47:43.227  3986  4243 D ArtChoreographerMonitor: invoke error.
04-03 21:47:43.262  9055  9055 I Capacitor/Console: File:  - Line 349 - Msg: [object Object]
