--------- beginning of main
04-03 21:47:30.217  1187  5455 E ANDR-PERF-DATA-POOL: EventDataPool is Full
04-03 21:47:30.217  1187  5455 E ANDR-PERF-MPCTL: perf request submission limit reached.
--------- beginning of system
04-03 21:47:31.381  1894  1894 I wificond: station_bandwidth: 
04-03 21:47:31.888  1984  3116 I MiuiNetworkPolicy: updateUidState uid = 10109, uidState = 19
04-03 21:47:32.361  6059  6343 D FaceAuthManager: standby
04-03 21:47:32.493  6059  6343 D FaceAuthManager: release
04-03 21:47:32.620  6059  6343 D miui.face.transplant: face release complete
04-03 21:47:32.830 16129  4094 I NearbyMediums: No BLE Fast/GATT advertisements found in the latest cycle.
04-03 21:47:32.830 16129  4094 I NearbyMediums: Current Tracked Scanning Clients are : {NearbyConnections.EnvironmentMonitor, NearbySharing}
04-03 21:47:33.116  3986  3986 D ArtChoreographerMonitor: invoke error.
04-03 21:47:33.816  1984  4501 D ActivityManager: checkAllowBackground: uid=10191 pkg=com.google.android.apps.photos rec=UidRecord{7ac28fa u0a191 IMPF change:procadj procs:0 seq(1236332,1236291)} caps=------ always=false idle=false
04-03 21:47:33.821  1984  3116 I MiuiNetworkPolicy: updateUidState uid = 10381, uidState = 4
04-03 21:47:33.822  1984  3116 I MiuiNetworkPolicy: updateUidState uid = 10163, uidState = 5
04-03 21:47:33.822  1984  4501 I SmartPower: com.google.android.apps.photos/10191(27205): idle->background(47720ms) R(service create com.google.android.apps.photos/androidx.work.impl.background.systemjob.SystemJobService) adj=0.
04-03 21:47:33.822  4948  5241 I BtGatt.ScanManager: msg.what = MSG_IMPORTANCE_CHANGE, msg.arg1 = IMPORTANCE_CHANGE
04-03 21:47:33.822  4948  5241 D BtGatt.ScanManager: uid 10163 isForeground true scanMode 1
04-03 21:47:33.822  4948  5241 D BtGatt.ScanManager: uid 10163 isForeground true scanMode 3
04-03 21:47:33.825  1984  4501 I whetstone.activity: Power Event callback listener is empty for resId=256
04-03 21:47:33.825  1984  4501 D BatteryStatsManagerStub: notifyEvent for resId=256 used 0ms
04-03 21:47:33.826  1984  3116 I MiuiNetworkPolicy: updateUidState uid = 10381, uidState = 3
04-03 21:47:33.826  1984  3116 I MiuiNetworkPolicy: updateUidState uid = 10163, uidState = 3
04-03 21:47:33.826  4948  5241 I BtGatt.ScanManager: msg.what = MSG_IMPORTANCE_CHANGE, msg.arg1 = IMPORTANCE_CHANGE
04-03 21:47:33.826  4948  5241 D BtGatt.ScanManager: uid 10163 isForeground true scanMode 1
04-03 21:47:33.826  4948  5241 D BtGatt.ScanManager: uid 10163 isForeground true scanMode 3
04-03 21:47:33.852  1984  4501 I whetstone.activity: Power Event callback listener is empty for resId=256
04-03 21:47:33.852  1984  4501 D BatteryStatsManagerStub: notifyEvent for resId=256 used 0ms
04-03 21:47:33.859  1984  3116 I MiuiNetworkPolicy: updateUidState uid = 10381, uidState = 4
04-03 21:47:33.859  1984  3116 I MiuiNetworkPolicy: updateUidState uid = 10163, uidState = 5
04-03 21:47:33.859  4948  5241 I BtGatt.ScanManager: msg.what = MSG_IMPORTANCE_CHANGE, msg.arg1 = IMPORTANCE_CHANGE
04-03 21:47:33.859  4948  5241 D BtGatt.ScanManager: uid 10163 isForeground true scanMode 1
04-03 21:47:33.859  4948  5241 D BtGatt.ScanManager: uid 10163 isForeground true scanMode 3
04-03 21:47:34.151  3986  3986 D ArtChoreographerMonitor: invoke error.
04-03 21:47:34.374  1107  5516 I vendor.qti.bluetooth@1.0-ibs_handler: ProcessIbsCmd: Received IBS_WAKE_IND: 0xFD
04-03 21:47:34.374  1107  5516 D vendor.qti.bluetooth@1.0-ibs_handler: SerialClockVote: vote for UART CLK ON
04-03 21:47:34.375  1107  5516 D vendor.qti.bluetooth@1.0-wake_lock: Acquire wakelock is acquired 
04-03 21:47:34.375  1107  5516 I vendor.qti.bluetooth@1.0-ibs_handler: ProcessIbsCmd: Writing IBS_WAKE_ACK
04-03 21:47:34.376  4948  5520 I bt_stack: [INFO:btm_ble_gap.cc(3528)] btm_ble_process_adv_pkt_cont Data Complete a9:8f:94:f2:0f:46
04-03 21:47:34.376  4948  5520 I bt_stack: [INFO:btm_ble_gap.cc(3528)] btm_ble_process_adv_pkt_cont Data Complete a9:8f:94:f2:0f:46
04-03 21:47:34.376  4948  5520 D bt_btm_ble: bool parse_adv_audio_uuids_from_adv_pkt(const uint8_t *, size_t, uint8_t): tmap_cap_pts: false
04-03 21:47:34.377  4948  5245 D BluetoothAdapterService: getIdentityAddress null retruning A9:8F:94:F2:0F:46
04-03 21:47:34.379 16129  1503 I NearbyDiscovery: (REDACTED) BloomFilterAdvManager: Detected bloom filter but too far away, ignoring. %sm, %s
04-03 21:47:34.390  1894  1894 I wificond: station_bandwidth: 
04-03 21:47:34.397  9868 10000 W Settings: Setting device_provisioned has moved from android.provider.Settings.Secure to android.provider.Settings.Global.
04-03 21:47:34.397  6875  7568 I NetBusNetworkMonitor: onCapabilitiesChanged isPrimary = true
04-03 21:47:34.397  9868 10000 I JoyoseCloudControlManager3: network metered changed, network metered: false, deviceProvisioned: true, scAllowConn: true, try to setNetworkAccessEnabled: true
04-03 21:47:34.398  6875  7568 I NetBusNetworkMonitor: gateway=192.*.*.1
04-03 21:47:34.398  1984  4043 I NetworkBoostStatusManager: handle: 102
04-03 21:47:34.398  1984  4043 I NetworkBoostStatusManager: interfaceOnCapabilitiesChanged interface name:wlan0
04-03 21:47:34.399  1984  4043 I NetworkBoostStatusManager: handle: 104
04-03 21:47:34.399  1984  4043 I NetworkBoostStatusManager: SmartDNS onAvailable WIFI master.
04-03 21:47:34.399  1984  4043 I NetworkBoostStatusManager: SmartDNS push DnsReslover a relationship, netid 159 name "Flybox-82C9"
04-03 21:47:34.399  1984  4043 W System.err: java.lang.NoSuchMethodException: android.net.ConnectivityManager.setResloverInterfaceIdAndNetid [int, class java.lang.String]
04-03 21:47:34.399  1984  4043 W System.err: 	at java.lang.Class.getMethod(Class.java:2934)
04-03 21:47:34.399  1984  4043 W System.err: 	at java.lang.Class.getDeclaredMethod(Class.java:2913)
04-03 21:47:34.399  1984  4043 W System.err: 	at com.xiaomi.NetworkBoost.StatusManager.setResloverInterfaceIdAndNetid(StatusManager.java:1651)
04-03 21:47:34.400  1984  4043 W System.err: 	at com.xiaomi.NetworkBoost.StatusManager.setSmartDNSInterface(StatusManager.java:1616)
04-03 21:47:34.400  1984  4043 W System.err: 	at com.xiaomi.NetworkBoost.StatusManager.-$$Nest$msetSmartDNSInterface(Unknown Source:0)
04-03 21:47:34.400  1984  4043 W System.err: 	at com.xiaomi.NetworkBoost.StatusManager$InternalHandler.handleMessage(StatusManager.java:591)
04-03 21:47:34.400  1984  4043 W System.err: 	at android.os.Handler.dispatchMessage(Handler.java:106)
04-03 21:47:34.400  1984  4043 W System.err: 	at android.os.Looper.loopOnce(Looper.java:222)
04-03 21:47:34.400  1984  4043 W System.err: 	at android.os.Looper.loop(Looper.java:314)
04-03 21:47:34.400  1984  4043 W System.err: 	at android.os.HandlerThread.run(HandlerThread.java:67)
04-03 21:47:34.402  7255  7299 D WM-WorkConstraintsTrack: NetworkRequestConstraintController onCapabilitiesChanged callback
04-03 21:47:34.402 26986 27073 I BugleRcsEngine: handleMessage processing message:[NOTIFY_UPTIME_IGNORE_STATE_CHANGED] with [non-null]:RcsEngineImpl reference [CONTEXT log_prefix="RcsEngineImpl[DUAL_REG]:[c8166305-85bb]>Handler" thread_id=196 ]
04-03 21:47:34.403 26986 27038 I BugleRcsEngine: Connected state: [1], networkType: [WIFI] [CONTEXT thread_id=189 ]
04-03 21:47:34.403 26986 27073 I BugleRcsEngine: Cannot use CS.apk as it's battery optimized [CONTEXT thread_id=196 ]
04-03 21:47:34.404  6875  7568 I NetBusNetworkMonitor: addConnectNetworkInterface mediumType:256, detail:NetworkDetailInfo{mIsConnected=false, mIsSupportTdls=true, mNetworkType=0, mIpAddress=192.*.*.140, mIfName=wlan0, mGateway=192.*.*.1, mNetmask=255.*.*.0, mSsid=F**C9}
04-03 21:47:34.404  6875  7568 I NetBusNetworkMonitor: onCapabilitiesChanged handle=686305497101, mediumType=256, ifName=wlan0
04-03 21:47:34.405  1984  8418 I ClipboardServiceI: checkProviderWakePathForClipboard: primaryClip is null
04-03 21:47:34.405  1984  8418 I SmartPower: com.google.android.apps.messaging/10167(27045): idle->background(24108ms) R(content provider start ContentProviderRecord{49761bc u0 com.google.android.apps.messaging/.shared.datamodel.provider.sharedstorage.SharedStorageProvider}) adj=200.
04-03 21:47:34.412 26986 27073 I BugleRcsEngine: Rcs is enabled from user settings: true [CONTEXT log_prefix="ProvisioningEngineDataRetriever" thread_id=196 ]
04-03 21:47:34.415  1107  5516 I vendor.qti.bluetooth@1.0-ibs_handler: ProcessIbsCmd: Received IBS_SLEEP_IND: 0xFE
04-03 21:47:34.416  1107  5516 D vendor.qti.bluetooth@1.0-ibs_handler: SerialClockVote: vote for UART CLK OFF
04-03 21:47:34.566  1107  5258 D vendor.qti.bluetooth@1.0-wake_lock: Release wakelock is released 
04-03 21:47:34.902 16129  4094 I NearbySharing: Network state changed: NetworkState(isRestricted=false, isOnline=true, isCongested=false, isMetered=false, isWifiConnected=true)
04-03 21:47:35.485  1984  4105 D SLM-SRV-SLAService: checktemp temperature = 24317 temperature_average = 24183 isPerformanceMode = false thermal_enable_slm = true
04-03 21:47:36.823  1984  3217 I SmartPower: com.google.android.apps.photos/10191(27205): background->idle(3001ms) R(service create com.google.android.apps.photos/androidx.work.impl.background.systemjob.SystemJobService) adj=905.
04-03 21:47:37.109  1984  3116 I MiuiNetworkPolicy: updateUidState uid = 10178, uidState = 16
04-03 21:47:37.285  1107  5516 I vendor.qti.bluetooth@1.0-ibs_handler: ProcessIbsCmd: Received IBS_WAKE_IND: 0xFD
04-03 21:47:37.285  1107  5516 D vendor.qti.bluetooth@1.0-ibs_handler: SerialClockVote: vote for UART CLK ON
04-03 21:47:37.285  1107  5516 D vendor.qti.bluetooth@1.0-wake_lock: Acquire wakelock is acquired 
04-03 21:47:37.286  1107  5516 I vendor.qti.bluetooth@1.0-ibs_handler: ProcessIbsCmd: Writing IBS_WAKE_ACK
04-03 21:47:37.286  4948  5520 I bt_stack: [INFO:btm_ble_gap.cc(3528)] btm_ble_process_adv_pkt_cont Data Complete a9:8f:94:f2:0f:46
04-03 21:47:37.326  1107  5516 I vendor.qti.bluetooth@1.0-ibs_handler: ProcessIbsCmd: Received IBS_SLEEP_IND: 0xFE
04-03 21:47:37.326  1107  5516 D vendor.qti.bluetooth@1.0-ibs_handler: SerialClockVote: vote for UART CLK OFF
04-03 21:47:37.401  1894  1894 I wificond: station_bandwidth: 
04-03 21:47:37.406  1984  3217 I SmartPower: com.google.android.apps.messaging/10167(27045): background->idle(3000ms) R(content provider start ContentProviderRecord{49761bc u0 com.google.android.apps.messaging/.shared.datamodel.provider.sharedstorage.SharedStorageProvider}) adj=200.
04-03 21:47:37.407  9868 10000 W Settings: Setting device_provisioned has moved from android.provider.Settings.Secure to android.provider.Settings.Global.
04-03 21:47:37.407  9868 10000 I JoyoseCloudControlManager3: network metered changed, network metered: false, deviceProvisioned: true, scAllowConn: true, try to setNetworkAccessEnabled: true
04-03 21:47:37.407  6875  7568 I NetBusNetworkMonitor: onCapabilitiesChanged isPrimary = true
04-03 21:47:37.408  6875  7568 I NetBusNetworkMonitor: gateway=192.*.*.1
04-03 21:47:37.409  1984  4043 I NetworkBoostStatusManager: handle: 102
04-03 21:47:37.409  1984  4043 I NetworkBoostStatusManager: interfaceOnCapabilitiesChanged interface name:wlan0
04-03 21:47:37.409  1984  4043 I NetworkBoostStatusManager: handle: 104
04-03 21:47:37.409  1984  4043 I NetworkBoostStatusManager: SmartDNS onAvailable WIFI master.
04-03 21:47:37.411  1984  4043 I NetworkBoostStatusManager: SmartDNS push DnsReslover a relationship, netid 159 name "Flybox-82C9"
04-03 21:47:37.411  1984  4043 W System.err: java.lang.NoSuchMethodException: android.net.ConnectivityManager.setResloverInterfaceIdAndNetid [int, class java.lang.String]
04-03 21:47:37.412  1984  4043 W System.err: 	at java.lang.Class.getMethod(Class.java:2934)
04-03 21:47:37.412  1984  4043 W System.err: 	at java.lang.Class.getDeclaredMethod(Class.java:2913)
04-03 21:47:37.412  1984  4043 W System.err: 	at com.xiaomi.NetworkBoost.StatusManager.setResloverInterfaceIdAndNetid(StatusManager.java:1651)
04-03 21:47:37.412  1984  4043 W System.err: 	at com.xiaomi.NetworkBoost.StatusManager.setSmartDNSInterface(StatusManager.java:1616)
04-03 21:47:37.412  1984  4043 W System.err: 	at com.xiaomi.NetworkBoost.StatusManager.-$$Nest$msetSmartDNSInterface(Unknown Source:0)
04-03 21:47:37.412  1984  4043 W System.err: 	at com.xiaomi.NetworkBoost.StatusManager$InternalHandler.handleMessage(StatusManager.java:591)
04-03 21:47:37.412  1984  4043 W System.err: 	at android.os.Handler.dispatchMessage(Handler.java:106)
04-03 21:47:37.412  1984  4043 W System.err: 	at android.os.Looper.loopOnce(Looper.java:222)
04-03 21:47:37.412  1984  4043 W System.err: 	at android.os.Looper.loop(Looper.java:314)
04-03 21:47:37.412  1984  4043 W System.err: 	at android.os.HandlerThread.run(HandlerThread.java:67)
04-03 21:47:37.413  7255  7299 D WM-WorkConstraintsTrack: NetworkRequestConstraintController onCapabilitiesChanged callback
04-03 21:47:37.416 26986 27073 I BugleRcsEngine: handleMessage processing message:[NOTIFY_UPTIME_IGNORE_STATE_CHANGED] with [non-null]:RcsEngineImpl reference [CONTEXT log_prefix="RcsEngineImpl[DUAL_REG]:[c8166305-85bb]>Handler" thread_id=196 ]
04-03 21:47:37.416 26986 27038 I BugleRcsEngine: Connected state: [1], networkType: [WIFI] [CONTEXT thread_id=189 ]
04-03 21:47:37.416 26986 27073 I BugleRcsEngine: Cannot use CS.apk as it's battery optimized [CONTEXT thread_id=196 ]
04-03 21:47:37.418  1984  6633 I ClipboardServiceI: checkProviderWakePathForClipboard: primaryClip is null
04-03 21:47:37.418  6875  7568 I NetBusNetworkMonitor: addConnectNetworkInterface mediumType:256, detail:NetworkDetailInfo{mIsConnected=false, mIsSupportTdls=true, mNetworkType=0, mIpAddress=192.*.*.140, mIfName=wlan0, mGateway=192.*.*.1, mNetmask=255.*.*.0, mSsid=F**C9}
04-03 21:47:37.418  6875  7568 I NetBusNetworkMonitor: onCapabilitiesChanged handle=686305497101, mediumType=256, ifName=wlan0
04-03 21:47:37.423 26986 27073 I BugleRcsEngine: Rcs is enabled from user settings: true [CONTEXT log_prefix="ProvisioningEngineDataRetriever" thread_id=196 ]
04-03 21:47:37.476  1107  5258 D vendor.qti.bluetooth@1.0-wake_lock: Release wakelock is released 
04-03 21:47:37.522 16219 22458 I IPCThreadState: oneway function results for code 2 on binder at 0xb40000761af56ac0 will be dropped but finished with status UNKNOWN_TRANSACTION
04-03 21:47:37.525  1984  3116 I MiuiNetworkPolicy: updateUidState uid = 10381, uidState = 3
04-03 21:47:37.526  1984  3116 I MiuiNetworkPolicy: updateUidState uid = 10191, uidState = 10
04-03 21:47:37.528  1984  3116 I MiuiNetworkPolicy: updateUidState uid = 10163, uidState = 3
04-03 21:47:37.529  4948  5241 I BtGatt.ScanManager: msg.what = MSG_IMPORTANCE_CHANGE, msg.arg1 = IMPORTANCE_CHANGE
04-03 21:47:37.529  4948  5241 D BtGatt.ScanManager: uid 10163 isForeground true scanMode 1
04-03 21:47:37.529  4948  5241 D BtGatt.ScanManager: uid 10163 isForeground true scanMode 3
04-03 21:47:37.531  1984  4501 I SmartPower: com.google.android.apps.restore/10160(6923): idle->background(62362ms) R(service unbind com.google.android.apps.restore/.backup.photos.apiservice.PhotosBackupApiEndpointService) adj=935.
04-03 21:47:37.531  6923  6935 I IPCThreadState: oneway function results for code 2 on binder at 0xb40000768bd59380 will be dropped but finished with status UNKNOWN_TRANSACTION
04-03 21:47:37.535  1984  3116 I MiuiNetworkPolicy: updateUidState uid = 10160, uidState = 10
04-03 21:47:37.540  1984  3116 I MiuiNetworkPolicy: updateUidState uid = 10160, uidState = 19
04-03 21:47:37.542  4948  5241 I BtGatt.ScanManager: msg.what = MSG_IMPORTANCE_CHANGE, msg.arg1 = IMPORTANCE_CHANGE
04-03 21:47:37.543  1984  3116 I MiuiNetworkPolicy: updateUidState uid = 10381, uidState = 4
04-03 21:47:37.543  1984  3116 I MiuiNetworkPolicy: updateUidState uid = 10163, uidState = 5
04-03 21:47:37.543  1984  3116 I MiuiNetworkPolicy: updateUidState uid = 10191, uidState = 19
04-03 21:47:37.543  4948  5241 D BtGatt.ScanManager: uid 10163 isForeground true scanMode 1
04-03 21:47:37.543  4948  5241 D BtGatt.ScanManager: uid 10163 isForeground true scanMode 3
04-03 21:47:37.913 16129  4094 I NearbySharing: Network state changed: NetworkState(isRestricted=false, isOnline=true, isCongested=false, isMetered=false, isWifiConnected=true)
04-03 21:47:38.116  1984  3116 I MiuiNetworkPolicy: updateUidState uid = 10381, uidState = 3
04-03 21:47:38.116  1984  4501 W ProcessStats: Tracking association SourceState{4f40e5c com.miui.guardprovider/10116 BTop #224525} whose proc state 2 is better than process ProcessState{cef5d66 com.google.android.gms.persistent/10163 pkg=com.google.android.gms} proc state 3 (66 skipped)
04-03 21:47:38.117  1984  3116 I MiuiNetworkPolicy: updateUidState uid = 10163, uidState = 3
04-03 21:47:38.117  4948  5241 I BtGatt.ScanManager: msg.what = MSG_IMPORTANCE_CHANGE, msg.arg1 = IMPORTANCE_CHANGE
04-03 21:47:38.117  4948  5241 D BtGatt.ScanManager: uid 10163 isForeground true scanMode 1
04-03 21:47:38.117  4948  5241 D BtGatt.ScanManager: uid 10163 isForeground true scanMode 3
04-03 21:47:38.124  1984  4501 I ClipboardServiceI: checkProviderWakePathForClipboard: primaryClip is null
04-03 21:47:39.629  1984  4501 W MIUIInput: Input event injection from package: null action ACTION_DOWN keycode 3
04-03 21:47:39.634  1984  4501 W MiuiInputKeyEventLog: keyCode:3 down:true eventTime:93013756 downTime:93013756 policyFlags:2b000000 flags:0 metaState:0 deviceId:-1 isScreenOn:true keyguardActive:false repeatCount:0
04-03 21:47:39.649  1305  1605 D RefreshRateSelector: Touch Boost
04-03 21:47:39.649  1305  1605 D MI-SF   : mIsSupportAutomodeForMaxFpsSetting is 0(0), getCurrentBrightness() = 49(328), mIsKeepAutoMode 0
04-03 21:47:39.649  1305  1605 D RefreshRateSelector: fixedMode_group: 0, isFindModeGroup 0
04-03 21:47:39.649  1305  1605 D RefreshRateSelector: find max refresh rate:60, mode Group:0
04-03 21:47:39.650  1984  4501 W MIUIInput: Input event injection from package: null action ACTION_UP keycode 3
04-03 21:47:39.650  1984  4501 W MiuiInputKeyEventLog: keyCode:3 down:false eventTime:93013779 downTime:93013756 policyFlags:2b000000 flags:0 metaState:0 deviceId:-1 isScreenOn:true keyguardActive:false repeatCount:0
04-03 21:47:39.651  1984  3082 E MiuiInputKeyEventLog: before go to home
04-03 21:47:39.656  1984  2287 W ActivityManagerServiceImpl: Sending non-protected broadcast com.miui.fullscreen_state_change from system 1984:system/1000 pkg android. Callers=com.android.server.am.ActivityManagerService.checkBroadcastFromSystem:15246 com.android.server.am.ActivityManagerService.broadcastIntentLockedTraced:16076 com.android.server.am.ActivityManagerService.broadcastIntentLocked:15304 com.android.server.am.ActivityManagerService.broadcastIntentWithFeature:16282 android.app.ContextImpl.sendBroadcastAsUser:1466 
04-03 21:47:39.657  3986  4187 D MiuiFreeformModeObserver: handleFreeFormReceiver intent=Intent { act=com.miui.fullscreen_state_change flg=0x10 (has extras) } ,action=com.miui.fullscreen_state_change
04-03 21:47:39.657  3986  4187 D MiuiFreeformModeObserver: ACTION_FULLSCREEN_STATE_CHANGE stateName: toHome
04-03 21:47:39.657  3986  4187 D MiuiFreeformModeController: allFreeformFromFreeformToMini
04-03 21:47:39.657  1984  2287 W ActivityManagerServiceImpl: Sending non-protected broadcast com.miui.launch_home_from_hotkey from system 1984:system/1000 pkg android. Callers=com.android.server.am.ActivityManagerService.checkBroadcastFromSystem:15246 com.android.server.am.ActivityManagerService.broadcastIntentLockedTraced:16076 com.android.server.am.ActivityManagerService.broadcastIntentLocked:15304 com.android.server.am.ActivityManagerService.broadcastIntentWithFeature:16282 android.app.ContextImpl.sendBroadcastAsUser:1507 
04-03 21:47:39.659  7472  7472 I VideoToolBoxService: onReceive: android.intent.action.CLOSE_SYSTEM_DIALOGS
04-03 21:47:39.661  1984  3082 D WindowManager: startDockOrHome: startReason= startDockOrHome
04-03 21:47:39.662  7472  7472 I GameBoosterService: onReceive: android.intent.action.CLOSE_SYSTEM_DIALOGS
04-03 21:47:39.664  7255  7295 I dqhe    : onCloseSystemDialogs
04-03 21:47:39.664  7255  7295 I dpoh    : (REDACTED) Listener was null, %s is not propagated
04-03 21:47:39.669  3986  3986 I VolumeShowHideAnimator: isRunning: false, mExpanded: false
04-03 21:47:39.669  3986  3986 I VolumeExpandCollapsedAnimator: isRunning: false, mExpanded: false
04-03 21:47:39.669  3986  3986 I VolumePanelViewController_true: dismissH mShowing:false, reason:volume_controller, isAnimating: false, needShowDialog=true
04-03 21:47:39.669  3986  3986 I VolumeShowHideAnimator: isRunning: false, mExpanded: false
04-03 21:47:39.669  3986  3986 I VolumeExpandCollapsedAnimator: isRunning: false, mExpanded: false
04-03 21:47:39.669  3986  3986 I VolumePanelViewController_false: dismissH mShowing:false, reason:volume_controller, isAnimating: false, needShowDialog=false
04-03 21:47:39.688  1984  3082 D WindowManager: Collecting in transition 1446: ActivityRecord{55bb345 u0 com.mi.android.globallauncher/com.miui.home.launcher.Launcher init visibleRequested:false
04-03 21:47:39.689  1984  3082 D MiuiFreeFormManagerService: activeOrFullscreenFreeformTaskIfNeed startDefaultAr:false
04-03 21:47:39.692  1984  3082 W ActivityTaskManager: supportsMultiWindowInDisplayAreaForFreeForm: package=com.mi.android.globallauncher is in freeform blackList
04-03 21:47:39.693  1984  3082 D WindowManager: setLockTaskAuth: task=Task{2ebfaae #2 type=home I=com.mi.android.globallauncher/com.miui.home.launcher.Launcher} mLockTaskAuth=LOCK_TASK_AUTH_PINNABLE
04-03 21:47:39.695  4042  4236 D SessionLifecycleClient: Sending lifecycle 2 to service
04-03 21:47:39.695  1984  3082 D ActivityTaskManager: Delivered to top newTransition:TransitionRecord{5088a9a id=1446 type=OPEN flags=0x0} SoSc state:false starter:ActivityRecord{55bb345 u0 com.mi.android.globallauncher/com.miui.home.launcher.Launcher t-1}
04-03 21:47:39.695  4042  6282 D SessionLifecycleService: Activity backgrounding at 93013823
04-03 21:47:39.695  1984  3082 D WindowManager: Requesting StartTransition: TransitionRecord{5088a9a id=1446 type=OPEN flags=0x0}
04-03 21:47:39.695  4042  4042 D Launcher.Lifecycle: onPause:UserHandle{0},409438c,true
04-03 21:47:39.696  4042  4042 D Launcher_UnlockAnimationStateMachine: onPause = IDLE
04-03 21:47:39.696  4042  4042 D Launcher_UnlockAnimationStateMachine: setState:PAUSE_WAIT
04-03 21:47:39.696 15859 21470 D LauncherOverlay: setActivityState:1
04-03 21:47:39.696  4042  4042 D ServiceDeliveryReplaceHelper: onPause: widget to serviceDeliver isReplace false
04-03 21:47:39.696 15859 15859 I LauncherOverlayCallback: handleMessage WHAT_ACTIVITY_STATE_CHANGED what：1
04-03 21:47:39.696 15859 15859 D LauncherOverlay.Window: onPause
04-03 21:47:39.696 15859 15859 I LauncherOverlayCallback: handleMessage WHAT_LAUNCHER_STATE what：1
04-03 21:47:39.696 15859 15859 D LauncherOverlay.Window: launcherState 1
04-03 21:47:39.696 15859 15859 D LauncherOverlay.Window: resumedStateNow 1,resumedStateNew = 0
04-03 21:47:39.696 15859 15859 D LauncherOverlay.Window: launcherPause 
04-03 21:47:39.696  4042  4042 I Launcher: onNewIntent
04-03 21:47:39.696  4042  4042 I ConnectAnimFinishCallbackManager: mNeedShowLauncher = true, waitFrameworkAnimCallback = false
04-03 21:47:39.697  3986  4187 I SoScUtils: monitorTransitionRequest mRequestOpenTransition:null mRequestOpenTriggerTask:-1 mRequestCloseTransition:null mRequestCloseTriggerTask:-1 mRequestCloseStageType:-1
04-03 21:47:39.698  3986  3986 D BadgeCoordinator: recevie broadbcast ACTION_APPLICATION_MESSAGE_QUERY, requestFirstTime=false
04-03 21:47:39.699  1984  3082 I ActivityTaskManager: START u0 {act=android.intent.action.MAIN cat=[android.intent.category.HOME] flg=0x10000100 cmp=com.mi.android.globallauncher/com.miui.home.launcher.Launcher (has extras)} with LAUNCH_SINGLE_TASK from uid 0 from pid 0 callingPackage null callers: com.android.server.wm.RootWindowContainer.lambda$startHomeOnDisplay$11:1564 com.android.server.wm.RootWindowContainer.$r8$lambda$zDbqLY8yVs2-CTsfHP7FhguhRoM:0 com.android.server.wm.RootWindowContainer$$ExternalSyntheticLambda5.apply:16 com.android.server.wm.TaskDisplayArea.reduceOnAllTaskDisplayAreas:522  (BAL_ALLOW_ALLOWLISTED_UID) result code=3
04-03 21:47:39.699  4042  4042 D Launcher: isAlreadyOnHome: true, false, true
04-03 21:47:39.700  4042  4042 E RotationHelper: setCurrentStateRequest: request=0
04-03 21:47:39.700  4042  4042 D Launcher: isActivityLocked: mInAutoFilling: false, mWaitingForResult: false, !isFirstScreenLoaded: false, mIsAppLocating: false, mDropTargetBar.isUninstallAnimShowing(): false
04-03 21:47:39.700  4042  4042 D Launcher: onNewIntent Intent.ACTION_MAIN
04-03 21:47:39.700  1984  8418 D WindowManager: Set transition=TransitionRecord{5088a9a id=1446 type=OPEN flags=0x0}, ready=true, SyncId=1446 
04-03 21:47:39.700  4042  4042 D EventBus: No subscribers registered for event class com.miui.home.launcher.common.messages.CloseAllOverLauncherWindowMessage
04-03 21:47:39.700  4042  4042 D EventBus: No subscribers registered for event class org.greenrobot.eventbus.NoSubscriberEvent
04-03 21:47:39.704  4042  4042 D Launcher: onNewIntent alreadyOnHome
04-03 21:47:39.706  4042  4042 D UninstallDialogWrapper: mUninstallDialogShowing != isShowfalse, mUninstallDialogShowingfalse,isShowfalse
04-03 21:47:39.706  4042  4042 D Launcher: onNewIntentWhenAlreadyOnHome isSearchBarMenuShowing：false,false
04-03 21:47:39.706  4042  4042 D Launcher: onNewIntentWhenAlreadyOnHome closeFolder：true,false
04-03 21:47:39.706  1984  2264 D WindowManager: Final targets: []
04-03 21:47:39.706  1984  2264 D WindowManager: Calling onTransitionReady info={id=1446 t=OPEN f=0x0 trk=0 r=[] c=[] noAni=[false] df=[false] mk=[true] nc=[0]}, mToken=Token{13193a8 TransitionRecord{5088a9a id=1446 type=OPEN flags=0x0}}
04-03 21:47:39.706  4042  4223 D SessionLifecycleClient: Sending lifecycle 1 to service
04-03 21:47:39.706  1984  2264 I BLASTSyncEngine: finishNow: after onTransactionReady, mSyncId=1446
04-03 21:47:39.707  4042  6282 D SessionLifecycleService: Activity foregrounding at 93013835.
04-03 21:47:39.707  3986  4187 D WindowManagerShell: onActivityRestartAttempt: ComponentInfo{com.mi.android.globallauncher/com.miui.home.launcher.Launcher}
04-03 21:47:39.707  4042  4042 D Launcher: Launcher.DeviceConfig onResume bounds = Rect(0, 0 - 1080, 2400)
04-03 21:47:39.707  4042  4042 D Launcher.DropTargetBar: update uninstall active when NO drag, active=false (edit=7, isUninstallDialogShowing=false, isWidgetPreviewShowing=false, isDefaultScreenPreviewShowing=false, isMenuVisible=false)
04-03 21:47:39.707  4042  4042 D Launcher.Lifecycle: onResume:UserHandle{0},409438c,true
04-03 21:47:39.707  4042  4042 W Settings: Setting device_provisioned has moved from android.provider.Settings.Secure to android.provider.Settings.Global.
04-03 21:47:39.708  4042  4042 D SoscSplitStateController: updateDividerFixedState: isFixed = true
04-03 21:47:39.708  4042  4042 E Launcher.application: setClickAppWaitForCallback = false
04-03 21:47:39.708  4042  4042 D Launcher.FullbackHome: FallbackHomeCompat::needKillSelf::needKillSelf = false
04-03 21:47:39.709 15859 21470 D LauncherOverlay: setActivityState:3
04-03 21:47:39.709  4042  4042 D Launcher_UnlockAnimationStateMachine: onResume = PAUSE_WAIT
04-03 21:47:39.709  4042  4042 D Launcher_UnlockAnimationStateMachine: setState:IDLE
04-03 21:47:39.709  4042  4042 I Launcher: changeMIUIWidgetEditMode false
04-03 21:47:39.709  4042  4042 D StatusBarController: disableRecent: disable= false
04-03 21:47:39.709  4042  4042 D ServiceDeliveryReplaceHelper: onResume: widget to serviceDeliver isReplace false
04-03 21:47:39.709 15859 15859 I LauncherOverlayCallback: handleMessage WHAT_ACTIVITY_STATE_CHANGED what：3
04-03 21:47:39.709 15859 15859 D LauncherOverlay.Window: onResume
04-03 21:47:39.709 15859 15859 I LauncherOverlayCallback: handleMessage WHAT_LAUNCHER_STATE what：3
04-03 21:47:39.709 15859 15859 D LauncherOverlay.Window: launcherState 3
04-03 21:47:39.709 15859 15859 D LauncherOverlay.Window: resumedStateNow 0,resumedStateNew = 1
04-03 21:47:39.711  3986  4187 D SoScUtils: monitorTransitionFinished transition:android.os.BinderProxy@e40a471 transaction: android.view.SurfaceControl$Transaction@ea867c4 mRequestCloseTransition:null mRequestOpenTransition:null mPairsOpenTransition:null mPairsOpenTransitionNull:null mRequestOpenTriggerTask:-1 mRequestCloseTriggerTask:-1 mOrientationTransition: null mMainStartingTask:-1 mSideStartingTask:-1
04-03 21:47:39.712  7472  7472 I VideoToolBoxService: onReceive: android.intent.action.CLOSE_SYSTEM_DIALOGS
04-03 21:47:39.712  7472  7472 I GameBoosterService: onReceive: android.intent.action.CLOSE_SYSTEM_DIALOGS
04-03 21:47:39.713  3986  3986 I VolumeShowHideAnimator: isRunning: false, mExpanded: false
04-03 21:47:39.713  3986  3986 I VolumeExpandCollapsedAnimator: isRunning: false, mExpanded: false
04-03 21:47:39.713  3986  3986 I VolumePanelViewController_true: dismissH mShowing:false, reason:volume_controller, isAnimating: false, needShowDialog=true
04-03 21:47:39.713  3986  3986 I VolumeShowHideAnimator: isRunning: false, mExpanded: false
04-03 21:47:39.713  3986  3986 I VolumeExpandCollapsedAnimator: isRunning: false, mExpanded: false
04-03 21:47:39.713  3986  3986 I VolumePanelViewController_false: dismissH mShowing:false, reason:volume_controller, isAnimating: false, needShowDialog=false
04-03 21:47:39.714  7255  7295 I dqhe    : onCloseSystemDialogs
04-03 21:47:39.714  7255  7295 I dpoh    : (REDACTED) Listener was null, %s is not propagated
04-03 21:47:39.714  1305  2756 W VsyncModulator: setTransactionSchedule: Unexpected EarlyEnd
04-03 21:47:39.715  3986  4187 D SoScSplitScreenController: updateDividerFixedState isFixed:true
04-03 21:47:39.748  1305  1305 I BpBinder: onLastStrongRef automatically unlinking death recipients: 
04-03 21:47:40.219 24039 24039 D MediaVolumeConr: VolumeDialogReceiver, onReceive() action : android.intent.action.CLOSE_SYSTEM_DIALOGS, reason : homekey
04-03 21:47:40.219 24039 24039 I MediaVolumeConr: onTimeout: 0
04-03 21:47:40.342  1984  2273 D HeapUsage Monitor: HeapAllocSize : 118MB; monitorSize : 500MB
04-03 21:47:40.412  1894  1894 I wificond: station_bandwidth: 
04-03 21:47:40.414  1984  3116 I MiuiNetworkPolicy: updateUidState uid = 10381, uidState = 4
04-03 21:47:40.414  1984  3116 I MiuiNetworkPolicy: updateUidState uid = 10163, uidState = 5
04-03 21:47:40.415  4948  5241 I BtGatt.ScanManager: msg.what = MSG_IMPORTANCE_CHANGE, msg.arg1 = IMPORTANCE_CHANGE
04-03 21:47:40.415  4948  5241 D BtGatt.ScanManager: uid 10163 isForeground true scanMode 1
04-03 21:47:40.415  4948  5241 D BtGatt.ScanManager: uid 10163 isForeground true scanMode 3
04-03 21:47:40.437  1984  8418 W ActivityTaskManager: callingPackage for (uid=2000, pid=9236) has no WPC
04-03 21:47:40.438  1984  8418 D CompatibilityChangeReporter: Compat change id reported: 265464455; UID 10178; state: DISABLED
04-03 21:47:40.438  1984  8418 D CompatibilityChangeReporter: Compat change id reported: 265452344; UID 10178; state: DISABLED
04-03 21:47:40.438  1984  8418 D CompatibilityChangeReporter: Compat change id reported: 266124927; UID 10178; state: DISABLED
04-03 21:47:40.438  1984  8418 D CompatibilityChangeReporter: Compat change id reported: 265451093; UID 10178; state: DISABLED
04-03 21:47:40.438  1984  8418 D CompatibilityChangeReporter: Compat change id reported: 265456536; UID 10178; state: DISABLED
04-03 21:47:40.439  1984  8418 D CompatibilityChangeReporter: Compat change id reported: 255940284; UID 10178; state: DISABLED
04-03 21:47:40.439  1984  8418 D CompatibilityChangeReporter: Compat change id reported: 236283604; UID 10178; state: DISABLED
04-03 21:47:40.439  1984  8418 D CompatibilityChangeReporter: Compat change id reported: 263959004; UID 10178; state: DISABLED
04-03 21:47:40.439  1984  8418 D CompatibilityChangeReporter: Compat change id reported: 264304459; UID 10178; state: DISABLED
04-03 21:47:40.439  1984  8418 D CompatibilityChangeReporter: Compat change id reported: 264301586; UID 10178; state: DISABLED
04-03 21:47:40.439  1984  8418 D CompatibilityChangeReporter: Compat change id reported: 254631730; UID 10178; state: DISABLED
04-03 21:47:40.440  1984  8418 D CompatibilityChangeReporter: Compat change id reported: 273509367; UID 10178; state: DISABLED
04-03 21:47:40.440  1984  8418 D CompatibilityChangeReporter: Compat change id reported: 263259275; UID 10178; state: DISABLED
04-03 21:47:40.440  1984  8418 D CompatibilityChangeReporter: Compat change id reported: 174042980; UID 10178; state: DISABLED
04-03 21:47:40.440  1984  8418 D CompatibilityChangeReporter: Compat change id reported: 174042936; UID 10178; state: DISABLED
04-03 21:47:40.440  1984  8418 D CompatibilityChangeReporter: Compat change id reported: 181136395; UID 10178; state: DISABLED
04-03 21:47:40.443  1984  8418 D CompatibilityChangeReporter: Compat change id reported: 194480991; UID 10178; state: ENABLED
04-03 21:47:40.444  1984  8418 I SmartPower: com.google.android.gm/10178(3181): idle->invisible(75270ms) R(become foreground) adj=900.
04-03 21:47:40.444  1984  8418 D WindowManager: Collecting in transition 1447: ActivityRecord{8f35f9d u0 com.google.android.gm/.ConversationListActivityGmail init visibleRequested:false
04-03 21:47:40.444  1984  8418 D MiuiFreeFormManagerService: activeOrFullscreenFreeformTaskIfNeed startDefaultAr:false
04-03 21:47:40.445  1984  8418 D MiuiFreeFormManagerService: onStartActivityInner as = Task{268384e #13987 type=standard A=10178:com.google.android.gm} op = null
04-03 21:47:40.448  1984  8418 D WindowManagerService: checkFlipFullScreenChange is same, nowIsFullScreen = false
04-03 21:47:40.450  1984  8418 D WindowManager: wms.Input focus has changed to null display=0 updateInputWindows = true
04-03 21:47:40.450  1984  8418 I MultiSenceManagerInternalStub: getInstance
04-03 21:47:40.451  1984  8418 D WindowManager: setLockTaskAuth: task=Task{268384e #13987 type=standard A=10178:com.google.android.gm} mLockTaskAuth=LOCK_TASK_AUTH_PINNABLE
04-03 21:47:40.454  1187  1187 E vendor.qti.hardware.perf@2.2-service: Unknown params
04-03 21:47:40.454  1984  8418 D PerfStubImpl: perfWarmLaunchBoost: com.google.android.gm, -1, 1
04-03 21:47:40.454  1187  1187 E vendor.qti.hardware.perf@2.2-service: Unknown params
04-03 21:47:40.454  1187  1187 E ANDR-PERF-DATA-POOL: EventDataPool is Full
04-03 21:47:40.454  1187  1187 E ANDR-PERF-MPCTL: perf request submission limit reached.
04-03 21:47:40.455  1984  8418 D ActivityTrigger: ActivityTrigger activityPauseTrigger 
04-03 21:47:40.455  1187  1187 E vendor.qti.hardware.perf@2.2-service: Unknown params
04-03 21:47:40.455  1984  8418 I ActivityRecordImpl: pauseImmediately
04-03 21:47:40.456  1984  8418 D WindowManager: Collecting in transition 1447: ActivityRecord{4f8ceab u0 com.mi.android.globallauncher/com.miui.home.launcher.Launcher t2} init visibleRequested:true
04-03 21:47:40.457  1984  8418 D WindowManager: Collecting in transition 1447: WallpaperWindowToken{64824c4 token=android.os.Binder@f6ed756} init visibleRequested:true
04-03 21:47:40.457  1984  8418 D WindowManager: Collecting in transition 1447: WallpaperWindowToken{ab4af23 token=android.os.BinderProxy@cd0e052} init visibleRequested:true
04-03 21:47:40.458  1984  8418 D WindowManager: Collecting in transition 1447: ActivityRecord{836b950 u0 com.google.android.gm/.ConversationListActivityGmail t13987} init visibleRequested:false
04-03 21:47:40.458  1984  8418 D WindowManagerService: checkFlipFullScreenChange is same, nowIsFullScreen = false
04-03 21:47:40.460  1984  8418 D WindowManager: Collecting in transition 1447: ActivityRecord{836b950 u0 com.google.android.gm/.ConversationListActivityGmail t13987} init visibleRequested:true
04-03 21:47:40.461  1984  8418 D WindowManager: Collecting in transition 1447: ActivityRecord{8f35f9d u0 com.google.android.gm/.ConversationListActivityGmail t-1} init visibleRequested:false
04-03 21:47:40.461  1984  8418 D WindowManager: Requesting StartTransition: TransitionRecord{72fbc12 id=1447 type=OPEN flags=0x0}
04-03 21:47:40.462  3986  4187 I SoScUtils: monitorTransitionRequest mRequestOpenTransition:null mRequestOpenTriggerTask:-1 mRequestCloseTransition:null mRequestCloseTriggerTask:-1 mRequestCloseStageType:-1
04-03 21:47:40.465  1984  8418 D CompatibilityChangeReporter: Compat change id reported: 194833441; UID 10178; state: ENABLED
04-03 21:47:40.465  1984  8418 I ActivityTaskManager: START u0 {flg=0x10000000 cmp=com.google.android.gm/.ConversationListActivityGmail} with LAUNCH_SINGLE_TOP from uid 2000 from pid 9236 callingPackage com.android.shell (BAL_ALLOW_PERMISSION) result code=2
04-03 21:47:40.469  3986  3986 I FocusedNotifPromptContr: onTopActivityMayChanged: isSupportPip false, isFocus false
04-03 21:47:40.469  3986  3986 I FocusedNotifPromptContr: onTopActivityMayChanged: topActivity=com.google.android.gm
04-03 21:47:40.469  3986  3986 I FocusedNotifPromptContr: topActivityMayChanged: topActivity=com.google.android.gm
04-03 21:47:40.469  3986  3986 D KeyguardEditorHelper: onTopActivityMayChanged, topActivity=ComponentInfo{com.google.android.gm/com.google.android.gm.ui.MailActivityGmail}; mState=IDEL
04-03 21:47:40.469  4042  6268 D SessionLifecycleClient: Sending lifecycle 2 to service
04-03 21:47:40.469  4042  6282 D SessionLifecycleService: Activity backgrounding at 93014597
04-03 21:47:40.470  4042  4042 D Launcher.Lifecycle: onPause:UserHandle{0},409438c,true
04-03 21:47:40.470  4042  4042 D Launcher_UnlockAnimationStateMachine: onPause = IDLE
04-03 21:47:40.470  4042  4042 D Launcher_UnlockAnimationStateMachine: setState:PAUSE_WAIT
04-03 21:47:40.470  1984  2287 D ATMSImpl: Begin to report package foreground events...
04-03 21:47:40.470 15859 21470 D LauncherOverlay: setActivityState:1
04-03 21:47:40.470 15859 15859 I LauncherOverlayCallback: handleMessage WHAT_ACTIVITY_STATE_CHANGED what：1
04-03 21:47:40.470 15859 15859 D LauncherOverlay.Window: onPause
04-03 21:47:40.470 15859 15859 I LauncherOverlayCallback: handleMessage WHAT_LAUNCHER_STATE what：1
04-03 21:47:40.470 15859 15859 D LauncherOverlay.Window: launcherState 1
04-03 21:47:40.470 15859 15859 D LauncherOverlay.Window: resumedStateNow 1,resumedStateNew = 0
04-03 21:47:40.470 15859 15859 D LauncherOverlay.Window: launcherPause 
04-03 21:47:40.471  4042  4042 D ServiceDeliveryReplaceHelper: onPause: widget to serviceDeliver isReplace false
04-03 21:47:40.471  1984  6633 D WindowManager: Set transition=TransitionRecord{72fbc12 id=1447 type=OPEN flags=0x0}, ready=true, SyncId=1447 
04-03 21:47:40.472  1984  3207 I NetworkBoostStatusManager: onForegroundInfoChanged uid:10178, isColdStart:false
04-03 21:47:40.472  1984  3207 I SLM-SRV-SLAToast: foreground uid:10178, isColdStart:false, isLinkTurboEnable:false
04-03 21:47:40.472  1984  3207 D NetworkSDKService: handleMultiAppsDualWifi isSet = false isEverOpened = false
04-03 21:47:40.472  3986  4187 D MiuiFullScreenTaskRepository: removeFocusedTask displayId=0
04-03 21:47:40.472  3986  4187 D MiuiFullScreenTaskRepository: addOrUpdateFullScreenTaskInfo taskId=1, topActivity=ComponentInfo{com.mi.android.globallauncher/com.miui.home.launcher.Launcher}
04-03 21:47:40.472  3986  4187 D MiuiFullScreenTaskRepository: setFocusedTask taskId=13987, displayId=0, topActivity=ComponentInfo{com.google.android.gm/com.google.android.gm.ui.MailActivityGmail}
04-03 21:47:40.472  4948  4970 D MiuiBluetoothLatencyMode: ForegroundInfo{mForegroundPackageName='com.google.android.gm', mForegroundUid=10178, mForegroundPid=3181, mLastForegroundPackageName='com.mi.android.globallauncher', mLastForegroundUid=10082, mLastForegroundPid=4042, mMultiWindowForegroundPackageName='com.google.android.gm', mMultiWindowForegroundUid=10178, mFlags=0}
04-03 21:47:40.472  3986  4187 D MiuiFullScreenTaskRepository: addOrUpdateFullScreenTaskInfo taskId=13987, topActivity=ComponentInfo{com.google.android.gm/com.google.android.gm.ui.MailActivityGmail}
04-03 21:47:40.472  4948  4970 E bt_btif : btif_get_adapter_property : invalid type 246
04-03 21:47:40.472  3986  4187 D MiuiDesktopModeController: onFocusTaskChanged newFocus: TaskInfo{userId=0 taskId=13987 displayId=0 isRunning=true baseIntent=Intent { act=android.intent.action.MAIN cat=[android.intent.category.LAUNCHER] flg=0x10200000 cmp=com.google.android.gm/.ConversationListActivityGmail } baseActivity=ComponentInfo{com.google.android.gm/com.google.android.gm.ui.MailActivityGmail} topActivity=ComponentInfo{com.google.android.gm/com.google.android.gm.ui.MailActivityGmail} origActivity=ComponentInfo{com.google.android.gm/com.google.android.gm.ConversationListActivityGmail} realActivity=ComponentInfo{com.google.android.gm/com.google.android.gm.ui.MailActivityGmail} numActivities=1 lastActiveTime=186432635 supportsSplitScreenMultiWindow=true supportsMultiWindow=true resizeMode=2 isResizeable=true minWidth=-1 minHeight=-1 defaultMinSize=200 token=WCT{android.window.IWindowContainerToken$Stub$Proxy@1a63c30} topActivityType=1 pictureInPictureParams=null shouldDockBigOverlays=false launchIntoPipHostTaskId=-1 lastParentTaskIdBeforePip=-1 displayCutoutSafeInsets=null topActivityInfo=ActivityInfo{73e70a9 com.google.android.gm.ConversationListActivityGmail} launchCookies=[] positionInParent=Point(0, 0) parentTaskId=-1 isFocused=true isVisible=false isVisibleRequested=true isSleeping=false topActivityInSizeCompat=false topActivityInMiuiSizeCompat=false topActivityEligibleForLetterboxEducation= false topActivityLetterboxed= false isFromDoubleTap= false topActivityLetterboxVerticalPosition= -1 topActivityLetterboxHorizontalPosition= -1 topActivityLetterboxWidth=-1 topActivityLetterboxHeight=-1 locusId=null displayAreaFeatureId=1 cameraCompatControlState=hidden mIsCastMode=false mTopActivityMediaSize=null mTopActivityRecordName=ActivityRecord{836b950 u0 com.google.android.gm/.ConversationListActivityGmail t13987} mTopActivityOrientation=-1 mTopActivityWindowIsNowVisible=false isTranslucent=false isEmbedded=false shouldBeVisible=true isImmersive=false mBehindAppLockPkg=null mOriginatingUid=0}
04-03 21:47:40.472  4948  4970 E BluetoothAdapterService: getActiveDevices: LeAudioService is null
04-03 21:47:40.472  3986  4187 D MiuiFreeformModeController: onFocusTaskChanged taskInfo: TaskInfo{userId=0 taskId=13987 displayId=0 isRunning=true baseIntent=Intent { act=android.intent.action.MAIN cat=[android.intent.category.LAUNCHER] flg=0x10200000 cmp=com.google.android.gm/.ConversationListActivityGmail } baseActivity=ComponentInfo{com.google.android.gm/com.google.android.gm.ui.MailActivityGmail} topActivity=ComponentInfo{com.google.android.gm/com.google.android.gm.ui.MailActivityGmail} origActivity=ComponentInfo{com.google.android.gm/com.google.android.gm.ConversationListActivityGmail} realActivity=ComponentInfo{com.google.android.gm/com.google.android.gm.ui.MailActivityGmail} numActivities=1 lastActiveTime=186432635 supportsSplitScreenMultiWindow=true supportsMultiWindow=true resizeMode=2 isResizeable=true minWidth=-1 minHeight=-1 defaultMinSize=200 token=WCT{android.window.IWindowContainerToken$Stub$Proxy@1a63c30} topActivityType=1 pictureInPictureParams=null shouldDockBigOverlays=false launchIntoPipHostTaskId=-1 lastParentTaskIdBeforePip=-1 displayCutoutSafeInsets=null topActivityInfo=ActivityInfo{73e70a9 com.google.android.gm.ConversationListActivityGmail} launchCookies=[] positionInParent=Point(0, 0) parentTaskId=-1 isFocused=true isVisible=false isVisibleRequested=true isSleeping=false topActivityInSizeCompat=false topActivityInMiuiSizeCompat=false topActivityEligibleForLetterboxEducation= false topActivityLetterboxed= false isFromDoubleTap= false topActivityLetterboxVerticalPosition= -1 topActivityLetterboxHorizontalPosition= -1 topActivityLetterboxWidth=-1 topActivityLetterboxHeight=-1 locusId=null displayAreaFeatureId=1 cameraCompatControlState=hidden mIsCastMode=false mTopActivityMediaSize=null mTopActivityRecordName=ActivityRecord{836b950 u0 com.google.android.gm/.ConversationListActivityGmail t13987} mTopActivityOrientation=-1 mTopActivityWindowIsNowVisible=false isTranslucent=false isEmbedded=false shouldBeVisible=true isImmersive=false mBehindAppLockPkg=null mOriginatingUid=0}
04-03 21:47:40.472  4948  4970 D MiuiBluetoothLatencyMode: ActiveProfile: -1
04-03 21:47:40.472  3986  4187 D OneHandedController: stopOneHanded state is 0
04-03 21:47:40.473  3986  3986 D BadgeCoordinator: recevie broadbcast ACTION_APPLICATION_MESSAGE_QUERY, requestFirstTime=false
04-03 21:47:40.473  9868 18734 I GST     : forePkg: com.google.android.gm, preForePkg: com.mi.android.globallauncher
04-03 21:47:40.474  1984  2264 I BLASTSyncEngine: SyncGroup 1447:  Unfinished container:ActivityRecord{836b950 u0 com.google.android.gm/.ConversationListActivityGmail t13987}
04-03 21:47:40.474  1984  2264 I BLASTSyncEngine: isActivitySyncFinished isSyncFinished false ActivityRecord{836b950 u0 com.google.android.gm/.ConversationListActivityGmail t13987}
04-03 21:47:40.474  7472 13391 I ProcessMonitor: onForegroundInfoChanged: ForegroundInfo{mForegroundPackageName='com.google.android.gm', mForegroundUid=10178, mForegroundPid=3181, mLastForegroundPackageName='com.mi.android.globallauncher', mLastForegroundUid=10082, mLastForegroundPid=4042, mMultiWindowForegroundPackageName='com.google.android.gm', mMultiWindowForegroundUid=10178, mFlags=0}
04-03 21:47:40.474  6836 31965 D PerfEngineController: ForegroundInfo{mForegroundPackageName='com.google.android.gm', mForegroundUid=10178, mForegroundPid=3181, mLastForegroundPackageName='com.mi.android.globallauncher', mLastForegroundUid=10082, mLastForegroundPid=4042, mMultiWindowForegroundPackageName='com.google.android.gm', mMultiWindowForegroundUid=10178, mFlags=0}
04-03 21:47:40.475  9868 18734 D VENUS_GAMEAI_START_GameAiStartManager: 高能时刻未安装
04-03 21:47:40.475  1187  1187 E vendor.qti.hardware.perf@2.2-service: Unknown params
04-03 21:47:40.475  1187  1187 E ANDR-PERF-DATA-POOL: EventDataPool is Full
04-03 21:47:40.475  1187  1187 E ANDR-PERF-MPCTL: perf request submission limit reached.
04-03 21:47:40.475  1187  1187 E vendor.qti.hardware.perf@2.2-service: Unknown params
04-03 21:47:40.475  1187  1187 E ANDR-PERF-DATA-POOL: EventDataPool is Full
04-03 21:47:40.475  1187  1187 E ANDR-PERF-MPCTL: perf request submission limit reached.
04-03 21:47:40.476  7472 13391 I GameBoosterService: onForegroundInfoChanged: Cur=com.google.android.gm	 last=com.mi.android.globallauncher
04-03 21:47:40.476  1984  4501 D CompatibilityChangeReporter: Compat change id reported: 197654537; UID 1000; state: ENABLED
04-03 21:47:40.476  7472 13391 D GameBoosterService: onGameStatusChange foreground:ForegroundInfo{mForegroundPackageName='com.google.android.gm', mForegroundUid=10178, mForegroundPid=3181, mLastForegroundPackageName='com.mi.android.globallauncher', mLastForegroundUid=10082, mLastForegroundPid=4042, mMultiWindowForegroundPackageName='com.google.android.gm', mMultiWindowForegroundUid=10178, mFlags=0}
04-03 21:47:40.476  7472 13391 I VideoBoxUtils: isSupportVideoBox: true
04-03 21:47:40.476  7472 13391 I VideoToolBoxService: splitMode: onfalse
04-03 21:47:40.477 31918   558 I efti    : (REDACTED) appOpsListener %s %s
04-03 21:47:40.477 31918   558 I efti    : (REDACTED) Ignoring irrelevant audio permission changes for package %s
04-03 21:47:40.478  1984  2260 D Aurogon :  uid = 10178 switch to FG
04-03 21:47:40.478  7472 13391 D FreeformUtil: retrieveFirstNoFreeformRootTaskInfo: windowMode = 1
04-03 21:47:40.478  4948  4970 D MiuiBluetoothLatencyMode: onForegroundActivitiesChanged, pid: 3181 uid: 10178 foregroundActivities: true
04-03 21:47:40.479  1984  2263 D SchedBoost: com.mi.globalminusscreen boosting, skip reset priority
04-03 21:47:40.479  7002  7025 D PMonitor:  onForegroundActivitiesChanged:pid = 3181,activity-uid=10178,foregroundActivities=true
04-03 21:47:40.483  7472 13391 I VideoToolBoxService: not support vtb. skipExit : false
04-03 21:47:40.483  7472 13391 I BeautyService: onForegroundInfoChanged: Cur=com.google.android.gm	 last=com.mi.android.globallauncher
04-03 21:47:40.483  3986  4187 D WindowManagerShell: onActivityRestartAttempt: ComponentInfo{com.google.android.gm/com.google.android.gm.ui.MailActivityGmail}
04-03 21:47:40.486  4042  4042 D Launcher.Lifecycle: onWindowFocusChanged:false,UserHandle{0},409438c,true
04-03 21:47:40.487  1984  2401 D DisplayFeatureManagerService: setScreenEffect displayId=0 mode=18 value=1 cookie=255 from pid=1984
04-03 21:47:40.488  1984  3116 I MiuiNetworkPolicy: updateUidState uid = 10178, uidState = 2
04-03 21:47:40.489  1984  6633 D InputDispatcher: setFocusedWindow <null> on display 0 ignored, reason: already focused
04-03 21:47:40.489  4042  4042 D EditorStubImpl: Type = 2, RectF = RectF(262.0, 1400.0, 372.0, 1510.0), mInsertionHandleData = [HandleData{mIsShow=false, mPosition=RectF(262.0, 1400.0, 372.0, 1510.0)}]
04-03 21:47:40.490  1984  3194 D isUidValid: uid = 10178
04-03 21:47:40.491  3181  5922 D AppScoutStateMachine: 3181-ScoutStateMachinecreated
04-03 21:47:40.492  7472 22751 D x1      : myUserId = 0	currentUserId0
04-03 21:47:40.492  1984  3116 I MiuiNetworkPolicy: updateUidState uid = 99160, uidState = 3
04-03 21:47:40.492  1984  3116 I MiuiNetworkPolicy: updateUidState uid = 99147, uidState = 3
04-03 21:47:40.492  1984  3116 I MiuiNetworkPolicy: updateUidState uid = 10381, uidState = 3
04-03 21:47:40.492  1984  3116 I MiuiNetworkPolicy: updateUidState uid = 10163, uidState = 3
04-03 21:47:40.493  4948  5241 I BtGatt.ScanManager: msg.what = MSG_IMPORTANCE_CHANGE, msg.arg1 = IMPORTANCE_CHANGE
04-03 21:47:40.493  4948  5241 D BtGatt.ScanManager: uid 10163 isForeground true scanMode 1
04-03 21:47:40.493  4948  5241 D BtGatt.ScanManager: uid 10163 isForeground true scanMode 3
04-03 21:47:40.494  1984  3194 D isUidValid: uid = 99160
04-03 21:47:40.495  1218  1218 D DisplayFeatureHal: setFeatureEnable: displayId = 0, FeatureId=BCBC_CUST_STATE modeId=1 cookie=255
