04-03 21:47:40.495  1218  1218 D DisplayFeatureHal: current wcg state 0, setting to 0
04-03 21:47:40.495  1218  1218 D DisplayFeatureHal: notifySFWcgState enable = 0
04-03 21:47:40.499  1305  1474 D MI-SF   : updateScene: module = 258 (TpIdle), value = 1, pkg = com.google.android.gm, Vrr = 1
04-03 21:47:40.499  1305  1474 D MI-SF   : updateScene mSetTpIdleFlag 1
04-03 21:47:40.500  1305  1305 I BpBinder: onLastStrongRef automatically unlinking death recipients: 
04-03 21:47:40.501  1107  1107 D vendor.qti.bluetooth@1.0-ibs_handler: SerialClockVote: vote for UART CLK ON
04-03 21:47:40.502  1107  1107 D vendor.qti.bluetooth@1.0-wake_lock: Acquire wakelock is acquired 
04-03 21:47:40.502  1107  1107 I vendor.qti.bluetooth@1.0-ibs_handler: DeviceWakeUp: Writing IBS_WAKE_IND
04-03 21:47:40.502  1218  1376 D DisplayModuleUtils: setBCBCFunction , open BCBC
04-03 21:47:40.502  1218  1376 D ColorManager: handleHistogramCmd enable histogram
04-03 21:47:40.502  1218  1376 D ColorManager: registerHistogram enter i= 0, hist_users[i] = 20, enable  = 1
04-03 21:47:40.502  1218  1376 E ColorManager: crtc0 register Histogram enable:1 ->failed
04-03 21:47:40.502  1218  1376 D ColorManager: registerHistogram enter i= 1, hist_users[i] = 20, enable  = 1
04-03 21:47:40.502  1218  1376 E ColorManager: crtc1 register Histogram enable:1 ->failed
04-03 21:47:40.502  1218  1376 D ColorManager: registerHistogram enter i= 2, hist_users[i] = 20, enable  = 1
04-03 21:47:40.502  1218  1376 E ColorManager: crtc2 register Histogram enable:1 ->failed
04-03 21:47:40.507  1107  5516 I vendor.qti.bluetooth@1.0-ibs_handler: ProcessIbsCmd: Received IBS_WAKE_ACK: 0xFC
04-03 21:47:40.507  1107  5516 I vendor.qti.bluetooth@1.0-ibs_handler: ProcessIbsCmd: Signal wack_cond_
04-03 21:47:40.507  1107  1107 D vendor.qti.bluetooth@1.0-ibs_handler: DeviceWakeUp: Unblocked from waiting for FC, pthread_cond_timedwait ret = 0
04-03 21:47:40.508  1107  5516 I vendor.qti.bluetooth@1.0-ibs_handler: ProcessIbsCmd: Received IBS_WAKE_IND: 0xFD
04-03 21:47:40.508  1107  5516 I vendor.qti.bluetooth@1.0-ibs_handler: ProcessIbsCmd: Writing IBS_WAKE_ACK
04-03 21:47:40.517  1305  1305 D RefreshRateSelector: Touch Boost
04-03 21:47:40.518  1305  1305 D MI-SF   : mIsSupportAutomodeForMaxFpsSetting is 0(0), getCurrentBrightness() = 49(328), mIsKeepAutoMode 0
04-03 21:47:40.518  1305  1305 D RefreshRateSelector: fixedMode_group: 0, isFindModeGroup 0
04-03 21:47:40.518  1305  1305 D RefreshRateSelector: find max refresh rate:60, mode Group:0
04-03 21:47:40.533  1984  3217 I SmartPower: com.google.android.apps.restore/10160(6923): background->idle(3002ms) R(service unbind com.google.android.apps.restore/.backup.photos.apiservice.PhotosBackupApiEndpointService) adj=905.
04-03 21:47:40.542  1984  5852 D CoreBackPreview: Window{6f9c422 u0 com.google.android.gm/com.google.android.gm.ConversationListActivityGmail}: Setting back callback OnBackInvokedCallbackInfo{mCallback=android.window.IOnBackInvokedCallback$Stub$Proxy@cd10f37, mPriority=0, mIsAnimationCallback=true}
04-03 21:47:40.543  1984  4081 D ConnectivityService: requestNetwork for uid/pid:10178/3181 activeRequest: null callbackRequest: 15263 [NetworkRequest [ REQUEST id=15264, [ Capabilities: INTERNET&NOT_RESTRICTED&TRUSTED&NOT_VCN_MANAGED Uid: 10178 RequestorUid: 10178 RequestorPkg: com.google.android.gm UnderlyingNetworks: Null] ]] callback flags: 0 order: 2147483647 isUidTracked: false declaredMethods: AVAIL|LOST|NC
04-03 21:47:40.548 16219 16219 D BoundBrokerSvc: onBind: Intent { act=com.google.android.gms.people.service.START pkg=com.google.android.gms }
04-03 21:47:40.548 16219 16219 D BoundBrokerSvc: Loading bound service for intent: Intent { act=com.google.android.gms.people.service.START pkg=com.google.android.gms }
04-03 21:47:40.550  1107  5516 I vendor.qti.bluetooth@1.0-ibs_handler: ProcessIbsCmd: Received IBS_SLEEP_IND: 0xFE
04-03 21:47:40.550  1984  3117 D WifiNetworkFactory: got request NetworkRequest [ REQUEST id=15264, [ Capabilities: INTERNET&NOT_RESTRICTED&TRUSTED&NOT_VCN_MANAGED Uid: 10178 RequestorUid: 10178 RequestorPkg: com.google.android.gm UnderlyingNetworks: Null] ]
04-03 21:47:40.550  1984  3117 D UntrustedWifiNetworkFactory: got request NetworkRequest [ REQUEST id=15264, [ Capabilities: INTERNET&NOT_RESTRICTED&TRUSTED&NOT_VCN_MANAGED Uid: 10178 RequestorUid: 10178 RequestorPkg: com.google.android.gm UnderlyingNetworks: Null] ]
04-03 21:47:40.550  1984  3117 D OemPaidWifiNetworkFactory: got request NetworkRequest [ REQUEST id=15264, [ Capabilities: INTERNET&NOT_RESTRICTED&TRUSTED&NOT_VCN_MANAGED Uid: 10178 RequestorUid: 10178 RequestorPkg: com.google.android.gm UnderlyingNetworks: Null] ]
04-03 21:47:40.551  1984  3117 D MultiInternetWifiNetworkFactory: got request NetworkRequest [ REQUEST id=15264, [ Capabilities: INTERNET&NOT_RESTRICTED&TRUSTED&NOT_VCN_MANAGED Uid: 10178 RequestorUid: 10178 RequestorPkg: com.google.android.gm UnderlyingNetworks: Null] ]
04-03 21:47:40.552  1984  4081 D ActivityManager: checkAllowBackground: uid=10163 pkg=com.google.android.gms rec=UidRecord{b6f4724 u0a163 BTOP change:procadj procs:0 seq(1236581,909158)} caps=LCMNFU always=false idle=false
04-03 21:47:40.553  1984  3130 D ConnectivityService: NetReassign [15264 : null → 159] [c 0] [a 2] [i 6]
04-03 21:47:40.558  4042  4473 D RecentsModel: onTaskStackChangedBackground    MSG_TASK_STACK_CHANGE
04-03 21:47:40.558  7472 13391 I SCTaskStackListener: onTaskStackChanged! inSplit = false
04-03 21:47:40.559  4042  4526 D EventBus: No subscribers registered for event class com.miui.home.recents.messages.RecentTasksChangedEvent
04-03 21:47:40.559  4042  4526 D EventBus: No subscribers registered for event class org.greenrobot.eventbus.NoSubscriberEvent
04-03 21:47:40.560  4042  4473 W RecentsModel: getRunningTask   taskInfo=TaskInfo{userId=0 taskId=13987 displayId=0 isRunning=true baseIntent=Intent { act=android.intent.action.MAIN cat=[android.intent.category.LAUNCHER] flg=0x10200000 cmp=com.google.android.gm/.ConversationListActivityGmail } baseActivity=ComponentInfo{com.google.android.gm/com.google.android.gm.ui.MailActivityGmail} topActivity=ComponentInfo{com.google.android.gm/com.google.android.gm.ui.MailActivityGmail} origActivity=ComponentInfo{com.google.android.gm/com.google.android.gm.ConversationListActivityGmail} realActivity=ComponentInfo{com.google.android.gm/com.google.android.gm.ui.MailActivityGmail} numActivities=1 lastActiveTime=186432741 supportsSplitScreenMultiWindow=true supportsMultiWindow=true resizeMode=2 isResizeable=true minWidth=-1 minHeight=-1 defaultMinSize=200 token=WCT{android.window.IWindowContainerToken$Stub$Proxy@d27da0e} topActivityType=1 pictureInPictureParams=null shouldDockBigOverlays=false launchIntoPipHostTaskId=-1 lastParentTaskIdBeforePip=-1 displayCutoutSafeInsets=null topActivityInfo=ActivityInfo{33c4c2f com.google.android.gm.ConversationListActivityGmail} launchCookies=[] positionInParent=Point(0, 0) parentTaskId=-1 isFocused=true isVisible=false isVisibleRequested=true isSleeping=false topActivityInSizeCompat=false topActivityInMiuiSizeCompat=false topActivityEligibleForLetterboxEducation= false topActivityLetterboxed= false isFromDoubleTap= false topActivityLetterboxVerticalPosition= -1 topActivityLetterboxHorizontalPosition= -1 topActivityLetterboxWidth=-1 topActivityLetterboxHeight=-1 locusId=null displayAreaFeatureId=1 cameraCompatControlState=hidden mIsCastMode=false mTopActivityMediaSize=null mTopActivityRecordName=ActivityRecord{836b950 u0 com.google.android.gm/.ConversationListActivityGmail t13987} mTopActivityOrientation=-1 mTopActivityWindowIsNowVisible=false isTranslucent=false isEmbedded=false shouldBeVisible=true isImmersive=false mBehindAppLockPkg=null mOriginatingUid=0}
04-03 21:47:40.560  4042  4473 D RecentsModel: preloadRecents runningTaskId:13987, mCurrentRunningTaskId:-1, mRecentsTaskLoadPlan=com.android.systemui.shared.recents.model.RecentsTaskLoadPlan@b3cf23c
04-03 21:47:40.560  7472 22751 I SCTaskStackListener: onTaskStackChanged! inSplit = false
04-03 21:47:40.560  4042  4473 E ActivityManagerWrapper: get all recent tasks force including 13987
04-03 21:47:40.562  1984  5907 D CompatibilityChangeReporter: Compat change id reported: 161145287; UID 10178; state: ENABLED
04-03 21:47:40.563 16219 16219 D BoundBrokerSvc: onBind: Intent { act=com.google.android.gms.feedback.internal.IFeedbackService pkg=com.google.android.gms }
04-03 21:47:40.563 16219 16219 D BoundBrokerSvc: Loading bound service for intent: Intent { act=com.google.android.gms.feedback.internal.IFeedbackService pkg=com.google.android.gms }
04-03 21:47:40.567  1984  6633 D CompatibilityChangeReporter: Compat change id reported: 261072174; UID 1000; state: ENABLED
04-03 21:47:40.567  4042  4473 E ActivityManagerWrapper: getRecentTasksForceIncludingTaskIdIfValid: getRecentTasks: size=7
04-03 21:47:40.567  4042  4473 E ActivityManagerWrapper:  mainTaskId=13987   userId=0   windowMode=1   baseIntent=Intent { act=android.intent.action.MAIN flag=270532608 cmp=ComponentInfo{com.google.android.gm/com.google.android.gm.ConversationListActivityGmail} }
04-03 21:47:40.567  4042  4473 E ActivityManagerWrapper:  mainTaskId=13977   userId=0   windowMode=1   baseIntent=Intent { act=android.settings.ACCESSIBILITY_SETTINGS flag=268435456 cmp=ComponentInfo{com.android.settings/com.android.settings.accessibility.MiuiAccessibilitySettingsActivity} }
04-03 21:47:40.567  4042  4473 E ActivityManagerWrapper:  mainTaskId=13974   userId=0   windowMode=1   baseIntent=Intent { act=android.intent.action.MAIN flag=270532608 cmp=ComponentInfo{app.blearn.mobile/app.blearn.mobile.MainActivity} }
04-03 21:47:40.567  4042  4473 E ActivityManagerWrapper:  mainTaskId=13964   userId=0   windowMode=1   baseIntent=Intent { act=android.intent.action.VIEW flag=318767104 cmp=ComponentInfo{com.google.android.apps.maps/com.google.android.maps.MapsActivity} }
04-03 21:47:40.567  4042  4473 E ActivityManagerWrapper:  mainTaskId=13960   userId=0   windowMode=1   baseIntent=Intent { act=android.intent.action.MAIN flag=268500992 cmp=ComponentInfo{com.s_payment.mobiles_bezahlen/de.starfinanz.payment.MainActivity} }
04-03 21:47:40.567  4042  4473 E ActivityManagerWrapper:  mainTaskId=13957   userId=0   windowMode=1   baseIntent=Intent { act=android.intent.action.MAIN flag=270532608 cmp=ComponentInfo{volumebooster.soundspeaker.louder/volumebooster.soundspeaker.louder.splash.SplashActivity} }
04-03 21:47:40.567  4042  4473 E ActivityManagerWrapper:  mainTaskId=13930   userId=0   windowMode=1   baseIntent=Intent { act=android.intent.action.MAIN flag=335544320 cmp=ComponentInfo{com.android.deskclock/com.android.deskclock.DeskClockTabActivity} }
04-03 21:47:40.572  4042  4473 D WorldCirculate: getWorldCirculateInfo, taskInfo.baseIntent=Intent { act=android.intent.action.MAIN cat=[android.intent.category.LAUNCHER] flg=0x10200000 cmp=app.blearn.mobile/.MainActivity }, displayId=-1, but get Display failed
04-03 21:47:40.573  1984  6633 I ClipboardServiceI: checkProviderWakePathForClipboard: primaryClip is null
04-03 21:47:40.581  4042  4473 D TaskSnapshotCompatVU: getIsInvalidateFromTaskSnapshot, don't find method
04-03 21:47:40.581  3181  3181 W oqm     : [Hub Libraries] Timer: No ongoing submetric for FRAGMENT_INIT
04-03 21:47:40.584 16129 16129 D BoundBrokerSvc: onRebind: Intent { act=com.google.android.gms.clearcut.sampler.service.START dat=chimera-action:/... cmp=com.google.android.gms/.chimera.PersistentDirectBootAwareApiService }
04-03 21:47:40.586  4042  4473 D RecentsModel: onTaskStackChangedBackground    MSG_TASK_STACK_CHANGE
04-03 21:47:40.588  4042  4473 W RecentsModel: getRunningTask   taskInfo=TaskInfo{userId=0 taskId=13987 displayId=0 isRunning=true baseIntent=Intent { act=android.intent.action.MAIN cat=[android.intent.category.LAUNCHER] flg=0x10200000 cmp=com.google.android.gm/.ConversationListActivityGmail } baseActivity=ComponentInfo{com.google.android.gm/com.google.android.gm.ui.MailActivityGmail} topActivity=ComponentInfo{com.google.android.gm/com.google.android.gm.ui.MailActivityGmail} origActivity=ComponentInfo{com.google.android.gm/com.google.android.gm.ConversationListActivityGmail} realActivity=ComponentInfo{com.google.android.gm/com.google.android.gm.ui.MailActivityGmail} numActivities=1 lastActiveTime=186432769 supportsSplitScreenMultiWindow=true supportsMultiWindow=true resizeMode=2 isResizeable=true minWidth=-1 minHeight=-1 defaultMinSize=200 token=WCT{android.window.IWindowContainerToken$Stub$Proxy@24b7c4b} topActivityType=1 pictureInPictureParams=null shouldDockBigOverlays=false launchIntoPipHostTaskId=-1 lastParentTaskIdBeforePip=-1 displayCutoutSafeInsets=null topActivityInfo=ActivityInfo{704f628 com.google.android.gm.ConversationListActivityGmail} launchCookies=[] positionInParent=Point(0, 0) parentTaskId=-1 isFocused=true isVisible=false isVisibleRequested=true isSleeping=false topActivityInSizeCompat=false topActivityInMiuiSizeCompat=false topActivityEligibleForLetterboxEducation= false topActivityLetterboxed= false isFromDoubleTap= false topActivityLetterboxVerticalPosition= -1 topActivityLetterboxHorizontalPosition= -1 topActivityLetterboxWidth=-1 topActivityLetterboxHeight=-1 locusId=null displayAreaFeatureId=1 cameraCompatControlState=hidden mIsCastMode=false mTopActivityMediaSize=null mTopActivityRecordName=ActivityRecord{836b950 u0 com.google.android.gm/.ConversationListActivityGmail t13987} mTopActivityOrientation=-1 mTopActivityWindowIsNowVisible=false isTranslucent=false isEmbedded=false shouldBeVisible=true isImmersive=false mBehindAppLockPkg=null mOriginatingUid=0}
04-03 21:47:40.588  4042  4473 D RecentsModel: preloadRecents runningTaskId:13987, mCurrentRunningTaskId:-1, mRecentsTaskLoadPlan=com.android.systemui.shared.recents.model.RecentsTaskLoadPlan@b0d2f41
04-03 21:47:40.588  4042  4473 E ActivityManagerWrapper: get all recent tasks force including 13987
04-03 21:47:40.591  4042  4473 E ActivityManagerWrapper: getRecentTasksForceIncludingTaskIdIfValid: getRecentTasks: size=7
04-03 21:47:40.591  4042  4473 E ActivityManagerWrapper:  mainTaskId=13987   userId=0   windowMode=1   baseIntent=Intent { act=android.intent.action.MAIN flag=270532608 cmp=ComponentInfo{com.google.android.gm/com.google.android.gm.ConversationListActivityGmail} }
04-03 21:47:40.591  4042  4473 E ActivityManagerWrapper:  mainTaskId=13977   userId=0   windowMode=1   baseIntent=Intent { act=android.settings.ACCESSIBILITY_SETTINGS flag=268435456 cmp=ComponentInfo{com.android.settings/com.android.settings.accessibility.MiuiAccessibilitySettingsActivity} }
04-03 21:47:40.591  4042  4473 E ActivityManagerWrapper:  mainTaskId=13974   userId=0   windowMode=1   baseIntent=Intent { act=android.intent.action.MAIN flag=270532608 cmp=ComponentInfo{app.blearn.mobile/app.blearn.mobile.MainActivity} }
04-03 21:47:40.591  4042  4473 E ActivityManagerWrapper:  mainTaskId=13964   userId=0   windowMode=1   baseIntent=Intent { act=android.intent.action.VIEW flag=318767104 cmp=ComponentInfo{com.google.android.apps.maps/com.google.android.maps.MapsActivity} }
04-03 21:47:40.591  4042  4473 E ActivityManagerWrapper:  mainTaskId=13960   userId=0   windowMode=1   baseIntent=Intent { act=android.intent.action.MAIN flag=268500992 cmp=ComponentInfo{com.s_payment.mobiles_bezahlen/de.starfinanz.payment.MainActivity} }
04-03 21:47:40.591  4042  4473 E ActivityManagerWrapper:  mainTaskId=13957   userId=0   windowMode=1   baseIntent=Intent { act=android.intent.action.MAIN flag=270532608 cmp=ComponentInfo{volumebooster.soundspeaker.louder/volumebooster.soundspeaker.louder.splash.SplashActivity} }
04-03 21:47:40.591  4042  4473 E ActivityManagerWrapper:  mainTaskId=13930   userId=0   windowMode=1   baseIntent=Intent { act=android.intent.action.MAIN flag=335544320 cmp=ComponentInfo{com.android.deskclock/com.android.deskclock.DeskClockTabActivity} }
04-03 21:47:40.591  4042  4473 D WorldCirculate: getWorldCirculateInfo, taskInfo.baseIntent=Intent { act=android.intent.action.MAIN cat=[android.intent.category.LAUNCHER] flg=0x10200000 cmp=app.blearn.mobile/.MainActivity }, displayId=-1, but get Display failed
04-03 21:47:40.597  3181  3181 W oqm     : ThreadListFragment: clusterConfigList is null or not paused in onResume [CONTEXT android_log_tag="TLFragment" ]
04-03 21:47:40.597  3181  3181 W oqm     : [Hub Libraries] Timer: No ongoing submetric for FRAGMENT_INIT
04-03 21:47:40.598  3181  3181 D MiuiMonitorThread: Shared singleton Thread for stability monitor start
04-03 21:47:40.599  3181  3181 E FileUtils: err write to mi_exception_log
04-03 21:47:40.601  3986  4736 D MiuiFreeformModeObserver: activityResumed() intent： Intent { cmp=com.google.android.gm/.ui.MailActivityGmail (has extras) }
04-03 21:47:40.601  4042  4042 D RecentsImpl: mActivityStateObserver com.google.android.gm.ui.MailActivityGmail
04-03 21:47:40.601  4042  4042 W RecentsImpl: onResumed className=com.google.android.gm.ui.MailActivityGmail   mIsInAnotherPro=false   isKeyguardLocked=false   mIsStatusBarExpansion=false   mSecuritySpaceGuideShown=false
04-03 21:47:40.609  1984  4501 D TelephonyManager: requestModemActivityInfo: Sending result to app: ModemActivityInfo{ mTimestamp=186432783 mSleepTimeMs=120742514 mIdleTimeMs=16279230 mActivityStatsTechSpecificInfo=[{mRat=UNKNOWN,mFrequencyRange=UNKNOWN,mTxTimeMs[]=[1006896, 345071, 481654, 5127200, 1464113],mRxTimeMs=40981198}]}
04-03 21:47:40.614  1984  6633 I BLASTSyncEngine: SyncGroup 1447:  Unfinished container:ActivityRecord{836b950 u0 com.google.android.gm/.ConversationListActivityGmail t13987}
04-03 21:47:40.614  1984  6633 I BLASTSyncEngine: isActivitySyncFinished isSyncFinished false ActivityRecord{836b950 u0 com.google.android.gm/.ConversationListActivityGmail t13987}
04-03 21:47:40.614  1984  6633 I whetstone.activity: Power Event callback listener is empty for resId=32
04-03 21:47:40.614  1984  6633 D BatteryStatsManagerStub: notifyEvent for resId=32 used 1ms
04-03 21:47:40.614  1984  6633 I WindowManager: cancelAnimation removed leash : Surface(name=Surface(name=b2cef68 NavigationBar0#90)/@0xb959a14 - animation-leash of insets_animation#14179)/@0x5fca62b
04-03 21:47:40.616  1984  6633 I WindowManager: cancelAnimation removed leash : Surface(name=Surface(name=8ce5fd0 StatusBar#96)/@0xc81a8fc - animation-leash of insets_animation#14178)/@0x7cdd780
04-03 21:47:40.617  1984  6633 D WindowManager: wms.Input focus has changed to Window{6f9c422 u0 com.google.android.gm/com.google.android.gm.ConversationListActivityGmail} display=0 updateInputWindows = true
04-03 21:47:40.617  1984  6633 I MultiSenceManagerInternalStub: getInstance
04-03 21:47:40.619  3181  3181 W libc    : Access denied finding property "vendor.display.enable_optimal_refresh_rate"
04-03 21:47:40.615  3181  3181 W ogle.android.gm: type=1400 audit(0.0:86964): avc:  denied  { read } for  name="u:object_r:vendor_display_prop:s0" dev="tmpfs" ino=2529 scontext=u:r:untrusted_app:s0:c178,c256,c512,c768 tcontext=u:object_r:vendor_display_prop:s0 tclass=file permissive=0 app=com.google.android.gm
04-03 21:47:40.621  3181  3742 E OpenGLRenderer: Unable to match the desired swap behavior.
04-03 21:47:40.622  3181  3181 D VRI[ConversationListActivityGmail]: vri.reportNextDraw android.view.ViewRootImpl.performTraversals:4411 android.view.ViewRootImpl.doTraversal:3040 android.view.ViewRootImpl$TraversalRunnable.run:10429 android.view.Choreographer$CallbackRecord.run:1654 android.view.Choreographer$CallbackRecord.run:1663 
04-03 21:47:40.623  3181  3181 D VRI[ConversationListActivityGmail]: vri.Setup new sync=wmsSync-VRI[ConversationListActivityGmail]#2
04-03 21:47:40.627  1148  1148 I sensors-hal: batch:242, android.sensor.accelerometer/11, period=200000000, max_latency=0
04-03 21:47:40.627  1148  1148 I sensors-hal: set_config:63, sample_period_ns is adjusted to 200000000 based on min/max delay_ns
04-03 21:47:40.627  1148  1148 I sensors-hal: batch:251, android.sensor.accelerometer/11, period=200000000, max_latency=0 request completed
04-03 21:47:40.628  1984  5907 I SensorService: 	>>> actuating h/w activate handle=0xb enabled=1
04-03 21:47:40.628  1148  1148 I sensors-hal: activate:209, android.sensor.accelerometer/11 en=1
04-03 21:47:40.630  1148  1148 I sensors-hal: get_qmi_debug_flag:282, support_qmi_debug : false
04-03 21:47:40.627   704   704 W binder:704_4: type=1400 audit(0.0:86965): avc:  denied  { open } for  path="/sys/devices/virtual/misc/msm_qcelp/wakeup58" dev="sysfs" ino=101174 scontext=u:r:system_suspend:s0 tcontext=u:object_r:sysfs:s0 tclass=dir permissive=0
04-03 21:47:40.631   704  2402 E android.system.suspend-service: Error opening kernel wakelock stats for: wakeup58 (../../devices/virtual/misc/msm_qcelp/wakeup58): Permission denied
04-03 21:47:40.635   704  2402 E android.system.suspend-service: Error opening kernel wakelock stats for: wakeup48 (../../devices/virtual/misc/msm_alac/wakeup48): Permission denied
04-03 21:47:40.635   704  2402 E android.system.suspend-service: Error opening kernel wakelock stats for: wakeup4 (../../devices/platform/soc/soc:qcom,smp2p-modem/wakeup/wakeup4): Permission denied
04-03 21:47:40.637   704  2402 E android.system.suspend-service: Error opening kernel wakelock stats for: wakeup28 (../../devices/platform/soc/4080000.qcom,mss/wakeup/wakeup28): Permission denied
04-03 21:47:40.638   704  2402 E android.system.suspend-service: Error opening kernel wakelock stats for: wakeup56 (../../devices/virtual/misc/msm_mp3/wakeup56): Permission denied
04-03 21:47:40.638   704  2402 E android.system.suspend-service: Error opening kernel wakelock stats for: wakeup18 (../../devices/platform/soc/soc:qcom,trustedvm@d0800000/wakeup/wakeup18): Permission denied
04-03 21:47:40.639   704  2402 E android.system.suspend-service: Error opening kernel wakelock stats for: wakeup46 (../../devices/platform/soc/990000.i2c/i2c-2/2-0028/wakeup/wakeup46): Permission denied
04-03 21:47:40.639   704  2402 E android.system.suspend-service: Error opening kernel wakelock stats for: wakeup2 (../../devices/platform/soc/soc:qcom,smp2p-adsp/wakeup/wakeup2): Permission denied
04-03 21:47:40.639   704  2402 E android.system.suspend-service: Error opening kernel wakelock stats for: wakeup36 (../../devices/platform/soc/aab0000.qcom,venus/subsys7/wakeup/wakeup36): Permission denied
04-03 21:47:40.640  1091  1417 E minksocket: MinkIPC_QRTR_Service: client with node 1 port 4b2f went down
04-03 21:47:40.640  1091  1417 E minksocket: MinkIPC_QRTR_Service: client with node 1 port 4b30 went down
04-03 21:47:40.640   704  2402 E android.system.suspend-service: Error opening kernel wakelock stats for: wakeup26 (../../devices/platform/soc/soc:qcom,wpss@8a00000/wakeup/wakeup26): Permission denied
04-03 21:47:40.640   704  2402 E android.system.suspend-service: Error opening kernel wakelock stats for: wakeup54 (../../devices/virtual/misc/msm_g711alaw/wakeup54): Permission denied
04-03 21:47:40.631   704   704 W binder:704_4: type=1400 audit(0.0:86966): avc:  denied  { open } for  path="/sys/devices/virtual/misc/msm_alac/wakeup48" dev="sysfs" ino=100781 scontext=u:r:system_suspend:s0 tcontext=u:object_r:sysfs:s0 tclass=dir permissive=0
04-03 21:47:40.631   704   704 W binder:704_4: type=1400 audit(0.0:86967): avc:  denied  { open } for  path="/sys/devices/platform/soc/soc:qcom,smp2p-modem/wakeup/wakeup4" dev="sysfs" ino=56070 scontext=u:r:system_suspend:s0 tcontext=u:object_r:sysfs:s0 tclass=dir permissive=0
04-03 21:47:40.635   704   704 W binder:704_4: type=1400 audit(0.0:86968): avc:  denied  { open } for  path="/sys/devices/platform/soc/4080000.qcom,mss/wakeup/wakeup28" dev="sysfs" ino=73720 scontext=u:r:system_suspend:s0 tcontext=u:object_r:sysfs:s0 tclass=dir permissive=0
04-03 21:47:40.635   704   704 W binder:704_4: type=1400 audit(0.0:86969): avc:  denied  { open } for  path="/sys/devices/virtual/misc/msm_mp3/wakeup56" dev="sysfs" ino=101098 scontext=u:r:system_suspend:s0 tcontext=u:object_r:sysfs:s0 tclass=dir permissive=0
04-03 21:47:40.635   704   704 W binder:704_4: type=1400 audit(0.0:86970): avc:  denied  { open } for  path="/sys/devices/platform/soc/soc:qcom,trustedvm@d0800000/wakeup/wakeup18" dev="sysfs" ino=72385 scontext=u:r:system_suspend:s0 tcontext=u:object_r:sysfs:s0 tclass=dir permissive=0
04-03 21:47:40.641  1091  1417 E minksocket: MinkIPC_QRTR_Service: client with node 1 port 4b31 went down
04-03 21:47:40.641   704  2402 E android.system.suspend-service: Error opening kernel wakelock stats for: wakeup44 (../../devices/platform/soc/a94000.spi/spi_master/spi0/spi0.0/wakeup/wakeup44): Permission denied
04-03 21:47:40.642  1091  1417 E minksocket: MinkIPC_QRTR_Service: client with node 1 port 4b32 went down
04-03 21:47:40.643   704  2402 E android.system.suspend-service: Error opening kernel wakelock stats for: wakeup24 (../../devices/platform/soc/3700000.qcom,lpass/wakeup/wakeup24): Permission denied
04-03 21:47:40.643   704  2402 E android.system.suspend-service: Error opening kernel wakelock stats for: wakeup52 (../../devices/virtual/misc/msm_ape/wakeup52): Permission denied
04-03 21:47:40.643   704  2402 E android.system.suspend-service: Error opening kernel wakelock stats for: wakeup9 (../../devices/platform/soc/88e0000.qcom,msm-eud/wakeup/wakeup9): Permission denied
04-03 21:47:40.644   704  2402 E android.system.suspend-service: Error opening kernel wakelock stats for: wakeup14 (../../devices/platform/soc/c440000.qcom,spmi/spmi-0/spmi0-00/c440000.qcom,spmi:qcom,pmk8350@0:rtc@6100/rtc/rtc0/wakeup14): Permission denied
04-03 21:47:40.644   704  2402 E android.system.suspend-service: Error opening kernel wakelock stats for: wakeup42 (../../devices/platform/soc/17a10040.qcom,wcn6750/wakeup/wakeup42): Permission denied
04-03 21:47:40.644   704  2402 E android.system.suspend-service: Error opening kernel wakelock stats for: wakeup102 (../../devices/platform/soc/soc:qcom,msm-audio-apr/soc:qcom,msm-audio-apr:qcom,q6core-audio/soc:qcom,msm-audio-apr:qcom,q6core-audio:sound/Listen 2 Audio Service/wakeup/wakeup102): Permission denied
04-03 21:47:40.645   704  2402 E android.system.suspend-service: Error opening kernel wakelock stats for: wakeup32 (../../devices/platform/soc/99c000.qcom,qup_uart/wakeup/wakeup32): Permission denied
04-03 21:47:40.645   704  2402 E android.system.suspend-service: Error opening kernel wakelock stats for: wakeup60 (../../devices/virtual/misc/msm_wmapro/wakeup60): Permission denied
04-03 21:47:40.645  1148  1148 I sensors-hal: send_sync_sensor_request:364, send sync request
04-03 21:47:40.645   704  2402 E android.system.suspend-service: Error opening kernel wakelock stats for: wakeup22 (../../devices/platform/soc/soc:qcom,kgsl-hyp/wakeup/wakeup22): Permission denied
04-03 21:47:40.646   704  2402 E android.system.suspend-service: Error opening kernel wakelock stats for: wakeup50 (../../devices/virtual/misc/msm_amrwb/wakeup50): Permission denied
04-03 21:47:40.646  1148  1148 I sensors-hal: send_sync_sensor_request:390, wait for notification of response
04-03 21:47:40.646   704  2402 E android.system.suspend-service: Error opening kernel wakelock stats for: wakeup7 (../../devices/platform/soc/soc:qcom,pmic_glink/wakeup/wakeup7): Permission denied
04-03 21:47:40.646   704  2402 E android.system.suspend-service: Error opening kernel wakelock stats for: wakeup12 (../../devices/platform/soc/soc:md_testing_mode/wakeup/wakeup12): Permission denied
04-03 21:47:40.647  1148  9253 I sensors-hal: ssc_conn_resp_cb:689, resp_value = 0
04-03 21:47:40.647  1148  1148 I sensors-hal: send_sync_sensor_request:396, takes 1 ms to receive the response with 0
04-03 21:47:40.647  1148  1148 I sensors-hal: activate:220, android.sensor.accelerometer/11 en=1 completed
04-03 21:47:40.648   704  2402 E android.system.suspend-service: Error opening kernel wakelock stats for: wakeup30 (../../devices/platform/soc/a300000.qcom,turing/wakeup/wakeup30): Permission denied
04-03 21:47:40.648  1148  9253 I sensors-hal: handle_indication_realtime:471,  SCHED_FIFO(10) for qmi_cbk
04-03 21:47:40.648   704  2402 E android.system.suspend-service: Error opening kernel wakelock stats for: wakeup59 (../../devices/virtual/misc/msm_wma/wakeup59): Permission denied
04-03 21:47:40.648   704  2402 E android.system.suspend-service: Error opening kernel wakelock stats for: wakeup20 (../../devices/platform/soc/soc:qcom,ipa_fws/wakeup/wakeup20): Permission denied
04-03 21:47:40.648   704  2402 E android.system.suspend-service: Error opening kernel wakelock stats for: wakeup49 (../../devices/virtual/misc/msm_amrnb/wakeup49): Permission denied
04-03 21:47:40.649   704  2402 E android.system.suspend-service: Error opening kernel wakelock stats for: wakeup5 (../../devices/platform/soc/soc:qcom,smp2p-wpss/wakeup/wakeup5): Permission denied
04-03 21:47:40.649  3181  3181 W amxo    : No trace named Hub Initial Load Latency Content Visible V2 is currently being monitored
04-03 21:47:40.649  3181  3181 W amxo    : No trace named Hub Initial Load Latency Content Visible V2 Fresh is currently being monitored
04-03 21:47:40.649   704  2402 E android.system.suspend-service: Error opening kernel wakelock stats for: wakeup10 (../../devices/virtual/fastrpc/adsprpc-smd/wakeup10): Permission denied
04-03 21:47:40.650   704  2402 E android.system.suspend-service: Error opening kernel wakelock stats for: wakeup29 (../../devices/platform/soc/4080000.qcom,mss/subsys5/wakeup/wakeup29): Permission denied
04-03 21:47:40.651   704  2402 E android.system.suspend-service: Error opening kernel wakelock stats for: wakeup19 (../../devices/platform/soc/soc:qcom,trustedvm@d0800000/subsys0/wakeup/wakeup19): Permission denied
04-03 21:47:40.651   704  2402 E android.system.suspend-service: Error opening kernel wakelock stats for: wakeup47 (../../devices/virtual/misc/msm_aac/wakeup47): Permission denied
04-03 21:47:40.651   704  2402 E android.system.suspend-service: Error opening kernel wakelock stats for: wakeup3 (../../devices/platform/soc/soc:qcom,smp2p-nsp/wakeup/wakeup3): Permission denied
04-03 21:47:40.652   704  2402 E android.system.suspend-service: Error opening kernel wakelock stats for: wakeup135 (../../devices/platform/dummy_hcd.0/usb1/wakeup/wakeup135): Permission denied
04-03 21:47:40.652   704  2402 E android.system.suspend-service: Error opening kernel wakelock stats for: wakeup27 (../../devices/platform/soc/soc:qcom,wpss@8a00000/subsys4/wakeup/wakeup27): Permission denied
04-03 21:47:40.653   704  2402 E android.system.suspend-service: Error opening kernel wakelock stats for: wakeup45 (../../devices/platform/goodix_ts.0/wakeup/wakeup45): Permission denied
04-03 21:47:40.654   704  2402 E android.system.suspend-service: Error opening kernel wakelock stats for: wakeup35 (../../devices/platform/soc/aab0000.qcom,venus/wakeup/wakeup35): Permission denied
04-03 21:47:40.655   704  2402 E android.system.suspend-service: Error opening kernel wakelock stats for: wakeup25 (../../devices/platform/soc/3700000.qcom,lpass/subsys3/wakeup/wakeup25): Permission denied
04-03 21:47:40.655   704  2402 E android.system.suspend-service: Error opening kernel wakelock stats for: wakeup53 (../../devices/virtual/misc/msm_evrc/wakeup53): Permission denied
04-03 21:47:40.656   704  2402 E android.system.suspend-service: Error opening kernel wakelock stats for: wakeup43 (../../devices/platform/soc/soc:fingerprint_goodix/wakeup/wakeup43): Permission denied
04-03 21:47:40.657   704  2402 E android.system.suspend-service: Error opening kernel wakelock stats for: wakeup33 (../../devices/platform/soc/a84000.i2c/i2c-3/3-005a/wakeup/wakeup33): Permission denied
04-03 21:47:40.657   704  2402 E android.system.suspend-service: Error opening kernel wakelock stats for: wakeup23 (../../devices/platform/soc/soc:qcom,kgsl-hyp/subsys2/wakeup/wakeup23): Permission denied
04-03 21:47:40.657   704  2402 E android.system.suspend-service: Error opening kernel wakelock stats for: wakeup51 (../../devices/virtual/misc/msm_amrwbplus/wakeup51): Permission denied
04-03 21:47:40.657   704  2402 E android.system.suspend-service: Error opening kernel wakelock stats for: wakeup8 (../../devices/platform/soc/soc:qcom,pmic_glink_log/wakeup/wakeup8): Permission denied
04-03 21:47:40.659   704  2402 E android.system.suspend-service: Error opening kernel wakelock stats for: wakeup31 (../../devices/platform/soc/a300000.qcom,turing/subsys6/wakeup/wakeup31): Permission denied
04-03 21:47:40.659   704  2402 E android.system.suspend-service: Error opening kernel wakelock stats for: wakeup21 (../../devices/platform/soc/soc:qcom,ipa_fws/subsys1/wakeup/wakeup21): Permission denied
04-03 21:47:40.659   704  2402 E android.system.suspend-service: Error opening kernel wakelock stats for: wakeup6 (../../devices/platform/soc/soc:qcom,smp2p_sleepstate/wakeup/wakeup6): Permission denied
04-03 21:47:40.659   704  2402 E android.system.suspend-service: Error opening kernel wakelock stats for: wakeup11 (../../devices/virtual/fastrpc/adsprpc-smd-secure/wakeup11): Permission denied
04-03 21:47:40.662  3181  3742 E ogle.android.gm: FrameInsert open fail: No such file or directory
04-03 21:47:40.664  3181  3181 D VRI[ConversationListActivityGmail]: vri.reportDrawFinished
04-03 21:47:40.664  3181  3181 E FileUtils: err write to mi_exception_log
04-03 21:47:40.664  1984  5907 D WindowManager: wms.finishDrawingLocked: mDrawState=COMMIT_DRAW_PENDING Window{6f9c422 u0 com.google.android.gm/com.google.android.gm.ConversationListActivityGmail} in Surface(name=com.google.android.gm/com.google.android.gm.ConversationListActivityGmail#14189)/@0x77cf07d
04-03 21:47:40.665  3181  3181 W oqm     : LegacyNestedFolderTeaserController: Problem with folder list cursor returned from loader [CONTEXT android_log_tag="RVGmail" ]
04-03 21:47:40.667  1984  2264 I SmartPower: com.google.android.gm/10178(3181): invisible->visible(223ms) R(become visible) adj=0.
04-03 21:47:40.667  1984  2264 I WindowManager: wms.showSurfaceRobustly mWin:Window{6f9c422 u0 com.google.android.gm/com.google.android.gm.ConversationListActivityGmail}
04-03 21:47:40.668  1984  2264 D WindowManager: Final targets: [Task{268384e #13987 type=standard A=10178:com.google.android.gm}, Task{9ae3139 #1 type=home}]
04-03 21:47:40.668  1984  3217 I SmartPower: com.google.android.webview:sandboxed_process0:org.chromium.content.app.SandboxedPridle->background(330039ms) R(add to whitelist) adj=0.
04-03 21:47:40.669  1305  1305 W Layer   : gatherBufferInfo: Received unknown dataspace from gralloc
04-03 21:47:40.670  1984  2264 D WindowManager: Calling onTransitionReady info={id=1447 t=OPEN f=0x0 trk=0 r=[0@Point(0, 0)] c=[{WCT{RemoteToken{6670703 Task{268384e #13987 type=standard A=10178:com.google.android.gm}}} m=TO_FRONT f=MOVE_TO_TOP leash=Surface(name=Task=13987#14090)/@0xfa37749 sb=Rect(0, 0 - 1080, 2400) eb=Rect(0, 0 - 1080, 2400) d=0},{WCT{RemoteToken{e5304e1 Task{9ae3139 #1 type=home}}} m=TO_BACK f=SHOW_WALLPAPER leash=Surface(name=Task=1#47)/@0x5916500 sb=Rect(0, 0 - 1080, 2400) eb=Rect(0, 0 - 1080, 2400) d=0}] noAni=[false] df=[false] mk=[true] nc=[0]}, mToken=Token{7eef596 TransitionRecord{72fbc12 id=1447 type=OPEN flags=0x0}}
04-03 21:47:40.671  1984  2264 I BLASTSyncEngine: finishNow: after onTransactionReady, mSyncId=1447
04-03 21:47:40.674  3181  3402 W oqm     : [Gmail] HubOptOutControllerImpl: Same account set. [CONTEXT android_log_tag="HOOController" ]
04-03 21:47:40.675  3986  4187 D MiuiFreeformAnimation: startAnimation change: {WCT{android.window.IWindowContainerToken$Stub$Proxy@d646e65} m=TO_FRONT f=MOVE_TO_TOP leash=Surface(name=Task=13987#14090)/@0x79fa62e sb=Rect(0, 0 - 1080, 2400) eb=Rect(0, 0 - 1080, 2400) d=0} info.getType(): 1
04-03 21:47:40.675  3986  4187 I MiuiFreeformAnimation: isLaunchWidgetPicker=false,taskInfo.getWindowingMode()=1, taskInfo.getActivityType()=1
04-03 21:47:40.675  3986  4187 D MiuiFreeFormManager:  isSplitRootTask taskId=13987
04-03 21:47:40.678  3181  3181 W bcft    : Already started: bcft@447a4d6
04-03 21:47:40.678  3181  3181 W bcft    : Already started: bcft@447a4d6
04-03 21:47:40.684  1305  1305 W Layer   : gatherBufferInfo: Received unknown dataspace from gralloc
04-03 21:47:40.684  9868  9994 I HeavyPackageIdentify: splitMode: false, splitPackages: null, foregroundPkg: com.google.android.gm
04-03 21:47:40.686  3986  4187 D MiuiFreeformAnimation: startAnimation change: {WCT{android.window.IWindowContainerToken$Stub$Proxy@483f73a} m=TO_BACK f=SHOW_WALLPAPER leash=Surface(name=Task=1#47)/@0x92ff5cf sb=Rect(0, 0 - 1080, 2400) eb=Rect(0, 0 - 1080, 2400) d=0} info.getType(): 1
04-03 21:47:40.686  3986  4187 W MiuiTaskTransitionHandler: Receive an unknown transition, token=android.os.BinderProxy@2ea16ad, type=1
04-03 21:47:40.686 16219 22458 I PeopleChimeraService: onService. callbacks = ctmw@8fff536, request = com.google.android.gms.common.internal.GetServiceRequest@f760c37
04-03 21:47:40.702  1305  1305 W Layer   : gatherBufferInfo: Received unknown dataspace from gralloc
04-03 21:47:40.702  3986  4187 D TransitionAnimationHelper:  load default animation  type = 1 enter = false animAttr = 19 isTask = true translucent = false
04-03 21:47:40.712  3986  4187 D TransitionAnimationHelper:  load default animation  type = 1 enter = true animAttr = 18 isTask = true translucent = false
04-03 21:47:40.714  1984  5907 I ClipboardServiceI: checkProviderWakePathForClipboard: primaryClip is null
04-03 21:47:40.718  3986  4187 D MiuiFullScreenTaskRepository: setFocusedTask taskId=13987, displayId=0, topActivity=ComponentInfo{com.google.android.gm/com.google.android.gm.ui.MailActivityGmail}
04-03 21:47:40.718  3986  4187 D MiuiFullScreenTaskRepository: addOrUpdateFullScreenTaskInfo taskId=13987, topActivity=ComponentInfo{com.google.android.gm/com.google.android.gm.ui.MailActivityGmail}
04-03 21:47:40.718  3986  4197 D ShellTransitions: speed ui!!!!!!!!!!!
04-03 21:47:40.725  3986  3986 E onWindowDecorRectChanged: start size:1
04-03 21:47:40.725  3986  3986 E onWindowDecorRectChanged: windowDecorRects: Rect(454, 12 - 625, 123)
04-03 21:47:40.752  1984  2329 I ExtM    : zram userate is low, no need to flush: 28
04-03 21:47:40.771  3181  3181 I HandWritingStubImpl: refreshLastKeyboardType: 1
04-03 21:47:40.771  3181  3181 I HandWritingStubImpl: getCurrentKeyboardType: 1
04-03 21:47:40.773  1984  4501 D CompatibilityChangeReporter: Compat change id reported: 214016041; UID 10178; state: ENABLED
04-03 21:47:40.773  1984  4501 E ImeVisibilityStateComputer: SOFT_INPUT_STATE_ALWAYS_VISIBLE is ignored because there is no focused view that also returns true from View#onCheckIsTextEditor()
04-03 21:47:40.776  4913  4913 I GoogleInputMethodService: GoogleInputMethodService.onFinishInput():2159 
04-03 21:47:40.777  4913  4913 I Module  : DeviceLockedStatusModuleProvider$Module.updateDeviceLockedStatus():103 repeatCheckTimes = 0, locked = false
04-03 21:47:40.777  4913  4913 I GoogleInputMethodService: GoogleInputMethodService.onStartInput():1434 onStartInput(EditorInfo{EditorInfo{packageName=com.google.android.gm, inputType=0, inputTypeString=NULL, enableLearning=false, autoCorrection=false, autoComplete=false, imeOptions=0, privateImeOptions=null, actionName=UNSPECIFIED, actionLabel=null, initialSelStart=-1, initialSelEnd=-1, initialCapsMode=0, label=null, fieldId=0, fieldName=null, extras=Bundle[mParcelledData.dataSize=72], hintText=null, hintLocales=[]}}, false)
04-03 21:47:40.777  4913  4913 I AndroidIME: LatinIMEBase.updateInputViewCoverNavigation():312 Update input view padding, isNavbarOverInputWindow=false, bottom inset=130
04-03 21:47:40.777  1984  6633 I WindowManager: cancelAnimation removed leash : Surface(name=Surface(name=70eda56 InputMethod#108)/@0xeb75fc4 - animation-leash of insets_animation#14172)/@0x1b80963
04-03 21:47:40.778  4913  4913 I Module  : DeviceLockedStatusModuleProvider$Module.updateDeviceLockedStatus():103 repeatCheckTimes = 1, locked = false
04-03 21:47:40.779  1984  7157 W PackageConfigPersister: App-specific configuration not found for packageName: com.google.android.gm and userId: 0
04-03 21:47:40.781  1177  1540 E SDM     : HWCSession::GetClientTargetProperty: GetClinetTargetProperty interface enter
04-03 21:47:40.791  3986  3986 D Utilities:  oldHints : 0 backDisposition : 0 imeShown : false hints 0
04-03 21:47:40.794  1177  1540 E SDM     : HWCSession::GetClientTargetProperty: GetClinetTargetProperty interface enter
04-03 21:47:40.802  1305  1305 W Layer   : gatherBufferInfo: Received unknown dataspace from gralloc
04-03 21:47:40.803  1305  1305 D RefreshRateSelector: Touch Boost
04-03 21:47:40.803  1305  1305 D MI-SF   : mIsSupportAutomodeForMaxFpsSetting is 0(0), getCurrentBrightness() = 49(328), mIsKeepAutoMode 0
04-03 21:47:40.803  1305  1305 D RefreshRateSelector: fixedMode_group: 0, isFindModeGroup 0
04-03 21:47:40.803  1305  1305 D RefreshRateSelector: find max refresh rate:60, mode Group:0
04-03 21:47:40.807  1177  1540 E SDM     : HWCSession::GetClientTargetProperty: GetClinetTargetProperty interface enter
04-03 21:47:40.814  3766 21433 W OpenGLRenderer: Surface doesn't have any previously queued frames, nothing to readback from
04-03 21:47:40.814  3766 21433 W OpenGLRenderer: Surface doesn't have any previously queued frames, nothing to readback from
04-03 21:47:40.818  1305  1305 D RefreshRateSelector: Touch Boost
04-03 21:47:40.818  1305  1305 D MI-SF   : mIsSupportAutomodeForMaxFpsSetting is 0(0), getCurrentBrightness() = 49(328), mIsKeepAutoMode 0
04-03 21:47:40.818  1305  1305 D RefreshRateSelector: fixedMode_group: 0, isFindModeGroup 0
04-03 21:47:40.818  1305  1305 D RefreshRateSelector: find max refresh rate:60, mode Group:0
04-03 21:47:40.820  1177  1540 E SDM     : HWCSession::GetClientTargetProperty: GetClinetTargetProperty interface enter
04-03 21:47:40.835  1305  1305 D RefreshRateSelector: Touch Boost
04-03 21:47:40.835  1305  1305 D MI-SF   : mIsSupportAutomodeForMaxFpsSetting is 0(0), getCurrentBrightness() = 49(328), mIsKeepAutoMode 0
04-03 21:47:40.835  1305  1305 D RefreshRateSelector: fixedMode_group: 0, isFindModeGroup 0
04-03 21:47:40.835  1305  1305 D RefreshRateSelector: find max refresh rate:60, mode Group:0
04-03 21:47:40.838  1177  1540 E SDM     : HWCSession::GetClientTargetProperty: GetClinetTargetProperty interface enter
04-03 21:47:40.852  1305  1305 D RefreshRateSelector: Touch Boost
04-03 21:47:40.852  1305  1305 D MI-SF   : mIsSupportAutomodeForMaxFpsSetting is 0(0), getCurrentBrightness() = 49(328), mIsKeepAutoMode 0
04-03 21:47:40.852  1305  1305 D RefreshRateSelector: fixedMode_group: 0, isFindModeGroup 0
04-03 21:47:40.852  1305  1305 D RefreshRateSelector: find max refresh rate:60, mode Group:0
04-03 21:47:40.855  1177  1540 E SDM     : HWCSession::GetClientTargetProperty: GetClinetTargetProperty interface enter
04-03 21:47:40.869  1305  1305 D RefreshRateSelector: Touch Boost
04-03 21:47:40.869  1305  1305 D MI-SF   : mIsSupportAutomodeForMaxFpsSetting is 0(0), getCurrentBrightness() = 49(328), mIsKeepAutoMode 0
04-03 21:47:40.869  1305  1305 D RefreshRateSelector: fixedMode_group: 0, isFindModeGroup 0
04-03 21:47:40.869  1305  1305 D RefreshRateSelector: find max refresh rate:60, mode Group:0
04-03 21:47:40.872  1177  1540 E SDM     : HWCSession::GetClientTargetProperty: GetClinetTargetProperty interface enter
04-03 21:47:40.872  4042  4042 D Launcher_UnlockAnimationStateMachine: mResetIdleStateRunnable
04-03 21:47:40.885  1305  1305 D RefreshRateSelector: Touch Boost
04-03 21:47:40.885  1305  1305 D MI-SF   : mIsSupportAutomodeForMaxFpsSetting is 0(0), getCurrentBrightness() = 49(328), mIsKeepAutoMode 0
04-03 21:47:40.885  1305  1305 D RefreshRateSelector: fixedMode_group: 0, isFindModeGroup 0
04-03 21:47:40.885  1305  1305 D RefreshRateSelector: find max refresh rate:60, mode Group:0
04-03 21:47:40.887  9055  9055 D BlearnAccessibility: event: com.google.android.gm type=32
04-03 21:47:40.888  1177  1540 E SDM     : HWCSession::GetClientTargetProperty: GetClinetTargetProperty interface enter
04-03 21:47:40.898  9055  9055 D BlearnAccessibility: match: app com.google.android.gm
04-03 21:47:40.901  9055  9055 D BlearnAccessibility: resolved target app:com.google.android.gm mode=learn deck=deck_pizq5ngs
04-03 21:47:40.901  9055  9055 D BlearnAccessibility: show overlay for app:com.google.android.gm
04-03 21:47:40.902  9055  9055 D BlearnOverlay: overlay hidden
04-03 21:47:40.903  1305  1305 D RefreshRateSelector: Touch Boost
04-03 21:47:40.903  1305  1305 D MI-SF   : mIsSupportAutomodeForMaxFpsSetting is 0(0), getCurrentBrightness() = 49(328), mIsKeepAutoMode 0
04-03 21:47:40.903  1305  1305 D RefreshRateSelector: fixedMode_group: 0, isFindModeGroup 0
04-03 21:47:40.903  1305  1305 D RefreshRateSelector: find max refresh rate:60, mode Group:0
04-03 21:47:40.906  1177  1540 E SDM     : HWCSession::GetClientTargetProperty: GetClinetTargetProperty interface enter
04-03 21:47:40.912  9055  9055 D CompatibilityChangeReporter: Compat change id reported: 210923482; UID 10570; state: ENABLED
04-03 21:47:40.922  1177  1540 E SDM     : HWCSession::GetClientTargetProperty: GetClinetTargetProperty interface enter
04-03 21:47:40.939  1177  1540 E SDM     : HWCSession::GetClientTargetProperty: GetClinetTargetProperty interface enter
04-03 21:47:40.939  9055  9055 D CompatibilityChangeReporter: Compat change id reported: 237531167; UID 10570; state: DISABLED
04-03 21:47:40.944  9055  9055 D FramePredict: init success
04-03 21:47:40.946  1984  7157 W ActivityManager: Permission Denial: getCurrentUser() from pid=9055, uid=10570 requires android.permission.INTERACT_ACROSS_USERS
04-03 21:47:40.947  9055  9055 W libc    : Access denied finding property "ro.vendor.df.effect.conflict"
04-03 21:47:40.954  9055  9269 E FramePredict: registerContentObserver fail
04-03 21:47:40.957  1177  1540 E SDM     : HWCSession::GetClientTargetProperty: GetClinetTargetProperty interface enter
04-03 21:47:40.972  1177  1540 E SDM     : HWCSession::GetClientTargetProperty: GetClinetTargetProperty interface enter
04-03 21:47:40.975  1984  6633 D CompatibilityChangeReporter: Compat change id reported: 168419799; UID 10570; state: DISABLED
04-03 21:47:40.975  1984  6633 D CompatibilityChangeReporter: Compat change id reported: 273564678; UID 10570; state: DISABLED
04-03 21:47:40.977  1984  6633 I SmartPower: app.blearn.mobile/10570(9055): background->visible(42477ms) R(become visible) adj=200.
04-03 21:47:40.978  1984  6633 I whetstone.activity: Power Event callback listener is empty for resId=32
04-03 21:47:40.978  1984  6633 D BatteryStatsManagerStub: notifyEvent for resId=32 used 0ms
04-03 21:47:40.978  1984  6633 I WindowManager: cancelAnimation removed leash : Surface(name=Surface(name=b2cef68 NavigationBar0#90)/@0xb959a14 - animation-leash of insets_animation#14190)/@0xffefc40
04-03 21:47:40.979  1984  6633 I WindowManager: cancelAnimation removed leash : Surface(name=Surface(name=8ce5fd0 StatusBar#96)/@0xc81a8fc - animation-leash of insets_animation#14191)/@0x7b00cbe
04-03 21:47:40.981  1984  6633 D WindowManager: wms.Input focus has changed to Window{260715d u0 app.blearn.mobile} display=0 updateInputWindows = false
04-03 21:47:40.981  1984  6633 I MultiSenceManagerInternalStub: getInstance
04-03 21:47:40.982  1984  2264 D WindowManager: wms.Focus not requested for window=Window{260715d u0 app.blearn.mobile} because it has no surface or is not focusable.
04-03 21:47:40.990  1177  1540 E SDM     : HWCSession::GetClientTargetProperty: GetClinetTargetProperty interface enter
04-03 21:47:40.992  9055  9055 D BlearnOverlay: overlay shown for app:com.google.android.gm mode=learn
04-03 21:47:40.992  9055  9055 E FileUtils: err write to mi_exception_log
04-03 21:47:40.998  1984  6633 D CoreBackPreview: Window{260715d u0 app.blearn.mobile}: Setting back callback OnBackInvokedCallbackInfo{mCallback=android.window.IOnBackInvokedCallback$Stub$Proxy@cb6e22a, mPriority=0, mIsAnimationCallback=false}
04-03 21:47:41.006  1177  1540 E SDM     : HWCSession::GetClientTargetProperty: GetClinetTargetProperty interface enter
04-03 21:47:41.009  1984  6633 I ClipboardServiceI: checkProviderWakePathForClipboard: primaryClip is null
04-03 21:47:41.023  1177  1540 E SDM     : HWCSession::GetClientTargetProperty: GetClinetTargetProperty interface enter
04-03 21:47:41.039  9055  9055 W libc    : Access denied finding property "vendor.display.enable_optimal_refresh_rate"
04-03 21:47:41.040  1177  1540 E SDM     : HWCSession::GetClientTargetProperty: GetClinetTargetProperty interface enter
04-03 21:47:41.042  9055  9055 D VRI[]   : vri.reportNextDraw android.view.ViewRootImpl.performTraversals:4411 android.view.ViewRootImpl.doTraversal:3040 android.view.ViewRootImpl$TraversalRunnable.run:10429 android.view.Choreographer$CallbackRecord.run:1654 android.view.Choreographer$CallbackRecord.run:1663 
04-03 21:47:41.043  9055  9055 D VRI[]   : vri.Setup new sync=wmsSync-VRI[]#0
04-03 21:47:41.056  1177  1540 E SDM     : HWCSession::GetClientTargetProperty: GetClinetTargetProperty interface enter
04-03 21:47:41.072  1177  1540 E SDM     : HWCSession::GetClientTargetProperty: GetClinetTargetProperty interface enter
04-03 21:47:41.086  1305  1305 D RefreshRateSelector: Touch Boost
04-03 21:47:41.086  1305  1305 D MI-SF   : mIsSupportAutomodeForMaxFpsSetting is 0(0), getCurrentBrightness() = 49(328), mIsKeepAutoMode 0
04-03 21:47:41.086  1305  1305 D RefreshRateSelector: fixedMode_group: 0, isFindModeGroup 0
04-03 21:47:41.086  1305  1305 D RefreshRateSelector: find max refresh rate:60, mode Group:0
04-03 21:47:41.089  1177  1540 E SDM     : HWCSession::GetClientTargetProperty: GetClinetTargetProperty interface enter
04-03 21:47:41.103  1305  1305 D RefreshRateSelector: Touch Boost
04-03 21:47:41.103  1305  1305 D MI-SF   : mIsSupportAutomodeForMaxFpsSetting is 0(0), getCurrentBrightness() = 49(328), mIsKeepAutoMode 0
04-03 21:47:41.103  1305  1305 D RefreshRateSelector: fixedMode_group: 0, isFindModeGroup 0
