04-09 00:57:51.826  1375  2445 D AudioFlinger: mixer(0xb4000070a3839980) throttle end: throttle time(46)
04-09 00:57:51.827  1265  1749 E SDM     : HWCSession::GetClientTargetProperty: GetClinetTargetProperty interface enter
04-09 00:57:51.827  1296  1296 E ANDR-PERF-DATA-POOL: EventDataPool is Full
04-09 00:57:51.827  1296  1296 E ANDR-PERF-MPCTL: perf request submission limit reached.
04-09 00:57:51.834  1382  1382 D RefreshRateSelector: Touch Boost
04-09 00:57:51.834  1382  1382 D MI-SF   : mIsSupportAutomodeForMaxFpsSetting is 0(0), getCurrentBrightness() = 898(328), mIsKeepAutoMode 0
04-09 00:57:51.834  1382  1382 D RefreshRateSelector: fixedMode_group: 0, isFindModeGroup 0
04-09 00:57:51.834  1382  1382 D RefreshRateSelector: find max refresh rate:120, mode Group:0
04-09 00:57:51.835  1265  1749 E SDM     : HWCSession::GetClientTargetProperty: GetClinetTargetProperty interface enter
04-09 00:57:51.835  1296  1296 E ANDR-PERF-DATA-POOL: EventDataPool is Full
04-09 00:57:51.835  1296  1296 E ANDR-PERF-MPCTL: perf request submission limit reached.
04-09 00:57:51.842  1382  1382 D RefreshRateSelector: Touch Boost
04-09 00:57:51.843  1382  1382 D MI-SF   : mIsSupportAutomodeForMaxFpsSetting is 0(0), getCurrentBrightness() = 898(328), mIsKeepAutoMode 0
04-09 00:57:51.843  1382  1382 D RefreshRateSelector: fixedMode_group: 0, isFindModeGroup 0
04-09 00:57:51.843  1382  1382 D RefreshRateSelector: find max refresh rate:120, mode Group:0
04-09 00:57:51.844  1265  1749 E SDM     : HWCSession::GetClientTargetProperty: GetClinetTargetProperty interface enter
04-09 00:57:51.844  1296  1296 E ANDR-PERF-DATA-POOL: EventDataPool is Full
04-09 00:57:51.844  1296  1296 E ANDR-PERF-MPCTL: perf request submission limit reached.
04-09 00:57:51.851  1382  1382 D RefreshRateSelector: Touch Boost
04-09 00:57:51.851  1382  1382 D MI-SF   : mIsSupportAutomodeForMaxFpsSetting is 0(0), getCurrentBrightness() = 898(328), mIsKeepAutoMode 0
04-09 00:57:51.851  1382  1382 D RefreshRateSelector: fixedMode_group: 0, isFindModeGroup 0
04-09 00:57:51.851  1382  1382 D RefreshRateSelector: find max refresh rate:120, mode Group:0
04-09 00:57:51.853  1265  1749 E SDM     : HWCSession::GetClientTargetProperty: GetClinetTargetProperty interface enter
04-09 00:57:51.853  1296  1296 E ANDR-PERF-DATA-POOL: EventDataPool is Full
04-09 00:57:51.853  1296  1296 E ANDR-PERF-MPCTL: perf request submission limit reached.
04-09 00:57:51.861  1265  1749 E SDM     : HWCSession::GetClientTargetProperty: GetClinetTargetProperty interface enter
04-09 00:57:51.861  1296  1296 E ANDR-PERF-DATA-POOL: EventDataPool is Full
04-09 00:57:51.861  1296  1296 E ANDR-PERF-MPCTL: perf request submission limit reached.
04-09 00:57:51.868  1382  1382 D RefreshRateSelector: Touch Boost
04-09 00:57:51.868  1382  1382 D MI-SF   : mIsSupportAutomodeForMaxFpsSetting is 0(0), getCurrentBrightness() = 898(328), mIsKeepAutoMode 0
04-09 00:57:51.868  1382  1382 D RefreshRateSelector: fixedMode_group: 0, isFindModeGroup 0
04-09 00:57:51.868  1382  1382 D RefreshRateSelector: find max refresh rate:120, mode Group:0
04-09 00:57:51.869  1265  1749 E SDM     : HWCSession::GetClientTargetProperty: GetClinetTargetProperty interface enter
04-09 00:57:51.869  1296  1296 E ANDR-PERF-DATA-POOL: EventDataPool is Full
04-09 00:57:51.869  1296  1296 E ANDR-PERF-MPCTL: perf request submission limit reached.
04-09 00:57:51.876  1382  1382 D RefreshRateSelector: Touch Boost
04-09 00:57:51.876  1382  1382 D MI-SF   : mIsSupportAutomodeForMaxFpsSetting is 0(0), getCurrentBrightness() = 898(328), mIsKeepAutoMode 0
04-09 00:57:51.876  1382  1382 D RefreshRateSelector: fixedMode_group: 0, isFindModeGroup 0
04-09 00:57:51.876  1382  1382 D RefreshRateSelector: find max refresh rate:120, mode Group:0
04-09 00:57:51.877  1265  1749 E SDM     : HWCSession::GetClientTargetProperty: GetClinetTargetProperty interface enter
04-09 00:57:51.877  1296  1296 E ANDR-PERF-DATA-POOL: EventDataPool is Full
04-09 00:57:51.877  1296  1296 E ANDR-PERF-MPCTL: perf request submission limit reached.
04-09 00:57:51.884  1382  1382 D RefreshRateSelector: Touch Boost
04-09 00:57:51.884  1382  1382 D MI-SF   : mIsSupportAutomodeForMaxFpsSetting is 0(0), getCurrentBrightness() = 898(328), mIsKeepAutoMode 0
04-09 00:57:51.884  1382  1382 D RefreshRateSelector: fixedMode_group: 0, isFindModeGroup 0
04-09 00:57:51.884  1382  1382 D RefreshRateSelector: find max refresh rate:120, mode Group:0
04-09 00:57:51.885  1265  1749 E SDM     : HWCSession::GetClientTargetProperty: GetClinetTargetProperty interface enter
04-09 00:57:51.885  1296  1296 E ANDR-PERF-DATA-POOL: EventDataPool is Full
04-09 00:57:51.885  1296  1296 E ANDR-PERF-MPCTL: perf request submission limit reached.
04-09 00:57:51.894  1265  1749 E SDM     : HWCSession::GetClientTargetProperty: GetClinetTargetProperty interface enter
04-09 00:57:51.894  1296  1296 E ANDR-PERF-DATA-POOL: EventDataPool is Full
04-09 00:57:51.894  1296  1296 E ANDR-PERF-MPCTL: perf request submission limit reached.
04-09 00:57:51.894  2184  2273 W System  : A resource failed to call release. 
04-09 00:57:51.894  2184  2273 W System  : A resource failed to call release. 
04-09 00:57:51.894  2184  2273 W System  : A resource failed to call release. 
04-09 00:57:51.894  2184  2273 W System  : A resource failed to call release. 
04-09 00:57:51.894  2184  2273 W System  : A resource failed to call release. 
04-09 00:57:51.895  2184  2273 D HighMemoryManager: Java Memory used=102M max=512M. is system: true
04-09 00:57:51.895  2184  2273 V HighMemoryManager: Check mem usage finished! Next check delay: 0
04-09 00:57:51.902  1265  1749 E SDM     : HWCSession::GetClientTargetProperty: GetClinetTargetProperty interface enter
04-09 00:57:51.902  1296  1296 E ANDR-PERF-DATA-POOL: EventDataPool is Full
04-09 00:57:51.902  1296  1296 E ANDR-PERF-MPCTL: perf request submission limit reached.
04-09 00:57:51.909  1382  1382 D RefreshRateSelector: Touch Boost
04-09 00:57:51.909  1382  1382 D MI-SF   : mIsSupportAutomodeForMaxFpsSetting is 0(0), getCurrentBrightness() = 898(328), mIsKeepAutoMode 0
04-09 00:57:51.909  1382  1382 D RefreshRateSelector: fixedMode_group: 0, isFindModeGroup 0
04-09 00:57:51.909  1382  1382 D RefreshRateSelector: find max refresh rate:120, mode Group:0
04-09 00:57:51.910  1265  1749 E SDM     : HWCSession::GetClientTargetProperty: GetClinetTargetProperty interface enter
04-09 00:57:51.910  1296  1296 E ANDR-PERF-DATA-POOL: EventDataPool is Full
04-09 00:57:51.910  1296  1296 E ANDR-PERF-MPCTL: perf request submission limit reached.
04-09 00:57:51.919  1265  1749 E SDM     : HWCSession::GetClientTargetProperty: GetClinetTargetProperty interface enter
04-09 00:57:51.919  1296  1296 E ANDR-PERF-DATA-POOL: EventDataPool is Full
04-09 00:57:51.919  1296  1296 E ANDR-PERF-MPCTL: perf request submission limit reached.
04-09 00:57:51.927  1265  1749 E SDM     : HWCSession::GetClientTargetProperty: GetClinetTargetProperty interface enter
04-09 00:57:51.927  1296  1296 E ANDR-PERF-DATA-POOL: EventDataPool is Full
04-09 00:57:51.927  1296  1296 E ANDR-PERF-MPCTL: perf request submission limit reached.
04-09 00:57:51.936  1265  1749 E SDM     : HWCSession::GetClientTargetProperty: GetClinetTargetProperty interface enter
04-09 00:57:51.936  1296  1296 E ANDR-PERF-DATA-POOL: EventDataPool is Full
04-09 00:57:51.936  1296  1296 E ANDR-PERF-MPCTL: perf request submission limit reached.
04-09 00:57:51.944  1265  1749 E SDM     : HWCSession::GetClientTargetProperty: GetClinetTargetProperty interface enter
04-09 00:57:51.944  1296  1296 E ANDR-PERF-DATA-POOL: EventDataPool is Full
04-09 00:57:51.944  1296  1296 E ANDR-PERF-MPCTL: perf request submission limit reached.
04-09 00:57:51.952  1265  1749 E SDM     : HWCSession::GetClientTargetProperty: GetClinetTargetProperty interface enter
04-09 00:57:51.952  1296  1296 E ANDR-PERF-DATA-POOL: EventDataPool is Full
04-09 00:57:51.952  1296  1296 E ANDR-PERF-MPCTL: perf request submission limit reached.
04-09 00:57:51.960  1265  1749 E SDM     : HWCSession::GetClientTargetProperty: GetClinetTargetProperty interface enter
04-09 00:57:51.960  1296  1296 E ANDR-PERF-DATA-POOL: EventDataPool is Full
04-09 00:57:51.960  1296  1296 E ANDR-PERF-MPCTL: perf request submission limit reached.
04-09 00:57:51.969  1265  1749 E SDM     : HWCSession::GetClientTargetProperty: GetClinetTargetProperty interface enter
04-09 00:57:51.969  1296  1296 E ANDR-PERF-DATA-POOL: EventDataPool is Full
04-09 00:57:51.969  1296  1296 E ANDR-PERF-MPCTL: perf request submission limit reached.
04-09 00:57:51.977  1265  1749 E SDM     : HWCSession::GetClientTargetProperty: GetClinetTargetProperty interface enter
04-09 00:57:51.977  1296  1296 E ANDR-PERF-DATA-POOL: EventDataPool is Full
04-09 00:57:51.977  1296  1296 E ANDR-PERF-MPCTL: perf request submission limit reached.
04-09 00:57:51.985  1265  1749 E SDM     : HWCSession::GetClientTargetProperty: GetClinetTargetProperty interface enter
04-09 00:57:51.985  1296  1296 E ANDR-PERF-DATA-POOL: EventDataPool is Full
04-09 00:57:51.985  1296  1296 E ANDR-PERF-MPCTL: perf request submission limit reached.
04-09 00:57:51.989  4073  4461 E SurfaceComposerClient: SurfaceComposerClient::Transaction::setAlpha: invalid alpha 1.000008, clamping
04-09 00:57:51.994  1265  1749 E SDM     : HWCSession::GetClientTargetProperty: GetClinetTargetProperty interface enter
04-09 00:57:51.994  1296  1296 E ANDR-PERF-DATA-POOL: EventDataPool is Full
04-09 00:57:51.994  1296  1296 E ANDR-PERF-MPCTL: perf request submission limit reached.
04-09 00:57:51.998  4073  4461 E SurfaceComposerClient: SurfaceComposerClient::Transaction::setAlpha: invalid alpha 1.000031, clamping
04-09 00:57:52.002  1265  1749 E SDM     : HWCSession::GetClientTargetProperty: GetClinetTargetProperty interface enter
04-09 00:57:52.002  1296  1296 E ANDR-PERF-DATA-POOL: EventDataPool is Full
04-09 00:57:52.002  1296  1296 E ANDR-PERF-MPCTL: perf request submission limit reached.
04-09 00:57:52.006  4073  4461 E SurfaceComposerClient: SurfaceComposerClient::Transaction::setAlpha: invalid alpha 1.000046, clamping
04-09 00:57:52.009  1382  1382 D RefreshRateSelector: Touch Boost
04-09 00:57:52.009  1382  1382 D MI-SF   : mIsSupportAutomodeForMaxFpsSetting is 0(0), getCurrentBrightness() = 898(328), mIsKeepAutoMode 0
04-09 00:57:52.009  1382  1382 D RefreshRateSelector: fixedMode_group: 0, isFindModeGroup 0
04-09 00:57:52.010  1382  1382 D RefreshRateSelector: find max refresh rate:120, mode Group:0
04-09 00:57:52.011  1265  1749 E SDM     : HWCSession::GetClientTargetProperty: GetClinetTargetProperty interface enter
04-09 00:57:52.011  1296  1296 E ANDR-PERF-DATA-POOL: EventDataPool is Full
04-09 00:57:52.011  1296  1296 E ANDR-PERF-MPCTL: perf request submission limit reached.
04-09 00:57:52.015  4073  4461 E SurfaceComposerClient: SurfaceComposerClient::Transaction::setAlpha: invalid alpha 1.000057, clamping
04-09 00:57:52.017  2184  2506 W AccessibilityWindowsPopulator: Windows change within in 2 frames continuously over 500 ms and notify windows changed immediately
04-09 00:57:52.019  1265  1749 E SDM     : HWCSession::GetClientTargetProperty: GetClinetTargetProperty interface enter
04-09 00:57:52.019  1296  1296 E ANDR-PERF-DATA-POOL: EventDataPool is Full
04-09 00:57:52.019  1296  1296 E ANDR-PERF-MPCTL: perf request submission limit reached.
04-09 00:57:52.023  4073  4461 E SurfaceComposerClient: SurfaceComposerClient::Transaction::setAlpha: invalid alpha 1.000064, clamping
04-09 00:57:52.024  4073  4461 E SurfaceComposerClient: SurfaceComposerClient::Transaction::setAlpha: invalid alpha 1.000064, clamping
04-09 00:57:52.024  4073  4317 D SoScUtils: monitorTransitionFinished transition:android.os.BinderProxy@bb95ffc transaction: android.view.SurfaceControl$Transaction@611dbdf mRequestCloseTransition:null mRequestOpenTransition:null mPairsOpenTransition:null mPairsOpenTransitionNull:null mRequestOpenTriggerTask:-1 mRequestCloseTriggerTask:-1 mOrientationTransition: null mMainStartingTask:-1 mSideStartingTask:-1
04-09 00:57:52.027  1265  1749 E SDM     : HWCSession::GetClientTargetProperty: GetClinetTargetProperty interface enter
04-09 00:57:52.028  1296  1296 E ANDR-PERF-DATA-POOL: EventDataPool is Full
04-09 00:57:52.028  1296  1296 E ANDR-PERF-MPCTL: perf request submission limit reached.
04-09 00:57:52.030  2184  8804 I Transition: finishTransition: updateLastSurfacePosition tf=Task{a7e439 #14389 type=standard A=10518:com.suno.android}
04-09 00:57:52.031  1382  2870 W VsyncModulator: setTransactionSchedule: Unexpected EarlyEnd
04-09 00:57:52.033  3780  3780 I MiuiWallpaper-ImageWallpaper: onVisibilityChanged, visible = false
04-09 00:57:52.033  3780  3780 I MiuiWallpaper-MiuiKeyguardPictorialWallpaper: onVisibilityChanged, visible = false
04-09 00:57:52.035  1382  1382 D RefreshRateSelector: Touch Boost
04-09 00:57:52.035  1382  1382 D MI-SF   : mIsSupportAutomodeForMaxFpsSetting is 0(0), getCurrentBrightness() = 898(328), mIsKeepAutoMode 0
04-09 00:57:52.035  1382  1382 D RefreshRateSelector: fixedMode_group: 0, isFindModeGroup 0
04-09 00:57:52.035  1382  1382 D RefreshRateSelector: find max refresh rate:120, mode Group:0
04-09 00:57:52.037  4073  4317 D MiuiFullScreenTaskRepository: addOrUpdateFullScreenTaskInfo taskId=1, topActivity=ComponentInfo{com.mi.android.globallauncher/com.miui.home.launcher.Launcher}
04-09 00:57:52.039  4081  7644 W DynamicDDSService: appName is not found in cache: com.mi.android.globallauncher
04-09 00:57:52.043  1382  1382 D RefreshRateSelector: Touch Boost
04-09 00:57:52.043  1382  1382 D MI-SF   : mIsSupportAutomodeForMaxFpsSetting is 0(0), getCurrentBrightness() = 898(328), mIsKeepAutoMode 0
04-09 00:57:52.043  1382  1382 D RefreshRateSelector: fixedMode_group: 0, isFindModeGroup 0
04-09 00:57:52.043  1382  1382 D RefreshRateSelector: find max refresh rate:120, mode Group:0
04-09 00:57:52.054  1382  4874 I BpBinder: onLastStrongRef automatically unlinking death recipients: 
04-09 00:57:52.056  4110  4110 D OnLongClickAgent: reset:   removeMessages MSG_LONG_CLICK
04-09 00:57:52.056  4110  4110 D OnLongClickAgent: reset:   removeMessages MSG_LONG_CLICK
04-09 00:57:52.056  4110  4110 D OnLongClickAgent: reset:   removeMessages MSG_LONG_CLICK
04-09 00:57:52.056  4110  4110 D OnLongClickAgent: reset:   removeMessages MSG_LONG_CLICK
04-09 00:57:52.056  4110  4110 D OnLongClickAgent: reset:   removeMessages MSG_LONG_CLICK
04-09 00:57:52.056  4110  4110 D OnLongClickAgent: reset:   removeMessages MSG_LONG_CLICK
04-09 00:57:52.056  4110  4110 D OnLongClickAgent: reset:   removeMessages MSG_LONG_CLICK
04-09 00:57:52.056  4110  4110 D OnLongClickAgent: reset:   removeMessages MSG_LONG_CLICK
04-09 00:57:52.056  4110  4110 D OnLongClickAgent: reset:   removeMessages MSG_LONG_CLICK
04-09 00:57:52.056  4110  4110 D OnLongClickAgent: reset:   removeMessages MSG_LONG_CLICK
04-09 00:57:52.056  4110  4110 D OnLongClickAgent: reset:   removeMessages MSG_LONG_CLICK
04-09 00:57:52.056  4110  4110 D OnLongClickAgent: reset:   removeMessages MSG_LONG_CLICK
04-09 00:57:52.056  4110  4110 D OnLongClickAgent: reset:   removeMessages MSG_LONG_CLICK
04-09 00:57:52.056  4110  4110 D OnLongClickAgent: reset:   removeMessages MSG_LONG_CLICK
04-09 00:57:52.056  4110  4110 D OnLongClickAgent: reset:   removeMessages MSG_LONG_CLICK
04-09 00:57:52.059  4110  4110 D Launcher.Lifecycle: onStop:UserHandle{0},e1c02d1,false
04-09 00:57:52.059  4110  4110 D SoscSplitStateController: updateDividerFixedState: isFixed = false
04-09 00:57:52.059  4110  4110 D Launcher_UnlockAnimationStateMachine: onStop = IDLE
04-09 00:57:52.059  4073  4317 D SoScSplitScreenController: updateDividerFixedState isFixed:false
04-09 00:57:52.060 30380 31686 D LauncherOverlay: setActivityState:0
04-09 00:57:52.060  4110  4110 E Launcher.application: setClickAppWaitForCallback = false
04-09 00:57:52.061 30380 30380 I LauncherOverlayCallback: handleMessage WHAT_ACTIVITY_STATE_CHANGED what：0
04-09 00:57:52.061 30380 30380 D LauncherOverlay.Window: onStop
04-09 00:57:52.061 30380 30380 I LauncherOverlayCallback: handleMessage WHAT_LAUNCHER_STATE what：0
04-09 00:57:52.061 30380 30380 D LauncherOverlay.Window: launcherState 0
04-09 00:57:52.061 30380 30380 D LauncherOverlay.Window: resumedStateNow 0,resumedStateNew = 0
04-09 00:57:52.063  4110  4110 D ActivityThread: Fail to check app heapsize due to java.lang.NoSuchMethodException: dalvik.system.VMRuntime.getBlockingGcCountForAlloc []
04-09 00:57:52.073  2184  2501 D Aurogon :  uid = 10082 switch to BG
04-09 00:57:52.073  3988 19609 D MiuiBluetoothLatencyMode: onForegroundActivitiesChanged, pid: 4110 uid: 10082 foregroundActivities: false
04-09 00:57:52.073  2184  3075 D isUidValid: uid = 10082
04-09 00:57:52.074  8105 23384 D PMonitor:  onForegroundActivitiesChanged:pid = 4110,activity-uid=10082,foregroundActivities=false
04-09 00:57:52.080  1382  1382 D MI-SF   : Launcher Changed hasLauncher=0
04-09 00:57:52.081  2184  2922 I MiuiNetworkPolicy: updateUidState uid = 10337, uidState = 5
04-09 00:57:52.081  2184  2922 I MiuiNetworkPolicy: updateUidState uid = 10123, uidState = 5
04-09 00:57:52.081  2184  2922 I MiuiNetworkPolicy: updateUidState uid = 10116, uidState = 4
04-09 00:57:52.081  2184  2922 I MiuiNetworkPolicy: updateUidState uid = 10094, uidState = 4
04-09 00:57:52.084  2184  2922 I MiuiNetworkPolicy: updateUidState uid = 10082, uidState = 5
04-09 00:57:52.118  1382  1382 D RefreshRateSelector: Touch Boost
04-09 00:57:52.118  1382  1382 D MI-SF   : mIsSupportAutomodeForMaxFpsSetting is 0(0), getCurrentBrightness() = 898(328), mIsKeepAutoMode 0
04-09 00:57:52.118  1382  1382 D RefreshRateSelector: fixedMode_group: 0, isFindModeGroup 0
04-09 00:57:52.118  1382  1382 D RefreshRateSelector: find max refresh rate:120, mode Group:0
04-09 00:57:52.168 15853 16193 D AudioTrackImpl: [audioTrackData][zero] 31s(f:0 m:0 s:0 k:0 z:31019) : pid 15853 uid 10518 sessionId 897 sr 48000 ch 2 fmt 1
04-09 00:57:52.190 15853 21395 W MediaCodec: [mId: 4] [video-debug-dec] queueInputBuffer: Average input time interval reaches 4785ms for 16 inputs by pts: 1000329300000
04-09 00:57:52.279 25935 25935 I Capacitor/Console: File:  - Line 349 - Msg: [object Object]
04-09 00:57:52.281 25935 25935 V Capacitor/Plugin: To native (Capacitor plugin): callbackId: 91768171, pluginId: ScreenTime, methodName: consumePendingNavigation
04-09 00:57:52.281 25935 25935 V Capacitor: callback: 91768171, pluginId: ScreenTime, methodName: consumePendingNavigation, methodData: {}
04-09 00:57:52.285 25935 27129 D BlearnScreenTime: consume_pending_navigation_empty
04-09 00:57:52.296 25935 25935 I Capacitor/Console: File:  - Line 333 - Msg: undefined
04-09 00:57:52.298  3988 19609 D BtGatt.GattService: getDeviceType() - device=4C:6B:E8:5C:64:CE, type=3
04-09 00:57:52.298  3988 19609 D BtGatt.GattService: getDeviceType() - device=BD:49:0E:5C:E7:EC, type=1
04-09 00:57:52.299  3988 19609 D BtGatt.GattService: getDeviceType() - device=42:98:76:54:33:8B, type=1
04-09 00:57:52.299  3988 19609 D BtGatt.GattService: getDeviceType() - device=B0:F1:D8:A9:07:6F, type=3
04-09 00:57:52.299  3988 19609 D BtGatt.GattService: getDeviceType() - device=F4:04:4C:00:AC:A5, type=1
04-09 00:57:52.299  3988 19609 D BtGatt.GattService: getDeviceType() - device=98:52:3D:B0:A5:6B, type=3
04-09 00:57:52.299  3988 19609 D BtGatt.GattService: getDeviceType() - device=2C:41:A1:14:BD:E4, type=3
04-09 00:57:52.299  3988 19609 D BtGatt.GattService: getDeviceType() - device=58:D5:0A:49:48:D2, type=1
04-09 00:57:52.299  3988 19609 D BtGatt.GattService: getDeviceType() - device=60:09:C3:F4:63:6C, type=3
04-09 00:57:52.299  3988 19609 D BtGatt.GattService: getDeviceType() - device=78:20:2E:12:52:D2, type=3
04-09 00:57:52.299  3988 19609 D BtGatt.GattService: getDeviceType() - device=08:DF:1F:2C:F8:2B, type=1
04-09 00:57:52.299  3988 19609 D BtGatt.GattService: getDeviceType() - device=6C:5C:3D:3B:7F:B8, type=1
04-09 00:57:52.299  3988 19609 D BtGatt.GattService: getDeviceType() - device=2C:FD:B4:8E:EC:21, type=1
04-09 00:57:52.299  3988 19609 D BtGatt.GattService: getDeviceType() - device=6F:54:CD:39:F8:97, type=1
04-09 00:57:52.299  3988 19609 D BtGatt.GattService: getDeviceType() - device=00:07:80:E0:32:12, type=1
04-09 00:57:52.299  3988 19609 D BtGatt.GattService: getDeviceType() - device=0C:3B:50:86:D5:EF, type=1
04-09 00:57:52.299  3988 19609 D BtGatt.GattService: getDeviceType() - device=60:8A:10:1E:26:D8, type=3
04-09 00:57:52.299  3988 19609 D BtGatt.GattService: getDeviceType() - device=00:0C:8A:BA:02:3C, type=1
04-09 00:57:52.299  3988 19609 D BtGatt.GattService: getDeviceType() - device=90:A3:A3:56:BF:D9, type=1
04-09 00:57:52.303  3988 19609 D BtGatt.GattService: getDeviceType() - device=4C:6B:E8:5C:64:CE, type=3
04-09 00:57:52.303  3988 19609 D BtGatt.GattService: getDeviceType() - device=BD:49:0E:5C:E7:EC, type=1
04-09 00:57:52.303  3988 19609 D BtGatt.GattService: getDeviceType() - device=42:98:76:54:33:8B, type=1
04-09 00:57:52.303  3988 19609 D BtGatt.GattService: getDeviceType() - device=B0:F1:D8:A9:07:6F, type=3
04-09 00:57:52.303  3988 19609 D BtGatt.GattService: getDeviceType() - device=F4:04:4C:00:AC:A5, type=1
04-09 00:57:52.303  3988 19609 D BtGatt.GattService: getDeviceType() - device=98:52:3D:B0:A5:6B, type=3
04-09 00:57:52.303  3988 19609 D BtGatt.GattService: getDeviceType() - device=2C:41:A1:14:BD:E4, type=3
04-09 00:57:52.303  3988 19609 D BtGatt.GattService: getDeviceType() - device=58:D5:0A:49:48:D2, type=1
04-09 00:57:52.303  3988 19609 D BtGatt.GattService: getDeviceType() - device=60:09:C3:F4:63:6C, type=3
04-09 00:57:52.303  3988 19609 D BtGatt.GattService: getDeviceType() - device=78:20:2E:12:52:D2, type=3
04-09 00:57:52.303  3988 19609 D BtGatt.GattService: getDeviceType() - device=08:DF:1F:2C:F8:2B, type=1
04-09 00:57:52.303  3988 19609 D BtGatt.GattService: getDeviceType() - device=6C:5C:3D:3B:7F:B8, type=1
04-09 00:57:52.303  3988 19609 D BtGatt.GattService: getDeviceType() - device=2C:FD:B4:8E:EC:21, type=1
04-09 00:57:52.303  3988 19609 D BtGatt.GattService: getDeviceType() - device=6F:54:CD:39:F8:97, type=1
04-09 00:57:52.303  3988 19609 D BtGatt.GattService: getDeviceType() - device=00:07:80:E0:32:12, type=1
04-09 00:57:52.303  3988 19609 D BtGatt.GattService: getDeviceType() - device=0C:3B:50:86:D5:EF, type=1
04-09 00:57:52.303  3988 19609 D BtGatt.GattService: getDeviceType() - device=60:8A:10:1E:26:D8, type=3
04-09 00:57:52.303  3988 19609 D BtGatt.GattService: getDeviceType() - device=00:0C:8A:BA:02:3C, type=1
04-09 00:57:52.303  3988 19609 D BtGatt.GattService: getDeviceType() - device=90:A3:A3:56:BF:D9, type=1
04-09 00:57:52.307  3988 19609 D BtGatt.GattService: getDeviceType() - device=4C:6B:E8:5C:64:CE, type=3
04-09 00:57:52.307  3988 19609 D BtGatt.GattService: getDeviceType() - device=BD:49:0E:5C:E7:EC, type=1
04-09 00:57:52.307  3988 19609 D BtGatt.GattService: getDeviceType() - device=42:98:76:54:33:8B, type=1
04-09 00:57:52.307  3988 19609 D BtGatt.GattService: getDeviceType() - device=B0:F1:D8:A9:07:6F, type=3
04-09 00:57:52.307  3988 19609 D BtGatt.GattService: getDeviceType() - device=F4:04:4C:00:AC:A5, type=1
04-09 00:57:52.307  3988 19609 D BtGatt.GattService: getDeviceType() - device=98:52:3D:B0:A5:6B, type=3
04-09 00:57:52.307  3988 19609 D BtGatt.GattService: getDeviceType() - device=2C:41:A1:14:BD:E4, type=3
04-09 00:57:52.307  3988 19609 D BtGatt.GattService: getDeviceType() - device=58:D5:0A:49:48:D2, type=1
04-09 00:57:52.307  3988 19609 D BtGatt.GattService: getDeviceType() - device=60:09:C3:F4:63:6C, type=3
04-09 00:57:52.307  3988 19609 D BtGatt.GattService: getDeviceType() - device=78:20:2E:12:52:D2, type=3
04-09 00:57:52.307  3988 19609 D BtGatt.GattService: getDeviceType() - device=08:DF:1F:2C:F8:2B, type=1
04-09 00:57:52.307  3988 19609 D BtGatt.GattService: getDeviceType() - device=6C:5C:3D:3B:7F:B8, type=1
04-09 00:57:52.307  3988 19609 D BtGatt.GattService: getDeviceType() - device=2C:FD:B4:8E:EC:21, type=1
04-09 00:57:52.307  3988 19609 D BtGatt.GattService: getDeviceType() - device=6F:54:CD:39:F8:97, type=1
04-09 00:57:52.307  3988 19609 D BtGatt.GattService: getDeviceType() - device=00:07:80:E0:32:12, type=1
04-09 00:57:52.307  3988 19609 D BtGatt.GattService: getDeviceType() - device=0C:3B:50:86:D5:EF, type=1
04-09 00:57:52.307  3988 19609 D BtGatt.GattService: getDeviceType() - device=60:8A:10:1E:26:D8, type=3
04-09 00:57:52.307  3988 19609 D BtGatt.GattService: getDeviceType() - device=00:0C:8A:BA:02:3C, type=1
04-09 00:57:52.307  3988 19609 D BtGatt.GattService: getDeviceType() - device=90:A3:A3:56:BF:D9, type=1
04-09 00:57:52.387  9679 10356 I libc    : kill: send 15 to pid 27847 real pid 27847
04-09 00:57:52.388  9679 10356 E PowerKeeper.Thermal: ProcessInfo java.lang.NumberFormatException: For input string: "CPU usage from 557916ms to 257774ms ago (2026-04-09 00"
04-09 00:57:52.486 15853 16236 D BufferQueueProducer: [SurfaceTexture-0-15853-3](id:3ded00000007,api:3,p:15853,c:15853) bbq.waitForFreeSlotThenRelock timeout 0 return. deqCount=16, acqCount=1, mMaxAcq=1, mMaxDeq=17
04-09 00:57:52.647 15853 16193 D AudioTrackImpl: [audioTrackData][mute] 10s(f:485 m:10005 s:385 k:10005 z:0) : pid 15853 uid 10518 sessionId 889 sr 48000 ch 2 fmt 1
04-09 00:57:52.988  2184  8804 D ActivityManager: checkAllowBackground: uid=10163 pkg=com.google.android.gms rec=UidRecord{aa25102 u0a163 BTOP change:procadj procs:0 seq(531788,2530)} caps=LCMNFU always=false idle=false
04-09 00:57:52.997  2184  4175 D ActivityManager: checkAllowBackground: uid=10163 pkg=com.google.android.gms rec=UidRecord{aa25102 u0a163 BTOP change:procadj procs:0 seq(531788,2530)} caps=LCMNFU always=false idle=false
04-09 00:57:53.000  5411 27851 I GmscoreIpa: Starting mediastore instant index [CONTEXT service_id=255 ]
04-09 00:57:53.002  2184  4175 I ClipboardServiceI: checkProviderWakePathForClipboard: primaryClip is null
04-09 00:57:53.055 15853 16236 D BufferQueueProducer: [SurfaceTexture-0-15853-3](id:3ded00000007,api:3,p:15853,c:15853) bbq.waitForFreeSlotThenRelock timeout 0 return. deqCount=16, acqCount=1, mMaxAcq=1, mMaxDeq=17
04-09 00:57:53.167 15853 16193 D AudioTrackImpl: [audioTrackData][zero] 32s(f:0 m:0 s:0 k:0 z:32019) : pid 15853 uid 10518 sessionId 897 sr 48000 ch 2 fmt 1
04-09 00:57:53.171  1870  1870 I wificond: station_bandwidth: 
04-09 00:57:53.310  3780  6955 W OpenGLRenderer: Surface doesn't have any previously queued frames, nothing to readback from
04-09 00:57:53.321  3780  6955 W OpenGLRenderer: Surface doesn't have any previously queued frames, nothing to readback from
04-09 00:57:53.649 15853 16193 D AudioTrackImpl: [audioTrackData][mute] 11s(f:485 m:11008 s:385 k:11008 z:0) : pid 15853 uid 10518 sessionId 889 sr 48000 ch 2 fmt 1
04-09 00:57:53.735  4073  4073 D ArtChoreographerMonitor: invoke error.
04-09 00:57:53.926 16806 17823 V U.Notification: Posting new notification, elapsed=16041
04-09 00:57:54.168 15853 16193 D AudioTrackImpl: [audioTrackData][zero] 33s(f:0 m:0 s:0 k:0 z:33020) : pid 15853 uid 10518 sessionId 897 sr 48000 ch 2 fmt 1
04-09 00:57:54.280 25935 25935 I Capacitor/Console: File:  - Line 349 - Msg: [object Object]
04-09 00:57:54.281 25935 25935 V Capacitor/Plugin: To native (Capacitor plugin): callbackId: 91768172, pluginId: ScreenTime, methodName: consumePendingNavigation
04-09 00:57:54.281 25935 25935 V Capacitor: callback: 91768172, pluginId: ScreenTime, methodName: consumePendingNavigation, methodData: {}
04-09 00:57:54.284  2184  2922 D MiuiNetworkPolicy: updateLimit mLimitEnabled=false,enabled=true,mNetworkPriorityMode=0,mThermalForceMode=0
04-09 00:57:54.286  2184  2922 I MiuiNetworkPolicy: getEnableLimitTimeout when thermal mode is:0
04-09 00:57:54.286 25935 27129 D BlearnScreenTime: consume_pending_navigation_empty
04-09 00:57:54.286 15853 16236 D BufferQueueProducer: [SurfaceTexture-0-15853-3](id:3ded00000007,api:3,p:15853,c:15853) bbq.waitForFreeSlotThenRelock timeout 0 return. deqCount=16, acqCount=1, mMaxAcq=1, mMaxDeq=17
04-09 00:57:54.288 25935 25935 I Capacitor/Console: File:  - Line 333 - Msg: undefined
04-09 00:57:54.317  2184  4175 D ActivityManager: checkAllowBackground: uid=10191 pkg=com.google.android.apps.photos rec=UidRecord{cce0872 u0a191 CEM  bg:+45m37s134ms idle change:procadj procs:0 seq(531772,468287)} caps=------ always=false idle=true
04-09 00:57:54.324  2184  2922 I MiuiNetworkPolicy: updateUidState uid = 10191, uidState = 8
04-09 00:57:54.325  2184  4175 I SmartPower: com.google.android.apps.photos/10191(25405): idle->background(6048ms) R(service create com.google.android.apps.photos/androidx.work.impl.background.systemjob.SystemJobService) adj=0.
04-09 00:57:54.328  2184  4175 I whetstone.activity: Power Event callback listener is empty for resId=256
04-09 00:57:54.328  2184  4175 D BatteryStatsManagerStub: notifyEvent for resId=256 used 0ms
04-09 00:57:54.352  2184  8804 I whetstone.activity: Power Event callback listener is empty for resId=256
04-09 00:57:54.352  2184  8804 D BatteryStatsManagerStub: notifyEvent for resId=256 used 0ms
04-09 00:57:54.356  2184  2922 I MiuiNetworkPolicy: updateUidState uid = 10191, uidState = 10
04-09 00:57:54.358  2184  2922 I MiuiNetworkPolicy: updateUidState uid = 10191, uidState = 19
04-09 00:57:54.462  3988 19609 D BtGatt.GattService: getDeviceType() - device=4C:6B:E8:5C:64:CE, type=3
04-09 00:57:54.462  3988 19609 D BtGatt.GattService: getDeviceType() - device=BD:49:0E:5C:E7:EC, type=1
04-09 00:57:54.462  3988 19609 D BtGatt.GattService: getDeviceType() - device=42:98:76:54:33:8B, type=1
04-09 00:57:54.462  3988 19609 D BtGatt.GattService: getDeviceType() - device=B0:F1:D8:A9:07:6F, type=3
04-09 00:57:54.462  3988 19609 D BtGatt.GattService: getDeviceType() - device=F4:04:4C:00:AC:A5, type=1
04-09 00:57:54.462  3988 19609 D BtGatt.GattService: getDeviceType() - device=98:52:3D:B0:A5:6B, type=3
04-09 00:57:54.462  3988 19609 D BtGatt.GattService: getDeviceType() - device=2C:41:A1:14:BD:E4, type=3
04-09 00:57:54.462  3988 19609 D BtGatt.GattService: getDeviceType() - device=58:D5:0A:49:48:D2, type=1
04-09 00:57:54.462  3988 19609 D BtGatt.GattService: getDeviceType() - device=60:09:C3:F4:63:6C, type=3
04-09 00:57:54.462  3988 19609 D BtGatt.GattService: getDeviceType() - device=78:20:2E:12:52:D2, type=3
04-09 00:57:54.462  3988 19609 D BtGatt.GattService: getDeviceType() - device=08:DF:1F:2C:F8:2B, type=1
04-09 00:57:54.462  3988 19609 D BtGatt.GattService: getDeviceType() - device=6C:5C:3D:3B:7F:B8, type=1
04-09 00:57:54.462  3988 19609 D BtGatt.GattService: getDeviceType() - device=2C:FD:B4:8E:EC:21, type=1
04-09 00:57:54.462  3988 19609 D BtGatt.GattService: getDeviceType() - device=6F:54:CD:39:F8:97, type=1
04-09 00:57:54.462  3988 19609 D BtGatt.GattService: getDeviceType() - device=00:07:80:E0:32:12, type=1
04-09 00:57:54.462  3988 19609 D BtGatt.GattService: getDeviceType() - device=0C:3B:50:86:D5:EF, type=1
04-09 00:57:54.462  3988 19609 D BtGatt.GattService: getDeviceType() - device=60:8A:10:1E:26:D8, type=3
04-09 00:57:54.462  3988 19609 D BtGatt.GattService: getDeviceType() - device=00:0C:8A:BA:02:3C, type=1
04-09 00:57:54.462  3988 19609 D BtGatt.GattService: getDeviceType() - device=90:A3:A3:56:BF:D9, type=1
04-09 00:57:54.466  3988 19609 D BtGatt.GattService: getDeviceType() - device=4C:6B:E8:5C:64:CE, type=3
04-09 00:57:54.466  3988 19609 D BtGatt.GattService: getDeviceType() - device=BD:49:0E:5C:E7:EC, type=1
04-09 00:57:54.466  3988 19609 D BtGatt.GattService: getDeviceType() - device=42:98:76:54:33:8B, type=1
04-09 00:57:54.466  3988 19609 D BtGatt.GattService: getDeviceType() - device=B0:F1:D8:A9:07:6F, type=3
04-09 00:57:54.466  3988 19609 D BtGatt.GattService: getDeviceType() - device=F4:04:4C:00:AC:A5, type=1
04-09 00:57:54.466  3988 19609 D BtGatt.GattService: getDeviceType() - device=98:52:3D:B0:A5:6B, type=3
04-09 00:57:54.466  3988 19609 D BtGatt.GattService: getDeviceType() - device=2C:41:A1:14:BD:E4, type=3
04-09 00:57:54.466  3988 19609 D BtGatt.GattService: getDeviceType() - device=58:D5:0A:49:48:D2, type=1
04-09 00:57:54.466  3988 19609 D BtGatt.GattService: getDeviceType() - device=60:09:C3:F4:63:6C, type=3
04-09 00:57:54.466  3988 19609 D BtGatt.GattService: getDeviceType() - device=78:20:2E:12:52:D2, type=3
04-09 00:57:54.466  3988 19609 D BtGatt.GattService: getDeviceType() - device=08:DF:1F:2C:F8:2B, type=1
04-09 00:57:54.466  3988 19609 D BtGatt.GattService: getDeviceType() - device=6C:5C:3D:3B:7F:B8, type=1
04-09 00:57:54.466  3988 19609 D BtGatt.GattService: getDeviceType() - device=2C:FD:B4:8E:EC:21, type=1
04-09 00:57:54.466  3988 19609 D BtGatt.GattService: getDeviceType() - device=6F:54:CD:39:F8:97, type=1
04-09 00:57:54.466  3988 19609 D BtGatt.GattService: getDeviceType() - device=00:07:80:E0:32:12, type=1
04-09 00:57:54.467  3988 19609 D BtGatt.GattService: getDeviceType() - device=0C:3B:50:86:D5:EF, type=1
04-09 00:57:54.467  3988 19609 D BtGatt.GattService: getDeviceType() - device=60:8A:10:1E:26:D8, type=3
04-09 00:57:54.467  3988 19609 D BtGatt.GattService: getDeviceType() - device=00:0C:8A:BA:02:3C, type=1
04-09 00:57:54.467  3988 19609 D BtGatt.GattService: getDeviceType() - device=90:A3:A3:56:BF:D9, type=1
04-09 00:57:54.469  3988 19609 D BtGatt.GattService: getDeviceType() - device=4C:6B:E8:5C:64:CE, type=3
04-09 00:57:54.469  3988 19609 D BtGatt.GattService: getDeviceType() - device=BD:49:0E:5C:E7:EC, type=1
04-09 00:57:54.469  3988 19609 D BtGatt.GattService: getDeviceType() - device=42:98:76:54:33:8B, type=1
04-09 00:57:54.469  3988 19609 D BtGatt.GattService: getDeviceType() - device=B0:F1:D8:A9:07:6F, type=3
04-09 00:57:54.469  3988 19609 D BtGatt.GattService: getDeviceType() - device=F4:04:4C:00:AC:A5, type=1
04-09 00:57:54.469  3988 19609 D BtGatt.GattService: getDeviceType() - device=98:52:3D:B0:A5:6B, type=3
04-09 00:57:54.469  3988 19609 D BtGatt.GattService: getDeviceType() - device=2C:41:A1:14:BD:E4, type=3
04-09 00:57:54.469  3988 19609 D BtGatt.GattService: getDeviceType() - device=58:D5:0A:49:48:D2, type=1
04-09 00:57:54.469  3988 19609 D BtGatt.GattService: getDeviceType() - device=60:09:C3:F4:63:6C, type=3
04-09 00:57:54.469  3988 19609 D BtGatt.GattService: getDeviceType() - device=78:20:2E:12:52:D2, type=3
04-09 00:57:54.469  3988 19609 D BtGatt.GattService: getDeviceType() - device=08:DF:1F:2C:F8:2B, type=1
04-09 00:57:54.469  3988 19609 D BtGatt.GattService: getDeviceType() - device=6C:5C:3D:3B:7F:B8, type=1
04-09 00:57:54.469  3988 19609 D BtGatt.GattService: getDeviceType() - device=2C:FD:B4:8E:EC:21, type=1
04-09 00:57:54.470  3988 19609 D BtGatt.GattService: getDeviceType() - device=6F:54:CD:39:F8:97, type=1
04-09 00:57:54.470  3988 19609 D BtGatt.GattService: getDeviceType() - device=00:07:80:E0:32:12, type=1
04-09 00:57:54.470  3988 19609 D BtGatt.GattService: getDeviceType() - device=0C:3B:50:86:D5:EF, type=1
04-09 00:57:54.470  3988 19609 D BtGatt.GattService: getDeviceType() - device=60:8A:10:1E:26:D8, type=3
04-09 00:57:54.470  3988 19609 D BtGatt.GattService: getDeviceType() - device=00:0C:8A:BA:02:3C, type=1
04-09 00:57:54.470  3988 19609 D BtGatt.GattService: getDeviceType() - device=90:A3:A3:56:BF:D9, type=1
04-09 00:57:54.502  3988  3988 I BluetoothAdapterService: BT_FAST_SCAN MESSAGE_AUDIO_STATE_CHANGED isPlaying true mIsMusicPlaying false
04-09 00:57:54.502  3988  3988 D HeadsetService: isUnderUSdk 34 package com.xiaomi.bluetooth
04-09 00:57:54.502  3988  3988 I BluetoothAdapterService: getActiveDevices: Headset device: null
04-09 00:57:54.502  3988  3988 I BluetoothAdapterService: getActiveDevices: A2DP device: null
04-09 00:57:54.502  3988  3988 I BluetoothAdapterService: BT_FAST_SCAN setPageScanIntervalFast true for music active and havn't active device.
04-09 00:57:54.528 15853 16236 D BufferQueueProducer: [SurfaceTexture-0-15853-3](id:3ded00000007,api:3,p:15853,c:15853) bbq.waitForFreeSlotThenRelock timeout 0 return. deqCount=16, acqCount=1, mMaxAcq=1, mMaxDeq=17
04-09 00:57:54.529  9679 10356 I libc    : kill: send 15 to pid 27855 real pid 27855
04-09 00:57:54.529  9679 10356 E PowerKeeper.Thermal: ProcessInfo java.lang.NumberFormatException: For input string: "CPU usage from 560061ms to 259919ms ago (2026-04-09 00"
04-09 00:57:54.628 15853 16236 D BufferQueueProducer: [SurfaceTexture-0-15853-3](id:3ded00000007,api:3,p:15853,c:15853) bbq.waitForFreeSlotThenRelock timeout 0 return. deqCount=16, acqCount=1, mMaxAcq=1, mMaxDeq=17
04-09 00:57:54.653  1382  1796 D MI-SF   : mIsSupportAutomodeForMaxFpsSetting is 0(0), getCurrentBrightness() = 898(328), mIsKeepAutoMode 0
04-09 00:57:54.653  1382  1796 D RefreshRateSelector: fixedMode_group: 0, isFindModeGroup 0
04-09 00:57:54.653  1382  1796 D RefreshRateSelector: find max refresh rate:120, mode Group:0
04-09 00:57:54.715 15853 16193 D AudioTrackImpl: [audioTrackData][mute] 12s(f:485 m:12002 s:385 k:12001 z:0) : pid 15853 uid 10518 sessionId 889 sr 48000 ch 2 fmt 1
04-09 00:57:54.774  1382  1382 D MI-SF   : mIsSupportAutomodeForMaxFpsSetting is 0(0), getCurrentBrightness() = 898(328), mIsKeepAutoMode 0
04-09 00:57:54.774  1382  1382 D RefreshRateSelector: fixedMode_group: 0, isFindModeGroup 0
04-09 00:57:54.774  1382  1382 D RefreshRateSelector: find max refresh rate:120, mode Group:0
04-09 00:57:55.021 15853 16236 D BufferQueueProducer: [SurfaceTexture-0-15853-3](id:3ded00000007,api:3,p:15853,c:15853) bbq.waitForFreeSlotThenRelock timeout 0 return. deqCount=16, acqCount=1, mMaxAcq=1, mMaxDeq=17
04-09 00:57:55.167 15853 16193 D AudioTrackImpl: [audioTrackData][zero] 34s(f:0 m:0 s:0 k:0 z:34019) : pid 15853 uid 10518 sessionId 897 sr 48000 ch 2 fmt 1
04-09 00:57:55.528 15853 16236 D BufferQueueProducer: [SurfaceTexture-0-15853-3](id:3ded00000007,api:3,p:15853,c:15853) bbq.waitForFreeSlotThenRelock timeout 0 return. deqCount=16, acqCount=1, mMaxAcq=1, mMaxDeq=17
04-09 00:57:55.717 15853 16193 D AudioTrackImpl: [audioTrackData][mute] 13s(f:485 m:13004 s:385 k:13003 z:0) : pid 15853 uid 10518 sessionId 889 sr 48000 ch 2 fmt 1
04-09 00:57:55.757 15853 16236 D BufferQueueProducer: [SurfaceTexture-0-15853-3](id:3ded00000007,api:3,p:15853,c:15853) bbq.waitForFreeSlotThenRelock timeout 0 return. deqCount=16, acqCount=1, mMaxAcq=1, mMaxDeq=17
04-09 00:57:55.856  1314 21380 I QC2Comp : [avcD_167] Stats: Pending(7) i/p-done(3) Works: Q: 25/Done 20|Work-Rate: Q(0.0/s Avg=0.0/s) Done(0.000/s Avg=0.015/s)| Stream: 30.00fps 3.0Mbps
04-09 00:57:55.856  1314 21380 I QC2Comp : Mem-usage:  [In-1D - 7 bufs 20.918 MB] [1D-0 - 11 bufs 0.172 MB] [2D-155 - 19 bufs 27.164 MB]
04-09 00:57:55.856  1314 21380 I QC2Comp : Total Mem-usage: 48.254 MB
04-09 00:57:55.882  4878 22338 I NearbyMediums: No BLE Fast/GATT advertisements found in the latest cycle.
04-09 00:57:55.882  4878 22338 I NearbyMediums: Current Tracked Scanning Clients are : {NearbyConnections.EnvironmentMonitor, NearbySharing}
04-09 00:57:56.099 15853 16236 D BufferQueueProducer: [SurfaceTexture-0-15853-3](id:3ded00000007,api:3,p:15853,c:15853) bbq.waitForFreeSlotThenRelock timeout 0 return. deqCount=16, acqCount=1, mMaxAcq=1, mMaxDeq=17
04-09 00:57:56.139  1314 21393 I QC2Comp : [avcD_168] Stats: Pending(9) i/p-done(5) Works: Q: 10058/Done 10050|Work-Rate: Q(28.4/s Avg=7.8/s) Done(28.399/s Avg=7.757/s)| Stream: 30.00fps 2.9Mbps
04-09 00:57:56.139  1314 21393 I QC2Comp : Mem-usage:  [In-1D - 17 bufs 50.801 MB] [1D-0 - 10 bufs 0.156 MB] [2D-156 - 18 bufs 49.781 MB]
04-09 00:57:56.139  1314 21393 I QC2Comp : Total Mem-usage: 100.738 MB
04-09 00:57:56.167 15853 16193 D AudioTrackImpl: [audioTrackData][zero] 35s(f:0 m:0 s:0 k:0 z:35019) : pid 15853 uid 10518 sessionId 897 sr 48000 ch 2 fmt 1
04-09 00:57:56.179  1870  1870 I wificond: station_bandwidth: 
04-09 00:57:56.280 25935 25935 I Capacitor/Console: File:  - Line 349 - Msg: [object Object]
04-09 00:57:56.281 25935 25935 V Capacitor/Plugin: To native (Capacitor plugin): callbackId: 91768173, pluginId: ScreenTime, methodName: consumePendingNavigation
04-09 00:57:56.281 25935 25935 V Capacitor: callback: 91768173, pluginId: ScreenTime, methodName: consumePendingNavigation, methodData: {}
04-09 00:57:56.285 25935 27129 D BlearnScreenTime: consume_pending_navigation_empty
04-09 00:57:56.288 25935 25935 I Capacitor/Console: File:  - Line 333 - Msg: undefined
04-09 00:57:56.430  2184  8804 W ContentProviderHelper: No provider info for content provider com.miui.personalassistant.servicedeliver.system.provider when providerRunning is false, caller is ProcessRecord{e958075 4110:com.mi.android.globallauncher/u0a82}
04-09 00:57:56.430  4110  5809 E ActivityThread: Failed to find provider info for com.miui.personalassistant.servicedeliver.system.provider
04-09 00:57:56.431  4110  5809 E ServiceDeliveryCompat: isSupportServiceDelivery
04-09 00:57:56.431  4110  5809 E ServiceDeliveryCompat: java.lang.IllegalArgumentException: Unknown authority com.miui.personalassistant.servicedeliver.system.provider
04-09 00:57:56.431  4110  5809 E ServiceDeliveryCompat: 	at android.content.ContentResolver.call(ContentResolver.java:2466)
04-09 00:57:56.431  4110  5809 E ServiceDeliveryCompat: 	at android.content.ContentResolver.call(ContentResolver.java:2449)
04-09 00:57:56.431  4110  5809 E ServiceDeliveryCompat: 	at com.miui.home.launcher.servicedeliver.ServiceDeliveryUtils.isSupportServiceDelivery(ServiceDeliveryUtils.kt:28)
04-09 00:57:56.431  4110  5809 E ServiceDeliveryCompat: 	at com.miui.home.launcher.servicedeliver.ServiceDeliveryReplaceHelper.lambda$tryReplaceToServiceDelivery$1(ServiceDeliveryReplaceHelper.java:67)
04-09 00:57:56.431  4110  5809 E ServiceDeliveryCompat: 	at com.miui.home.launcher.servicedeliver.ServiceDeliveryReplaceHelper.$r8$lambda$WUWmthv-UjITX40FJ8ag1YKl6O8(Unknown Source:0)
04-09 00:57:56.431  4110  5809 E ServiceDeliveryCompat: 	at com.miui.home.launcher.servicedeliver.ServiceDeliveryReplaceHelper$$ExternalSyntheticLambda1.run(Unknown Source:2)
04-09 00:57:56.431  4110  5809 E ServiceDeliveryCompat: 	at java.util.concurrent.Executors$RunnableAdapter.call(Executors.java:520)
04-09 00:57:56.431  4110  5809 E ServiceDeliveryCompat: 	at java.util.concurrent.FutureTask.run(FutureTask.java:317)
04-09 00:57:56.431  4110  5809 E ServiceDeliveryCompat: 	at java.util.concurrent.ThreadPoolExecutor.runWorker(ThreadPoolExecutor.java:1154)
04-09 00:57:56.431  4110  5809 E ServiceDeliveryCompat: 	at java.util.concurrent.ThreadPoolExecutor$Worker.run(ThreadPoolExecutor.java:652)
04-09 00:57:56.431  4110  5809 E ServiceDeliveryCompat: 	at java.lang.Thread.run(Thread.java:1563)
04-09 00:57:56.431  4110  5809 I ServiceDeliveryReplaceHelper: tryReplaceToDelivery: isSupportServiceDelivery false
04-09 00:57:56.626 15853 21391 I MediaCodec: [mId: 4] [video-debug-dec] Stats over last 5018ms:
04-09 00:57:56.626 15853 21391 I MediaCodec: [mId: 4] [video-debug-dec] ClientName: com.suno.android ComponentName: c2.qti.avc.decoder
04-09 00:57:56.626 15853 21391 I MediaCodec: [mId: 4] [video-debug-dec] Qinput: 150, DQinput: 0 success out of 0 tries
04-09 00:57:56.626 15853 21391 I MediaCodec: [mId: 4] [video-debug-dec] Render: 151, Drop: 0, DQoutput: 0 success out of 0 tries
04-09 00:57:56.626 15853 21391 I MediaCodec: [mId: 4] [video-debug-dec] Avg Input Interval: 33ms, Avg Render Interval: 33ms
04-09 00:57:56.627 15853 21398 I MediaCodec: [mId: 5] [audio-debug-dec] Stats over last 5007ms:
04-09 00:57:56.627 15853 21398 I MediaCodec: [mId: 5] [audio-debug-dec] ClientName: com.suno.android ComponentName: c2.android.aac.decoder
04-09 00:57:56.627 15853 21398 I MediaCodec: [mId: 5] [audio-debug-dec] Qinput: 235, DQinput: 0 success out of 0 tries
04-09 00:57:56.627 15853 21398 I MediaCodec: [mId: 5] [audio-debug-dec] Render: 0, Drop: 234, DQoutput: 0 success out of 0 tries
04-09 00:57:56.627 15853 21398 D BufferPoolAccessor2.0: bufferpool2 0xb40000716c01aa28 : 5(40960 size) total buffers - 1(8192 size) used buffers - 15619/15679 (recycle/alloc) - 83/15614 (fetch/transfer)
04-09 00:57:56.660  4058  4058 D DynamicService:  ACTION_BATTERY_CHANGED change,USB plug = 2
04-09 00:57:56.660  4058  4058 D DynamicService_WifiBt:  ACTION_BATTERY_CHANGED change,USB plug = 2
04-09 00:57:56.660  3988  3988 D HeadsetService: BroadcastReceiver android.intent.action.BATTERY_CHANGED
04-09 00:57:56.665  2184  2184 D UiModeManager: updateConfigurationLocked: mDockState=0; mCarMode=false; mCar=false; mPowerSave=false; mOverrideNightModeOn=false; mOverrideNightModeOff=false; mComputedNightMode=true; mNightMode=2; uiMode=33
04-09 00:57:56.665  4039  4039 D QtiCarrierConfigHelper: WARNING, no carrier configs on phone Id: 1
04-09 00:57:56.665  4039  4039 D VideoCall_LowBattery: disconnectVideoCalls on low battery
04-09 00:57:56.665  4039  4039 D VideoCall_LowBattery: disconnectVideoCalls 
04-09 00:57:56.666  4020  4020 D DeviceStatisticsService: onReceive: action= android.intent.action.BATTERY_CHANGED
04-09 00:57:56.668  8508  8508 I PowerUtils: getSurfaceTemprature temp: 34
04-09 00:57:56.668  9679 10170 D PowerCheckerService: onBatteryChanged, mBatteryLevel = 12, status = 2, level = 12, plug = 2, scale = 100
04-09 00:57:56.669  8508  8508 I PowerSaveService: onReceive: android.intent.action.BATTERY_CHANGED
04-09 00:57:56.669  9679 10889 D PowerKeeper.Thermal: mBatteryTemperature: 34
04-09 00:57:56.673  8508  8508 I PowerNoticeUI: handleBatteryChanged oldPlugType 2 mPlugType 2 oldBatteryLevel 12 mBatteryLevel 12 temperature 340
04-09 00:57:56.673  8508  8508 I ChargerBatteryIntelligenceReceiver: onBatteryChanged temperature：34,plugType:2
04-09 00:57:56.675  8508 15816 I android_os_HwBinder: HwBinder: Starting thread pool for getting: vendor.xiaomi.hardware.micharge@1.0::IMiCharge/default
04-09 00:57:56.676  1323  1334 I vendor.xiaomi.hardware.micharge@1.0-service: ReadFilePathValue path = /sys/class/qcom-battery/night_charging value = 0
04-09 00:57:56.676  8508 15816 I ChargeProtectionUtils: getNightChargingState: 0
04-09 00:57:56.677  4020  4020 V DeviceStatisticsService: chargerType=2 batteryLevel=12 totalBatteryCapacity=4008300
04-09 00:57:56.678  4020  4020 D DeviceInfoHidlClient: isRadioOn()=true
04-09 00:57:56.678  4020  4020 I DeviceInfoHidlClient: isPowerInfoNeverSent=false batteryLevel=12 batteryLevelIndex=0 chargingMode=2 totalCapacity=4008300 powerSaveMode=false
04-09 00:57:56.683 15853 27033 W PesReader: Unexpected start code prefix: 2162809
04-09 00:57:56.684 15853 27033 W PesReader: Unexpected start code prefix: 2162809
04-09 00:57:56.717 15853 16193 D AudioTrackImpl: [audioTrackData][mute] 14s(f:485 m:14003 s:385 k:14002 z:0) : pid 15853 uid 10518 sessionId 889 sr 48000 ch 2 fmt 1
04-09 00:57:56.882 15853 16236 D BufferPoolAccessor2.0: bufferpool2 0xb4000071ada08c28 : 5(15667200 size) total buffers - 5(15667200 size) used buffers - 9991/10008 (recycle/alloc) - 31/10008 (fetch/transfer)
04-09 00:57:57.158  2184  2561 I SmartPower: com.xiaomi.discover/10121(28949): idle->background(56983ms) R(broadcast start Intent { act=android.intent.action.BATTERY_CHANGED flg=0x60000010 (has extras) }) adj=905.
04-09 00:57:57.158  2184  2561 I SmartPower: com.facebook.appmanager/10141(26453): idle->background(56984ms) R(broadcast start Intent { act=android.intent.action.BATTERY_CHANGED flg=0x60000010 (has extras) }) adj=915.
04-09 00:57:57.160  2184  2561 I SmartPower: com.android.chrome/10171(25794): idle->background(56985ms) R(broadcast start Intent { act=android.intent.action.BATTERY_CHANGED flg=0x60000010 (has extras) }) adj=905.
04-09 00:57:57.161  2184  2561 I SmartPower: com.digibites.accubattery/10422(16806): idle->background(56986ms) R(broadcast start Intent { act=android.intent.action.BATTERY_CHANGED flg=0x60000010 (has extras) }) adj=200.
04-09 00:57:57.163  2184  2561 I SmartPower: com.facebook.orca/10289(16564): idle->background(56984ms) R(broadcast start Intent { act=android.intent.action.BATTERY_CHANGED flg=0x60000010 (has extras) }) adj=905.
04-09 00:57:57.165  2184  2561 I SmartPower: com.microsoft.teams/10242(16844): idle->background(56986ms) R(broadcast start Intent { act=android.intent.action.BATTERY_CHANGED flg=0x60000010 (has extras) }) adj=905.
04-09 00:57:57.168 15853 16193 D AudioTrackImpl: [audioTrackData][zero] 36s(f:0 m:0 s:0 k:0 z:36020) : pid 15853 uid 10518 sessionId 897 sr 48000 ch 2 fmt 1
04-09 00:57:57.202  1914 21399 D BufferPoolAccessor2.0: bufferpool2 0xb40000733754da28 : 4(16384 size) total buffers - 1(4096 size) used buffers - 15614/15638 (recycle/alloc) - 64/15637 (fetch/transfer)
04-09 00:57:57.285 15853 16236 D BufferQueueProducer: [SurfaceTexture-0-15853-3](id:3ded00000007,api:3,p:15853,c:15853) bbq.waitForFreeSlotThenRelock timeout 0 return. deqCount=16, acqCount=1, mMaxAcq=1, mMaxDeq=17
04-09 00:57:57.326  2184  3148 I SmartPower: com.google.android.apps.photos/10191(25405): background->idle(3001ms) R(service create com.google.android.apps.photos/androidx.work.impl.background.systemjob.SystemJobService) adj=905.
