--------- beginning of main
04-09 00:58:49.833 25935 25935 D BlearnAccessibility: event: com.mi.android.globallauncher type=32
04-09 00:58:49.833  1265  1749 E SDM     : HWCSession::GetClientTargetProperty: GetClinetTargetProperty interface enter
04-09 00:58:49.833  1296  1296 E ANDR-PERF-DATA-POOL: EventDataPool is Full
04-09 00:58:49.833  1296  1296 E ANDR-PERF-MPCTL: perf request submission limit reached.
04-09 00:58:49.838 25935 25935 D BlearnAccessibility: skip: package outside conservative text allowlist com.mi.android.globallauncher
04-09 00:58:49.839 25935 25935 D BlearnOverlay: overlay hidden
04-09 00:58:49.840  1382  1382 D RefreshRateSelector: Touch Boost
04-09 00:58:49.840  1382  1382 D MI-SF   : mIsSupportAutomodeForMaxFpsSetting is 0(0), getCurrentBrightness() = 898(328), mIsKeepAutoMode 0
04-09 00:58:49.840  1382  1382 D RefreshRateSelector: fixedMode_group: 0, isFindModeGroup 0
04-09 00:58:49.840  1382  1382 D RefreshRateSelector: find max refresh rate:120, mode Group:0
04-09 00:58:49.841  1265  1749 E SDM     : HWCSession::GetClientTargetProperty: GetClinetTargetProperty interface enter
04-09 00:58:49.841  1296  1296 E ANDR-PERF-DATA-POOL: EventDataPool is Full
04-09 00:58:49.841  1296  1296 E ANDR-PERF-MPCTL: perf request submission limit reached.
04-09 00:58:49.848  1382  1382 D RefreshRateSelector: Touch Boost
04-09 00:58:49.848  1382  1382 D MI-SF   : mIsSupportAutomodeForMaxFpsSetting is 0(0), getCurrentBrightness() = 898(328), mIsKeepAutoMode 0
04-09 00:58:49.848  1382  1382 D RefreshRateSelector: fixedMode_group: 0, isFindModeGroup 0
04-09 00:58:49.848  1382  1382 D RefreshRateSelector: find max refresh rate:120, mode Group:0
04-09 00:58:49.850  1265  1749 E SDM     : HWCSession::GetClientTargetProperty: GetClinetTargetProperty interface enter
04-09 00:58:49.850  1296  1296 E ANDR-PERF-DATA-POOL: EventDataPool is Full
04-09 00:58:49.850  1296  1296 E ANDR-PERF-MPCTL: perf request submission limit reached.
04-09 00:58:49.856  1382  1382 D RefreshRateSelector: Touch Boost
04-09 00:58:49.856  1382  1382 D MI-SF   : mIsSupportAutomodeForMaxFpsSetting is 0(0), getCurrentBrightness() = 898(328), mIsKeepAutoMode 0
04-09 00:58:49.856  1382  1382 D RefreshRateSelector: fixedMode_group: 0, isFindModeGroup 0
04-09 00:58:49.856  1382  1382 D RefreshRateSelector: find max refresh rate:120, mode Group:0
04-09 00:58:49.858  1265  1749 E SDM     : HWCSession::GetClientTargetProperty: GetClinetTargetProperty interface enter
04-09 00:58:49.858  1296  1296 E ANDR-PERF-DATA-POOL: EventDataPool is Full
04-09 00:58:49.858  1296  1296 E ANDR-PERF-MPCTL: perf request submission limit reached.
04-09 00:58:49.865  1382  1382 D RefreshRateSelector: Touch Boost
04-09 00:58:49.865  1382  1382 D MI-SF   : mIsSupportAutomodeForMaxFpsSetting is 0(0), getCurrentBrightness() = 898(328), mIsKeepAutoMode 0
04-09 00:58:49.865  1382  1382 D RefreshRateSelector: fixedMode_group: 0, isFindModeGroup 0
04-09 00:58:49.865  1382  1382 D RefreshRateSelector: find max refresh rate:120, mode Group:0
04-09 00:58:49.866  1265  1749 E SDM     : HWCSession::GetClientTargetProperty: GetClinetTargetProperty interface enter
04-09 00:58:49.866  1296  1296 E ANDR-PERF-DATA-POOL: EventDataPool is Full
04-09 00:58:49.866  1296  1296 E ANDR-PERF-MPCTL: perf request submission limit reached.
04-09 00:58:49.873  1382  1382 D RefreshRateSelector: Touch Boost
04-09 00:58:49.873  1382  1382 D MI-SF   : mIsSupportAutomodeForMaxFpsSetting is 0(0), getCurrentBrightness() = 898(328), mIsKeepAutoMode 0
04-09 00:58:49.873  1382  1382 D RefreshRateSelector: fixedMode_group: 0, isFindModeGroup 0
04-09 00:58:49.873  1382  1382 D RefreshRateSelector: find max refresh rate:120, mode Group:0
04-09 00:58:49.875  1265  1749 E SDM     : HWCSession::GetClientTargetProperty: GetClinetTargetProperty interface enter
04-09 00:58:49.875  1296  1296 E ANDR-PERF-DATA-POOL: EventDataPool is Full
04-09 00:58:49.875  1296  1296 E ANDR-PERF-MPCTL: perf request submission limit reached.
04-09 00:58:49.882  1382  1382 D RefreshRateSelector: Touch Boost
04-09 00:58:49.882  1382  1382 D MI-SF   : mIsSupportAutomodeForMaxFpsSetting is 0(0), getCurrentBrightness() = 898(328), mIsKeepAutoMode 0
04-09 00:58:49.882  1382  1382 D RefreshRateSelector: fixedMode_group: 0, isFindModeGroup 0
04-09 00:58:49.882  1382  1382 D RefreshRateSelector: find max refresh rate:120, mode Group:0
04-09 00:58:49.883  1265  1749 E SDM     : HWCSession::GetClientTargetProperty: GetClinetTargetProperty interface enter
04-09 00:58:49.883  1296  1296 E ANDR-PERF-DATA-POOL: EventDataPool is Full
04-09 00:58:49.883  1296  1296 E ANDR-PERF-MPCTL: perf request submission limit reached.
04-09 00:58:49.890  1382  1382 D RefreshRateSelector: Touch Boost
04-09 00:58:49.890  1382  1382 D MI-SF   : mIsSupportAutomodeForMaxFpsSetting is 0(0), getCurrentBrightness() = 898(328), mIsKeepAutoMode 0
04-09 00:58:49.890  1382  1382 D RefreshRateSelector: fixedMode_group: 0, isFindModeGroup 0
04-09 00:58:49.890  1382  1382 D RefreshRateSelector: find max refresh rate:120, mode Group:0
04-09 00:58:49.891  1265  1749 E SDM     : HWCSession::GetClientTargetProperty: GetClinetTargetProperty interface enter
04-09 00:58:49.891  1296  1296 E ANDR-PERF-DATA-POOL: EventDataPool is Full
04-09 00:58:49.891  1296  1296 E ANDR-PERF-MPCTL: perf request submission limit reached.
04-09 00:58:49.898  1382  1382 D RefreshRateSelector: Touch Boost
04-09 00:58:49.898  1382  1382 D MI-SF   : mIsSupportAutomodeForMaxFpsSetting is 0(0), getCurrentBrightness() = 898(328), mIsKeepAutoMode 0
04-09 00:58:49.898  1382  1382 D RefreshRateSelector: fixedMode_group: 0, isFindModeGroup 0
04-09 00:58:49.898  1382  1382 D RefreshRateSelector: find max refresh rate:120, mode Group:0
04-09 00:58:49.899  1265  1749 E SDM     : HWCSession::GetClientTargetProperty: GetClinetTargetProperty interface enter
04-09 00:58:49.900  1296  1296 E ANDR-PERF-DATA-POOL: EventDataPool is Full
04-09 00:58:49.900  1296  1296 E ANDR-PERF-MPCTL: perf request submission limit reached.
04-09 00:58:49.907  1382  1382 D RefreshRateSelector: Touch Boost
04-09 00:58:49.907  1382  1382 D MI-SF   : mIsSupportAutomodeForMaxFpsSetting is 0(0), getCurrentBrightness() = 898(328), mIsKeepAutoMode 0
04-09 00:58:49.907  1382  1382 D RefreshRateSelector: fixedMode_group: 0, isFindModeGroup 0
04-09 00:58:49.907  1382  1382 D RefreshRateSelector: find max refresh rate:120, mode Group:0
04-09 00:58:49.908  1265  1749 E SDM     : HWCSession::GetClientTargetProperty: GetClinetTargetProperty interface enter
04-09 00:58:49.908  1296  1296 E ANDR-PERF-DATA-POOL: EventDataPool is Full
04-09 00:58:49.908  1296  1296 E ANDR-PERF-MPCTL: perf request submission limit reached.
04-09 00:58:49.915  1382  1382 D RefreshRateSelector: Touch Boost
04-09 00:58:49.915  1382  1382 D MI-SF   : mIsSupportAutomodeForMaxFpsSetting is 0(0), getCurrentBrightness() = 898(328), mIsKeepAutoMode 0
04-09 00:58:49.915  1382  1382 D RefreshRateSelector: fixedMode_group: 0, isFindModeGroup 0
04-09 00:58:49.915  1382  1382 D RefreshRateSelector: find max refresh rate:120, mode Group:0
04-09 00:58:49.916  1265  1749 E SDM     : HWCSession::GetClientTargetProperty: GetClinetTargetProperty interface enter
04-09 00:58:49.916  1296  1296 E ANDR-PERF-DATA-POOL: EventDataPool is Full
04-09 00:58:49.916  1296  1296 E ANDR-PERF-MPCTL: perf request submission limit reached.
04-09 00:58:49.923  1382  1382 D RefreshRateSelector: Touch Boost
04-09 00:58:49.923  1382  1382 D MI-SF   : mIsSupportAutomodeForMaxFpsSetting is 0(0), getCurrentBrightness() = 898(328), mIsKeepAutoMode 0
04-09 00:58:49.923  1382  1382 D RefreshRateSelector: fixedMode_group: 0, isFindModeGroup 0
04-09 00:58:49.923  1382  1382 D RefreshRateSelector: find max refresh rate:120, mode Group:0
04-09 00:58:49.925  1265  1749 E SDM     : HWCSession::GetClientTargetProperty: GetClinetTargetProperty interface enter
04-09 00:58:49.925  1296  1296 E ANDR-PERF-DATA-POOL: EventDataPool is Full
04-09 00:58:49.925  1296  1296 E ANDR-PERF-MPCTL: perf request submission limit reached.
04-09 00:58:49.932  1382  1382 D RefreshRateSelector: Touch Boost
04-09 00:58:49.932  1382  1382 D MI-SF   : mIsSupportAutomodeForMaxFpsSetting is 0(0), getCurrentBrightness() = 898(328), mIsKeepAutoMode 0
04-09 00:58:49.932  1382  1382 D RefreshRateSelector: fixedMode_group: 0, isFindModeGroup 0
04-09 00:58:49.932  1382  1382 D RefreshRateSelector: find max refresh rate:120, mode Group:0
04-09 00:58:49.933  1265  1749 E SDM     : HWCSession::GetClientTargetProperty: GetClinetTargetProperty interface enter
04-09 00:58:49.933  1296  1296 E ANDR-PERF-DATA-POOL: EventDataPool is Full
04-09 00:58:49.933  1296  1296 E ANDR-PERF-MPCTL: perf request submission limit reached.
04-09 00:58:49.940  1382  1382 D RefreshRateSelector: Touch Boost
04-09 00:58:49.940  1382  1382 D MI-SF   : mIsSupportAutomodeForMaxFpsSetting is 0(0), getCurrentBrightness() = 898(328), mIsKeepAutoMode 0
04-09 00:58:49.940  1382  1382 D RefreshRateSelector: fixedMode_group: 0, isFindModeGroup 0
04-09 00:58:49.940  1382  1382 D RefreshRateSelector: find max refresh rate:120, mode Group:0
04-09 00:58:49.941  1265  1749 E SDM     : HWCSession::GetClientTargetProperty: GetClinetTargetProperty interface enter
04-09 00:58:49.941  1296  1296 E ANDR-PERF-DATA-POOL: EventDataPool is Full
04-09 00:58:49.941  1296  1296 E ANDR-PERF-MPCTL: perf request submission limit reached.
04-09 00:58:49.948  1382  1382 D RefreshRateSelector: Touch Boost
04-09 00:58:49.948  1382  1382 D MI-SF   : mIsSupportAutomodeForMaxFpsSetting is 0(0), getCurrentBrightness() = 898(328), mIsKeepAutoMode 0
04-09 00:58:49.948  1382  1382 D RefreshRateSelector: fixedMode_group: 0, isFindModeGroup 0
04-09 00:58:49.948  1382  1382 D RefreshRateSelector: find max refresh rate:120, mode Group:0
04-09 00:58:49.950  1265  1749 E SDM     : HWCSession::GetClientTargetProperty: GetClinetTargetProperty interface enter
04-09 00:58:49.950  1296  1296 E ANDR-PERF-DATA-POOL: EventDataPool is Full
04-09 00:58:49.950  1296  1296 E ANDR-PERF-MPCTL: perf request submission limit reached.
04-09 00:58:49.957  1382  1382 D RefreshRateSelector: Touch Boost
04-09 00:58:49.957  1382  1382 D MI-SF   : mIsSupportAutomodeForMaxFpsSetting is 0(0), getCurrentBrightness() = 898(328), mIsKeepAutoMode 0
04-09 00:58:49.957  1382  1382 D RefreshRateSelector: fixedMode_group: 0, isFindModeGroup 0
04-09 00:58:49.957  1382  1382 D RefreshRateSelector: find max refresh rate:120, mode Group:0
04-09 00:58:49.958  1265  1749 E SDM     : HWCSession::GetClientTargetProperty: GetClinetTargetProperty interface enter
04-09 00:58:49.958  1296  1296 E ANDR-PERF-DATA-POOL: EventDataPool is Full
04-09 00:58:49.958  1296  1296 E ANDR-PERF-MPCTL: perf request submission limit reached.
04-09 00:58:49.965  1382  1382 D RefreshRateSelector: Touch Boost
04-09 00:58:49.965  1382  1382 D MI-SF   : mIsSupportAutomodeForMaxFpsSetting is 0(0), getCurrentBrightness() = 898(328), mIsKeepAutoMode 0
04-09 00:58:49.965  1382  1382 D RefreshRateSelector: fixedMode_group: 0, isFindModeGroup 0
04-09 00:58:49.965  1382  1382 D RefreshRateSelector: find max refresh rate:120, mode Group:0
04-09 00:58:49.966  1265  1749 E SDM     : HWCSession::GetClientTargetProperty: GetClinetTargetProperty interface enter
04-09 00:58:49.966  1296  1296 E ANDR-PERF-DATA-POOL: EventDataPool is Full
04-09 00:58:49.966  1296  1296 E ANDR-PERF-MPCTL: perf request submission limit reached.
04-09 00:58:49.973  1382  1382 D RefreshRateSelector: Touch Boost
04-09 00:58:49.973  1382  1382 D MI-SF   : mIsSupportAutomodeForMaxFpsSetting is 0(0), getCurrentBrightness() = 898(328), mIsKeepAutoMode 0
04-09 00:58:49.973  1382  1382 D RefreshRateSelector: fixedMode_group: 0, isFindModeGroup 0
04-09 00:58:49.973  1382  1382 D RefreshRateSelector: find max refresh rate:120, mode Group:0
04-09 00:58:49.975  1265  1749 E SDM     : HWCSession::GetClientTargetProperty: GetClinetTargetProperty interface enter
04-09 00:58:49.975  1296  1296 E ANDR-PERF-DATA-POOL: EventDataPool is Full
04-09 00:58:49.975  1296  1296 E ANDR-PERF-MPCTL: perf request submission limit reached.
04-09 00:58:49.982  1382  1382 D RefreshRateSelector: Touch Boost
04-09 00:58:49.982  1382  1382 D MI-SF   : mIsSupportAutomodeForMaxFpsSetting is 0(0), getCurrentBrightness() = 898(328), mIsKeepAutoMode 0
04-09 00:58:49.982  1382  1382 D RefreshRateSelector: fixedMode_group: 0, isFindModeGroup 0
04-09 00:58:49.982  1382  1382 D RefreshRateSelector: find max refresh rate:120, mode Group:0
04-09 00:58:49.983  1265  1749 E SDM     : HWCSession::GetClientTargetProperty: GetClinetTargetProperty interface enter
04-09 00:58:49.983  1296  1296 E ANDR-PERF-DATA-POOL: EventDataPool is Full
04-09 00:58:49.983  1296  1296 E ANDR-PERF-MPCTL: perf request submission limit reached.
04-09 00:58:49.990  1382  1382 D RefreshRateSelector: Touch Boost
04-09 00:58:49.990  1382  1382 D MI-SF   : mIsSupportAutomodeForMaxFpsSetting is 0(0), getCurrentBrightness() = 898(328), mIsKeepAutoMode 0
04-09 00:58:49.990  1382  1382 D RefreshRateSelector: fixedMode_group: 0, isFindModeGroup 0
04-09 00:58:49.990  1382  1382 D RefreshRateSelector: find max refresh rate:120, mode Group:0
04-09 00:58:49.992  1265  1749 E SDM     : HWCSession::GetClientTargetProperty: GetClinetTargetProperty interface enter
04-09 00:58:49.992  1296  1296 E ANDR-PERF-DATA-POOL: EventDataPool is Full
04-09 00:58:49.992  1296  1296 E ANDR-PERF-MPCTL: perf request submission limit reached.
04-09 00:58:49.999  1265  1749 E SDM     : HWCSession::GetClientTargetProperty: GetClinetTargetProperty interface enter
04-09 00:58:50.000  1296  1296 E ANDR-PERF-DATA-POOL: EventDataPool is Full
04-09 00:58:50.000  1296  1296 E ANDR-PERF-MPCTL: perf request submission limit reached.
--------- beginning of system
04-09 00:58:50.002  4073  4073 D ArtChoreographerMonitor: invoke error.
04-09 00:58:50.016 25102 25102 D MediaVolumeConr: VolumeDialogReceiver, onReceive() action : android.intent.action.CLOSE_SYSTEM_DIALOGS, reason : homekey
04-09 00:58:50.016 25102 25102 I MediaVolumeConr: onTimeout: 0
04-09 00:58:50.172 15853 16193 D AudioTrackImpl: [audioTrackData][zero] 29s(f:0 m:0 s:0 k:0 z:29004) : pid 15853 uid 10518 sessionId 897 sr 48000 ch 2 fmt 1
04-09 00:58:50.172  2184  2506 W AccessibilityWindowsPopulator: Windows change within in 2 frames continuously over 500 ms and notify windows changed immediately
04-09 00:58:50.194  4938  5079 D MiuiFastConnectService: stopBleScan: scanning: true
04-09 00:58:50.195  4938  5079 D BluetoothAdapter: isLeEnabled(): ON
04-09 00:58:50.195  4938  5079 D BluetoothAdapter: isLeEnabled(): ON
04-09 00:58:50.198  3988 21118 D BtGatt.GattService: stopScan() - queue size =3
04-09 00:58:50.200  3988  4609 I BtGatt.ScanManager: msg.what = MSG_STOP_BLE_SCAN, msg.arg1 = None
04-09 00:58:50.200  3988  4609 D BtGatt.ScanManager: track LE scan event: callerPackage = [com.xiaomi.bluetooth], scanMode = [0], reportDelayMillis = [0], behavior = [2], scannerId = [9], duration = [59979]
04-09 00:58:50.200  3988  4609 D BtGatt.ScanManager: handling stopping scan  [ScanClient scanModeApp 0 scanModeUsed 0 [appScanStats android.uid.bluetooth:1002]]
04-09 00:58:50.201  3988  4609 E BluetoothUtils: isDeepDozeMode? false
04-09 00:58:50.201  1117  1117 D vendor.qti.bluetooth@1.0-ibs_handler: SerialClockVote: vote for UART CLK ON
04-09 00:58:50.202  1117  1117 D vendor.qti.bluetooth@1.0-wake_lock: Acquire wakelock is acquired 
04-09 00:58:50.202  1117  1117 I vendor.qti.bluetooth@1.0-ibs_handler: DeviceWakeUp: Writing IBS_WAKE_IND
04-09 00:58:50.202  3988 21118 D BtGatt.GattService: unregisterScanner() - scannerId=9
04-09 00:58:50.211  1117  4855 I vendor.qti.bluetooth@1.0-ibs_handler: ProcessIbsCmd: Received IBS_WAKE_ACK: 0xFC
04-09 00:58:50.211  1117  4855 I vendor.qti.bluetooth@1.0-ibs_handler: ProcessIbsCmd: Signal wack_cond_
04-09 00:58:50.211  1117  1117 D vendor.qti.bluetooth@1.0-ibs_handler: DeviceWakeUp: Unblocked from waiting for FC, pthread_cond_timedwait ret = 0
04-09 00:58:50.212  1117  4855 I vendor.qti.bluetooth@1.0-ibs_handler: ProcessIbsCmd: Received IBS_WAKE_IND: 0xFD
04-09 00:58:50.212  1117  4855 I vendor.qti.bluetooth@1.0-ibs_handler: ProcessIbsCmd: Writing IBS_WAKE_ACK
04-09 00:58:50.213  3988  4264 D BtGatt.GattService: onScanFilterParamsConfigured() - clientIf=9, status=0, action=1, availableSpace=54
04-09 00:58:50.213  3988  4264 D BtGatt.ScanManager: callback done for scannerId - 9 status - 0
04-09 00:58:50.214  3988  4264 D BtGatt.GattService: onScanFilterParamsConfigured() - clientIf=9, status=0, action=1, availableSpace=55
04-09 00:58:50.214  3988  4264 D BtGatt.ScanManager: callback done for scannerId - 9 status - 0
04-09 00:58:50.215  3988  4264 D BtGatt.GattService: onScanFilterParamsConfigured() - clientIf=9, status=0, action=1, availableSpace=56
04-09 00:58:50.216  3988  4264 D BtGatt.ScanManager: callback done for scannerId - 9 status - 0
04-09 00:58:50.217  3988  4264 D BtGatt.GattService: onScanFilterParamsConfigured() - clientIf=9, status=0, action=1, availableSpace=57
04-09 00:58:50.217  3988  4264 D BtGatt.ScanManager: callback done for scannerId - 9 status - 0
04-09 00:58:50.218  3988  4264 D BtGatt.GattService: onScanFilterParamsConfigured() - clientIf=9, status=0, action=1, availableSpace=58
04-09 00:58:50.218  3988  4264 D BtGatt.ScanManager: callback done for scannerId - 9 status - 0
04-09 00:58:50.219  3988  4264 D BtGatt.GattService: onScanFilterParamsConfigured() - clientIf=9, status=0, action=1, availableSpace=59
04-09 00:58:50.219  3988  4264 D BtGatt.ScanManager: callback done for scannerId - 9 status - 0
04-09 00:58:50.220  3988  4609 D BtGatt.ScanManager: configureRegularScanParams() - queue=2
04-09 00:58:50.220  3988  4609 D BtGatt.ScanManager: configureRegularScanParams() - ScanSetting LE 1M Scan mode=0 ScanSetting LE Coded Scan mode=-2147483648 mLastConfiguredScanSettingLE1M=0 mLastConfiguredScanSettingLECoded=0 scanPhy=1
04-09 00:58:50.221  3988  4609 D BtGatt.ScanManager: configureRegularScanParams() - queue emtpy, scan stopped
04-09 00:58:50.221  3988  4609 W BtGatt.ScanManager: trackLeScan() - mLastNativeScanParams = 0
04-09 00:58:50.221  3988  4609 D BtGatt.ScanManager: configureRegularScanParams - scanInterval LE 1M = 1000 configureRegularScanParams - scanWindow LE 1M= 80 configureRegularScanParams - scanInterval LE Coded= -2147483648 configureRegularScanParams - scanWindow LE Coded= -2147483648
04-09 00:58:50.221  3988  4264 D BtGatt.GattService: onScanParamSetupCompleted : 0
04-09 00:58:50.221  3988  4609 W BtGatt.ScanManager: find new configure params - scanInterval = 1000 scanWindow = 80
04-09 00:58:50.263  4938  5079 D BluetoothAdapter: isLeEnabled(): ON
04-09 00:58:50.263  4938  5079 D MiuiFastConnectService: handleMessage: MSG_START_BLE_SCAN mode: 0
04-09 00:58:50.264  4938  5079 D BluetoothAdapter: isLeEnabled(): ON
04-09 00:58:50.265  1117  4855 I vendor.qti.bluetooth@1.0-ibs_handler: ProcessIbsCmd: Received IBS_SLEEP_IND: 0xFE
04-09 00:58:50.265  3988 21118 D BtGatt.GattService: registerScanner() - UUID=3f70d8f4-7eb3-4610-b04d-451054fb6748
04-09 00:58:50.266  3988  4264 D BtGatt.GattService: onScannerRegistered() - UUID=3f70d8f4-7eb3-4610-b04d-451054fb6748, scannerId=9, status=0
04-09 00:58:50.267  4938 30373 D BluetoothLeScanner: onScannerRegistered() - status=0 scannerId=9 mScannerId=0
04-09 00:58:50.267  3988 21118 D BtGatt.GattService: start scan with filters. callingPackage: com.xiaomi.bluetooth
04-09 00:58:50.268  3988 21118 D BtGatt.GattService: enforcePrivilegedPermissionIfNeeded([BluetoothLeScanFilter [mDeviceName=null, mDeviceAddress=null, mUuid=null, mUuidMask=null, mServiceSolicitationUuid=null, mServiceSolicitationUuidMask=null, mServiceDataUuid=null, mServiceData=null, mServiceDataMask=null, mManufacturerId=911, mManufacturerData=[], mManufacturerDataMask=null, mAdvertisingDataType=-1, mAdvertisingData=null, mAdvertisingDataMask=null, mTransportBlockFilter=null], mOrganizationId=-1, mTDSFlags=-1, mTDSFlagsMask=-1, mWifiNANHash=null], mGroupBasedFiltering=false, BluetoothLeScanFilter [mDeviceName=null, mDeviceAddress=null, mUuid=null, mUuidMask=null, mServiceSolicitationUuid=null, mServiceSolicitationUuidMask=null, mServiceDataUuid=null, mServiceData=null, mServiceDataMask=null, mManufacturerId=65535, mManufacturerData=[77], mManufacturerDataMask=null, mAdvertisingDataType=-1, mAdvertisingData=null, mAdvertisingDataMask=null, mTransportBlockFilter=null], mOrganizationId=-1, mTDSFlags=-1, mTDSFlagsMask=-1, mWifiNANHash=null], mGroupBasedFiltering=false, BluetoothLeScanFilter [mDeviceName=null, mDeviceAddress=null, mUuid=null, mUuidMask=null, mServiceSolicitationUuid=null, mServiceSolicitationUuidMask=null, mServiceDataUuid=0000fe95-0000-1000-8000-00805f9b34fb, mServiceData=[], mServiceDataMask=null, mManufacturerId=-1, mManufacturerData=null, mManufacturerDataMask=null, mAdvertisingDataType=-1, mAdvertisingData=null, mAdvertisingDataMask=null, mTransportBlockFilter=null], mOrganizationId=-1, mTDSFlags=-1, mTDSFlagsMask=-1, mWifiNANHash=null], mGroupBasedFiltering=false, BluetoothLeScanFilter [mDeviceName=null, mDeviceAddress=null, mUuid=null, mUuidMask=null, mServiceSolicitationUuid=null, mServiceSolicitationUuidMask=null, mServiceDataUuid=0000fdaa-0000-1000-8000-00805f9b34fb, mServiceData=[], mServiceDataMask=null, mManufacturerId=-1, mManufacturerData=null, mManufacturerDataMask=null, mAdvertisingDataType=-1, mAdvertisingData=null, mAdvertisingDataMask=null, mTransportBlockFilter=null], mOrganizationId=-1, mTDSFlags=-1, mTDSFlagsMask=-1, mWifiNANHash=null], mGroupBasedFiltering=false, BluetoothLeScanFilter [mDeviceName=null, mDeviceAddress=null, mUuid=null, mUuidMask=null, mServiceSolicitationUuid=null, mServiceSolicitationUuidMask=null, mServiceDataUuid=0000fdee-0000-1000-8000-00805f9b34fb, mServiceData=[1, 1, 1], mServiceDataMask=null, mManufacturerId=-1, mManufacturerData=null, mManufacturerDataMask=null, mAdvertisingDataType=-1, mAdvertisingData=null, mAdvertisingDataMask=null, mTransportBlockFilter=null], mOrganizationId=-1, mTDSFlags=-1, mTDSFlagsMask=-1, mWifiNANHash=null], mGroupBasedFiltering=false, BluetoothLeScanFilter [mDeviceName=null, mDeviceAddress=null, mUuid=null, mUuidMask=null, mServiceSolicitationUuid=null, mServiceSolicitationUuidMask=null, mServiceDataUuid=0000fd2d-0000-1000-8000-00805f9b34fb, mServiceData=[], mServiceDataMask=null, mManufacturerId=-1, mManufacturerData=null, mManufacturerDataMask=null, mAdvertisingDataType=-1, mAdvertisingData=null, mAdvertisingDataMask=null, mTransportBlockFilter=null], mOrganizationId=-1, mTDSFlags=-1, mTDSFlagsMask=-1, mWifiNANHash=null], mGroupBasedFiltering=false])
04-09 00:58:50.269  3988 21118 W BluetoothUtils: callingUid is Process.BLUETOOTH_UID
04-09 00:58:50.271  3988 21118 D BtGatt.ScanManager: startScan()  [ScanClient scanModeApp 0 scanModeUsed 0 [appScanStats android.uid.bluetooth:1002]]
04-09 00:58:50.271  3988  4609 I BtGatt.ScanManager: msg.what = MSG_RECORD_CALLER, msg.arg1 = None
04-09 00:58:50.271  3988  4609 I BtGatt.ScanManager: msg.what = MSG_START_BLE_SCAN, msg.arg1 = None
04-09 00:58:50.271  3988  4609 D BtGatt.ScanManager: handling starting scan
04-09 00:58:50.272  3988  4609 D BtGatt.ScanManager: isAptXLowLatencyModeEnabled: false
04-09 00:58:50.272  3988  4609 D BtGatt.ScanManager: track LE scan event: callerPackage = [com.xiaomi.bluetooth], scanMode = [0], reportDelayMillis = [0], behavior = [1], scannerId = [9], duration = [0]
04-09 00:58:50.273  1117  4855 I vendor.qti.bluetooth@1.0-ibs_handler: ProcessIbsCmd: Received IBS_WAKE_IND: 0xFD
04-09 00:58:50.273  1117  4855 I vendor.qti.bluetooth@1.0-ibs_handler: ProcessIbsCmd: Writing IBS_WAKE_ACK
04-09 00:58:50.274  3988  4264 D BtGatt.GattService: onScanFilterEnableDisabled() - clientIf=9, status=0, action=1
04-09 00:58:50.274  3988  4264 D BtGatt.ScanManager: callback done for scannerId - 9 status - 0
04-09 00:58:50.274  3988  4609 D BtGatt.ScanManager: configureScanFilters rssiThreshold: -60, 15
04-09 00:58:50.274  3988  4609 D BtGatt.ScanManager: Available Filter size: 56
04-09 00:58:50.275  3988  4264 D BtGatt.GattService: onScanFilterConfig() - clientIf=9, action = 0 status = 0, filterType=0, availableSpace=0
04-09 00:58:50.275  3988  4264 D BtGatt.ScanManager: callback done for scannerId - 9 status - 0
04-09 00:58:50.275  3988  4609 D BtGatt.ScanManager: configureFilterParamter 500 10000 1 0, deliveryMode=0
04-09 00:58:50.277  3988  4264 D BtGatt.GattService: onScanFilterParamsConfigured() - clientIf=9, status=0, action=0, availableSpace=58
04-09 00:58:50.277  3988  4264 D BtGatt.ScanManager: callback done for scannerId - 9 status - 0
04-09 00:58:50.277  3988  4264 D BtGatt.GattService: onScanFilterConfig() - clientIf=9, action = 0 status = 0, filterType=0, availableSpace=0
04-09 00:58:50.278  3988  4264 D BtGatt.ScanManager: callback done for scannerId - 9 status - 0
04-09 00:58:50.278  3988  4609 D BtGatt.ScanManager: configureFilterParamter 500 10000 1 0, deliveryMode=0
04-09 00:58:50.279  3988  4264 D BtGatt.GattService: onScanFilterParamsConfigured() - clientIf=9, status=0, action=0, availableSpace=57
04-09 00:58:50.280  3988  4264 D BtGatt.ScanManager: callback done for scannerId - 9 status - 0
04-09 00:58:50.280  4110  4110 I RectFSpringAnim: TransitionTest MultiSpringDynamicAnimation on end. this=com.miui.home.recents.util.RectFSpringAnim@7dee141
04-09 00:58:50.280  4110  4110 I RectFSpringAnim: changeAnimStart start=false
04-09 00:58:50.280  4110  4110 I WindowElementcc9d483: reset mDisableStateManagerListener false.
04-09 00:58:50.280  4110  4110 I WindowElementcc9d483: com.miui.home.recents.anim.WindowElement@cc9d483 TransitionTest onAnimationEnd AnimType = CLOSE_TO_HOME_CENTER allowShellListener = true, isDuringMerge=false, mOnShellAnimListener=com.miui.home.recents.anim.WindowElement$mOnShellAnimListener$1@bcde6e6, mUserAnimListener=com.miui.home.recents.anim.WindowAnimParamsProvider$getClosingWindowAnimParams$animListener$1@2590fbf
04-09 00:58:50.280  4110  4110 E WindowElementcc9d483: com.miui.home.recents.anim.WindowElement@cc9d483 mOnShellAnimListener end CLOSE_TO_HOME_CENTER com.miui.home.recents.anim.WindowElement@cc9d483 needFinish = true
04-09 00:58:50.280  4110  4110 E WindowElementcc9d483: com.miui.home.recents.anim.WindowElement@cc9d483 finishTransition toHome = true isHalf = false runningTaskId = 0
04-09 00:58:50.280  4110  4110 D FloatingIconLayer2com.miui.home.recents.views.FloatingIconLayer2@7cf8dea: recycle, hasInit=false
04-09 00:58:50.280  3988  4264 D BtGatt.GattService: onScanFilterConfig() - clientIf=9, action = 0 status = 0, filterType=0, availableSpace=0
04-09 00:58:50.280  3988  4264 D BtGatt.ScanManager: callback done for scannerId - 9 status - 0
04-09 00:58:50.280  3988  4609 D BtGatt.ScanManager: configureFilterParamter 500 10000 1 0, deliveryMode=0
04-09 00:58:50.282  3988  4264 D BtGatt.GattService: onScanFilterParamsConfigured() - clientIf=9, status=0, action=0, availableSpace=56
04-09 00:58:50.282  3988  4264 D BtGatt.ScanManager: callback done for scannerId - 9 status - 0
04-09 00:58:50.282  3988  4264 D BtGatt.GattService: onScanFilterConfig() - clientIf=9, action = 0 status = 0, filterType=0, availableSpace=0
04-09 00:58:50.282  3988  4264 D BtGatt.ScanManager: callback done for scannerId - 9 status - 0
04-09 00:58:50.282  3988  4609 D BtGatt.ScanManager: configureFilterParamter 500 10000 1 0, deliveryMode=0
04-09 00:58:50.284  3988  4264 D BtGatt.GattService: onScanFilterParamsConfigured() - clientIf=9, status=0, action=0, availableSpace=55
04-09 00:58:50.284  3988  4264 D BtGatt.ScanManager: callback done for scannerId - 9 status - 0
04-09 00:58:50.285  3988  4264 D BtGatt.GattService: onScanFilterConfig() - clientIf=9, action = 0 status = 0, filterType=0, availableSpace=0
04-09 00:58:50.285  3988  4264 D BtGatt.ScanManager: callback done for scannerId - 9 status - 0
04-09 00:58:50.285  3988  4609 D BtGatt.ScanManager: configureFilterParamter 500 10000 1 0, deliveryMode=0
04-09 00:58:50.288  3988  4264 D BtGatt.GattService: onScanFilterParamsConfigured() - clientIf=9, status=0, action=0, availableSpace=54
04-09 00:58:50.288  3988  4264 D BtGatt.ScanManager: callback done for scannerId - 9 status - 0
04-09 00:58:50.289  3988  4264 D BtGatt.GattService: onScanFilterConfig() - clientIf=9, action = 0 status = 0, filterType=0, availableSpace=0
04-09 00:58:50.289  3988  4264 D BtGatt.ScanManager: callback done for scannerId - 9 status - 0
04-09 00:58:50.289  3988  4609 D BtGatt.ScanManager: configureFilterParamter 500 10000 1 0, deliveryMode=0
04-09 00:58:50.290  4110  4110 E WindowTransitionCompat: com.android.systemui.shared.recents.system.WindowTransitionCompat@ee99427 finishTransition toHome = true
04-09 00:58:50.290  4110  4110 E TransitionCallback: call executeFinishCallback, toHome = true
04-09 00:58:50.290  4110  4110 E TransitionCallback: java.lang.Exception
04-09 00:58:50.290  4110  4110 E TransitionCallback: 	at com.android.systemui.shared.recents.utilities.WindowTransitionCallbackHelper.executeFinishCallback(WindowTransitionCallbackHelper.java:230)
04-09 00:58:50.290  4110  4110 E TransitionCallback: 	at com.android.systemui.shared.recents.utilities.WindowTransitionCallbackHelper.executeFinishCallback(WindowTransitionCallbackHelper.java:166)
04-09 00:58:50.290  4110  4110 E TransitionCallback: 	at com.android.systemui.shared.recents.system.WindowTransitionCompat.finishTransition(WindowTransitionCompat.java:713)
04-09 00:58:50.290  4110  4110 E TransitionCallback: 	at com.miui.home.recents.anim.WindowElement.finishTransitionCompat(WindowElement.kt:489)
04-09 00:58:50.290  4110  4110 E TransitionCallback: 	at com.miui.home.recents.anim.WindowElement.finishTransition$lambda-3(WindowElement.kt:480)
04-09 00:58:50.290  4110  4110 E TransitionCallback: 	at com.miui.home.recents.anim.WindowElement.$r8$lambda$F1FyjhBrHDWRO3vMK0PmJKjTVVA(Unknown Source:0)
04-09 00:58:50.290  4110  4110 E TransitionCallback: 	at com.miui.home.recents.anim.WindowElement$$ExternalSyntheticLambda8.run(Unknown Source:8)
04-09 00:58:50.290  4110  4110 E TransitionCallback: 	at android.os.Handler.handleCallback(Handler.java:958)
04-09 00:58:50.290  4110  4110 E TransitionCallback: 	at android.os.Handler.dispatchMessage(Handler.java:99)
04-09 00:58:50.290  4110  4110 E TransitionCallback: 	at android.os.Looper.loopOnce(Looper.java:222)
04-09 00:58:50.290  4110  4110 E TransitionCallback: 	at android.os.Looper.loop(Looper.java:314)
04-09 00:58:50.290  4110  4110 E TransitionCallback: 	at android.app.ActivityThread.main(ActivityThread.java:8857)
04-09 00:58:50.290  4110  4110 E TransitionCallback: 	at java.lang.reflect.Method.invoke(Native Method)
04-09 00:58:50.290  4110  4110 E TransitionCallback: 	at com.android.internal.os.RuntimeInit$MethodAndArgsCaller.run(RuntimeInit.java:565)
04-09 00:58:50.290  4110  4110 E TransitionCallback: 	at com.android.internal.os.ZygoteInit.main(ZygoteInit.java:1013)
04-09 00:58:50.290  4110  4110 I TransitionCallback: addCallbackListenerSync callBack:com.android.systemui.shared.recents.system.WindowTransitionCompat$1@377507d
04-09 00:58:50.290  4110  4110 I TransitionCallback: mNeedShowLauncher = false
04-09 00:58:50.290  4110  4110 I TransitionCallback: addCallbackListenerSync callBack:null
04-09 00:58:50.290  4110  4110 I TransitionCallback: com.android.systemui.shared.recents.utilities.WindowTransitionCallbackHelper@9462dad call finishMainCallback, wct = null, sct = android.view.SurfaceControl$Transaction@2018b72, callback = android.window.IRemoteTransitionFinishedCallback$Stub$Proxy@dfc2518, mCounterRotatorList.size = 0, mInfoExposeList.size = 1, token = android.os.BinderProxy@4ea122c
04-09 00:58:50.290  3988  4264 D BtGatt.GattService: onScanFilterParamsConfigured() - clientIf=9, status=0, action=0, availableSpace=53
04-09 00:58:50.290  3988  4264 D BtGatt.ScanManager: callback done for scannerId - 9 status - 0
04-09 00:58:50.291  3988  4609 D BtGatt.ScanManager: configureRegularScanParams() - queue=3
04-09 00:58:50.291  3988  4609 D BtGatt.ScanManager: configureRegularScanParams() - ScanSetting LE 1M Scan mode=0 ScanSetting LE Coded Scan mode=0 mLastConfiguredScanSettingLE1M=0 mLastConfiguredScanSettingLECoded=-2147483648 scanPhy=255
04-09 00:58:50.292  4110  4110 I TransitionCallback: call onTransitionFinishedWithCallback end
04-09 00:58:50.292  4073  4317 D SoScUtils: monitorTransitionFinished transition:android.os.BinderProxy@d28eb52 transaction: android.view.SurfaceControl$Transaction@d30b74e mRequestCloseTransition:null mRequestOpenTransition:null mPairsOpenTransition:null mPairsOpenTransitionNull:null mRequestOpenTriggerTask:-1 mRequestCloseTriggerTask:-1 mOrientationTransition: null mMainStartingTask:-1 mSideStartingTask:-1
04-09 00:58:50.292  4110  4110 I TransitionCallback: execute finishMainCallbackSync return, no need post delay
04-09 00:58:50.293  3988  4609 W BtGatt.ScanManager: trackLeScan() - mLastNativeScanParams = 0
04-09 00:58:50.293  3988  4609 D BtGatt.ScanManager: configureRegularScanParams - scanInterval LE 1M = 1000 configureRegularScanParams - scanWindow LE 1M= 80 configureRegularScanParams - scanInterval LE Coded= 1000 configureRegularScanParams - scanWindow LE Coded= 80
04-09 00:58:50.293  3988  4609 W BtGatt.ScanManager: find new configure params - scanInterval = 1000 scanWindow = 80
04-09 00:58:50.294  3988  4609 D BtGatt.ScanManager: apply scan timeout (300000)to scannerId 9
04-09 00:58:50.294  3988  4264 D BtGatt.GattService: onScanParamSetupCompleted : 0
04-09 00:58:50.296  2184  8693 I Transition: finishTransition: updateLastSurfacePosition tf=Task{15a02c6 #2 type=home I=com.mi.android.globallauncher/com.miui.home.launcher.Launcher}
04-09 00:58:50.297  4110  4110 E RotationHelper: setCurrentTransitionRequest: request=0
04-09 00:58:50.297  2184  8693 I Transition: finishTransition: updateLastSurfacePosition tf=Task{ee261fc #1 type=home}
04-09 00:58:50.297  1382  2870 W VsyncModulator: setTransactionSchedule: Unexpected EarlyEnd
04-09 00:58:50.298  4110 15252 D TransitionCallback: Transitions all anim call WindowOrganizer.finishTransition end
04-09 00:58:50.298  4110 15252 I TransitionCallback: checkCallbackSync, size = 1
04-09 00:58:50.299  4110 15252 I WindowElementcc9d483: onFinishCompleted mDisableStateManagerListener = false
04-09 00:58:50.299  4110  4110 D FloatingIconLayer2com.miui.home.recents.views.FloatingIconLayer2@7cf8dea: recycle, hasInit=false
04-09 00:58:50.299  4110  4110 D HomeLayerElement: releaseHomeLeash com.android.systemui.shared.recents.system.SurfaceControlCompat@9b01460
04-09 00:58:50.299  4110  4110 D HomeLayerElement: java.lang.Exception
04-09 00:58:50.299  4110  4110 D HomeLayerElement: 	at com.miui.home.recents.anim.HomeLayerElement.releaseHomeLeash(HomeLayerElement.kt:89)
04-09 00:58:50.299  4110  4110 D HomeLayerElement: 	at com.miui.home.recents.anim.WindowElement.onFinishCompleted$lambda-16(WindowElement.kt:1468)
04-09 00:58:50.299  4110  4110 D HomeLayerElement: 	at com.miui.home.recents.anim.WindowElement.$r8$lambda$1eD1QVzyhV9BU9tBuBIfTuNonyY(Unknown Source:0)
04-09 00:58:50.299  4110  4110 D HomeLayerElement: 	at com.miui.home.recents.anim.WindowElement$$ExternalSyntheticLambda3.run(Unknown Source:2)
04-09 00:58:50.299  4110  4110 D HomeLayerElement: 	at android.os.Handler.handleCallback(Handler.java:958)
04-09 00:58:50.299  4110  4110 D HomeLayerElement: 	at android.os.Handler.dispatchMessage(Handler.java:99)
04-09 00:58:50.299  4110  4110 D HomeLayerElement: 	at android.os.Looper.loopOnce(Looper.java:222)
04-09 00:58:50.299  4110  4110 D HomeLayerElement: 	at android.os.Looper.loop(Looper.java:314)
04-09 00:58:50.299  4110  4110 D HomeLayerElement: 	at android.app.ActivityThread.main(ActivityThread.java:8857)
04-09 00:58:50.299  4110  4110 D HomeLayerElement: 	at java.lang.reflect.Method.invoke(Native Method)
04-09 00:58:50.299  4110  4110 D HomeLayerElement: 	at com.android.internal.os.RuntimeInit$MethodAndArgsCaller.run(RuntimeInit.java:565)
04-09 00:58:50.299  4110  4110 D HomeLayerElement: 	at com.android.internal.os.ZygoteInit.main(ZygoteInit.java:1013)
04-09 00:58:50.299  4110  4110 I AnimStateManager: onWindowElementEnd.
04-09 00:58:50.299  4110  4110 I AnimStateManager: go to state com.miui.home.recents.anim.StateManager$IdleState@1f83feb
04-09 00:58:50.300  1382  1382 D RefreshRateSelector: Touch Boost
04-09 00:58:50.300  1382  1382 D MI-SF   : mIsSupportAutomodeForMaxFpsSetting is 0(0), getCurrentBrightness() = 898(328), mIsKeepAutoMode 0
04-09 00:58:50.300  1382  1382 D RefreshRateSelector: fixedMode_group: 0, isFindModeGroup 0
04-09 00:58:50.300  1382  1382 D RefreshRateSelector: find max refresh rate:120, mode Group:0
04-09 00:58:50.304  4073  4317 D MiuiFullScreenTaskRepository: addOrUpdateFullScreenTaskInfo taskId=14389, topActivity=ComponentInfo{com.suno.android/com.suno.android.MainActivity}
04-09 00:58:50.305  2184  3414 D qdgralloc: GetYUVPlaneInfo: Invalid format passed: 0x21
04-09 00:58:50.307  2184  2506 I SmartPower: com.suno.android/10518(15853): visible->invisible(58851ms) R(become invisible) adj=200.
04-09 00:58:50.309  2184  2506 I SmartPower: com.suno.android/10518(15853): invisible->background(1ms) R(become background) adj=200.
04-09 00:58:50.310  4081  7644 W DynamicDDSService: appName is not found in cache: com.suno.android
04-09 00:58:50.321  2184  3118 D ProcessManager: real remove inactive uid : 10518 flag : 1
04-09 00:58:50.325  1382  4874 I BpBinder: onLastStrongRef automatically unlinking death recipients: 
04-09 00:58:50.332 15853 15853 D [Purchases] - DEBUG: Ōä╣’ĖÅ App backgrounded
04-09 00:58:50.335 15853 15853 D [Purchases] - DEBUG: Ōä╣’ĖÅ Found 0 unsynced attributes for App User ID: 603913c0-5523-4a24-be01-fb4ad690036c
04-09 00:58:50.335 15853 15853 D [Purchases] - DEBUG: Ōä╣’ĖÅ No subscriber attributes to synchronize.
04-09 00:58:50.343  1117  4855 I vendor.qti.bluetooth@1.0-ibs_handler: ProcessIbsCmd: Received IBS_SLEEP_IND: 0xFE
04-09 00:58:50.344  2184  8804 D ActivityManager: checkAllowBackground: uid=10518 pkg=com.suno.android rec=UidRecord{2fee656 u0a518 LAST bg:+21ms change:cached|procstate procs:0 seq(532773,531621)} caps=------ always=false idle=false
04-09 00:58:50.346  2184  8804 D ActivityManager: checkAllowBackground: uid=1000 pkg=android rec=UidRecord{37d5426 1000 PER  fgServices change:procadj procs:0 seq(532859,523333)} caps=LCMNFU always=false idle=false
04-09 00:58:50.349  2184  2922 I MiuiNetworkPolicy: updateUidState uid = 99032, uidState = 15
04-09 00:58:50.349  2184  2922 I MiuiNetworkPolicy: updateUidState uid = 99018, uidState = 6
04-09 00:58:50.349  2184  2922 I MiuiNetworkPolicy: updateUidState uid = 10518, uidState = 15
04-09 00:58:50.349  2184  2922 I MiuiNetworkPolicy: updateUidState uid = 10381, uidState = 5
04-09 00:58:50.352 15853 15853 I AppVisibilityProxy: onAppEnteredBackground
04-09 00:58:50.355  2184  2922 I MiuiNetworkPolicy: updateUidState uid = 10165, uidState = 8
04-09 00:58:50.356  2184  2922 I MiuiNetworkPolicy: updateUidState uid = 10163, uidState = 5
04-09 00:58:50.356  1870  1870 I wificond: station_bandwidth: 
04-09 00:58:50.357  3988  4609 I BtGatt.ScanManager: msg.what = MSG_IMPORTANCE_CHANGE, msg.arg1 = IMPORTANCE_CHANGE
04-09 00:58:50.365 15853 15853 D ActivityThread: Fail to check app heapsize due to java.lang.NoSuchMethodException: dalvik.system.VMRuntime.getBlockingGcCountForAlloc []
04-09 00:58:50.373  4073  4073 D ArtChoreographerMonitor: invoke error.
04-09 00:58:50.373  2184  2501 D Aurogon :  uid = 10518 switch to BG
04-09 00:58:50.373  2184  3075 D isUidValid: uid = 10518
04-09 00:58:50.374  8105 23384 D PMonitor:  onForegroundActivitiesChanged:pid = 15853,activity-uid=10518,foregroundActivities=false
04-09 00:58:50.375  3988 20756 D MiuiBluetoothLatencyMode: onForegroundActivitiesChanged, pid: 15853 uid: 10518 foregroundActivities: false
04-09 00:58:50.401  2184  2273 W System  : A resource failed to call release. 
04-09 00:58:50.401  2184  2273 W System  : A resource failed to call release. 
04-09 00:58:50.401  2184  2273 W System  : A resource failed to call release. 
04-09 00:58:50.401  2184  2273 W System  : A resource failed to call release. 
04-09 00:58:50.401  2184  2273 W System  : A resource failed to call release. 
04-09 00:58:50.405  2184  2273 D HighMemoryManager: Java Memory used=105M max=512M. is system: true
04-09 00:58:50.405  2184  2273 V HighMemoryManager: Check mem usage finished! Next check delay: 0
04-09 00:58:50.533 15853 21395 W MediaCodec: [mId: 4] [video-debug-dec] queueInputBuffer: Input time interval reaches 1000ms before pts: 1000386733333
04-09 00:58:50.533 15853 21395 I MediaCodec: [mId: 4] [video-debug-dec] queueInputBuffer: index: 0 pts: 1000386733333 timediff: 1000
04-09 00:58:50.533 15853 21391 D VideoCodecInfo: [6312171670945660932] input buffer PTS 1000386733333 us, interverl is 1001 ms
04-09 00:58:50.533 15853 21391 D BufferPoolAccessor2.0: bufferpool2 0xb4000071ada08c28 : 5(15667200 size) total buffers - 4(12533760 size) used buffers - 11570/11587 (recycle/alloc) - 31/11587 (fetch/transfer)
04-09 00:58:50.534 15853 21391 I MiMediaCodec: send last fps
04-09 00:58:50.534 15853 21391 I MiMediaCodec: send fps to display with mLastSendedFps:30.000000 state:1 id:4
04-09 00:58:50.535  1382  2870 D MI-SF   : updateVideoDecoderInfo clear video fps
04-09 00:58:50.535  1382  2870 D MI-SF   : updateVideoDecoderInfo empty, add the first new video fps
04-09 00:58:50.535  1382  2870 D MI-SF   : updateVideoDecoderInfo find same tid, update new video fps
04-09 00:58:50.535  1382  2870 D MI-SF   : after updateVideoDecoderInfo fps= 30,  tid = 4
04-09 00:58:50.535  1382  2870 D MI-SF   : updateVideoDecoderInfo iterator double fps= 30.00, 60
04-09 00:58:50.535  1382  2870 D MI-SF   : updateVideoDecoderInfo iterator double fps= 30.00, 90
04-09 00:58:50.535  1382  2870 D MI-SF   : updateVideoDecoderInfo iterator double fps= 30.00, 120
04-09 00:58:50.535  1382  2870 D MI-SF   : updateVideoDecoderInfo iterator fps= 30.00, 60
04-09 00:58:50.535  1382  2870 D MI-SF   : updateVideoDecoderInfo find fps= 60.00
04-09 00:58:50.535  1382  2870 D RefreshRateSelector: Touch Boost
04-09 00:58:50.535  1382  2870 D MI-SF   : mIsSupportAutomodeForMaxFpsSetting is 0(0), getCurrentBrightness() = 898(328), mIsKeepAutoMode 0
04-09 00:58:50.535  1382  2870 D RefreshRateSelector: fixedMode_group: 0, isFindModeGroup 0
04-09 00:58:50.535  1382  2870 D RefreshRateSelector: find max refresh rate:120, mode Group:0
04-09 00:58:50.535  1382  2870 D MI-SF   : ShotVideoFlag 0,VideoHighFpsFlag 0,mVideoFrameRate 30,60.000000
04-09 00:58:50.535  1382  2870 D SurfaceFlinger: setFrameRateVideoToDisplay state:1 intfps:30  floatfps:30.000000 fromplayer:1 tid:4
04-09 00:58:50.535 15853 21395 I MediaCodec: [mId: 4] [video-debug-dec] queueInputBuffer: index: 2 pts: 1000386766667 timediff: 2
04-09 00:58:50.552  4073  4073 D ArtChoreographerMonitor: invoke error.
04-09 00:58:50.659  2184  3119 D PerfStubImpl: perfLockReleaseHandler: -1
04-09 00:58:50.659  2184  3119 D SchedBoost: stopBoostInternal
04-09 00:58:50.659  2184  3119 D SchedBoost: thread tid=4110, priority is set to -10
04-09 00:58:50.660  2184  3119 D SchedBoost: thread tid=4471, priority is set to -10
04-09 00:58:50.660  2184  3119 D SchedBoost: thread tid=4621, priority is set to -10
04-09 00:58:50.660  2184  3119 D SchedBoost: thread tid=4622, priority is set to -10
04-09 00:58:50.860  1314 21380 I QC2Comp : [avcD_167] Stats: Pending(7) i/p-done(3) Works: Q: 25/Done 20|Work-Rate: Q(0.0/s Avg=0.0/s) Done(0.000/s Avg=0.015/s)| Stream: 30.00fps 3.0Mbps
04-09 00:58:50.860  1314 21380 I QC2Comp : Mem-usage:  [In-1D - 7 bufs 20.918 MB] [1D-0 - 11 bufs 0.172 MB] [2D-155 - 19 bufs 27.164 MB]
04-09 00:58:50.860  1314 21380 I QC2Comp : Total Mem-usage: 48.254 MB
04-09 00:58:51.099  4110  4110 I TransitionCallback: clear leash = Surface(name=TL_Surface(name=Task=14389#4602)/@0x8545ea6_transition-leash#5337)/@0xa98e473, key = ComponentInfo{com.suno.android/com.suno.android.MainActivity}#14389
04-09 00:58:51.099  4110  4110 I TransitionCallback: clear leash = Surface(name=TL_Surface(name=Task=1#45)/@0x2996001_transition-leash#5336)/@0x59a58e2, key = ComponentInfo{com.mi.android.globallauncher/com.miui.home.launcher.Launcher}#1
04-09 00:58:51.100  1296  1296 E vendor.qti.hardware.perf@2.2-service: Unknown params
04-09 00:58:51.100  1296  1296 E ANDR-PERF-DATA-POOL: EventDataPool is Full
04-09 00:58:51.100  1296  1296 E ANDR-PERF-MPCTL: perf request submission limit reached.
04-09 00:58:51.101  1382  1382 D RefreshRateSelector: Touch Boost
04-09 00:58:51.101  1382  1382 D MI-SF   : mIsSupportAutomodeForMaxFpsSetting is 0(0), getCurrentBrightness() = 898(328), mIsKeepAutoMode 0
04-09 00:58:51.101  1382  1382 D RefreshRateSelector: fixedMode_group: 0, isFindModeGroup 0
04-09 00:58:51.101  1382  1382 D RefreshRateSelector: find max refresh rate:120, mode Group:0
04-09 00:58:51.101  4110  4110 D TransitionCallback: mNoCacheLeashList recycle Surface(name=TL_Surface(name=WallpaperWindowToken{eaff2a8 token=android.os.BinderProxy@70a9acb}#53)/@0xb2710e7_transition-leash#5338)/@0x1ac5e5c
04-09 00:58:51.103  4110  4110 D TransitionCallback: mNoCacheLeashList recycle Surface(name=TL_Surface(name=WallpaperWindowToken{c990fe8 token=android.os.Binder@51ce50b}#60)/@0x72c494_transition-leash#5339)/@0x28a223a
04-09 00:58:51.141  1314 21393 I QC2Comp : [avcD_168] Stats: Pending(9) i/p-done(5) Works: Q: 11660/Done 11652|Work-Rate: Q(20.6/s Avg=8.6/s) Done(20.599/s Avg=8.627/s)| Stream: 30.00fps 4.3Mbps
04-09 00:58:51.141  1314 21393 I QC2Comp : Mem-usage:  [In-1D - 17 bufs 50.801 MB] [1D-0 - 10 bufs 0.156 MB] [2D-156 - 18 bufs 49.781 MB]
04-09 00:58:51.141  1314 21393 I QC2Comp : Total Mem-usage: 100.738 MB
04-09 00:58:51.173 15853 16193 D AudioTrackImpl: [audioTrackData][zero] 30s(f:0 m:0 s:0 k:0 z:30004) : pid 15853 uid 10518 sessionId 897 sr 48000 ch 2 fmt 1
04-09 00:58:51.302  1117  4862 I vendor.qti.bluetooth@1.0-ibs_handler: DeviceSleep: TX Awake, Sending SLEEP_IND
04-09 00:58:51.302  1117  4862 D vendor.qti.bluetooth@1.0-ibs_handler: SerialClockVote: vote for UART CLK OFF
04-09 00:58:51.452  1117  4628 D vendor.qti.bluetooth@1.0-wake_lock: Release wakelock is released 
04-09 00:58:51.533 15853 16193 D AudioTrackImpl: [audioTrackData][mute] 5s(f:485 m:5436 s:426 k:4203 z:0) : pid 15853 uid 10518 sessionId 889 sr 48000 ch 2 fmt 1
04-09 00:58:51.568  3780  6955 W OpenGLRenderer: Surface doesn't have any previously queued frames, nothing to readback from
04-09 00:58:51.572  3780  6955 W OpenGLRenderer: Surface doesn't have any previously queued frames, nothing to readback from
04-09 00:58:51.586 15853 27998 I FA      : Application backgrounded at: timestamp_millis: 1775689129586
04-09 00:58:51.607  4878 15263 I NearbyFastPair: (REDACTED) SassLogger_endSassSession: shouldUploadCurrent=%s
04-09 00:58:51.610  4878 15263 I NearbyFastPair: (REDACTED) SassLogger: [%s] Switch to %s ended
04-09 00:58:51.972  1314 21397 W C2BqBuffer: last successful dequeue was 2385938 us ago, 32 consecutive failures
04-09 00:58:51.973  2184  8693 D CompatibilityChangeReporter: Compat change id reported: 161252188; UID 10282; state: DISABLED
04-09 00:58:51.974  2184  8693 W ActivityTaskManager: callingPackage for (uid=2000, pid=28022) has no WPC
04-09 00:58:51.975  2184  8693 D CompatibilityChangeReporter: Compat change id reported: 265464455; UID 10282; state: DISABLED
04-09 00:58:51.976  2184  8693 D CompatibilityChangeReporter: Compat change id reported: 265452344; UID 10282; state: DISABLED
04-09 00:58:51.976  2184  8693 D CompatibilityChangeReporter: Compat change id reported: 266124927; UID 10282; state: DISABLED
04-09 00:58:51.976  2184  8693 D CompatibilityChangeReporter: Compat change id reported: 265451093; UID 10282; state: DISABLED
04-09 00:58:51.976  2184  8693 D CompatibilityChangeReporter: Compat change id reported: 265456536; UID 10282; state: DISABLED
04-09 00:58:51.976  2184  8693 D CompatibilityChangeReporter: Compat change id reported: 255940284; UID 10282; state: DISABLED
04-09 00:58:51.976  2184  8693 D CompatibilityChangeReporter: Compat change id reported: 236283604; UID 10282; state: DISABLED
04-09 00:58:51.976  2184  8693 D CompatibilityChangeReporter: Compat change id reported: 263959004; UID 10282; state: DISABLED
04-09 00:58:51.976  2184  8693 D CompatibilityChangeReporter: Compat change id reported: 264304459; UID 10282; state: DISABLED
04-09 00:58:51.977  2184  8693 D CompatibilityChangeReporter: Compat change id reported: 264301586; UID 10282; state: DISABLED
04-09 00:58:51.977  2184  8693 D CompatibilityChangeReporter: Compat change id reported: 254631730; UID 10282; state: DISABLED
04-09 00:58:51.977  2184  8693 D CompatibilityChangeReporter: Compat change id reported: 273509367; UID 10282; state: DISABLED
04-09 00:58:51.977  2184  8693 D CompatibilityChangeReporter: Compat change id reported: 263259275; UID 10282; state: DISABLED
04-09 00:58:51.977  2184  8693 D CompatibilityChangeReporter: Compat change id reported: 174042980; UID 10282; state: DISABLED
04-09 00:58:51.977  2184  8693 D CompatibilityChangeReporter: Compat change id reported: 174042936; UID 10282; state: DISABLED
04-09 00:58:51.977  2184  8693 D CompatibilityChangeReporter: Compat change id reported: 181136395; UID 10282; state: DISABLED
04-09 00:58:51.994  2184  8693 D CompatibilityChangeReporter: Compat change id reported: 194480991; UID 10282; state: ENABLED
04-09 00:58:51.997  2184  8693 D WindowManager: Collecting in transition 512: ActivityRecord{3f72ecb u0 com.google.android.keep/.activities.BrowseActivity init visibleRequested:false
04-09 00:58:51.997  2184  8693 D MiuiFreeFormManagerService: activeOrFullscreenFreeformTaskIfNeed startDefaultAr:false
04-09 00:58:51.999  4073  4317 D OneHandedController: stopOneHanded state is 0
04-09 00:58:52.000  1296  1296 E vendor.qti.hardware.perf@2.2-service: Unknown params
