04-09 00:57:51.490 15853 15947 D [Purchases] - DEBUG: ℹ️ Querying purchases
04-09 00:57:51.490  2184  3075 D isUidValid: uid = 10518
04-09 00:57:51.490  2184  3075 D isUidValid: uid = 10165
04-09 00:57:51.490  2184  3075 D isUidValid: uid = 99032
04-09 00:57:51.491 15853 15853 D FirebaseSessions: App foregrounded on com.suno.android
04-09 00:57:51.493  2184  2838 D ActivityManager: checkAllowBackground: uid=10165 pkg=com.android.vending rec=UidRecord{3681519 u0a165 BTOP change:active|procstate procs:0 seq(531682,529035)} caps=---NFU always=false idle=false
04-09 00:57:51.494  2184  2922 I MiuiNetworkPolicy: updateUidState uid = 99032, uidState = 3
04-09 00:57:51.494  2184  2922 I MiuiNetworkPolicy: updateUidState uid = 10381, uidState = 3
04-09 00:57:51.494  2184  2922 I MiuiNetworkPolicy: updateUidState uid = 10165, uidState = 3
04-09 00:57:51.494  1265  1749 W SDM     : HWCLayer::GetSDMFormat: Unsupported format type = Unknown_format
04-09 00:57:51.495  1265  1749 E SDM     : HWCSession::GetClientTargetProperty: GetClinetTargetProperty interface enter
04-09 00:57:51.495  1296  1296 E ANDR-PERF-DATA-POOL: EventDataPool is Full
04-09 00:57:51.495  1296  1296 E ANDR-PERF-MPCTL: perf request submission limit reached.
04-09 00:57:51.495  1382  1554 D qdgralloc: GetYUVPlaneInfo: Invalid format passed: 0x21
04-09 00:57:51.495  1382  1554 D qdgralloc: GetYUVPlaneInfo: Invalid format passed: 0x21
04-09 00:57:51.497 15853 16193 I Surface : Surface::setFrameRate is deprecated, setFrameRate hint is dropped as destination is not SurfaceFlinger
04-09 00:57:51.497 15853 16193 D AudioTrack: start(530): prior state:STATE_PAUSED
04-09 00:57:51.498 15853 16256 I AudioTrackImpl: before scaleVolumeForVideo L:0.000000 R:0.000000 and the pakage is com.suno.android
04-09 00:57:51.498 15853 16256 I AudioTrack: AudioTrack::setVolume L:0.000000 R:0.000000 sessionid=889
04-09 00:57:51.498  1375  1464 D AF::Track: setFadeIn isFadeNeeded = 0
04-09 00:57:51.498  2184  2958 D AudioServiceStubImpl: onUpdateMediaState mediaActive=false
04-09 00:57:51.499  3988  3988 I BluetoothAdapterService: BT_FAST_SCAN AudioManager isPlaying: true mIsMusicPlaying false
04-09 00:57:51.499  3988  3988 I BluetoothAdapterService: BT_FAST_SCAN AudioManager change audio state after 3S
04-09 00:57:51.501  3988  4885 D Avrcp_ext: AudioManager Player: AudioPlaybackConfiguration piid:103 deviceId:0 type:android.media.SoundPool u/pid:1000/2184 state:idle attr:AudioAttributes: usage=USAGE_ASSISTANCE_SONIFICATION content=CONTENT_TYPE_SONIFICATION flags=0x800 tags= bundle=null sessionId:0 mutedState:none  FormatInfo{isSpatialized=false, channelMask=0x0, sampleRate=0}
04-09 00:57:51.501  3988  4885 D Avrcp_ext: AudioManager Player: AudioPlaybackConfiguration piid:647 deviceId:0 type:android.media.SoundPool u/pid:1027/7465 state:idle attr:AudioAttributes: usage=USAGE_ASSISTANCE_SONIFICATION content=CONTENT_TYPE_SONIFICATION flags=0x800 tags= bundle=null sessionId:0 mutedState:none  FormatInfo{isSpatialized=false, channelMask=0x0, sampleRate=0}
04-09 00:57:51.501  3988  4885 D Avrcp_ext: AudioManager Player: AudioPlaybackConfiguration piid:871 deviceId:0 type:android.media.SoundPool u/pid:10115/9030 state:started attr:AudioAttributes: usage=USAGE_ASSISTANCE_SONIFICATION content=CONTENT_TYPE_SONIFICATION flags=0x800 tags= bundle=null sessionId:0 mutedState:none  FormatInfo{isSpatialized=false, channelMask=0x0, sampleRate=0}
04-09 00:57:51.501  4073  6105 D MiuiFreeformModeObserver: activityResumed() intent： Intent { cmp=com.suno.android/.MainActivity (has extras) }
04-09 00:57:51.501  1265  1749 E SDM     : HWCSession::GetClientTargetProperty: GetClinetTargetProperty interface enter
04-09 00:57:51.501  1296  1296 E ANDR-PERF-DATA-POOL: EventDataPool is Full
04-09 00:57:51.501  1296  1296 E ANDR-PERF-MPCTL: perf request submission limit reached.
04-09 00:57:51.501  1375  1982 W AudioFlinger: The package name(android) provided does not correspond to the uid 1041
04-09 00:57:51.502  4110  4110 D RecentsImpl: mActivityStateObserver com.suno.android.MainActivity
04-09 00:57:51.503  3988  4885 D Avrcp_ext: AudioManager Player in started state: com.android.deskclock
04-09 00:57:51.503  3988  4885 D Avrcp_ext: AudioManager Active Player: com.android.deskclock
04-09 00:57:51.503  4110  4110 W RecentsImpl: onResumed className=com.suno.android.MainActivity   mIsInAnotherPro=false   isKeyguardLocked=false   mIsStatusBarExpansion=false   mSecuritySpaceGuideShown=false
04-09 00:57:51.503  3988  4885 D Avrcp_ext: AudioManager Player: AudioPlaybackConfiguration piid:1063 deviceId:0 type:android.media.AudioTrack u/pid:10518/15853 state:idle attr:AudioAttributes: usage=USAGE_MEDIA content=CONTENT_TYPE_UNKNOWN flags=0xA00 tags= bundle=null sessionId:897 mutedState:none  FormatInfo{isSpatialized=false, channelMask=0x0, sampleRate=0}
04-09 00:57:51.503  3988  4885 D Avrcp_ext: AudioManager Player: AudioPlaybackConfiguration piid:143 deviceId:0 type:android.media.MediaPlayer u/pid:10338/18348 state:idle attr:AudioAttributes: usage=USAGE_UNKNOWN content=CONTENT_TYPE_UNKNOWN flags=0x800 tags= bundle=null sessionId:129 mutedState:none  FormatInfo{isSpatialized=false, channelMask=0x0, sampleRate=0}
04-09 00:57:51.503  3988  4885 D Avrcp_ext: AudioManager Player: AudioPlaybackConfiguration piid:239 deviceId:0 type:android.media.SoundPool u/pid:10082/4110 state:idle attr:AudioAttributes: usage=USAGE_ASSISTANCE_SONIFICATION content=CONTENT_TYPE_SONIFICATION flags=0x800 tags= bundle=null sessionId:0 mutedState:none  FormatInfo{isSpatialized=false, channelMask=0x0, sampleRate=0}
04-09 00:57:51.503  3988  4885 D Avrcp_ext: AudioManager Player: AudioPlaybackConfiguration piid:1071 deviceId:0 type:android.media.AudioTrack u/pid:10518/15853 state:started attr:AudioAttributes: usage=USAGE_MEDIA content=CONTENT_TYPE_UNKNOWN flags=0xA00 tags= bundle=null sessionId:889 mutedState:clientVolume  FormatInfo{isSpatialized=false, channelMask=0x3, sampleRate=48000}
04-09 00:57:51.503  3988  4885 D Avrcp_ext: AudioManager Player: AudioPlaybackConfiguration piid:119 deviceId:0 type:android.media.SoundPool u/pid:1000/4073 state:idle attr:AudioAttributes: usage=USAGE_ASSISTANCE_SONIFICATION content=CONTENT_TYPE_SONIFICATION flags=0x800 tags= bundle=null sessionId:0 mutedState:none  FormatInfo{isSpatialized=false, channelMask=0x0, sampleRate=0}
04-09 00:57:51.505  3988  4885 D Avrcp_ext: AudioManager isPlaying: true, mAudioPlaybackIsActive: true, isMusiActive: false
04-09 00:57:51.507  2184  8702 D ActivityManager: checkAllowBackground: uid=10518 pkg=com.suno.android rec=UidRecord{2fee656 u0a518 TOP  change:procadj procs:0 seq(531636,531621)} caps=LCMNFU always=false idle=false
04-09 00:57:51.507  2184  8702 D ActivityManager: checkAllowBackground: uid=1000 pkg=android rec=UidRecord{37d5426 1000 PER  fgServices change:procadj procs:0 seq(531722,523333)} caps=LCMNFU always=false idle=false
04-09 00:57:51.509  1265  1749 E SDM     : HWCSession::GetClientTargetProperty: GetClinetTargetProperty interface enter
04-09 00:57:51.510  1296  1296 E ANDR-PERF-DATA-POOL: EventDataPool is Full
04-09 00:57:51.510  1296  1296 E ANDR-PERF-MPCTL: perf request submission limit reached.
04-09 00:57:51.513  4878 10237 I NearbyDiscovery: (REDACTED) ActiveMediaSessionManager: Find a trigger event! %s
04-09 00:57:51.513  4878 10237 I NearbyDiscovery: ConnectionSwitchManager: enableOnSightRunnable no need to enable onSight callback because not an outgoing call [CONTEXT service_id=265 ]
04-09 00:57:51.516  2184  4175 I whetstone.activity: Power Event callback listener is empty for resId=32
04-09 00:57:51.516  2184  4175 D BatteryStatsManagerStub: notifyEvent for resId=32 used 1ms
04-09 00:57:51.516  2184  4175 D WindowManager: wms.Input focus has changed to Window{345a973 u0 com.suno.android/com.suno.android.MainActivity} display=0 updateInputWindows = true
04-09 00:57:51.517  2184  4175 I MultiSenceManagerInternalStub: getInstance
04-09 00:57:51.518  1265  1749 E SDM     : HWCSession::GetClientTargetProperty: GetClinetTargetProperty interface enter
04-09 00:57:51.518  1296  1296 E ANDR-PERF-DATA-POOL: EventDataPool is Full
04-09 00:57:51.518  1296  1296 E ANDR-PERF-MPCTL: perf request submission limit reached.
04-09 00:57:51.519 15853 15853 W libc    : Access denied finding property "vendor.display.enable_optimal_refresh_rate"
04-09 00:57:51.515 15853 15853 W om.suno.android: type=1400 audit(0.0:38172): avc:  denied  { read } for  name="u:object_r:vendor_display_prop:s0" dev="tmpfs" ino=2509 scontext=u:r:untrusted_app:s0:c6,c258,c512,c768 tcontext=u:object_r:vendor_display_prop:s0 tclass=file permissive=0 app=com.suno.android
04-09 00:57:51.521 15853 15853 D VRI[MainActivity]: vri.reportNextDraw android.view.ViewRootImpl.performTraversals:4411 android.view.ViewRootImpl.doTraversal:3040 android.view.ViewRootImpl$TraversalRunnable.run:10429 android.view.Choreographer$CallbackRecord.run:1654 android.view.Choreographer$CallbackRecord.run:1663 
04-09 00:57:51.521 15853 15853 D VRI[MainActivity]: vri.Setup new sync=wmsSync-VRI[MainActivity]#28
04-09 00:57:51.522 15853 15948 E OpenGLRenderer: Unable to match the desired swap behavior.
04-09 00:57:51.522  2184  8804 I SmartPower: com.google.android.gms/10163(5411): idle->background(28528ms) R(service create com.google.android.gms/.measurement.service.MeasurementBrokerService) adj=0.
04-09 00:57:51.524  2184  2922 I MiuiNetworkPolicy: updateUidState uid = 10163, uidState = 3
04-09 00:57:51.526  3988  4609 I BtGatt.ScanManager: msg.what = MSG_IMPORTANCE_CHANGE, msg.arg1 = IMPORTANCE_CHANGE
04-09 00:57:51.527  1265  1749 E SDM     : HWCSession::GetClientTargetProperty: GetClinetTargetProperty interface enter
04-09 00:57:51.527  2184  2922 I MiuiNetworkPolicy: updateUidState uid = 99018, uidState = 3
04-09 00:57:51.527  1296  1296 E ANDR-PERF-DATA-POOL: EventDataPool is Full
04-09 00:57:51.527  1296  1296 E ANDR-PERF-MPCTL: perf request submission limit reached.
04-09 00:57:51.529  5411  5411 D BoundBrokerSvc: onBind: Intent { act=com.google.android.gms.measurement.START pkg=com.google.android.gms }
04-09 00:57:51.529  5411  5411 D BoundBrokerSvc: Loading bound service for intent: Intent { act=com.google.android.gms.measurement.START pkg=com.google.android.gms }
04-09 00:57:51.532  4878 10237 I NearbyFastPair: (REDACTED) NearbyDeviceManager: setOnSightCallback to %s
04-09 00:57:51.532  4878 10237 I NearbyDiscovery: (REDACTED) [trigger-id=PlcoC7FFAC20, feature-id=Sass] ConnectionSwitchManager: Received %s, try to switch
04-09 00:57:51.535  1265  1749 E SDM     : HWCSession::GetClientTargetProperty: GetClinetTargetProperty interface enter
04-09 00:57:51.535  4878 22338 I NearbyDiscovery: (REDACTED) [trigger-id=TcaeDB3FE7E3, feature-id=Tcsw] FastPair: ConnectionSwitchManager not trigger triangle with %s
04-09 00:57:51.535  1296  1296 E ANDR-PERF-DATA-POOL: EventDataPool is Full
04-09 00:57:51.535  1296  1296 E ANDR-PERF-MPCTL: perf request submission limit reached.
04-09 00:57:51.535  4878 22338 I NearbyDiscovery: (REDACTED) [trigger-id=SaeD30C06D2, feature-id=Sass] ConnectionSwitchManager: [%s] Switch request received because of an audio event
04-09 00:57:51.538  1103  1258 I EffectsFactory: EffectCreate() create_effect
04-09 00:57:51.538  4878 22338 I NearbyDiscovery: [trigger-id=SaeD30C06D2, feature-id=Sass] ConnectionSwitchManager: Sass will not be triggered because no sass candidate is available, but it may get triggered if a device is available soon [CONTEXT service_id=265 ]
04-09 00:57:51.540  4878 22338 I NearbyDiscovery: ConnectionSwitchManager: enableOnSightRunnable no need to enable onSight callback because not an outgoing call [CONTEXT service_id=265 ]
04-09 00:57:51.541  4878 15263 I NearbyFastPair: (REDACTED) SassLogger_startSassSession: %s, %s, %s
04-09 00:57:51.541 15853 15853 D VRI[MainActivity]: vri.reportDrawFinished
04-09 00:57:51.541  2184  4175 D WindowManager: wms.finishDrawingLocked: mDrawState=COMMIT_DRAW_PENDING Window{345a973 u0 com.suno.android/com.suno.android.MainActivity} in Surface(name=com.suno.android/com.suno.android.MainActivity#5327)/@0x4ee5293
04-09 00:57:51.541  4878 15263 I NearbyFastPair: (REDACTED) SassLogSession_initSession: %s, %s, %s, isNewUser=%s, fromApi=%s
04-09 00:57:51.542  1382  1382 W Layer   : gatherBufferInfo: Received unknown dataspace from gralloc
04-09 00:57:51.542  2184  2507 D TaskSnapshot_Helper: shouldDelay()... Not launched by home, no delay needed.
04-09 00:57:51.543  1265  1749 E SDM     : HWCSession::GetClientTargetProperty: GetClinetTargetProperty interface enter
04-09 00:57:51.543  1296  1296 E ANDR-PERF-DATA-POOL: EventDataPool is Full
04-09 00:57:51.543  1296  1296 E ANDR-PERF-MPCTL: perf request submission limit reached.
04-09 00:57:51.545  2184  2507 I WindowManager: wms.showSurfaceRobustly mWin:Window{345a973 u0 com.suno.android/com.suno.android.MainActivity}
04-09 00:57:51.547  1375  2445 D AudioFlinger: updateWakeLockUids_l AudioOut_15 uids:
04-09 00:57:51.548  1103  1258 E volume_listener: check_and_set_gain_dep_cal: Failed to set gain dep cal level
04-09 00:57:51.549  1103  1258 D audio_hw_primary: out_set_parameters: enter: usecase(0: deep-buffer-playback) kvpairs: appname=+com.suno.android
04-09 00:57:51.549  1103  1258 D audio_hw_primary: out_set_parameters: [hal_apptype] cannot find app type [+com.suno.android], return !
04-09 00:57:51.549  1375  1982 D APM_AudioPolicyManager: startOutput() output 21, stream 3, session 889, portId 530, appname com.suno.android, uid 10518
04-09 00:57:51.550  1103  1258 D DlbDlbEffect: effectCommand(handle=0xf5e6c740, cmdCode=1, cmdSize=64, pCmdData=0xf61fdbd0, replySize=4, pReplyData=0xf61fdb8c)
04-09 00:57:51.550  1103  1258 D DlbDlbEffect: handle_EFFECT_CMD_SET_CONFIG()
04-09 00:57:51.551  1265  1749 E SDM     : HWCSession::GetClientTargetProperty: GetClinetTargetProperty interface enter
04-09 00:57:51.552  1296  1296 E ANDR-PERF-DATA-POOL: EventDataPool is Full
04-09 00:57:51.552  1296  1296 E ANDR-PERF-MPCTL: perf request submission limit reached.
04-09 00:57:51.553  4110  4626 D RecentsModel: onTaskStackChangedBackground    MSG_TASK_STACK_CHANGE
04-09 00:57:51.554  1103  1258 V EffectMiSound: MiSound_command() start, cmdCode=20
04-09 00:57:51.554  1103  1258 V EffectMiSound: MiSound_Command EFFECT_CMD_OFFLOAD
04-09 00:57:51.555  1103  1258 V EffectMiSound: MiSound_command() start, cmdCode=1
04-09 00:57:51.555  1103  1258 V EffectMiSound: MiSound_setConfig start
04-09 00:57:51.555  1103  1258 V EffectMiSound: MiSound_command() start, cmdCode=1
04-09 00:57:51.556  1103  1258 V EffectMiSound: MiSound_setConfig start
04-09 00:57:51.556  1103  2464 V EffectMiSound: MiSound_command() start, cmdCode=9
04-09 00:57:51.556  1103  2464 V EffectMiSound: MiSound_Command EFFECT_CMD_SET_DEVICE: 0x00000002
04-09 00:57:51.556  1103  1259 V EffectMiSound: MiSound_command() start, cmdCode=11
04-09 00:57:51.556  1103  1259 V EffectMiSound: MiSound_Command EFFECT_CMD_SET_AUDIO_MODE: 0
04-09 00:57:51.557  8508 10624 I SCTaskStackListener: onTaskStackChanged! inSplit = false
04-09 00:57:51.557  1103 23153 D DlbDlbEffect: effectCommand(handle=0xf5e6c740, cmdCode=5, cmdSize=20, pCmdData=0xf5e55ee0, replySize=4, pReplyData=0xf5dc6b30)
04-09 00:57:51.557  1103 23153 D DlbDlbEffect: handle_EFFECT_CMD_SET_PARAM()
04-09 00:57:51.557  1103 23153 V DlbDapEffectContext: setParam() received parameter EFFECT_PARAM_SKIP_HARD_BYPASS
04-09 00:57:51.557  1103 23153 V DlbEffectQdspDap: setPreferredOffType()
04-09 00:57:51.557  1103 23153 D DlbQdspGefDriver: setPreferredOffType(type=2)
04-09 00:57:51.557  4110 15472 D EventBus: No subscribers registered for event class com.miui.home.recents.messages.RecentTasksChangedEvent
04-09 00:57:51.557  4110 15472 D EventBus: No subscribers registered for event class org.greenrobot.eventbus.NoSubscriberEvent
04-09 00:57:51.557  4110  4626 W RecentsModel: getRunningTask   taskInfo=TaskInfo{userId=0 taskId=14389 displayId=0 isRunning=true baseIntent=Intent { act=android.intent.action.MAIN cat=[android.intent.category.LAUNCHER] flg=0x10200000 cmp=com.suno.android/.MainActivity } baseActivity=ComponentInfo{com.suno.android/com.suno.android.MainActivity} topActivity=ComponentInfo{com.suno.android/com.suno.android.MainActivity} origActivity=null realActivity=ComponentInfo{com.suno.android/com.suno.android.MainActivity} numActivities=1 lastActiveTime=97742777 supportsSplitScreenMultiWindow=true supportsMultiWindow=true resizeMode=1 isResizeable=true minWidth=-1 minHeight=-1 defaultMinSize=200 token=WCT{android.window.IWindowContainerToken$Stub$Proxy@c90607c} topActivityType=1 pictureInPictureParams=null shouldDockBigOverlays=false launchIntoPipHostTaskId=-1 lastParentTaskIdBeforePip=-1 displayCutoutSafeInsets=null topActivityInfo=ActivityInfo{2c70d05 com.suno.android.MainActivity} launchCookies=[] positionInParent=Point(0, 0) parentTaskId=-1 isFocused=true isVisible=true isVisibleRequested=true isSleeping=false topActivityInSizeCompat=false topActivityInMiuiSizeCompat=false topActivityEligibleForLetterboxEducation= false topActivityLetterboxed= false isFromDoubleTap= false topActivityLetterboxVerticalPosition= -1 topActivityLetterboxHorizontalPosition= -1 topActivityLetterboxWidth=-1 topActivityLetterboxHeight=-1 locusId=null displayAreaFeatureId=1 cameraCompatControlState=hidden mIsCastMode=false mTopActivityMediaSize=null mTopActivityRecordName=ActivityRecord{6633a83 u0 com.suno.android/.MainActivity t14389} mTopActivityOrientation=1 mTopActivityWindowIsNowVisible=true isTranslucent=false isEmbedded=false shouldBeVisible=true isImmersive=false mBehindAppLockPkg=null mOriginatingUid=0}
04-09 00:57:51.557  4110  4626 D RecentsModel: preloadRecents runningTaskId:14389, mCurrentRunningTaskId:-1, mRecentsTaskLoadPlan=com.android.systemui.shared.recents.model.RecentsTaskLoadPlan@b96415a
04-09 00:57:51.557  1103 23055 D DlbDlbEffect: effectCommand(handle=0xf5e6c740, cmdCode=4, cmdSize=0, pCmdData=0x0, replySize=4, pReplyData=0xf5dc6be8)
04-09 00:57:51.557  1103 23055 D DlbDlbEffect: handle_EFFECT_CMD_DISABLE()
04-09 00:57:51.557  1103 23055 V DlbEffectQdspDap: setEnabled()
04-09 00:57:51.557  1103 23055 V DlbEffectQdspDap: updateEnabled(enabled=0, bypassed=0)
04-09 00:57:51.557  1103 23055 D DlbQdspGefDriver: setEnabled(enable=0)
04-09 00:57:51.557  1103 23055 D DlbQdspGefDriver: setEnabled(): Skip the transient enabled state 0
04-09 00:57:51.558  1103 14952 D DlbDlbEffect: effectCommand(handle=0xf5e6c740, cmdCode=20, cmdSize=8, pCmdData=0xf5dc6250, replySize=4, pReplyData=0xf5dc6b68)
04-09 00:57:51.558  1103 14952 D DlbDlbEffect: handle_EFFECT_CMD_OFFLOAD(offload=0, ioHandle=21)
04-09 00:57:51.558  1103 23153 D DlbDlbEffect: effectCommand(handle=0xf5e6c740, cmdCode=1, cmdSize=64, pCmdData=0xf183abd0, replySize=4, pReplyData=0xf183ab8c)
04-09 00:57:51.558  1103 23153 D DlbDlbEffect: handle_EFFECT_CMD_SET_CONFIG()
04-09 00:57:51.559  8508  8594 I SCTaskStackListener: onTaskStackChanged! inSplit = false
04-09 00:57:51.559  1103  1258 V EffectMiSound: MiSound_command() start, cmdCode=1
04-09 00:57:51.559  1103  1258 V EffectMiSound: MiSound_setConfig start
04-09 00:57:51.560  4110  4626 E ActivityManagerWrapper: get all recent tasks force including 14389
04-09 00:57:51.560  1265  1749 E SDM     : HWCSession::GetClientTargetProperty: GetClinetTargetProperty interface enter
04-09 00:57:51.560  1296  1296 E ANDR-PERF-DATA-POOL: EventDataPool is Full
04-09 00:57:51.560  1296  1296 E ANDR-PERF-MPCTL: perf request submission limit reached.
04-09 00:57:51.560  1103  1258 D DlbDlbEffect: effectCommand(handle=0xf5e6c740, cmdCode=1, cmdSize=64, pCmdData=0xf61fdbd0, replySize=4, pReplyData=0xf61fdb8c)
04-09 00:57:51.560  1103  1258 D DlbDlbEffect: handle_EFFECT_CMD_SET_CONFIG()
04-09 00:57:51.561 15853 15853 I HandWritingStubImpl: refreshLastKeyboardType: 1
04-09 00:57:51.561 15853 15853 I HandWritingStubImpl: getCurrentKeyboardType: 1
04-09 00:57:51.561  1103 23153 D DlbDlbEffect: effectCommand(handle=0xf5e6c740, cmdCode=9, cmdSize=4, pCmdData=0xf5dc6b30, replySize=4, pReplyData=0xf6352560)
04-09 00:57:51.561  1103 23153 D DlbDlbEffect: handle_EFFECT_CMD_SET_DEVICE(device=0x00000002)
04-09 00:57:51.561  1103 23153 V DlbDapEffectContext: setDevice(00000002)
04-09 00:57:51.561  1103 23153 V DlbEffectQdspDap: setBypass(bypass = 0)
04-09 00:57:51.561  1103 23153 V DlbEffectQdspDap: setDevice()
04-09 00:57:51.561  1103 23153 D DlbQdspGefDriver: setDevice(device=0x00000002): old device 0x00000002
04-09 00:57:51.562  1243  1243 D DMSService: setActiveDevice called with device = 0x2 (original 0x2)
04-09 00:57:51.563  1103 23153 D DlbDlbEffect: effectCommand(handle=0xf5e6c740, cmdCode=11, cmdSize=4, pCmdData=0xf5dc6b30, replySize=4, pReplyData=0xf6352560)
04-09 00:57:51.563  1103 23153 V DlbDlbEffect: handle_EFFECT_CMD_SET_AUDIO_MODE(mode=0x00000000)
04-09 00:57:51.564  1103 23055 D DlbDlbEffect: effectCommand(handle=0xf5e6c740, cmdCode=5, cmdSize=20, pCmdData=0xf5d7e880, replySize=4, pReplyData=0xf5dc62f8)
04-09 00:57:51.564  1103 23055 D DlbDlbEffect: handle_EFFECT_CMD_SET_PARAM()
04-09 00:57:51.564  1103 23055 E DlbEffectContext: setParam() received unknown parameter 20
04-09 00:57:51.564  1103  2464 D DlbDlbEffect: effectCommand(handle=0xf5e6c740, cmdCode=20, cmdSize=8, pCmdData=0xf5dc3148, replySize=4, pReplyData=0xf5dc6b00)
04-09 00:57:51.564  1103  2464 D DlbDlbEffect: handle_EFFECT_CMD_OFFLOAD(offload=1, ioHandle=21)
04-09 00:57:51.565  1103  2464 D DlbDlbEffect: effectCommand(handle=0xf5e6c740, cmdCode=3, cmdSize=0, pCmdData=0x0, replySize=4, pReplyData=0xf5dc6b00)
04-09 00:57:51.565  1103  2464 D DlbDlbEffect: handle_EFFECT_CMD_ENABLE()
04-09 00:57:51.565  1103  2464 V DlbEffectQdspDap: setEnabled()
04-09 00:57:51.565  1103  2464 V DlbEffectQdspDap: updateEnabled(enabled=1, bypassed=0)
04-09 00:57:51.565  1103  2464 D DlbQdspGefDriver: setEnabled(enable=1)
04-09 00:57:51.565  1103  2464 D DlbQdspGefDriver: setEnabled(): the enabled state is already 1
04-09 00:57:51.565  1375  1982 D AudioFlinger: moveEffectChain_l: successful move of session 0 from srcThread 0xb4000070b954abc0 to dstThread 0xb4000070a3839980 (2 effects moved, 1 effects started)
04-09 00:57:51.566  2184  4175 I ImeTracker: com.suno.android:f9f7a76a: onRequestHide at ORIGIN_SERVER_HIDE_INPUT reason HIDE_UNSPECIFIED_WINDOW
04-09 00:57:51.566  1375  1982 D APM_AudioPolicyManager: setOutputDevices output 21 device {AUDIO_DEVICE_OUT_SPEAKER, @:} delayMs 0 force 0 requiresMuteCheck 0
04-09 00:57:51.566  2184  4175 I ImeTracker: com.suno.android:f9f7a76a: onCancelled at PHASE_SERVER_SHOULD_HIDE
04-09 00:57:51.567  9679 13348 D MirrorManager:  sendAcceptInput 0 0
04-09 00:57:51.567  1375  1982 D APM_AudioPolicyManager: setOutputDevices() prevDevice {AUDIO_DEVICE_OUT_SPEAKER, @:}
04-09 00:57:51.567  1382  1382 W Layer   : gatherBufferInfo: Received unknown dataspace from gralloc
04-09 00:57:51.567  1375  1982 D APM_AudioPolicyManager: checkAndSetVolume: set volumeSource 4 volume index 70 for device 0x2, volumeDb = -22.722857
04-09 00:57:51.567  1382  1382 D RefreshRateSelector: Touch Boost
04-09 00:57:51.567  1382  1382 D MI-SF   : mIsSupportAutomodeForMaxFpsSetting is 0(0), getCurrentBrightness() = 898(328), mIsKeepAutoMode 0
04-09 00:57:51.567  1382  1382 D RefreshRateSelector: fixedMode_group: 0, isFindModeGroup 0
04-09 00:57:51.567  1382  1382 D RefreshRateSelector: find max refresh rate:120, mode Group:0
04-09 00:57:51.568  1265  1749 E SDM     : HWCSession::GetClientTargetProperty: GetClinetTargetProperty interface enter
04-09 00:57:51.569  1296  1296 E ANDR-PERF-DATA-POOL: EventDataPool is Full
04-09 00:57:51.569  1296  1296 E ANDR-PERF-MPCTL: perf request submission limit reached.
04-09 00:57:51.569  1375  1981 D AudioFlingerImpl: setGameParameters keyvalue: flags=8;volume_change=7
04-09 00:57:51.569  1103  2464 D audio_hw_primary: adev_set_parameters: enter: flags=8;volume_change=7
04-09 00:57:51.569  1103 23055 D DlbDlbEffect: effectCommand(handle=0xf5e6c740, cmdCode=10, cmdSize=8, pCmdData=0xf5dc62f8, replySize=0, pReplyData=0x0)
04-09 00:57:51.570  1103 23055 V DlbDlbEffect: handle_EFFECT_CMD_SET_VOLUME(vl=16777216, vr=16777216)
04-09 00:57:51.570  1103  2464 V msm8974_platform: platform_set_parameters: enter: flags=8;volume_change=7
04-09 00:57:51.570  1103  2464 D msm8974_platform: platform_set_parameters: exit with code(0)
04-09 00:57:51.570  1103  2464 D audio_hw_primary: adev_set_parameters: exit with code(0)
04-09 00:57:51.570 23840 23840 I GoogleInputMethodService: GoogleInputMethodService.onFinishInput():2186 
04-09 00:57:51.571  1103  2464 D r_submix: adev_set_parameters() kvpairs='flags=8;volume_change=7'
04-09 00:57:51.572 23840 23840 I Module  : DeviceLockedStatusModuleProvider$Module.updateDeviceLockedStatus():103 repeatCheckTimes = 0, locked = false
04-09 00:57:51.572 23840 23840 I GoogleInputMethodService: GoogleInputMethodService.onStartInput():1444 onStartInput(EditorInfo{EditorInfo{packageName=com.suno.android, inputType=0, inputTypeString=NULL, enableLearning=false, autoCorrection=false, autoComplete=false, imeOptions=0, privateImeOptions=null, actionName=UNSPECIFIED, actionLabel=null, initialSelStart=-1, initialSelEnd=-1, initialCapsMode=0, label=null, fieldId=0, fieldName=null, extras=Bundle[mParcelledData.dataSize=72], hintText=null, hintLocales=[]}}, false)
04-09 00:57:51.572 23840 23840 I AndroidIME: LatinIMEBase.updateInputViewCoverNavigation():321 Update input view padding, isNavbarOverInputWindow=false, bottom inset=130
04-09 00:57:51.572 23840 23840 I Module  : DeviceLockedStatusModuleProvider$Module.updateDeviceLockedStatus():103 repeatCheckTimes = 1, locked = false
04-09 00:57:51.574  1375  1464 D audioserver: FGS Logger Transaction failed
04-09 00:57:51.574  1375  1464 D audioserver: -129
04-09 00:57:51.574  1375  1464 D AF::Track: noteStartAudioInNeed
04-09 00:57:51.574  2184  8702 I WindowManager: cancelAnimation removed leash : Surface(name=Surface(name=961a3ea InputMethod#251)/@0xbb7048e - animation-leash of insets_animation#5321)/@0x2d97817
04-09 00:57:51.577  1265  1749 E SDM     : HWCSession::GetClientTargetProperty: GetClinetTargetProperty interface enter
04-09 00:57:51.577  1296  1296 E ANDR-PERF-DATA-POOL: EventDataPool is Full
04-09 00:57:51.577  1296  1296 E ANDR-PERF-MPCTL: perf request submission limit reached.
04-09 00:57:51.577  1103 23055 E volume_listener: check_and_set_gain_dep_cal: Failed to set gain dep cal level
04-09 00:57:51.577 15853 16193 D AudioRepeatStartCheck: [AudioRepeatStartStopCheck], enter: uid = 10518, session = 889, uidnowTime = 1775688923
04-09 00:57:51.577 15853 16193 D AudioRepeatStartCheck: [AudioRepeatStartStopCheck] isAnomaly = 0
04-09 00:57:51.577  1375  2445 D AudioFlinger: updateWakeLockUids_l AudioOut_15 uids:10518 
04-09 00:57:51.578  2184  4175 W PackageConfigPersister: App-specific configuration not found for packageName: com.suno.android and userId: 0
04-09 00:57:51.582  1103 24573 D audio_hw_primary: start_output_stream: enter: stream(0xf6701000)usecase(0: deep-buffer-playback) devices(0x2) is_haptic_usecase(0)
04-09 00:57:51.582  1296  1296 E ANDR-PERF-DATA-POOL: EventDataPool is Full
04-09 00:57:51.582  1296  1296 E ANDR-PERF-MPCTL: perf request submission limit reached.
04-09 00:57:51.582  1103 24573 E audio_hw_extn: audio_extn_perf_lock_acquire: Failed to acquire perf lock, err: 0
04-09 00:57:51.582  1103 24573 D audio_hw_primary: select_devices for use case (deep-buffer-playback in:0 out:0 device:0x2)
04-09 00:57:51.582  1103 24573 D msm8974_platform: platform_get_output_snd_device: enter: output devices(0x2)
04-09 00:57:51.582  1103 24573 I msm8974_platform: platform_check_and_set_codec_backend_cfg:becf: afe: bitwidth 24, samplerate 48000 channels 2, backend_idx 4 usecase = 0 device (speaker)
04-09 00:57:51.582  1103 24573 I msm8974_platform: platform_check_and_set_codec_backend_cfg: new_snd_devices[0] is 2
04-09 00:57:51.582  1103 24573 I msm8974_platform: platform_check_codec_backend_cfg:becf: afe: bitwidth 24, samplerate 48000 channels 2, backend_idx 4 usecase = 0 device (speaker)
04-09 00:57:51.584  1382  1382 W Layer   : gatherBufferInfo: Received unknown dataspace from gralloc
04-09 00:57:51.584  1382  1382 D RefreshRateSelector: Touch Boost
04-09 00:57:51.584  1382  1382 D MI-SF   : mIsSupportAutomodeForMaxFpsSetting is 0(0), getCurrentBrightness() = 898(328), mIsKeepAutoMode 0
04-09 00:57:51.584  1382  1382 D RefreshRateSelector: fixedMode_group: 0, isFindModeGroup 0
04-09 00:57:51.584  1382  1382 D RefreshRateSelector: find max refresh rate:120, mode Group:0
04-09 00:57:51.585  1265  1749 E SDM     : HWCSession::GetClientTargetProperty: GetClinetTargetProperty interface enter
04-09 00:57:51.585  2184  8637 I WifiService: acquireWifiLock uid=10518 lockMode=3
04-09 00:57:51.586  4110  4626 E ActivityManagerWrapper: getRecentTasksForceIncludingTaskIdIfValid: getRecentTasks: size=10
04-09 00:57:51.586  4110  4626 E ActivityManagerWrapper:  mainTaskId=14389   userId=0   windowMode=1   baseIntent=Intent { act=android.intent.action.MAIN flag=270532608 cmp=ComponentInfo{com.suno.android/com.suno.android.MainActivity} }
04-09 00:57:51.586  4110  4626 E ActivityManagerWrapper:  mainTaskId=14410   userId=0   windowMode=1   baseIntent=Intent { act=null flag=813760512 cmp=ComponentInfo{app.blearn.mobile/app.blearn.mobile.BlockingOverlayActivity} }
04-09 00:57:51.586  4110  4626 E ActivityManagerWrapper:  mainTaskId=14409   userId=0   windowMode=1   baseIntent=Intent { act=null flag=268435456 cmp=ComponentInfo{com.google.android.gm/com.google.android.gm.ConversationListActivityGmail} }
04-09 00:57:51.586  4110  4626 E ActivityManagerWrapper:  mainTaskId=14404   userId=0   windowMode=1   baseIntent=Intent { act=null flag=268435456 cmp=ComponentInfo{app.blearn.mobile/app.blearn.mobile.MainActivity} }
04-09 00:57:51.586  4110  4626 E ActivityManagerWrapper:  mainTaskId=14394   userId=0   windowMode=1   baseIntent=Intent { act=android.settings.ACCESSIBILITY_SETTINGS flag=268435456 cmp=ComponentInfo{com.android.settings/com.android.settings.accessibility.MiuiAccessibilitySettingsActivity} }
04-09 00:57:51.586  4110  4626 E ActivityManagerWrapper:  mainTaskId=14383   userId=0   windowMode=1   baseIntent=Intent { act=null flag=268435456 cmp=ComponentInfo{com.whatsapp/com.whatsapp.home.ui.HomeActivity} }
04-09 00:57:51.586  4110  4626 E ActivityManagerWrapper:  mainTaskId=14372   userId=0   windowMode=1   baseIntent=Intent { act=android.intent.action.MAIN flag=335544320 cmp=ComponentInfo{com.android.deskclock/com.android.deskclock.DeskClockTabActivity} }
04-09 00:57:51.586  4110  4626 E ActivityManagerWrapper:  mainTaskId=14359   userId=0   windowMode=1   baseIntent=Intent { act=android.intent.action.MAIN flag=269549568 cmp=ComponentInfo{com.s_payment.mobiles_bezahlen/de.starfinanz.payment.MainActivity} }
04-09 00:57:51.586  4110  4626 E ActivityManagerWrapper:  mainTaskId=14342   userId=0   windowMode=1   baseIntent=Intent { act=null flag=369098752 cmp=ComponentInfo{com.google.android.googlequicksearchbox/com.google.android.apps.search.assistant.surfaces.voice.robin.main.MainActivity} }
04-09 00:57:51.586  4110  4626 E ActivityManagerWrapper:  mainTaskId=14336   userId=0   windowMode=1   baseIntent=Intent { act=android.intent.action.MAIN flag=270532608 cmp=ComponentInfo{com.google.android.apps.maps/com.google.android.maps.MapsActivity} }
04-09 00:57:51.587  1103 24573 D msm8974_platform: platform_check_codec_backend_cfg:becf: updated afe: bitwidth 24, samplerate 48000 channels 2,backend_idx 4 usecase = 0 device (speaker)
04-09 00:57:51.587  1103 24573 D msm8974_platform: platform_check_codec_backend_cfg:becf: afe: set BE sample 48000, bit_width 24, channels 2 for TDM_RX_0
04-09 00:57:51.587  1103 24573 I msm8974_platform: platform_check_codec_backend_cfg:becf: afe: Codec selected backend: 4 updated bit width: 24 and sample rate: 48000
04-09 00:57:51.587  1103 24573 D audio_hw_primary: check_usecases_codec_backend:becf: force routing 0
04-09 00:57:51.587  1103 24573 E msm8974_platform: platform_check_backends_match: Invalid snd_device2 = 
04-09 00:57:51.587  1103 24573 D audio_hw_primary: check_usecases_codec_backend:becf: (107) check_usecases curr device: speaker, usecase device: backends match 0
04-09 00:57:51.587  1103 24573 D audio_hw_primary: @@: usecase[0xf5d07c80]=deep-buffer-playback, uc_info[0xf5d07c80]=deep-buffer-playback
04-09 00:57:51.587  1103 24573 D audio_hw_primary: check_usecases_codec_backend:becf: check_usecases num.of Usecases to switch 0
04-09 00:57:51.587  1103 24573 D hardware_info: hw_info_append_hw_type : device_name = speaker
04-09 00:57:51.587  1103 24573 D audio_hw_primary: enable_snd_device: snd_device(2: speaker)[SND_DEVICE_OUT_SPEAKER]
04-09 00:57:51.587  1103 24573 D msm8974_platform: platform_get_island_cfg_on_device:island cfg status on snd_device = (speaker 0)
04-09 00:57:51.587  1103 24573 I soundtrigger: audio_extn_sound_trigger_update_device_status: device 0x2 of type 0 for Event 1, with Raise=0
04-09 00:57:51.587  1103 24573 D audio_route: Apply path: speaker
04-09 00:57:51.590  2184  2296 D ActivityManager: checkAllowBackground: uid=1000 pkg=android rec=UidRecord{37d5426 1000 PER  fgServices change:procadj procs:0 seq(531722,523333)} caps=LCMNFU always=false idle=false
04-09 00:57:51.590  2184  2854 D AlarmManager: mBroadcastRefCount -> 1
04-09 00:57:51.591  1296  1296 E ANDR-PERF-DATA-POOL: EventDataPool is Full
04-09 00:57:51.591  1296  1296 E ANDR-PERF-MPCTL: perf request submission limit reached.
04-09 00:57:51.592  4110  4626 D WorldCirculate: getWorldCirculateInfo, taskInfo.baseIntent=Intent { flg=0x10000000 cmp=app.blearn.mobile/.MainActivity }, displayId=-1, but get Display failed
04-09 00:57:51.592  4110  4626 D WorldCirculate: getWorldCirculateInfo, taskInfo.baseIntent=Intent { act=android.settings.ACCESSIBILITY_SETTINGS flg=0x10000000 cmp=com.android.settings/.accessibility.MiuiAccessibilitySettingsActivity }, displayId=-1, but get Display failed
04-09 00:57:51.592  1382  1382 W Layer   : gatherBufferInfo: Received unknown dataspace from gralloc
04-09 00:57:51.592  2184  2184 D AlarmManager: mBroadcastRefCount -> 0
04-09 00:57:51.593  2184  2184 D AlarmManager: mPendingIntent -> null
04-09 00:57:51.593  1382  1382 D RefreshRateSelector: Touch Boost
04-09 00:57:51.593  1382  1382 D MI-SF   : mIsSupportAutomodeForMaxFpsSetting is 0(0), getCurrentBrightness() = 898(328), mIsKeepAutoMode 0
04-09 00:57:51.593  1382  1382 D RefreshRateSelector: fixedMode_group: 0, isFindModeGroup 0
04-09 00:57:51.593  1382  1382 D RefreshRateSelector: find max refresh rate:120, mode Group:0
04-09 00:57:51.594  1265  1749 E SDM     : HWCSession::GetClientTargetProperty: GetClinetTargetProperty interface enter
04-09 00:57:51.594  2184  2552 D ProcessManager: add audio active uid : 10518
04-09 00:57:51.595  1296  1296 E ANDR-PERF-DATA-POOL: EventDataPool is Full
04-09 00:57:51.595  1296  1296 E ANDR-PERF-MPCTL: perf request submission limit reached.
04-09 00:57:51.595  9679 13348 I PowerKeeper.Event: noteStartAudioInNeed uid is 10518, sessionid is 889, port is 530, type is 2
04-09 00:57:51.596  9679 10070 I AppActiveChecker: uid:10518 change to active
04-09 00:57:51.596  1103 24573 D hardware_info: hw_info_append_hw_type : device_name = vi-feedback
04-09 00:57:51.596  1103 24573 D audio_hw_primary: enable_snd_device: snd_device(246: vi-feedback)[SND_DEVICE_IN_CAPTURE_VI_FEEDBACK]
04-09 00:57:51.596  1103 24573 D msm8974_platform: platform_get_island_cfg_on_device:island cfg status on snd_device = (vi-feedback 0)
04-09 00:57:51.596  1103 24573 I soundtrigger: audio_extn_sound_trigger_update_device_status: device 0xf6 of type 1 for Event 1, with Raise=0
04-09 00:57:51.596  1103 24573 D audio_route: Apply path: vi-feedback
04-09 00:57:51.596  1103 24573 D msm8974_platform: fluence nn disabled
04-09 00:57:51.596  1103 24573 D soundtrigger: audio_extn_sound_trigger_update_stream_status: uc_info->id 53 of type 1 for Event 3, with Raise=0
04-09 00:57:51.596  1103 24573 D audio_hw_utils: audio_extn_utils_send_app_type_cfg: usecase->in_snd_device vi-feedback
04-09 00:57:51.597 22435 22443 I Finsky  : [62] User is not an active Play Pass subscriber
04-09 00:57:51.597  1103 24573 E audio_hw_utils: send_app_type_cfg_for_device: Could not get ctl for mixer cmd - Audio Stream Capture 32 App Type Cfg
04-09 00:57:51.597  1103 24573 D ACDB-LOADER: ACDB -> send_audio_cal, acdb_id = 102, path = 1, app id = 0x11132, sample rate = 48000, use_case = 0,buffer_idx_w_path =1, afe_sample_rate = 48000, cal_mode = 1, offset_index = 0
04-09 00:57:51.597  1103 24573 D ACDB-LOADER: ACDB -> send_asm_topology
04-09 00:57:51.597  1103 24573 D ACDB-LOADER: ACDB -> ACDB_CMD_GET_AUDPROC_STREAM_TOPOLOGY_ID
04-09 00:57:51.597  1103 24573 D ACDB-LOADER: ACDB -> send_adm_topology
04-09 00:57:51.597  1103 24573 D ACDB-LOADER: ACDB -> ACDB_CMD_GET_AUDPROC_COMMON_TOPOLOGY_ID
04-09 00:57:51.597  1103 24573 D ACDB-LOADER: ACDB -> send_audtable
04-09 00:57:51.597  1103 24573 D ACDB-LOADER: ACDB -> ACDB_CMD_GET_AUDPROC_INSTANCE_COMMON_TABLE_SIZE
04-09 00:57:51.597  1103 24573 D ACDB-LOADER: ACDB -> ACDB_CMD_GET_AUDPROC_INSTANCE_COMMON_TABLE
04-09 00:57:51.597  1103 24573 D ACDB-LOADER: ACDB -> AUDIO_SET_AUDPROC_CAL cal_type[11] acdb_id[102] app_type[69938]
04-09 00:57:51.597  1103 24573 D ACDB-LOADER: check_fnn_usecase_status: fnn usecase active 0
04-09 00:57:51.597  1103 24573 D ACDB-LOADER: ACDB -> ACDB_CMD_GET_PERSISTENT_AUDPROC_INSTANCE_COMMON_TABLE_SIZE
04-09 00:57:51.597  1103 24573 D android.hardware.audio.service: [Data Manager]-> No data found
04-09 00:57:51.597  1103 24573 D ACDB-LOADER: Error: ACDB_CMD_GET_PERSISTENT_AUDPROC_INSTANCE_COMMON_TABLE_SIZE returned -18
04-09 00:57:51.597  1103 24573 D ACDB-LOADER: ACDB -> send_audproc_persist_table -18 
04-09 00:57:51.597  1103 24573 D ACDB-LOADER: Error: Invalid Audproc persist size = -18
04-09 00:57:51.597  1103 24573 D ACDB-LOADER: ACDB -> ACDB_CMD_GET_AUDPROC_INSTANCE_STREAM_TABLE_SIZE
04-09 00:57:51.597  1103 24573 D ACDB-LOADER: ACDB -> send_audstrmtable
04-09 00:57:51.597  1103 24573 D ACDB-LOADER: ACDB -> ACDB_CMD_GET_AUDPROC_INSTANCE_STREAM_TABLE
04-09 00:57:51.597  1103 24573 D ACDB-LOADER: ACDB -> audstrm_cal->cal_type.cal_data.cal_size = 20
04-09 00:57:51.597  1103 24573 D ACDB-LOADER: ACDB -> send_afe_topology
04-09 00:57:51.597  1103 24573 D ACDB-LOADER: ACDB -> ACDB_CMD_GET_AFE_TOPOLOGY_ID
04-09 00:57:51.597  1103 24573 D ACDB-LOADER: ACDB -> GET_AFE_TOPOLOGY_ID for adcd_id 102, Topology Id 1000ff00
04-09 00:57:51.597  1103 24573 D ACDB-LOADER: ACDB -> send_afe_cal
04-09 00:57:51.597  1103 24573 D ACDB-LOADER: ACDB -> ACDB_CMD_GET_AFE_INSTANCE_COMMON_TABLE_SIZE
04-09 00:57:51.597  1103 24573 D ACDB-LOADER: ACDB -> ACDB_CMD_GET_AFE_INSTANCE_COMMON_TABLE
04-09 00:57:51.597  1103 24573 D ACDB-LOADER: ACDB -> AUDIO_SET_AFE_CAL cal_type[17] acdb_id[102]
04-09 00:57:51.597  1103 24573 D ACDB-LOADER: ACDB -> send_hw_delay : acdb_id = 102 path = 1
04-09 00:57:51.598  1103 24573 D ACDB-LOADER: ACDB -> ACDB_AVSYNC_INFO: ACDB_CMD_GET_DEVICE_PROPERTY
04-09 00:57:51.598  1103 24573 D msm8974_platform: fluence nn disabled
04-09 00:57:51.598  1103 24573 D audio_hw_primary: enable_audio_route: apply mixer and update path: spkr-vi-record
04-09 00:57:51.598  1103 24573 D audio_route: Apply path: spkr-vi-record
04-09 00:57:51.598 15853 16111 D [Purchases] - DEBUG: ℹ️ Cleaning previously sent tokens
04-09 00:57:51.598 15853 16111 D [Purchases] - DEBUG: ℹ️ Tokens already posted: []
04-09 00:57:51.598 15853 16111 D [Purchases] - DEBUG: ℹ️ Saving tokens []
04-09 00:57:51.599 15853 16111 D [Purchases] - DEBUG: ℹ️ Tokens already posted: []
04-09 00:57:51.599 15853 16111 D [Purchases] - DEBUG: ℹ️ No pending purchases to sync
04-09 00:57:51.601  1382  1382 D RefreshRateSelector: Touch Boost
04-09 00:57:51.601  1382  1382 D MI-SF   : mIsSupportAutomodeForMaxFpsSetting is 0(0), getCurrentBrightness() = 898(328), mIsKeepAutoMode 0
04-09 00:57:51.601  1382  1382 D RefreshRateSelector: fixedMode_group: 0, isFindModeGroup 0
04-09 00:57:51.601  1382  1382 D RefreshRateSelector: find max refresh rate:120, mode Group:0
04-09 00:57:51.601  4110  4626 D TaskSnapshotCompatVU: getIsInvalidateFromTaskSnapshot, don't find method
04-09 00:57:51.601  1103 24573 D audio_hw_primary: [force reset] create spkr-vi-record 1
04-09 00:57:51.601  1103 24573 D audio_hw_awinic_feedback: audio_extn_aw882xx_start_feedback:[Awinic] the pcm id uc_info->id = 53, tx_pcm_id = 32
04-09 00:57:51.602  1265  1749 E SDM     : HWCSession::GetClientTargetProperty: GetClinetTargetProperty interface enter
04-09 00:57:51.602  4110  4626 D TaskSnapshotCompatVU: getIsInvalidateFromTaskSnapshot, return, mTaskSnapshot=null, mTaskSnapshotClazz=null
04-09 00:57:51.602  4110  4626 D RecentsModel: onTaskStackChangedBackground    MSG_TASK_STACK_CHANGE
04-09 00:57:51.602  1296  1296 E ANDR-PERF-DATA-POOL: EventDataPool is Full
04-09 00:57:51.602  1296  1296 E ANDR-PERF-MPCTL: perf request submission limit reached.
04-09 00:57:51.604  1184  1184 D WifiHAL : wifi_set_latency_mode: 1
04-09 00:57:51.606  4073  4073 D Utilities:  oldHints : 0 backDisposition : 0 imeShown : false hints 0
04-09 00:57:51.606  2184  2296 D ActivityManager: checkAllowBackground: uid=1000 pkg=android rec=UidRecord{37d5426 1000 PER  fgServices change:procadj procs:0 seq(531722,523333)} caps=LCMNFU always=false idle=false
04-09 00:57:51.606  1375 25730 W AidlConversionCppNdk: legacy2aidl_audio_channel_mask_t_AudioChannelLayout: no AudioChannelLayout found for legacy output audio_channel_mask_t value 0x10
04-09 00:57:51.607 15853 16093 W AidlConversionCppNdk: aidl2legacy_AudioChannelLayout_audio_channel_mask_t: no legacy output audio_channel_mask_t found for AudioChannelLayout{layoutMask: 16}
04-09 00:57:51.608 15853 16193 D AudioTrack: getTimestamp_l(530): device stall time corrected using current time 35696330117215
04-09 00:57:51.608 15853 21391 I MediaCodec: [mId: 4] [video-debug-dec] Stats over last 77662ms:
04-09 00:57:51.608 15853 21391 I MediaCodec: [mId: 4] [video-debug-dec] ClientName: com.suno.android ComponentName: c2.qti.avc.decoder
04-09 00:57:51.608 15853 21391 I MediaCodec: [mId: 4] [video-debug-dec] Qinput: 22, DQinput: 0 success out of 0 tries
04-09 00:57:51.608 15853 21391 I MediaCodec: [mId: 4] [video-debug-dec] Render: 20, Drop: 0, DQoutput: 0 success out of 0 tries
04-09 00:57:51.608 15853 21391 I MediaCodec: [mId: 4] [video-debug-dec] Avg Input Interval: 3530ms, Avg Render Interval: 3883ms
04-09 00:57:51.608 15853 21391 D VideoCodecInfo: [6312171670945660932] render buffer PTS 1000328000000 us interverl is 77033 ms
04-09 00:57:51.608 15853 21391 W MediaCodec: [mId: 4] [video-debug-dec] onReleaseOutputBuffer: Render time interval reaches 77033ms before pts: 1000328000000
04-09 00:57:51.608 15853 21391 I MediaCodec: [mId: 4] [video-debug-dec] onReleaseOutputBuffer index 6 pts: 1000328000000 ptsdiff: 33333 timediff: 77033 render: 1
04-09 00:57:51.609  1382  1382 D RefreshRateSelector: Touch Boost
04-09 00:57:51.609  1382  1382 D MI-SF   : mIsSupportAutomodeForMaxFpsSetting is 0(0), getCurrentBrightness() = 898(328), mIsKeepAutoMode 0
04-09 00:57:51.609  1382  1382 D RefreshRateSelector: fixedMode_group: 0, isFindModeGroup 0
04-09 00:57:51.609  1382  1382 D RefreshRateSelector: find max refresh rate:120, mode Group:0
04-09 00:57:51.610  1265  1749 E SDM     : HWCSession::GetClientTargetProperty: GetClinetTargetProperty interface enter
04-09 00:57:51.610  1296  1296 E ANDR-PERF-DATA-POOL: EventDataPool is Full
04-09 00:57:51.610  1296  1296 E ANDR-PERF-MPCTL: perf request submission limit reached.
04-09 00:57:51.610  1314 21393 W QC2Comp : [avcD_168] Queued: Skip logging corrupted work
04-09 00:57:51.611  1314 21393 W QC2Comp : [avcD_168] Done: Skip logging corrupted work
04-09 00:57:51.611  1314 21397 W C2BqBuffer: last successful dequeue was 76972340 us ago, 143 consecutive failures
04-09 00:57:51.612 15853 16236 D BufferQueueProducer: [SurfaceTexture-0-15853-3](id:3ded00000007,api:3,p:15853,c:15853) bbq.waitForFreeSlotThenRelock timeout 0 return. deqCount=16, acqCount=1, mMaxAcq=1, mMaxDeq=17
04-09 00:57:51.613  1103 24573 D soundtrigger: audio_extn_sound_trigger_update_stream_status: uc_info->id 0 of type 0 for Event 3, with Raise=1
04-09 00:57:51.613  1103 24573 I sound_trigger_platform: platform_stdev_check_and_update_concurrency: Received STREAM event, event type 3, usecase type 0
04-09 00:57:51.613  1103 24573 D sound_trigger_platform: platform_stdev_get_capture_device: Device = 0x80000004
04-09 00:57:51.613  1103 24573 D sound_trigger_platform: platform_stdev_get_capture_device: Available device = 0x80000004
04-09 00:57:51.613  1103 24573 D sound_trigger_platform: platform_stdev_check_and_update_concurrency: dedicated path 0, reset backend 1, tx 0, rx 1, concurrency session allowed
04-09 00:57:51.613  1103 24573 D sound_trigger_platform: platform_stdev_get_capture_device: Device = 0x80000004
04-09 00:57:51.613  1103 24573 D sound_trigger_platform: platform_stdev_get_capture_device: Available device = 0x80000004
04-09 00:57:51.613  1103 24573 D sound_trigger_hw_common: st_hw_check_and_update_lpi: lpi NOT supported due to concurrency
04-09 00:57:51.613  1103 24573 D sound_trigger_hw_common: st_hw_check_vad_support: VAD NOT supported due to concurrency
04-09 00:57:51.613  1103 24573 D sound_trigger_hw: handle_audio_concurrency:[1] LPI: pause SVA session
04-09 00:57:51.613  1103 24573 D sound_trigger_hw: active_state_fn:[1] handle event id 11
04-09 00:57:51.613  1103 24573 D sound_trigger_hw: ape_stop:[1] Enter
04-09 00:57:51.614  1103 24573 D sound_trigger_hw: ape_stop:[1] Exit, status=0
04-09 00:57:51.614  1103 24573 D sound_trigger_hw: ape_dereg_sm_params:[1] Enter
04-09 00:57:51.614  1103 24573 D sound_trigger_hw: ape_enable_use_case: disable use case = listen-voice-wakeup-2
04-09 00:57:51.615 15853 21391 I MediaCodec: [mId: 4] [video-debug-dec] onReleaseOutputBuffer index 8 pts: 1000328033333 ptsdiff: 33333 timediff: 6 render: 1
04-09 00:57:51.615  1314 21393 W QC2Comp : [avcD_168] Queued: Skip logging corrupted work
04-09 00:57:51.615  1314 21393 W QC2Comp : [avcD_168] Done: Skip logging corrupted work
04-09 00:57:51.616 15853 21391 I MediaCodec: [mId: 4] [video-debug-dec] onReleaseOutputBuffer index 13 pts: 1000328066667 ptsdiff: 33334 timediff: 1 render: 1
04-09 00:57:51.616  1314 21393 W QC2Comp : [avcD_168] Queued: Skip logging corrupted work
04-09 00:57:51.616  2184  2958 D AudioServiceStubImpl: onUpdateMediaState mediaActive=false
04-09 00:57:51.616  1314 21393 W QC2Comp : [avcD_168] Done: Skip logging corrupted work
04-09 00:57:51.617  1382  1382 D RefreshRateSelector: Touch Boost
04-09 00:57:51.617  1382  1382 D MI-SF   : mIsSupportAutomodeForMaxFpsSetting is 0(0), getCurrentBrightness() = 898(328), mIsKeepAutoMode 0
04-09 00:57:51.617  1382  1382 D RefreshRateSelector: fixedMode_group: 0, isFindModeGroup 0
04-09 00:57:51.617  1382  1382 D RefreshRateSelector: find max refresh rate:120, mode Group:0
04-09 00:57:51.617  3988  3988 I BluetoothAdapterService: BT_FAST_SCAN AudioManager isPlaying: true mIsMusicPlaying false
04-09 00:57:51.618  3988  4885 D Avrcp_ext: AudioManager Player: AudioPlaybackConfiguration piid:103 deviceId:0 type:android.media.SoundPool u/pid:1000/2184 state:idle attr:AudioAttributes: usage=USAGE_ASSISTANCE_SONIFICATION content=CONTENT_TYPE_SONIFICATION flags=0x800 tags= bundle=null sessionId:0 mutedState:none  FormatInfo{isSpatialized=false, channelMask=0x0, sampleRate=0}
04-09 00:57:51.619  1265  1749 E SDM     : HWCSession::GetClientTargetProperty: GetClinetTargetProperty interface enter
04-09 00:57:51.619  3988  4885 D Avrcp_ext: AudioManager Player: AudioPlaybackConfiguration piid:647 deviceId:0 type:android.media.SoundPool u/pid:1027/7465 state:idle attr:AudioAttributes: usage=USAGE_ASSISTANCE_SONIFICATION content=CONTENT_TYPE_SONIFICATION flags=0x800 tags= bundle=null sessionId:0 mutedState:none  FormatInfo{isSpatialized=false, channelMask=0x0, sampleRate=0}
04-09 00:57:51.619  3988  4885 D Avrcp_ext: AudioManager Player: AudioPlaybackConfiguration piid:871 deviceId:0 type:android.media.SoundPool u/pid:10115/9030 state:started attr:AudioAttributes: usage=USAGE_ASSISTANCE_SONIFICATION content=CONTENT_TYPE_SONIFICATION flags=0x800 tags= bundle=null sessionId:0 mutedState:none  FormatInfo{isSpatialized=false, channelMask=0x0, sampleRate=0}
04-09 00:57:51.619  1296  1296 E ANDR-PERF-DATA-POOL: EventDataPool is Full
04-09 00:57:51.619  1296  1296 E ANDR-PERF-MPCTL: perf request submission limit reached.
04-09 00:57:51.620 15853 21398 I MediaCodec: [mId: 5] [audio-debug-dec] Stats over last 77502ms:
04-09 00:57:51.620 15853 21398 I MediaCodec: [mId: 5] [audio-debug-dec] ClientName: com.suno.android ComponentName: c2.android.aac.decoder
04-09 00:57:51.620 15853 21398 I MediaCodec: [mId: 5] [audio-debug-dec] Qinput: 23, DQinput: 0 success out of 0 tries
04-09 00:57:51.620 15853 21398 I MediaCodec: [mId: 5] [audio-debug-dec] Render: 0, Drop: 24, DQoutput: 0 success out of 0 tries
04-09 00:57:51.621 15853 21398 D BufferPoolAccessor2.0: bufferpool2 0xb40000716c01aa28 : 1(8192 size) total buffers - 1(8192 size) used buffers - 15388/15444 (recycle/alloc) - 78/15379 (fetch/transfer)
