04-09 00:58:52.213  1382  1382 D MI-SF   : mIsSupportAutomodeForMaxFpsSetting is 0(0), getCurrentBrightness() = 898(328), mIsKeepAutoMode 0
04-09 00:58:52.213  1382  1382 D RefreshRateSelector: fixedMode_group: 0, isFindModeGroup 0
04-09 00:58:52.213  1382  1382 D RefreshRateSelector: find max refresh rate:120, mode Group:0
04-09 00:58:52.215  1265  1749 E SDM     : HWCSession::GetClientTargetProperty: GetClinetTargetProperty interface enter
04-09 00:58:52.216  1296  1296 E ANDR-PERF-DATA-POOL: EventDataPool is Full
04-09 00:58:52.216  1296  1296 E ANDR-PERF-MPCTL: perf request submission limit reached.
04-09 00:58:52.218   976   976 D Zygote  : Forked child process 28052
04-09 00:58:52.220 25935 25935 D BlearnAccessibility: match: app com.google.android.keep
04-09 00:58:52.220  2184  2837 D IntervalStats: Unable to parse usage stats packages: [1763]
04-09 00:58:52.221 28048 28048 D nativeloader: Load libframework-connectivity-tiramisu-jni.so using APEX ns com_android_tethering for caller /apex/com.android.tethering/javalib/framework-connectivity-t.jar: ok
04-09 00:58:52.221  2184  2562 I ActivityManager: Start proc 28052:com.garmin.connectiq/u0a344 for service {com.garmin.connectiq/androidx.work.impl.background.systemjob.SystemJobService} caller=android
04-09 00:58:52.221 25935 25935 D BlearnAccessibility: resolved target app:com.google.android.keep mode=strict deck=null
04-09 00:58:52.221 25935 25935 D BlearnAccessibility: show overlay for app:com.google.android.keep
04-09 00:58:52.222  1265  1749 E SDM     : HWCSession::GetClientTargetProperty: GetClinetTargetProperty interface enter
04-09 00:58:52.222  1296  1296 E ANDR-PERF-DATA-POOL: EventDataPool is Full
04-09 00:58:52.222  1296  1296 E ANDR-PERF-MPCTL: perf request submission limit reached.
04-09 00:58:52.222 25935 25935 D BlearnAccessibility: event: com.google.android.keep type=2048
04-09 00:58:52.225 28049 28049 E Zygote  : process_name_ptr:28049 com.linkedin.android
04-09 00:58:52.225 28048 28048 I MessageMonitor: Load libmiui_runtime
04-09 00:58:52.227 28048 28048 E ile.android.b2c: Can't find memory status under: /sys/block/zram0/
04-09 00:58:52.229  1382  1382 D RefreshRateSelector: Touch Boost
04-09 00:58:52.229  1382  1382 D MI-SF   : mIsSupportAutomodeForMaxFpsSetting is 0(0), getCurrentBrightness() = 898(328), mIsKeepAutoMode 0
04-09 00:58:52.229  1382  1382 D RefreshRateSelector: fixedMode_group: 0, isFindModeGroup 0
04-09 00:58:52.223 28048 28048 W re-initialized>: type=1400 audit(0.0:38178): avc:  denied  { search } for  name="zram0" dev="sysfs" ino=60736 scontext=u:r:untrusted_app:s0:c211,c256,c512,c768 tcontext=u:object_r:sysfs_zram:s0 tclass=dir permissive=0 app=ch.sbb.mobile.android.b2c
04-09 00:58:52.231  1265  1749 E SDM     : HWCSession::GetClientTargetProperty: GetClinetTargetProperty interface enter
04-09 00:58:52.223 28048 28048 W re-initialized>: type=1400 audit(0.0:38179): avc:  denied  { search } for  name="zram0" dev="sysfs" ino=60736 scontext=u:r:untrusted_app:s0:c211,c256,c512,c768 tcontext=u:object_r:sysfs_zram:s0 tclass=dir permissive=0 app=ch.sbb.mobile.android.b2c
04-09 00:58:52.231  1296  1296 E ANDR-PERF-DATA-POOL: EventDataPool is Full
04-09 00:58:52.231  1296  1296 E ANDR-PERF-MPCTL: perf request submission limit reached.
04-09 00:58:52.233 25935 25935 D BlearnAccessibility: match: app com.google.android.keep
04-09 00:58:52.235 28049 28049 I inkedin.android: Using CollectorTypeCC GC.
04-09 00:58:52.236 25935 25935 D BlearnAccessibility: skip: cooldown active for app:com.google.android.keep
04-09 00:58:52.237 25935 25935 D BlearnAccessibility: event: com.google.android.keep type=2048
04-09 00:58:52.240  1265  1749 E SDM     : HWCSession::GetClientTargetProperty: GetClinetTargetProperty interface enter
04-09 00:58:52.240 25935 25935 D BlearnAccessibility: match: app com.google.android.keep
04-09 00:58:52.237  2184  2837 D IntervalStats: Unable to parse usage stats packages: [1763]
04-09 00:58:52.243 28049 28049 D nativeloader: Load libframework-connectivity-tiramisu-jni.so using APEX ns com_android_tethering for caller /apex/com.android.tethering/javalib/framework-connectivity-t.jar: ok
04-09 00:58:52.243 25935 25935 D BlearnAccessibility: skip: cooldown active for app:com.google.android.keep
04-09 00:58:52.243 25935 25935 D BlearnOverlay: overlay hidden
04-09 00:58:52.244  1296  1296 E ANDR-PERF-DATA-POOL: EventDataPool is Full
04-09 00:58:52.244  1296  1296 E ANDR-PERF-MPCTL: perf request submission limit reached.
04-09 00:58:52.246 28049 28049 I MessageMonitor: Load libmiui_runtime
04-09 00:58:52.247  2184  8637 D SymlinkUtils: attachApplication file op go pass: 0 ms
04-09 00:58:52.247  1265  1749 E SDM     : HWCSession::GetClientTargetProperty: GetClinetTargetProperty interface enter
04-09 00:58:52.247  2184  8637 I SmartPower: ch.sbb.mobile.android.b2c/10211(28048): died->background(3808956ms) R(process start ) adj=-10000.
04-09 00:58:52.248  1296  1296 E ANDR-PERF-DATA-POOL: EventDataPool is Full
04-09 00:58:52.248  1296  1296 E ANDR-PERF-MPCTL: perf request submission limit reached.
04-09 00:58:52.253  2184  2837 D IntervalStats: Unable to parse usage stats packages: [1765]
04-09 00:58:52.253  2184  4567 D CompatibilityChangeReporter: Compat change id reported: 168419799; UID 10030; state: DISABLED
04-09 00:58:52.253 28028 28028 W le.android.keep: Failed to find entry 'classes.dex': Entry not found
04-09 00:58:52.254  2184  4567 D CompatibilityChangeReporter: Compat change id reported: 273564678; UID 10030; state: DISABLED
04-09 00:58:52.255 28028 28028 W le.android.keep: Failed to find entry 'classes.dex': Entry not found
04-09 00:58:52.255  1382  1382 D RefreshRateSelector: Touch Boost
04-09 00:58:52.255  1382  1382 D MI-SF   : mIsSupportAutomodeForMaxFpsSetting is 0(0), getCurrentBrightness() = 898(328), mIsKeepAutoMode 0
04-09 00:58:52.255  1382  1382 D RefreshRateSelector: fixedMode_group: 0, isFindModeGroup 0
04-09 00:58:52.255  1382  1382 D RefreshRateSelector: find max refresh rate:120, mode Group:0
04-09 00:58:52.251 28049 28049 W re-initialized>: type=1400 audit(0.0:38180): avc:  denied  { search } for  name="zram0" dev="sysfs" ino=60736 scontext=u:r:untrusted_app:s0:c248,c256,c512,c768 tcontext=u:object_r:sysfs_zram:s0 tclass=dir permissive=0 app=com.linkedin.android
04-09 00:58:52.256 28049 28049 E inkedin.android: Can't find memory status under: /sys/block/zram0/
04-09 00:58:52.256 28052 28052 E Zygote  : process_name_ptr:28052 com.garmin.connectiq
04-09 00:58:52.256  1265  1749 E SDM     : HWCSession::GetClientTargetProperty: GetClinetTargetProperty interface enter
04-09 00:58:52.251 28049 28049 W re-initialized>: type=1400 audit(0.0:38181): avc:  denied  { search } for  name="zram0" dev="sysfs" ino=60736 scontext=u:r:untrusted_app:s0:c248,c256,c512,c768 tcontext=u:object_r:sysfs_zram:s0 tclass=dir permissive=0 app=com.linkedin.android
04-09 00:58:52.257 28028 28028 W le.android.keep: Failed to find entry 'classes.dex': Entry not found
04-09 00:58:52.257  2184  4567 I SmartPower: app.blearn.mobile/10030(25935): background->visible(62201ms) R(become visible) adj=200.
04-09 00:58:52.257  1296  1296 E ANDR-PERF-DATA-POOL: EventDataPool is Full
04-09 00:58:52.258  1296  1296 E ANDR-PERF-MPCTL: perf request submission limit reached.
04-09 00:58:52.258 28028 28028 D nativeloader: Configuring clns-4 for other apk /data/app/~~6uKh_ZQMqdV1aJyk5fefrw==/com.google.android.keep-DFHwD7BrqIEBOOv9wIJrog==/base.apk:/data/app/~~6uKh_ZQMqdV1aJyk5fefrw==/com.google.android.keep-DFHwD7BrqIEBOOv9wIJrog==/split_config.arm64_v8a.apk:/data/app/~~6uKh_ZQMqdV1aJyk5fefrw==/com.google.android.keep-DFHwD7BrqIEBOOv9wIJrog==/split_config.de.apk:/data/app/~~6uKh_ZQMqdV1aJyk5fefrw==/com.google.android.keep-DFHwD7BrqIEBOOv9wIJrog==/split_config.xxhdpi.apk. target_sdk_version=36, uses_libraries=, library_path=/data/app/~~6uKh_ZQMqdV1aJyk5fefrw==/com.google.android.keep-DFHwD7BrqIEBOOv9wIJrog==/lib/arm64:/data/app/~~6uKh_ZQMqdV1aJyk5fefrw==/com.google.android.keep-DFHwD7BrqIEBOOv9wIJrog==/base.apk!/lib/arm64-v8a:/data/app/~~6uKh_ZQMqdV1aJyk5fefrw==/com.google.android.keep-DFHwD7BrqIEBOOv9wIJrog==/split_config.arm64_v8a.apk!/lib/arm64-v8a:/data/app/~~6uKh_ZQMqdV1aJyk5fefrw==/com.google.android.keep-DFHwD7BrqIEBOOv9wIJrog==/split_config.de.apk!/lib/arm64-v8a:/data/app/~~6uKh_ZQMqdV1aJyk5fefrw==/com.google.android.k
04-09 00:58:52.258  2184  4567 I whetstone.activity: Power Event callback listener is empty for resId=32
04-09 00:58:52.258  2184  4567 D BatteryStatsManagerStub: notifyEvent for resId=32 used 0ms
04-09 00:58:52.259  2184  4567 I WindowManager: cancelAnimation removed leash : Surface(name=Surface(name=4910c9c StatusBar#94)/@0x7a81a7a - animation-leash of insets_animation#5353)/@0x4dbeeab
04-09 00:58:52.260  2184  4567 I WindowManager: cancelAnimation removed leash : Surface(name=Surface(name=a8c03f0 NavigationBar0#87)/@0xf8813ee - animation-leash of insets_animation#5354)/@0xdd9d8a1
04-09 00:58:52.262  2184  4567 D WindowManager: wms.Input focus has changed to Window{4357a3 u0 app.blearn.mobile} display=0 updateInputWindows = false
04-09 00:58:52.263  2184  4567 I MultiSenceManagerInternalStub: getInstance
04-09 00:58:52.263  1382  1382 D RefreshRateSelector: Touch Boost
04-09 00:58:52.263  1382  1382 D MI-SF   : mIsSupportAutomodeForMaxFpsSetting is 0(0), getCurrentBrightness() = 898(328), mIsKeepAutoMode 0
04-09 00:58:52.263  1382  1382 D RefreshRateSelector: fixedMode_group: 0, isFindModeGroup 0
04-09 00:58:52.263  1382  1382 D RefreshRateSelector: find max refresh rate:120, mode Group:0
04-09 00:58:52.264  2184  8637 D CompatibilityChangeReporter: Compat change id reported: 168419799; UID 10211; state: DISABLED
04-09 00:58:52.264  2184  8637 D CompatibilityChangeReporter: Compat change id reported: 273564678; UID 10211; state: DISABLED
04-09 00:58:52.264  2184  8637 D CompatibilityInfo: mCompatibilityFlags - 0
04-09 00:58:52.264  2184  8637 D CompatibilityInfo: applicationDensity - 440
04-09 00:58:52.264  2184  8637 D CompatibilityInfo: applicationScale - 1.0
04-09 00:58:52.265  1265  1749 E SDM     : HWCSession::GetClientTargetProperty: GetClinetTargetProperty interface enter
04-09 00:58:52.266  1296  1296 E ANDR-PERF-DATA-POOL: EventDataPool is Full
04-09 00:58:52.266  1296  1296 E ANDR-PERF-MPCTL: perf request submission limit reached.
04-09 00:58:52.267  2184  4767 D SymlinkUtils: attachApplication file op go pass: 1 ms
04-09 00:58:52.269 28028 28028 D nativeloader: Load libframework-connectivity-jni.so using APEX ns com_android_tethering for caller /apex/com.android.tethering/javalib/framework-connectivity.jar: ok
04-09 00:58:52.269  2184  2837 D IntervalStats: Unable to parse usage stats packages: [1765]
04-09 00:58:52.270  2184  2507 D WindowManager: wms.Focus not requested for window=Window{4357a3 u0 app.blearn.mobile} because it has no surface or is not focusable.
04-09 00:58:52.272  1382  1382 D RefreshRateSelector: Touch Boost
04-09 00:58:52.272  1382  1382 D MI-SF   : mIsSupportAutomodeForMaxFpsSetting is 0(0), getCurrentBrightness() = 898(328), mIsKeepAutoMode 0
04-09 00:58:52.272  1382  1382 D RefreshRateSelector: fixedMode_group: 0, isFindModeGroup 0
04-09 00:58:52.272  1382  1382 D RefreshRateSelector: find max refresh rate:120, mode Group:0
04-09 00:58:52.272  4073  4317 D MiuiFullScreenTaskRepository: removeFocusedTask displayId=0
04-09 00:58:52.272 28052 28052 I armin.connectiq: Using CollectorTypeCC GC.
04-09 00:58:52.273  4073  4317 D MiuiFullScreenTaskRepository: addOrUpdateFullScreenTaskInfo taskId=1, topActivity=ComponentInfo{com.mi.android.globallauncher/com.miui.home.launcher.Launcher}
04-09 00:58:52.273  4073  4317 D MiuiFullScreenTaskRepository: setFocusedTask taskId=14411, displayId=0, topActivity=ComponentInfo{com.google.android.keep/com.google.android.apps.keep.ui.activities.BrowseActivity}
04-09 00:58:52.273  4073  4317 D MiuiFullScreenTaskRepository: addOrUpdateFullScreenTaskInfo taskId=14411, topActivity=ComponentInfo{com.google.android.keep/com.google.android.apps.keep.ui.activities.BrowseActivity}
04-09 00:58:52.273  4073  4317 D MiuiDesktopModeController: onFocusTaskChanged newFocus: TaskInfo{userId=0 taskId=14411 displayId=0 isRunning=true baseIntent=Intent { flg=0x10000000 cmp=com.google.android.keep/.activities.BrowseActivity } baseActivity=ComponentInfo{com.google.android.keep/com.google.android.apps.keep.ui.activities.BrowseActivity} topActivity=ComponentInfo{com.google.android.keep/com.google.android.apps.keep.ui.activities.BrowseActivity} origActivity=ComponentInfo{com.google.android.keep/com.google.android.keep.activities.BrowseActivity} realActivity=ComponentInfo{com.google.android.keep/com.google.android.apps.keep.ui.activities.BrowseActivity} numActivities=1 lastActiveTime=97803348 supportsSplitScreenMultiWindow=true supportsMultiWindow=true resizeMode=1 isResizeable=true minWidth=-1 minHeight=-1 defaultMinSize=200 token=WCT{android.window.IWindowContainerToken$Stub$Proxy@69ce54d} topActivityType=1 pictureInPictureParams=null shouldDockBigOverlays=false launchIntoPipHostTaskId=-1 lastParentTaskIdBeforePip=-1 displayCutoutSafeInsets=Rect(0, 94 - 0, 0) topActivityInfo=ActivityInfo{5394802 com.google.android.keep.activities.BrowseActivity} launchCookies=[] positionInParent=Point(0, 0) parentTaskId=-1 isFocused=true isVisible=true isVisibleRequested=true isSleeping=false topActivityInSizeCompat=false topActivityInMiuiSizeCompat=false topActivityEligibleForLetterboxEducation= false topActivityLetterboxed= false isFromDoubleTap= false topActivityLetterboxVerticalPosition= -1 topActivityLetterboxHorizontalPosition= -1 topActivityLetterboxWidth=-1 topActivityLetterboxHeight=-1 locusId=null displayAreaFeatureId=1 cameraCompatControlState=hidden mIsCastMode=false mTopActivityMediaSize=null mTopActivityRecordName=ActivityRecord{3f72ecb u0 com.google.android.keep/.activities.BrowseActivity t14411} mTopActivityOrientation=-1 mTopActivityWindowIsNowVisible=false isTranslucent=false isEmbedded=false shouldBeVisible=true isImmersive=false mBehindAppLockPkg=null mOriginatingUid=0}
04-09 00:58:52.273  4073  4317 D MiuiFreeformModeController: onFocusTaskChanged taskInfo: TaskInfo{userId=0 taskId=14411 displayId=0 isRunning=true baseIntent=Intent { flg=0x10000000 cmp=com.google.android.keep/.activities.BrowseActivity } baseActivity=ComponentInfo{com.google.android.keep/com.google.android.apps.keep.ui.activities.BrowseActivity} topActivity=ComponentInfo{com.google.android.keep/com.google.android.apps.keep.ui.activities.BrowseActivity} origActivity=ComponentInfo{com.google.android.keep/com.google.android.keep.activities.BrowseActivity} realActivity=ComponentInfo{com.google.android.keep/com.google.android.apps.keep.ui.activities.BrowseActivity} numActivities=1 lastActiveTime=97803348 supportsSplitScreenMultiWindow=true supportsMultiWindow=true resizeMode=1 isResizeable=true minWidth=-1 minHeight=-1 defaultMinSize=200 token=WCT{android.window.IWindowContainerToken$Stub$Proxy@69ce54d} topActivityType=1 pictureInPictureParams=null shouldDockBigOverlays=false launchIntoPipHostTaskId=-1 lastParentTaskIdBeforePip=-1 displayCutoutSafeInsets=Rect(0, 94 - 0, 0) topActivityInfo=ActivityInfo{5394802 com.google.android.keep.activities.BrowseActivity} launchCookies=[] positionInParent=Point(0, 0) parentTaskId=-1 isFocused=true isVisible=true isVisibleRequested=true isSleeping=false topActivityInSizeCompat=false topActivityInMiuiSizeCompat=false topActivityEligibleForLetterboxEducation= false topActivityLetterboxed= false isFromDoubleTap= false topActivityLetterboxVerticalPosition= -1 topActivityLetterboxHorizontalPosition= -1 topActivityLetterboxWidth=-1 topActivityLetterboxHeight=-1 locusId=null displayAreaFeatureId=1 cameraCompatControlState=hidden mIsCastMode=false mTopActivityMediaSize=null mTopActivityRecordName=ActivityRecord{3f72ecb u0 com.google.android.keep/.activities.BrowseActivity t14411} mTopActivityOrientation=-1 mTopActivityWindowIsNowVisible=false isTranslucent=false isEmbedded=false shouldBeVisible=true isImmersive=false mBehindAppLockPkg=null mOriginatingUid=0}
04-09 00:58:52.274  1265  1749 E SDM     : HWCSession::GetClientTargetProperty: GetClinetTargetProperty interface enter
04-09 00:58:52.274 28028 28028 I Perf    : Connecting to perf service.
04-09 00:58:52.274  1296  1296 E ANDR-PERF-DATA-POOL: EventDataPool is Full
04-09 00:58:52.274  4073  4073 E onWindowDecorRectChanged: start size:0
04-09 00:58:52.274  1296  1296 E ANDR-PERF-MPCTL: perf request submission limit reached.
04-09 00:58:52.274  4073  4073 E onWindowDecorRectChanged: start size:1
04-09 00:58:52.274  4073  4073 E onWindowDecorRectChanged: windowDecorRects: Rect(454, 12 - 625, 123)
04-09 00:58:52.277  2184  2837 D IntervalStats: Unable to parse usage stats packages: [1765]
04-09 00:58:52.278 25935 25935 D BlearnOverlay: overlay shield shown for app:com.google.android.keep mode=strict
04-09 00:58:52.278 25935 25935 D BlearnAccessibility: event: com.google.android.keep type=32
04-09 00:58:52.279 25935 25935 D BlearnAccessibility: match: app com.google.android.keep
04-09 00:58:52.280  1382  1382 D RefreshRateSelector: Touch Boost
04-09 00:58:52.280  1382  1382 D MI-SF   : mIsSupportAutomodeForMaxFpsSetting is 0(0), getCurrentBrightness() = 898(328), mIsKeepAutoMode 0
04-09 00:58:52.280  1382  1382 D RefreshRateSelector: fixedMode_group: 0, isFindModeGroup 0
04-09 00:58:52.280  1382  1382 D RefreshRateSelector: find max refresh rate:120, mode Group:0
04-09 00:58:52.280 25935 25935 D BlearnAccessibility: reset: stale_overlay_state for app:com.google.android.keep
04-09 00:58:52.281  1265  1749 E SDM     : HWCSession::GetClientTargetProperty: GetClinetTargetProperty interface enter
04-09 00:58:52.281  1296  1296 E ANDR-PERF-DATA-POOL: EventDataPool is Full
04-09 00:58:52.281  1296  1296 E ANDR-PERF-MPCTL: perf request submission limit reached.
04-09 00:58:52.282 28052 28052 D nativeloader: Load libframework-connectivity-tiramisu-jni.so using APEX ns com_android_tethering for caller /apex/com.android.tethering/javalib/framework-connectivity-t.jar: ok
04-09 00:58:52.286  2184  4767 I SmartPower: com.linkedin.android/10248(28049): died->background(1809192ms) R(process start ) adj=-10000.
04-09 00:58:52.286 28052 28052 I MessageMonitor: Load libmiui_runtime
04-09 00:58:52.287  2184  4767 D CompatibilityChangeReporter: Compat change id reported: 168419799; UID 10248; state: DISABLED
04-09 00:58:52.287  2184  4767 D CompatibilityChangeReporter: Compat change id reported: 273564678; UID 10248; state: DISABLED
04-09 00:58:52.287  2184  4767 D CompatibilityInfo: mCompatibilityFlags - 0
04-09 00:58:52.287  2184  4767 D CompatibilityInfo: applicationDensity - 440
04-09 00:58:52.287  2184  4767 D CompatibilityInfo: applicationScale - 1.0
04-09 00:58:52.287  2184  2837 D IntervalStats: Unable to parse usage stats packages: [1765]
04-09 00:58:52.288  1382  1382 D RefreshRateSelector: Touch Boost
04-09 00:58:52.288 28052 28052 E armin.connectiq: Can't find memory status under: /sys/block/zram0/
04-09 00:58:52.288  1382  1382 D MI-SF   : mIsSupportAutomodeForMaxFpsSetting is 0(0), getCurrentBrightness() = 898(328), mIsKeepAutoMode 0
04-09 00:58:52.288  1382  1382 D RefreshRateSelector: fixedMode_group: 0, isFindModeGroup 0
04-09 00:58:52.288  1382  1382 D RefreshRateSelector: find max refresh rate:120, mode Group:0
04-09 00:58:52.289  1265  1749 E SDM     : HWCSession::GetClientTargetProperty: GetClinetTargetProperty interface enter
04-09 00:58:52.290  1296  1296 E ANDR-PERF-DATA-POOL: EventDataPool is Full
04-09 00:58:52.290  1296  1296 E ANDR-PERF-MPCTL: perf request submission limit reached.
04-09 00:58:52.291 28028 28028 V GraphicsEnvironment: Currently set values for:
04-09 00:58:52.291 28028 28028 V GraphicsEnvironment:   angle_gl_driver_selection_pkgs=[]
04-09 00:58:52.291 28028 28028 V GraphicsEnvironment:   angle_gl_driver_selection_values=[]
04-09 00:58:52.291 28028 28028 V GraphicsEnvironment: ANGLE GameManagerService for com.google.android.keep: false
04-09 00:58:52.291 28028 28028 V GraphicsEnvironment: com.google.android.keep is not listed in per-application setting
04-09 00:58:52.291 28028 28028 V GraphicsEnvironment: App is not on the allowlist for updatable production driver.
04-09 00:58:52.292  2184  8637 W InputManager-JNI: Input channel object '4357a3 app.blearn.mobile (client)' was disposed without first being removed with the input manager!
04-09 00:58:52.293 28048 28048 I HighMemoryManager: High memory monitor not enabled
04-09 00:58:52.294 28048 28048 D CompatibilityChangeReporter: Compat change id reported: 171979766; UID 10211; state: ENABLED
04-09 00:58:52.294 28048 28048 D CompatibilityChangeReporter: Compat change id reported: 242716250; UID 10211; state: ENABLED
04-09 00:58:52.296  2184  2922 I MiuiNetworkPolicy: updateUidState uid = 10211, uidState = 8
04-09 00:58:52.296  1382  1382 D RefreshRateSelector: Touch Boost
04-09 00:58:52.296  1382  1382 D MI-SF   : mIsSupportAutomodeForMaxFpsSetting is 0(0), getCurrentBrightness() = 898(328), mIsKeepAutoMode 0
04-09 00:58:52.296  1382  1382 D RefreshRateSelector: fixedMode_group: 0, isFindModeGroup 0
04-09 00:58:52.296  1382  1382 D RefreshRateSelector: find max refresh rate:120, mode Group:0
04-09 00:58:52.297  2184  2838 D CompatibilityChangeReporter: Compat change id reported: 265195908; UID 10211; state: ENABLED
04-09 00:58:52.298  1265  1749 E SDM     : HWCSession::GetClientTargetProperty: GetClinetTargetProperty interface enter
04-09 00:58:52.298  1296  1296 E ANDR-PERF-DATA-POOL: EventDataPool is Full
04-09 00:58:52.298  1296  1296 E ANDR-PERF-MPCTL: perf request submission limit reached.
04-09 00:58:52.298  2184  2838 D CompatibilityChangeReporter: Compat change id reported: 265195908; UID 10248; state: ENABLED
04-09 00:58:52.298  2184  2922 I MiuiNetworkPolicy: updateUidState uid = 10248, uidState = 8
04-09 00:58:52.300 28028 28028 I ForceDarkHelperStubImpl: initialize for com.google.android.keep , ForceDarkOrigin
04-09 00:58:52.303 28028 28028 D nativeloader: Load libforcedarkimpl.so using system ns (caller=/system_ext/framework/miui-framework.jar): ok
04-09 00:58:52.303 28028 28028 D OpenGLRenderer: JNI_OnLoad success
04-09 00:58:52.303  2184  8804 D CompatibilityChangeReporter: Compat change id reported: 170503758; UID 10211; state: ENABLED
04-09 00:58:52.304 28028 28028 I MiuiForceDarkConfig: setConfig density:2.750000, mainRule:0, secondaryRule:0, tertiaryRule:0
04-09 00:58:52.305  1382  1382 D RefreshRateSelector: Touch Boost
04-09 00:58:52.305  1382  1382 D MI-SF   : mIsSupportAutomodeForMaxFpsSetting is 0(0), getCurrentBrightness() = 898(328), mIsKeepAutoMode 0
04-09 00:58:52.305  1382  1382 D RefreshRateSelector: fixedMode_group: 0, isFindModeGroup 0
04-09 00:58:52.305  1382  1382 D RefreshRateSelector: find max refresh rate:120, mode Group:0
04-09 00:58:52.305 28049 28049 I HighMemoryManager: High memory monitor not enabled
04-09 00:58:52.306  1265  1749 E SDM     : HWCSession::GetClientTargetProperty: GetClinetTargetProperty interface enter
04-09 00:58:52.307  1296  1296 E ANDR-PERF-DATA-POOL: EventDataPool is Full
04-09 00:58:52.307  1296  1296 E ANDR-PERF-MPCTL: perf request submission limit reached.
04-09 00:58:52.308  2184  8637 I WindowManager: cancelAnimation removed leash : Surface(name=Surface(name=4910c9c StatusBar#94)/@0x7a81a7a - animation-leash of insets_animation#5357)/@0xf7bbf15
04-09 00:58:52.310  2184  8637 I WindowManager: cancelAnimation removed leash : Surface(name=Surface(name=a8c03f0 NavigationBar0#87)/@0xf8813ee - animation-leash of insets_animation#5358)/@0x3da181b
04-09 00:58:52.310 28028 28028 D CompatibilityChangeReporter: Compat change id reported: 183155436; UID 10282; state: ENABLED
04-09 00:58:52.310 28049 28049 D CompatibilityChangeReporter: Compat change id reported: 171979766; UID 10248; state: ENABLED
04-09 00:58:52.311 28049 28049 D CompatibilityChangeReporter: Compat change id reported: 242716250; UID 10248; state: ENABLED
04-09 00:58:52.311  2184  8637 D WindowManager: wms.Input focus has changed to null display=0 updateInputWindows = true
04-09 00:58:52.312  2184  8637 I MultiSenceManagerInternalStub: getInstance
04-09 00:58:52.313  2184  8637 I SmartPower: app.blearn.mobile/10030(25935): visible->invisible(55ms) R(become invisible) adj=200.
04-09 00:58:52.313  2184  8637 I SmartPower: app.blearn.mobile/10030(25935): invisible->background(0ms) R(become background) adj=200.
04-09 00:58:52.313  1382  1382 D RefreshRateSelector: Touch Boost
04-09 00:58:52.313  1382  1382 D MI-SF   : mIsSupportAutomodeForMaxFpsSetting is 0(0), getCurrentBrightness() = 898(328), mIsKeepAutoMode 0
04-09 00:58:52.313  1382  1382 D RefreshRateSelector: fixedMode_group: 0, isFindModeGroup 0
04-09 00:58:52.313  1382  1382 D RefreshRateSelector: find max refresh rate:120, mode Group:0
04-09 00:58:52.314 25935 25935 D BlearnOverlay: overlay hidden
04-09 00:58:52.314 25935 25935 D BlearnAccessibility: skip: cooldown active for app:com.google.android.keep
04-09 00:58:52.314  1265  1749 E SDM     : HWCSession::GetClientTargetProperty: GetClinetTargetProperty interface enter
04-09 00:58:52.315  1296  1296 E ANDR-PERF-DATA-POOL: EventDataPool is Full
04-09 00:58:52.315  1296  1296 E ANDR-PERF-MPCTL: perf request submission limit reached.
04-09 00:58:52.317  2184  4767 D SymlinkUtils: attachApplication file op go pass: 1 ms
04-09 00:58:52.317  2184  4767 I SmartPower: com.garmin.connectiq/10344(28052): died->background(1497242ms) R(process start ) adj=-10000.
04-09 00:58:52.317  2184  2568 I ExtM    : zram userate is low, no need to flush: 40
04-09 00:58:52.319  2184  4767 D CompatibilityChangeReporter: Compat change id reported: 168419799; UID 10344; state: DISABLED
04-09 00:58:52.319  2184  4767 D CompatibilityChangeReporter: Compat change id reported: 273564678; UID 10344; state: DISABLED
04-09 00:58:52.319  2184  4767 D CompatibilityInfo: mCompatibilityFlags - 0
04-09 00:58:52.319  2184  4767 D CompatibilityInfo: applicationDensity - 440
04-09 00:58:52.319  2184  4767 D CompatibilityInfo: applicationScale - 1.0
04-09 00:58:52.321  1382  1382 D RefreshRateSelector: Touch Boost
04-09 00:58:52.321  1382  1382 D MI-SF   : mIsSupportAutomodeForMaxFpsSetting is 0(0), getCurrentBrightness() = 898(328), mIsKeepAutoMode 0
04-09 00:58:52.321  1382  1382 D RefreshRateSelector: fixedMode_group: 0, isFindModeGroup 0
04-09 00:58:52.321  1382  1382 D RefreshRateSelector: find max refresh rate:120, mode Group:0
04-09 00:58:52.323  1265  1749 E SDM     : HWCSession::GetClientTargetProperty: GetClinetTargetProperty interface enter
04-09 00:58:52.323  1296  1296 E ANDR-PERF-DATA-POOL: EventDataPool is Full
04-09 00:58:52.323  1296  1296 E ANDR-PERF-MPCTL: perf request submission limit reached.
04-09 00:58:52.327  2184  8637 D CompatibilityChangeReporter: Compat change id reported: 170503758; UID 10248; state: ENABLED
04-09 00:58:52.330 28052 28052 I HighMemoryManager: High memory monitor not enabled
04-09 00:58:52.331  1265  1749 E SDM     : HWCSession::GetClientTargetProperty: GetClinetTargetProperty interface enter
04-09 00:58:52.331  1296  1296 E ANDR-PERF-DATA-POOL: EventDataPool is Full
04-09 00:58:52.331  1296  1296 E ANDR-PERF-MPCTL: perf request submission limit reached.
04-09 00:58:52.332  2184  2838 D CompatibilityChangeReporter: Compat change id reported: 265195908; UID 10344; state: ENABLED
04-09 00:58:52.332 28052 28052 D CompatibilityChangeReporter: Compat change id reported: 171979766; UID 10344; state: ENABLED
04-09 00:58:52.332 28052 28052 D CompatibilityChangeReporter: Compat change id reported: 242716250; UID 10344; state: ENABLED
04-09 00:58:52.333  2184  2922 I MiuiNetworkPolicy: updateUidState uid = 10344, uidState = 8
04-09 00:58:52.337 12404 12478 I HeavyPackageIdentify: splitMode: false, splitPackages: null, foregroundPkg: com.google.android.keep
04-09 00:58:52.338  1382  1382 D RefreshRateSelector: Touch Boost
04-09 00:58:52.338  1382  1382 D MI-SF   : mIsSupportAutomodeForMaxFpsSetting is 0(0), getCurrentBrightness() = 898(328), mIsKeepAutoMode 0
04-09 00:58:52.338  1382  1382 D RefreshRateSelector: fixedMode_group: 0, isFindModeGroup 0
04-09 00:58:52.338  1382  1382 D RefreshRateSelector: find max refresh rate:120, mode Group:0
04-09 00:58:52.339  2184  8693 D CompatibilityChangeReporter: Compat change id reported: 170503758; UID 10344; state: ENABLED
04-09 00:58:52.340  1265  1749 E SDM     : HWCSession::GetClientTargetProperty: GetClinetTargetProperty interface enter
04-09 00:58:52.342  1296  1296 E ANDR-PERF-DATA-POOL: EventDataPool is Full
04-09 00:58:52.343  1296  1296 E ANDR-PERF-MPCTL: perf request submission limit reached.
04-09 00:58:52.343 28048 28048 D nativeloader: Configuring clns-4 for other apk /system/framework/org.apache.http.legacy.jar. target_sdk_version=36, uses_libraries=ALL, library_path=/data/app/~~zXxHDcK_g8CbnzOoi290dA==/ch.sbb.mobile.android.b2c-qxffOEnkxBz_mDS35YKVkQ==/lib/arm64:/data/app/~~zXxHDcK_g8CbnzOoi290dA==/ch.sbb.mobile.android.b2c-qxffOEnkxBz_mDS35YKVkQ==/base.apk!/lib/arm64-v8a:/data/app/~~zXxHDcK_g8CbnzOoi290dA==/ch.sbb.mobile.android.b2c-qxffOEnkxBz_mDS35YKVkQ==/split_config.arm64_v8a.apk!/lib/arm64-v8a:/data/app/~~zXxHDcK_g8CbnzOoi290dA==/ch.sbb.mobile.android.b2c-qxffOEnkxBz_mDS35YKVkQ==/split_config.xxhdpi.apk!/lib/arm64-v8a, permitted_path=/data:/mnt/expand:/data/user/0/ch.sbb.mobile.android.b2c
04-09 00:58:52.343 28048 28048 D nativeloader: Extending system_exposed_libraries: libbinauralrenderer_wrapper.qti.so:libhoaeffects.qti.so:libQOC.qti.so:libmisys_jni.xiaomi.so:libpag.hyperos.so:libffavc.hyperos.so:libxiaomi_modemdumpsdx55_jni.modem.so:libxiaomi_modemdump_jni.modem.so:libmodemsmartengine_jni.modem.so:libupdateprof.qti.so:libthermalclient.qti.so:libQOC.qti.so:libdiag_system.qti.so:libqape.qti.so:libqesdk_ndk_platform.qti.so:liblistenjni.qti.so
04-09 00:58:52.346 28049 28049 D nativeloader: Configuring clns-4 for other apk /system/framework/org.apache.http.legacy.jar. target_sdk_version=35, uses_libraries=ALL, library_path=/data/app/~~Et2hCGioBhtqGvKNhj5CZg==/com.linkedin.android-2qXO9SUAOZd3i2ZcZKCSWw==/lib/arm64:/data/app/~~Et2hCGioBhtqGvKNhj5CZg==/com.linkedin.android-2qXO9SUAOZd3i2ZcZKCSWw==/base.apk!/lib/arm64-v8a:/data/app/~~Et2hCGioBhtqGvKNhj5CZg==/com.linkedin.android-2qXO9SUAOZd3i2ZcZKCSWw==/split_config.arm64_v8a.apk!/lib/arm64-v8a:/data/app/~~Et2hCGioBhtqGvKNhj5CZg==/com.linkedin.android-2qXO9SUAOZd3i2ZcZKCSWw==/split_config.de.apk!/lib/arm64-v8a:/data/app/~~Et2hCGioBhtqGvKNhj5CZg==/com.linkedin.android-2qXO9SUAOZd3i2ZcZKCSWw==/split_config.xxhdpi.apk!/lib/arm64-v8a:/data/app/~~Et2hCGioBhtqGvKNhj5CZg==/com.linkedin.android-2qXO9SUAOZd3i2ZcZKCSWw==/split_idverification.apk!/lib/arm64-v8a:/data/app/~~Et2hCGioBhtqGvKNhj5CZg==/com.linkedin.android-2qXO9SUAOZd3i2ZcZKCSWw==/split_idverification.config.arm64_v8a.apk!/lib/arm64-v8a:/data/app/~~Et2hCGioBhtqGvKNhj5CZg==/com.linkedin.android-2q
04-09 00:58:52.346 28049 28049 D nativeloader: Extending system_exposed_libraries: libbinauralrenderer_wrapper.qti.so:libhoaeffects.qti.so:libQOC.qti.so:libmisys_jni.xiaomi.so:libpag.hyperos.so:libffavc.hyperos.so:libxiaomi_modemdumpsdx55_jni.modem.so:libxiaomi_modemdump_jni.modem.so:libmodemsmartengine_jni.modem.so:libupdateprof.qti.so:libthermalclient.qti.so:libQOC.qti.so:libdiag_system.qti.so:libqape.qti.so:libqesdk_ndk_platform.qti.so:liblistenjni.qti.so
04-09 00:58:52.346  1382  1382 D RefreshRateSelector: Touch Boost
04-09 00:58:52.346  1382  1382 D MI-SF   : mIsSupportAutomodeForMaxFpsSetting is 0(0), getCurrentBrightness() = 898(328), mIsKeepAutoMode 0
04-09 00:58:52.346  1382  1382 D RefreshRateSelector: fixedMode_group: 0, isFindModeGroup 0
04-09 00:58:52.346  1382  1382 D RefreshRateSelector: find max refresh rate:120, mode Group:0
04-09 00:58:52.348  1265  1749 E SDM     : HWCSession::GetClientTargetProperty: GetClinetTargetProperty interface enter
04-09 00:58:52.348  1296  1296 E ANDR-PERF-DATA-POOL: EventDataPool is Full
04-09 00:58:52.348  1296  1296 E ANDR-PERF-MPCTL: perf request submission limit reached.
04-09 00:58:52.355  1382  1382 D RefreshRateSelector: Touch Boost
04-09 00:58:52.355  1382  1382 D MI-SF   : mIsSupportAutomodeForMaxFpsSetting is 0(0), getCurrentBrightness() = 898(328), mIsKeepAutoMode 0
04-09 00:58:52.355  1382  1382 D RefreshRateSelector: fixedMode_group: 0, isFindModeGroup 0
04-09 00:58:52.355  1382  1382 D RefreshRateSelector: find max refresh rate:120, mode Group:0
04-09 00:58:52.356  1265  1749 E SDM     : HWCSession::GetClientTargetProperty: GetClinetTargetProperty interface enter
04-09 00:58:52.357  1296  1296 E ANDR-PERF-DATA-POOL: EventDataPool is Full
04-09 00:58:52.357  1296  1296 E ANDR-PERF-MPCTL: perf request submission limit reached.
04-09 00:58:52.359  2184  8637 D CompatibilityChangeReporter: Compat change id reported: 161145287; UID 10282; state: ENABLED
04-09 00:58:52.361 28028 28101 D nativeloader: Load /data/app/~~6uKh_ZQMqdV1aJyk5fefrw==/com.google.android.keep-DFHwD7BrqIEBOOv9wIJrog==/lib/arm64/libnative_crash_handler_jni.so using class loader ns clns-4 (caller=/data/app/~~6uKh_ZQMqdV1aJyk5fefrw==/com.google.android.keep-DFHwD7BrqIEBOOv9wIJrog==/base.apk): ok
04-09 00:58:52.363  1382  1382 D RefreshRateSelector: Touch Boost
04-09 00:58:52.363  1382  1382 D MI-SF   : mIsSupportAutomodeForMaxFpsSetting is 0(0), getCurrentBrightness() = 898(328), mIsKeepAutoMode 0
04-09 00:58:52.363  1382  1382 D RefreshRateSelector: fixedMode_group: 0, isFindModeGroup 0
04-09 00:58:52.363  1382  1382 D RefreshRateSelector: find max refresh rate:120, mode Group:0
04-09 00:58:52.364  1265  1749 E SDM     : HWCSession::GetClientTargetProperty: GetClinetTargetProperty interface enter
04-09 00:58:52.364  1296  1296 E ANDR-PERF-DATA-POOL: EventDataPool is Full
04-09 00:58:52.365  1296  1296 E ANDR-PERF-MPCTL: perf request submission limit reached.
04-09 00:58:52.371  1382  1382 D RefreshRateSelector: Touch Boost
04-09 00:58:52.371  1382  1382 D MI-SF   : mIsSupportAutomodeForMaxFpsSetting is 0(0), getCurrentBrightness() = 898(328), mIsKeepAutoMode 0
04-09 00:58:52.371  1382  1382 D RefreshRateSelector: fixedMode_group: 0, isFindModeGroup 0
04-09 00:58:52.371  1382  1382 D RefreshRateSelector: find max refresh rate:120, mode Group:0
04-09 00:58:52.372  1265  1749 E SDM     : HWCSession::GetClientTargetProperty: GetClinetTargetProperty interface enter
04-09 00:58:52.373  1296  1296 E ANDR-PERF-DATA-POOL: EventDataPool is Full
04-09 00:58:52.373  1296  1296 E ANDR-PERF-MPCTL: perf request submission limit reached.
04-09 00:58:52.376  2184  8693 I ClipboardServiceI: checkProviderWakePathForClipboard: primaryClip is null
04-09 00:58:52.380  1382  1382 D RefreshRateSelector: Touch Boost
04-09 00:58:52.380  1382  1382 D MI-SF   : mIsSupportAutomodeForMaxFpsSetting is 0(0), getCurrentBrightness() = 898(328), mIsKeepAutoMode 0
04-09 00:58:52.380  1382  1382 D RefreshRateSelector: fixedMode_group: 0, isFindModeGroup 0
04-09 00:58:52.380  1382  1382 D RefreshRateSelector: find max refresh rate:120, mode Group:0
04-09 00:58:52.381  1265  1749 E SDM     : HWCSession::GetClientTargetProperty: GetClinetTargetProperty interface enter
04-09 00:58:52.382  1296  1296 E ANDR-PERF-DATA-POOL: EventDataPool is Full
04-09 00:58:52.382  1296  1296 E ANDR-PERF-MPCTL: perf request submission limit reached.
04-09 00:58:52.388  1382  1382 D RefreshRateSelector: Touch Boost
04-09 00:58:52.388  1382  1382 D MI-SF   : mIsSupportAutomodeForMaxFpsSetting is 0(0), getCurrentBrightness() = 898(328), mIsKeepAutoMode 0
04-09 00:58:52.388  1382  1382 D RefreshRateSelector: fixedMode_group: 0, isFindModeGroup 0
04-09 00:58:52.388  1382  1382 D RefreshRateSelector: find max refresh rate:120, mode Group:0
04-09 00:58:52.389  1265  1749 E SDM     : HWCSession::GetClientTargetProperty: GetClinetTargetProperty interface enter
04-09 00:58:52.389  2184  8637 D CompatibilityChangeReporter: Compat change id reported: 261072174; UID 10282; state: ENABLED
04-09 00:58:52.389  1296  1296 E ANDR-PERF-DATA-POOL: EventDataPool is Full
04-09 00:58:52.390  1296  1296 E ANDR-PERF-MPCTL: perf request submission limit reached.
04-09 00:58:52.397  1382  1382 D RefreshRateSelector: Touch Boost
04-09 00:58:52.397  1382  1382 D MI-SF   : mIsSupportAutomodeForMaxFpsSetting is 0(0), getCurrentBrightness() = 898(328), mIsKeepAutoMode 0
04-09 00:58:52.397  1382  1382 D RefreshRateSelector: fixedMode_group: 0, isFindModeGroup 0
04-09 00:58:52.397  1382  1382 D RefreshRateSelector: find max refresh rate:120, mode Group:0
04-09 00:58:52.397  2184  2922 I MiuiNetworkPolicy: updateUidState uid = 10381, uidState = 3
04-09 00:58:52.398  1265  1749 E SDM     : HWCSession::GetClientTargetProperty: GetClinetTargetProperty interface enter
04-09 00:58:52.399  1296  1296 E ANDR-PERF-DATA-POOL: EventDataPool is Full
04-09 00:58:52.399  1296  1296 E ANDR-PERF-MPCTL: perf request submission limit reached.
04-09 00:58:52.399  2184  2922 I MiuiNetworkPolicy: updateUidState uid = 10163, uidState = 3
04-09 00:58:52.400  3988  4609 I BtGatt.ScanManager: msg.what = MSG_IMPORTANCE_CHANGE, msg.arg1 = IMPORTANCE_CHANGE
04-09 00:58:52.405  1382  1382 D RefreshRateSelector: Touch Boost
04-09 00:58:52.405  1382  1382 D MI-SF   : mIsSupportAutomodeForMaxFpsSetting is 0(0), getCurrentBrightness() = 898(328), mIsKeepAutoMode 0
04-09 00:58:52.405  1382  1382 D RefreshRateSelector: fixedMode_group: 0, isFindModeGroup 0
04-09 00:58:52.405  1382  1382 D RefreshRateSelector: find max refresh rate:120, mode Group:0
04-09 00:58:52.407  1265  1749 E SDM     : HWCSession::GetClientTargetProperty: GetClinetTargetProperty interface enter
04-09 00:58:52.407  1296  1296 E ANDR-PERF-DATA-POOL: EventDataPool is Full
04-09 00:58:52.407  1296  1296 E ANDR-PERF-MPCTL: perf request submission limit reached.
04-09 00:58:52.415  1265  1749 E SDM     : HWCSession::GetClientTargetProperty: GetClinetTargetProperty interface enter
04-09 00:58:52.415  1296  1296 E ANDR-PERF-DATA-POOL: EventDataPool is Full
04-09 00:58:52.415  1296  1296 E ANDR-PERF-MPCTL: perf request submission limit reached.
04-09 00:58:52.420  4110  4110 D Launcher_UnlockAnimationStateMachine: mResetIdleStateRunnable
04-09 00:58:52.421  1382  1382 D RefreshRateSelector: Touch Boost
04-09 00:58:52.422  1382  1382 D MI-SF   : mIsSupportAutomodeForMaxFpsSetting is 0(0), getCurrentBrightness() = 898(328), mIsKeepAutoMode 0
04-09 00:58:52.422  1382  1382 D RefreshRateSelector: fixedMode_group: 0, isFindModeGroup 0
04-09 00:58:52.422  1382  1382 D RefreshRateSelector: find max refresh rate:120, mode Group:0
04-09 00:58:52.425  1265  1749 E SDM     : HWCSession::GetClientTargetProperty: GetClinetTargetProperty interface enter
04-09 00:58:52.425  1296  1296 E ANDR-PERF-DATA-POOL: EventDataPool is Full
04-09 00:58:52.425  1296  1296 E ANDR-PERF-MPCTL: perf request submission limit reached.
04-09 00:58:52.433  1265  1749 E SDM     : HWCSession::GetClientTargetProperty: GetClinetTargetProperty interface enter
04-09 00:58:52.433  1296  1296 E ANDR-PERF-DATA-POOL: EventDataPool is Full
04-09 00:58:52.433  1296  1296 E ANDR-PERF-MPCTL: perf request submission limit reached.
04-09 00:58:52.438  1382  1382 D RefreshRateSelector: Touch Boost
04-09 00:58:52.438  1382  1382 D MI-SF   : mIsSupportAutomodeForMaxFpsSetting is 0(0), getCurrentBrightness() = 898(328), mIsKeepAutoMode 0
04-09 00:58:52.438  1382  1382 D RefreshRateSelector: fixedMode_group: 0, isFindModeGroup 0
04-09 00:58:52.438  1382  1382 D RefreshRateSelector: find max refresh rate:120, mode Group:0
04-09 00:58:52.440  1265  1749 E SDM     : HWCSession::GetClientTargetProperty: GetClinetTargetProperty interface enter
04-09 00:58:52.440  1296  1296 E ANDR-PERF-DATA-POOL: EventDataPool is Full
04-09 00:58:52.441  1296  1296 E ANDR-PERF-MPCTL: perf request submission limit reached.
04-09 00:58:52.448  1265  1749 E SDM     : HWCSession::GetClientTargetProperty: GetClinetTargetProperty interface enter
04-09 00:58:52.449  1296  1296 E ANDR-PERF-DATA-POOL: EventDataPool is Full
04-09 00:58:52.450  1296  1296 E ANDR-PERF-MPCTL: perf request submission limit reached.
04-09 00:58:52.455  1382  1382 D RefreshRateSelector: Touch Boost
04-09 00:58:52.455  1382  1382 D MI-SF   : mIsSupportAutomodeForMaxFpsSetting is 0(0), getCurrentBrightness() = 898(328), mIsKeepAutoMode 0
04-09 00:58:52.455  1382  1382 D RefreshRateSelector: fixedMode_group: 0, isFindModeGroup 0
04-09 00:58:52.455  1382  1382 D RefreshRateSelector: find max refresh rate:120, mode Group:0
04-09 00:58:52.457  1265  1749 E SDM     : HWCSession::GetClientTargetProperty: GetClinetTargetProperty interface enter
04-09 00:58:52.457  1296  1296 E ANDR-PERF-DATA-POOL: EventDataPool is Full
04-09 00:58:52.457  1296  1296 E ANDR-PERF-MPCTL: perf request submission limit reached.
04-09 00:58:52.465  1265  1749 E SDM     : HWCSession::GetClientTargetProperty: GetClinetTargetProperty interface enter
04-09 00:58:52.465  1296  1296 E ANDR-PERF-DATA-POOL: EventDataPool is Full
04-09 00:58:52.465  1296  1296 E ANDR-PERF-MPCTL: perf request submission limit reached.
04-09 00:58:52.465  2184  4767 I ClipboardServiceI: checkProviderWakePathForClipboard: primaryClip is null
04-09 00:58:52.473  1265  1749 E SDM     : HWCSession::GetClientTargetProperty: GetClinetTargetProperty interface enter
04-09 00:58:52.473  1296  1296 E ANDR-PERF-DATA-POOL: EventDataPool is Full
04-09 00:58:52.473  1296  1296 E ANDR-PERF-MPCTL: perf request submission limit reached.
04-09 00:58:52.481  1265  1749 E SDM     : HWCSession::GetClientTargetProperty: GetClinetTargetProperty interface enter
04-09 00:58:52.481  1296  1296 E ANDR-PERF-DATA-POOL: EventDataPool is Full
04-09 00:58:52.481  1296  1296 E ANDR-PERF-MPCTL: perf request submission limit reached.
04-09 00:58:52.482  1382  1796 D MI-SF   : mIsSupportAutomodeForMaxFpsSetting is 0(0), getCurrentBrightness() = 898(328), mIsKeepAutoMode 0
04-09 00:58:52.483  1382  1796 D RefreshRateSelector: fixedMode_group: 0, isFindModeGroup 0
04-09 00:58:52.483  1382  1796 D RefreshRateSelector: find max refresh rate:120, mode Group:0
04-09 00:58:52.488  1382  1382 D MI-SF   : mIsSupportAutomodeForMaxFpsSetting is 0(0), getCurrentBrightness() = 898(328), mIsKeepAutoMode 0
04-09 00:58:52.488  1382  1382 D RefreshRateSelector: fixedMode_group: 0, isFindModeGroup 0
04-09 00:58:52.488  1382  1382 D RefreshRateSelector: find max refresh rate:120, mode Group:0
04-09 00:58:52.490  1265  1749 E SDM     : HWCSession::GetClientTargetProperty: GetClinetTargetProperty interface enter
04-09 00:58:52.490  1296  1296 E ANDR-PERF-DATA-POOL: EventDataPool is Full
04-09 00:58:52.490  1296  1296 E ANDR-PERF-MPCTL: perf request submission limit reached.
04-09 00:58:52.496  4878  4878 D BoundBrokerSvc: onRebind: Intent { act=com.google.android.gms.auth.aang.events.services.START dat=chimera-action:/... cmp=com.google.android.gms/.chimera.PersistentApiService }
04-09 00:58:52.497 28048 28048 W ile.android.b2c: Failed to find entry 'classes.dex': Entry not found
04-09 00:58:52.498  1265  1749 E SDM     : HWCSession::GetClientTargetProperty: GetClinetTargetProperty interface enter
04-09 00:58:52.498  1296  1296 E ANDR-PERF-DATA-POOL: EventDataPool is Full
04-09 00:58:52.498  1296  1296 E ANDR-PERF-MPCTL: perf request submission limit reached.
04-09 00:58:52.503  2184  8637 D PackageManager: set app component=ComponentInfo{com.google.android.keep/com.google.android.keep.activities.CreateReminder} enabled state: 1 from com.google.android.keep,uid=10282,pid=28028
04-09 00:58:52.506  1265  1749 E SDM     : HWCSession::GetClientTargetProperty: GetClinetTargetProperty interface enter
04-09 00:58:52.507  2184  8637 I ClipboardServiceI: checkProviderWakePathForClipboard: primaryClip is null
04-09 00:58:52.507  1296  1296 E ANDR-PERF-DATA-POOL: EventDataPool is Full
04-09 00:58:52.507  1296  1296 E ANDR-PERF-MPCTL: perf request submission limit reached.
04-09 00:58:52.511 28048 28048 W ile.android.b2c: Failed to find entry 'classes.dex': Entry not found
04-09 00:58:52.512 28048 28048 D nativeloader: Configuring clns-5 for other apk /data/app/~~zXxHDcK_g8CbnzOoi290dA==/ch.sbb.mobile.android.b2c-qxffOEnkxBz_mDS35YKVkQ==/base.apk:/data/app/~~zXxHDcK_g8CbnzOoi290dA==/ch.sbb.mobile.android.b2c-qxffOEnkxBz_mDS35YKVkQ==/split_config.arm64_v8a.apk:/data/app/~~zXxHDcK_g8CbnzOoi290dA==/ch.sbb.mobile.android.b2c-qxffOEnkxBz_mDS35YKVkQ==/split_config.xxhdpi.apk. target_sdk_version=36, uses_libraries=, library_path=/data/app/~~zXxHDcK_g8CbnzOoi290dA==/ch.sbb.mobile.android.b2c-qxffOEnkxBz_mDS35YKVkQ==/lib/arm64:/data/app/~~zXxHDcK_g8CbnzOoi290dA==/ch.sbb.mobile.android.b2c-qxffOEnkxBz_mDS35YKVkQ==/base.apk!/lib/arm64-v8a:/data/app/~~zXxHDcK_g8CbnzOoi290dA==/ch.sbb.mobile.android.b2c-qxffOEnkxBz_mDS35YKVkQ==/split_config.arm64_v8a.apk!/lib/arm64-v8a:/data/app/~~zXxHDcK_g8CbnzOoi290dA==/ch.sbb.mobile.android.b2c-qxffOEnkxBz_mDS35YKVkQ==/split_config.xxhdpi.apk!/lib/arm64-v8a, permitted_path=/data:/mnt/expand:/data/user/0/ch.sbb.mobile.android.b2c
04-09 00:58:52.516  1265  1749 E SDM     : HWCSession::GetClientTargetProperty: GetClinetTargetProperty interface enter
04-09 00:58:52.516  1296  1296 E ANDR-PERF-DATA-POOL: EventDataPool is Full
04-09 00:58:52.516  1296  1296 E ANDR-PERF-MPCTL: perf request submission limit reached.
04-09 00:58:52.524  2184  2568 I ExtM    : zram userate is low, no need to flush: 40
04-09 00:58:52.524  1265  1749 E SDM     : HWCSession::GetClientTargetProperty: GetClinetTargetProperty interface enter
04-09 00:58:52.524  1296  1296 E ANDR-PERF-DATA-POOL: EventDataPool is Full
04-09 00:58:52.524  1296  1296 E ANDR-PERF-MPCTL: perf request submission limit reached.
04-09 00:58:52.527  3988 21118 D BtGatt.GattService: getDeviceType() - device=4C:6B:E8:5C:64:CE, type=3
04-09 00:58:52.527  3988 21118 D BtGatt.GattService: getDeviceType() - device=BD:49:0E:5C:E7:EC, type=1
04-09 00:58:52.527  3988 21118 D BtGatt.GattService: getDeviceType() - device=42:98:76:54:33:8B, type=1
04-09 00:58:52.527  3988 21118 D BtGatt.GattService: getDeviceType() - device=B0:F1:D8:A9:07:6F, type=3
04-09 00:58:52.527  3988 21118 D BtGatt.GattService: getDeviceType() - device=F4:04:4C:00:AC:A5, type=1
04-09 00:58:52.527  3988 21118 D BtGatt.GattService: getDeviceType() - device=98:52:3D:B0:A5:6B, type=3
04-09 00:58:52.527  3988 21118 D BtGatt.GattService: getDeviceType() - device=2C:41:A1:14:BD:E4, type=3
04-09 00:58:52.527  3988 21118 D BtGatt.GattService: getDeviceType() - device=58:D5:0A:49:48:D2, type=1
04-09 00:58:52.527  3988 21118 D BtGatt.GattService: getDeviceType() - device=60:09:C3:F4:63:6C, type=3
04-09 00:58:52.528  3988 21118 D BtGatt.GattService: getDeviceType() - device=78:20:2E:12:52:D2, type=3
04-09 00:58:52.528  3988 21118 D BtGatt.GattService: getDeviceType() - device=08:DF:1F:2C:F8:2B, type=1
04-09 00:58:52.528  3988 21118 D BtGatt.GattService: getDeviceType() - device=6C:5C:3D:3B:7F:B8, type=1
04-09 00:58:52.528  3988 21118 D BtGatt.GattService: getDeviceType() - device=2C:FD:B4:8E:EC:21, type=1
04-09 00:58:52.528  3988 21118 D BtGatt.GattService: getDeviceType() - device=6F:54:CD:39:F8:97, type=1
04-09 00:58:52.528  3988 21118 D BtGatt.GattService: getDeviceType() - device=00:07:80:E0:32:12, type=1
04-09 00:58:52.528  3988 21118 D BtGatt.GattService: getDeviceType() - device=0C:3B:50:86:D5:EF, type=1
04-09 00:58:52.528  3988 21118 D BtGatt.GattService: getDeviceType() - device=60:8A:10:1E:26:D8, type=3
04-09 00:58:52.528  3988 21118 D BtGatt.GattService: getDeviceType() - device=00:0C:8A:BA:02:3C, type=1
04-09 00:58:52.528  3988 21118 D BtGatt.GattService: getDeviceType() - device=90:A3:A3:56:BF:D9, type=1
04-09 00:58:52.530  3988  3988 I BluetoothAdapterService: BT_FAST_SCAN MESSAGE_AUDIO_STATE_CHANGED isPlaying false mIsMusicPlaying true
04-09 00:58:52.531  1265  1749 E SDM     : HWCSession::GetClientTargetProperty: GetClinetTargetProperty interface enter
04-09 00:58:52.532  1296  1296 E ANDR-PERF-DATA-POOL: EventDataPool is Full
04-09 00:58:52.532  1296  1296 E ANDR-PERF-MPCTL: perf request submission limit reached.
04-09 00:58:52.535 15853 16193 D AudioTrackImpl: [audioTrackData][mute] 6s(f:485 m:6090 s:426 k:4203 z:0) : pid 15853 uid 10518 sessionId 889 sr 48000 ch 2 fmt 1
04-09 00:58:52.535  3988 21118 D BtGatt.GattService: getDeviceType() - device=4C:6B:E8:5C:64:CE, type=3
04-09 00:58:52.535  3988 21118 D BtGatt.GattService: getDeviceType() - device=BD:49:0E:5C:E7:EC, type=1
04-09 00:58:52.535  3988 21118 D BtGatt.GattService: getDeviceType() - device=42:98:76:54:33:8B, type=1
04-09 00:58:52.535  3988 21118 D BtGatt.GattService: getDeviceType() - device=B0:F1:D8:A9:07:6F, type=3
04-09 00:58:52.535  3988 21118 D BtGatt.GattService: getDeviceType() - device=F4:04:4C:00:AC:A5, type=1
04-09 00:58:52.535  3988 21118 D BtGatt.GattService: getDeviceType() - device=98:52:3D:B0:A5:6B, type=3
04-09 00:58:52.535  3988 21118 D BtGatt.GattService: getDeviceType() - device=2C:41:A1:14:BD:E4, type=3
04-09 00:58:52.535  3988 21118 D BtGatt.GattService: getDeviceType() - device=58:D5:0A:49:48:D2, type=1
04-09 00:58:52.535  3988 21118 D BtGatt.GattService: getDeviceType() - device=60:09:C3:F4:63:6C, type=3
04-09 00:58:52.535  3988 21118 D BtGatt.GattService: getDeviceType() - device=78:20:2E:12:52:D2, type=3
04-09 00:58:52.535  3988 21118 D BtGatt.GattService: getDeviceType() - device=08:DF:1F:2C:F8:2B, type=1
04-09 00:58:52.535  3988 21118 D BtGatt.GattService: getDeviceType() - device=6C:5C:3D:3B:7F:B8, type=1
04-09 00:58:52.535  3988 21118 D BtGatt.GattService: getDeviceType() - device=2C:FD:B4:8E:EC:21, type=1
04-09 00:58:52.536  3988 21118 D BtGatt.GattService: getDeviceType() - device=6F:54:CD:39:F8:97, type=1
04-09 00:58:52.536  3988 21118 D BtGatt.GattService: getDeviceType() - device=00:07:80:E0:32:12, type=1
04-09 00:58:52.536  3988 21118 D BtGatt.GattService: getDeviceType() - device=0C:3B:50:86:D5:EF, type=1
04-09 00:58:52.536  3988 21118 D BtGatt.GattService: getDeviceType() - device=60:8A:10:1E:26:D8, type=3
