04-09 00:57:51.621  4110  4626 W RecentsModel: getRunningTask   taskInfo=TaskInfo{userId=0 taskId=14389 displayId=0 isRunning=true baseIntent=Intent { act=android.intent.action.MAIN cat=[android.intent.category.LAUNCHER] flg=0x10200000 cmp=com.suno.android/.MainActivity } baseActivity=ComponentInfo{com.suno.android/com.suno.android.MainActivity} topActivity=ComponentInfo{com.suno.android/com.suno.android.MainActivity} origActivity=null realActivity=ComponentInfo{com.suno.android/com.suno.android.MainActivity} numActivities=1 lastActiveTime=97742835 supportsSplitScreenMultiWindow=true supportsMultiWindow=true resizeMode=1 isResizeable=true minWidth=-1 minHeight=-1 defaultMinSize=200 token=WCT{android.window.IWindowContainerToken$Stub$Proxy@9307481} topActivityType=1 pictureInPictureParams=null shouldDockBigOverlays=false launchIntoPipHostTaskId=-1 lastParentTaskIdBeforePip=-1 displayCutoutSafeInsets=null topActivityInfo=ActivityInfo{9e71926 com.suno.android.MainActivity} launchCookies=[] positionInParent=Point(0, 0) parentTaskId=-1 isFocused=true isVisible=true isVisibleRequested=true isSleeping=false topActivityInSizeCompat=false topActivityInMiuiSizeCompat=false topActivityEligibleForLetterboxEducation= false topActivityLetterboxed= false isFromDoubleTap= false topActivityLetterboxVerticalPosition= -1 topActivityLetterboxHorizontalPosition= -1 topActivityLetterboxWidth=-1 topActivityLetterboxHeight=-1 locusId=null displayAreaFeatureId=1 cameraCompatControlState=hidden mIsCastMode=false mTopActivityMediaSize=null mTopActivityRecordName=ActivityRecord{6633a83 u0 com.suno.android/.MainActivity t14389} mTopActivityOrientation=1 mTopActivityWindowIsNowVisible=true isTranslucent=false isEmbedded=false shouldBeVisible=true isImmersive=false mBehindAppLockPkg=null mOriginatingUid=0}
04-09 00:57:51.621  4110  4626 D RecentsModel: preloadRecents runningTaskId:14389, mCurrentRunningTaskId:-1, mRecentsTaskLoadPlan=com.android.systemui.shared.recents.model.RecentsTaskLoadPlan@a737967
04-09 00:57:51.621  4878 22338 W NearbyFastPair: Process 1000 android.uid.system:1000 has 41 packageNames [CONTEXT service_id=265 ]
04-09 00:57:51.623  4110  4626 E ActivityManagerWrapper: get all recent tasks force including 14389
04-09 00:57:51.624  4878 22338 I NearbyDiscovery: (REDACTED) [trigger-id=Plco5EE12A04, feature-id=Sass] ConnectionSwitchManager: Received %s, un-mute
04-09 00:57:51.624  3988  4885 D Avrcp_ext: AudioManager Player in started state: com.android.deskclock
04-09 00:57:51.624  3988  4885 D Avrcp_ext: AudioManager Active Player: com.android.deskclock
04-09 00:57:51.624  3988  4885 D Avrcp_ext: AudioManager Player: AudioPlaybackConfiguration piid:1063 deviceId:0 type:android.media.AudioTrack u/pid:10518/15853 state:idle attr:AudioAttributes: usage=USAGE_MEDIA content=CONTENT_TYPE_UNKNOWN flags=0xA00 tags= bundle=null sessionId:897 mutedState:none  FormatInfo{isSpatialized=false, channelMask=0x0, sampleRate=0}
04-09 00:57:51.624  3988  4885 D Avrcp_ext: AudioManager Player: AudioPlaybackConfiguration piid:143 deviceId:0 type:android.media.MediaPlayer u/pid:10338/18348 state:idle attr:AudioAttributes: usage=USAGE_UNKNOWN content=CONTENT_TYPE_UNKNOWN flags=0x800 tags= bundle=null sessionId:129 mutedState:none  FormatInfo{isSpatialized=false, channelMask=0x0, sampleRate=0}
04-09 00:57:51.624  3988  4885 D Avrcp_ext: AudioManager Player: AudioPlaybackConfiguration piid:239 deviceId:0 type:android.media.SoundPool u/pid:10082/4110 state:idle attr:AudioAttributes: usage=USAGE_ASSISTANCE_SONIFICATION content=CONTENT_TYPE_SONIFICATION flags=0x800 tags= bundle=null sessionId:0 mutedState:none  FormatInfo{isSpatialized=false, channelMask=0x0, sampleRate=0}
04-09 00:57:51.624  3988  4885 D Avrcp_ext: AudioManager Player: AudioPlaybackConfiguration piid:1071 deviceId:3 type:android.media.AudioTrack u/pid:10518/15853 state:started attr:AudioAttributes: usage=USAGE_MEDIA content=CONTENT_TYPE_UNKNOWN flags=0xA00 tags= bundle=null sessionId:889 mutedState:clientVolume  FormatInfo{isSpatialized=false, channelMask=0x3, sampleRate=48000}
04-09 00:57:51.624  3988  4885 D Avrcp_ext: AudioManager Player: AudioPlaybackConfiguration piid:119 deviceId:0 type:android.media.SoundPool u/pid:1000/4073 state:idle attr:AudioAttributes: usage=USAGE_ASSISTANCE_SONIFICATION content=CONTENT_TYPE_SONIFICATION flags=0x800 tags= bundle=null sessionId:0 mutedState:none  FormatInfo{isSpatialized=false, channelMask=0x0, sampleRate=0}
04-09 00:57:51.625  3988  4885 D Avrcp_ext: AudioManager isPlaying: true, mAudioPlaybackIsActive: true, isMusiActive: true
04-09 00:57:51.625  1382  1382 D RefreshRateSelector: Touch Boost
04-09 00:57:51.626  1382  1382 D MI-SF   : mIsSupportAutomodeForMaxFpsSetting is 0(0), getCurrentBrightness() = 898(328), mIsKeepAutoMode 0
04-09 00:57:51.626  1382  1382 D RefreshRateSelector: fixedMode_group: 0, isFindModeGroup 0
04-09 00:57:51.626  1382  1382 D RefreshRateSelector: find max refresh rate:120, mode Group:0
04-09 00:57:51.627  1265  1749 E SDM     : HWCSession::GetClientTargetProperty: GetClinetTargetProperty interface enter
04-09 00:57:51.627 25935 25935 D BlearnAccessibility: event: com.suno.android type=2048
04-09 00:57:51.627  1296  1296 E ANDR-PERF-DATA-POOL: EventDataPool is Full
04-09 00:57:51.627  1296  1296 E ANDR-PERF-MPCTL: perf request submission limit reached.
04-09 00:57:51.630  4110  4626 E ActivityManagerWrapper: getRecentTasksForceIncludingTaskIdIfValid: getRecentTasks: size=10
04-09 00:57:51.630  4110  4626 E ActivityManagerWrapper:  mainTaskId=14389   userId=0   windowMode=1   baseIntent=Intent { act=android.intent.action.MAIN flag=270532608 cmp=ComponentInfo{com.suno.android/com.suno.android.MainActivity} }
04-09 00:57:51.630  4110  4626 E ActivityManagerWrapper:  mainTaskId=14410   userId=0   windowMode=1   baseIntent=Intent { act=null flag=813760512 cmp=ComponentInfo{app.blearn.mobile/app.blearn.mobile.BlockingOverlayActivity} }
04-09 00:57:51.630  4110  4626 E ActivityManagerWrapper:  mainTaskId=14409   userId=0   windowMode=1   baseIntent=Intent { act=null flag=268435456 cmp=ComponentInfo{com.google.android.gm/com.google.android.gm.ConversationListActivityGmail} }
04-09 00:57:51.630  4110  4626 E ActivityManagerWrapper:  mainTaskId=14404   userId=0   windowMode=1   baseIntent=Intent { act=null flag=268435456 cmp=ComponentInfo{app.blearn.mobile/app.blearn.mobile.MainActivity} }
04-09 00:57:51.630  4110  4626 E ActivityManagerWrapper:  mainTaskId=14394   userId=0   windowMode=1   baseIntent=Intent { act=android.settings.ACCESSIBILITY_SETTINGS flag=268435456 cmp=ComponentInfo{com.android.settings/com.android.settings.accessibility.MiuiAccessibilitySettingsActivity} }
04-09 00:57:51.630  4110  4626 E ActivityManagerWrapper:  mainTaskId=14383   userId=0   windowMode=1   baseIntent=Intent { act=null flag=268435456 cmp=ComponentInfo{com.whatsapp/com.whatsapp.home.ui.HomeActivity} }
04-09 00:57:51.630  4110  4626 E ActivityManagerWrapper:  mainTaskId=14372   userId=0   windowMode=1   baseIntent=Intent { act=android.intent.action.MAIN flag=335544320 cmp=ComponentInfo{com.android.deskclock/com.android.deskclock.DeskClockTabActivity} }
04-09 00:57:51.630  4110  4626 E ActivityManagerWrapper:  mainTaskId=14359   userId=0   windowMode=1   baseIntent=Intent { act=android.intent.action.MAIN flag=269549568 cmp=ComponentInfo{com.s_payment.mobiles_bezahlen/de.starfinanz.payment.MainActivity} }
04-09 00:57:51.630  4110  4626 E ActivityManagerWrapper:  mainTaskId=14342   userId=0   windowMode=1   baseIntent=Intent { act=null flag=369098752 cmp=ComponentInfo{com.google.android.googlequicksearchbox/com.google.android.apps.search.assistant.surfaces.voice.robin.main.MainActivity} }
04-09 00:57:51.630  4110  4626 E ActivityManagerWrapper:  mainTaskId=14336   userId=0   windowMode=1   baseIntent=Intent { act=android.intent.action.MAIN flag=270532608 cmp=ComponentInfo{com.google.android.apps.maps/com.google.android.maps.MapsActivity} }
04-09 00:57:51.631  4110  4626 D WorldCirculate: getWorldCirculateInfo, taskInfo.baseIntent=Intent { flg=0x10000000 cmp=app.blearn.mobile/.MainActivity }, displayId=-1, but get Display failed
04-09 00:57:51.631  4110  4626 D WorldCirculate: getWorldCirculateInfo, taskInfo.baseIntent=Intent { act=android.settings.ACCESSIBILITY_SETTINGS flg=0x10000000 cmp=com.android.settings/.accessibility.MiuiAccessibilitySettingsActivity }, displayId=-1, but get Display failed
04-09 00:57:51.632  1103 24573 D sound_trigger_hw: sound_trigger_set_device: disable device (1) = listen-ape-handset-mic
04-09 00:57:51.633 15853 21401 W MediaCodec: [mId: 5] [audio-debug-dec] queueInputBuffer: Input time interval reaches 77105ms before pts: 1000328564000
04-09 00:57:51.633 15853 21401 I MediaCodec: [mId: 5] [audio-debug-dec] queueInputBuffer: index: 0 pts: 1000328564000 timediff: 77105
04-09 00:57:51.633  4110  4626 D TaskSnapshotCompatVU: getIsInvalidateFromTaskSnapshot, return, mTaskSnapshot=null, mTaskSnapshotClazz=null
04-09 00:57:51.633  1914 13392 D BufferPoolAccessor2.0: bufferpool2 0xb4000073350b3e28 : 0(0 size) total buffers - 0(0 size) used buffers - 0/0 (recycle/alloc) - 0/0 (fetch/transfer)
04-09 00:57:51.633  1914 13392 D BufferPoolAccessor2.0: bufferpool2 0xb4000073350a3028 : 3(12288 size) total buffers - 3(12288 size) used buffers - 19/24 (recycle/alloc) - 5/24 (fetch/transfer)
04-09 00:57:51.633  1914 13392 D BufferPoolAccessor2.0: bufferpool2 0xb4000073350a3228 : 0(0 size) total buffers - 0(0 size) used buffers - 0/0 (recycle/alloc) - 0/0 (fetch/transfer)
04-09 00:57:51.633  1914 13392 D BufferPoolAccessor2.0: bufferpool2 0xb40000733754da28 : 0(0 size) total buffers - 0(0 size) used buffers - 15355/15375 (recycle/alloc) - 59/15375 (fetch/transfer)
04-09 00:57:51.634  1382  1382 D RefreshRateSelector: Touch Boost
04-09 00:57:51.634  1382  1382 D MI-SF   : mIsSupportAutomodeForMaxFpsSetting is 0(0), getCurrentBrightness() = 898(328), mIsKeepAutoMode 0
04-09 00:57:51.634  1382  1382 D RefreshRateSelector: fixedMode_group: 0, isFindModeGroup 0
04-09 00:57:51.634  1382  1382 D RefreshRateSelector: find max refresh rate:120, mode Group:0
04-09 00:57:51.635  1103 24573 D sound_trigger_hw: session[1]: active_state_fn ---> loaded_state_fn
04-09 00:57:51.635  1103 24573 D sound_trigger_platform: platform_stdev_reset_backend_cfg: Setting VA_CDC_DMA_TX_0 TX island to false
04-09 00:57:51.635 15853 21401 I MediaCodec: [mId: 5] [audio-debug-dec] queueInputBuffer: index: 1 pts: 1000328585333 timediff: 2
04-09 00:57:51.635  1265  1749 E SDM     : HWCSession::GetClientTargetProperty: GetClinetTargetProperty interface enter
04-09 00:57:51.636  1296  1296 E ANDR-PERF-DATA-POOL: EventDataPool is Full
04-09 00:57:51.636  1296  1296 E ANDR-PERF-MPCTL: perf request submission limit reached.
04-09 00:57:51.636 15853 16236 D BufferPoolAccessor2.0: bufferpool2 0xb4000071ad80c028 : 4(12533760 size) total buffers - 4(12533760 size) used buffers - 18/25 (recycle/alloc) - 8/27 (fetch/transfer)
04-09 00:57:51.636 15853 16236 D BufferPoolAccessor2.0: bufferpool2 0xb40000714c748828 : 0(0 size) total buffers - 0(0 size) used buffers - 22/28 (recycle/alloc) - 11/28 (fetch/transfer)
04-09 00:57:51.636 15853 16236 D BufferPoolAccessor2.0: bufferpool2 0xb4000071ada08c28 : 4(12533760 size) total buffers - 4(12533760 size) used buffers - 9833/9849 (recycle/alloc) - 30/9850 (fetch/transfer)
04-09 00:57:51.636 15853 21401 I MediaCodec: [mId: 5] [audio-debug-dec] queueInputBuffer: index: 2 pts: 1000328606666 timediff: 1
04-09 00:57:51.639  1103 24573 D sound_trigger_hw: handle_audio_concurrency:[1] LPI: resume SVA session
04-09 00:57:51.639  1103 24573 D sound_trigger_hw: loaded_state_fn:[c1-1] handle event id 12
04-09 00:57:51.639  1103 24573 E sound_trigger_hw: check_gcs_usecase_switch: Invalid session or non CPE session!
04-09 00:57:51.639  1103 24573 D sound_trigger_hw: ape_dereg_sm:[1] Enter
04-09 00:57:51.639  1103 27194 I sound_trigger_hw: callback_thread_loop:[1] Received SNDRV_LSM_EVENT_STATUS_V3 status=0
04-09 00:57:51.639  1103 27194 D sound_trigger_hw: callback_thread_loop:[1] Exit
04-09 00:57:51.642  1382  1382 D RefreshRateSelector: Touch Boost
04-09 00:57:51.642  1382  1382 D MI-SF   : mIsSupportAutomodeForMaxFpsSetting is 0(0), getCurrentBrightness() = 898(328), mIsKeepAutoMode 0
04-09 00:57:51.642  1382  1382 D RefreshRateSelector: fixedMode_group: 0, isFindModeGroup 0
04-09 00:57:51.642  1382  1382 D RefreshRateSelector: find max refresh rate:120, mode Group:0
04-09 00:57:51.644  1265  1749 E SDM     : HWCSession::GetClientTargetProperty: GetClinetTargetProperty interface enter
04-09 00:57:51.644  1314 21393 W QC2Comp : [avcD_168] Queued: Skip logging corrupted work
04-09 00:57:51.644  1314 21393 W QC2Comp : [avcD_168] Done: Skip logging corrupted work
04-09 00:57:51.644 15853 16193 D AudioTrackImpl: [audioTrackData][mute] 9s(f:485 m:9003 s:385 k:9003 z:0) : pid 15853 uid 10518 sessionId 889 sr 48000 ch 2 fmt 1
04-09 00:57:51.644  1296  1296 E ANDR-PERF-DATA-POOL: EventDataPool is Full
04-09 00:57:51.644  1296  1296 E ANDR-PERF-MPCTL: perf request submission limit reached.
04-09 00:57:51.645  1103 24573 D sound_trigger_hw: ape_dereg_sm:[1] Exit, status=0
04-09 00:57:51.645  1103 24573 D sound_trigger_hw: ape_reg_sm:[1] Enter
04-09 00:57:51.645  1103 24573 D sound_trigger_platform: platform_stdev_get_capture_device: Device = 0x80000004
04-09 00:57:51.645  1103 24573 D sound_trigger_platform: platform_stdev_get_capture_device: Available device = 0x80000004
04-09 00:57:51.645  1103 24573 D sound_trigger_platform: platform_stdev_get_capture_device: Device = 0x80000004
04-09 00:57:51.645  1103 24573 D sound_trigger_platform: platform_stdev_get_capture_device: Available device = 0x80000004
04-09 00:57:51.645  1103 24573 D sound_trigger_platform: platform_stdev_send_calibration_v2: sending lsm cal for device(7) acdb_id(135) index(0) app_id(3)
04-09 00:57:51.645  1103 24573 D ACDB-LOADER: ACDB -> send_lsm_topology
04-09 00:57:51.645  1103 24573 D ACDB-LOADER: ACDB -> ACDB_CMD_GET_LSM_TOPOLOGY_ID 
04-09 00:57:51.645  1103 24573 D ACDB-LOADER: ACDB -> get_lsm_table
04-09 00:57:51.645  1103 24573 D ACDB-LOADER: ACDB -> ACDB_CMD_GET_LSM_INSTANCE_TABLE_SIZE
04-09 00:57:51.645  1103 24573 D android.hardware.audio.service: Failed to fetch the lookup information of the device 00000087 
04-09 00:57:51.645  1103 24573 D ACDB-LOADER: Error: ACDB_CMD_GET_LSM_INSTANCE_TABLE_SIZE Returned = -19
04-09 00:57:51.645  1103 24573 D ACDB-LOADER: ACDB -> ACDB_CMD_GET_LSM_INSTANCE_TABLE
04-09 00:57:51.645  1103 24573 D android.hardware.audio.service: Failed to fetch the lookup information of the device 00000087 
04-09 00:57:51.645  1103 24573 D ACDB-LOADER: Error: ACDB LSM returned = -19
04-09 00:57:51.645  1103 24573 D ACDB-LOADER: ACDB -> AUDIO_SET_LSM_CAL
04-09 00:57:51.645  1103 24573 D sound_trigger_hw: ape_reg_sm: opening pcm device=16
04-09 00:57:51.646  1103 24573 D sound_trigger_hw: lsm_set_session_data_v2: Sending lpi_enable = false to LSM
04-09 00:57:51.648  1103 24573 D sound_trigger_hw: ape_reg_sm:[1] Exit, status=0
04-09 00:57:51.648  1103 24573 D sound_trigger_platform: platform_stdev_get_capture_device: Device = 0x80000004
04-09 00:57:51.648  1103 24573 D sound_trigger_platform: platform_stdev_get_capture_device: Available device = 0x80000004
04-09 00:57:51.648  1103 24573 D sound_trigger_platform: platform_stdev_get_device_sample_rate: sample rate 16000
04-09 00:57:51.648  1103 24573 D sound_trigger_platform: platform_stdev_send_calibration_v2: send dev cal for device(7) acdb_id(135) cal_mode(0) app_id(69938)
04-09 00:57:51.648  1103 24573 D ACDB-LOADER: acdb_loader_send_listen_device_cal_v1: sample_rate: 16000
04-09 00:57:51.648  1103 24573 D ACDB-LOADER: ACDB -> send_adm_topology
04-09 00:57:51.648  1103 24573 D ACDB-LOADER: ACDB -> ACDB_CMD_GET_AUDPROC_COMMON_TOPOLOGY_ID
04-09 00:57:51.648  1103 24573 D ACDB-LOADER: ACDB -> send_audtable
04-09 00:57:51.648  1103 24573 D ACDB-LOADER: ACDB -> ACDB_CMD_GET_AUDPROC_INSTANCE_COMMON_TABLE_SIZE
04-09 00:57:51.648  1103 24573 D ACDB-LOADER: ACDB -> ACDB_CMD_GET_AUDPROC_INSTANCE_COMMON_TABLE
04-09 00:57:51.648  1103 24573 D ACDB-LOADER: ACDB -> AUDIO_SET_AUDPROC_CAL cal_type[48] acdb_id[135] app_type[69938]
04-09 00:57:51.648  1103 24573 D ACDB-LOADER: ACDB -> send_afe_topology
04-09 00:57:51.648  1103 24573 D ACDB-LOADER: ACDB -> ACDB_CMD_GET_AFE_TOPOLOGY_ID
04-09 00:57:51.648  1103 24573 D ACDB-LOADER: ACDB -> GET_AFE_TOPOLOGY_ID for adcd_id 135, Topology Id 112fb
04-09 00:57:51.648  1103 24573 D ACDB-LOADER: ACDB -> send_afe_cal
04-09 00:57:51.648  1103 24573 D ACDB-LOADER: ACDB -> ACDB_CMD_GET_AFE_INSTANCE_COMMON_TABLE_SIZE
04-09 00:57:51.648  1103 24573 D android.hardware.audio.service: Failed to fetch the lookup information of the device 00000087 
04-09 00:57:51.648  1103 24573 D ACDB-LOADER: Error: ACDB_CMD_GET_AFE_INSTANCE_COMMON_TABLE_SIZE Returned = -19
04-09 00:57:51.648  1103 24573 D ACDB-LOADER: ACDB -> ACDB_CMD_GET_AFE_INSTANCE_COMMON_TABLE
04-09 00:57:51.648  1103 24573 D android.hardware.audio.service: Failed to fetch the lookup information of the device 00000087 
04-09 00:57:51.648  1103 24573 D ACDB-LOADER: Error: ACDB AFE returned = -19
04-09 00:57:51.648  1103 24573 D ACDB-LOADER: ACDB -> AUDIO_SET_AFE_CAL cal_type[46] acdb_id[135]
04-09 00:57:51.648  1103 24573 D sound_trigger_platform: platform_stdev_get_capture_device: Device = 0x80000004
04-09 00:57:51.648  1103 24573 D sound_trigger_platform: platform_stdev_get_capture_device: Available device = 0x80000004
04-09 00:57:51.648  1103 24573 D sound_trigger_hw: sound_trigger_set_device: enable device (7) = listen-ape-handset-mic-preproc
04-09 00:57:51.648  1103 24573 D audio_route: Apply path: listen-ape-handset-mic-preproc
04-09 00:57:51.649  1103 27841 D sound_trigger_hw: callback_thread_loop:[1] Enter
04-09 00:57:51.649  1103 27841 I sound_trigger_hw: callback_thread_loop:[1] Waiting for SNDRV_LSM_EVENT_STATUS_V3
04-09 00:57:51.651  1382  1382 D RefreshRateSelector: Touch Boost
04-09 00:57:51.651  1382  1382 D MI-SF   : mIsSupportAutomodeForMaxFpsSetting is 0(0), getCurrentBrightness() = 898(328), mIsKeepAutoMode 0
04-09 00:57:51.651  1382  1382 D RefreshRateSelector: fixedMode_group: 0, isFindModeGroup 0
04-09 00:57:51.651  1382  1382 D RefreshRateSelector: find max refresh rate:120, mode Group:0
04-09 00:57:51.651  1103 24573 D sound_trigger_hw: ape_reg_sm_params:[1] Enter
04-09 00:57:51.651  1103 24573 D audio_route: Apply path: listen-voice-wakeup-2 preproc port
04-09 00:57:51.652  1265  1749 E SDM     : HWCSession::GetClientTargetProperty: GetClinetTargetProperty interface enter
04-09 00:57:51.652 25935 25935 D BlearnAccessibility: match: app com.suno.android
04-09 00:57:51.652 25935 25935 D BlearnAccessibility: skip: target unlocked app:com.suno.android
04-09 00:57:51.652  1296  1296 E ANDR-PERF-DATA-POOL: EventDataPool is Full
04-09 00:57:51.652  1296  1296 E ANDR-PERF-MPCTL: perf request submission limit reached.
04-09 00:57:51.652 25935 25935 D BlearnOverlay: overlay hidden
04-09 00:57:51.655  1103 24573 D sound_trigger_hw: ape_enable_use_case: enable use case = listen-voice-wakeup-2 preproc
04-09 00:57:51.655  1103 24573 D sound_trigger_platform: platform_stdev_get_capture_device: Device = 0x80000004
04-09 00:57:51.655  1103 24573 D sound_trigger_platform: platform_stdev_get_capture_device: Available device = 0x80000004
04-09 00:57:51.657 12404 12478 I HeavyPackageIdentify: splitMode: false, splitPackages: null, foregroundPkg: com.suno.android
04-09 00:57:51.658  1103 24573 D audio_route: Apply path: listen-voice-wakeup-2 preproc
04-09 00:57:51.659  1382  1382 D RefreshRateSelector: Touch Boost
04-09 00:57:51.659  1382  1382 D MI-SF   : mIsSupportAutomodeForMaxFpsSetting is 0(0), getCurrentBrightness() = 898(328), mIsKeepAutoMode 0
04-09 00:57:51.659  1382  1382 D RefreshRateSelector: fixedMode_group: 0, isFindModeGroup 0
04-09 00:57:51.659  1382  1382 D RefreshRateSelector: find max refresh rate:120, mode Group:0
04-09 00:57:51.660  1265  1749 E SDM     : HWCSession::GetClientTargetProperty: GetClinetTargetProperty interface enter
04-09 00:57:51.661  1296  1296 E ANDR-PERF-DATA-POOL: EventDataPool is Full
04-09 00:57:51.661  1296  1296 E ANDR-PERF-MPCTL: perf request submission limit reached.
04-09 00:57:51.667  1382  1382 D RefreshRateSelector: Touch Boost
04-09 00:57:51.667  1382  1382 D MI-SF   : mIsSupportAutomodeForMaxFpsSetting is 0(0), getCurrentBrightness() = 898(328), mIsKeepAutoMode 0
04-09 00:57:51.667  1382  1382 D RefreshRateSelector: fixedMode_group: 0, isFindModeGroup 0
04-09 00:57:51.667  1382  1382 D RefreshRateSelector: find max refresh rate:120, mode Group:0
04-09 00:57:51.668  1265  1749 E SDM     : HWCSession::GetClientTargetProperty: GetClinetTargetProperty interface enter
04-09 00:57:51.669  1296  1296 E ANDR-PERF-DATA-POOL: EventDataPool is Full
04-09 00:57:51.669  1296  1296 E ANDR-PERF-MPCTL: perf request submission limit reached.
04-09 00:57:51.673 25935 25935 D BlearnAccessibility: event: com.suno.android type=32
04-09 00:57:51.676  1382  1382 D RefreshRateSelector: Touch Boost
04-09 00:57:51.676  1382  1382 D MI-SF   : mIsSupportAutomodeForMaxFpsSetting is 0(0), getCurrentBrightness() = 898(328), mIsKeepAutoMode 0
04-09 00:57:51.676  1382  1382 D RefreshRateSelector: fixedMode_group: 0, isFindModeGroup 0
04-09 00:57:51.676  1382  1382 D RefreshRateSelector: find max refresh rate:120, mode Group:0
04-09 00:57:51.677  1265  1749 E SDM     : HWCSession::GetClientTargetProperty: GetClinetTargetProperty interface enter
04-09 00:57:51.677  1296  1296 E ANDR-PERF-DATA-POOL: EventDataPool is Full
04-09 00:57:51.677  1296  1296 E ANDR-PERF-MPCTL: perf request submission limit reached.
04-09 00:57:51.678 25935 25935 D BlearnAccessibility: match: app com.suno.android
04-09 00:57:51.678 25935 25935 D BlearnAccessibility: skip: target unlocked app:com.suno.android
04-09 00:57:51.678 25935 25935 D BlearnOverlay: overlay hidden
04-09 00:57:51.684  1314 21393 W QC2Comp : [avcD_168] Queued: Skip logging corrupted work
04-09 00:57:51.684  1314 21393 W QC2Comp : [avcD_168] Done: Skip logging corrupted work
04-09 00:57:51.684  1382  1382 D RefreshRateSelector: Touch Boost
04-09 00:57:51.684  1382  1382 D MI-SF   : mIsSupportAutomodeForMaxFpsSetting is 0(0), getCurrentBrightness() = 898(328), mIsKeepAutoMode 0
04-09 00:57:51.684  1382  1382 D RefreshRateSelector: fixedMode_group: 0, isFindModeGroup 0
04-09 00:57:51.684  1382  1382 D RefreshRateSelector: find max refresh rate:120, mode Group:0
04-09 00:57:51.685  1265  1749 E SDM     : HWCSession::GetClientTargetProperty: GetClinetTargetProperty interface enter
04-09 00:57:51.685  1296  1296 E ANDR-PERF-DATA-POOL: EventDataPool is Full
04-09 00:57:51.685  1296  1296 E ANDR-PERF-MPCTL: perf request submission limit reached.
04-09 00:57:51.691  1103 24573 D sound_trigger_hw: ape_reg_sm_params: st_recogntion_mode 1, det_mode 1, lab 1
04-09 00:57:51.691  1103 24573 D sound_trigger_hw: ape_reg_sm_params: second state detection supported
04-09 00:57:51.692  1103 24573 D sound_trigger_hw: ape_start:[1] Enter
04-09 00:57:51.692  1382  1382 D RefreshRateSelector: Touch Boost
04-09 00:57:51.692  1382  1382 D MI-SF   : mIsSupportAutomodeForMaxFpsSetting is 0(0), getCurrentBrightness() = 898(328), mIsKeepAutoMode 0
04-09 00:57:51.692  1382  1382 D RefreshRateSelector: fixedMode_group: 0, isFindModeGroup 0
04-09 00:57:51.692  1382  1382 D RefreshRateSelector: find max refresh rate:120, mode Group:0
04-09 00:57:51.692  1103 24573 D sound_trigger_hw: ape_start:[1] Exit, status=0
04-09 00:57:51.693  1103 24573 D sound_trigger_hw: session[1]: loaded_state_fn ---> active_state_fn
04-09 00:57:51.693  1103 24573 D audio_hw_utils: audio_extn_utils_send_app_type_cfg: usecase->out_snd_device speaker
04-09 00:57:51.693  1103 24573 I audio_hw_utils: send_app_type_cfg_for_device PLAYBACK app_type 69940, acdb_dev_id 10011, sample_rate 48000, snd_device_be_idx 55, channel is 2
04-09 00:57:51.694  1265  1749 E SDM     : HWCSession::GetClientTargetProperty: GetClinetTargetProperty interface enter
04-09 00:57:51.694  1296  1296 E ANDR-PERF-DATA-POOL: EventDataPool is Full
04-09 00:57:51.694  1296  1296 E ANDR-PERF-MPCTL: perf request submission limit reached.
04-09 00:57:51.696  1103 24573 D DlbQdspGefDriver: eventCallback(): audio device 0x00000002 (sample rate 48000, channelMask 0x00000003, ACDB device id 10011, app type 0x11134, data 0) becomes active!
04-09 00:57:51.696  1103 24573 D DlbQdspGefDriver: setDevice(device=0x00000002): old device 0x00000002
04-09 00:57:51.696  1103 24573 D ACDB-LOADER: ACDB -> send_audio_cal, acdb_id = 10011, path = 0, app id = 0x11134, sample rate = 48000, use_case = 0,buffer_idx_w_path =0, afe_sample_rate = 48000, cal_mode = 1, offset_index = 0
04-09 00:57:51.696  1103 24573 D ACDB-LOADER: ACDB -> send_asm_topology
04-09 00:57:51.696  1103 24573 D ACDB-LOADER: ACDB -> ACDB_CMD_GET_AUDPROC_STREAM_TOPOLOGY_ID
04-09 00:57:51.696  1103 24573 D ACDB-LOADER: ACDB -> send_adm_topology
04-09 00:57:51.696  1103 24573 D ACDB-LOADER: ACDB -> ACDB_CMD_GET_AUDPROC_COMMON_TOPOLOGY_ID
04-09 00:57:51.696  1103 24573 D ACDB-LOADER: ACDB -> send_audtable
04-09 00:57:51.696  1103 24573 D ACDB-LOADER: ACDB -> ACDB_CMD_GET_AUDPROC_INSTANCE_COMMON_TABLE_SIZE
04-09 00:57:51.696  1103 24573 D ACDB-LOADER: ACDB -> ACDB_CMD_GET_AUDPROC_INSTANCE_COMMON_TABLE
04-09 00:57:51.696  1103 24573 D ACDB-LOADER: ACDB -> AUDIO_SET_AUDPROC_CAL cal_type[11] acdb_id[10011] app_type[69940]
04-09 00:57:51.696  1103 24573 D ACDB-LOADER: ACDB -> send_audvoltable
04-09 00:57:51.696  1103 24573 D ACDB-LOADER: ACDB -> ACDB_CMD_GET_AUDPROC_INSTANCE_GAIN_DEP_STEP_TABLE_SIZE
04-09 00:57:51.696  1103 24573 D android.hardware.audio.service: Failed to fetch the lookup information of the device 0000271B 
04-09 00:57:51.696  1103 24573 D ACDB-LOADER: Error: ACDB_CMD_GET_AUDPROC_INSTANCE_GAIN_DEP_STEP_TABLE_SIZE Returned = -19
04-09 00:57:51.696  1103 24573 D ACDB-LOADER: ACDB -> ACDB_CMD_GET_AUDPROC_INSTANCE_GAIN_DEP_STEP_TABLE, vol index 0
04-09 00:57:51.696  1103 24573 D android.hardware.audio.service: Failed to fetch the lookup information of the device 0000271B 
04-09 00:57:51.696  1103 24573 D ACDB-LOADER: Error: ACDB AudProc vol returned = -19
04-09 00:57:51.696  1103 24573 D ACDB-LOADER: ACDB -> AUDIO_SET_VOL_CAL cal type = 12
04-09 00:57:51.696  1103 24573 D ACDB-LOADER: ACDB -> ACDB_CMD_GET_AUDPROC_INSTANCE_STREAM_TABLE_SIZE
04-09 00:57:51.696  1103 24573 D ACDB-LOADER: ACDB -> send_audstrmtable
04-09 00:57:51.696  1103 24573 D ACDB-LOADER: ACDB -> ACDB_CMD_GET_AUDPROC_INSTANCE_STREAM_TABLE
04-09 00:57:51.696  1103 24573 D ACDB-LOADER: ACDB -> audstrm_cal->cal_type.cal_data.cal_size = 828
04-09 00:57:51.696  1103 24573 D ACDB-LOADER: ACDB -> send_afe_topology
04-09 00:57:51.696  1103 24573 D ACDB-LOADER: ACDB -> ACDB_CMD_GET_AFE_TOPOLOGY_ID
04-09 00:57:51.696  1103 24573 D ACDB-LOADER: ACDB -> GET_AFE_TOPOLOGY_ID for adcd_id 10011, Topology Id 1000ff01
04-09 00:57:51.697  1103 24573 D ACDB-LOADER: ACDB -> send_afe_cal
04-09 00:57:51.697  1103 24573 D ACDB-LOADER: ACDB -> ACDB_CMD_GET_AFE_INSTANCE_COMMON_TABLE_SIZE
04-09 00:57:51.697  1103 24573 D ACDB-LOADER: ACDB -> ACDB_CMD_GET_AFE_INSTANCE_COMMON_TABLE
04-09 00:57:51.697  1103 24573 D ACDB-LOADER: ACDB -> AUDIO_SET_AFE_CAL cal_type[16] acdb_id[10011]
04-09 00:57:51.697  1103 24573 D ACDB-LOADER: ACDB -> send_hw_delay : acdb_id = 10011 path = 0
04-09 00:57:51.697  1103 24573 D ACDB-LOADER: ACDB -> ACDB_AVSYNC_INFO: ACDB_CMD_GET_DEVICE_PROPERTY
04-09 00:57:51.697  1103 24573 D audio_hw_primary: enable_audio_route: apply mixer and update path: deep-buffer-playback speaker
04-09 00:57:51.697  1103 24573 D audio_route: Apply path: deep-buffer-playback speaker
04-09 00:57:51.698  1103 24573 D audio_hw_primary: [force reset] create deep-buffer-playback speaker 1
04-09 00:57:51.698  1103 24573 D audio_hw_primary: select_devices: done
04-09 00:57:51.698  1103 24573 D msm8974_platform: platform_set_channel_map mixer_ctl_name:Playback Channel Map0
04-09 00:57:51.699  1103 24573 D msm8974_platform: platform_set_channel_map: set mapping(1 2 0 0 0 0 0 0) for channel:2
04-09 00:57:51.701  1382  1382 D RefreshRateSelector: Touch Boost
04-09 00:57:51.701  1382  1382 D MI-SF   : mIsSupportAutomodeForMaxFpsSetting is 0(0), getCurrentBrightness() = 898(328), mIsKeepAutoMode 0
04-09 00:57:51.701  1382  1382 D RefreshRateSelector: fixedMode_group: 0, isFindModeGroup 0
04-09 00:57:51.701  1382  1382 D RefreshRateSelector: find max refresh rate:120, mode Group:0
04-09 00:57:51.702  1265  1749 E SDM     : HWCSession::GetClientTargetProperty: GetClinetTargetProperty interface enter
04-09 00:57:51.702  1296  1296 E ANDR-PERF-DATA-POOL: EventDataPool is Full
04-09 00:57:51.702  1296  1296 E ANDR-PERF-MPCTL: perf request submission limit reached.
04-09 00:57:51.705 15853 21391 D VideoCodecInfo: [6312171670945660932] output buffer PTS 1000328466667 us, interverl is 77052 ms
04-09 00:57:51.705  1314 21393 W QC2Comp : [avcD_168] Queued: Skip logging corrupted work
04-09 00:57:51.706  1314 21393 W QC2Comp : [avcD_168] Done: Skip logging corrupted work
04-09 00:57:51.706  1868  2006 I BatteryNotifier: noteStartVideo: the video refcount for uid(10518) clientName(com.suno.android) is 0.
04-09 00:57:51.709  1382  1382 D RefreshRateSelector: Touch Boost
04-09 00:57:51.709  1382  1382 D MI-SF   : mIsSupportAutomodeForMaxFpsSetting is 0(0), getCurrentBrightness() = 898(328), mIsKeepAutoMode 0
04-09 00:57:51.709  1382  1382 D RefreshRateSelector: fixedMode_group: 0, isFindModeGroup 0
04-09 00:57:51.709  1382  1382 D RefreshRateSelector: find max refresh rate:120, mode Group:0
04-09 00:57:51.710  1265  1749 E SDM     : HWCSession::GetClientTargetProperty: GetClinetTargetProperty interface enter
04-09 00:57:51.710  1296  1296 E ANDR-PERF-DATA-POOL: EventDataPool is Full
04-09 00:57:51.710  1296  1296 E ANDR-PERF-MPCTL: perf request submission limit reached.
04-09 00:57:51.714 15853 21395 W MediaCodec: [mId: 4] [video-debug-dec] queueInputBuffer: Input time interval reaches 76106ms before pts: 1000328766667
04-09 00:57:51.714 15853 21395 I MediaCodec: [mId: 4] [video-debug-dec] queueInputBuffer: index: 0 pts: 1000328766667 timediff: 76106
04-09 00:57:51.714 15853 21391 D VideoCodecInfo: [6312171670945660932] input buffer PTS 1000328766667 us, interverl is 76107 ms
04-09 00:57:51.715 15853 21391 I MiMediaCodec: send last fps
04-09 00:57:51.715 15853 21391 I MiMediaCodec: send fps to display with mLastSendedFps:30.000000 state:1 id:4
04-09 00:57:51.715  1382  4874 D MI-SF   : updateVideoDecoderInfo clear video fps
04-09 00:57:51.715  1382  4874 D MI-SF   : updateVideoDecoderInfo empty, add the first new video fps
04-09 00:57:51.715  1382  4874 D MI-SF   : updateVideoDecoderInfo find same tid, update new video fps
04-09 00:57:51.715  1382  4874 D MI-SF   : after updateVideoDecoderInfo fps= 30,  tid = 4
04-09 00:57:51.715  1382  4874 D MI-SF   : updateVideoDecoderInfo iterator double fps= 30.00, 60
04-09 00:57:51.715  1382  4874 D MI-SF   : updateVideoDecoderInfo iterator double fps= 30.00, 90
04-09 00:57:51.715  1382  4874 D MI-SF   : updateVideoDecoderInfo iterator double fps= 30.00, 120
04-09 00:57:51.715  1382  4874 D MI-SF   : updateVideoDecoderInfo iterator fps= 30.00, 60
04-09 00:57:51.715  1382  4874 D MI-SF   : updateVideoDecoderInfo find fps= 60.00
04-09 00:57:51.715  1382  4874 D RefreshRateSelector: Touch Boost
04-09 00:57:51.715  1382  4874 D MI-SF   : mIsSupportAutomodeForMaxFpsSetting is 0(0), getCurrentBrightness() = 898(328), mIsKeepAutoMode 0
04-09 00:57:51.715  1382  4874 D RefreshRateSelector: fixedMode_group: 0, isFindModeGroup 0
04-09 00:57:51.715  1382  4874 D RefreshRateSelector: find max refresh rate:120, mode Group:0
04-09 00:57:51.715  1382  4874 D MI-SF   : ShotVideoFlag 0,VideoHighFpsFlag 0,mVideoFrameRate 30,60.000000
04-09 00:57:51.715  1382  4874 D SurfaceFlinger: setFrameRateVideoToDisplay state:1 intfps:30  floatfps:30.000000 fromplayer:1 tid:4
04-09 00:57:51.717  1382  1382 D RefreshRateSelector: Touch Boost
04-09 00:57:51.717  1382  1382 D MI-SF   : mIsSupportAutomodeForMaxFpsSetting is 0(0), getCurrentBrightness() = 898(328), mIsKeepAutoMode 0
04-09 00:57:51.717  1382  1382 D RefreshRateSelector: fixedMode_group: 0, isFindModeGroup 0
04-09 00:57:51.717  1382  1382 D RefreshRateSelector: find max refresh rate:120, mode Group:0
04-09 00:57:51.718  1265  1749 E SDM     : HWCSession::GetClientTargetProperty: GetClinetTargetProperty interface enter
04-09 00:57:51.719  1296  1296 E ANDR-PERF-DATA-POOL: EventDataPool is Full
04-09 00:57:51.719  1296  1296 E ANDR-PERF-MPCTL: perf request submission limit reached.
04-09 00:57:51.724 15853 21395 I MediaCodec: [mId: 4] [video-debug-dec] queueInputBuffer: index: 2 pts: 1000328800000 timediff: 11
04-09 00:57:51.726  1382  1382 D RefreshRateSelector: Touch Boost
04-09 00:57:51.726  1382  1382 D MI-SF   : mIsSupportAutomodeForMaxFpsSetting is 0(0), getCurrentBrightness() = 898(328), mIsKeepAutoMode 0
04-09 00:57:51.726  1382  1382 D RefreshRateSelector: fixedMode_group: 0, isFindModeGroup 0
04-09 00:57:51.726  1382  1382 D RefreshRateSelector: find max refresh rate:120, mode Group:0
04-09 00:57:51.727  1265  1749 E SDM     : HWCSession::GetClientTargetProperty: GetClinetTargetProperty interface enter
04-09 00:57:51.727  1296  1296 E ANDR-PERF-DATA-POOL: EventDataPool is Full
04-09 00:57:51.727  1296  1296 E ANDR-PERF-MPCTL: perf request submission limit reached.
04-09 00:57:51.730  1103 24573 D audio_hw_primary: check_and_set_karaok_parameters: is karaok rx device 0, is karaok tx device 0
04-09 00:57:51.730  1103 24573 E audio_hw_extn: audio_extn_perf_lock_release: Perf lock release error 
04-09 00:57:51.730  1103 24573 D audio_hw_primary: start_output_stream: exit
04-09 00:57:51.730  1103 24573 V msm8974_platform: platform_set_parameters: enter: cal_persist=0;cal_devid=2;cal_moduleid=0x1000a100;cal_caltype=0;cal_instanceid=0x0;cal_apptype=69940;cal_paramid=0x1000a114;cal_topoid=0x1000a100;cal_samplerate=48000;cal_data=BwAAAA==
04-09 00:57:51.730  1103 24573 D msm8974_platform: platform_get_output_snd_device: enter: output devices(0x2)
04-09 00:57:51.730  1103 24573 D msm8974_platform: Setting audio calibration for snd_device(2) acdb_id(10011)
04-09 00:57:51.731  1103 24573 D msm8974_platform: platform_set_parameters: exit with code(0)
04-09 00:57:51.731  1103 24573 D adsp_utils: set_channel_reverse mode: 0
04-09 00:57:51.731  1103 24573 V msm8974_platform: platform_set_parameters: enter: cal_persist=0;cal_devid=2;cal_moduleid=0x1000a106;cal_caltype=0;cal_instanceid=0x0;cal_apptype=69940;cal_paramid=0x1000a198;cal_topoid=0x1000a106;cal_samplerate=48000;cal_data=AAAAAA==
04-09 00:57:51.731  1103 24573 D msm8974_platform: platform_get_output_snd_device: enter: output devices(0x2)
04-09 00:57:51.731  1103 24573 D msm8974_platform: Setting audio calibration for snd_device(2) acdb_id(10011)
04-09 00:57:51.731  1103 24573 E ACDB-LOADER: [acdb_loader_adsp_set_audio_cal] active device/stream not found (result=-100) for topology 0x1000a106 and apptype 0x11134
04-09 00:57:51.731  1103 24573 E ACDB-LOADER: [acdb_loader_adsp_set_audio_cal] set parameters failed with status -100
04-09 00:57:51.731  1103 24573 D msm8974_platform: platform_set_parameters: exit with code(0)
04-09 00:57:51.731  1103 24573 V msm8974_platform: platform_set_parameters: enter: cal_persist=0;cal_devid=2;cal_moduleid=0x1000a106;cal_caltype=0;cal_instanceid=0x0;cal_apptype=69940;cal_paramid=0x1000a198;cal_topoid=0x1000a100;cal_samplerate=48000;cal_data=AAAAAA==
04-09 00:57:51.731  1103 24573 D msm8974_platform: platform_get_output_snd_device: enter: output devices(0x2)
04-09 00:57:51.731  1103 24573 D msm8974_platform: Setting audio calibration for snd_device(2) acdb_id(10011)
04-09 00:57:51.732  1103 24573 D msm8974_platform: platform_set_parameters: exit with code(0)
04-09 00:57:51.732  1103 24573 V msm8974_platform: platform_set_parameters: enter: cal_persist=0;cal_devid=2;cal_moduleid=0x1000a106;cal_caltype=0;cal_instanceid=0x0;cal_apptype=69937;cal_paramid=0x1000a198;cal_topoid=0x1000a106;cal_samplerate=48000;cal_data=AAAAAA==
04-09 00:57:51.732  1103 24573 D msm8974_platform: platform_get_output_snd_device: enter: output devices(0x2)
04-09 00:57:51.732  1103 24573 D msm8974_platform: Setting audio calibration for snd_device(2) acdb_id(10011)
04-09 00:57:51.732  1103 24573 E ACDB-LOADER: [acdb_loader_adsp_set_audio_cal] active device/stream not found (result=-100) for topology 0x1000a106 and apptype 0x11131
04-09 00:57:51.732  1103 24573 E ACDB-LOADER: [acdb_loader_adsp_set_audio_cal] set parameters failed with status -100
04-09 00:57:51.732  1103 24573 D msm8974_platform: platform_set_parameters: exit with code(0)
04-09 00:57:51.732  1103 24573 V msm8974_platform: platform_set_parameters: enter: cal_persist=0;cal_devid=2;cal_moduleid=0x1000a106;cal_caltype=0;cal_instanceid=0x0;cal_apptype=69937;cal_paramid=0x1000a198;cal_topoid=0x1000a100;cal_samplerate=48000;cal_data=AAAAAA==
04-09 00:57:51.732  1103 24573 D msm8974_platform: platform_get_output_snd_device: enter: output devices(0x2)
04-09 00:57:51.732  1103 24573 D msm8974_platform: Setting audio calibration for snd_device(2) acdb_id(10011)
04-09 00:57:51.732  1103 24573 E ACDB-LOADER: [acdb_loader_adsp_set_audio_cal] active device/stream not found (result=-100) for topology 0x1000a100 and apptype 0x11131
04-09 00:57:51.732  1103 24573 E ACDB-LOADER: [acdb_loader_adsp_set_audio_cal] set parameters failed with status -100
04-09 00:57:51.732  1103 24573 D msm8974_platform: platform_set_parameters: exit with code(0)
04-09 00:57:51.732  1103 24573 V msm8974_platform: platform_set_parameters: enter: cal_persist=0;cal_devid=2;cal_moduleid=0x1000a106;cal_caltype=0;cal_instanceid=0x0;cal_apptype=69936;cal_paramid=0x1000a198;cal_topoid=0x1000a106;cal_samplerate=48000;cal_data=AAAAAA==
04-09 00:57:51.732  1103 24573 D msm8974_platform: platform_get_output_snd_device: enter: output devices(0x2)
04-09 00:57:51.732  1103 24573 D msm8974_platform: Setting audio calibration for snd_device(2) acdb_id(10011)
04-09 00:57:51.732  1103 24573 E ACDB-LOADER: [acdb_loader_adsp_set_audio_cal] active device/stream not found (result=-100) for topology 0x1000a106 and apptype 0x11130
04-09 00:57:51.732  1103 24573 E ACDB-LOADER: [acdb_loader_adsp_set_audio_cal] set parameters failed with status -100
04-09 00:57:51.732  1103 24573 D msm8974_platform: platform_set_parameters: exit with code(0)
04-09 00:57:51.732  1103 24573 V msm8974_platform: platform_set_parameters: enter: cal_persist=0;cal_devid=2;cal_moduleid=0x1000a106;cal_caltype=0;cal_instanceid=0x0;cal_apptype=69936;cal_paramid=0x1000a198;cal_topoid=0x1000a100;cal_samplerate=48000;cal_data=AAAAAA==
04-09 00:57:51.732  1103 24573 D msm8974_platform: platform_get_output_snd_device: enter: output devices(0x2)
04-09 00:57:51.732  1103 24573 D msm8974_platform: Setting audio calibration for snd_device(2) acdb_id(10011)
04-09 00:57:51.732  1103 24573 E ACDB-LOADER: [acdb_loader_adsp_set_audio_cal] active device/stream not found (result=-100) for topology 0x1000a100 and apptype 0x11130
04-09 00:57:51.732  1103 24573 E ACDB-LOADER: [acdb_loader_adsp_set_audio_cal] set parameters failed with status -100
04-09 00:57:51.732  1103 24573 D msm8974_platform: platform_set_parameters: exit with code(0)
04-09 00:57:51.732  1103 24573 D audio_hw_primary: check_and_set_karaok_parameters: is karaok rx device 0, is karaok tx device 0
04-09 00:57:51.732  1103 24573 V send_data_to_xlog: getCurrentDate
04-09 00:57:51.732  1103 24573 V send_data_to_xlog: current time is : 2026 year, 4 month, 8 daty
04-09 00:57:51.732  1103 24573 V send_data_to_xlog: do not need to seed data to xlog
04-09 00:57:51.732  1103 24573 V send_data_to_xlog: send_EarsCompensation_dailyuse_to_xlog
04-09 00:57:51.732  1103 24573 E send_data_to_xlog: get_int_by_key: unable to get property persist.vendor.audio.scenario
04-09 00:57:51.732  1103 24573 I send_data_to_xlog: get property key: persist.vendor.audio.ears.compensation.state, value: 0 
04-09 00:57:51.732  1103 24573 E send_data_to_xlog: the EarsCompensation is closed
04-09 00:57:51.732  1103 24573 I send_data_to_xlog: get_headset_type the type is speaker
04-09 00:57:51.732  1103 24573 D send_data_to_xlog: send_misound_dailyuse_to_xlog, the headset type is speaker
04-09 00:57:51.732  1103 24573 D send_data_to_xlog:  send_misound_dailyuse_to_xlog: misound without usb
04-09 00:57:51.732  1103 24573 D audio_hw_primary: out_write: retry previous failed cal level set
04-09 00:57:51.732  1103 24573 D ACDB-LOADER: ACDB -> send_audvoltable
04-09 00:57:51.732  1103 24573 D ACDB-LOADER: ACDB -> ACDB_CMD_GET_AUDPROC_INSTANCE_GAIN_DEP_STEP_TABLE_SIZE
04-09 00:57:51.732  1103 24573 D android.hardware.audio.service: Failed to fetch the lookup information of the device 0000271B 
04-09 00:57:51.732  1103 24573 D ACDB-LOADER: Error: ACDB_CMD_GET_AUDPROC_INSTANCE_GAIN_DEP_STEP_TABLE_SIZE Returned = -19
04-09 00:57:51.732  1103 24573 D ACDB-LOADER: ACDB -> ACDB_CMD_GET_AUDPROC_INSTANCE_GAIN_DEP_STEP_TABLE, vol index 5
04-09 00:57:51.732  1103 24573 D android.hardware.audio.service: Failed to fetch the lookup information of the device 0000271B 
04-09 00:57:51.732  1103 24573 D ACDB-LOADER: Error: ACDB AudProc vol returned = -19
04-09 00:57:51.732  1103 24573 D ACDB-LOADER: ACDB -> AUDIO_SET_VOL_CAL cal type = 40
04-09 00:57:51.732  1103 24573 W msm8974_platform: platform_send_gain_dep_cal: Usecase list is empty
04-09 00:57:51.734  1382  1382 D RefreshRateSelector: Touch Boost
04-09 00:57:51.734  1382  1382 D MI-SF   : mIsSupportAutomodeForMaxFpsSetting is 0(0), getCurrentBrightness() = 898(328), mIsKeepAutoMode 0
04-09 00:57:51.734  1382  1382 D RefreshRateSelector: fixedMode_group: 0, isFindModeGroup 0
04-09 00:57:51.734  1382  1382 D RefreshRateSelector: find max refresh rate:120, mode Group:0
04-09 00:57:51.735  1265  1749 E SDM     : HWCSession::GetClientTargetProperty: GetClinetTargetProperty interface enter
04-09 00:57:51.735  1296  1296 E ANDR-PERF-DATA-POOL: EventDataPool is Full
04-09 00:57:51.735  1296  1296 E ANDR-PERF-MPCTL: perf request submission limit reached.
04-09 00:57:51.742  1382  1382 D RefreshRateSelector: Touch Boost
04-09 00:57:51.742  1382  1382 D MI-SF   : mIsSupportAutomodeForMaxFpsSetting is 0(0), getCurrentBrightness() = 898(328), mIsKeepAutoMode 0
04-09 00:57:51.742  1382  1382 D RefreshRateSelector: fixedMode_group: 0, isFindModeGroup 0
04-09 00:57:51.742  1382  1382 D RefreshRateSelector: find max refresh rate:120, mode Group:0
04-09 00:57:51.743 15853 16193 D AudioTrack: getTimestamp_l(530): stale timestamp time corrected, currentTimeNanos: 35622316671514 < limitNs: 35696110394767 < mStartNs: 35696219394767
04-09 00:57:51.743 15853 16193 W AudioTrack: getTimestamp_l(530): retrograde timestamp time corrected, 35696110394767 < 35696445841277
04-09 00:57:51.743  1265  1749 E SDM     : HWCSession::GetClientTargetProperty: GetClinetTargetProperty interface enter
04-09 00:57:51.744  1296  1296 E ANDR-PERF-DATA-POOL: EventDataPool is Full
04-09 00:57:51.744  1296  1296 E ANDR-PERF-MPCTL: perf request submission limit reached.
04-09 00:57:51.751  1382  1382 D RefreshRateSelector: Touch Boost
04-09 00:57:51.751  1382  1382 D MI-SF   : mIsSupportAutomodeForMaxFpsSetting is 0(0), getCurrentBrightness() = 898(328), mIsKeepAutoMode 0
04-09 00:57:51.751  1382  1382 D RefreshRateSelector: fixedMode_group: 0, isFindModeGroup 0
04-09 00:57:51.751  1382  1382 D RefreshRateSelector: find max refresh rate:120, mode Group:0
04-09 00:57:51.752  1265  1749 E SDM     : HWCSession::GetClientTargetProperty: GetClinetTargetProperty interface enter
04-09 00:57:51.752  1296  1296 E ANDR-PERF-DATA-POOL: EventDataPool is Full
04-09 00:57:51.752  1296  1296 E ANDR-PERF-MPCTL: perf request submission limit reached.
04-09 00:57:51.759  1382  1382 D RefreshRateSelector: Touch Boost
04-09 00:57:51.759  1382  1382 D MI-SF   : mIsSupportAutomodeForMaxFpsSetting is 0(0), getCurrentBrightness() = 898(328), mIsKeepAutoMode 0
04-09 00:57:51.759  1382  1382 D RefreshRateSelector: fixedMode_group: 0, isFindModeGroup 0
04-09 00:57:51.759  1382  1382 D RefreshRateSelector: find max refresh rate:120, mode Group:0
04-09 00:57:51.760  1265  1749 E SDM     : HWCSession::GetClientTargetProperty: GetClinetTargetProperty interface enter
04-09 00:57:51.760  1296  1296 E ANDR-PERF-DATA-POOL: EventDataPool is Full
04-09 00:57:51.760  1296  1296 E ANDR-PERF-MPCTL: perf request submission limit reached.
04-09 00:57:51.765 15853 21401 W MediaCodec: [mId: 5] [audio-debug-dec] queueInputBuffer: Average input time interval reaches 15423ms for 5 inputs by pts: 1000328670666
04-09 00:57:51.767  1382  1382 D RefreshRateSelector: Touch Boost
04-09 00:57:51.767  1382  1382 D MI-SF   : mIsSupportAutomodeForMaxFpsSetting is 0(0), getCurrentBrightness() = 898(328), mIsKeepAutoMode 0
04-09 00:57:51.767  1382  1382 D RefreshRateSelector: fixedMode_group: 0, isFindModeGroup 0
04-09 00:57:51.767  1382  1382 D RefreshRateSelector: find max refresh rate:120, mode Group:0
04-09 00:57:51.768  1265  1749 E SDM     : HWCSession::GetClientTargetProperty: GetClinetTargetProperty interface enter
04-09 00:57:51.769  1296  1296 E ANDR-PERF-DATA-POOL: EventDataPool is Full
04-09 00:57:51.769  1296  1296 E ANDR-PERF-MPCTL: perf request submission limit reached.
04-09 00:57:51.776  1382  1382 D RefreshRateSelector: Touch Boost
04-09 00:57:51.776  1382  1382 D MI-SF   : mIsSupportAutomodeForMaxFpsSetting is 0(0), getCurrentBrightness() = 898(328), mIsKeepAutoMode 0
04-09 00:57:51.776  1382  1382 D RefreshRateSelector: fixedMode_group: 0, isFindModeGroup 0
04-09 00:57:51.776  1382  1382 D RefreshRateSelector: find max refresh rate:120, mode Group:0
04-09 00:57:51.777  1265  1749 E SDM     : HWCSession::GetClientTargetProperty: GetClinetTargetProperty interface enter
04-09 00:57:51.777  1296  1296 E ANDR-PERF-DATA-POOL: EventDataPool is Full
04-09 00:57:51.777  1296  1296 E ANDR-PERF-MPCTL: perf request submission limit reached.
04-09 00:57:51.784  1382  1382 D RefreshRateSelector: Touch Boost
04-09 00:57:51.784  1382  1382 D MI-SF   : mIsSupportAutomodeForMaxFpsSetting is 0(0), getCurrentBrightness() = 898(328), mIsKeepAutoMode 0
04-09 00:57:51.784  1382  1382 D RefreshRateSelector: fixedMode_group: 0, isFindModeGroup 0
04-09 00:57:51.784  1382  1382 D RefreshRateSelector: find max refresh rate:120, mode Group:0
04-09 00:57:51.785  1265  1749 E SDM     : HWCSession::GetClientTargetProperty: GetClinetTargetProperty interface enter
04-09 00:57:51.785  1296  1296 E ANDR-PERF-DATA-POOL: EventDataPool is Full
04-09 00:57:51.785  1296  1296 E ANDR-PERF-MPCTL: perf request submission limit reached.
04-09 00:57:51.792  1382  1382 D RefreshRateSelector: Touch Boost
04-09 00:57:51.792  1382  1382 D MI-SF   : mIsSupportAutomodeForMaxFpsSetting is 0(0), getCurrentBrightness() = 898(328), mIsKeepAutoMode 0
04-09 00:57:51.792  1382  1382 D RefreshRateSelector: fixedMode_group: 0, isFindModeGroup 0
04-09 00:57:51.792  1382  1382 D RefreshRateSelector: find max refresh rate:120, mode Group:0
04-09 00:57:51.794  1265  1749 E SDM     : HWCSession::GetClientTargetProperty: GetClinetTargetProperty interface enter
04-09 00:57:51.794  1296  1296 E ANDR-PERF-DATA-POOL: EventDataPool is Full
04-09 00:57:51.794  1296  1296 E ANDR-PERF-MPCTL: perf request submission limit reached.
04-09 00:57:51.801  1382  1382 D RefreshRateSelector: Touch Boost
04-09 00:57:51.801  1382  1382 D MI-SF   : mIsSupportAutomodeForMaxFpsSetting is 0(0), getCurrentBrightness() = 898(328), mIsKeepAutoMode 0
04-09 00:57:51.801  1382  1382 D RefreshRateSelector: fixedMode_group: 0, isFindModeGroup 0
04-09 00:57:51.801  1382  1382 D RefreshRateSelector: find max refresh rate:120, mode Group:0
04-09 00:57:51.802  1265  1749 E SDM     : HWCSession::GetClientTargetProperty: GetClinetTargetProperty interface enter
04-09 00:57:51.802  1296  1296 E ANDR-PERF-DATA-POOL: EventDataPool is Full
04-09 00:57:51.802  1296  1296 E ANDR-PERF-MPCTL: perf request submission limit reached.
04-09 00:57:51.809  1382  1382 D RefreshRateSelector: Touch Boost
04-09 00:57:51.809  1382  1382 D MI-SF   : mIsSupportAutomodeForMaxFpsSetting is 0(0), getCurrentBrightness() = 898(328), mIsKeepAutoMode 0
04-09 00:57:51.809  1382  1382 D RefreshRateSelector: fixedMode_group: 0, isFindModeGroup 0
04-09 00:57:51.809  1382  1382 D RefreshRateSelector: find max refresh rate:120, mode Group:0
04-09 00:57:51.811  1265  1749 E SDM     : HWCSession::GetClientTargetProperty: GetClinetTargetProperty interface enter
04-09 00:57:51.811  1296  1296 E ANDR-PERF-DATA-POOL: EventDataPool is Full
04-09 00:57:51.811  1296  1296 E ANDR-PERF-MPCTL: perf request submission limit reached.
04-09 00:57:51.818  1382  1382 D RefreshRateSelector: Touch Boost
04-09 00:57:51.818  1382  1382 D MI-SF   : mIsSupportAutomodeForMaxFpsSetting is 0(0), getCurrentBrightness() = 898(328), mIsKeepAutoMode 0
04-09 00:57:51.818  1382  1382 D RefreshRateSelector: fixedMode_group: 0, isFindModeGroup 0
04-09 00:57:51.818  1382  1382 D RefreshRateSelector: find max refresh rate:120, mode Group:0
04-09 00:57:51.819  1265  1749 E SDM     : HWCSession::GetClientTargetProperty: GetClinetTargetProperty interface enter
04-09 00:57:51.819  1296  1296 E ANDR-PERF-DATA-POOL: EventDataPool is Full
04-09 00:57:51.819  1296  1296 E ANDR-PERF-MPCTL: perf request submission limit reached.
04-09 00:57:51.826  4110  4110 D Launcher_UnlockAnimationStateMachine: mResetIdleStateRunnable
04-09 00:57:51.826  1382  1382 D RefreshRateSelector: Touch Boost
04-09 00:57:51.826  1382  1382 D MI-SF   : mIsSupportAutomodeForMaxFpsSetting is 0(0), getCurrentBrightness() = 898(328), mIsKeepAutoMode 0
04-09 00:57:51.826  1382  1382 D RefreshRateSelector: fixedMode_group: 0, isFindModeGroup 0
04-09 00:57:51.826  1382  1382 D RefreshRateSelector: find max refresh rate:120, mode Group:0
