04-09 00:57:50.035  4110  4110 E WindowElementfa3b93f: com.miui.home.recents.anim.WindowElement@fa3b93f finishTransition toHome = true isHalf = false runningTaskId = 0
04-09 00:57:50.035  4110  4110 D FloatingIconLayer2com.miui.home.recents.views.FloatingIconLayer2@256cd58: recycle, hasInit=false
04-09 00:57:50.045  4110  4110 E WindowTransitionCompat: com.android.systemui.shared.recents.system.WindowTransitionCompat@75d7e69 finishTransition toHome = true
04-09 00:57:50.045  4110  4110 E TransitionCallback: call executeFinishCallback, toHome = true
04-09 00:57:50.045  4110  4110 E TransitionCallback: java.lang.Exception
04-09 00:57:50.045  4110  4110 E TransitionCallback: 	at com.android.systemui.shared.recents.utilities.WindowTransitionCallbackHelper.executeFinishCallback(WindowTransitionCallbackHelper.java:230)
04-09 00:57:50.045  4110  4110 E TransitionCallback: 	at com.android.systemui.shared.recents.utilities.WindowTransitionCallbackHelper.executeFinishCallback(WindowTransitionCallbackHelper.java:166)
04-09 00:57:50.045  4110  4110 E TransitionCallback: 	at com.android.systemui.shared.recents.system.WindowTransitionCompat.finishTransition(WindowTransitionCompat.java:713)
04-09 00:57:50.045  4110  4110 E TransitionCallback: 	at com.miui.home.recents.anim.WindowElement.finishTransitionCompat(WindowElement.kt:489)
04-09 00:57:50.045  4110  4110 E TransitionCallback: 	at com.miui.home.recents.anim.WindowElement.finishTransition$lambda-3(WindowElement.kt:480)
04-09 00:57:50.045  4110  4110 E TransitionCallback: 	at com.miui.home.recents.anim.WindowElement.$r8$lambda$F1FyjhBrHDWRO3vMK0PmJKjTVVA(Unknown Source:0)
04-09 00:57:50.045  4110  4110 E TransitionCallback: 	at com.miui.home.recents.anim.WindowElement$$ExternalSyntheticLambda8.run(Unknown Source:8)
04-09 00:57:50.045  4110  4110 E TransitionCallback: 	at android.os.Handler.handleCallback(Handler.java:958)
04-09 00:57:50.045  4110  4110 E TransitionCallback: 	at android.os.Handler.dispatchMessage(Handler.java:99)
04-09 00:57:50.045  4110  4110 E TransitionCallback: 	at android.os.Looper.loopOnce(Looper.java:222)
04-09 00:57:50.045  4110  4110 E TransitionCallback: 	at android.os.Looper.loop(Looper.java:314)
04-09 00:57:50.045  4110  4110 E TransitionCallback: 	at android.app.ActivityThread.main(ActivityThread.java:8857)
04-09 00:57:50.045  4110  4110 E TransitionCallback: 	at java.lang.reflect.Method.invoke(Native Method)
04-09 00:57:50.045  4110  4110 E TransitionCallback: 	at com.android.internal.os.RuntimeInit$MethodAndArgsCaller.run(RuntimeInit.java:565)
04-09 00:57:50.045  4110  4110 E TransitionCallback: 	at com.android.internal.os.ZygoteInit.main(ZygoteInit.java:1013)
04-09 00:57:50.045  4110  4110 I TransitionCallback: addCallbackListenerSync callBack:com.android.systemui.shared.recents.system.WindowTransitionCompat$1@7b2198f
04-09 00:57:50.045  4110  4110 I TransitionCallback: mNeedShowLauncher = false
04-09 00:57:50.045  4110  4110 I TransitionCallback: addCallbackListenerSync callBack:null
04-09 00:57:50.045  4110  4110 I TransitionCallback: com.android.systemui.shared.recents.utilities.WindowTransitionCallbackHelper@cf737c2 call finishMainCallback, wct = null, sct = android.view.SurfaceControl$Transaction@e38a41c, callback = android.window.IRemoteTransitionFinishedCallback$Stub$Proxy@b76b3d1, mCounterRotatorList.size = 0, mInfoExposeList.size = 1, token = android.os.BinderProxy@350f755
04-09 00:57:50.046  4110  4110 I TransitionCallback: call onTransitionFinishedWithCallback end
04-09 00:57:50.046  4073  4317 D SoScUtils: monitorTransitionFinished transition:android.os.BinderProxy@59a8dd2 transaction: android.view.SurfaceControl$Transaction@f81a1ce mRequestCloseTransition:null mRequestOpenTransition:null mPairsOpenTransition:null mPairsOpenTransitionNull:null mRequestOpenTriggerTask:-1 mRequestCloseTriggerTask:-1 mOrientationTransition: null mMainStartingTask:-1 mSideStartingTask:-1
04-09 00:57:50.046  4110  4110 I TransitionCallback: execute finishMainCallbackSync return, no need post delay
04-09 00:57:50.049  2184  4175 I Transition: finishTransition: updateLastSurfacePosition tf=Task{15a02c6 #2 type=home I=com.mi.android.globallauncher/com.miui.home.launcher.Launcher}
04-09 00:57:50.050  2184  4175 I Transition: finishTransition: updateLastSurfacePosition tf=Task{ee261fc #1 type=home}
04-09 00:57:50.051  4110  4110 E RotationHelper: setCurrentTransitionRequest: request=0
04-09 00:57:50.051  1382  2746 W VsyncModulator: setTransactionSchedule: Unexpected EarlyEnd
04-09 00:57:50.053  2184  2506 I SmartPower: app.blearn.mobile/10030(25935): visible->invisible(73328ms) R(become invisible) adj=200.
04-09 00:57:50.053  4110  4595 D TransitionCallback: Transitions all anim call WindowOrganizer.finishTransition end
04-09 00:57:50.053  4110  4595 I TransitionCallback: checkCallbackSync, size = 1
04-09 00:57:50.053  4110  4595 I WindowElementfa3b93f: onFinishCompleted mDisableStateManagerListener = false
04-09 00:57:50.053  4110  4110 D FloatingIconLayer2com.miui.home.recents.views.FloatingIconLayer2@256cd58: recycle, hasInit=false
04-09 00:57:50.053  4110  4110 D HomeLayerElement: releaseHomeLeash com.android.systemui.shared.recents.system.SurfaceControlCompat@9d716be
04-09 00:57:50.053  4110  4110 D HomeLayerElement: java.lang.Exception
04-09 00:57:50.053  4110  4110 D HomeLayerElement: 	at com.miui.home.recents.anim.HomeLayerElement.releaseHomeLeash(HomeLayerElement.kt:89)
04-09 00:57:50.053  4110  4110 D HomeLayerElement: 	at com.miui.home.recents.anim.WindowElement.onFinishCompleted$lambda-16(WindowElement.kt:1468)
04-09 00:57:50.053  4110  4110 D HomeLayerElement: 	at com.miui.home.recents.anim.WindowElement.$r8$lambda$1eD1QVzyhV9BU9tBuBIfTuNonyY(Unknown Source:0)
04-09 00:57:50.053  4110  4110 D HomeLayerElement: 	at com.miui.home.recents.anim.WindowElement$$ExternalSyntheticLambda3.run(Unknown Source:2)
04-09 00:57:50.053  4110  4110 D HomeLayerElement: 	at android.os.Handler.handleCallback(Handler.java:958)
04-09 00:57:50.053  4110  4110 D HomeLayerElement: 	at android.os.Handler.dispatchMessage(Handler.java:99)
04-09 00:57:50.053  4110  4110 D HomeLayerElement: 	at android.os.Looper.loopOnce(Looper.java:222)
04-09 00:57:50.053  4110  4110 D HomeLayerElement: 	at android.os.Looper.loop(Looper.java:314)
04-09 00:57:50.053  4110  4110 D HomeLayerElement: 	at android.app.ActivityThread.main(ActivityThread.java:8857)
04-09 00:57:50.053  4110  4110 D HomeLayerElement: 	at java.lang.reflect.Method.invoke(Native Method)
04-09 00:57:50.053  4110  4110 D HomeLayerElement: 	at com.android.internal.os.RuntimeInit$MethodAndArgsCaller.run(RuntimeInit.java:565)
04-09 00:57:50.053  4110  4110 D HomeLayerElement: 	at com.android.internal.os.ZygoteInit.main(ZygoteInit.java:1013)
04-09 00:57:50.054  4110  4110 I AnimStateManager: onWindowElementEnd.
04-09 00:57:50.054  4110  4110 I AnimStateManager: go to state com.miui.home.recents.anim.StateManager$IdleState@1f83feb
04-09 00:57:50.055  1382  1382 D RefreshRateSelector: Touch Boost
04-09 00:57:50.055  1382  1382 D MI-SF   : mIsSupportAutomodeForMaxFpsSetting is 0(0), getCurrentBrightness() = 898(328), mIsKeepAutoMode 0
04-09 00:57:50.055  1382  1382 D RefreshRateSelector: fixedMode_group: 0, isFindModeGroup 0
04-09 00:57:50.055  1382  1382 D RefreshRateSelector: find max refresh rate:120, mode Group:0
04-09 00:57:50.057  2184  2506 I SmartPower: app.blearn.mobile/10030(25935): invisible->background(4ms) R(become background) adj=200.
04-09 00:57:50.057  2184  3148 I SmartPower: com.google.android.webview:sandboxed_process0:org.chromium.content.app.SandboxedPridle->background(69499ms) R(add to whitelist) adj=200.
04-09 00:57:50.060  4081  4255 I DynamicDDSService: handleMessage(ACTIVITY_SUSPEND{appInfo=app.blearn.mobile isFullScreen=}true)
04-09 00:57:50.060  4081  4255 W DynamicDDSService: mAppNames is empty, no need to send QMI
04-09 00:57:50.062  2184  3414 D qdgralloc: GetYUVPlaneInfo: Invalid format passed: 0x21
04-09 00:57:50.066  2184  2577 E system_server: updateValue is called with a value {0, 0, 0, 0, 0, 0, 0, 0, 0, 0, 0, 0, 0, 0, 0, 0, 0, 0, 0, 0, 0, 0, 0, 0, 0, 0, 0, 0, 0}, which is lower than the previous value {0, 0, 0, 0, 0, 0, 0, 0, 7637, 0, 0, 0, 0, 0, 0, 12, 10, 867, 3447, 0, 0, 0, 0, 0, 0, 0, 0, 676, 6137}
04-09 00:57:50.067  2184  2922 I MiuiNetworkPolicy: updateUidState uid = 99047, uidState = 5
04-09 00:57:50.067  2184  2922 I MiuiNetworkPolicy: updateUidState uid = 10030, uidState = 5
04-09 00:57:50.070  4073  4317 D MiuiFullScreenTaskRepository: addOrUpdateFullScreenTaskInfo taskId=14410, topActivity=ComponentInfo{app.blearn.mobile/app.blearn.mobile.BlockingOverlayActivity}
04-09 00:57:50.075  1382  2746 I BpBinder: onLastStrongRef automatically unlinking death recipients: 
04-09 00:57:50.085 25935 25935 D Capacitor: App stopped
04-09 00:57:50.087 25935 25935 D Capacitor: Saving instance state!
04-09 00:57:50.089 25935 25935 D ActivityThread: Fail to check app heapsize due to java.lang.NoSuchMethodException: dalvik.system.VMRuntime.getBlockingGcCountForAlloc []
04-09 00:57:50.100  2184  2501 D Aurogon :  uid = 10030 switch to BG
04-09 00:57:50.100  2184  3075 D isUidValid: uid = 10030
04-09 00:57:50.101  8105 23384 D PMonitor:  onForegroundActivitiesChanged:pid = 25935,activity-uid=10030,foregroundActivities=false
04-09 00:57:50.101  3988 21118 D MiuiBluetoothLatencyMode: onForegroundActivitiesChanged, pid: 25935 uid: 10030 foregroundActivities: false
04-09 00:57:50.103  2184  2922 I MiuiNetworkPolicy: updateUidState uid = 99032, uidState = 17
04-09 00:57:50.103  2184  2922 I MiuiNetworkPolicy: updateUidState uid = 10518, uidState = 16
04-09 00:57:50.147  4938  5079 D MiuiFastConnectService: stopBleScan: scanning: true
04-09 00:57:50.147  4938  5079 D BluetoothAdapter: isLeEnabled(): ON
04-09 00:57:50.147  4938  5079 D BluetoothAdapter: isLeEnabled(): ON
04-09 00:57:50.149  3988 21118 D BtGatt.GattService: stopScan() - queue size =3
04-09 00:57:50.151  3988  4609 I BtGatt.ScanManager: msg.what = MSG_STOP_BLE_SCAN, msg.arg1 = None
04-09 00:57:50.151  3988  4609 D BtGatt.ScanManager: track LE scan event: callerPackage = [com.xiaomi.bluetooth], scanMode = [0], reportDelayMillis = [0], behavior = [2], scannerId = [9], duration = [59990]
04-09 00:57:50.151  3988  4609 D BtGatt.ScanManager: handling stopping scan  [ScanClient scanModeApp 0 scanModeUsed 0 [appScanStats android.uid.bluetooth:1002]]
04-09 00:57:50.152  3988  4609 E BluetoothUtils: isDeepDozeMode? false
04-09 00:57:50.152  1117  1117 D vendor.qti.bluetooth@1.0-ibs_handler: SerialClockVote: vote for UART CLK ON
04-09 00:57:50.153  1117  1117 D vendor.qti.bluetooth@1.0-wake_lock: Acquire wakelock is acquired 
04-09 00:57:50.153  1117  1117 I vendor.qti.bluetooth@1.0-ibs_handler: DeviceWakeUp: Writing IBS_WAKE_IND
04-09 00:57:50.153  3988 21118 D BtGatt.GattService: unregisterScanner() - scannerId=9
04-09 00:57:50.162  1870  1870 I wificond: station_bandwidth: 
04-09 00:57:50.162  1117  4855 I vendor.qti.bluetooth@1.0-ibs_handler: ProcessIbsCmd: Received IBS_WAKE_ACK: 0xFC
04-09 00:57:50.162  1117  4855 I vendor.qti.bluetooth@1.0-ibs_handler: ProcessIbsCmd: Signal wack_cond_
04-09 00:57:50.163  1117  1117 D vendor.qti.bluetooth@1.0-ibs_handler: DeviceWakeUp: Unblocked from waiting for FC, pthread_cond_timedwait ret = 0
04-09 00:57:50.163  1117  4855 I vendor.qti.bluetooth@1.0-ibs_handler: ProcessIbsCmd: Received IBS_WAKE_IND: 0xFD
04-09 00:57:50.163  1117  4855 I vendor.qti.bluetooth@1.0-ibs_handler: ProcessIbsCmd: Writing IBS_WAKE_ACK
04-09 00:57:50.166 15853 16193 D AudioTrackImpl: [audioTrackData][zero] 29s(f:0 m:0 s:0 k:0 z:29018) : pid 15853 uid 10518 sessionId 897 sr 48000 ch 2 fmt 1
04-09 00:57:50.165  3988  4264 D BtGatt.GattService: onScanFilterParamsConfigured() - clientIf=9, status=0, action=1, availableSpace=54
04-09 00:57:50.167  3988  4264 D BtGatt.ScanManager: callback done for scannerId - 9 status - 0
04-09 00:57:50.169  3988  4264 D BtGatt.GattService: onScanFilterParamsConfigured() - clientIf=9, status=0, action=1, availableSpace=55
04-09 00:57:50.169  3988  4264 D BtGatt.ScanManager: callback done for scannerId - 9 status - 0
04-09 00:57:50.171  3988  4264 D BtGatt.GattService: onScanFilterParamsConfigured() - clientIf=9, status=0, action=1, availableSpace=56
04-09 00:57:50.171  3988  4264 D BtGatt.ScanManager: callback done for scannerId - 9 status - 0
04-09 00:57:50.172  3988  4264 D BtGatt.GattService: onScanFilterParamsConfigured() - clientIf=9, status=0, action=1, availableSpace=57
04-09 00:57:50.172  3988  4264 D BtGatt.ScanManager: callback done for scannerId - 9 status - 0
04-09 00:57:50.174  3988  4264 D BtGatt.GattService: onScanFilterParamsConfigured() - clientIf=9, status=0, action=1, availableSpace=58
04-09 00:57:50.174  3988  4264 D BtGatt.ScanManager: callback done for scannerId - 9 status - 0
04-09 00:57:50.175  3988  4264 D BtGatt.GattService: onScanFilterParamsConfigured() - clientIf=9, status=0, action=1, availableSpace=59
04-09 00:57:50.175  3988  4264 D BtGatt.ScanManager: callback done for scannerId - 9 status - 0
04-09 00:57:50.175  3988  4609 D BtGatt.ScanManager: configureRegularScanParams() - queue=2
04-09 00:57:50.175  3988  4609 D BtGatt.ScanManager: configureRegularScanParams() - ScanSetting LE 1M Scan mode=0 ScanSetting LE Coded Scan mode=-2147483648 mLastConfiguredScanSettingLE1M=0 mLastConfiguredScanSettingLECoded=0 scanPhy=1
04-09 00:57:50.176  3988  4609 D BtGatt.ScanManager: configureRegularScanParams() - queue emtpy, scan stopped
04-09 00:57:50.176  3988  4609 W BtGatt.ScanManager: trackLeScan() - mLastNativeScanParams = 0
04-09 00:57:50.176  3988  4609 D BtGatt.ScanManager: configureRegularScanParams - scanInterval LE 1M = 1000 configureRegularScanParams - scanWindow LE 1M= 80 configureRegularScanParams - scanInterval LE Coded= -2147483648 configureRegularScanParams - scanWindow LE Coded= -2147483648
04-09 00:57:50.177  3988  4609 W BtGatt.ScanManager: find new configure params - scanInterval = 1000 scanWindow = 80
04-09 00:57:50.177  3988  4264 D BtGatt.GattService: onScanParamSetupCompleted : 0
04-09 00:57:50.215  4938  5079 D BluetoothAdapter: isLeEnabled(): ON
04-09 00:57:50.215  4938  5079 D MiuiFastConnectService: handleMessage: MSG_START_BLE_SCAN mode: 0
04-09 00:57:50.215  4938  5079 D BluetoothAdapter: isLeEnabled(): ON
04-09 00:57:50.216  3988 21118 D BtGatt.GattService: registerScanner() - UUID=8d4c09e3-06b6-4763-a6af-d77dafc9502e
04-09 00:57:50.217  3988  4264 D BtGatt.GattService: onScannerRegistered() - UUID=8d4c09e3-06b6-4763-a6af-d77dafc9502e, scannerId=9, status=0
04-09 00:57:50.217  4938 30373 D BluetoothLeScanner: onScannerRegistered() - status=0 scannerId=9 mScannerId=0
04-09 00:57:50.218  3988 21118 D BtGatt.GattService: start scan with filters. callingPackage: com.xiaomi.bluetooth
04-09 00:57:50.219  3988 21118 D BtGatt.GattService: enforcePrivilegedPermissionIfNeeded([BluetoothLeScanFilter [mDeviceName=null, mDeviceAddress=null, mUuid=null, mUuidMask=null, mServiceSolicitationUuid=null, mServiceSolicitationUuidMask=null, mServiceDataUuid=null, mServiceData=null, mServiceDataMask=null, mManufacturerId=911, mManufacturerData=[], mManufacturerDataMask=null, mAdvertisingDataType=-1, mAdvertisingData=null, mAdvertisingDataMask=null, mTransportBlockFilter=null], mOrganizationId=-1, mTDSFlags=-1, mTDSFlagsMask=-1, mWifiNANHash=null], mGroupBasedFiltering=false, BluetoothLeScanFilter [mDeviceName=null, mDeviceAddress=null, mUuid=null, mUuidMask=null, mServiceSolicitationUuid=null, mServiceSolicitationUuidMask=null, mServiceDataUuid=null, mServiceData=null, mServiceDataMask=null, mManufacturerId=65535, mManufacturerData=[77], mManufacturerDataMask=null, mAdvertisingDataType=-1, mAdvertisingData=null, mAdvertisingDataMask=null, mTransportBlockFilter=null], mOrganizationId=-1, mTDSFlags=-1, mTDSFlagsMask=-1, mWifiNANHash=null], mGroupBasedFiltering=false, BluetoothLeScanFilter [mDeviceName=null, mDeviceAddress=null, mUuid=null, mUuidMask=null, mServiceSolicitationUuid=null, mServiceSolicitationUuidMask=null, mServiceDataUuid=0000fe95-0000-1000-8000-00805f9b34fb, mServiceData=[], mServiceDataMask=null, mManufacturerId=-1, mManufacturerData=null, mManufacturerDataMask=null, mAdvertisingDataType=-1, mAdvertisingData=null, mAdvertisingDataMask=null, mTransportBlockFilter=null], mOrganizationId=-1, mTDSFlags=-1, mTDSFlagsMask=-1, mWifiNANHash=null], mGroupBasedFiltering=false, BluetoothLeScanFilter [mDeviceName=null, mDeviceAddress=null, mUuid=null, mUuidMask=null, mServiceSolicitationUuid=null, mServiceSolicitationUuidMask=null, mServiceDataUuid=0000fdaa-0000-1000-8000-00805f9b34fb, mServiceData=[], mServiceDataMask=null, mManufacturerId=-1, mManufacturerData=null, mManufacturerDataMask=null, mAdvertisingDataType=-1, mAdvertisingData=null, mAdvertisingDataMask=null, mTransportBlockFilter=null], mOrganizationId=-1, mTDSFlags=-1, mTDSFlagsMask=-1, mWifiNANHash=null], mGroupBasedFiltering=false, BluetoothLeScanFilter [mDeviceName=null, mDeviceAddress=null, mUuid=null, mUuidMask=null, mServiceSolicitationUuid=null, mServiceSolicitationUuidMask=null, mServiceDataUuid=0000fdee-0000-1000-8000-00805f9b34fb, mServiceData=[1, 1, 1], mServiceDataMask=null, mManufacturerId=-1, mManufacturerData=null, mManufacturerDataMask=null, mAdvertisingDataType=-1, mAdvertisingData=null, mAdvertisingDataMask=null, mTransportBlockFilter=null], mOrganizationId=-1, mTDSFlags=-1, mTDSFlagsMask=-1, mWifiNANHash=null], mGroupBasedFiltering=false, BluetoothLeScanFilter [mDeviceName=null, mDeviceAddress=null, mUuid=null, mUuidMask=null, mServiceSolicitationUuid=null, mServiceSolicitationUuidMask=null, mServiceDataUuid=0000fd2d-0000-1000-8000-00805f9b34fb, mServiceData=[], mServiceDataMask=null, mManufacturerId=-1, mManufacturerData=null, mManufacturerDataMask=null, mAdvertisingDataType=-1, mAdvertisingData=null, mAdvertisingDataMask=null, mTransportBlockFilter=null], mOrganizationId=-1, mTDSFlags=-1, mTDSFlagsMask=-1, mWifiNANHash=null], mGroupBasedFiltering=false])
04-09 00:57:50.220  3988 21118 W BluetoothUtils: callingUid is Process.BLUETOOTH_UID
04-09 00:57:50.220  1117  4855 I vendor.qti.bluetooth@1.0-ibs_handler: ProcessIbsCmd: Received IBS_SLEEP_IND: 0xFE
04-09 00:57:50.221  3988 21118 D BtGatt.ScanManager: startScan()  [ScanClient scanModeApp 0 scanModeUsed 0 [appScanStats android.uid.bluetooth:1002]]
04-09 00:57:50.221  3988  4609 I BtGatt.ScanManager: msg.what = MSG_RECORD_CALLER, msg.arg1 = None
04-09 00:57:50.221  3988  4609 I BtGatt.ScanManager: msg.what = MSG_START_BLE_SCAN, msg.arg1 = None
04-09 00:57:50.221  3988  4609 D BtGatt.ScanManager: handling starting scan
04-09 00:57:50.221  3988  4609 D BtGatt.ScanManager: isAptXLowLatencyModeEnabled: false
04-09 00:57:50.221  3988  4609 D BtGatt.ScanManager: track LE scan event: callerPackage = [com.xiaomi.bluetooth], scanMode = [0], reportDelayMillis = [0], behavior = [1], scannerId = [9], duration = [0]
04-09 00:57:50.223  1117  4855 I vendor.qti.bluetooth@1.0-ibs_handler: ProcessIbsCmd: Received IBS_WAKE_IND: 0xFD
04-09 00:57:50.223  1117  4855 I vendor.qti.bluetooth@1.0-ibs_handler: ProcessIbsCmd: Writing IBS_WAKE_ACK
04-09 00:57:50.223  3988  4264 D BtGatt.GattService: onScanFilterEnableDisabled() - clientIf=9, status=0, action=1
04-09 00:57:50.223  3988  4264 D BtGatt.ScanManager: callback done for scannerId - 9 status - 0
04-09 00:57:50.224  3988  4609 D BtGatt.ScanManager: configureScanFilters rssiThreshold: -60, 15
04-09 00:57:50.224  3988  4609 D BtGatt.ScanManager: Available Filter size: 56
04-09 00:57:50.224  3988  4264 D BtGatt.GattService: onScanFilterConfig() - clientIf=9, action = 0 status = 0, filterType=0, availableSpace=0
04-09 00:57:50.224  3988  4264 D BtGatt.ScanManager: callback done for scannerId - 9 status - 0
04-09 00:57:50.224  3988  4609 D BtGatt.ScanManager: configureFilterParamter 500 10000 1 0, deliveryMode=0
04-09 00:57:50.226  3988  4264 D BtGatt.GattService: onScanFilterParamsConfigured() - clientIf=9, status=0, action=0, availableSpace=58
04-09 00:57:50.226  3988  4264 D BtGatt.ScanManager: callback done for scannerId - 9 status - 0
04-09 00:57:50.227  3988  4264 D BtGatt.GattService: onScanFilterConfig() - clientIf=9, action = 0 status = 0, filterType=0, availableSpace=0
04-09 00:57:50.227  3988  4264 D BtGatt.ScanManager: callback done for scannerId - 9 status - 0
04-09 00:57:50.227  3988  4609 D BtGatt.ScanManager: configureFilterParamter 500 10000 1 0, deliveryMode=0
04-09 00:57:50.228  3988  4264 D BtGatt.GattService: onScanFilterParamsConfigured() - clientIf=9, status=0, action=0, availableSpace=57
04-09 00:57:50.228  3988  4264 D BtGatt.ScanManager: callback done for scannerId - 9 status - 0
04-09 00:57:50.229  3988  4264 D BtGatt.GattService: onScanFilterConfig() - clientIf=9, action = 0 status = 0, filterType=0, availableSpace=0
04-09 00:57:50.229  3988  4264 D BtGatt.ScanManager: callback done for scannerId - 9 status - 0
04-09 00:57:50.229  3988  4609 D BtGatt.ScanManager: configureFilterParamter 500 10000 1 0, deliveryMode=0
04-09 00:57:50.231  3988  4264 D BtGatt.GattService: onScanFilterParamsConfigured() - clientIf=9, status=0, action=0, availableSpace=56
04-09 00:57:50.231  3988  4264 D BtGatt.ScanManager: callback done for scannerId - 9 status - 0
04-09 00:57:50.232  3988  4264 D BtGatt.GattService: onScanFilterConfig() - clientIf=9, action = 0 status = 0, filterType=0, availableSpace=0
04-09 00:57:50.232  3988  4264 D BtGatt.ScanManager: callback done for scannerId - 9 status - 0
04-09 00:57:50.232  3988  4609 D BtGatt.ScanManager: configureFilterParamter 500 10000 1 0, deliveryMode=0
04-09 00:57:50.234  3988  4264 D BtGatt.GattService: onScanFilterParamsConfigured() - clientIf=9, status=0, action=0, availableSpace=55
04-09 00:57:50.234  3988  4264 D BtGatt.ScanManager: callback done for scannerId - 9 status - 0
04-09 00:57:50.235  3988  4264 D BtGatt.GattService: onScanFilterConfig() - clientIf=9, action = 0 status = 0, filterType=0, availableSpace=0
04-09 00:57:50.235  3988  4264 D BtGatt.ScanManager: callback done for scannerId - 9 status - 0
04-09 00:57:50.235  3988  4609 D BtGatt.ScanManager: configureFilterParamter 500 10000 1 0, deliveryMode=0
04-09 00:57:50.237  3988  4264 D BtGatt.GattService: onScanFilterParamsConfigured() - clientIf=9, status=0, action=0, availableSpace=54
04-09 00:57:50.237  3988  4264 D BtGatt.ScanManager: callback done for scannerId - 9 status - 0
04-09 00:57:50.237  3988  4264 D BtGatt.GattService: onScanFilterConfig() - clientIf=9, action = 0 status = 0, filterType=0, availableSpace=0
04-09 00:57:50.237  3988  4264 D BtGatt.ScanManager: callback done for scannerId - 9 status - 0
04-09 00:57:50.237  3988  4609 D BtGatt.ScanManager: configureFilterParamter 500 10000 1 0, deliveryMode=0
04-09 00:57:50.240  3988  4264 D BtGatt.GattService: onScanFilterParamsConfigured() - clientIf=9, status=0, action=0, availableSpace=53
04-09 00:57:50.240  3988  4264 D BtGatt.ScanManager: callback done for scannerId - 9 status - 0
04-09 00:57:50.241  3988  4609 D BtGatt.ScanManager: configureRegularScanParams() - queue=3
04-09 00:57:50.241  3988  4609 D BtGatt.ScanManager: configureRegularScanParams() - ScanSetting LE 1M Scan mode=0 ScanSetting LE Coded Scan mode=0 mLastConfiguredScanSettingLE1M=0 mLastConfiguredScanSettingLECoded=-2147483648 scanPhy=255
04-09 00:57:50.242  3988  4609 W BtGatt.ScanManager: trackLeScan() - mLastNativeScanParams = 0
04-09 00:57:50.242  3988  4609 D BtGatt.ScanManager: configureRegularScanParams - scanInterval LE 1M = 1000 configureRegularScanParams - scanWindow LE 1M= 80 configureRegularScanParams - scanInterval LE Coded= 1000 configureRegularScanParams - scanWindow LE Coded= 80
04-09 00:57:50.243  3988  4609 W BtGatt.ScanManager: find new configure params - scanInterval = 1000 scanWindow = 80
04-09 00:57:50.243  3988  4609 D BtGatt.ScanManager: apply scan timeout (300000)to scannerId 9
04-09 00:57:50.243  3988  4264 D BtGatt.GattService: onScanParamSetupCompleted : 0
04-09 00:57:50.279 25935 25935 I Capacitor/Console: File:  - Line 349 - Msg: [object Object]
04-09 00:57:50.281 25935 25935 V Capacitor/Plugin: To native (Capacitor plugin): callbackId: 91768170, pluginId: ScreenTime, methodName: consumePendingNavigation
04-09 00:57:50.281 25935 25935 V Capacitor: callback: 91768170, pluginId: ScreenTime, methodName: consumePendingNavigation, methodData: {}
04-09 00:57:50.286 25935 27129 D BlearnScreenTime: consume_pending_navigation_empty
04-09 00:57:50.287  1117  4855 I vendor.qti.bluetooth@1.0-ibs_handler: ProcessIbsCmd: Received IBS_SLEEP_IND: 0xFE
04-09 00:57:50.297 25935 25935 I Capacitor/Console: File:  - Line 333 - Msg: undefined
04-09 00:57:50.405  2184  3119 D PerfStubImpl: perfLockReleaseHandler: -1
04-09 00:57:50.405  2184  3119 D SchedBoost: stopBoostInternal
04-09 00:57:50.405  2184  3119 D SchedBoost: thread tid=4110, priority is set to -10
04-09 00:57:50.406  2184  3119 D SchedBoost: thread tid=4471, priority is set to -10
04-09 00:57:50.406  2184  3119 D SchedBoost: thread tid=4621, priority is set to -10
04-09 00:57:50.407  2184  3119 D SchedBoost: thread tid=4622, priority is set to -10
04-09 00:57:50.647 15853 16193 D AudioTrackImpl: [audioTrackData][mute] 8s(f:485 m:8006 s:385 k:8006 z:0) : pid 15853 uid 10518 sessionId 889 sr 48000 ch 2 fmt 1
04-09 00:57:50.854  4110  4110 I TransitionCallback: clear leash = Surface(name=TL_Surface(name=Task=1#45)/@0x1ec319d_transition-leash#5317)/@0xa4c09d3, key = ComponentInfo{com.mi.android.globallauncher/com.miui.home.launcher.Launcher}#1
04-09 00:57:50.854  4110  4110 I TransitionCallback: clear leash = Surface(name=TL_Surface(name=Task=14410#5291)/@0x51d2612_transition-leash#5318)/@0x990a910, key = ComponentInfo{app.blearn.mobile/app.blearn.mobile.BlockingOverlayActivity}#14410
04-09 00:57:50.855  4110  4110 D TransitionCallback: mNoCacheLeashList recycle Surface(name=TL_Surface(name=WallpaperWindowToken{eaff2a8 token=android.os.BinderProxy@70a9acb}#53)/@0x2eee1e3_transition-leash#5319)/@0x7bf5fc5
04-09 00:57:50.855  1296  1296 E vendor.qti.hardware.perf@2.2-service: Unknown params
04-09 00:57:50.855  1296  1296 E ANDR-PERF-DATA-POOL: EventDataPool is Full
04-09 00:57:50.855  1296  1296 E ANDR-PERF-MPCTL: perf request submission limit reached.
04-09 00:57:50.855  4110  4110 D TransitionCallback: mNoCacheLeashList recycle Surface(name=TL_Surface(name=WallpaperWindowToken{c990fe8 token=android.os.Binder@51ce50b}#60)/@0x11b87e0_transition-leash#5320)/@0x5a0e04b
04-09 00:57:50.856  1314 21380 I QC2Comp : [avcD_167] Stats: Pending(7) i/p-done(3) Works: Q: 25/Done 20|Work-Rate: Q(0.0/s Avg=0.0/s) Done(0.000/s Avg=0.015/s)| Stream: 30.00fps 3.0Mbps
04-09 00:57:50.856  1314 21380 I QC2Comp : Mem-usage:  [In-1D - 7 bufs 20.918 MB] [1D-0 - 11 bufs 0.172 MB] [2D-155 - 19 bufs 27.164 MB]
04-09 00:57:50.856  1314 21380 I QC2Comp : Total Mem-usage: 48.254 MB
04-09 00:57:50.857  1382  1382 D RefreshRateSelector: Touch Boost
04-09 00:57:50.857  1382  1382 D MI-SF   : mIsSupportAutomodeForMaxFpsSetting is 0(0), getCurrentBrightness() = 898(328), mIsKeepAutoMode 0
04-09 00:57:50.857  1382  1382 D RefreshRateSelector: fixedMode_group: 0, isFindModeGroup 0
04-09 00:57:50.857  1382  1382 D RefreshRateSelector: find max refresh rate:120, mode Group:0
04-09 00:57:51.138  1314 21393 I QC2Comp : [avcD_168] Stats: Pending(9) i/p-done(5) Works: Q: 9916/Done 9908|Work-Rate: Q(0.0/s Avg=7.7/s) Done(0.000/s Avg=7.677/s)| Stream: 30.00fps 12.1Mbps
04-09 00:57:51.138  1314 21393 I QC2Comp : Mem-usage:  [In-1D - 16 bufs 47.812 MB] [1D-0 - 10 bufs 0.156 MB] [2D-156 - 18 bufs 49.781 MB]
04-09 00:57:51.138  1314 21393 I QC2Comp : Total Mem-usage: 97.750 MB
04-09 00:57:51.167 15853 16193 D AudioTrackImpl: [audioTrackData][zero] 30s(f:0 m:0 s:0 k:0 z:30019) : pid 15853 uid 10518 sessionId 897 sr 48000 ch 2 fmt 1
04-09 00:57:51.246  1117  4862 I vendor.qti.bluetooth@1.0-ibs_handler: DeviceSleep: TX Awake, Sending SLEEP_IND
04-09 00:57:51.246  1117  4862 D vendor.qti.bluetooth@1.0-ibs_handler: SerialClockVote: vote for UART CLK OFF
04-09 00:57:51.311  3780  6955 W OpenGLRenderer: Surface doesn't have any previously queued frames, nothing to readback from
04-09 00:57:51.322  3780  6955 W OpenGLRenderer: Surface doesn't have any previously queued frames, nothing to readback from
04-09 00:57:51.397  1117  4628 D vendor.qti.bluetooth@1.0-wake_lock: Release wakelock is released 
04-09 00:57:51.400  2184  8804 W ActivityTaskManager: callingPackage for (uid=2000, pid=27818) has no WPC
04-09 00:57:51.413  2184  8804 I SmartPower: com.suno.android/10518(15853): idle->invisible(21196ms) R(become foreground) adj=702.
04-09 00:57:51.413  2184  8804 D WindowManager: Collecting in transition 510: ActivityRecord{66112b u0 com.suno.android/.MainActivity init visibleRequested:false
04-09 00:57:51.414  2184  8804 D MiuiFreeFormManagerService: activeOrFullscreenFreeformTaskIfNeed startDefaultAr:false
04-09 00:57:51.414  2184  8804 D MiuiFreeFormManagerService: onStartActivityInner as = Task{a7e439 #14389 type=standard A=10518:com.suno.android} op = null
04-09 00:57:51.415  2184  8804 D WindowManagerService: checkFlipFullScreenChange is same, nowIsFullScreen = false
04-09 00:57:51.416  2184  8804 D WindowManager: wms.Input focus has changed to null display=0 updateInputWindows = true
04-09 00:57:51.416  2184  8804 I MultiSenceManagerInternalStub: getInstance
04-09 00:57:51.416  2184  8804 D WindowManager: setLockTaskAuth: task=Task{a7e439 #14389 type=standard A=10518:com.suno.android} mLockTaskAuth=LOCK_TASK_AUTH_PINNABLE
04-09 00:57:51.419  2184  8804 D PerfStubImpl: perfWarmLaunchBoost: com.suno.android, -1, 1
04-09 00:57:51.419  1296  1296 E vendor.qti.hardware.perf@2.2-service: Unknown params
04-09 00:57:51.419  1296  1296 E vendor.qti.hardware.perf@2.2-service: Unknown params
04-09 00:57:51.419  1296  1296 E ANDR-PERF-DATA-POOL: EventDataPool is Full
04-09 00:57:51.419  1296  1296 E ANDR-PERF-MPCTL: perf request submission limit reached.
04-09 00:57:51.420  2184  8804 D ActivityTrigger: ActivityTrigger activityPauseTrigger 
04-09 00:57:51.420  1296  1296 E vendor.qti.hardware.perf@2.2-service: Unknown params
04-09 00:57:51.421  2184  8804 D WindowManager: Collecting in transition 510: ActivityRecord{66112b u0 com.suno.android/.MainActivity t-1} init visibleRequested:false
04-09 00:57:51.421  2184  8804 D WindowManager: Requesting StartTransition: TransitionRecord{6f29988 id=510 type=OPEN flags=0x0}
04-09 00:57:51.422  2184  8804 I ActivityTaskManager: START u0 {flg=0x10000000 cmp=com.suno.android/.MainActivity} with LAUNCH_SINGLE_TASK from uid 2000 from pid 27818 callingPackage com.android.shell (BAL_ALLOW_PERMISSION) result code=2
04-09 00:57:51.423  4073  4317 I SoScUtils: monitorTransitionRequest mRequestOpenTransition:null mRequestOpenTriggerTask:-1 mRequestCloseTransition:null mRequestCloseTriggerTask:-1 mRequestCloseStageType:-1
04-09 00:57:51.425  4110  4110 D Launcher.Lifecycle: onPause:UserHandle{0},e1c02d1,true
04-09 00:57:51.425  4110  4110 D Launcher_UnlockAnimationStateMachine: onPause = IDLE
04-09 00:57:51.425  4110  4110 D Launcher_UnlockAnimationStateMachine: setState:PAUSE_WAIT
04-09 00:57:51.425  4073  4073 I FocusedNotifPromptContr: onTopActivityMayChanged: isSupportPip false, isFocus false
04-09 00:57:51.425  4073  4073 I FocusedNotifPromptContr: onTopActivityMayChanged: topActivity=com.suno.android
04-09 00:57:51.425  4073  4073 I FocusedNotifPromptContr: topActivityMayChanged: topActivity=com.suno.android
04-09 00:57:51.425  4073  4073 D KeyguardEditorHelper: onTopActivityMayChanged, topActivity=ComponentInfo{com.suno.android/com.suno.android.MainActivity}; mState=IDEL
04-09 00:57:51.425  4110  4110 D ServiceDeliveryReplaceHelper: onPause: widget to serviceDeliver isReplace false
04-09 00:57:51.426  4110  4338 D SessionLifecycleClient: Sending lifecycle 2 to service
04-09 00:57:51.426  1296  1296 E vendor.qti.hardware.perf@2.2-service: Unknown params
04-09 00:57:51.426  1296  1296 E ANDR-PERF-DATA-POOL: EventDataPool is Full
04-09 00:57:51.426  1296  1296 E ANDR-PERF-MPCTL: perf request submission limit reached.
04-09 00:57:51.426  4110  8873 D SessionLifecycleService: Activity backgrounding at 35696147
04-09 00:57:51.427 30380 31686 D LauncherOverlay: setActivityState:1
04-09 00:57:51.427 30380 30380 I LauncherOverlayCallback: handleMessage WHAT_ACTIVITY_STATE_CHANGED what：1
04-09 00:57:51.427 30380 30380 D LauncherOverlay.Window: onPause
04-09 00:57:51.428 30380 30380 I LauncherOverlayCallback: handleMessage WHAT_LAUNCHER_STATE what：1
04-09 00:57:51.428 30380 30380 D LauncherOverlay.Window: launcherState 1
04-09 00:57:51.428 30380 30380 D LauncherOverlay.Window: resumedStateNow 1,resumedStateNew = 0
04-09 00:57:51.428 30380 30380 D LauncherOverlay.Window: launcherPause 
04-09 00:57:51.428  4073  4073 D BadgeCoordinator: recevie broadbcast ACTION_APPLICATION_MESSAGE_QUERY, requestFirstTime=false
04-09 00:57:51.429  2184  8804 D WindowManager: Set transition=TransitionRecord{6f29988 id=510 type=OPEN flags=0x0}, ready=false, SyncId=510 used=true, override=false, defer=0, states=Display{#0 state=ON size=1080x2400 ROTATION_0}:false
04-09 00:57:51.429  4073  4317 D OneHandedController: stopOneHanded state is 0
04-09 00:57:51.432  4073  4317 D MiuiFullScreenTaskRepository: removeFocusedTask displayId=0
04-09 00:57:51.432  4073  4317 D MiuiFullScreenTaskRepository: addOrUpdateFullScreenTaskInfo taskId=1, topActivity=ComponentInfo{com.mi.android.globallauncher/com.miui.home.launcher.Launcher}
04-09 00:57:51.432  4073  4317 D MiuiFullScreenTaskRepository: setFocusedTask taskId=14389, displayId=0, topActivity=ComponentInfo{com.suno.android/com.suno.android.MainActivity}
04-09 00:57:51.432  4073  4317 D MiuiFullScreenTaskRepository: addOrUpdateFullScreenTaskInfo taskId=14389, topActivity=ComponentInfo{com.suno.android/com.suno.android.MainActivity}
04-09 00:57:51.432  4073  4317 D MiuiDesktopModeController: onFocusTaskChanged newFocus: TaskInfo{userId=0 taskId=14389 displayId=0 isRunning=true baseIntent=Intent { act=android.intent.action.MAIN cat=[android.intent.category.LAUNCHER] flg=0x10200000 cmp=com.suno.android/.MainActivity } baseActivity=ComponentInfo{com.suno.android/com.suno.android.MainActivity} topActivity=ComponentInfo{com.suno.android/com.suno.android.MainActivity} origActivity=null realActivity=ComponentInfo{com.suno.android/com.suno.android.MainActivity} numActivities=1 lastActiveTime=97665794 supportsSplitScreenMultiWindow=true supportsMultiWindow=true resizeMode=1 isResizeable=true minWidth=-1 minHeight=-1 defaultMinSize=200 token=WCT{android.window.IWindowContainerToken$Stub$Proxy@19e150b} topActivityType=1 pictureInPictureParams=null shouldDockBigOverlays=false launchIntoPipHostTaskId=-1 lastParentTaskIdBeforePip=-1 displayCutoutSafeInsets=Rect(0, 94 - 0, 0) topActivityInfo=ActivityInfo{c3a7fe8 com.suno.android.MainActivity} launchCookies=[] positionInParent=Point(0, 0) parentTaskId=-1 isFocused=true isVisible=false isVisibleRequested=false isSleeping=false topActivityInSizeCompat=false topActivityInMiuiSizeCompat=false topActivityEligibleForLetterboxEducation= false topActivityLetterboxed= false isFromDoubleTap= false topActivityLetterboxVerticalPosition= -1 topActivityLetterboxHorizontalPosition= -1 topActivityLetterboxWidth=-1 topActivityLetterboxHeight=-1 locusId=null displayAreaFeatureId=1 cameraCompatControlState=hidden mIsCastMode=false mTopActivityMediaSize=null mTopActivityRecordName=ActivityRecord{6633a83 u0 com.suno.android/.MainActivity t14389} mTopActivityOrientation=-2 mTopActivityWindowIsNowVisible=false isTranslucent=true isEmbedded=false shouldBeVisible=true isImmersive=false mBehindAppLockPkg=null mOriginatingUid=0}
04-09 00:57:51.433  4073  4317 D MiuiFreeformModeController: onFocusTaskChanged taskInfo: TaskInfo{userId=0 taskId=14389 displayId=0 isRunning=true baseIntent=Intent { act=android.intent.action.MAIN cat=[android.intent.category.LAUNCHER] flg=0x10200000 cmp=com.suno.android/.MainActivity } baseActivity=ComponentInfo{com.suno.android/com.suno.android.MainActivity} topActivity=ComponentInfo{com.suno.android/com.suno.android.MainActivity} origActivity=null realActivity=ComponentInfo{com.suno.android/com.suno.android.MainActivity} numActivities=1 lastActiveTime=97665794 supportsSplitScreenMultiWindow=true supportsMultiWindow=true resizeMode=1 isResizeable=true minWidth=-1 minHeight=-1 defaultMinSize=200 token=WCT{android.window.IWindowContainerToken$Stub$Proxy@19e150b} topActivityType=1 pictureInPictureParams=null shouldDockBigOverlays=false launchIntoPipHostTaskId=-1 lastParentTaskIdBeforePip=-1 displayCutoutSafeInsets=Rect(0, 94 - 0, 0) topActivityInfo=ActivityInfo{c3a7fe8 com.suno.android.MainActivity} launchCookies=[] positionInParent=Point(0, 0) parentTaskId=-1 isFocused=true isVisible=false isVisibleRequested=false isSleeping=false topActivityInSizeCompat=false topActivityInMiuiSizeCompat=false topActivityEligibleForLetterboxEducation= false topActivityLetterboxed= false isFromDoubleTap= false topActivityLetterboxVerticalPosition= -1 topActivityLetterboxHorizontalPosition= -1 topActivityLetterboxWidth=-1 topActivityLetterboxHeight=-1 locusId=null displayAreaFeatureId=1 cameraCompatControlState=hidden mIsCastMode=false mTopActivityMediaSize=null mTopActivityRecordName=ActivityRecord{6633a83 u0 com.suno.android/.MainActivity t14389} mTopActivityOrientation=-2 mTopActivityWindowIsNowVisible=false isTranslucent=true isEmbedded=false shouldBeVisible=true isImmersive=false mBehindAppLockPkg=null mOriginatingUid=0}
04-09 00:57:51.433  1382  1382 I BpBinder: onLastStrongRef automatically unlinking death recipients: 
04-09 00:57:51.438  2184  4175 D PerfStubImpl: perfWarmLaunchBoost: com.suno.android, -1, 1
04-09 00:57:51.438  4073  4495 V SnapshotDrawerUtils: Drawing snapshot surface sizeMismatch=false
04-09 00:57:51.438  1296  1296 E vendor.qti.hardware.perf@2.2-service: Unknown params
04-09 00:57:51.439  1296  1296 E vendor.qti.hardware.perf@2.2-service: Unknown params
04-09 00:57:51.439  1296  1296 E ANDR-PERF-DATA-POOL: EventDataPool is Full
04-09 00:57:51.439  1296  1296 E ANDR-PERF-MPCTL: perf request submission limit reached.
04-09 00:57:51.439  1382  2870 D qdgralloc: GetYUVPlaneInfo: Invalid format passed: 0x21
04-09 00:57:51.439  1382  1554 D qdgralloc: GetYUVPlaneInfo: Invalid format passed: 0x21
04-09 00:57:51.439  1382  1554 D qdgralloc: GetYUVPlaneInfo: Invalid format passed: 0x21
04-09 00:57:51.439  2184  4175 D WindowManager: Collecting in transition 510: ActivityRecord{6633a83 u0 com.suno.android/.MainActivity t14389} init visibleRequested:false
04-09 00:57:51.439  2184  4175 E Transition: Trying to add a ready-group twice: Display{#0 state=ON size=1080x2400 ROTATION_0}
04-09 00:57:51.441  2184  4175 D WindowManagerService: checkFlipFullScreenChange is same, nowIsFullScreen = false
04-09 00:57:51.441  1382  1382 W Layer   : gatherBufferInfo: Received unknown dataspace from gralloc
04-09 00:57:51.442  2184  4175 D WindowManager: Collecting in transition 510: ActivityRecord{a94c727 u0 com.mi.android.globallauncher/com.miui.home.launcher.Launcher t2} init visibleRequested:true
04-09 00:57:51.443 15853 15853 I ForceDarkHelperStubImpl: setViewRootImplForceDark: false for com.suno.android.MainActivity@badd5dd, reason: AppDarkModeEnable
04-09 00:57:51.443  2184  4175 D WindowManager: Collecting in transition 510: WallpaperWindowToken{c990fe8 token=android.os.Binder@51ce50b} init visibleRequested:true
04-09 00:57:51.443  2184  4175 D WindowManager: Collecting in transition 510: WallpaperWindowToken{eaff2a8 token=android.os.BinderProxy@70a9acb} init visibleRequested:true
04-09 00:57:51.445  4073  4317 D MiuiFullScreenTaskRepository: setFocusedTask taskId=14389, displayId=0, topActivity=ComponentInfo{com.suno.android/com.suno.android.MainActivity}
04-09 00:57:51.445  4073  4317 D MiuiFullScreenTaskRepository: addOrUpdateFullScreenTaskInfo taskId=14389, topActivity=ComponentInfo{com.suno.android/com.suno.android.MainActivity}
04-09 00:57:51.446  2184  4175 D WindowManager: Collecting in transition 510: ActivityRecord{6633a83 u0 com.suno.android/.MainActivity t14389} init visibleRequested:true
04-09 00:57:51.446  2184  4175 D WindowManager: Set transition=TransitionRecord{6f29988 id=510 type=OPEN flags=0x0}, ready=true, SyncId=510 
04-09 00:57:51.450  2184  4175 I BLASTSyncEngine: SyncGroup 510:  Unfinished container:ActivityRecord{6633a83 u0 com.suno.android/.MainActivity t14389}
04-09 00:57:51.450  2184  4175 I BLASTSyncEngine: isActivitySyncFinished isSyncFinished false ActivityRecord{6633a83 u0 com.suno.android/.MainActivity t14389}
04-09 00:57:51.451  4110  4110 E FileUtils: err write to mi_exception_log
04-09 00:57:51.452  4110  4110 D Launcher.Lifecycle: onWindowFocusChanged:false,UserHandle{0},e1c02d1,true
04-09 00:57:51.453  2184  3118 I NetworkBoostStatusManager: onForegroundInfoChanged uid:10518, isColdStart:false
04-09 00:57:51.453  2184  3118 I SLM-SRV-SLAToast: foreground uid:10518, isColdStart:false, isLinkTurboEnable:false
04-09 00:57:51.453  2184  3118 D NetworkSDKService: handleMultiAppsDualWifi isSet = false isEverOpened = false
04-09 00:57:51.453  3988 21118 D MiuiBluetoothLatencyMode: ForegroundInfo{mForegroundPackageName='com.suno.android', mForegroundUid=10518, mForegroundPid=15853, mLastForegroundPackageName='com.mi.android.globallauncher', mLastForegroundUid=10082, mLastForegroundPid=4110, mMultiWindowForegroundPackageName='com.suno.android', mMultiWindowForegroundUid=10518, mFlags=0}
04-09 00:57:51.454  3988 21118 E bt_btif : btif_get_adapter_property : invalid type 246
04-09 00:57:51.454  3988 21118 E BluetoothAdapterService: getActiveDevices: LeAudioService is null
04-09 00:57:51.454  3988 21118 D MiuiBluetoothLatencyMode: ActiveProfile: -1
04-09 00:57:51.454 12404 12418 I GST     : forePkg: com.suno.android, preForePkg: com.mi.android.globallauncher
04-09 00:57:51.455  8508 10624 I ProcessMonitor: onForegroundInfoChanged: ForegroundInfo{mForegroundPackageName='com.suno.android', mForegroundUid=10518, mForegroundPid=15853, mLastForegroundPackageName='com.mi.android.globallauncher', mLastForegroundUid=10082, mLastForegroundPid=4110, mMultiWindowForegroundPackageName='com.suno.android', mMultiWindowForegroundUid=10518, mFlags=0}
04-09 00:57:51.456  9679 13348 D PerfEngineController: ForegroundInfo{mForegroundPackageName='com.suno.android', mForegroundUid=10518, mForegroundPid=15853, mLastForegroundPackageName='com.mi.android.globallauncher', mLastForegroundUid=10082, mLastForegroundPid=4110, mMultiWindowForegroundPackageName='com.suno.android', mMultiWindowForegroundUid=10518, mFlags=0}
04-09 00:57:51.456  8508  8594 D x1      : myUserId = 0	currentUserId0
04-09 00:57:51.456  8508 10624 I GameBoosterService: onForegroundInfoChanged: Cur=com.suno.android	 last=com.mi.android.globallauncher
04-09 00:57:51.456  2184  2507 I SmartPower: com.suno.android/10518(15853): invisible->visible(43ms) R(become visible) adj=702.
04-09 00:57:51.457  2184  2507 I WindowManager: wms.showSurfaceRobustly mWin:Window{5c8df46 u0 SnapshotStartingWindow for taskId=14389}
04-09 00:57:51.457  2184  3148 I SmartPower: com.android.vending/10165(22435): idle->background(73831ms) R(add to whitelist) adj=227.
04-09 00:57:51.457  2184  2507 D WindowManager: Final targets: [Task{a7e439 #14389 type=standard A=10518:com.suno.android}, Task{ee261fc #1 type=home}]
04-09 00:57:51.457  2184  3148 I SmartPower: com.google.android.adservices.api/10381(11303): idle->background(69266ms) R(add to whitelist) adj=100.
04-09 00:57:51.457  2184  3148 I SmartPower: com.google.android.webview:sandboxed_process0:org.chromium.content.app.SandboxedPridle->background(73832ms) R(add to whitelist) adj=910.
04-09 00:57:51.457 12404 12418 D VENUS_GAMEAI_START_GameAiStartManager: 高能时刻未安装
04-09 00:57:51.457  8508 10624 D GameBoosterService: onGameStatusChange foreground:ForegroundInfo{mForegroundPackageName='com.suno.android', mForegroundUid=10518, mForegroundPid=15853, mLastForegroundPackageName='com.mi.android.globallauncher', mLastForegroundUid=10082, mLastForegroundPid=4110, mMultiWindowForegroundPackageName='com.suno.android', mMultiWindowForegroundUid=10518, mFlags=0}
04-09 00:57:51.457  8508 10624 I VideoBoxUtils: isSupportVideoBox: true
04-09 00:57:51.458  8508 10624 I VideoToolBoxService: splitMode: onfalse
04-09 00:57:51.460  4073  4317 D WindowManagerShell: onActivityRestartAttempt: ComponentInfo{com.suno.android/com.suno.android.MainActivity}
04-09 00:57:51.460  2184  2507 D WindowManager: Calling onTransitionReady info={id=510 t=OPEN f=0x0 trk=0 r=[0@Point(0, 0)] c=[{WCT{RemoteToken{5bb2ffe Task{a7e439 #14389 type=standard A=10518:com.suno.android}}} m=TO_FRONT f=MOVE_TO_TOP leash=Surface(name=Task=14389#4602)/@0x8660400 sb=Rect(0, 0 - 1080, 2400) eb=Rect(0, 0 - 1080, 2400) d=0},{WCT{RemoteToken{ceea0bc Task{ee261fc #1 type=home}}} m=TO_BACK f=SHOW_WALLPAPER leash=Surface(name=Task=1#45)/@0x2d6a2ef sb=Rect(0, 0 - 1080, 2400) eb=Rect(0, 0 - 1080, 2400) d=0}] noAni=[false] df=[false] mk=[true] nc=[0]}, mToken=Token{3ff1dff TransitionRecord{6f29988 id=510 type=OPEN flags=0x0}}
04-09 00:57:51.461  2184  2507 I BLASTSyncEngine: finishNow: after onTransactionReady, mSyncId=510
04-09 00:57:51.461  2184  2507 I WindowManager: cancelAnimation removed leash : Surface(name=Surface(name=4910c9c StatusBar#94)/@0x7a81a7a - animation-leash of insets_animation#5313)/@0x5080509
04-09 00:57:51.464  2184  2507 I WindowManager: cancelAnimation removed leash : Surface(name=Surface(name=a8c03f0 NavigationBar0#87)/@0xf8813ee - animation-leash of insets_animation#5314)/@0x8df912f
04-09 00:57:51.465  4073  4317 D MiuiFreeformAnimation: startAnimation change: {WCT{android.window.IWindowContainerToken$Stub$Proxy@47c513d} m=TO_FRONT f=MOVE_TO_TOP leash=Surface(name=Task=14389#4602)/@0x99c1ca6 sb=Rect(0, 0 - 1080, 2400) eb=Rect(0, 0 - 1080, 2400) d=0} info.getType(): 1
04-09 00:57:51.465  4073  4317 I MiuiFreeformAnimation: isLaunchWidgetPicker=false,taskInfo.getWindowingMode()=1, taskInfo.getActivityType()=1
04-09 00:57:51.465  4073  4317 D MiuiFreeFormManager:  isSplitRootTask taskId=14389
04-09 00:57:51.465  4073  4317 D MiuiFreeformAnimation: startAnimation change: {WCT{android.window.IWindowContainerToken$Stub$Proxy@bdd5d32} m=TO_BACK f=SHOW_WALLPAPER leash=Surface(name=Task=1#45)/@0x696f6e7 sb=Rect(0, 0 - 1080, 2400) eb=Rect(0, 0 - 1080, 2400) d=0} info.getType(): 1
04-09 00:57:51.465  4073  4317 W MiuiTaskTransitionHandler: Receive an unknown transition, token=android.os.BinderProxy@bb95ffc, type=1
04-09 00:57:51.467  4073  4317 D TransitionAnimationHelper:  load default animation  type = 1 enter = false animAttr = 19 isTask = true translucent = false
04-09 00:57:51.468  4073  4317 D TransitionAnimationHelper:  load default animation  type = 1 enter = true animAttr = 18 isTask = true translucent = false
04-09 00:57:51.470  4073  4461 D ShellTransitions: speed ui!!!!!!!!!!!
04-09 00:57:51.471  4073  4461 D ArtChoreographerMonitor: invoke error.
04-09 00:57:51.473  4073  4317 D MiuiFullScreenTaskRepository: setFocusedTask taskId=14389, displayId=0, topActivity=ComponentInfo{com.suno.android/com.suno.android.MainActivity}
04-09 00:57:51.473  4073  4317 D MiuiFullScreenTaskRepository: addOrUpdateFullScreenTaskInfo taskId=14389, topActivity=ComponentInfo{com.suno.android/com.suno.android.MainActivity}
04-09 00:57:51.473  4073  4073 E onWindowDecorRectChanged: start size:1
04-09 00:57:51.473  4073  4073 E onWindowDecorRectChanged: windowDecorRects: Rect(454, 12 - 625, 123)
04-09 00:57:51.473  1296  1296 E vendor.qti.hardware.perf@2.2-service: Unknown params
04-09 00:57:51.473  1296  1296 E ANDR-PERF-DATA-POOL: EventDataPool is Full
04-09 00:57:51.473  1296  1296 E ANDR-PERF-MPCTL: perf request submission limit reached.
04-09 00:57:51.474  1296  1296 E vendor.qti.hardware.perf@2.2-service: Unknown params
04-09 00:57:51.474  1296  1296 E ANDR-PERF-DATA-POOL: EventDataPool is Full
04-09 00:57:51.474  1296  1296 E ANDR-PERF-MPCTL: perf request submission limit reached.
04-09 00:57:51.474  2184  2501 D Aurogon :  uid = 10518 switch to FG
04-09 00:57:51.475  8105 23384 D PMonitor:  onForegroundActivitiesChanged:pid = 15853,activity-uid=10518,foregroundActivities=true
04-09 00:57:51.476  3988 19609 D MiuiBluetoothLatencyMode: onForegroundActivitiesChanged, pid: 15853 uid: 10518 foregroundActivities: true
04-09 00:57:51.476  8508 10624 D FreeformUtil: retrieveFirstNoFreeformRootTaskInfo: windowMode = 1
04-09 00:57:51.476  8508 10624 I VideoToolBoxService: not support vtb. skipExit : false
04-09 00:57:51.476  8508 10624 I BeautyService: onForegroundInfoChanged: Cur=com.suno.android	 last=com.mi.android.globallauncher
04-09 00:57:51.480  7377  9067 W AiAiAutofill: On activity pause for ContentSelector{packageName=com.mi.android.globallauncher, activityName=com.miui.home.launcher.Launcher, resourceId=null} completing 0 sessions with 1 remaining.
04-09 00:57:51.482 15853 16094 D AppScoutStateMachine: 15853-ScoutStateMachinecreated
04-09 00:57:51.487 15853 15853 I AppVisibilityProxy: onAppEnteredForeground
04-09 00:57:51.487 15853 15853 D [Purchases] - DEBUG: ℹ️ App foregrounded
04-09 00:57:51.488  2184  2922 I MiuiNetworkPolicy: updateUidState uid = 10518, uidState = 2
04-09 00:57:51.488  2184  2506 D SchedBoost: com.mi.globalminusscreen boosting, skip reset priority
04-09 00:57:51.489 15853 15946 D [Purchases] - DEBUG: ℹ️ Checking if cache is stale AppInBackground false
04-09 00:57:51.489 15853 15946 D [Purchases] - DEBUG: ℹ️ Checking if cache is stale AppInBackground false
04-09 00:57:51.489 15853 15946 D [Purchases] - DEBUG: ℹ️ Updating pending purchase queue
04-09 00:57:51.490 15853 15946 D [Purchases] - DEBUG: ℹ️ Found 0 unsynced attributes for App User ID: 603913c0-5523-4a24-be01-fb4ad690036c
04-09 00:57:51.490 15853 15946 D [Purchases] - DEBUG: ℹ️ No subscriber attributes to synchronize.
