04-09 00:58:54.606  1296  1296 E ANDR-PERF-DATA-POOL: EventDataPool is Full
04-09 00:58:54.606  1296  1296 E ANDR-PERF-MPCTL: perf request submission limit reached.
04-09 00:58:54.606  1296  1296 E vendor.qti.hardware.perf@2.2-service: Unknown params
04-09 00:58:54.608  1296  1296 E ANDR-PERF-DATA-POOL: EventDataPool is Full
04-09 00:58:54.608  1296  1296 E ANDR-PERF-MPCTL: perf request submission limit reached.
04-09 00:58:54.609  4073  4073 I FocusedNotifPromptContr: onTopActivityMayChanged: isSupportPip false, isFocus false
04-09 00:58:54.609  4073  4073 I FocusedNotifPromptContr: onTopActivityMayChanged: topActivity=com.google.android.keep
04-09 00:58:54.609  4073  4073 I FocusedNotifPromptContr: topActivityMayChanged: topActivity=com.google.android.keep
04-09 00:58:54.609  4073  4073 D KeyguardEditorHelper: onTopActivityMayChanged, topActivity=ComponentInfo{com.google.android.keep/com.google.android.apps.keep.ui.activities.BrowseActivity}; mState=IDEL
04-09 00:58:54.611  1265  1749 E SDM     : HWCSession::GetClientTargetProperty: GetClinetTargetProperty interface enter
04-09 00:58:54.613  4073  4317 D OneHandedController: stopOneHanded state is 0
04-09 00:58:54.615  2184  7321 I SmartPower: com.google.android.apps.photos/10191(25405): idle->background(28412ms) R(service create com.google.android.apps.photos/androidx.work.impl.background.systemjob.SystemJobService) adj=0.
04-09 00:58:54.618  2184  7321 I whetstone.activity: Power Event callback listener is empty for resId=256
04-09 00:58:54.618  2184  7321 D BatteryStatsManagerStub: notifyEvent for resId=256 used 0ms
04-09 00:58:54.619  1265  1749 E SDM     : HWCSession::GetClientTargetProperty: GetClinetTargetProperty interface enter
04-09 00:58:54.621  1296  1296 E ANDR-PERF-DATA-POOL: EventDataPool is Full
04-09 00:58:54.621  1296  1296 E ANDR-PERF-MPCTL: perf request submission limit reached.
04-09 00:58:54.621  1296  1296 E ANDR-PERF-DATA-POOL: EventDataPool is Full
04-09 00:58:54.621  1296  1296 E ANDR-PERF-MPCTL: perf request submission limit reached.
04-09 00:58:54.622 28052 28425 D MA#SysAcctMgr: isUserSignedIn: FALSE not present [com.garmin.connectiq]
04-09 00:58:54.628  1265  1749 E SDM     : HWCSession::GetClientTargetProperty: GetClinetTargetProperty interface enter
04-09 00:58:54.629 15853 16235 D BufferPoolAccessor2.0: bufferpool2 0xb40000716c01aa28 : 5(40960 size) total buffers - 0(0 size) used buffers - 18114/18174 (recycle/alloc) - 83/18097 (fetch/transfer)
04-09 00:58:54.629 15853 16235 D BufferPoolAccessor2.0: evictor expired: 2, evicted: 2
04-09 00:58:54.630 28052 28415 D Auth    : [AuthDataSource] - AuthState.SignedOut
04-09 00:58:54.630  4110  4626 D RecentsModel: onTaskStackChangedBackground    MSG_TASK_STACK_CHANGE
04-09 00:58:54.631  4110  4174 D EventBus: No subscribers registered for event class com.miui.home.recents.messages.RecentTasksChangedEvent
04-09 00:58:54.631  4110  4174 D EventBus: No subscribers registered for event class org.greenrobot.eventbus.NoSubscriberEvent
04-09 00:58:54.634  4110  4626 W RecentsModel: getRunningTask   taskInfo=TaskInfo{userId=0 taskId=14411 displayId=0 isRunning=true baseIntent=Intent { flg=0x10000000 cmp=com.google.android.keep/.activities.BrowseActivity } baseActivity=ComponentInfo{com.google.android.keep/com.google.android.apps.keep.ui.activities.BrowseActivity} topActivity=ComponentInfo{com.google.android.keep/com.google.android.apps.keep.ui.activities.BrowseActivity} origActivity=ComponentInfo{com.google.android.keep/com.google.android.keep.activities.BrowseActivity} realActivity=ComponentInfo{com.google.android.keep/com.google.android.apps.keep.ui.activities.BrowseActivity} numActivities=1 lastActiveTime=97805855 supportsSplitScreenMultiWindow=true supportsMultiWindow=true resizeMode=1 isResizeable=true minWidth=-1 minHeight=-1 defaultMinSize=200 token=WCT{android.window.IWindowContainerToken$Stub$Proxy@fef6b42} topActivityType=1 pictureInPictureParams=null shouldDockBigOverlays=false launchIntoPipHostTaskId=-1 lastParentTaskIdBeforePip=-1 displayCutoutSafeInsets=Rect(0, 94 - 0, 0) topActivityInfo=ActivityInfo{2aaf753 com.google.android.keep.activities.BrowseActivity} launchCookies=[] positionInParent=Point(0, 0) parentTaskId=-1 isFocused=false isVisible=true isVisibleRequested=false isSleeping=false topActivityInSizeCompat=false topActivityInMiuiSizeCompat=false topActivityEligibleForLetterboxEducation= false topActivityLetterboxed= false isFromDoubleTap= false topActivityLetterboxVerticalPosition= -1 topActivityLetterboxHorizontalPosition= -1 topActivityLetterboxWidth=-1 topActivityLetterboxHeight=-1 locusId=null displayAreaFeatureId=1 cameraCompatControlState=hidden mIsCastMode=false mTopActivityMediaSize=null mTopActivityRecordName=ActivityRecord{3f72ecb u0 com.google.android.keep/.activities.BrowseActivity t14411} mTopActivityOrientation=-2 mTopActivityWindowIsNowVisible=true isTranslucent=true isEmbedded=false shouldBeVisible=true isImmersive=false mBehindAppLockPkg=null mOriginatingUid=0}
04-09 00:58:54.634  4110  4626 D RecentsModel: preloadRecents runningTaskId:14411, mCurrentRunningTaskId:-1, mRecentsTaskLoadPlan=com.android.systemui.shared.recents.model.RecentsTaskLoadPlan@758c890
04-09 00:58:54.635  1296  1296 E ANDR-PERF-DATA-POOL: EventDataPool is Full
04-09 00:58:54.635  1296  1296 E ANDR-PERF-MPCTL: perf request submission limit reached.
04-09 00:58:54.635  4110  4626 E ActivityManagerWrapper: get all recent tasks force including 14411
04-09 00:58:54.636  1265  1749 E SDM     : HWCSession::GetClientTargetProperty: GetClinetTargetProperty interface enter
04-09 00:58:54.636  1296  1296 E ANDR-PERF-DATA-POOL: EventDataPool is Full
04-09 00:58:54.636  1296  1296 E ANDR-PERF-MPCTL: perf request submission limit reached.
04-09 00:58:54.637 25935 25935 E FileUtils: err write to mi_exception_log
04-09 00:58:54.638 25935 25935 E FileUtils: err write to mi_exception_log
04-09 00:58:54.641 25935 25935 D Capacitor: App paused
04-09 00:58:54.644  1265  1749 E SDM     : HWCSession::GetClientTargetProperty: GetClinetTargetProperty interface enter
04-09 00:58:54.645  1914  2771 D BufferPoolAccessor2.0: bufferpool2 0xb40000733754da28 : 5(20480 size) total buffers - 1(4096 size) used buffers - 18068/18093 (recycle/alloc) - 68/18093 (fetch/transfer)
04-09 00:58:54.645  1914  2771 D BufferPoolAccessor2.0: evictor expired: 1, evicted: 1
04-09 00:58:54.645  4110  4626 E ActivityManagerWrapper: getRecentTasksForceIncludingTaskIdIfValid: getRecentTasks: size=10
04-09 00:58:54.645  4110  4626 E ActivityManagerWrapper:  mainTaskId=14411   userId=0   windowMode=1   baseIntent=Intent { act=null flag=268435456 cmp=ComponentInfo{com.google.android.keep/com.google.android.keep.activities.BrowseActivity} }
04-09 00:58:54.645  4110  4626 E ActivityManagerWrapper:  mainTaskId=14389   userId=0   windowMode=1   baseIntent=Intent { act=android.intent.action.MAIN flag=270532608 cmp=ComponentInfo{com.suno.android/com.suno.android.MainActivity} }
04-09 00:58:54.645  4110  4626 E ActivityManagerWrapper:  mainTaskId=14409   userId=0   windowMode=1   baseIntent=Intent { act=null flag=268435456 cmp=ComponentInfo{com.google.android.gm/com.google.android.gm.ConversationListActivityGmail} }
04-09 00:58:54.645  4110  4626 E ActivityManagerWrapper:  mainTaskId=14404   userId=0   windowMode=1   baseIntent=Intent { act=null flag=268435456 cmp=ComponentInfo{app.blearn.mobile/app.blearn.mobile.MainActivity} }
04-09 00:58:54.645  4110  4626 E ActivityManagerWrapper:  mainTaskId=14394   userId=0   windowMode=1   baseIntent=Intent { act=android.settings.ACCESSIBILITY_SETTINGS flag=268435456 cmp=ComponentInfo{com.android.settings/com.android.settings.accessibility.MiuiAccessibilitySettingsActivity} }
04-09 00:58:54.645  4110  4626 E ActivityManagerWrapper:  mainTaskId=14383   userId=0   windowMode=1   baseIntent=Intent { act=null flag=268435456 cmp=ComponentInfo{com.whatsapp/com.whatsapp.home.ui.HomeActivity} }
04-09 00:58:54.645  4110  4626 E ActivityManagerWrapper:  mainTaskId=14372   userId=0   windowMode=1   baseIntent=Intent { act=android.intent.action.MAIN flag=335544320 cmp=ComponentInfo{com.android.deskclock/com.android.deskclock.DeskClockTabActivity} }
04-09 00:58:54.645  4110  4626 E ActivityManagerWrapper:  mainTaskId=14359   userId=0   windowMode=1   baseIntent=Intent { act=android.intent.action.MAIN flag=269549568 cmp=ComponentInfo{com.s_payment.mobiles_bezahlen/de.starfinanz.payment.MainActivity} }
04-09 00:58:54.645  4110  4626 E ActivityManagerWrapper:  mainTaskId=14342   userId=0   windowMode=1   baseIntent=Intent { act=null flag=369098752 cmp=ComponentInfo{com.google.android.googlequicksearchbox/com.google.android.apps.search.assistant.surfaces.voice.robin.main.MainActivity} }
04-09 00:58:54.645  4110  4626 E ActivityManagerWrapper:  mainTaskId=14336   userId=0   windowMode=1   baseIntent=Intent { act=android.intent.action.MAIN flag=270532608 cmp=ComponentInfo{com.google.android.apps.maps/com.google.android.maps.MapsActivity} }
04-09 00:58:54.646  1296  1296 E ANDR-PERF-DATA-POOL: EventDataPool is Full
04-09 00:58:54.646  1296  1296 E ANDR-PERF-MPCTL: perf request submission limit reached.
04-09 00:58:54.648  4110  4626 D WorldCirculate: getWorldCirculateInfo, taskInfo.baseIntent=Intent { flg=0x10000000 cmp=app.blearn.mobile/.MainActivity }, displayId=-1, but get Display failed
04-09 00:58:54.649  4110  4626 D WorldCirculate: getWorldCirculateInfo, taskInfo.baseIntent=Intent { act=android.settings.ACCESSIBILITY_SETTINGS flg=0x10000000 cmp=com.android.settings/.accessibility.MiuiAccessibilitySettingsActivity }, displayId=-1, but get Display failed
04-09 00:58:54.651  4110  4626 D TaskSnapshotCompatVU: getIsInvalidateFromTaskSnapshot, return, mTaskSnapshot=null, mTaskSnapshotClazz=null
04-09 00:58:54.653  1265  1749 E SDM     : HWCSession::GetClientTargetProperty: GetClinetTargetProperty interface enter
04-09 00:58:54.653  1296  1296 E ANDR-PERF-DATA-POOL: EventDataPool is Full
04-09 00:58:54.653  1296  1296 E ANDR-PERF-MPCTL: perf request submission limit reached.
04-09 00:58:54.654  2184  7321 D ActivityManager: checkAllowBackground: uid=10282 pkg=com.google.android.keep rec=UidRecord{2be9b42 u0a282 TOP  allowlist change:procadj procs:0 seq(534644,533153)} caps=LCMNFU always=true idle=false
04-09 00:58:54.654  2184  7321 I ActivityManager: App 10282/com.google.android.keep targets O+, restricted
04-09 00:58:54.654  2184  7321 D ActivityManager: checkAllowBackground: uid=10282 pkg=com.google.android.keep startMode=2 onallowlist=true onallowlist(ei)=true
04-09 00:58:54.654  2184  7321 D ActivityManager: checkAllowBackground: uid=10282 pkg=com.google.android.keep rec=UidRecord{2be9b42 u0a282 TOP  allowlist change:procadj procs:0 seq(534644,533153)} caps=LCMNFU always=true idle=false
04-09 00:58:54.654  2184  7321 I ActivityManager: App 10282/com.google.android.keep targets O+, restricted
04-09 00:58:54.654  2184  7321 D ActivityManager: checkAllowBackground: uid=10282 pkg=com.google.android.keep startMode=2 onallowlist=true onallowlist(ei)=true
04-09 00:58:54.654  2184  7321 D ActivityManager: checkAllowBackground: uid=10282 pkg=com.google.android.keep rec=UidRecord{2be9b42 u0a282 TOP  allowlist change:procadj procs:0 seq(534644,533153)} caps=LCMNFU always=true idle=false
04-09 00:58:54.654  2184  7321 I ActivityManager: App 10282/com.google.android.keep targets O+, restricted
04-09 00:58:54.654  2184  7321 D ActivityManager: checkAllowBackground: uid=10282 pkg=com.google.android.keep startMode=2 onallowlist=true onallowlist(ei)=true
04-09 00:58:54.654  2184  7321 D ActivityManager: checkAllowBackground: uid=10282 pkg=com.google.android.keep rec=UidRecord{2be9b42 u0a282 TOP  allowlist change:procadj procs:0 seq(534644,533153)} caps=LCMNFU always=true idle=false
04-09 00:58:54.654  2184  7321 I ActivityManager: App 10282/com.google.android.keep targets O+, restricted
04-09 00:58:54.654  2184  7321 D ActivityManager: checkAllowBackground: uid=10282 pkg=com.google.android.keep startMode=2 onallowlist=true onallowlist(ei)=true
04-09 00:58:54.655  2184  2561 D ActivityManager: checkAllowBackground: uid=10282 pkg=com.google.android.keep rec=UidRecord{2be9b42 u0a282 TOP  allowlist change:procadj procs:0 seq(534644,533153)} caps=LCMNFU always=true idle=false
04-09 00:58:54.655  2184  2561 I ActivityManager: App 10282/com.google.android.keep targets O+, restricted
04-09 00:58:54.655  2184  2561 D ActivityManager: checkAllowBackground: uid=10282 pkg=com.google.android.keep startMode=2 onallowlist=true onallowlist(ei)=true
04-09 00:58:54.661  1265  1749 E SDM     : HWCSession::GetClientTargetProperty: GetClinetTargetProperty interface enter
04-09 00:58:54.661  1296  1296 E ANDR-PERF-DATA-POOL: EventDataPool is Full
04-09 00:58:54.661  1296  1296 E ANDR-PERF-MPCTL: perf request submission limit reached.
04-09 00:58:54.662 25935 27129 D BlearnScreenTime: pending_navigation_completed
04-09 00:58:54.665  1296  1296 E vendor.qti.hardware.perf@2.2-service: Unknown params
04-09 00:58:54.665  2184  8805 D PerfStubImpl: perfWarmLaunchBoost: com.google.android.keep, -1, 1
04-09 00:58:54.665  1296  1296 E vendor.qti.hardware.perf@2.2-service: Unknown params
04-09 00:58:54.665  1296  1296 E ANDR-PERF-DATA-POOL: EventDataPool is Full
04-09 00:58:54.665  1296  1296 E ANDR-PERF-MPCTL: perf request submission limit reached.
04-09 00:58:54.668 28049 28345 D WM-SystemJobScheduler: Scheduling work ID f0bb3b6a-e1de-43d4-9a35-7a1d9fa1abeaJob ID -2147483083
04-09 00:58:54.669  1265  1749 E SDM     : HWCSession::GetClientTargetProperty: GetClinetTargetProperty interface enter
04-09 00:58:54.671  1296  1296 E ANDR-PERF-DATA-POOL: EventDataPool is Full
04-09 00:58:54.671  1296  1296 E ANDR-PERF-MPCTL: perf request submission limit reached.
04-09 00:58:54.673  2184  8805 D PerfStubImpl: perfAnimBoost: com.google.android.keep
04-09 00:58:54.673  1296  1296 E vendor.qti.hardware.perf@2.2-service: Unknown params
04-09 00:58:54.673  1296  1296 E ANDR-PERF-DATA-POOL: EventDataPool is Full
04-09 00:58:54.673  1296  1296 E ANDR-PERF-MPCTL: perf request submission limit reached.
04-09 00:58:54.674  2184  8805 D WindowManager: Collecting in transition 514: ActivityRecord{3f72ecb u0 com.google.android.keep/.activities.BrowseActivity t14411} init visibleRequested:false
04-09 00:58:54.674  2184  7321 D ActivityManager: checkAllowBackground: uid=10248 pkg=com.linkedin.android rec=UidRecord{37f37de u0a248 CEM  idle change:procadj procs:0 seq(534577,533155)} caps=------ always=false idle=true
04-09 00:58:54.675  2184  8805 D WindowManagerService: checkFlipFullScreenChange is same, nowIsFullScreen = false
04-09 00:58:54.676  2184  8805 I whetstone.activity: Power Event callback listener is empty for resId=32
04-09 00:58:54.676  2184  8805 D BatteryStatsManagerStub: notifyEvent for resId=32 used 0ms
04-09 00:58:54.676  2184  8805 I WindowManager: cancelAnimation removed leash : Surface(name=Surface(name=4910c9c StatusBar#94)/@0x7a81a7a - animation-leash of insets_animation#5377)/@0x36b7906
04-09 00:58:54.677 28052 28472 D CompatibilityChangeReporter: Compat change id reported: 194532703; UID 10344; state: ENABLED
04-09 00:58:54.677 28052 28472 D CompatibilityChangeReporter: Compat change id reported: 253665015; UID 10344; state: ENABLED
04-09 00:58:54.677 28052 28472 D WM-SystemJobScheduler: Scheduling work ID 978c615f-62de-47c8-90bf-1fbfb136be7dJob ID 6218
04-09 00:58:54.678  7377  9067 W AiAiAutofill: On activity pause for ContentSelector{packageName=app.blearn.mobile, activityName=app.blearn.mobile.BlockingOverlayActivity, resourceId=null} completing 0 sessions with 1 remaining.
04-09 00:58:54.679  2184  8807 D CompatibilityChangeReporter: Compat change id reported: 271850009; UID 10344; state: ENABLED
04-09 00:58:54.679  2184  8807 D CompatibilityChangeReporter: Compat change id reported: 253665015; UID 10344; state: ENABLED
04-09 00:58:54.679  1265  1749 E SDM     : HWCSession::GetClientTargetProperty: GetClinetTargetProperty interface enter
04-09 00:58:54.679  2184  8807 D CompatibilityChangeReporter: Compat change id reported: 194532703; UID 10344; state: ENABLED
04-09 00:58:54.679  2184  8807 D ActivityManager: checkAllowBackground: uid=10344 pkg=com.garmin.connectiq rec=UidRecord{76c884c u0a344 CEM  idle change:cached|procstate|procadj procs:0 seq(534565,533156)} caps=------ always=false idle=true
04-09 00:58:54.681  2184  8805 I WindowManager: cancelAnimation removed leash : Surface(name=Surface(name=a8c03f0 NavigationBar0#87)/@0xf8813ee - animation-leash of insets_animation#5378)/@0x38a55f4
04-09 00:58:54.685  2184  8805 D WindowManager: wms.Input focus has changed to Window{9d12935 u0 com.google.android.keep/com.google.android.keep.activities.BrowseActivity} display=0 updateInputWindows = true
04-09 00:58:54.685  2184  8805 I MultiSenceManagerInternalStub: getInstance
04-09 00:58:54.686 28028 28328 I cn_CronetLibraryLoader: Cronet version: 145.0.7582.0, arch: aarch64
04-09 00:58:54.686  1296  1296 E ANDR-PERF-DATA-POOL: EventDataPool is Full
04-09 00:58:54.686  1296  1296 E ANDR-PERF-MPCTL: perf request submission limit reached.
04-09 00:58:54.686  1265  1749 E SDM     : HWCSession::GetClientTargetProperty: GetClinetTargetProperty interface enter
04-09 00:58:54.686  1296  1296 E ANDR-PERF-DATA-POOL: EventDataPool is Full
04-09 00:58:54.686  1296  1296 E ANDR-PERF-MPCTL: perf request submission limit reached.
04-09 00:58:54.688  2184  8805 D WindowManager: Set transition=TransitionRecord{84a1a97 id=514 type=CLOSE flags=0x0}, ready=true, SyncId=514 
04-09 00:58:54.693  2184  8805 I BLASTSyncEngine: SyncGroup 514:  Unfinished container:ActivityRecord{3f72ecb u0 com.google.android.keep/.activities.BrowseActivity t14411}
04-09 00:58:54.693  2184  8805 I BLASTSyncEngine: isActivitySyncFinished isSyncFinished false ActivityRecord{3f72ecb u0 com.google.android.keep/.activities.BrowseActivity t14411}
04-09 00:58:54.694  1265  1749 E SDM     : HWCSession::GetClientTargetProperty: GetClinetTargetProperty interface enter
04-09 00:58:54.695  1296  1296 E ANDR-PERF-DATA-POOL: EventDataPool is Full
04-09 00:58:54.695  1296  1296 E ANDR-PERF-MPCTL: perf request submission limit reached.
04-09 00:58:54.696 25935 25935 E FileUtils: err write to mi_exception_log
04-09 00:58:54.697 25935 25935 E FileUtils: err write to mi_exception_log
04-09 00:58:54.698  4073  4317 D MiuiFullScreenTaskRepository: removeFocusedTask displayId=0
04-09 00:58:54.698  4073  4317 D MiuiFullScreenTaskRepository: addOrUpdateFullScreenTaskInfo taskId=14410, topActivity=null
04-09 00:58:54.698  4073  4317 D MiuiFullScreenTaskRepository: setFocusedTask taskId=14411, displayId=0, topActivity=ComponentInfo{com.google.android.keep/com.google.android.apps.keep.ui.activities.BrowseActivity}
04-09 00:58:54.698  4073  4317 D MiuiFullScreenTaskRepository: addOrUpdateFullScreenTaskInfo taskId=14411, topActivity=ComponentInfo{com.google.android.keep/com.google.android.apps.keep.ui.activities.BrowseActivity}
04-09 00:58:54.698  4073  4317 D MiuiDesktopModeController: onFocusTaskChanged newFocus: TaskInfo{userId=0 taskId=14411 displayId=0 isRunning=true baseIntent=Intent { flg=0x10000000 cmp=com.google.android.keep/.activities.BrowseActivity } baseActivity=ComponentInfo{com.google.android.keep/com.google.android.apps.keep.ui.activities.BrowseActivity} topActivity=ComponentInfo{com.google.android.keep/com.google.android.apps.keep.ui.activities.BrowseActivity} origActivity=ComponentInfo{com.google.android.keep/com.google.android.keep.activities.BrowseActivity} realActivity=ComponentInfo{com.google.android.keep/com.google.android.apps.keep.ui.activities.BrowseActivity} numActivities=1 lastActiveTime=97805892 supportsSplitScreenMultiWindow=true supportsMultiWindow=true resizeMode=1 isResizeable=true minWidth=-1 minHeight=-1 defaultMinSize=200 token=WCT{android.window.IWindowContainerToken$Stub$Proxy@459eb61} topActivityType=1 pictureInPictureParams=null shouldDockBigOverlays=false launchIntoPipHostTaskId=-1 lastParentTaskIdBeforePip=-1 displayCutoutSafeInsets=Rect(0, 94 - 0, 0) topActivityInfo=ActivityInfo{e06f686 com.google.android.keep.activities.BrowseActivity} launchCookies=[] positionInParent=Point(0, 0) parentTaskId=-1 isFocused=true isVisible=true isVisibleRequested=true isSleeping=false topActivityInSizeCompat=false topActivityInMiuiSizeCompat=false topActivityEligibleForLetterboxEducation= false topActivityLetterboxed= false isFromDoubleTap= false topActivityLetterboxVerticalPosition= -1 topActivityLetterboxHorizontalPosition= -1 topActivityLetterboxWidth=-1 topActivityLetterboxHeight=-1 locusId=null displayAreaFeatureId=1 cameraCompatControlState=hidden mIsCastMode=false mTopActivityMediaSize=null mTopActivityRecordName=ActivityRecord{3f72ecb u0 com.google.android.keep/.activities.BrowseActivity t14411} mTopActivityOrientation=-1 mTopActivityWindowIsNowVisible=true isTranslucent=false isEmbedded=false shouldBeVisible=true isImmersive=false mBehindAppLockPkg=null mOriginatingUid=0}
04-09 00:58:54.698  4073  4317 D MiuiFreeformModeController: onFocusTaskChanged taskInfo: TaskInfo{userId=0 taskId=14411 displayId=0 isRunning=true baseIntent=Intent { flg=0x10000000 cmp=com.google.android.keep/.activities.BrowseActivity } baseActivity=ComponentInfo{com.google.android.keep/com.google.android.apps.keep.ui.activities.BrowseActivity} topActivity=ComponentInfo{com.google.android.keep/com.google.android.apps.keep.ui.activities.BrowseActivity} origActivity=ComponentInfo{com.google.android.keep/com.google.android.keep.activities.BrowseActivity} realActivity=ComponentInfo{com.google.android.keep/com.google.android.apps.keep.ui.activities.BrowseActivity} numActivities=1 lastActiveTime=97805892 supportsSplitScreenMultiWindow=true supportsMultiWindow=true resizeMode=1 isResizeable=true minWidth=-1 minHeight=-1 defaultMinSize=200 token=WCT{android.window.IWindowContainerToken$Stub$Proxy@459eb61} topActivityType=1 pictureInPictureParams=null shouldDockBigOverlays=false launchIntoPipHostTaskId=-1 lastParentTaskIdBeforePip=-1 displayCutoutSafeInsets=Rect(0, 94 - 0, 0) topActivityInfo=ActivityInfo{e06f686 com.google.android.keep.activities.BrowseActivity} launchCookies=[] positionInParent=Point(0, 0) parentTaskId=-1 isFocused=true isVisible=true isVisibleRequested=true isSleeping=false topActivityInSizeCompat=false topActivityInMiuiSizeCompat=false topActivityEligibleForLetterboxEducation= false topActivityLetterboxed= false isFromDoubleTap= false topActivityLetterboxVerticalPosition= -1 topActivityLetterboxHorizontalPosition= -1 topActivityLetterboxWidth=-1 topActivityLetterboxHeight=-1 locusId=null displayAreaFeatureId=1 cameraCompatControlState=hidden mIsCastMode=false mTopActivityMediaSize=null mTopActivityRecordName=ActivityRecord{3f72ecb u0 com.google.android.keep/.activities.BrowseActivity t14411} mTopActivityOrientation=-1 mTopActivityWindowIsNowVisible=true isTranslucent=false isEmbedded=false shouldBeVisible=true isImmersive=false mBehindAppLockPkg=null mOriginatingUid=0}
04-09 00:58:54.703  1265  1749 E SDM     : HWCSession::GetClientTargetProperty: GetClinetTargetProperty interface enter
04-09 00:58:54.704  1296  1296 E ANDR-PERF-DATA-POOL: EventDataPool is Full
04-09 00:58:54.704  1296  1296 E ANDR-PERF-MPCTL: perf request submission limit reached.
04-09 00:58:54.707  2184  8498 I ActivityManager: Process com.google.android.apps.wellbeing (pid 28296) has died: cch+45 CEM 
04-09 00:58:54.707  2184  2566 I libc    : kill: send 9 to pid -28296 real pid -28296
04-09 00:58:54.707  2184  2566 I libprocessgroup: Successfully killed process cgroup uid 10166 pid 28296 in 0ms
04-09 00:58:54.708  1296  1296 E vendor.qti.hardware.perf@2.2-service: Unknown params
04-09 00:58:54.708  1296  1296 E vendor.qti.hardware.perf@2.2-service: Unknown params
04-09 00:58:54.708  1296  1296 E vendor.qti.hardware.perf@2.2-service: Unknown params
04-09 00:58:54.708  1296  1296 E ANDR-PERF-DATA-POOL: EventDataPool is Full
04-09 00:58:54.708  1296  1296 E ANDR-PERF-MPCTL: perf request submission limit reached.
04-09 00:58:54.708   976   976 I Zygote  : Process 28296 exited due to signal 9 (Killed)
04-09 00:58:54.709  2184  3118 I NetworkBoostStatusManager: onForegroundInfoChanged uid:10282, isColdStart:false
04-09 00:58:54.709  2184  3118 I SLM-SRV-SLAToast: foreground uid:10282, isColdStart:false, isLinkTurboEnable:false
04-09 00:58:54.709  2184  3118 D NetworkSDKService: handleMultiAppsDualWifi isSet = false isEverOpened = false
04-09 00:58:54.709  3988 21118 D MiuiBluetoothLatencyMode: ForegroundInfo{mForegroundPackageName='com.google.android.keep', mForegroundUid=10282, mForegroundPid=28028, mLastForegroundPackageName='app.blearn.mobile', mLastForegroundUid=10030, mLastForegroundPid=25935, mMultiWindowForegroundPackageName='com.google.android.keep', mMultiWindowForegroundUid=10282, mFlags=0}
04-09 00:58:54.709  3988 21118 E bt_btif : btif_get_adapter_property : invalid type 246
04-09 00:58:54.709  3988 21118 E BluetoothAdapterService: getActiveDevices: LeAudioService is null
04-09 00:58:54.709  3988 21118 D MiuiBluetoothLatencyMode: ActiveProfile: -1
04-09 00:58:54.709  2184  3118 E ProcessManager: error write exception log
04-09 00:58:54.709 12404 12418 I GST     : forePkg: com.google.android.keep, preForePkg: app.blearn.mobile
04-09 00:58:54.709  9679 15795 D PerfEngineController: ForegroundInfo{mForegroundPackageName='com.google.android.keep', mForegroundUid=10282, mForegroundPid=28028, mLastForegroundPackageName='app.blearn.mobile', mLastForegroundUid=10030, mLastForegroundPid=25935, mMultiWindowForegroundPackageName='com.google.android.keep', mMultiWindowForegroundUid=10282, mFlags=0}
04-09 00:58:54.710 12404 12418 D VENUS_GAMEAI_START_GameAiStartManager: ķ½śĶāĮµŚČÕł╗µ£¬Õ«ēĶŻģ
04-09 00:58:54.711  8508 11123 I ProcessMonitor: onForegroundInfoChanged: ForegroundInfo{mForegroundPackageName='com.google.android.keep', mForegroundUid=10282, mForegroundPid=28028, mLastForegroundPackageName='app.blearn.mobile', mLastForegroundUid=10030, mLastForegroundPid=25935, mMultiWindowForegroundPackageName='com.google.android.keep', mMultiWindowForegroundUid=10282, mFlags=0}
04-09 00:58:54.711  1265  1749 E SDM     : HWCSession::GetClientTargetProperty: GetClinetTargetProperty interface enter
04-09 00:58:54.711  1296  1296 E ANDR-PERF-DATA-POOL: EventDataPool is Full
04-09 00:58:54.711  1296  1296 E ANDR-PERF-MPCTL: perf request submission limit reached.
04-09 00:58:54.712  8508 11123 I GameBoosterService: onForegroundInfoChanged: Cur=com.google.android.keep	 last=app.blearn.mobile
04-09 00:58:54.713  8508 11123 D GameBoosterService: onGameStatusChange foreground:ForegroundInfo{mForegroundPackageName='com.google.android.keep', mForegroundUid=10282, mForegroundPid=28028, mLastForegroundPackageName='app.blearn.mobile', mLastForegroundUid=10030, mLastForegroundPid=25935, mMultiWindowForegroundPackageName='com.google.android.keep', mMultiWindowForegroundUid=10282, mFlags=0}
04-09 00:58:54.714  8508  8594 D x1      : myUserId = 0	currentUserId0
04-09 00:58:54.715  8508 11123 I VideoBoxUtils: isSupportVideoBox: true
04-09 00:58:54.716 28028 28028 E FileUtils: err write to mi_exception_log
04-09 00:58:54.720  1265  1749 E SDM     : HWCSession::GetClientTargetProperty: GetClinetTargetProperty interface enter
04-09 00:58:54.720  1296  1296 E ANDR-PERF-DATA-POOL: EventDataPool is Full
04-09 00:58:54.720  1296  1296 E ANDR-PERF-MPCTL: perf request submission limit reached.
04-09 00:58:54.726 28028 28125 W RenderInspector: DequeueBuffer time out on com.google.android.keep/com.google.android.keep.activities.BrowseActivity, count=1, avg=10 ms, max=10 ms.
04-09 00:58:54.727  1382  1382 D RefreshRateSelector: Touch Boost
04-09 00:58:54.727  1382  1382 D MI-SF   : mIsSupportAutomodeForMaxFpsSetting is 0(0), getCurrentBrightness() = 898(328), mIsKeepAutoMode 0
04-09 00:58:54.727  1382  1382 D RefreshRateSelector: fixedMode_group: 0, isFindModeGroup 0
04-09 00:58:54.727  1382  1382 D RefreshRateSelector: find max refresh rate:120, mode Group:0
04-09 00:58:54.728  1265  1749 E SDM     : HWCSession::GetClientTargetProperty: GetClinetTargetProperty interface enter
04-09 00:58:54.730  1296  1296 E ANDR-PERF-DATA-POOL: EventDataPool is Full
04-09 00:58:54.730  1296  1296 E ANDR-PERF-MPCTL: perf request submission limit reached.
04-09 00:58:54.729 31703 31721 I IPCThreadState: oneway function results for code 3 on binder at 0xb400007272733760 will be dropped but finished with status UNKNOWN_TRANSACTION
04-09 00:58:54.731  8105 23384 I IPCThreadState: oneway function results for code 3 on binder at 0xb4000072723f1040 will be dropped but finished with status UNKNOWN_TRANSACTION
04-09 00:58:54.733  2184  2296 D DisplayManagerService: Drop pending events for gone uid 10166
04-09 00:58:54.733  2184  2922 I MiuiNetworkPolicy: removeUidState uid = 10166
04-09 00:58:54.733  2184  2296 I NetworkBoostStatusManager: onUidGone uid: 10166
04-09 00:58:54.734  2184  3983 I SLM-SRV-SLSAppLib: SLM_Ai_Mode EVENT_CHECK_GMAE_AI_MODE_STATUS
04-09 00:58:54.734  2184  3983 I SLM-SRV-SLSAppLib: SLM_Ai_Mode checkGameAiModeStatus mGameAiModeCloudControl:false mLinkTurboAiModeSwitch:false mGameAiModeInterfaceReady:false mGameStartBattle:false powerMgrGameUid:0
04-09 00:58:54.734  8508 11123 I VideoToolBoxService: splitMode: onfalse
04-09 00:58:54.735  1382  1382 D RefreshRateSelector: Touch Boost
04-09 00:58:54.735  1382  1382 D MI-SF   : mIsSupportAutomodeForMaxFpsSetting is 0(0), getCurrentBrightness() = 898(328), mIsKeepAutoMode 0
04-09 00:58:54.735  1382  1382 D RefreshRateSelector: fixedMode_group: 0, isFindModeGroup 0
04-09 00:58:54.735  1382  1382 D RefreshRateSelector: find max refresh rate:120, mode Group:0
04-09 00:58:54.737  1265  1749 E SDM     : HWCSession::GetClientTargetProperty: GetClinetTargetProperty interface enter
04-09 00:58:54.737  1296  1296 E ANDR-PERF-DATA-POOL: EventDataPool is Full
04-09 00:58:54.737  1296  1296 E ANDR-PERF-MPCTL: perf request submission limit reached.
04-09 00:58:54.740 22435 25900 W android.vending: PerfMonitor async binderTransact :  time=482ms interface=com.google.android.play.core.integrity.protocol.IExpressIntegrityService code=2
04-09 00:58:54.744  1265  1749 E SDM     : HWCSession::GetClientTargetProperty: GetClinetTargetProperty interface enter
04-09 00:58:54.744  1296  1296 E ANDR-PERF-DATA-POOL: EventDataPool is Full
04-09 00:58:54.745  1296  1296 E ANDR-PERF-MPCTL: perf request submission limit reached.
04-09 00:58:54.747   976   976 I Zygote  : Process 11213 exited due to signal 9 (Killed)
04-09 00:58:54.749  8508 11123 D FreeformUtil: retrieveFirstNoFreeformRootTaskInfo: windowMode = 1
04-09 00:58:54.749  8508 11123 I VideoToolBoxService: not support vtb. skipExit : false
04-09 00:58:54.750  8508 11123 I BeautyService: onForegroundInfoChanged: Cur=com.google.android.keep	 last=app.blearn.mobile
04-09 00:58:54.754  2184  8498 D SchedBoost: com.google.android.webview:sandboxed_process0:org.chromium.content.app.SandboxedProcessService0:1 boosting, skip reset priority
04-09 00:58:54.754  1265  1749 E SDM     : HWCSession::GetClientTargetProperty: GetClinetTargetProperty interface enter
04-09 00:58:54.755  1296  1296 E ANDR-PERF-DATA-POOL: EventDataPool is Full
04-09 00:58:54.755  1296  1296 E ANDR-PERF-MPCTL: perf request submission limit reached.
04-09 00:58:54.758  2184  2922 I MiuiNetworkPolicy: updateUidState uid = 99047, uidState = 5
04-09 00:58:54.758   640   640 W lowmemorykiller: Failed to open /proc/11213/oom_score_adj; errno=2: process 11213 might have been killed
04-09 00:58:54.762  1265  1749 E SDM     : HWCSession::GetClientTargetProperty: GetClinetTargetProperty interface enter
04-09 00:58:54.766  1296  1296 E ANDR-PERF-DATA-POOL: EventDataPool is Full
04-09 00:58:54.766  1296  1296 E ANDR-PERF-MPCTL: perf request submission limit reached.
04-09 00:58:54.770  1265  1749 E SDM     : HWCSession::GetClientTargetProperty: GetClinetTargetProperty interface enter
04-09 00:58:54.770  1296  1296 E ANDR-PERF-DATA-POOL: EventDataPool is Full
04-09 00:58:54.770  1296  1296 E ANDR-PERF-MPCTL: perf request submission limit reached.
04-09 00:58:54.771  2184  8637 D ActivityManager: checkAllowBackground: uid=10282 pkg=com.google.android.keep rec=UidRecord{2be9b42 u0a282 TOP  allowlist change:procadj procs:0 seq(534694,534663)} caps=LCMNFU always=true idle=false
04-09 00:58:54.771  2184  8637 I ActivityManager: App 10282/com.google.android.keep targets O+, restricted
04-09 00:58:54.771  2184  8637 D ActivityManager: checkAllowBackground: uid=10282 pkg=com.google.android.keep startMode=2 onallowlist=true onallowlist(ei)=true
04-09 00:58:54.775  2184  2922 I MiuiNetworkPolicy: updateUidState uid = 10030, uidState = 5
04-09 00:58:54.775  2184  2741 D ActivityManager: checkAllowBackground: uid=10282 pkg=com.google.android.keep rec=UidRecord{2be9b42 u0a282 TOP  allowlist change:procadj procs:0 seq(534694,534663)} caps=LCMNFU always=false idle=false
04-09 00:58:54.777  2184  2922 I MiuiNetworkPolicy: updateUidState uid = 10248, uidState = 8
04-09 00:58:54.777  2184  8496 D ActivityManager: checkAllowBackground: uid=10282 pkg=com.google.android.keep rec=UidRecord{2be9b42 u0a282 TOP  allowlist change:procadj procs:0 seq(534694,534663)} caps=LCMNFU always=false idle=false
04-09 00:58:54.778  1265  1749 E SDM     : HWCSession::GetClientTargetProperty: GetClinetTargetProperty interface enter
04-09 00:58:54.780   640   640 W lowmemorykiller: Failed to open /proc/11213/oom_score_adj; errno=2: process 11213 might have been killed
04-09 00:58:54.782  2184  8806 I ActivityManager: Process com.android.thememanager (pid 11213) has died: cch+45 CEM 
04-09 00:58:54.782  2184  2566 I libc    : kill: send 9 to pid -11213 real pid -11213
04-09 00:58:54.782  2184  2566 I libprocessgroup: Successfully killed process cgroup uid 6101 pid 11213 in 0ms
04-09 00:58:54.783  2184  7321 I whetstone.activity: Power Event callback listener is empty for resId=256
04-09 00:58:54.783  2184  7321 D BatteryStatsManagerStub: notifyEvent for resId=256 used 0ms
04-09 00:58:54.784 28049 28345 D WM-GreedyScheduler: Starting tracking for f0bb3b6a-e1de-43d4-9a35-7a1d9fa1abea
04-09 00:58:54.787  1265  1749 E SDM     : HWCSession::GetClientTargetProperty: GetClinetTargetProperty interface enter
04-09 00:58:54.788  1296  1296 E ANDR-PERF-DATA-POOL: EventDataPool is Full
04-09 00:58:54.788  1296  1296 E ANDR-PERF-MPCTL: perf request submission limit reached.
04-09 00:58:54.788  1296  1296 E ANDR-PERF-DATA-POOL: EventDataPool is Full
04-09 00:58:54.788  1296  1296 E ANDR-PERF-MPCTL: perf request submission limit reached.
04-09 00:58:54.789  2184  3118 E ProcessManager: error write exception log
04-09 00:58:54.790  2184  8806 D CompatibilityChangeReporter: Compat change id reported: 261072174; UID 1000; state: DISABLED
04-09 00:58:54.791 31703 31721 I IPCThreadState: oneway function results for code 3 on binder at 0xb400007272733760 will be dropped but finished with status UNKNOWN_TRANSACTION
04-09 00:58:54.791  8105 23384 I IPCThreadState: oneway function results for code 3 on binder at 0xb4000072723f1040 will be dropped but finished with status UNKNOWN_TRANSACTION
04-09 00:58:54.792  1296  1296 E vendor.qti.hardware.perf@2.2-service: Unknown params
04-09 00:58:54.792  1296  1296 E vendor.qti.hardware.perf@2.2-service: Unknown params
04-09 00:58:54.792  1296  1296 E vendor.qti.hardware.perf@2.2-service: Unknown params
04-09 00:58:54.792  1296  1296 E ANDR-PERF-DATA-POOL: EventDataPool is Full
04-09 00:58:54.792  1296  1296 E ANDR-PERF-MPCTL: perf request submission limit reached.
04-09 00:58:54.793  4110  4174 D EventBus: No subscribers registered for event class com.miui.home.recents.messages.RecentTasksChangedEvent
04-09 00:58:54.793  4110  4174 D EventBus: No subscribers registered for event class org.greenrobot.eventbus.NoSubscriberEvent
04-09 00:58:54.793  4110  4626 D RecentsModel: onTaskStackChangedBackground    MSG_TASK_STACK_CHANGE
04-09 00:58:54.795  1265  1749 E SDM     : HWCSession::GetClientTargetProperty: GetClinetTargetProperty interface enter
04-09 00:58:54.796  8508  8594 I SCTaskStackListener: onTaskStackChanged! inSplit = false
04-09 00:58:54.800  2184  2296 D DisplayManagerService: Drop pending events for gone uid 6101
04-09 00:58:54.801  2184  2922 I MiuiNetworkPolicy: removeUidState uid = 6101
04-09 00:58:54.801 28028 28028 E FileUtils: err write to mi_exception_log
04-09 00:58:54.801  2184  2296 I NetworkBoostStatusManager: onUidGone uid: 6101
04-09 00:58:54.801  2184  3983 I SLM-SRV-SLSAppLib: SLM_Ai_Mode EVENT_CHECK_GMAE_AI_MODE_STATUS
04-09 00:58:54.801  2184  3983 I SLM-SRV-SLSAppLib: SLM_Ai_Mode checkGameAiModeStatus mGameAiModeCloudControl:false mLinkTurboAiModeSwitch:false mGameAiModeInterfaceReady:false mGameStartBattle:false powerMgrGameUid:0
04-09 00:58:54.802  1382  1382 D RefreshRateSelector: Touch Boost
04-09 00:58:54.802  1382  1382 D MI-SF   : mIsSupportAutomodeForMaxFpsSetting is 0(0), getCurrentBrightness() = 898(328), mIsKeepAutoMode 0
04-09 00:58:54.802  1382  1382 D RefreshRateSelector: fixedMode_group: 0, isFindModeGroup 0
04-09 00:58:54.802  1382  1382 D RefreshRateSelector: find max refresh rate:120, mode Group:0
04-09 00:58:54.802  8508 11123 I SCTaskStackListener: onTaskStackChanged! inSplit = false
04-09 00:58:54.802  1296  1296 E ANDR-PERF-DATA-POOL: EventDataPool is Full
04-09 00:58:54.802  1296  1296 E ANDR-PERF-MPCTL: perf request submission limit reached.
04-09 00:58:54.802 25935 25935 E FileUtils: err write to mi_exception_log
04-09 00:58:54.804 28028 28028 D VRI[BrowseActivity]: vri.reportNextDraw android.view.ViewRootImpl.handleResized:2339 android.view.ViewRootImpl.-$$Nest$mhandleResized:0 android.view.ViewRootImpl$ViewRootHandler.handleMessageImpl:6771 android.view.ViewRootImpl$ViewRootHandler.handleMessage:6740 android.os.Handler.dispatchMessage:106 
04-09 00:58:54.804  1265  1749 E SDM     : HWCSession::GetClientTargetProperty: GetClinetTargetProperty interface enter
04-09 00:58:54.805 25935 25935 I Capacitor/Console: File:  - Line 333 - Msg: undefined
04-09 00:58:54.807 25935 25935 I Capacitor/Console: File:  - Line 333 - Msg: undefined
04-09 00:58:54.809 28028 28028 D VRI[BrowseActivity]: vri.Setup new sync=wmsSync-VRI[BrowseActivity]#2
04-09 00:58:54.809 25935 25935 I Capacitor/Console: File:  - Line 349 - Msg: [object Object]
04-09 00:58:54.811 25935 25935 D BlearnAccessibility: event: app.blearn.mobile type=2048
04-09 00:58:54.811 25935 25935 D BlearnAccessibility: skip: own package
04-09 00:58:54.812  1265  1749 E SDM     : HWCSession::GetClientTargetProperty: GetClinetTargetProperty interface enter
04-09 00:58:54.812  1296  1296 E ANDR-PERF-DATA-POOL: EventDataPool is Full
04-09 00:58:54.812  1296  1296 E ANDR-PERF-MPCTL: perf request submission limit reached.
04-09 00:58:54.812  1296  1296 E ANDR-PERF-DATA-POOL: EventDataPool is Full
04-09 00:58:54.812  1296  1296 E ANDR-PERF-MPCTL: perf request submission limit reached.
04-09 00:58:54.814  4073  5386 D MiuiFreeformModeObserver: activityResumed() intent’╝Ü Intent { cmp=com.google.android.keep/com.google.android.apps.keep.ui.activities.BrowseActivity (has extras) }
04-09 00:58:54.814  4110  4110 D RecentsImpl: mActivityStateObserver com.google.android.apps.keep.ui.activities.BrowseActivity
04-09 00:58:54.815  4110  4110 W RecentsImpl: onResumed className=com.google.android.apps.keep.ui.activities.BrowseActivity   mIsInAnotherPro=false   isKeyguardLocked=false   mIsStatusBarExpansion=false   mSecuritySpaceGuideShown=false
04-09 00:58:54.816  4110  4626 W RecentsModel: getRunningTask   taskInfo=TaskInfo{userId=0 taskId=14411 displayId=0 isRunning=true baseIntent=Intent { flg=0x10000000 cmp=com.google.android.keep/.activities.BrowseActivity } baseActivity=ComponentInfo{com.google.android.keep/com.google.android.apps.keep.ui.activities.BrowseActivity} topActivity=ComponentInfo{com.google.android.keep/com.google.android.apps.keep.ui.activities.BrowseActivity} origActivity=ComponentInfo{com.google.android.keep/com.google.android.keep.activities.BrowseActivity} realActivity=ComponentInfo{com.google.android.keep/com.google.android.apps.keep.ui.activities.BrowseActivity} numActivities=1 lastActiveTime=97806037 supportsSplitScreenMultiWindow=true supportsMultiWindow=true resizeMode=1 isResizeable=true minWidth=-1 minHeight=-1 defaultMinSize=200 token=WCT{android.window.IWindowContainerToken$Stub$Proxy@d497589} topActivityType=1 pictureInPictureParams=null shouldDockBigOverlays=false launchIntoPipHostTaskId=-1 lastParentTaskIdBeforePip=-1 displayCutoutSafeInsets=Rect(0, 94 - 0, 0) topActivityInfo=ActivityInfo{b0cf98e com.google.android.keep.activities.BrowseActivity} launchCookies=[] positionInParent=Point(0, 0) parentTaskId=-1 isFocused=true isVisible=true isVisibleRequested=true isSleeping=false topActivityInSizeCompat=false topActivityInMiuiSizeCompat=false topActivityEligibleForLetterboxEducation= false topActivityLetterboxed= false isFromDoubleTap= false topActivityLetterboxVerticalPosition= -1 topActivityLetterboxHorizontalPosition= -1 topActivityLetterboxWidth=-1 topActivityLetterboxHeight=-1 locusId=null displayAreaFeatureId=1 cameraCompatControlState=hidden mIsCastMode=false mTopActivityMediaSize=null mTopActivityRecordName=ActivityRecord{3f72ecb u0 com.google.android.keep/.activities.BrowseActivity t14411} mTopActivityOrientation=-1 mTopActivityWindowIsNowVisible=true isTranslucent=false isEmbedded=false shouldBeVisible=true isImmersive=false mBehindAppLockPkg=null mOriginatingUid=0}
04-09 00:58:54.816  4110  4626 D RecentsModel: preloadRecents runningTaskId:14411, mCurrentRunningTaskId:-1, mRecentsTaskLoadPlan=com.android.systemui.shared.recents.model.RecentsTaskLoadPlan@a63b5af
04-09 00:58:54.816  4110  4626 E ActivityManagerWrapper: get all recent tasks force including 14411
04-09 00:58:54.817 28049 28345 D WM-ConstraintTracker: NetworkStateTracker24: initial state = NetworkState(isConnected=true, isValidated=true, isMetered=false, isNotRoaming=true, isBlocked=false)
04-09 00:58:54.817 28049 28345 D WM-NetworkStateTracker: Registering network callback
04-09 00:58:54.818 28028 28028 D VRI[BrowseActivity]: vri.reportDrawFinished
04-09 00:58:54.819  1382  1382 D RefreshRateSelector: Touch Boost
04-09 00:58:54.819  1382  1382 D MI-SF   : mIsSupportAutomodeForMaxFpsSetting is 0(0), getCurrentBrightness() = 898(328), mIsKeepAutoMode 0
04-09 00:58:54.819  1382  1382 D RefreshRateSelector: fixedMode_group: 0, isFindModeGroup 0
04-09 00:58:54.819  1382  1382 D RefreshRateSelector: find max refresh rate:120, mode Group:0
04-09 00:58:54.819 28028 28028 I HandWritingStubImpl: refreshLastKeyboardType: 1
04-09 00:58:54.819 28028 28028 I HandWritingStubImpl: getCurrentKeyboardType: 1
04-09 00:58:54.820 25935 25935 V Capacitor/Plugin: To native (Capacitor plugin): callbackId: 91768203, pluginId: ScreenTime, methodName: consumePendingNavigation
04-09 00:58:54.820 25935 25935 V Capacitor: callback: 91768203, pluginId: ScreenTime, methodName: consumePendingNavigation, methodData: {}
04-09 00:58:54.820  1265  1749 E SDM     : HWCSession::GetClientTargetProperty: GetClinetTargetProperty interface enter
04-09 00:58:54.821  2184  4768 I ImeTracker: com.google.android.keep:3c8b0ec7: onRequestHide at ORIGIN_SERVER_HIDE_INPUT reason HIDE_UNSPECIFIED_WINDOW
04-09 00:58:54.821  4110  4626 E ActivityManagerWrapper: getRecentTasksForceIncludingTaskIdIfValid: getRecentTasks: size=10
04-09 00:58:54.821  4110  4626 E ActivityManagerWrapper:  mainTaskId=14411   userId=0   windowMode=1   baseIntent=Intent { act=null flag=268435456 cmp=ComponentInfo{com.google.android.keep/com.google.android.keep.activities.BrowseActivity} }
04-09 00:58:54.821  4110  4626 E ActivityManagerWrapper:  mainTaskId=14389   userId=0   windowMode=1   baseIntent=Intent { act=android.intent.action.MAIN flag=270532608 cmp=ComponentInfo{com.suno.android/com.suno.android.MainActivity} }
04-09 00:58:54.821  4110  4626 E ActivityManagerWrapper:  mainTaskId=14409   userId=0   windowMode=1   baseIntent=Intent { act=null flag=268435456 cmp=ComponentInfo{com.google.android.gm/com.google.android.gm.ConversationListActivityGmail} }
04-09 00:58:54.821  4110  4626 E ActivityManagerWrapper:  mainTaskId=14404   userId=0   windowMode=1   baseIntent=Intent { act=null flag=268435456 cmp=ComponentInfo{app.blearn.mobile/app.blearn.mobile.MainActivity} }
04-09 00:58:54.821  4110  4626 E ActivityManagerWrapper:  mainTaskId=14394   userId=0   windowMode=1   baseIntent=Intent { act=android.settings.ACCESSIBILITY_SETTINGS flag=268435456 cmp=ComponentInfo{com.android.settings/com.android.settings.accessibility.MiuiAccessibilitySettingsActivity} }
04-09 00:58:54.821  4110  4626 E ActivityManagerWrapper:  mainTaskId=14383   userId=0   windowMode=1   baseIntent=Intent { act=null flag=268435456 cmp=ComponentInfo{com.whatsapp/com.whatsapp.home.ui.HomeActivity} }
04-09 00:58:54.821  4110  4626 E ActivityManagerWrapper:  mainTaskId=14372   userId=0   windowMode=1   baseIntent=Intent { act=android.intent.action.MAIN flag=335544320 cmp=ComponentInfo{com.android.deskclock/com.android.deskclock.DeskClockTabActivity} }
04-09 00:58:54.821  4110  4626 E ActivityManagerWrapper:  mainTaskId=14359   userId=0   windowMode=1   baseIntent=Intent { act=android.intent.action.MAIN flag=269549568 cmp=ComponentInfo{com.s_payment.mobiles_bezahlen/de.starfinanz.payment.MainActivity} }
04-09 00:58:54.821  4110  4626 E ActivityManagerWrapper:  mainTaskId=14342   userId=0   windowMode=1   baseIntent=Intent { act=null flag=369098752 cmp=ComponentInfo{com.google.android.googlequicksearchbox/com.google.android.apps.search.assistant.surfaces.voice.robin.main.MainActivity} }
04-09 00:58:54.821  4110  4626 E ActivityManagerWrapper:  mainTaskId=14336   userId=0   windowMode=1   baseIntent=Intent { act=android.intent.action.MAIN flag=270532608 cmp=ComponentInfo{com.google.android.apps.maps/com.google.android.maps.MapsActivity} }
04-09 00:58:54.821  1296  1296 E ANDR-PERF-DATA-POOL: EventDataPool is Full
04-09 00:58:54.821  1296  1296 E ANDR-PERF-MPCTL: perf request submission limit reached.
04-09 00:58:54.821  2184  4768 I ImeTracker: com.google.android.keep:3c8b0ec7: onCancelled at PHASE_SERVER_SHOULD_HIDE
04-09 00:58:54.822  9679  9718 D MirrorManager:  sendAcceptInput 0 0
04-09 00:58:54.824 25935 27129 D BlearnScreenTime: consume_pending_navigation_empty
04-09 00:58:54.827  1382  1382 D RefreshRateSelector: Touch Boost
04-09 00:58:54.827  4110  4626 D WorldCirculate: getWorldCirculateInfo, taskInfo.baseIntent=Intent { flg=0x10000000 cmp=app.blearn.mobile/.MainActivity }, displayId=-1, but get Display failed
04-09 00:58:54.827  1382  1382 D MI-SF   : mIsSupportAutomodeForMaxFpsSetting is 0(0), getCurrentBrightness() = 898(328), mIsKeepAutoMode 0
04-09 00:58:54.827  1382  1382 D RefreshRateSelector: fixedMode_group: 0, isFindModeGroup 0
04-09 00:58:54.827  1382  1382 D RefreshRateSelector: find max refresh rate:120, mode Group:0
04-09 00:58:54.829  1265  1749 E SDM     : HWCSession::GetClientTargetProperty: GetClinetTargetProperty interface enter
04-09 00:58:54.829  1296  1296 E ANDR-PERF-DATA-POOL: EventDataPool is Full
04-09 00:58:54.829  1296  1296 E ANDR-PERF-MPCTL: perf request submission limit reached.
04-09 00:58:54.830  2184  8706 D ConnectivityService: requestNetwork for uid/pid:10248/28049 activeRequest: null callbackRequest: 25664 [NetworkRequest [ REQUEST id=25665, [ Capabilities: INTERNET&NOT_RESTRICTED&TRUSTED&NOT_VCN_MANAGED Uid: 10248 RequestorUid: 10248 RequestorPkg: com.linkedin.android UnderlyingNetworks: Null] ]] callback flags: 0 order: 2147483647 isUidTracked: false declaredMethods: AVAIL|LOST|NC|LP|BLK
04-09 00:58:54.831  4110  4626 D WorldCirculate: getWorldCirculateInfo, taskInfo.baseIntent=Intent { act=android.settings.ACCESSIBILITY_SETTINGS flg=0x10000000 cmp=com.android.settings/.accessibility.MiuiAccessibilitySettingsActivity }, displayId=-1, but get Display failed
04-09 00:58:54.834  2184  2507 D WindowManager: Final targets: [Task{8da65c1 #14411 type=standard A=10282:com.google.android.keep}, Task{eb707bf #14410 type=standard A=10030:app.blearn.mobile.blockingoverlay}]
04-09 00:58:54.836  2184  2923 D WifiNetworkFactory: got request NetworkRequest [ REQUEST id=25665, [ Capabilities: INTERNET&NOT_RESTRICTED&TRUSTED&NOT_VCN_MANAGED Uid: 10248 RequestorUid: 10248 RequestorPkg: com.linkedin.android UnderlyingNetworks: Null] ]
04-09 00:58:54.836  2184  2923 D UntrustedWifiNetworkFactory: got request NetworkRequest [ REQUEST id=25665, [ Capabilities: INTERNET&NOT_RESTRICTED&TRUSTED&NOT_VCN_MANAGED Uid: 10248 RequestorUid: 10248 RequestorPkg: com.linkedin.android UnderlyingNetworks: Null] ]
04-09 00:58:54.836  1265  1749 E SDM     : HWCSession::GetClientTargetProperty: GetClinetTargetProperty interface enter
04-09 00:58:54.837  1296  1296 E ANDR-PERF-DATA-POOL: EventDataPool is Full
04-09 00:58:54.837  1296  1296 E ANDR-PERF-MPCTL: perf request submission limit reached.
04-09 00:58:54.837  2184  2923 D OemPaidWifiNetworkFactory: got request NetworkRequest [ REQUEST id=25665, [ Capabilities: INTERNET&NOT_RESTRICTED&TRUSTED&NOT_VCN_MANAGED Uid: 10248 RequestorUid: 10248 RequestorPkg: com.linkedin.android UnderlyingNetworks: Null] ]
04-09 00:58:54.837  2184  2923 D MultiInternetWifiNetworkFactory: got request NetworkRequest [ REQUEST id=25665, [ Capabilities: INTERNET&NOT_RESTRICTED&TRUSTED&NOT_VCN_MANAGED Uid: 10248 RequestorUid: 10248 RequestorPkg: com.linkedin.android UnderlyingNetworks: Null] ]
04-09 00:58:54.837  2184  2936 D ConnectivityService: NetReassign [25665 : null ŌåÆ 126] [c 0] [a 1] [i 4]
