04-09 00:58:54.839  2184  2507 D WindowManager: Calling onTransitionReady info={id=514 t=CLOSE f=0x0 trk=0 r=[0@Point(0, 0)] c=[{WCT{RemoteToken{aa8588f Task{8da65c1 #14411 type=standard A=10282:com.google.android.keep}}} m=TO_FRONT f=MOVE_TO_TOP leash=Surface(name=Task=14411#5341)/@0xc82f6a8 sb=Rect(0, 0 - 1080, 2400) eb=Rect(0, 0 - 1080, 2400) d=0},{WCT{RemoteToken{20c5108 Task{eb707bf #14410 type=standard A=10030:app.blearn.mobile.blockingoverlay}}} m=CLOSE f=NONE leash=Surface(name=Task=14410#5291)/@0x9d109de sb=Rect(0, 0 - 1080, 2400) eb=Rect(0, 0 - 1080, 2400) d=0}] noAni=[false] df=[false] mk=[true] nc=[0]}, mToken=Token{a76d6c8 TransitionRecord{84a1a97 id=514 type=CLOSE flags=0x0}}
04-09 00:58:54.839 25935 25935 I Capacitor/Console: File:  - Line 333 - Msg: undefined
04-09 00:58:54.840 28049 28049 E FileUtils: err write to mi_exception_log
04-09 00:58:54.840  2184  2507 I BLASTSyncEngine: finishNow: after onTransactionReady, mSyncId=514
04-09 00:58:54.842  4110  4626 D TaskSnapshotCompatVU: getIsInvalidateFromTaskSnapshot, don't find method
04-09 00:58:54.844 28049 28253 D WM-NetworkStateTracker: Network capabilities changed: [ Transports: WIFI Capabilities: NOT_METERED&INTERNET&NOT_RESTRICTED&TRUSTED&NOT_VPN&VALIDATED&NOT_ROAMING&FOREGROUND&NOT_CONGESTED&NOT_SUSPENDED&NOT_VCN_MANAGED LinkUpBandwidth>=4611Kbps LinkDnBandwidth>=6448Kbps TransportInfo: <SSID: <unknown ssid>, BSSID: 02:00:00:00:00:00, MAC: 02:00:00:00:00:00, IP: /10.10.154.55, Security type: 0, Supplicant state: COMPLETED, Wi-Fi standard: 6, RSSI: -73, Link speed: 103Mbps, Tx Link speed: 103Mbps, Max Supported Tx Link speed: 286Mbps, Rx Link speed: 172Mbps, Max Supported Rx Link speed: 286Mbps, Frequency: 2462MHz, Net ID: -1, Metered hint: false, score: 59, isUsable: true, CarrierMerged: false, SubscriptionId: -1, IsPrimary: -1, Trusted: true, Restricted: false, Ephemeral: false, OEM paid: false, OEM private: false, OSU AP: false, FQDN: <none>, Provider friendly name: <none>, Requesting package name: <none><none>MLO Information: , Is TID-To-Link negotiation supported by the AP: false, AP MLD Address: <none>, AP MLO Link Id: <none>, AP MLO Affiliated links: <none>> SignalStrength: -73 UnderlyingNetworks: Null]
04-09 00:58:54.845  2184  2922 I MiuiNetworkPolicy: updateUidState uid = 10344, uidState = 8
04-09 00:58:54.845  1265  1749 E SDM     : HWCSession::GetClientTargetProperty: GetClinetTargetProperty interface enter
04-09 00:58:54.845  1296  1296 E ANDR-PERF-DATA-POOL: EventDataPool is Full
04-09 00:58:54.845  1296  1296 E ANDR-PERF-MPCTL: perf request submission limit reached.
04-09 00:58:54.846 28028 28028 E FileUtils: err write to mi_exception_log
04-09 00:58:54.848 23840 23840 I GoogleInputMethodService: GoogleInputMethodService.onFinishInput():2186 
04-09 00:58:54.848  2184  2851 I WindowManager: cancelAnimation removed leash : Surface(name=Surface(name=961a3ea InputMethod#251)/@0xbb7048e - animation-leash of insets_animation#5381)/@0xa792553
04-09 00:58:54.849  4073  4317 D SoScUtils: monitorTransitionFinished transition:android.os.BinderProxy@f2056b9 transaction: android.view.SurfaceControl$Transaction@1d46ee0 mRequestCloseTransition:null mRequestOpenTransition:null mPairsOpenTransition:null mPairsOpenTransitionNull:null mRequestOpenTriggerTask:-1 mRequestCloseTriggerTask:-1 mOrientationTransition: null mMainStartingTask:-1 mSideStartingTask:-1
04-09 00:58:54.849 28049 28334 D WM-GreedyScheduler: Constraints met: Scheduling work ID WorkGenerationalId(workSpecId=f0bb3b6a-e1de-43d4-9a35-7a1d9fa1abea, generation=0)
04-09 00:58:54.849 23840 23840 I Module  : DeviceLockedStatusModuleProvider$Module.updateDeviceLockedStatus():103 repeatCheckTimes = 0, locked = false
04-09 00:58:54.849 23840 23840 I GoogleInputMethodService: GoogleInputMethodService.onStartInput():1444 onStartInput(EditorInfo{EditorInfo{packageName=com.google.android.keep, inputType=0, inputTypeString=NULL, enableLearning=false, autoCorrection=false, autoComplete=false, imeOptions=0, privateImeOptions=null, actionName=UNSPECIFIED, actionLabel=null, initialSelStart=-1, initialSelEnd=-1, initialCapsMode=0, label=null, fieldId=0, fieldName=null, extras=Bundle[mParcelledData.dataSize=72], hintText=null, hintLocales=[]}}, false)
04-09 00:58:54.849 23840 23840 I AndroidIME: LatinIMEBase.updateInputViewCoverNavigation():321 Update input view padding, isNavbarOverInputWindow=false, bottom inset=130
04-09 00:58:54.850 23840 23840 I Module  : DeviceLockedStatusModuleProvider$Module.updateDeviceLockedStatus():103 repeatCheckTimes = 1, locked = false
04-09 00:58:54.850 28049 28253 D WM-NetworkStateTracker: Network blocked status changed: false
04-09 00:58:54.850 28049 28334 D WM-Processor: Processor: processing WorkGenerationalId(workSpecId=f0bb3b6a-e1de-43d4-9a35-7a1d9fa1abea, generation=0)
04-09 00:58:54.852  1382  1382 D RefreshRateSelector: Touch Boost
04-09 00:58:54.852  1382  1382 D MI-SF   : mIsSupportAutomodeForMaxFpsSetting is 0(0), getCurrentBrightness() = 898(328), mIsKeepAutoMode 0
04-09 00:58:54.852  1382  1382 D RefreshRateSelector: fixedMode_group: 0, isFindModeGroup 0
04-09 00:58:54.852  1382  1382 D RefreshRateSelector: find max refresh rate:120, mode Group:0
04-09 00:58:54.856  2184  8464 W PackageConfigPersister: App-specific configuration not found for packageName: com.google.android.keep and userId: 0
04-09 00:58:54.859  2184  2851 I Transition: finishTransition: updateLastSurfacePosition tf=Task{eb707bf #14410 type=standard A=10030:app.blearn.mobile.blockingoverlay}
04-09 00:58:54.860  2184  8807 I whetstone.activity: Power Event callback listener is empty for resId=256
04-09 00:58:54.860  2184  8807 D BatteryStatsManagerStub: notifyEvent for resId=256 used 0ms
04-09 00:58:54.862 28052 28472 D WM-GreedyScheduler: Starting tracking for 978c615f-62de-47c8-90bf-1fbfb136be7d
04-09 00:58:54.862  4073  4317 D MiuiFreeformAnimation: startAnimation change: {WCT{android.window.IWindowContainerToken$Stub$Proxy@44bf512} m=TO_FRONT f=MOVE_TO_TOP leash=Surface(name=Task=14411#5341)/@0x9b7fb47 sb=Rect(0, 0 - 1080, 2400) eb=Rect(0, 0 - 1080, 2400) d=0} info.getType(): 2
04-09 00:58:54.862  4073  4317 I MiuiFreeformAnimation: isLaunchWidgetPicker=false,taskInfo.getWindowingMode()=1, taskInfo.getActivityType()=1
04-09 00:58:54.862  4073  4317 D MiuiFreeFormManager:  isSplitRootTask taskId=14411
04-09 00:58:54.863  4073  4317 D MiuiFreeformAnimation: startAnimation change: {WCT{android.window.IWindowContainerToken$Stub$Proxy@6ef04e3} m=CLOSE f=NONE leash=Surface(name=Task=14410#5291)/@0x1cfcf74 sb=Rect(0, 0 - 1080, 2400) eb=Rect(0, 0 - 1080, 2400) d=0} info.getType(): 2
04-09 00:58:54.863  4073  4317 W MiuiTaskTransitionHandler: Receive an unknown transition, token=android.os.BinderProxy@5e108ba, type=2
04-09 00:58:54.863  2184  8464 I whetstone.activity: Power Event callback listener is empty for resId=256
04-09 00:58:54.863  2184  8464 D BatteryStatsManagerStub: notifyEvent for resId=256 used 0ms
04-09 00:58:54.865  4073  4317 D TransitionAnimationHelper:  load default animation  type = 2 enter = false animAttr = 11 isTask = true translucent = false
04-09 00:58:54.865  4073  4317 D TransitionAnimationHelper:  load default animation  type = 2 enter = true animAttr = 10 isTask = true translucent = false
04-09 00:58:54.867  4073  4461 D ShellTransitions: speed ui!!!!!!!!!!!
04-09 00:58:54.867  2184  8637 D ActivityManager: checkAllowBackground: uid=10282 pkg=com.google.android.keep rec=UidRecord{2be9b42 u0a282 TOP  allowlist change:procadj procs:0 seq(534883,534663)} caps=LCMNFU always=true idle=false
04-09 00:58:54.867  2184  8637 I ActivityManager: App 10282/com.google.android.keep targets O+, restricted
04-09 00:58:54.867  2184  8637 D ActivityManager: checkAllowBackground: uid=10282 pkg=com.google.android.keep startMode=2 onallowlist=true onallowlist(ei)=true
04-09 00:58:54.867 28049 28049 D WM-WorkerWrapper: Starting work for com.linkedin.android.litrackinglib.network.SendTrackingEventWorker
04-09 00:58:54.869  1382  1382 D RefreshRateSelector: Touch Boost
04-09 00:58:54.869  1382  1382 D MI-SF   : mIsSupportAutomodeForMaxFpsSetting is 0(0), getCurrentBrightness() = 898(328), mIsKeepAutoMode 0
04-09 00:58:54.869  1382  1382 D RefreshRateSelector: fixedMode_group: 0, isFindModeGroup 0
04-09 00:58:54.869  1382  1382 D RefreshRateSelector: find max refresh rate:120, mode Group:0
04-09 00:58:54.871  4110  4626 D TaskSnapshotCompatVU: getIsInvalidateFromTaskSnapshot, return, mTaskSnapshot=null, mTaskSnapshotClazz=null
04-09 00:58:54.871  4110  4626 D RecentsModel: onTaskStackChangedBackground    MSG_TASK_STACK_CHANGE
04-09 00:58:54.872  2184  2922 I MiuiNetworkPolicy: updateUidState uid = 10191, uidState = 10
04-09 00:58:54.876 28052 28052 D WM-SystemJobService: onStartJob for WorkGenerationalId(workSpecId=978c615f-62de-47c8-90bf-1fbfb136be7d, generation=0)
04-09 00:58:54.877 28049 28049 D WM-SystemJobService: onStartJob for WorkGenerationalId(workSpecId=f0bb3b6a-e1de-43d4-9a35-7a1d9fa1abea, generation=0)
04-09 00:58:54.878 28049 28268 D WM-Processor: Work WorkGenerationalId(workSpecId=f0bb3b6a-e1de-43d4-9a35-7a1d9fa1abea, generation=0) is already enqueued for processing
04-09 00:58:54.878  1265  1749 E SDM     : HWCSession::GetClientTargetProperty: GetClinetTargetProperty interface enter
04-09 00:58:54.883  4110  4626 W RecentsModel: getRunningTask   taskInfo=TaskInfo{userId=0 taskId=14411 displayId=0 isRunning=true baseIntent=Intent { flg=0x10000000 cmp=com.google.android.keep/.activities.BrowseActivity } baseActivity=ComponentInfo{com.google.android.keep/com.google.android.apps.keep.ui.activities.BrowseActivity} topActivity=ComponentInfo{com.google.android.keep/com.google.android.apps.keep.ui.activities.BrowseActivity} origActivity=ComponentInfo{com.google.android.keep/com.google.android.keep.activities.BrowseActivity} realActivity=ComponentInfo{com.google.android.keep/com.google.android.apps.keep.ui.activities.BrowseActivity} numActivities=1 lastActiveTime=97806101 supportsSplitScreenMultiWindow=true supportsMultiWindow=true resizeMode=1 isResizeable=true minWidth=-1 minHeight=-1 defaultMinSize=200 token=WCT{android.window.IWindowContainerToken$Stub$Proxy@f63209a} topActivityType=1 pictureInPictureParams=null shouldDockBigOverlays=false launchIntoPipHostTaskId=-1 lastParentTaskIdBeforePip=-1 displayCutoutSafeInsets=Rect(0, 94 - 0, 0) topActivityInfo=ActivityInfo{23ffdcb com.google.android.keep.activities.BrowseActivity} launchCookies=[] positionInParent=Point(0, 0) parentTaskId=-1 isFocused=true isVisible=true isVisibleRequested=true isSleeping=false topActivityInSizeCompat=false topActivityInMiuiSizeCompat=false topActivityEligibleForLetterboxEducation= false topActivityLetterboxed= false isFromDoubleTap= false topActivityLetterboxVerticalPosition= -1 topActivityLetterboxHorizontalPosition= -1 topActivityLetterboxWidth=-1 topActivityLetterboxHeight=-1 locusId=null displayAreaFeatureId=1 cameraCompatControlState=hidden mIsCastMode=false mTopActivityMediaSize=null mTopActivityRecordName=ActivityRecord{3f72ecb u0 com.google.android.keep/.activities.BrowseActivity t14411} mTopActivityOrientation=-1 mTopActivityWindowIsNowVisible=true isTranslucent=false isEmbedded=false shouldBeVisible=true isImmersive=false mBehindAppLockPkg=null mOriginatingUid=0}
04-09 00:58:54.883  4110  4626 D RecentsModel: preloadRecents runningTaskId:14411, mCurrentRunningTaskId:-1, mRecentsTaskLoadPlan=com.android.systemui.shared.recents.model.RecentsTaskLoadPlan@a9519a8
04-09 00:58:54.883  1296  1296 E ANDR-PERF-DATA-POOL: EventDataPool is Full
04-09 00:58:54.883  1296  1296 E ANDR-PERF-MPCTL: perf request submission limit reached.
04-09 00:58:54.884  4110  4626 E ActivityManagerWrapper: get all recent tasks force including 14411
04-09 00:58:54.884 28028 28328 W wvr     : Failed to create JWT helper. This is unexpected
04-09 00:58:54.884 28028 28328 W wvr     : java.lang.NoSuchMethodException: sld.getScopes []
04-09 00:58:54.884 28028 28328 W wvr     : 	at java.lang.Class.getMethod(Class.java:2934)
04-09 00:58:54.884 28028 28328 W wvr     : 	at java.lang.Class.getMethod(Class.java:2434)
04-09 00:58:54.884 28028 28328 W wvr     : 	at wvp.<init>(PG:15)
04-09 00:58:54.884 28028 28328 W wvr     : 	at wvr.<clinit>(PG:27)
04-09 00:58:54.884 28028 28328 W wvr     : 	at qwx.b(PG:45)
04-09 00:58:54.884 28028 28328 W wvr     : 	at qwx.c(PG:37)
04-09 00:58:54.884 28028 28328 W wvr     : 	at qwx.d(PG:7)
04-09 00:58:54.884 28028 28328 W wvr     : 	at qtr.call(PG:279)
04-09 00:58:54.884 28028 28328 W wvr     : 	at java.util.concurrent.FutureTask.run(FutureTask.java:317)
04-09 00:58:54.884 28028 28328 W wvr     : 	at ips.run(PG:7)
04-09 00:58:54.884 28028 28328 W wvr     : 	at java.util.concurrent.ThreadPoolExecutor.runWorker(ThreadPoolExecutor.java:1154)
04-09 00:58:54.884 28028 28328 W wvr     : 	at java.util.concurrent.ThreadPoolExecutor$Worker.run(ThreadPoolExecutor.java:652)
04-09 00:58:54.884 28028 28328 W wvr     : 	at eul.run(PG:176)
04-09 00:58:54.884 28028 28328 W wvr     : 	at java.lang.Thread.run(Thread.java:1563)
04-09 00:58:54.884 28028 28328 W wvr     : 	at ira.run(PG:82)
04-09 00:58:54.885 28052 28472 D WM-ConstraintTracker: NetworkStateTracker24: initial state = NetworkState(isConnected=true, isValidated=true, isMetered=false, isNotRoaming=true, isBlocked=false)
04-09 00:58:54.885 28052 28472 D WM-NetworkStateTracker: Registering network callback
04-09 00:58:54.886  2184  2922 I MiuiNetworkPolicy: updateUidState uid = 10191, uidState = 19
04-09 00:58:54.889  4110  4626 E ActivityManagerWrapper: getRecentTasksForceIncludingTaskIdIfValid: getRecentTasks: size=10
04-09 00:58:54.889  4110  4626 E ActivityManagerWrapper:  mainTaskId=14411   userId=0   windowMode=1   baseIntent=Intent { act=null flag=268435456 cmp=ComponentInfo{com.google.android.keep/com.google.android.keep.activities.BrowseActivity} }
04-09 00:58:54.889  4110  4626 E ActivityManagerWrapper:  mainTaskId=14389   userId=0   windowMode=1   baseIntent=Intent { act=android.intent.action.MAIN flag=270532608 cmp=ComponentInfo{com.suno.android/com.suno.android.MainActivity} }
04-09 00:58:54.889  4110  4626 E ActivityManagerWrapper:  mainTaskId=14409   userId=0   windowMode=1   baseIntent=Intent { act=null flag=268435456 cmp=ComponentInfo{com.google.android.gm/com.google.android.gm.ConversationListActivityGmail} }
04-09 00:58:54.889  4110  4626 E ActivityManagerWrapper:  mainTaskId=14404   userId=0   windowMode=1   baseIntent=Intent { act=null flag=268435456 cmp=ComponentInfo{app.blearn.mobile/app.blearn.mobile.MainActivity} }
04-09 00:58:54.889  4110  4626 E ActivityManagerWrapper:  mainTaskId=14394   userId=0   windowMode=1   baseIntent=Intent { act=android.settings.ACCESSIBILITY_SETTINGS flag=268435456 cmp=ComponentInfo{com.android.settings/com.android.settings.accessibility.MiuiAccessibilitySettingsActivity} }
04-09 00:58:54.889  4110  4626 E ActivityManagerWrapper:  mainTaskId=14383   userId=0   windowMode=1   baseIntent=Intent { act=null flag=268435456 cmp=ComponentInfo{com.whatsapp/com.whatsapp.home.ui.HomeActivity} }
04-09 00:58:54.889  4110  4626 E ActivityManagerWrapper:  mainTaskId=14372   userId=0   windowMode=1   baseIntent=Intent { act=android.intent.action.MAIN flag=335544320 cmp=ComponentInfo{com.android.deskclock/com.android.deskclock.DeskClockTabActivity} }
04-09 00:58:54.889  4110  4626 E ActivityManagerWrapper:  mainTaskId=14359   userId=0   windowMode=1   baseIntent=Intent { act=android.intent.action.MAIN flag=269549568 cmp=ComponentInfo{com.s_payment.mobiles_bezahlen/de.starfinanz.payment.MainActivity} }
04-09 00:58:54.889  4110  4626 E ActivityManagerWrapper:  mainTaskId=14342   userId=0   windowMode=1   baseIntent=Intent { act=null flag=369098752 cmp=ComponentInfo{com.google.android.googlequicksearchbox/com.google.android.apps.search.assistant.surfaces.voice.robin.main.MainActivity} }
04-09 00:58:54.889  4110  4626 E ActivityManagerWrapper:  mainTaskId=14336   userId=0   windowMode=1   baseIntent=Intent { act=android.intent.action.MAIN flag=270532608 cmp=ComponentInfo{com.google.android.apps.maps/com.google.android.maps.MapsActivity} }
04-09 00:58:54.892  4110  4626 D WorldCirculate: getWorldCirculateInfo, taskInfo.baseIntent=Intent { flg=0x10000000 cmp=app.blearn.mobile/.MainActivity }, displayId=-1, but get Display failed
04-09 00:58:54.893  4110  4626 D WorldCirculate: getWorldCirculateInfo, taskInfo.baseIntent=Intent { act=android.settings.ACCESSIBILITY_SETTINGS flg=0x10000000 cmp=com.android.settings/.accessibility.MiuiAccessibilitySettingsActivity }, displayId=-1, but get Display failed
04-09 00:58:54.894  2184  7321 D ConnectivityService: requestNetwork for uid/pid:10344/28052 activeRequest: null callbackRequest: 25666 [NetworkRequest [ REQUEST id=25667, [ Capabilities: INTERNET&NOT_RESTRICTED&TRUSTED&NOT_VCN_MANAGED Uid: 10344 RequestorUid: 10344 RequestorPkg: com.garmin.connectiq UnderlyingNetworks: Null] ]] callback flags: 0 order: 2147483647 isUidTracked: false declaredMethods: AVAIL|LOST|NC|BLK
04-09 00:58:54.895  1265  1749 E SDM     : HWCSession::GetClientTargetProperty: GetClinetTargetProperty interface enter
04-09 00:58:54.895  1296  1296 E ANDR-PERF-DATA-POOL: EventDataPool is Full
04-09 00:58:54.895  1296  1296 E ANDR-PERF-MPCTL: perf request submission limit reached.
04-09 00:58:54.899  4110  4626 D TaskSnapshotCompatVU: getIsInvalidateFromTaskSnapshot, return, mTaskSnapshot=null, mTaskSnapshotClazz=null
04-09 00:58:54.900 28052 28472 D WM-Processor: Processor: processing WorkGenerationalId(workSpecId=978c615f-62de-47c8-90bf-1fbfb136be7d, generation=0)
04-09 00:58:54.903  1265  1749 E SDM     : HWCSession::GetClientTargetProperty: GetClinetTargetProperty interface enter
04-09 00:58:54.903  1296  1296 E ANDR-PERF-DATA-POOL: EventDataPool is Full
04-09 00:58:54.903  1296  1296 E ANDR-PERF-MPCTL: perf request submission limit reached.
04-09 00:58:54.904 28052 28503 D WM-NetworkStateTracker: Network capabilities changed: [ Transports: WIFI Capabilities: NOT_METERED&INTERNET&NOT_RESTRICTED&TRUSTED&NOT_VPN&VALIDATED&NOT_ROAMING&FOREGROUND&NOT_CONGESTED&NOT_SUSPENDED&NOT_VCN_MANAGED LinkUpBandwidth>=4611Kbps LinkDnBandwidth>=6448Kbps TransportInfo: <SSID: <unknown ssid>, BSSID: 02:00:00:00:00:00, MAC: 02:00:00:00:00:00, IP: /10.10.154.55, Security type: 0, Supplicant state: COMPLETED, Wi-Fi standard: 6, RSSI: -73, Link speed: 103Mbps, Tx Link speed: 103Mbps, Max Supported Tx Link speed: 286Mbps, Rx Link speed: 172Mbps, Max Supported Rx Link speed: 286Mbps, Frequency: 2462MHz, Net ID: -1, Metered hint: false, score: 59, isUsable: true, CarrierMerged: false, SubscriptionId: -1, IsPrimary: -1, Trusted: true, Restricted: false, Ephemeral: false, OEM paid: false, OEM private: false, OSU AP: false, FQDN: <none>, Provider friendly name: <none>, Requesting package name: <none><none>MLO Information: , Is TID-To-Link negotiation supported by the AP: false, AP MLD Address: <none>, AP MLO Link Id: <none>, AP MLO Affiliated links: <none>> SignalStrength: -73 UnderlyingNetworks: Null]
04-09 00:58:54.905  2184  2923 D WifiNetworkFactory: got request NetworkRequest [ REQUEST id=25667, [ Capabilities: INTERNET&NOT_RESTRICTED&TRUSTED&NOT_VCN_MANAGED Uid: 10344 RequestorUid: 10344 RequestorPkg: com.garmin.connectiq UnderlyingNetworks: Null] ]
04-09 00:58:54.906  2184  2923 D UntrustedWifiNetworkFactory: got request NetworkRequest [ REQUEST id=25667, [ Capabilities: INTERNET&NOT_RESTRICTED&TRUSTED&NOT_VCN_MANAGED Uid: 10344 RequestorUid: 10344 RequestorPkg: com.garmin.connectiq UnderlyingNetworks: Null] ]
04-09 00:58:54.906  2184  2923 D OemPaidWifiNetworkFactory: got request NetworkRequest [ REQUEST id=25667, [ Capabilities: INTERNET&NOT_RESTRICTED&TRUSTED&NOT_VCN_MANAGED Uid: 10344 RequestorUid: 10344 RequestorPkg: com.garmin.connectiq UnderlyingNetworks: Null] ]
04-09 00:58:54.906  2184  2923 D MultiInternetWifiNetworkFactory: got request NetworkRequest [ REQUEST id=25667, [ Capabilities: INTERNET&NOT_RESTRICTED&TRUSTED&NOT_VCN_MANAGED Uid: 10344 RequestorUid: 10344 RequestorPkg: com.garmin.connectiq UnderlyingNetworks: Null] ]
04-09 00:58:54.907  2184  2936 D ConnectivityService: NetReassign [25667 : null ŌåÆ 126] [c 0] [a 1] [i 4]
04-09 00:58:54.907 28052 28503 D WM-NetworkStateTracker: Network blocked status changed: false
04-09 00:58:54.907 28052 28472 D WM-PackageManagerHelper: Skipping component enablement for androidx.work.impl.background.systemalarm.RescheduleReceiver
04-09 00:58:54.912  1265  1749 E SDM     : HWCSession::GetClientTargetProperty: GetClinetTargetProperty interface enter
04-09 00:58:54.912  1296  1296 E ANDR-PERF-DATA-POOL: EventDataPool is Full
04-09 00:58:54.912  1296  1296 E ANDR-PERF-MPCTL: perf request submission limit reached.
04-09 00:58:54.916 12404 12478 I HeavyPackageIdentify: splitMode: false, splitPackages: null, foregroundPkg: com.google.android.keep
04-09 00:58:54.920  1265  1749 E SDM     : HWCSession::GetClientTargetProperty: GetClinetTargetProperty interface enter
04-09 00:58:54.920  1296  1296 E ANDR-PERF-DATA-POOL: EventDataPool is Full
04-09 00:58:54.920  1296  1296 E ANDR-PERF-MPCTL: perf request submission limit reached.
04-09 00:58:54.921 28052 28052 D WM-WorkerWrapper: Starting work for com.garmin.net.omtanalytics.impl.upload.Uploader
04-09 00:58:54.921 28052 28409 D WM-GreedyScheduler: Constraints met: Scheduling work ID WorkGenerationalId(workSpecId=978c615f-62de-47c8-90bf-1fbfb136be7d, generation=0)
04-09 00:58:54.927 28052 28409 D WM-Processor: Work WorkGenerationalId(workSpecId=978c615f-62de-47c8-90bf-1fbfb136be7d, generation=0) is already enqueued for processing
04-09 00:58:54.928  1265  1749 E SDM     : HWCSession::GetClientTargetProperty: GetClinetTargetProperty interface enter
04-09 00:58:54.929  1296  1296 E ANDR-PERF-DATA-POOL: EventDataPool is Full
04-09 00:58:54.929  1296  1296 E ANDR-PERF-MPCTL: perf request submission limit reached.
04-09 00:58:54.936  1265  1749 E SDM     : HWCSession::GetClientTargetProperty: GetClinetTargetProperty interface enter
04-09 00:58:54.937  1296  1296 E ANDR-PERF-DATA-POOL: EventDataPool is Full
04-09 00:58:54.937  1296  1296 E ANDR-PERF-MPCTL: perf request submission limit reached.
04-09 00:58:54.942 28052 28472 I WM-WorkerWrapper: Worker result SUCCESS for Work [ id=978c615f-62de-47c8-90bf-1fbfb136be7d, tags={ com.garmin.net.omtanalytics.impl.upload.Uploader } ]
04-09 00:58:54.946  1265  1749 E SDM     : HWCSession::GetClientTargetProperty: GetClinetTargetProperty interface enter
04-09 00:58:54.946  1296  1296 E ANDR-PERF-DATA-POOL: EventDataPool is Full
04-09 00:58:54.946  1296  1296 E ANDR-PERF-MPCTL: perf request submission limit reached.
04-09 00:58:54.953  1265  1749 E SDM     : HWCSession::GetClientTargetProperty: GetClinetTargetProperty interface enter
04-09 00:58:54.954 28052 28052 D WM-Processor: Processor 978c615f-62de-47c8-90bf-1fbfb136be7d executed; reschedule = false
04-09 00:58:54.954  1296  1296 E ANDR-PERF-DATA-POOL: EventDataPool is Full
04-09 00:58:54.954  1296  1296 E ANDR-PERF-MPCTL: perf request submission limit reached.
04-09 00:58:54.954 28052 28052 D WM-GreedyScheduler: Stopping tracking for WorkGenerationalId(workSpecId=978c615f-62de-47c8-90bf-1fbfb136be7d, generation=0)
04-09 00:58:54.954 25935 25935 D BlearnAccessibility: event: com.google.android.keep type=2048
04-09 00:58:54.954 28052 28052 D WM-SystemJobService: 978c615f-62de-47c8-90bf-1fbfb136be7d executed on JobScheduler
04-09 00:58:54.955  2184  8637 I whetstone.activity: Power Event callback listener is empty for resId=256
04-09 00:58:54.955  2184  8637 D BatteryStatsManagerStub: notifyEvent for resId=256 used 0ms
04-09 00:58:54.958 25935 25935 D BlearnAccessibility: match: app com.google.android.keep
04-09 00:58:54.959  2184  2922 I MiuiNetworkPolicy: updateUidState uid = 10344, uidState = 10
04-09 00:58:54.961 28052 28382 D WM-GreedyScheduler: Cancelling work ID 978c615f-62de-47c8-90bf-1fbfb136be7d
04-09 00:58:54.961 25935 25935 D BlearnAccessibility: skip: cooldown active for app:com.google.android.keep
04-09 00:58:54.961  1265  1749 E SDM     : HWCSession::GetClientTargetProperty: GetClinetTargetProperty interface enter
04-09 00:58:54.962  1296  1296 E ANDR-PERF-DATA-POOL: EventDataPool is Full
04-09 00:58:54.962  1296  1296 E ANDR-PERF-MPCTL: perf request submission limit reached.
04-09 00:58:54.964 28028 28028 E FileUtils: err write to mi_exception_log
04-09 00:58:54.966  2184  8637 I whetstone.activity: Power Event callback listener is empty for resId=256
04-09 00:58:54.966  2184  8637 D BatteryStatsManagerStub: notifyEvent for resId=256 used 1ms
04-09 00:58:54.967  2184  2922 I MiuiNetworkPolicy: updateUidState uid = 10344, uidState = 19
04-09 00:58:54.968  2184  8637 W JobScheduler: Job didn't exist in JobStore: 
04-09 00:58:54.968 25935 25935 D BlearnAccessibility: event: com.google.android.keep type=32
04-09 00:58:54.968  4073  4073 D Utilities:  oldHints : 0 backDisposition : 0 imeShown : false hints 0
04-09 00:58:54.969  1382  1382 D RefreshRateSelector: Touch Boost
04-09 00:58:54.969  1382  1382 D MI-SF   : mIsSupportAutomodeForMaxFpsSetting is 0(0), getCurrentBrightness() = 898(328), mIsKeepAutoMode 0
04-09 00:58:54.969  1382  1382 D RefreshRateSelector: fixedMode_group: 0, isFindModeGroup 0
04-09 00:58:54.969  1382  1382 D RefreshRateSelector: find max refresh rate:120, mode Group:0
04-09 00:58:54.969  2184  8637 D ActivityManager: checkAllowBackground: uid=10282 pkg=com.google.android.keep rec=UidRecord{2be9b42 u0a282 TOP  allowlist change:procadj procs:0 seq(534978,534663)} caps=LCMNFU always=true idle=false
04-09 00:58:54.969  2184  8637 I ActivityManager: App 10282/com.google.android.keep targets O+, restricted
04-09 00:58:54.969  2184  8637 D ActivityManager: checkAllowBackground: uid=10282 pkg=com.google.android.keep startMode=2 onallowlist=true onallowlist(ei)=true
04-09 00:58:54.970  1265  1749 E SDM     : HWCSession::GetClientTargetProperty: GetClinetTargetProperty interface enter
04-09 00:58:54.971  1296  1296 E ANDR-PERF-DATA-POOL: EventDataPool is Full
04-09 00:58:54.971  1296  1296 E ANDR-PERF-MPCTL: perf request submission limit reached.
04-09 00:58:54.973 25935 25935 D BlearnAccessibility: match: app com.google.android.keep
04-09 00:58:54.976 25935 25935 D BlearnAccessibility: skip: cooldown active for app:com.google.android.keep
04-09 00:58:54.979  1265  1749 E SDM     : HWCSession::GetClientTargetProperty: GetClinetTargetProperty interface enter
04-09 00:58:54.979 28028 28028 I HandWritingStubImpl: refreshLastKeyboardType: 1
04-09 00:58:54.979 28028 28028 I HandWritingStubImpl: getCurrentKeyboardType: 1
04-09 00:58:54.980  1296  1296 E ANDR-PERF-DATA-POOL: EventDataPool is Full
04-09 00:58:54.980  1296  1296 E ANDR-PERF-MPCTL: perf request submission limit reached.
04-09 00:58:54.980  2184  8637 I ImeTracker: com.google.android.keep:37975485: onRequestHide at ORIGIN_SERVER_HIDE_INPUT reason HIDE_SAME_WINDOW_FOCUSED_WITHOUT_EDITOR
04-09 00:58:54.981  2184  7321 D ActivityManager: checkAllowBackground: uid=10282 pkg=com.google.android.keep rec=UidRecord{2be9b42 u0a282 TOP  allowlist change:procadj procs:0 seq(534978,534663)} caps=LCMNFU always=false idle=false
04-09 00:58:54.981 28052 28382 D WM-SystemJobScheduler: Scheduling work ID 978c615f-62de-47c8-90bf-1fbfb136be7dJob ID 6218
04-09 00:58:54.981  2184  8637 I ImeTracker: com.google.android.keep:37975485: onCancelled at PHASE_SERVER_SHOULD_HIDE
04-09 00:58:54.981  9679  9718 D MirrorManager:  sendAcceptInput 0 0
04-09 00:58:54.981  2184  8807 D ActivityManager: checkAllowBackground: uid=10344 pkg=com.garmin.connectiq rec=UidRecord{76c884c u0a344 CEM  idle change:cached|procstate|procadj procs:0 seq(534973,533156)} caps=------ always=false idle=true
04-09 00:58:54.983 23840 23840 I GoogleInputMethodService: GoogleInputMethodService.onFinishInput():2186 
04-09 00:58:54.983 23840 23840 I Module  : DeviceLockedStatusModuleProvider$Module.updateDeviceLockedStatus():103 repeatCheckTimes = 0, locked = false
04-09 00:58:54.984 23840 23840 I GoogleInputMethodService: GoogleInputMethodService.onStartInput():1444 onStartInput(EditorInfo{EditorInfo{packageName=com.google.android.keep, inputType=0, inputTypeString=NULL, enableLearning=false, autoCorrection=false, autoComplete=false, imeOptions=0, privateImeOptions=null, actionName=UNSPECIFIED, actionLabel=null, initialSelStart=-1, initialSelEnd=-1, initialCapsMode=0, label=null, fieldId=0, fieldName=null, extras=Bundle[mParcelledData.dataSize=72], hintText=null, hintLocales=[]}}, false)
04-09 00:58:54.984 23840 23840 I AndroidIME: LatinIMEBase.updateInputViewCoverNavigation():321 Update input view padding, isNavbarOverInputWindow=false, bottom inset=130
04-09 00:58:54.984 23840 23840 I Module  : DeviceLockedStatusModuleProvider$Module.updateDeviceLockedStatus():103 repeatCheckTimes = 1, locked = false
04-09 00:58:54.985  2184  8706 W PackageConfigPersister: App-specific configuration not found for packageName: com.google.android.keep and userId: 0
04-09 00:58:54.987  1265  1749 E SDM     : HWCSession::GetClientTargetProperty: GetClinetTargetProperty interface enter
04-09 00:58:54.987  1296  1296 E ANDR-PERF-DATA-POOL: EventDataPool is Full
04-09 00:58:54.987  1296  1296 E ANDR-PERF-MPCTL: perf request submission limit reached.
04-09 00:58:54.987  2184  7321 I whetstone.activity: Power Event callback listener is empty for resId=256
04-09 00:58:54.988  2184  7321 D BatteryStatsManagerStub: notifyEvent for resId=256 used 1ms
04-09 00:58:54.996  1265  1749 E SDM     : HWCSession::GetClientTargetProperty: GetClinetTargetProperty interface enter
04-09 00:58:54.996  1296  1296 E ANDR-PERF-DATA-POOL: EventDataPool is Full
04-09 00:58:54.996  1296  1296 E ANDR-PERF-MPCTL: perf request submission limit reached.
04-09 00:58:55.004  1265  1749 E SDM     : HWCSession::GetClientTargetProperty: GetClinetTargetProperty interface enter
04-09 00:58:55.004 28052 28399 D WM-NetworkStateTracker: Unregistering network callback
04-09 00:58:55.006  1296  1296 E ANDR-PERF-DATA-POOL: EventDataPool is Full
04-09 00:58:55.006  1296  1296 E ANDR-PERF-MPCTL: perf request submission limit reached.
04-09 00:58:55.012  1265  1749 E SDM     : HWCSession::GetClientTargetProperty: GetClinetTargetProperty interface enter
04-09 00:58:55.013  1296  1296 E ANDR-PERF-DATA-POOL: EventDataPool is Full
04-09 00:58:55.014  1296  1296 E ANDR-PERF-MPCTL: perf request submission limit reached.
04-09 00:58:55.018   710 25969 W keystore2: system/security/keystore2/src/remote_provisioning.rs:102 - Error occurred: system/security/keystore2/src/rkpd_client.rs:307: Trying to get to IRegistration service.
04-09 00:58:55.018   710 25969 W keystore2: 
04-09 00:58:55.018   710 25969 W keystore2: Caused by:
04-09 00:58:55.018   710 25969 W keystore2:     0: system/security/keystore2/src/rkpd_client.rs:162: Trying to get IRPC name.
04-09 00:58:55.018   710 25969 W keystore2:     1: system/security/keystore2/src/globals.rs:440
04-09 00:58:55.018   710 25969 W keystore2:     2: Error::Km(r#HARDWARE_TYPE_UNAVAILABLE)
04-09 00:58:55.020  1265  1749 E SDM     : HWCSession::GetClientTargetProperty: GetClinetTargetProperty interface enter
04-09 00:58:55.021  1296  1296 E ANDR-PERF-DATA-POOL: EventDataPool is Full
04-09 00:58:55.021  1296  1296 E ANDR-PERF-MPCTL: perf request submission limit reached.
04-09 00:58:55.023 28052 28052 D RC#FirebaseRemoteConfiguration: fetchConfig: 'fetch' result -> LAST_FETCH_STATUS_SUCCESS
04-09 00:58:55.028 28052 28052 D RC#FirebaseRemoteConfiguration: fetchConfig: 'activate' success
04-09 00:58:55.029  1265  1749 E SDM     : HWCSession::GetClientTargetProperty: GetClinetTargetProperty interface enter
04-09 00:58:55.030  1296  1296 E ANDR-PERF-DATA-POOL: EventDataPool is Full
04-09 00:58:55.030  1296  1296 E ANDR-PERF-MPCTL: perf request submission limit reached.
04-09 00:58:55.031 28052 28052 D RC#RemoteConfiguration: dump:
04-09 00:58:55.031 28052 28052 D RC#RemoteConfiguration: background_refresh_quiet_period_end: 10860
04-09 00:58:55.031 28052 28052 D RC#RemoteConfiguration: enable_apps_purchase: true
04-09 00:58:55.031 28052 28052 D RC#RemoteConfiguration: enable_calculated_categories: true
04-09 00:58:55.031 28052 28052 D RC#RemoteConfiguration: enable_child_accounts: true
04-09 00:58:55.031 28052 28052 D RC#RemoteConfiguration: network_cache_duration: 0
04-09 00:58:55.031 28052 28052 D RC#RemoteConfiguration: network_cache_duration_bg: 43200
04-09 00:58:55.031 28052 28052 D RC#RemoteConfiguration: network_cache_duration_qp: -1
04-09 00:58:55.031 28052 28052 D RC#RemoteConfiguration: scheduled_maintenance: {"message":"connectstatus/gcm/outage_message_v1","durationMillis":14400000,"startDateTime":"2020-07-24T15:00:00.000Z","enabled":false}
04-09 00:58:55.037  1265  1749 E SDM     : HWCSession::GetClientTargetProperty: GetClinetTargetProperty interface enter
04-09 00:58:55.037  1296  1296 E ANDR-PERF-DATA-POOL: EventDataPool is Full
04-09 00:58:55.037  1296  1296 E ANDR-PERF-MPCTL: perf request submission limit reached.
04-09 00:58:55.038  2184  4767 D CompatibilityChangeReporter: Compat change id reported: 161145287; UID 10302; state: ENABLED
04-09 00:58:55.040  2184  8464 I whetstone.activity: Power Event callback listener is empty for resId=256
04-09 00:58:55.040  2184  8464 D BatteryStatsManagerStub: notifyEvent for resId=256 used 1ms
04-09 00:58:55.042   677   686 D DrmLibTime: got the req here! ret=0
04-09 00:58:55.042   677   686 D DrmLibTime: command id, time_cmd_id = 770
04-09 00:58:55.042   677   686 D DrmLibTime: time_getutcsec starts!
04-09 00:58:55.042   677   686 D DrmLibTime: QSEE Time Listener: time_getutcsec
04-09 00:58:55.042   677   686 D DrmLibTime: QSEE Time Listener: get_utc_seconds
04-09 00:58:55.042   677   686 D DrmLibTime: QSEE Time Listener: time_get_modem_time
04-09 00:58:55.042   677   686 D DrmLibTime: QSEE Time Listener: Checking if ATS_MODEM is set or not.
04-09 00:58:55.042   677   686 D QC-time-services: Lib:time_genoff_operation: pargs->base = 13
04-09 00:58:55.042   677   686 D QC-time-services: Lib:time_genoff_operation: pargs->operation = 2
04-09 00:58:55.042   677   686 D QC-time-services: Lib:time_genoff_operation: pargs->ts_val = 0
04-09 00:58:55.042   677   686 D QC-time-services: Lib:time_genoff_operation: Send to server  passed!!
04-09 00:58:55.044   940   952 D QC-time-services: Daemon: Connection accepted:time_genoff
04-09 00:58:55.045  1265  1749 E SDM     : HWCSession::GetClientTargetProperty: GetClinetTargetProperty interface enter
04-09 00:58:55.046   940 28521 D QC-time-services: Daemon:Received base = 13, unit = 1, operation = 2,value = 0
04-09 00:58:55.046   940 28521 D QC-time-services: Daemon:genoff_opr: Base = 13, val = 0, operation = 2
04-09 00:58:55.046   940 28521 D QC-time-services: offset is: 1 for base: 13
04-09 00:58:55.046   677   686 E QC-time-services: Receive Passed == base = 13, unit = 1, operation = 2, result = 0
04-09 00:58:55.046   677   686 D DrmLibTime: QSEE Time Listener: ATS_MODEM is set. Try to retrieve it.
04-09 00:58:55.046  1296  1296 E ANDR-PERF-DATA-POOL: EventDataPool is Full
04-09 00:58:55.046  1296  1296 E ANDR-PERF-MPCTL: perf request submission limit reached.
04-09 00:58:55.047   940   952 E QC-time-services: Daemon: Time-services: Waiting to acceptconnection
04-09 00:58:55.047   940   952 D QC-time-services: Daemon: Connection accepted:time_genoff
04-09 00:58:55.050   940 28524 D QC-time-services: Daemon:Received base = 13, unit = 1, operation = 1,value = 0
04-09 00:58:55.050   940 28524 D QC-time-services: Daemon:genoff_opr: Base = 13, val = 0, operation = 1
04-09 00:58:55.050   940 28524 D QC-time-services: Daemon: genoff get for 13
04-09 00:58:55.050   940 28524 D QC-time-services: Daemon:Value read from QTimer mseconds = 97812209
04-09 00:58:55.050   940 28524 D QC-time-services: Daemon:Value read from RTC mseconds on boot = 89855800000
04-09 00:58:55.050   940 28524 D QC-time-services: Daemon:Value read from QTimer mseconds = 97812209
04-09 00:58:55.050   940 28524 D QC-time-services: Daemon:Value read from generic offset = 1685735538983
04-09 00:58:55.050   940 28524 D QC-time-services: Daemon:Delta read on boot mseconds = 89855782920
04-09 00:58:55.050   940 28524 D QC-time-services: Daemon:Final Time = 1775689134112
04-09 00:58:55.050   677   686 D DrmLibTime: QSEE Time Listener: Time GenOff - seconds: 1775689134
04-09 00:58:55.050   677   686 D DrmLibTime: time_getutcsec returns 0, sec = 1775689134; nsec = 0
04-09 00:58:55.050   677   686 D DrmLibTime: time_getutcsec finished! 
04-09 00:58:55.050   677   686 D DrmLibTime: iotcl_continue_command finished! and return 0 
04-09 00:58:55.050   677   686 D DrmLibTime: before calling ioctl to read the next time_cmd
04-09 00:58:55.053  1382  1382 D RefreshRateSelector: Touch Boost
04-09 00:58:55.053  1382  1382 D MI-SF   : mIsSupportAutomodeForMaxFpsSetting is 0(0), getCurrentBrightness() = 898(328), mIsKeepAutoMode 0
04-09 00:58:55.053  1382  1382 D RefreshRateSelector: fixedMode_group: 0, isFindModeGroup 0
04-09 00:58:55.053  1382  1382 D RefreshRateSelector: find max refresh rate:120, mode Group:0
04-09 00:58:55.054  1265  1749 E SDM     : HWCSession::GetClientTargetProperty: GetClinetTargetProperty interface enter
04-09 00:58:55.054  1296  1296 E ANDR-PERF-DATA-POOL: EventDataPool is Full
04-09 00:58:55.054  1296  1296 E ANDR-PERF-MPCTL: perf request submission limit reached.
04-09 00:58:55.061  1382  1382 D RefreshRateSelector: Touch Boost
04-09 00:58:55.061  1382  1382 D MI-SF   : mIsSupportAutomodeForMaxFpsSetting is 0(0), getCurrentBrightness() = 898(328), mIsKeepAutoMode 0
04-09 00:58:55.061  1382  1382 D RefreshRateSelector: fixedMode_group: 0, isFindModeGroup 0
04-09 00:58:55.061  1382  1382 D RefreshRateSelector: find max refresh rate:120, mode Group:0
04-09 00:58:55.062   940   952 E QC-time-services: Daemon: Time-services: Waiting to acceptconnection
04-09 00:58:55.062  2184  8637 I whetstone.activity: Power Event callback listener is empty for resId=256
04-09 00:58:55.062  2184  8637 D BatteryStatsManagerStub: notifyEvent for resId=256 used 0ms
04-09 00:58:55.063  1265  1749 E SDM     : HWCSession::GetClientTargetProperty: GetClinetTargetProperty interface enter
04-09 00:58:55.063  1296  1296 E ANDR-PERF-DATA-POOL: EventDataPool is Full
04-09 00:58:55.063  1296  1296 E ANDR-PERF-MPCTL: perf request submission limit reached.
04-09 00:58:55.069  1382  1382 D RefreshRateSelector: Touch Boost
04-09 00:58:55.069  1382  1382 D MI-SF   : mIsSupportAutomodeForMaxFpsSetting is 0(0), getCurrentBrightness() = 898(328), mIsKeepAutoMode 0
04-09 00:58:55.069  1382  1382 D RefreshRateSelector: fixedMode_group: 0, isFindModeGroup 0
04-09 00:58:55.069  1382  1382 D RefreshRateSelector: find max refresh rate:120, mode Group:0
04-09 00:58:55.070  1265  1749 E SDM     : HWCSession::GetClientTargetProperty: GetClinetTargetProperty interface enter
04-09 00:58:55.072  1296  1296 E ANDR-PERF-DATA-POOL: EventDataPool is Full
04-09 00:58:55.072  1296  1296 E ANDR-PERF-MPCTL: perf request submission limit reached.
04-09 00:58:55.077  1382  1382 D RefreshRateSelector: Touch Boost
04-09 00:58:55.077  1382  1382 D MI-SF   : mIsSupportAutomodeForMaxFpsSetting is 0(0), getCurrentBrightness() = 898(328), mIsKeepAutoMode 0
04-09 00:58:55.077  1382  1382 D RefreshRateSelector: fixedMode_group: 0, isFindModeGroup 0
04-09 00:58:55.077  1382  1382 D RefreshRateSelector: find max refresh rate:120, mode Group:0
04-09 00:58:55.079  1265  1749 E SDM     : HWCSession::GetClientTargetProperty: GetClinetTargetProperty interface enter
04-09 00:58:55.080  1296  1296 E ANDR-PERF-DATA-POOL: EventDataPool is Full
04-09 00:58:55.080  1296  1296 E ANDR-PERF-MPCTL: perf request submission limit reached.
04-09 00:58:55.082 25935 25935 D BlearnAccessibility: event: com.google.android.keep type=2048
04-09 00:58:55.084 25935 25935 D BlearnAccessibility: match: app com.google.android.keep
04-09 00:58:55.084 25935 25935 D BlearnAccessibility: skip: cooldown active for app:com.google.android.keep
04-09 00:58:55.085 25935 25935 I Capacitor/Console: File:  - Line 349 - Msg: [object Object]
04-09 00:58:55.085 25935 25935 D BlearnAccessibility: event: com.google.android.keep type=2048
04-09 00:58:55.086  1382  1382 D RefreshRateSelector: Touch Boost
04-09 00:58:55.086  1382  1382 D MI-SF   : mIsSupportAutomodeForMaxFpsSetting is 0(0), getCurrentBrightness() = 898(328), mIsKeepAutoMode 0
04-09 00:58:55.086  1382  1382 D RefreshRateSelector: fixedMode_group: 0, isFindModeGroup 0
04-09 00:58:55.086  1382  1382 D RefreshRateSelector: find max refresh rate:120, mode Group:0
04-09 00:58:55.086 25935 25935 D BlearnAccessibility: match: app com.google.android.keep
04-09 00:58:55.087  1265  1749 E SDM     : HWCSession::GetClientTargetProperty: GetClinetTargetProperty interface enter
04-09 00:58:55.088 25935 25935 D BlearnAccessibility: skip: cooldown active for app:com.google.android.keep
04-09 00:58:55.088 25935 25935 V Capacitor/Plugin: To native (Capacitor plugin): callbackId: 91768204, pluginId: ScreenTime, methodName: consumePendingNavigation
04-09 00:58:55.088 25935 25935 V Capacitor: callback: 91768204, pluginId: ScreenTime, methodName: consumePendingNavigation, methodData: {}
04-09 00:58:55.089  1296  1296 E ANDR-PERF-DATA-POOL: EventDataPool is Full
04-09 00:58:55.089  1296  1296 E ANDR-PERF-MPCTL: perf request submission limit reached.
04-09 00:58:55.089 28396 28522 V ActivityThread: Recovering failed rename /storage/emulated/0/Android/data/org.telegram.messenger/cache/000000000_999999_temp.f to /storage/emulated/0/Android/data/org.telegram.messenger/files/Telegram/Telegram Images/000000000_999999.f
04-09 00:58:55.089 25935 25935 D BlearnAccessibility: event: com.google.android.keep type=32
04-09 00:58:55.090 25935 27129 D BlearnScreenTime: consume_pending_navigation_empty
04-09 00:58:55.090 25935 25935 D BlearnAccessibility: match: app com.google.android.keep
04-09 00:58:55.092 25935 25935 D BlearnAccessibility: skip: cooldown active for app:com.google.android.keep
04-09 00:58:55.093  2184  8637 D ActivityManager: checkAllowBackground: uid=10302 pkg=org.telegram.messenger rec=UidRecord{4c1dd3b u0a302 TRNB idle change:procadj procs:0 seq(535013,533943)} caps=------ always=false idle=true
04-09 00:58:55.094  2184  8637 I ActivityManager: App 10302/org.telegram.messenger targets O+, restricted
04-09 00:58:55.094  2184  8637 D ActivityManager: checkAllowBackground: uid=10302 pkg=org.telegram.messenger startMode=2 onallowlist=false onallowlist(ei)=false
04-09 00:58:55.094  2184  8637 W ActivityManager: Background start not allowed: service Intent { cmp=org.telegram.messenger/.NotificationsService } to org.telegram.messenger/.NotificationsService from pid=28396 uid=10302 pkg=org.telegram.messenger startFg?=false
04-09 00:58:55.094  1382  1382 D RefreshRateSelector: Touch Boost
04-09 00:58:55.094  1382  1382 D MI-SF   : mIsSupportAutomodeForMaxFpsSetting is 0(0), getCurrentBrightness() = 898(328), mIsKeepAutoMode 0
04-09 00:58:55.094  1382  1382 D RefreshRateSelector: fixedMode_group: 0, isFindModeGroup 0
04-09 00:58:55.094  1382  1382 D RefreshRateSelector: find max refresh rate:120, mode Group:0
04-09 00:58:55.095 28396 28396 E FileUtils: err write to mi_exception_log
04-09 00:58:55.095  1265  1749 E SDM     : HWCSession::GetClientTargetProperty: GetClinetTargetProperty interface enter
04-09 00:58:55.096  1296  1296 E ANDR-PERF-DATA-POOL: EventDataPool is Full
04-09 00:58:55.096  1296  1296 E ANDR-PERF-MPCTL: perf request submission limit reached.
04-09 00:58:55.096 25935 25935 I Capacitor/Console: File:  - Line 333 - Msg: undefined
04-09 00:58:55.104  1265  1749 E SDM     : HWCSession::GetClientTargetProperty: GetClinetTargetProperty interface enter
04-09 00:58:55.104  1296  1296 E ANDR-PERF-DATA-POOL: EventDataPool is Full
04-09 00:58:55.104  1296  1296 E ANDR-PERF-MPCTL: perf request submission limit reached.
04-09 00:58:55.112  1265  1749 E SDM     : HWCSession::GetClientTargetProperty: GetClinetTargetProperty interface enter
04-09 00:58:55.112  1296  1296 E ANDR-PERF-DATA-POOL: EventDataPool is Full
04-09 00:58:55.112  1296  1296 E ANDR-PERF-MPCTL: perf request submission limit reached.
04-09 00:58:55.119  2184  8637 D CompatibilityChangeReporter: Compat change id reported: 261072174; UID 10302; state: ENABLED
04-09 00:58:55.121  1265  1749 E SDM     : HWCSession::GetClientTargetProperty: GetClinetTargetProperty interface enter
04-09 00:58:55.121  1296  1296 E ANDR-PERF-DATA-POOL: EventDataPool is Full
04-09 00:58:55.121  1296  1296 E ANDR-PERF-MPCTL: perf request submission limit reached.
04-09 00:58:55.123 22435 28512 I Finsky  : [333] Integrity key attestation record generated successfully.
04-09 00:58:55.125  2184  2271 I system_server: Background concurrent copying GC freed 25MB AllocSpace bytes, 19(576KB) LOS objects, 19% free, 101MB/125MB, paused 1.174ms,252us total 727.265ms
04-09 00:58:55.129  1265  1749 E SDM     : HWCSession::GetClientTargetProperty: GetClinetTargetProperty interface enter
04-09 00:58:55.129  1296  1296 E ANDR-PERF-DATA-POOL: EventDataPool is Full
04-09 00:58:55.129  1296  1296 E ANDR-PERF-MPCTL: perf request submission limit reached.
04-09 00:58:55.130  2184  2272 W JavaBinder: BinderProxy is being destroyed but the application did not call unlinkToDeath to unlink all of its death recipients beforehand.  Releasing leaked death recipient: com.android.server.wm.EmbeddedWindowController$$ExternalSyntheticLambda0
04-09 00:58:55.130  2184  2272 I BpBinder: onLastStrongRef automatically unlinking death recipients: 
04-09 00:58:55.137  1265  1749 E SDM     : HWCSession::GetClientTargetProperty: GetClinetTargetProperty interface enter
04-09 00:58:55.137  1296  1296 E ANDR-PERF-DATA-POOL: EventDataPool is Full
04-09 00:58:55.137  1296  1296 E ANDR-PERF-MPCTL: perf request submission limit reached.
04-09 00:58:55.139  2184  2272 W JavaBinder: BinderProxy is being destroyed but the application did not call unlinkToDeath to unlink all of its death recipients beforehand.  Releasing leaked death recipient: com.android.server.wm.EmbeddedWindowController$$ExternalSyntheticLambda0
04-09 00:58:55.139  2184  2272 I BpBinder: onLastStrongRef automatically unlinking death recipients: 
04-09 00:58:55.144  2184  2273 W System  : A resource failed to call HardwareBuffer.close. 
04-09 00:58:55.145  1265  1749 E SDM     : HWCSession::GetClientTargetProperty: GetClinetTargetProperty interface enter
04-09 00:58:55.146  1296  1296 E ANDR-PERF-DATA-POOL: EventDataPool is Full
04-09 00:58:55.146  1296  1296 E ANDR-PERF-MPCTL: perf request submission limit reached.
04-09 00:58:55.145 28049 28345 I WM-WorkerWrapper: Worker result SUCCESS for Work [ id=f0bb3b6a-e1de-43d4-9a35-7a1d9fa1abea, tags={ com.linkedin.android.litrackinglib.network.SendTrackingEventWorker,send_one_batch_events_work } ]
04-09 00:58:55.146  2184  2273 W System  : A resource failed to call HardwareBuffer.close. 
04-09 00:58:55.148 28049 28049 D WM-Processor: Processor f0bb3b6a-e1de-43d4-9a35-7a1d9fa1abea executed; reschedule = false
04-09 00:58:55.148 28049 28049 D WM-GreedyScheduler: Stopping tracking for WorkGenerationalId(workSpecId=f0bb3b6a-e1de-43d4-9a35-7a1d9fa1abea, generation=0)
04