04-09 00:56:34.759  1103  1103 D android.hardware.audio.service: Failed to fetch the lookup information of the device 0000271B 
04-09 00:56:34.759  1103  1103 D ACDB-LOADER: Error: ACDB AudProc vol returned = -19
04-09 00:56:34.759  1103  1103 D ACDB-LOADER: ACDB -> AUDIO_SET_VOL_CAL cal type = 40
04-09 00:56:34.759  1103  1103 W msm8974_platform: platform_send_gain_dep_cal: Usecase list is empty
04-09 00:56:34.760  1375  1982 W audioserver: Binder 0xb4000070a391f528 destroyed after setMinSchedulerPolicy before being parceled.
04-09 00:56:34.760  1375  1982 D APM_AudioPolicyManager: stopOutput portId 530
04-09 00:56:34.760  1375  1982 D APM_AudioPolicyManager: stopOutput() output 21, stream 3, session 889
04-09 00:56:34.760  1375  1982 D APM_AudioPolicyManager: setOutputDevices output 21 device AUDIO_DEVICE_NONE delayMs 218 force 0 requiresMuteCheck 1
04-09 00:56:34.760  1375  1982 D APM_AudioPolicyManager: setOutputDevices() prevDevice {AUDIO_DEVICE_OUT_SPEAKER, @:}
04-09 00:56:34.764  4110  4110 D VRI[Launcher]: vri.reportDrawFinished
04-09 00:56:34.765  4110  4110 E FileUtils: err write to mi_exception_log
04-09 00:56:34.765  2184  8802 D WindowManager: wms.finishDrawingLocked: mDrawState=COMMIT_DRAW_PENDING Window{32f4e26 u0 com.mi.android.globallauncher/com.miui.home.launcher.Launcher} in Surface(name=com.mi.android.globallauncher/com.miui.home.launcher.Launcher#5264)/@0xf4a64dc
04-09 00:56:34.766  1103  1258 D DlbDlbEffect: effectCommand(handle=0xf5e6c740, cmdCode=1, cmdSize=64, pCmdData=0xf61fdbd0, replySize=4, pReplyData=0xf61fdb8c)
04-09 00:56:34.766  1103  1258 D DlbDlbEffect: handle_EFFECT_CMD_SET_CONFIG()
04-09 00:56:34.766  1382  1382 W Layer   : gatherBufferInfo: Received unknown dataspace from gralloc
04-09 00:56:34.767  4110  4110 D RecentsImpl: mActivityStateObserver com.miui.home.launcher.Launcher
04-09 00:56:34.767  4110  4110 W RecentsImpl: onResumed className=com.miui.home.launcher.Launcher   mIsInAnotherPro=false   isKeyguardLocked=false   mIsStatusBarExpansion=false   mSecuritySpaceGuideShown=false
04-09 00:56:34.767  4110  4110 D SessionLifecycleClient: Session update received: 300f1759f2f44780a324455f4a8cc1c7
04-09 00:56:34.767  4110  4110 D Launcher.ShortcutInfo: onAddToDatabase, this=ShortcutInfo, id=863, itemType=0, user=UserHandle{0}, mIconType=0, pkgName=app.blearn.mobile, className=app.blearn.mobile.MainActivity, screenId=6, container=-100, cellX=2, cellY=3, spanX=1, spanY=1
04-09 00:56:34.767  4110  4110 D Launcher.Model: Update item in database (2, 3) of screen 6 under container -100
04-09 00:56:34.768  4110  4110 D Launcher.Model: updateItemInDatabase, item=ShortcutInfo, id=863, itemType=0, user=UserHandle{0}, mIconType=0, pkgName=app.blearn.mobile, className=app.blearn.mobile.MainActivity, screenId=6, container=-100, cellX=2, cellY=3, spanX=1, spanY=1
04-09 00:56:34.768  4110  4110 D Launcher: app.blearn.mobile, has been opened, remove its new installed indicator
04-09 00:56:34.769  2184  2507 I SmartPower: com.mi.android.globallauncher/10082(4110): invisible->visible(204ms) R(become visible) adj=0.
04-09 00:56:34.770  2184  2507 I WindowManager: wms.showSurfaceRobustly mWin:Window{32f4e26 u0 com.mi.android.globallauncher/com.miui.home.launcher.Launcher}
04-09 00:56:34.770  1103  1103 V EffectMiSound: MiSound_command() start, cmdCode=20
04-09 00:56:34.770  1103  1103 V EffectMiSound: MiSound_Command EFFECT_CMD_OFFLOAD
04-09 00:56:34.770  1382  1382 D MI-SF   : Launcher Changed hasLauncher=1
04-09 00:56:34.770  1103  1259 V EffectMiSound: MiSound_command() start, cmdCode=1
04-09 00:56:34.770  2184  3148 I SmartPower: com.mi.globalminusscreen/10337(30380): idle->background(253194ms) R(add to whitelist) adj=0.
04-09 00:56:34.770  1103  1259 V EffectMiSound: MiSound_setConfig start
04-09 00:56:34.771  2184  2507 D WindowManager: Final targets: [Task{ee261fc #1 type=home}, Task{a7e439 #14389 type=standard A=10518:com.suno.android}, WallpaperWindowToken{eaff2a8 token=android.os.BinderProxy@70a9acb}, WallpaperWindowToken{c990fe8 token=android.os.Binder@51ce50b}]
04-09 00:56:34.771  1103  7858 V EffectMiSound: MiSound_command() start, cmdCode=1
04-09 00:56:34.771  1103  7858 V EffectMiSound: MiSound_setConfig start
04-09 00:56:34.771  1103  7857 V EffectMiSound: MiSound_command() start, cmdCode=9
04-09 00:56:34.771  1103  7857 V EffectMiSound: MiSound_Command EFFECT_CMD_SET_DEVICE: 0x00000002
04-09 00:56:34.771  1103 14952 V EffectMiSound: MiSound_command() start, cmdCode=11
04-09 00:56:34.771  1103 14952 V EffectMiSound: MiSound_Command EFFECT_CMD_SET_AUDIO_MODE: 0
04-09 00:56:34.771  1103 25835 D DlbDlbEffect: effectCommand(handle=0xf5e6c740, cmdCode=5, cmdSize=20, pCmdData=0xf5e54b00, replySize=4, pReplyData=0xf5dc62c8)
04-09 00:56:34.771  1103 25835 D DlbDlbEffect: handle_EFFECT_CMD_SET_PARAM()
04-09 00:56:34.771  1103 25835 V DlbDapEffectContext: setParam() received parameter EFFECT_PARAM_SKIP_HARD_BYPASS
04-09 00:56:34.771  1103 25835 V DlbEffectQdspDap: setPreferredOffType()
04-09 00:56:34.771  1103 25835 D DlbQdspGefDriver: setPreferredOffType(type=2)
04-09 00:56:34.772  1103 26743 D DlbDlbEffect: effectCommand(handle=0xf5e6c740, cmdCode=4, cmdSize=0, pCmdData=0x0, replySize=4, pReplyData=0xf5e6c950)
04-09 00:56:34.772  1103 26743 D DlbDlbEffect: handle_EFFECT_CMD_DISABLE()
04-09 00:56:34.772  1103 26743 V DlbEffectQdspDap: setEnabled()
04-09 00:56:34.772  1103 26743 V DlbEffectQdspDap: updateEnabled(enabled=0, bypassed=0)
04-09 00:56:34.772  1103 26743 D DlbQdspGefDriver: setEnabled(enable=0)
04-09 00:56:34.772  1103 26743 D DlbQdspGefDriver: setEnabled(): Skip the transient enabled state 0
04-09 00:56:34.772  1103 23152 D DlbDlbEffect: effectCommand(handle=0xf5e6c740, cmdCode=20, cmdSize=8, pCmdData=0xf5e6cf20, replySize=4, pReplyData=0xf5dc3ac0)
04-09 00:56:34.772  1103 23152 D DlbDlbEffect: handle_EFFECT_CMD_OFFLOAD(offload=0, ioHandle=13)
04-09 00:56:34.772  1103 26744 D DlbDlbEffect: effectCommand(handle=0xf5e6c740, cmdCode=1, cmdSize=64, pCmdData=0xf1f41bd0, replySize=4, pReplyData=0xf1f41b8c)
04-09 00:56:34.772  1103 26744 D DlbDlbEffect: handle_EFFECT_CMD_SET_CONFIG()
04-09 00:56:34.772  1103 23153 V EffectMiSound: MiSound_command() start, cmdCode=1
04-09 00:56:34.772  1103 23153 V EffectMiSound: MiSound_setConfig start
04-09 00:56:34.773  1103  2464 D DlbDlbEffect: effectCommand(handle=0xf5e6c740, cmdCode=1, cmdSize=64, pCmdData=0xf293bbd0, replySize=4, pReplyData=0xf293bb8c)
04-09 00:56:34.773  1103  2464 D DlbDlbEffect: handle_EFFECT_CMD_SET_CONFIG()
04-09 00:56:34.773  1103 23055 D DlbDlbEffect: effectCommand(handle=0xf5e6c740, cmdCode=9, cmdSize=4, pCmdData=0xf5dc62f8, replySize=4, pReplyData=0xf5dc6be8)
04-09 00:56:34.773  1103 23055 D DlbDlbEffect: handle_EFFECT_CMD_SET_DEVICE(device=0x00000002)
04-09 00:56:34.773  1103 23055 V DlbDapEffectContext: setDevice(00000002)
04-09 00:56:34.773  1103 23055 V DlbEffectQdspDap: setBypass(bypass = 0)
04-09 00:56:34.773  1103 23055 V DlbEffectQdspDap: setDevice()
04-09 00:56:34.773  1103 23055 D DlbQdspGefDriver: setDevice(device=0x00000002): old device 0x00000002
04-09 00:56:34.773  1243  1243 D DMSService: setActiveDevice called with device = 0x2 (original 0x2)
04-09 00:56:34.774  1103  3342 D DlbDlbEffect: effectCommand(handle=0xf5e6c740, cmdCode=11, cmdSize=4, pCmdData=0xf5e6c440, replySize=4, pReplyData=0xf5dc6120)
04-09 00:56:34.774  1103  3342 V DlbDlbEffect: handle_EFFECT_CMD_SET_AUDIO_MODE(mode=0x00000000)
04-09 00:56:34.774  4110  4110 D LauncherClient.Service: service already connected:com.mi.globalminusscreen
04-09 00:56:34.774  1103  3341 D DlbDlbEffect: effectCommand(handle=0xf5e6c740, cmdCode=5, cmdSize=20, pCmdData=0xf5d7e0b8, replySize=4, pReplyData=0xf5dc3e40)
04-09 00:56:34.774  1103  3341 D DlbDlbEffect: handle_EFFECT_CMD_SET_PARAM()
04-09 00:56:34.774  1103  3341 E DlbEffectContext: setParam() received unknown parameter 20
04-09 00:56:34.775  4110  4338 D SessionLifecycleClient: Notified CRASHLYTICS of new session 300f1759f2f44780a324455f4a8cc1c7
04-09 00:56:34.780  1103  2954 D DlbDlbEffect: effectCommand(handle=0xf5e6c740, cmdCode=20, cmdSize=8, pCmdData=0xf5e6cf70, replySize=4, pReplyData=0xf5dc3908)
04-09 00:56:34.781  1103  2954 D DlbDlbEffect: handle_EFFECT_CMD_OFFLOAD(offload=1, ioHandle=13)
04-09 00:56:34.781  1103 23153 D DlbDlbEffect: effectCommand(handle=0xf5e6c740, cmdCode=3, cmdSize=0, pCmdData=0x0, replySize=4, pReplyData=0xf6352560)
04-09 00:56:34.781  1103 23153 D DlbDlbEffect: handle_EFFECT_CMD_ENABLE()
04-09 00:56:34.781  1103 23153 V DlbEffectQdspDap: setEnabled()
04-09 00:56:34.781  1103 23153 V DlbEffectQdspDap: updateEnabled(enabled=1, bypassed=0)
04-09 00:56:34.781  1103 23153 D DlbQdspGefDriver: setEnabled(enable=1)
04-09 00:56:34.781  1103 23153 D DlbQdspGefDriver: setEnabled(): the enabled state is already 1
04-09 00:56:34.781  1375  1982 D AudioFlinger: moveEffectChain_l: successful move of session 0 from srcThread 0xb4000070a3839980 to dstThread 0xb4000070b954abc0 (2 effects moved, 1 effects started)
04-09 00:56:34.784  1382  1554 D qdgralloc: GetYUVPlaneInfo: Invalid format passed: 0x21
04-09 00:56:34.784  1382  1382 W Layer   : gatherBufferInfo: Received unknown dataspace from gralloc
04-09 00:56:34.789  2184  2507 D WindowManager: Calling onTransitionReady info={id=506 t=OPEN f=0x0 trk=0 r=[0@Point(0, 0)] c=[{WCT{RemoteToken{ceea0bc Task{ee261fc #1 type=home}}} m=TO_FRONT f=SHOW_WALLPAPER|MOVE_TO_TOP leash=Surface(name=Task=1#45)/@0x2d6a2ef sb=Rect(0, 0 - 1080, 2400) eb=Rect(0, 0 - 1080, 2400) d=0},{WCT{RemoteToken{5bb2ffe Task{a7e439 #14389 type=standard A=10518:com.suno.android}}} m=TO_BACK f=NONE leash=Surface(name=Task=14389#4602)/@0x8660400 sb=Rect(0, 0 - 1080, 2400) eb=Rect(0, 0 - 1080, 2400) d=0},{null m=TO_FRONT f=IS_WALLPAPER leash=Surface(name=WallpaperWindowToken{eaff2a8 token=android.os.BinderProxy@70a9acb}#53)/@0x4fad66 sb=Rect(0, 0 - 1080, 2400) eb=Rect(0, 0 - 1080, 2400) d=0},{null m=TO_FRONT f=IS_WALLPAPER leash=Surface(name=WallpaperWindowToken{c990fe8 token=android.os.Binder@51ce50b}#60)/@0xae34294 sb=Rect(0, 0 - 1080, 2400) eb=Rect(0, 0 - 1080, 2400) d=0}] noAni=[false] df=[false] mk=[true] nc=[0]}, mToken=Token{4541136 TransitionRecord{997e22d id=506 type=OPEN flags=0x0}}
04-09 00:56:34.791  2184  2507 I BLASTSyncEngine: finishNow: after onTransactionReady, mSyncId=506
04-09 00:56:34.794  4073  4317 D MiuiFreeformAnimation: startAnimation change: {WCT{android.window.IWindowContainerToken$Stub$Proxy@8d32018} m=TO_FRONT f=SHOW_WALLPAPER|MOVE_TO_TOP leash=Surface(name=Task=1#45)/@0xc22ccdf sb=Rect(0, 0 - 1080, 2400) eb=Rect(0, 0 - 1080, 2400) d=0} info.getType(): 1
04-09 00:56:34.794  4073  4317 I MiuiFreeformAnimation: isLaunchWidgetPicker=false,taskInfo.getWindowingMode()=1, taskInfo.getActivityType()=2
04-09 00:56:34.794  4073  4317 D MiuiFreeformAnimation: startAnimation change: {WCT{android.window.IWindowContainerToken$Stub$Proxy@3c2a71} m=TO_BACK f=NONE leash=Surface(name=Task=14389#4602)/@0x8b75d2c sb=Rect(0, 0 - 1080, 2400) eb=Rect(0, 0 - 1080, 2400) d=0} info.getType(): 1
04-09 00:56:34.795  4073  4317 D MiuiFreeformAnimation: startAnimation change: {null m=TO_FRONT f=IS_WALLPAPER leash=Surface(name=WallpaperWindowToken{eaff2a8 token=android.os.BinderProxy@70a9acb}#53)/@0x7e43f5 sb=Rect(0, 0 - 1080, 2400) eb=Rect(0, 0 - 1080, 2400) d=0} info.getType(): 1
04-09 00:56:34.795  4073  4317 D MiuiFreeformAnimation: startAnimation change: {null m=TO_FRONT f=IS_WALLPAPER leash=Surface(name=WallpaperWindowToken{c990fe8 token=android.os.Binder@51ce50b}#60)/@0x2f5c58a sb=Rect(0, 0 - 1080, 2400) eb=Rect(0, 0 - 1080, 2400) d=0} info.getType(): 1
04-09 00:56:34.795  4073  4317 W MiuiTaskTransitionHandler: Receive an unknown transition, token=android.os.BinderProxy@e6b0a3d, type=1
04-09 00:56:34.796  1103  1258 D audio_hw_primary: out_set_parameters: enter: usecase(0: deep-buffer-playback) kvpairs: appname=-com.suno.android
04-09 00:56:34.796  1103  1258 D audio_hw_primary: out_set_parameters: [hal_apptype] cannot find app type [-com.suno.android], return !
04-09 00:56:34.797  4073  4317 D RemoteTransitionHandler: Found filterPair{{types=[] flags=0x0] notFlags=0x100 checks=[{atype=home independent=true modes=[OPEN,TO_FRONT] flags=NONE mustBeTask=false order=TOP topActivity=ComponentInfo{com.mi.android.globallauncher/com.miui.home.launcher.Launcher}},{atype=standard independent=true modes=[CLOSE,TO_BACK] flags=NONE mustBeTask=false order=ANY topActivity=null}]} RemoteTransition { remoteTransition = android.window.IRemoteTransition$Stub$Proxy@4dde677, appThread = null, debugName = null }}
04-09 00:56:34.799  4073  4317 W System.err: android.content.pm.PackageManager$NameNotFoundException: com.miui.home
04-09 00:56:34.800  4073  4317 W System.err: 	at android.app.ApplicationPackageManager.getApplicationInfoAsUser(ApplicationPackageManager.java:515)
04-09 00:56:34.800  4073  4317 W System.err: 	at android.app.ApplicationPackageManager.getApplicationInfo(ApplicationPackageManager.java:498)
04-09 00:56:34.800  4073  4317 W System.err: 	at android.app.ApplicationPackageManager.getApplicationInfo(ApplicationPackageManager.java:492)
04-09 00:56:34.800  4073  4317 W System.err: 	at com.android.wm.shell.sosc.SoScUtilsImpl.checkHomeVersionSupportDividerBg(go/retraceme ae2a346b5dc795f1b8ed56c0f3f09f8539fadae4744ad635990ce6e383c6db62:8)
04-09 00:56:34.800  4073  4317 W System.err: 	at com.android.wm.shell.sosc.SoScUtilsImpl.supportDividerBackground(go/retraceme ae2a346b5dc795f1b8ed56c0f3f09f8539fadae4744ad635990ce6e383c6db62:1)
04-09 00:56:34.800  4073  4317 W System.err: 	at com.android.wm.shell.sosc.SoScUtilsImpl.updateTransitionInfoForRemote(go/retraceme ae2a346b5dc795f1b8ed56c0f3f09f8539fadae4744ad635990ce6e383c6db62:1)
04-09 00:56:34.800  4073  4317 W System.err: 	at com.android.wm.shell.transition.RemoteTransitionHandler.startAnimation(go/retraceme ae2a346b5dc795f1b8ed56c0f3f09f8539fadae4744ad635990ce6e383c6db62:250)
04-09 00:56:34.800  4073  4317 W System.err: 	at com.android.wm.shell.transition.Transitions.dispatchTransition(go/retraceme ae2a346b5dc795f1b8ed56c0f3f09f8539fadae4744ad635990ce6e383c6db62:62)
04-09 00:56:34.800  4073  4317 W System.err: 	at com.android.wm.shell.transition.Transitions.processReadyQueue(go/retraceme ae2a346b5dc795f1b8ed56c0f3f09f8539fadae4744ad635990ce6e383c6db62:636)
04-09 00:56:34.800  4073  4317 W System.err: 	at com.android.wm.shell.transition.Transitions.dispatchReady(go/retraceme ae2a346b5dc795f1b8ed56c0f3f09f8539fadae4744ad635990ce6e383c6db62:796)
04-09 00:56:34.800  4073  4317 W System.err: 	at com.android.wm.shell.transition.Transitions.onTransitionReady(go/retraceme ae2a346b5dc795f1b8ed56c0f3f09f8539fadae4744ad635990ce6e383c6db62:199)
04-09 00:56:34.800  4073  4317 W System.err: 	at com.android.wm.shell.transition.Transitions$TransitionPlayerImpl$$ExternalSyntheticLambda0.run(go/retraceme ae2a346b5dc795f1b8ed56c0f3f09f8539fadae4744ad635990ce6e383c6db62:23)
04-09 00:56:34.800  4073  4317 W System.err: 	at android.os.Handler.handleCallback(Handler.java:958)
04-09 00:56:34.800  4073  4317 W System.err: 	at android.os.Handler.dispatchMessage(Handler.java:99)
04-09 00:56:34.800  4073  4317 W System.err: 	at android.os.Looper.loopOnce(Looper.java:222)
04-09 00:56:34.800  4073  4317 W System.err: 	at android.os.Looper.loop(Looper.java:314)
04-09 00:56:34.800  4073  4317 W System.err: 	at android.os.HandlerThread.run(HandlerThread.java:67)
04-09 00:56:34.803  4073  4317 D MiuiFullScreenTaskRepository: setFocusedTask taskId=1, displayId=0, topActivity=ComponentInfo{com.mi.android.globallauncher/com.miui.home.launcher.Launcher}
04-09 00:56:34.803  4073  4317 D MiuiFullScreenTaskRepository: addOrUpdateFullScreenTaskInfo taskId=1, topActivity=ComponentInfo{com.mi.android.globallauncher/com.miui.home.launcher.Launcher}
04-09 00:56:34.804  4073  4073 E onWindowDecorRectChanged: start size:0
04-09 00:56:34.804  4110  4110 D TaskSnapshotCompatVU: getIsInvalidateFromTaskSnapshot, don't find method
04-09 00:56:34.804  4110  4110 D EventBus: No subscribers registered for event class com.miui.home.recents.messages.TaskSnapshotChangedEvent
04-09 00:56:34.804  4110  4110 D EventBus: No subscribers registered for event class org.greenrobot.eventbus.NoSubscriberEvent
04-09 00:56:34.804 12404 12478 I HeavyPackageIdentify: splitMode: false, splitPackages: null, foregroundPkg: com.mi.android.globallauncher
04-09 00:56:34.810 25935 25935 D BlearnAccessibility: event: com.mi.android.globallauncher type=2048
04-09 00:56:34.812  4110  4595 D AnimStateManager: send event 9001 currentState = IdleState windowElement = null
04-09 00:56:34.812  4110  4110 I AnimStateManager: IdleState handle event 9001
04-09 00:56:34.812  4110  4110 I AnimStateManager: CommonState handle event 9001
04-09 00:56:34.812  4110  4110 I AnimStateManager: onWindowElementChanged. initWindowElement windowElement= null
04-09 00:56:34.812  4110  4110 I RectFSpringAnim: init
04-09 00:56:34.812  4110  4110 D RectFSpringAnim: addAnimatorListener
04-09 00:56:34.812  4110  4110 I WindowElement: com.miui.home.recents.anim.WindowElement@26e1ad4 window init isHalf = false
04-09 00:56:34.812  4110  4110 I WindowElement: java.lang.Exception
04-09 00:56:34.812  4110  4110 I WindowElement: 	at com.miui.home.recents.anim.WindowElement.<init>(WindowElement.kt:508)
04-09 00:56:34.812  4110  4110 I WindowElement: 	at com.miui.home.recents.anim.WindowElement.<init>(WindowElement.kt:45)
04-09 00:56:34.812  4110  4110 I WindowElement: 	at com.miui.home.recents.anim.StateManager.initWindowElement(StateManager.kt:648)
04-09 00:56:34.812  4110  4110 I WindowElement: 	at com.miui.home.recents.anim.StateManager.access$initWindowElement(StateManager.kt:33)
04-09 00:56:34.812  4110  4110 I WindowElement: 	at com.miui.home.recents.anim.StateManager$CommonState.handleEvent(StateManager.kt:1249)
04-09 00:56:34.812  4110  4110 I WindowElement: 	at com.miui.home.recents.anim.StateManager.handleEventActually(StateManager.kt:112)
04-09 00:56:34.812  4110  4110 I WindowElement: 	at com.miui.home.recents.anim.StateManager.sendEventActually$lambda-0(StateManager.kt:99)
04-09 00:56:34.812  4110  4110 I WindowElement: 	at com.miui.home.recents.anim.StateManager.$r8$lambda$C-kZp_X93nanDwYsUFIjH_GwEtM(Unknown Source:0)
04-09 00:56:34.812  4110  4110 I WindowElement: 	at com.miui.home.recents.anim.StateManager$$ExternalSyntheticLambda3.run(Unknown Source:4)
04-09 00:56:34.812  4110  4110 I WindowElement: 	at android.os.Handler.handleCallback(Handler.java:958)
04-09 00:56:34.812  4110  4110 I WindowElement: 	at android.os.Handler.dispatchMessage(Handler.java:99)
04-09 00:56:34.812  4110  4110 I WindowElement: 	at android.os.Looper.loopOnce(Looper.java:222)
04-09 00:56:34.812  4110  4110 I WindowElement: 	at android.os.Looper.loop(Looper.java:314)
04-09 00:56:34.812  4110  4110 I WindowElement: 	at android.app.ActivityThread.main(ActivityThread.java:8857)
04-09 00:56:34.812  4110  4110 I WindowElement: 	at java.lang.reflect.Method.invoke(Native Method)
04-09 00:56:34.812  4110  4110 I WindowElement: 	at com.android.internal.os.RuntimeInit$MethodAndArgsCaller.run(RuntimeInit.java:565)
04-09 00:56:34.812  4110  4110 I WindowElement: 	at com.android.internal.os.ZygoteInit.main(ZygoteInit.java:1013)
04-09 00:56:34.812  4110  4110 D TransitionCallback: isFrameworkEnableCallback = true
04-09 00:56:34.812  4110  4110 I WindowElement26e1ad4: injectRemoteTransition params=RemoteTransitionInfo(token=android.os.BinderProxy@1509f72, info={id=506 t=OPEN f=0x0 trk=0 r=[0@Point(0, 0)] c=[{WCT{android.window.IWindowContainerToken$Stub$Proxy@414cfc3} m=TO_FRONT f=SHOW_WALLPAPER|MOVE_TO_TOP leash=Surface(name=Task=1#45)/@0xdc8471a sb=Rect(0, 0 - 1080, 2400) eb=Rect(0, 0 - 1080, 2400) d=0},{WCT{android.window.IWindowContainerToken$Stub$Proxy@7fc1040} m=TO_BACK f=NONE leash=Surface(name=Task=14389#4602)/@0xc0c624b sb=Rect(0, 0 - 1080, 2400) eb=Rect(0, 0 - 1080, 2400) d=0},{null m=TO_FRONT f=IS_WALLPAPER leash=Surface(name=WallpaperWindowToken{eaff2a8 token=android.os.BinderProxy@70a9acb}#53)/@0x83ae428 sb=Rect(0, 0 - 1080, 2400) eb=Rect(0, 0 - 1080, 2400) d=0},{null m=TO_FRONT f=IS_WALLPAPER leash=Surface(name=WallpaperWindowToken{c990fe8 token=android.os.Binder@51ce50b}#60)/@0x1878541 sb=Rect(0, 0 - 1080, 2400) eb=Rect(0, 0 - 1080, 2400) d=0}] noAni=[false] df=[false] mk=[true] nc=[0]}, t=android.view.SurfaceControl$Transaction@4c69b79, finishCallback=android.window.IRemoteTransitionFinishedCallback$Stub$Proxy@48540be, isMerge=false, mergeTarget=null)
04-09 00:56:34.812  4110  4110 E WindowTransitionCompat: TransitionTest wrapRemoteTransition
04-09 00:56:34.812  4110  4110 I WindowTransitionCompat: TransitionTest HomeShellTransition IRemoteTransition startAnimation
04-09 00:56:34.812  4110  4110 D WindowTransitionCompat: printLeash::TransitionInfo = {id=506 t=OPEN f=0x0 trk=0 r=[0@Point(0, 0)] c=[{WCT{android.window.IWindowContainerToken$Stub$Proxy@414cfc3} m=TO_FRONT f=SHOW_WALLPAPER|MOVE_TO_TOP leash=Surface(name=Task=1#45)/@0xdc8471a sb=Rect(0, 0 - 1080, 2400) eb=Rect(0, 0 - 1080, 2400) d=0},{WCT{android.window.IWindowContainerToken$Stub$Proxy@7fc1040} m=TO_BACK f=NONE leash=Surface(name=Task=14389#4602)/@0xc0c624b sb=Rect(0, 0 - 1080, 2400) eb=Rect(0, 0 - 1080, 2400) d=0},{null m=TO_FRONT f=IS_WALLPAPER leash=Surface(name=WallpaperWindowToken{eaff2a8 token=android.os.BinderProxy@70a9acb}#53)/@0x83ae428 sb=Rect(0, 0 - 1080, 2400) eb=Rect(0, 0 - 1080, 2400) d=0},{null m=TO_FRONT f=IS_WALLPAPER leash=Surface(name=WallpaperWindowToken{c990fe8 token=android.os.Binder@51ce50b}#60)/@0x1878541 sb=Rect(0, 0 - 1080, 2400) eb=Rect(0, 0 - 1080, 2400) d=0}] noAni=[false] df=[false] mk=[true] nc=[0]}
04-09 00:56:34.812  4110  4110 D WindowTransitionCompat: printLeash::index = 0, change = {WCT{android.window.IWindowContainerToken$Stub$Proxy@414cfc3} m=TO_FRONT f=SHOW_WALLPAPER|MOVE_TO_TOP leash=Surface(name=Task=1#45)/@0xdc8471a sb=Rect(0, 0 - 1080, 2400) eb=Rect(0, 0 - 1080, 2400) d=0}
04-09 00:56:34.812  4110  4110 D WindowTransitionCompat: printLeash::taskInfo = TaskInfo{userId=0 taskId=1 displayId=0 isRunning=true baseIntent=Intent { act=android.intent.action.MAIN cat=[android.intent.category.HOME] flg=0x10000100 cmp=com.mi.android.globallauncher/com.miui.home.launcher.Launcher } baseActivity=ComponentInfo{com.mi.android.globallauncher/com.miui.home.launcher.Launcher} topActivity=ComponentInfo{com.mi.android.globallauncher/com.miui.home.launcher.Launcher} origActivity=null realActivity=null numActivities=1 lastActiveTime=21569 supportsSplitScreenMultiWindow=true supportsMultiWindow=true resizeMode=2 isResizeable=true minWidth=-1 minHeight=-1 defaultMinSize=200 token=WCT{android.window.IWindowContainerToken$Stub$Proxy@76aa51f} topActivityType=2 pictureInPictureParams=null shouldDockBigOverlays=false launchIntoPipHostTaskId=-1 lastParentTaskIdBeforePip=-1 displayCutoutSafeInsets=null topActivityInfo=ActivityInfo{bb1f06c com.miui.home.launcher.Launcher} launchCookies=[] positionInParent=Point(0, 0) parentTaskId=-1 isFocused=true isVisible=true isVisibleRequested=true isSleeping=false topActivityInSizeCompat=false topActivityInMiuiSizeCompat=false topActivityEligibleForLetterboxEducation= false topActivityLetterboxed= false isFromDoubleTap= false topActivityLetterboxVerticalPosition= -1 topActivityLetterboxHorizontalPosition= -1 topActivityLetterboxWidth=-1 topActivityLetterboxHeight=-1 locusId=null displayAreaFeatureId=1 cameraCompatControlState=hidden mIsCastMode=false mTopActivityMediaSize=null mTopActivityRecordName=ActivityRecord{a94c727 u0 com.mi.android.globallauncher/com.miui.home.launcher.Launcher t2} mTopActivityOrientation=1 mTopActivityWindowIsNowVisible=true isTranslucent=false isEmbedded=false shouldBeVisible=true isImmersive=false mBehindAppLockPkg=null mOriginatingUid=0}
04-09 00:56:34.812  4110  4110 D WindowTransitionCompat: printLeash::index = 1, change = {WCT{android.window.IWindowContainerToken$Stub$Proxy@7fc1040} m=TO_BACK f=NONE leash=Surface(name=Task=14389#4602)/@0xc0c624b sb=Rect(0, 0 - 1080, 2400) eb=Rect(0, 0 - 1080, 2400) d=0}
04-09 00:56:34.812  4110  4110 D WindowTransitionCompat: printLeash::taskInfo = TaskInfo{userId=0 taskId=14389 displayId=0 isRunning=true baseIntent=Intent { act=android.intent.action.MAIN cat=[android.intent.category.LAUNCHER] flg=0x10200000 cmp=com.suno.android/.MainActivity } baseActivity=ComponentInfo{com.suno.android/com.suno.android.MainActivity} topActivity=ComponentInfo{com.suno.android/com.suno.android.MainActivity} origActivity=null realActivity=ComponentInfo{com.suno.android/com.suno.android.MainActivity} numActivities=1 lastActiveTime=97665794 supportsSplitScreenMultiWindow=true supportsMultiWindow=true resizeMode=1 isResizeable=true minWidth=-1 minHeight=-1 defaultMinSize=200 token=WCT{android.window.IWindowContainerToken$Stub$Proxy@18c7635} topActivityType=1 pictureInPictureParams=null shouldDockBigOverlays=false launchIntoPipHostTaskId=-1 lastParentTaskIdBeforePip=-1 displayCutoutSafeInsets=Rect(0, 94 - 0, 0) topActivityInfo=ActivityInfo{6d0aaca com.suno.android.MainActivity} launchCookies=[] positionInParent=Point(0, 0) parentTaskId=-1 isFocused=false isVisible=true isVisibleRequested=false isSleeping=false topActivityInSizeCompat=false topActivityInMiuiSizeCompat=false topActivityEligibleForLetterboxEducation= false topActivityLetterboxed= false isFromDoubleTap= false topActivityLetterboxVerticalPosition= -1 topActivityLetterboxHorizontalPosition= -1 topActivityLetterboxWidth=-1 topActivityLetterboxHeight=-1 locusId=null displayAreaFeatureId=1 cameraCompatControlState=hidden mIsCastMode=false mTopActivityMediaSize=null mTopActivityRecordName=ActivityRecord{6633a83 u0 com.suno.android/.MainActivity t14389} mTopActivityOrientation=-2 mTopActivityWindowIsNowVisible=true isTranslucent=true isEmbedded=false shouldBeVisible=false isImmersive=false mBehindAppLockPkg=null mOriginatingUid=0}
04-09 00:56:34.812  4110  4110 D WindowTransitionCompat: printLeash::index = 2, change = {null m=TO_FRONT f=IS_WALLPAPER leash=Surface(name=WallpaperWindowToken{eaff2a8 token=android.os.BinderProxy@70a9acb}#53)/@0x83ae428 sb=Rect(0, 0 - 1080, 2400) eb=Rect(0, 0 - 1080, 2400) d=0}
04-09 00:56:34.812  4110  4110 D WindowTransitionCompat: printLeash::index = 3, change = {null m=TO_FRONT f=IS_WALLPAPER leash=Surface(name=WallpaperWindowToken{c990fe8 token=android.os.Binder@51ce50b}#60)/@0x1878541 sb=Rect(0, 0 - 1080, 2400) eb=Rect(0, 0 - 1080, 2400) d=0}
04-09 00:56:34.812  4110  4110 E WindowTransitionCompat: printLeash::index = 0, root = Surface(name=Transition Root #506: Task=1#5267)/@0x293bae6
04-09 00:56:34.813  4110  4110 I TransitionCallback: get is waitFinishMainAnim = false
04-09 00:56:34.813  4110  4110 I TransitionCallback: mNeedShowLauncher = false
04-09 00:56:34.813  4110  4110 E WindowTransitionCompat: 0, check isClosingType type = 2, mode = 3
04-09 00:56:34.813  4110  4110 E WindowTransitionCompat: 1, check isClosingType type = 1, mode = 4
04-09 00:56:34.813  4110  4110 I WindowTransitionCompat: startAnimation token = android.os.BinderProxy@1509f72, isClosingType = false
04-09 00:56:34.813  4110  4110 I TransitionCallback: setActivityIsCloseType = false
04-09 00:56:34.813  4110  4110 I TransitionCallback: com.android.systemui.shared.recents.utilities.WindowTransitionCallbackHelper@d1e743b setMainFinishCallback, token = android.os.BinderProxy@1509f72, callback = android.window.IRemoteTransitionFinishedCallback$Stub$Proxy@48540be
04-09 00:56:34.813  4110  4110 I TransitionCallback: com.android.systemui.shared.recents.utilities.WindowTransitionCallbackHelper@d1e743b setTransitionInfo token = android.os.BinderProxy@1509f72, info = {id=506 t=OPEN f=0x0 trk=0 r=[0@Point(0, 0)] c=[{WCT{android.window.IWindowContainerToken$Stub$Proxy@414cfc3} m=TO_FRONT f=SHOW_WALLPAPER|MOVE_TO_TOP leash=Surface(name=Task=1#45)/@0xdc8471a sb=Rect(0, 0 - 1080, 2400) eb=Rect(0, 0 - 1080, 2400) d=0},{WCT{android.window.IWindowContainerToken$Stub$Proxy@7fc1040} m=TO_BACK f=NONE leash=Surface(name=Task=14389#4602)/@0xc0c624b sb=Rect(0, 0 - 1080, 2400) eb=Rect(0, 0 - 1080, 2400) d=0},{null m=TO_FRONT f=IS_WALLPAPER leash=Surface(name=WallpaperWindowToken{eaff2a8 token=android.os.BinderProxy@70a9acb}#53)/@0x83ae428 sb=Rect(0, 0 - 1080, 2400) eb=Rect(0, 0 - 1080, 2400) d=0},{null m=TO_FRONT f=IS_WALLPAPER leash=Surface(name=WallpaperWindowToken{c990fe8 token=android.os.Binder@51ce50b}#60)/@0x1878541 sb=Rect(0, 0 - 1080, 2400) eb=Rect(0, 0 - 1080, 2400) d=0}] noAni=[false] df=[false] mk=[true] nc=[0]}
04-09 00:56:34.813  4110  4110 D TransitionUtil: get key :ComponentInfo{com.mi.android.globallauncher/com.miui.home.launcher.Launcher}#1
04-09 00:56:34.813  4110  4110 I TransitionUtil: rootLeash = Surface(name=Transition Root #506: Task=1#5267)/@0x293bae6
04-09 00:56:34.813  4110  4110 I TransitionUtil: setupLeash isAppOpening = false
04-09 00:56:34.814  4110  4110 I TransitionUtil: setLayer leash5 = Surface(name=TL_Surface(name=Task=1#45)/@0xdc8471a_transition-leash#5269)/@0xe03a758, layer = 3
04-09 00:56:34.814  4110  4110 D TransitionUtil: get key :ComponentInfo{com.suno.android/com.suno.android.MainActivity}#14389
04-09 00:56:34.814  4110  4110 I TransitionUtil: rootLeash = Surface(name=Transition Root #506: Task=1#5267)/@0x293bae6
04-09 00:56:34.814  4110  4110 I TransitionUtil: setupLeash isAppOpening = false
04-09 00:56:34.814  4110  4110 I TransitionUtil: setLayer leash7 = Surface(name=TL_Surface(name=Task=14389#4602)/@0xc0c624b_transition-leash#5270)/@0xa9b40b1, layer = 7
04-09 00:56:34.815  4110  4110 W System.err: java.lang.NoSuchFieldException: android.view.RemoteAnimationTarget#isElement
04-09 00:56:34.818  4110  4110 W System.err: 	at miui.util.ReflectionUtils.findField(ReflectionUtils.java:105)
04-09 00:56:34.818  4110  4110 W System.err: 	at com.android.systemui.shared.recents.system.RemoteAnimationTargetCompat.obtainElement(RemoteAnimationTargetCompat.java:112)
04-09 00:56:34.818  4110  4110 W System.err: 	at com.android.systemui.shared.recents.system.RemoteAnimationTargetCompat.<init>(RemoteAnimationTargetCompat.java:94)
04-09 00:56:34.818  4110  4110 W System.err: 	at com.android.systemui.shared.recents.system.RemoteAnimationTargetCompat.wrap(RemoteAnimationTargetCompat.java:188)
04-09 00:56:34.818  4110  4110 W System.err: 	at com.android.systemui.shared.recents.system.RemoteAnimationTargetCompat.wrapAppsForCompat(RemoteAnimationTargetCompat.java:233)
04-09 00:56:34.818  4110  4110 W System.err: 	at com.android.systemui.shared.recents.system.WindowTransitionCompat$2.lambda$startAnimation$0(WindowTransitionCompat.java:114)
04-09 00:56:34.818  4110  4110 W System.err: 	at com.android.systemui.shared.recents.system.WindowTransitionCompat$2.$r8$lambda$hcqKCUwnRuMqtvMJ6DPLae5xnFA(Unknown Source:0)
04-09 00:56:34.818  4110  4110 W System.err: 	at com.android.systemui.shared.recents.system.WindowTransitionCompat$2$$ExternalSyntheticLambda0.run(Unknown Source:10)
04-09 00:56:34.818  4110  4110 W System.err: 	at com.miui.home.library.utils.LooperExecutor.execute(LooperExecutor.java:43)
04-09 00:56:34.818  4110  4110 W System.err: 	at com.android.systemui.shared.recents.system.WindowTransitionCompat$2.startAnimation(WindowTransitionCompat.java:261)
04-09 00:56:34.818  4110  4110 W System.err: 	at com.android.systemui.shared.recents.system.WindowTransitionCompat.wrapRemoteTransition(WindowTransitionCompat.java:740)
04-09 00:56:34.818  4110  4110 W System.err: 	at com.miui.home.recents.anim.WindowElement.injectRemoteTransition(WindowElement.kt:866)
04-09 00:56:34.818  4110  4110 W System.err: 	at com.miui.home.recents.anim.StateManager$CommonState.handleEvent(StateManager.kt:1251)
04-09 00:56:34.818  4110  4110 W System.err: 	at com.miui.home.recents.anim.StateManager.handleEventActually(StateManager.kt:112)
04-09 00:56:34.818  4110  4110 W System.err: 	at com.miui.home.recents.anim.StateManager.sendEventActually$lambda-0(StateManager.kt:99)
04-09 00:56:34.818  4110  4110 W System.err: 	at com.miui.home.recents.anim.StateManager.$r8$lambda$C-kZp_X93nanDwYsUFIjH_GwEtM(Unknown Source:0)
04-09 00:56:34.818  4110  4110 W System.err: 	at com.miui.home.recents.anim.StateManager$$ExternalSyntheticLambda3.run(Unknown Source:4)
04-09 00:56:34.818  4110  4110 W System.err: 	at android.os.Handler.handleCallback(Handler.java:958)
04-09 00:56:34.818  4110  4110 W System.err: 	at android.os.Handler.dispatchMessage(Handler.java:99)
04-09 00:56:34.818  4110  4110 W System.err: 	at android.os.Looper.loopOnce(Looper.java:222)
04-09 00:56:34.818  4110  4110 W System.err: 	at android.os.Looper.loop(Looper.java:314)
04-09 00:56:34.818  4110  4110 W System.err: 	at android.app.ActivityThread.main(ActivityThread.java:8857)
04-09 00:56:34.818  4110  4110 W System.err: 	at java.lang.reflect.Method.invoke(Native Method)
04-09 00:56:34.818  4110  4110 W System.err: 	at com.android.internal.os.RuntimeInit$MethodAndArgsCaller.run(RuntimeInit.java:565)
04-09 00:56:34.818  4110  4110 W System.err: 	at com.android.internal.os.ZygoteInit.main(ZygoteInit.java:1013)
04-09 00:56:34.819  4110  4110 W System.err: java.lang.NoSuchFieldException: android.view.RemoteAnimationTarget#cornerRadius
04-09 00:56:34.819  4110  4110 W System.err: 	at miui.util.ReflectionUtils.findField(ReflectionUtils.java:105)
04-09 00:56:34.819  4110  4110 W System.err: 	at com.android.systemui.shared.recents.system.RemoteAnimationTargetCompat.obtainCornerRadius(RemoteAnimationTargetCompat.java:100)
04-09 00:56:34.819  4110  4110 W System.err: 	at com.android.systemui.shared.recents.system.RemoteAnimationTargetCompat.<init>(RemoteAnimationTargetCompat.java:95)
04-09 00:56:34.819  4110  4110 W System.err: 	at com.android.systemui.shared.recents.system.RemoteAnimationTargetCompat.wrap(RemoteAnimationTargetCompat.java:188)
04-09 00:56:34.819  4110  4110 W System.err: 	at com.android.systemui.shared.recents.system.RemoteAnimationTargetCompat.wrapAppsForCompat(RemoteAnimationTargetCompat.java:233)
04-09 00:56:34.819  4110  4110 W System.err: 	at com.android.systemui.shared.recents.system.WindowTransitionCompat$2.lambda$startAnimation$0(WindowTransitionCompat.java:114)
04-09 00:56:34.819  4110  4110 W System.err: 	at com.android.systemui.shared.recents.system.WindowTransitionCompat$2.$r8$lambda$hcqKCUwnRuMqtvMJ6DPLae5xnFA(Unknown Source:0)
04-09 00:56:34.819  4110  4110 W System.err: 	at com.android.systemui.shared.recents.system.WindowTransitionCompat$2$$ExternalSyntheticLambda0.run(Unknown Source:10)
04-09 00:56:34.819  4110  4110 W System.err: 	at com.miui.home.library.utils.LooperExecutor.execute(LooperExecutor.java:43)
04-09 00:56:34.819  4110  4110 W System.err: 	at com.android.systemui.shared.recents.system.WindowTransitionCompat$2.startAnimation(WindowTransitionCompat.java:261)
04-09 00:56:34.819  4110  4110 W System.err: 	at com.android.systemui.shared.recents.system.WindowTransitionCompat.wrapRemoteTransition(WindowTransitionCompat.java:740)
04-09 00:56:34.819  4110  4110 W System.err: 	at com.miui.home.recents.anim.WindowElement.injectRemoteTransition(WindowElement.kt:866)
04-09 00:56:34.819  4110  4110 W System.err: 	at com.miui.home.recents.anim.StateManager$CommonState.handleEvent(StateManager.kt:1251)
04-09 00:56:34.819  4110  4110 W System.err: 	at com.miui.home.recents.anim.StateManager.handleEventActually(StateManager.kt:112)
04-09 00:56:34.819  4110  4110 W System.err: 	at com.miui.home.recents.anim.StateManager.sendEventActually$lambda-0(StateManager.kt:99)
04-09 00:56:34.819  4110  4110 W System.err: 	at com.miui.home.recents.anim.StateManager.$r8$lambda$C-kZp_X93nanDwYsUFIjH_GwEtM(Unknown Source:0)
04-09 00:56:34.819  4110  4110 W System.err: 	at com.miui.home.recents.anim.StateManager$$ExternalSyntheticLambda3.run(Unknown Source:4)
04-09 00:56:34.819  4110  4110 W System.err: 	at android.os.Handler.handleCallback(Handler.java:958)
04-09 00:56:34.819  4110  4110 W System.err: 	at android.os.Handler.dispatchMessage(Handler.java:99)
04-09 00:56:34.819  4110  4110 W System.err: 	at android.os.Looper.loopOnce(Looper.java:222)
04-09 00:56:34.819  4110  4110 W System.err: 	at android.os.Looper.loop(Looper.java:314)
04-09 00:56:34.819  4110  4110 W System.err: 	at android.app.ActivityThread.main(ActivityThread.java:8857)
04-09 00:56:34.819  4110  4110 W System.err: 	at java.lang.reflect.Method.invoke(Native Method)
04-09 00:56:34.819  4110  4110 W System.err: 	at com.android.internal.os.RuntimeInit$MethodAndArgsCaller.run(RuntimeInit.java:565)
04-09 00:56:34.819  4110  4110 W System.err: 	at com.android.internal.os.ZygoteInit.main(ZygoteInit.java:1013)
04-09 00:56:34.819  4110  4110 W System.err: java.lang.NoSuchFieldException: android.view.RemoteAnimationTarget#isElement
04-09 00:56:34.819  4110  4110 W System.err: 	at miui.util.ReflectionUtils.findField(ReflectionUtils.java:105)
04-09 00:56:34.819  4110  4110 W System.err: 	at com.android.systemui.shared.recents.system.RemoteAnimationTargetCompat.obtainElement(RemoteAnimationTargetCompat.java:112)
04-09 00:56:34.819  4110  4110 W System.err: 	at com.android.systemui.shared.recents.system.RemoteAnimationTargetCompat.<init>(RemoteAnimationTargetCompat.java:94)
04-09 00:56:34.819  4110  4110 W System.err: 	at com.android.systemui.shared.recents.system.RemoteAnimationTargetCompat.wrap(RemoteAnimationTargetCompat.java:188)
04-09 00:56:34.819  4110  4110 W System.err: 	at com.android.systemui.shared.recents.system.RemoteAnimationTargetCompat.wrapAppsForCompat(RemoteAnimationTargetCompat.java:233)
04-09 00:56:34.819  4110  4110 W System.err: 	at com.android.systemui.shared.recents.system.WindowTransitionCompat$2.lambda$startAnimation$0(WindowTransitionCompat.java:114)
04-09 00:56:34.819  4110  4110 W System.err: 	at com.android.systemui.shared.recents.system.WindowTransitionCompat$2.$r8$lambda$hcqKCUwnRuMqtvMJ6DPLae5xnFA(Unknown Source:0)
04-09 00:56:34.819  4110  4110 W System.err: 	at com.android.systemui.shared.recents.system.WindowTransitionCompat$2$$ExternalSyntheticLambda0.run(Unknown Source:10)
04-09 00:56:34.819  4110  4110 W System.err: 	at com.miui.home.library.utils.LooperExecutor.execute(LooperExecutor.java:43)
04-09 00:56:34.819  4110  4110 W System.err: 	at com.android.systemui.shared.recents.system.WindowTransitionCompat$2.startAnimation(WindowTransitionCompat.java:261)
04-09 00:56:34.819  4110  4110 W System.err: 	at com.android.systemui.shared.recents.system.WindowTransitionCompat.wrapRemoteTransition(WindowTransitionCompat.java:740)
04-09 00:56:34.819  4110  4110 W System.err: 	at com.miui.home.recents.anim.WindowElement.injectRemoteTransition(WindowElement.kt:866)
04-09 00:56:34.819  4110  4110 W System.err: 	at com.miui.home.recents.anim.StateManager$CommonState.handleEvent(StateManager.kt:1251)
04-09 00:56:34.819  4110  4110 W System.err: 	at com.miui.home.recents.anim.StateManager.handleEventActually(StateManager.kt:112)
04-09 00:56:34.819  4110  4110 W System.err: 	at com.miui.home.recents.anim.StateManager.sendEventActually$lambda-0(StateManager.kt:99)
04-09 00:56:34.819  4110  4110 W System.err: 	at com.miui.home.recents.anim.StateManager.$r8$lambda$C-kZp_X93nanDwYsUFIjH_GwEtM(Unknown Source:0)
04-09 00:56:34.819  4110  4110 W System.err: 	at com.miui.home.recents.anim.StateManager$$ExternalSyntheticLambda3.run(Unknown Source:4)
04-09 00:56:34.819  4110  4110 W System.err: 	at android.os.Handler.handleCallback(Handler.java:958)
04-09 00:56:34.819  4110  4110 W System.err: 	at android.os.Handler.dispatchMessage(Handler.java:99)
04-09 00:56:34.819  4110  4110 W System.err: 	at android.os.Looper.loopOnce(Looper.java:222)
04-09 00:56:34.819  4110  4110 W System.err: 	at android.os.Looper.loop(Looper.java:314)
04-09 00:56:34.819  4110  4110 W System.err: 	at android.app.ActivityThread.main(ActivityThread.java:8857)
04-09 00:56:34.819  4110  4110 W System.err: 	at java.lang.reflect.Method.invoke(Native Method)
04-09 00:56:34.819  4110  4110 W System.err: 	at com.android.internal.os.RuntimeInit$MethodAndArgsCaller.run(RuntimeInit.java:565)
04-09 00:56:34.819  4110  4110 W System.err: 	at com.android.internal.os.ZygoteInit.main(ZygoteInit.java:1013)
04-09 00:56:34.819  4110  4110 W System.err: java.lang.NoSuchFieldException: android.view.RemoteAnimationTarget#cornerRadius
04-09 00:56:34.819  4110  4110 W System.err: 	at miui.util.ReflectionUtils.findField(ReflectionUtils.java:105)
04-09 00:56:34.819  4110  4110 W System.err: 	at com.android.systemui.shared.recents.system.RemoteAnimationTargetCompat.obtainCornerRadius(RemoteAnimationTargetCompat.java:100)
04-09 00:56:34.819  4110  4110 W System.err: 	at com.android.systemui.shared.recents.system.RemoteAnimationTargetCompat.<init>(RemoteAnimationTargetCompat.java:95)
04-09 00:56:34.819  4110  4110 W System.err: 	at com.android.systemui.shared.recents.system.RemoteAnimationTargetCompat.wrap(RemoteAnimationTargetCompat.java:188)
04-09 00:56:34.819  4110  4110 W System.err: 	at com.android.systemui.shared.recents.system.RemoteAnimationTargetCompat.wrapAppsForCompat(RemoteAnimationTargetCompat.java:233)
04-09 00:56:34.819  4110  4110 W System.err: 	at com.android.systemui.shared.recents.system.WindowTransitionCompat$2.lambda$startAnimation$0(WindowTransitionCompat.java:114)
04-09 00:56:34.819  4110  4110 W System.err: 	at com.android.systemui.shared.recents.system.WindowTransitionCompat$2.$r8$lambda$hcqKCUwnRuMqtvMJ6DPLae5xnFA(Unknown Source:0)
04-09 00:56:34.819  4110  4110 W System.err: 	at com.android.systemui.shared.recents.system.WindowTransitionCompat$2$$ExternalSyntheticLambda0.run(Unknown Source:10)
04-09 00:56:34.819  4110  4110 W System.err: 	at com.miui.home.library.utils.LooperExecutor.execute(LooperExecutor.java:43)
04-09 00:56:34.820  4110  4110 W System.err: 	at com.android.systemui.shared.recents.system.WindowTransitionCompat$2.startAnimation(WindowTransitionCompat.java:261)
04-09 00:56:34.820  4110  4110 W System.err: 	at com.android.systemui.shared.recents.system.WindowTransitionCompat.wrapRemoteTransition(WindowTransitionCompat.java:740)
04-09 00:56:34.820  4110  4110 W System.err: 	at com.miui.home.recents.anim.WindowElement.injectRemoteTransition(WindowElement.kt:866)
04-09 00:56:34.820  4110  4110 W System.err: 	at com.miui.home.recents.anim.StateManager$CommonState.handleEvent(StateManager.kt:1251)
04-09 00:56:34.820  4110  4110 W System.err: 	at com.miui.home.recents.anim.StateManager.handleEventActually(StateManager.kt:112)
04-09 00:56:34.820  4110  4110 W System.err: 	at com.miui.home.recents.anim.StateManager.sendEventActually$lambda-0(StateManager.kt:99)
04-09 00:56:34.820  4110  4110 W System.err: 	at com.miui.home.recents.anim.StateManager.$r8$lambda$C-kZp_X93nanDwYsUFIjH_GwEtM(Unknown Source:0)
04-09 00:56:34.820  4110  4110 W System.err: 	at com.miui.home.recents.anim.StateManager$$ExternalSyntheticLambda3.run(Unknown Source:4)
04-09 00:56:34.820  4110  4110 W System.err: 	at android.os.Handler.handleCallback(Handler.java:958)
04-09 00:56:34.820  4110  4110 W System.err: 	at android.os.Handler.dispatchMessage(Handler.java:99)
04-09 00:56:34.820  4110  4110 W System.err: 	at android.os.Looper.loopOnce(Looper.java:222)
04-09 00:56:34.820  4110  4110 W System.err: 	at android.os.Looper.loop(Looper.java:314)
04-09 00:56:34.820  4110  4110 W System.err: 	at android.app.ActivityThread.main(ActivityThread.java:8857)
04-09 00:56:34.820  4110  4110 W System.err: 	at java.lang.reflect.Method.invoke(Native Method)
04-09 00:56:34.820  4110  4110 W System.err: 	at com.android.internal.os.RuntimeInit$MethodAndArgsCaller.run(RuntimeInit.java:565)
04-09 00:56:34.820  4110  4110 W System.err: 	at com.android.internal.os.ZygoteInit.main(ZygoteInit.java:1013)
04-09 00:56:34.820  4110  4110 I TransitionUtil: rootLeash = Surface(name=Transition Root #506: Task=1#5267)/@0x293bae6
04-09 00:56:34.820  4110  4110 I TransitionUtil: setupLeash isAppOpening = false
04-09 00:56:34.820  4110  4110 I TransitionUtil: setLayer leash2 = Surface(name=TL_Surface(name=WallpaperWindowToken{eaff2a8 token=android.os.BinderProxy@70a9acb}#53)/@0x83ae428_transition-leash#5271)/@0x92bc922, layer = -2
04-09 00:56:34.821  4110  4110 I TransitionUtil: rootLeash = Surface(name=Transition Root #506: Task=1#5267)/@0x293bae6
04-09 00:56:34.821  4110  4110 I TransitionUtil: setupLeash isAppOpening = false
04-09 00:56:34.821  4110  4110 I TransitionUtil: setLayer leash2 = Surface(name=TL_Surface(name=WallpaperWindowToken{c990fe8 token=android.os.Binder@51ce50b}#60)/@0x1878541_transition-leash#5272)/@0x1392fb3, layer = -3
04-09 00:56:34.821  4110  4110 W System.err: java.lang.NoSuchFieldException: android.view.RemoteAnimationTarget#isElement
04-09 00:56:34.822  4110  4110 W System.err: 	at miui.util.ReflectionUtils.findField(ReflectionUtils.java:105)
04-09 00:56:34.822  4110  4110 W System.err: 	at com.android.systemui.shared.recents.system.RemoteAnimationTargetCompat.obtainElement(RemoteAnimationTargetCompat.java:112)
04-09 00:56:34.822  4110  4110 W System.err: 	at com.android.systemui.shared.recents.system.RemoteAnimationTargetCompat.<init>(RemoteAnimationTargetCompat.java:94)
04-09 00:56:34.822  4110  4110 W System.err: 	at com.android.systemui.shared.recents.system.RemoteAnimationTargetCompat.wrap(RemoteAnimationTargetCompat.java:188)
04-09 00:56:34.822  4110  4110 W System.err: 	at com.android.systemui.shared.recents.system.RemoteAnimationTargetCompat.wrapNonAppsForCompat(RemoteAnimationTargetCompat.java:254)
04-09 00:56:34.822  4110  4110 W System.err: 	at com.android.systemui.shared.recents.system.WindowTransitionCompat$2.lambda$startAnimation$0(WindowTransitionCompat.java:116)
04-09 00:56:34.822  4110  4110 W System.err: 	at com.android.systemui.shared.recents.system.WindowTransitionCompat$2.$r8$lambda$hcqKCUwnRuMqtvMJ6DPLae5xnFA(Unknown Source:0)
04-09 00:56:34.822  4110  4110 W System.err: 	at com.android.systemui.shared.recents.system.WindowTransitionCompat$2$$ExternalSyntheticLambda0.run(Unknown Source:10)
04-09 00:56:34.822  4110  4110 W System.err: 	at com.miui.home.library.utils.LooperExecutor.execute(LooperExecutor.java:43)
04-09 00:56:34.822  4110  4110 W System.err: 	at com.android.systemui.shared.recents.system.WindowTransitionCompat$2.startAnimation(WindowTransitionCompat.java:261)
04-09 00:56:34.822  4110  4110 W System.err: 	at com.android.systemui.shared.recents.system.WindowTransitionCompat.wrapRemoteTransition(WindowTransitionCompat.java:740)
04-09 00:56:34.822  4110  4110 W System.err: 	at com.miui.home.recents.anim.WindowElement.injectRemoteTransition(WindowElement.kt:866)
04-09 00:56:34.822  4110  4110 W System.err: 	at com.miui.home.recents.anim.StateManager$CommonState.handleEvent(StateManager.kt:1251)
04-09 00:56:34.822  4110  4110 W System.err: 	at com.miui.home.recents.anim.StateManager.handleEventActually(StateManager.kt:112)
04-09 00:56:34.822  4110  4110 W System.err: 	at com.miui.home.recents.anim.StateManager.sendEventActually$lambda-0(StateManager.kt:99)
04-09 00:56:34.822  4110  4110 W System.err: 	at com.miui.home.recents.anim.StateManager.$r8$lambda$C-kZp_X93nanDwYsUFIjH_GwEtM(Unknown Source:0)
04-09 00:56:34.822  4110  4110 W System.err: 	at com.miui.home.recents.anim.StateManager$$ExternalSyntheticLambda3.run(Unknown Source:4)
04-09 00:56:34.822  4110  4110 W System.err: 	at android.os.Handler.handleCallback(Handler.java:958)
04-09 00:56:34.822  4110  4110 W System.err: 	at android.os.Handler.dispatchMessage(Handler.java:99)
04-09 00:56:34.822  4110  4110 W System.err: 	at android.os.Looper.loopOnce(Looper.java:222)
04-09 00:56:34.822  4110  4110 W System.err: 	at android.os.Looper.loop(Looper.java:314)
04-09 00:56:34.822  4110  4110 W System.err: 	at android.app.ActivityThread.main(ActivityThread.java:8857)
04-09 00:56:34.822  4110  4110 W System.err: 	at java.lang.reflect.Method.invoke(Native Method)
04-09 00:56:34.822  4110  4110 W System.err: 	at com.android.internal.os.RuntimeInit$MethodAndArgsCaller.run(RuntimeInit.java:565)
04-09 00:56:34.822  4110  4110 W System.err: 	at com.android.internal.os.ZygoteInit.main(ZygoteInit.java:1013)
04-09 00:56:34.822  4110  4110 W System.err: java.lang.NoSuchFieldException: android.view.RemoteAnimationTarget#cornerRadius
04-09 00:56:34.822  4110  4110 W System.err: 	at miui.util.ReflectionUtils.findField(ReflectionUtils.java:105)
04-09 00:56:34.822  4110  4110 W System.err: 	at com.android.systemui.shared.recents.system.RemoteAnimationTargetCompat.obtainCornerRadius(RemoteAnimationTargetCompat.java:100)
04-09 00:56:34.822  4110  4110 W System.err: 	at com.android.systemui.shared.recents.system.RemoteAnimationTargetCompat.<init>(RemoteAnimationTargetCompat.java:95)
04-09 00:56:34.822  4110  4110 W System.err: 	at com.android.systemui.shared.recents.system.RemoteAnimationTargetCompat.wrap(RemoteAnimationTargetCompat.java:188)
04-09 00:56:34.822  4110  4110 W System.err: 	at com.android.systemui.shared.recents.system.RemoteAnimationTargetCompat.wrapNonAppsForCompat(RemoteAnimationTargetCompat.java:254)
04-09 00:56:34.822  4110  4110 W System.err: 	at com.android.systemui.shared.recents.system.WindowTransitionCompat$2.lambda$startAnimation$0(WindowTransitionCompat.java:116)
04-09 00:56:34.822  4110  4110 W System.err: 	at com.android.systemui.shared.recents.system.WindowTransitionCompat$2.$r8$lambda$hcqKCUwnRuMqtvMJ6DPLae5xnFA(Unknown Source:0)
04-09 00:56:34.822  4110  4110 W System.err: 	at com.android.systemui.shared.recents.system.WindowTransitionCompat$2$$ExternalSyntheticLambda0.run(Unknown Source:10)
04-09 00:56:34.822  4110  4110 W System.err: 	at com.miui.home.library.utils.LooperExecutor.execute(LooperExecutor.java:43)
04-09 00:56:34.822  4110  4110 W System.err: 	at com.android.systemui.shared.recents.system.WindowTransitionCompat$2.startAnimation(WindowTransitionCompat.java:261)
04-09 00:56:34.822  4110  4110 W System.err: 	at com.android.systemui.shared.recents.system.WindowTransitionCompat.wrapRemoteTransition(WindowTransitionCompat.java:740)
