04-09 00:56:37.261  4110  4626 E ActivityManagerWrapper: getRecentTasksForceIncludingTaskIdIfValid: getRecentTasks: size=10
04-09 00:56:37.261  4110  4626 E ActivityManagerWrapper:  mainTaskId=14410   userId=0   windowMode=1   baseIntent=Intent { act=null flag=813760512 cmp=ComponentInfo{app.blearn.mobile/app.blearn.mobile.BlockingOverlayActivity} }
04-09 00:56:37.261  4110  4626 E ActivityManagerWrapper:  mainTaskId=14409   userId=0   windowMode=1   baseIntent=Intent { act=null flag=268435456 cmp=ComponentInfo{com.google.android.gm/com.google.android.gm.ConversationListActivityGmail} }
04-09 00:56:37.261  4110  4626 E ActivityManagerWrapper:  mainTaskId=14389   userId=0   windowMode=1   baseIntent=Intent { act=android.intent.action.MAIN flag=270532608 cmp=ComponentInfo{com.suno.android/com.suno.android.MainActivity} }
04-09 00:56:37.261  4110  4626 E ActivityManagerWrapper:  mainTaskId=14404   userId=0   windowMode=1   baseIntent=Intent { act=null flag=268435456 cmp=ComponentInfo{app.blearn.mobile/app.blearn.mobile.MainActivity} }
04-09 00:56:37.261  4110  4626 E ActivityManagerWrapper:  mainTaskId=14394   userId=0   windowMode=1   baseIntent=Intent { act=android.settings.ACCESSIBILITY_SETTINGS flag=268435456 cmp=ComponentInfo{com.android.settings/com.android.settings.accessibility.MiuiAccessibilitySettingsActivity} }
04-09 00:56:37.261  4110  4626 E ActivityManagerWrapper:  mainTaskId=14383   userId=0   windowMode=1   baseIntent=Intent { act=null flag=268435456 cmp=ComponentInfo{com.whatsapp/com.whatsapp.home.ui.HomeActivity} }
04-09 00:56:37.261  4110  4626 E ActivityManagerWrapper:  mainTaskId=14372   userId=0   windowMode=1   baseIntent=Intent { act=android.intent.action.MAIN flag=335544320 cmp=ComponentInfo{com.android.deskclock/com.android.deskclock.DeskClockTabActivity} }
04-09 00:56:37.261  4110  4626 E ActivityManagerWrapper:  mainTaskId=14359   userId=0   windowMode=1   baseIntent=Intent { act=android.intent.action.MAIN flag=269549568 cmp=ComponentInfo{com.s_payment.mobiles_bezahlen/de.starfinanz.payment.MainActivity} }
04-09 00:56:37.261  4110  4626 E ActivityManagerWrapper:  mainTaskId=14342   userId=0   windowMode=1   baseIntent=Intent { act=null flag=369098752 cmp=ComponentInfo{com.google.android.googlequicksearchbox/com.google.android.apps.search.assistant.surfaces.voice.robin.main.MainActivity} }
04-09 00:56:37.261  4110  4626 E ActivityManagerWrapper:  mainTaskId=14336   userId=0   windowMode=1   baseIntent=Intent { act=android.intent.action.MAIN flag=270532608 cmp=ComponentInfo{com.google.android.apps.maps/com.google.android.maps.MapsActivity} }
04-09 00:56:37.262  4110  4626 D WorldCirculate: getWorldCirculateInfo, taskInfo.baseIntent=Intent { flg=0x10000000 cmp=app.blearn.mobile/.MainActivity }, displayId=-1, but get Display failed
04-09 00:56:37.262  4073  4116 W System  : A resource failed to call release. 
04-09 00:56:37.262  4073  4116 W System  : A resource failed to call release. 
04-09 00:56:37.263  4110  4626 D WorldCirculate: getWorldCirculateInfo, taskInfo.baseIntent=Intent { act=android.settings.ACCESSIBILITY_SETTINGS flg=0x10000000 cmp=com.android.settings/.accessibility.MiuiAccessibilitySettingsActivity }, displayId=-1, but get Display failed
04-09 00:56:37.263 16403 16403 E FileUtils: err write to mi_exception_log
04-09 00:56:37.266 25935 25935 W Capacitor: Unable to read file at path public/plugins
04-09 00:56:37.266  2184  4183 D FileUtils: Rounded bytes from 7539810304 to 8000000000
04-09 00:56:37.266  4110  4626 D TaskSnapshotCompatVU: getIsInvalidateFromTaskSnapshot, return, mTaskSnapshot=null, mTaskSnapshotClazz=null
04-09 00:56:37.267  4110  4626 D TaskSnapshotCompatVU: getIsInvalidateFromTaskSnapshot, return, mTaskSnapshot=null, mTaskSnapshotClazz=null
04-09 00:56:37.268  4073  4116 W System  : A resource failed to call release. 
04-09 00:56:37.268  4073  4116 W System  : A resource failed to call release. 
04-09 00:56:37.268  4073  4116 W System  : A resource failed to call release. 
04-09 00:56:37.268  4073  4116 W System  : A resource failed to call release. 
04-09 00:56:37.268 25935 25935 D Capacitor: Loading app at https://localhost#/intervention?targetId=com.google.android.gm&targetType=app&targetLabel=Gmail&mode=learn&overlaySessionId=ec8ab4c2-b61b-4b1e-9d15-896181578577&deckId=deck_pizq5ngs&unlockDurationMinutes=15
04-09 00:56:37.285 25935 26062 D Capacitor: Handling local request: https://localhost/#/intervention?targetId=com.google.android.gm&targetType=app&targetLabel=Gmail&mode=learn&overlaySessionId=ec8ab4c2-b61b-4b1e-9d15-896181578577&deckId=deck_pizq5ngs&unlockDurationMinutes=15
04-09 00:56:37.290 25935 25935 D Capacitor: App started
04-09 00:56:37.294  2184  8804 I SmartPower: com.google.android.webview:sandboxed_process0:org.chromium.content.app.SandboxedPr-1->background(0ms) R(become background) adj=-10000.
04-09 00:56:37.295  2184  8804 D CompatibilityChangeReporter: Compat change id reported: 135634846; UID 99047; state: DISABLED
04-09 00:56:37.295  2184  8804 D CompatibilityChangeReporter: Compat change id reported: 177438394; UID 99047; state: DISABLED
04-09 00:56:37.295  2184  8804 D CompatibilityChangeReporter: Compat change id reported: 135772972; UID 99047; state: DISABLED
04-09 00:56:37.295  2184  8804 D CompatibilityChangeReporter: Compat change id reported: 135754954; UID 99047; state: ENABLED
04-09 00:56:37.295  2184  2562 D CompatibilityChangeReporter: Compat change id reported: 143937733; UID 10030; state: ENABLED
04-09 00:56:37.299  2184  8702 I ClipboardServiceI: checkProviderWakePathForClipboard: primaryClip is null
04-09 00:56:37.304 25935 25935 D Capacitor: App resumed
04-09 00:56:37.306 25935 25935 D BlearnMainActivity: BlockingOverlayActivity onResume pending navigation for app:com.google.android.gm
04-09 00:56:37.306 25935 25935 W WindowOnBackDispatcher: sendCancelIfRunning: isInProgress=falsecallback=android.view.ViewRootImpl$$ExternalSyntheticLambda23@550f2d2
04-09 00:56:37.306  2184  8702 D CoreBackPreview: Window{73a0cf5 u0 app.blearn.mobile}: Setting back callback null
04-09 00:56:37.308  2184  4183 D CompatibilityChangeReporter: Compat change id reported: 211757425; UID 10178; state: ENABLED
04-09 00:56:37.307  4878  4878 D BoundBrokerSvc: onRebind: Intent { act=com.google.android.gms.clearcut.sampler.service.START dat=chimera-action:/... cmp=com.google.android.gms/.chimera.PersistentDirectBootAwareApiService }
04-09 00:56:37.311  5411  5411 D BoundBrokerSvc: onBind: Intent { act=com.google.android.gms.safebrowsing.SafeBrowsingService.START dat=chimera-action:/... cmp=com.google.android.gms/.chimera.GmsBoundBrokerService }
04-09 00:56:37.311  5411  5411 D BoundBrokerSvc: Loading bound service for intent: Intent { act=com.google.android.gms.safebrowsing.SafeBrowsingService.START dat=chimera-action:/... cmp=com.google.android.gms/.chimera.GmsBoundBrokerService }
04-09 00:56:37.313  1382  4874 I BpBinder: onLastStrongRef automatically unlinking death recipients: 
04-09 00:56:37.318  2184  8804 W InputManager-JNI: Input channel object '73a0cf5 app.blearn.mobile (client)' was disposed without first being removed with the input manager!
04-09 00:56:37.318  3885  3885 D Zygote  : Forked child process 27134
04-09 00:56:37.321  2184  2562 I ActivityManager: Start proc 27134:com.google.android.webview:sandboxed_process0:org.chromium.content.app.SandboxedProcessService0:1/u0i47 for  {app.blearn.mobile/org.chromium.content.app.SandboxedProcessService0:1} caller=app.blearn.mobile
04-09 00:56:37.324  2184  8804 I WindowManager: cancelAnimation removed leash : Surface(name=Surface(name=961a3ea InputMethod#251)/@0xbb7048e - animation-leash of insets_animation#5294)/@0xf361053
04-09 00:56:37.331  2184  8804 I PowerManagerServiceImpl: Release wakelock: SCREEN_BRIGHT_WAKE_LOCK        'WindowManager/displayId:0' ON_AFTER_RELEASE DISABLED ACQ=-429ms (uid=1000 pid=2184 pkg=android ws=WorkSource{10030 app.blearn.mobile})
04-09 00:56:37.334  2184  8804 I WindowManager: cancelAnimation removed leash : Surface(name=Surface(name=4910c9c StatusBar#94)/@0x7a81a7a - animation-leash of insets_animation#5288)/@0x7399556
04-09 00:56:37.336  2184  8804 I WindowManager: cancelAnimation removed leash : Surface(name=Surface(name=a8c03f0 NavigationBar0#87)/@0xf8813ee - animation-leash of insets_animation#5289)/@0xabc12c4
04-09 00:56:37.340  1382  1382 D RefreshRateSelector: Touch Boost
04-09 00:56:37.340  1382  1382 D MI-SF   : mIsSupportAutomodeForMaxFpsSetting is 0(0), getCurrentBrightness() = 898(328), mIsKeepAutoMode 0
04-09 00:56:37.340  1382  1382 D RefreshRateSelector: fixedMode_group: 0, isFindModeGroup 0
04-09 00:56:37.340  1382  1382 D RefreshRateSelector: find max refresh rate:120, mode Group:0
04-09 00:56:37.340 16403 27130 D vulkan  : searching for layers in '/data/app/~~BoHNkDFr3nkYqG9p95YeTg==/com.google.android.gm-eV1l5VwxpL42X8AvR_gyqA==/lib/arm64'
04-09 00:56:37.341 27134 27134 E libc    : SetHeapTaggingLevel: re-enabling tagging after it was disabled is not supported
04-09 00:56:37.341 16403 27130 D vulkan  : searching for layers in '/data/app/~~BoHNkDFr3nkYqG9p95YeTg==/com.google.android.gm-eV1l5VwxpL42X8AvR_gyqA==/base.apk!/lib/arm64-v8a'
04-09 00:56:37.341  2184  8804 D WindowManager: wms.Input focus has changed to null display=0 updateInputWindows = true
04-09 00:56:37.342 16403 27130 D vulkan  : searching for layers in '/data/app/~~BoHNkDFr3nkYqG9p95YeTg==/com.google.android.gm-eV1l5VwxpL42X8AvR_gyqA==/split_config.arm64_v8a.apk!/lib/arm64-v8a'
04-09 00:56:37.342  2184  8804 I MultiSenceManagerInternalStub: getInstance
04-09 00:56:37.344  2184  8804 I SmartPower: com.mi.android.globallauncher/10082(4110): visible->invisible(2574ms) R(become invisible) adj=100.
04-09 00:56:37.344  2184  8804 I SmartPower: com.mi.android.globallauncher/10082(4110): invisible->background(0ms) R(become background) adj=100.
04-09 00:56:37.344  2184  8804 I SmartPower: com.google.android.gm/10178(16403): visible->invisible(731ms) R(become invisible) adj=100.
04-09 00:56:37.344  2184  8804 I SmartPower: com.google.android.gm/10178(16403): invisible->background(0ms) R(become background) adj=100.
04-09 00:56:37.346 16403 27130 D vulkan  : searching for layers in '/data/app/~~BoHNkDFr3nkYqG9p95YeTg==/com.google.android.gm-eV1l5VwxpL42X8AvR_gyqA==/split_config.de.apk!/lib/arm64-v8a'
04-09 00:56:37.346 16403 27130 D vulkan  : searching for layers in '/data/app/~~BoHNkDFr3nkYqG9p95YeTg==/com.google.android.gm-eV1l5VwxpL42X8AvR_gyqA==/split_config.xxhdpi.apk!/lib/arm64-v8a'
04-09 00:56:37.347 25935 25935 D BlearnOverlay: overlay hidden
04-09 00:56:37.350 25935 25935 D MiuiMonitorThread: Shared singleton Thread for stability monitor start
04-09 00:56:37.351 27134 27134 I ocessService0:1: Using CollectorTypeCC GC.
04-09 00:56:37.359  2184  4567 D InputDispatcher: setFocusedWindow <null> on display 0 ignored, reason: already focused
04-09 00:56:37.366 21253 21269 I cr_LibraryLoader: Successfully loaded native library
04-09 00:56:37.367 16403 27130 I AdrenoVK-0: ===== BEGIN DUMP OF OVERRIDDEN SETTINGS =====
04-09 00:56:37.368 16403 27130 I AdrenoVK-0: ===== END DUMP OF OVERRIDDEN SETTINGS =====
04-09 00:56:37.369 25935 25935 E FileUtils: err write to mi_exception_log
04-09 00:56:37.369 16403 27130 I AdrenoVK-0: QUALCOMM build          : 4bbe300fc3, Ie69fc1c69b
04-09 00:56:37.369 16403 27130 I AdrenoVK-0: Build Date              : 05/19/25
04-09 00:56:37.369 16403 27130 I AdrenoVK-0: Shader Compiler Version : EV031.35.01.12
04-09 00:56:37.369 16403 27130 I AdrenoVK-0: Local Branch            : 
04-09 00:56:37.369 16403 27130 I AdrenoVK-0: Remote Branch           : refs/tags/AU_LINUX_ANDROID_LA.UM.9.14.11.00.00.571.148
04-09 00:56:37.369 16403 27130 I AdrenoVK-0: Remote Branch           : NONE
04-09 00:56:37.369 16403 27130 I AdrenoVK-0: Reconstruct Branch      : NOTHING
04-09 00:56:37.369 16403 27130 I AdrenoVK-0: Build Config            : S P 10.0.7 AArch64
04-09 00:56:37.369 16403 27130 I AdrenoVK-0: Driver Path             : /vendor/lib64/hw/vulkan.adreno.so
04-09 00:56:37.368 21253 21269 I cr_CachingUmaRecorder: Flushed 2 samples from 2 histograms, 0 samples were dropped.
04-09 00:56:37.371 25935 25935 D BlearnAccessibility: event: com.google.android.gm type=32
04-09 00:56:37.371 21253 21269 W chromium: [WARNING:content/app/android/content_main_android.cc:82] android_setCpu already initialized
04-09 00:56:37.372  4073  6415 D MiuiFreeformModeObserver: activityResumed() intent’╝Ü Intent { cmp=app.blearn.mobile/.BlockingOverlayActivity (has extras) }
04-09 00:56:37.372  4110  4110 D RecentsImpl: mActivityStateObserver app.blearn.mobile.BlockingOverlayActivity
04-09 00:56:37.373  4110  4110 W RecentsImpl: onResumed className=app.blearn.mobile.BlockingOverlayActivity   mIsInAnotherPro=false   isKeyguardLocked=false   mIsStatusBarExpansion=false   mSecuritySpaceGuideShown=false
04-09 00:56:37.373 12404 12478 I HeavyPackageIdentify: splitMode: false, splitPackages: null, foregroundPkg: app.blearn.mobile
04-09 00:56:37.374 25935 25935 D BlearnAccessibility: match: app com.google.android.gm
04-09 00:56:37.375 25935 25935 D BlearnAccessibility: skip: launch_handoff_in_progress for app:com.google.android.gm
04-09 00:56:37.380  1375 11091 W AidlConversionCppNdk: legacy2aidl_audio_channel_mask_t_AudioChannelLayout: no AudioChannelLayout found for legacy output audio_channel_mask_t value 0x10
04-09 00:56:37.381 27134 27134 D nativeloader: Load libframework-connectivity-tiramisu-jni.so using APEX ns com_android_tethering for caller /apex/com.android.tethering/javalib/framework-connectivity-t.jar: ok
04-09 00:56:37.383 27134 27134 W re-initialized>: type=1400 audit(0.0:38159): avc:  denied  { search } for  name="zram0" dev="sysfs" ino=60736 scontext=u:r:isolated_app:s0:c512,c768 tcontext=u:object_r:sysfs_zram:s0 tclass=dir permissive=0
04-09 00:56:37.383 27134 27134 W re-initialized>: type=1400 audit(0.0:38160): avc:  denied  { search } for  name="zram0" dev="sysfs" ino=60736 scontext=u:r:isolated_app:s0:c512,c768 tcontext=u:object_r:sysfs_zram:s0 tclass=dir permissive=0
04-09 00:56:37.383 16403 21280 W AidlConversionCppNdk: aidl2legacy_AudioChannelLayout_audio_channel_mask_t: no legacy output audio_channel_mask_t found for AudioChannelLayout{layoutMask: 16}
04-09 00:56:37.385 27134 27134 I MessageMonitor: Load libmiui_runtime
04-09 00:56:37.386  2184  4567 D CoreBackPreview: Window{403355f u0 app.blearn.mobile/app.blearn.mobile.BlockingOverlayActivity}: Setting back callback OnBackInvokedCallbackInfo{mCallback=android.window.IOnBackInvokedCallback$Stub$Proxy@eb63ad6, mPriority=0, mIsAnimationCallback=false}
04-09 00:56:37.387 27134 27134 E ocessService0:1: Can't find memory status under: /sys/block/zram0/
04-09 00:56:37.400  2184  8804 D SymlinkUtils: attachApplication file op go pass: 1 ms
04-09 00:56:37.402  2184  4567 I whetstone.activity: Power Event callback listener is empty for resId=32
04-09 00:56:37.402  2184  4567 D BatteryStatsManagerStub: notifyEvent for resId=32 used 0ms
04-09 00:56:37.403  2184  4567 I WindowManager: cancelAnimation removed leash : Surface(name=Surface(name=4910c9c StatusBar#94)/@0x7a81a7a - animation-leash of insets_animation#5300)/@0x12d26f
04-09 00:56:37.406  2184  4567 I WindowManager: cancelAnimation removed leash : Surface(name=Surface(name=a8c03f0 NavigationBar0#87)/@0xf8813ee - animation-leash of insets_animation#5301)/@0x6692c05
04-09 00:56:37.407 21253 21269 W chromium: [WARNING:content/child/runtime_features.cc:563] Fenced frames cannot be enabled in this configuration. Use --enable-features=FencedFrames instead.
04-09 00:56:37.407 21253 21269 W chromium: [WARNING:content/child/runtime_features.cc:588] Topics cannot be enabled in this configuration. Use --enable-features=BrowsingTopics in addition.
04-09 00:56:37.407 21253 21269 W chromium: [WARNING:content/child/runtime_features.cc:609] SharedStorage cannot be enabled in this configuration. Use --enable-features=SharedStorageAPI in addition.
04-09 00:56:37.410  2184  4567 D WindowManager: wms.Input focus has changed to Window{403355f u0 app.blearn.mobile/app.blearn.mobile.BlockingOverlayActivity} display=0 updateInputWindows = true
04-09 00:56:37.410  2184  4567 I MultiSenceManagerInternalStub: getInstance
04-09 00:56:37.407 25935 25935 W p.blearn.mobile: type=1400 audit(0.0:38161): avc:  denied  { read } for  name="u:object_r:vendor_display_prop:s0" dev="tmpfs" ino=2509 scontext=u:r:untrusted_app:s0:c30,c256,c512,c768 tcontext=u:object_r:vendor_display_prop:s0 tclass=file permissive=0 app=app.blearn.mobile
04-09 00:56:37.413  2184  8804 D CompatibilityInfo: mCompatibilityFlags - 0
04-09 00:56:37.413  2184  8804 D CompatibilityInfo: applicationDensity - 440
04-09 00:56:37.413  2184  8804 D CompatibilityInfo: applicationScale - 1.0
04-09 00:56:37.413 25935 25935 W libc    : Access denied finding property "vendor.display.enable_optimal_refresh_rate"
04-09 00:56:37.416 16403 16403 E FileUtils: err write to mi_exception_log
04-09 00:56:37.424  2184  3075 D isUidValid: uid = 99047
04-09 00:56:37.425 27134 27134 E MQSEventManagerDelegate: failed to get MQSService.
04-09 00:56:37.425 27134 27134 W ActivityThread: registerApplicationScoutThread result:false
04-09 00:56:37.427  2184  2922 I MiuiNetworkPolicy: updateUidState uid = 99047, uidState = 3
04-09 00:56:37.428 25935 26003 E OpenGLRenderer: Unable to match the desired swap behavior.
04-09 00:56:37.429 25935 25935 D VRI[BlockingOverlayActivity]: vri.reportNextDraw android.view.ViewRootImpl.performTraversals:4411 android.view.ViewRootImpl.doTraversal:3040 android.view.ViewRootImpl$TraversalRunnable.run:10429 android.view.Choreographer$CallbackRecord.run:1654 android.view.Choreographer$CallbackRecord.run:1663 
04-09 00:56:37.430 25935 25935 D VRI[BlockingOverlayActivity]: vri.Setup new sync=wmsSync-VRI[BlockingOverlayActivity]#6
04-09 00:56:37.430 27134 27134 I HighMemoryManager: High memory monitor not enabled
04-09 00:56:37.431 27134 27134 D CompatibilityChangeReporter: Compat change id reported: 171979766; UID 99047; state: ENABLED
04-09 00:56:37.431 27134 27134 D CompatibilityChangeReporter: Compat change id reported: 242716250; UID 99047; state: ENABLED
04-09 00:56:37.437 25935 26003 D OpenGLRenderer: makeCurrent grContext:0xb40000727221bae0 reset mTextureAvailable
04-09 00:56:37.441  2184  2184 W AccessibilityManagerService:  wait for adding window timeout: 142
04-09 00:56:37.449  4878  8904 I FontLog : (REDACTED) Received query %s, URI %s
04-09 00:56:37.449  4878  8904 I FontLog : (REDACTED) Query [%s] resolved to %s
04-09 00:56:37.456 27134 27134 D ApplicationLoaders: Returning zygote-cached class loader: /system/framework/android.test.base.jar
04-09 00:56:37.464 25935 25935 D VRI[BlockingOverlayActivity]: vri.reportDrawFinished
04-09 00:56:37.464  1382  1382 W Layer   : gatherBufferInfo: Received unknown dataspace from gralloc
04-09 00:56:37.467  2184  4767 D WindowManager: wms.finishDrawingLocked: mDrawState=COMMIT_DRAW_PENDING Window{403355f u0 app.blearn.mobile/app.blearn.mobile.BlockingOverlayActivity} in Surface(name=app.blearn.mobile/app.blearn.mobile.BlockingOverlayActivity#5303)/@0x36af444
04-09 00:56:37.467 25935 25935 E FileUtils: err write to mi_exception_log
04-09 00:56:37.470  2184  2507 D TaskSnapshot_Helper: shouldDelay()... Not launched by home, no delay needed.
04-09 00:56:37.476 27134 27134 E ForceDarkHelperStubImpl: getForceDarkOriginState transact failed , mService: null
04-09 00:56:37.477 27134 27134 I ForceDarkHelperStubImpl: initialize for app.blearn.mobile , ForceDarkOrigin
04-09 00:56:37.477  2184  2507 I WindowManager: wms.showSurfaceRobustly mWin:Window{403355f u0 app.blearn.mobile/app.blearn.mobile.BlockingOverlayActivity}
04-09 00:56:37.479  4878  8904 I FontLog : (REDACTED) Fetch %s end status %s
04-09 00:56:37.481  4878  8939 I FontLog : (REDACTED) Pulling font file for id = %d, cache size = %d
04-09 00:56:37.481  1382  1382 W Layer   : gatherBufferInfo: Received unknown dataspace from gralloc
04-09 00:56:37.482  1382  1382 D RefreshRateSelector: Touch Boost
04-09 00:56:37.482  1382  1382 D MI-SF   : mIsSupportAutomodeForMaxFpsSetting is 0(0), getCurrentBrightness() = 898(328), mIsKeepAutoMode 0
04-09 00:56:37.482  1382  1382 D RefreshRateSelector: fixedMode_group: 0, isFindModeGroup 0
04-09 00:56:37.482  1382  1382 D RefreshRateSelector: find max refresh rate:120, mode Group:0
04-09 00:56:37.484  1296  1296 E vendor.qti.hardware.perf@2.2-service: Unknown params
04-09 00:56:37.488  2184  2296 I ActivityTaskManager: Displayed app.blearn.mobile/.BlockingOverlayActivity for user 0: +659ms
04-09 00:56:37.488  1296  1296 E vendor.qti.hardware.perf@2.2-service: Unknown params
04-09 00:56:37.488  2184  4767 I ClipboardServiceI: checkProviderWakePathForClipboard: primaryClip is null
04-09 00:56:37.489 16403 16403 E FileUtils: err write to mi_exception_log
04-09 00:56:37.489  4081  7644 W DynamicDDSService: appName is not found in cache: com.mi.android.globallauncher
04-09 00:56:37.489  4110  4110 D OnLongClickAgent: reset:   removeMessages MSG_LONG_CLICK
04-09 00:56:37.489  4110  4110 D OnLongClickAgent: reset:   removeMessages MSG_LONG_CLICK
04-09 00:56:37.489  4110  4110 D OnLongClickAgent: reset:   removeMessages MSG_LONG_CLICK
04-09 00:56:37.489  4110  4110 D OnLongClickAgent: reset:   removeMessages MSG_LONG_CLICK
04-09 00:56:37.489  4110  4110 D OnLongClickAgent: reset:   removeMessages MSG_LONG_CLICK
04-09 00:56:37.489  4110  4110 D OnLongClickAgent: reset:   removeMessages MSG_LONG_CLICK
04-09 00:56:37.489  4081  7644 W DynamicDDSService: appName is not found in cache: com.google.android.gm
04-09 00:56:37.489  4110  4110 D OnLongClickAgent: reset:   removeMessages MSG_LONG_CLICK
04-09 00:56:37.489  4110  4110 D OnLongClickAgent: reset:   removeMessages MSG_LONG_CLICK
04-09 00:56:37.489  4110  4110 D OnLongClickAgent: reset:   removeMessages MSG_LONG_CLICK
04-09 00:56:37.489  4110  4110 D OnLongClickAgent: reset:   removeMessages MSG_LONG_CLICK
04-09 00:56:37.489  4110  4110 D OnLongClickAgent: reset:   removeMessages MSG_LONG_CLICK
04-09 00:56:37.490  4110  4110 D OnLongClickAgent: reset:   removeMessages MSG_LONG_CLICK
04-09 00:56:37.490  4110  4110 D OnLongClickAgent: reset:   removeMessages MSG_LONG_CLICK
04-09 00:56:37.490  4110  4110 D OnLongClickAgent: reset:   removeMessages MSG_LONG_CLICK
04-09 00:56:37.490  4110  4110 D OnLongClickAgent: reset:   removeMessages MSG_LONG_CLICK
04-09 00:56:37.490 27134 27134 D nativeloader: Load libforcedarkimpl.so using system ns (caller=/system_ext/framework/miui-framework.jar): ok
04-09 00:56:37.490 27134 27134 D OpenGLRenderer: JNI_OnLoad success
04-09 00:56:37.491 27134 27134 I MiuiForceDarkConfig: setConfig density:2.750000, mainRule:0, secondaryRule:0, tertiaryRule:0
04-09 00:56:37.491  4878  8904 I FontLog : (REDACTED) Received query %s, URI %s
04-09 00:56:37.491  4878  8904 I FontLog : (REDACTED) Query [%s] resolved to %s
04-09 00:56:37.492  4878  8904 I FontLog : (REDACTED) Font PFD returned from cache for %s
04-09 00:56:37.492  4878  8904 I FontLog : (REDACTED) Fetch %s end status %s
04-09 00:56:37.496 27134 27134 I cr_WebViewApkApp: version=146.0.7680.164 (768016403) minSdkVersion=29 processName=com.google.android.webview:sandboxed_process0:org.chromium.content.app.SandboxedProcessService0:1 splits=<none>
04-09 00:56:37.498 25935 25935 I HandWritingStubImpl: refreshLastKeyboardType: 1
04-09 00:56:37.498  2184  8804 I ActivityManager: Flag disabled. Ignoring finishAttachApplication from uid: 99047. pid: 27134
04-09 00:56:37.498 25935 25935 I HandWritingStubImpl: getCurrentKeyboardType: 1
04-09 00:56:37.501  2184  8804 D CompatibilityChangeReporter: Compat change id reported: 214016041; UID 10030; state: ENABLED
04-09 00:56:37.501  2184  8804 I ImeTracker: app.blearn.mobile:cdfc716e: onRequestHide at ORIGIN_SERVER_HIDE_INPUT reason HIDE_UNSPECIFIED_WINDOW
04-09 00:56:37.501  9679 16329 D MirrorManager:  sendAcceptInput 0 0
04-09 00:56:37.503  4878  8904 I FontLog : (REDACTED) Pulling font file for id = %d, cache size = %d
04-09 00:56:37.503  2184  8804 I ImeTracker: app.blearn.mobile:cdfc716e: onCancelled at PHASE_SERVER_SHOULD_HIDE
04-09 00:56:37.506  4878  8939 I FontLog : (REDACTED) Received query %s, URI %s
04-09 00:56:37.506  4878  8939 I FontLog : (REDACTED) Query [%s] resolved to %s
04-09 00:56:37.507  4878  8939 I FontLog : (REDACTED) Fetch %s end status %s
04-09 00:56:37.510 23840 23840 I GoogleInputMethodService: GoogleInputMethodService.onFinishInput():2186 
04-09 00:56:37.511 23840 23840 I Module  : DeviceLockedStatusModuleProvider$Module.updateDeviceLockedStatus():103 repeatCheckTimes = 0, locked = false
04-09 00:56:37.511 23840 23840 I GoogleInputMethodService: GoogleInputMethodService.onStartInput():1444 onStartInput(EditorInfo{EditorInfo{packageName=app.blearn.mobile, inputType=0, inputTypeString=NULL, enableLearning=false, autoCorrection=false, autoComplete=false, imeOptions=12000000, privateImeOptions=null, actionName=UNSPECIFIED, actionLabel=null, initialSelStart=-1, initialSelEnd=-1, initialCapsMode=0, label=null, fieldId=0, fieldName=null, extras=Bundle[mParcelledData.dataSize=72], hintText=null, hintLocales=[]}}, false)
04-09 00:56:37.511 23840 23840 I AndroidIME: LatinIMEBase.updateInputViewCoverNavigation():321 Update input view padding, isNavbarOverInputWindow=false, bottom inset=130
04-09 00:56:37.511  4878  8904 I FontLog : (REDACTED) Pulling font file for id = %d, cache size = %d
04-09 00:56:37.512 23840 23840 I Module  : DeviceLockedStatusModuleProvider$Module.updateDeviceLockedStatus():103 repeatCheckTimes = 1, locked = false
04-09 00:56:37.512  2184  8802 W PackageConfigPersister: App-specific configuration not found for packageName: app.blearn.mobile and userId: 0
04-09 00:56:37.512  4878  8939 I FontLog : (REDACTED) Pulling font file for id = %d, cache size = %d
04-09 00:56:37.511  4073  4495 W WindowOnBackDispatcher: sendCancelIfRunning: isInProgress=falsecallback=android.view.ViewRootImpl$$ExternalSyntheticLambda23@ba8d0c2
04-09 00:56:37.513  2184  8804 D CoreBackPreview: Window{f4e76b6 u0 Splash Screen app.blearn.mobile}: Setting back callback null
04-09 00:56:37.514  2184  4567 I WindowManager: cancelAnimation removed leash : Surface(name=Surface(name=961a3ea InputMethod#251)/@0xbb7048e - animation-leash of insets_animation#5299)/@0xb749449
04-09 00:56:37.514  4110  4110 D Launcher.Lifecycle: onStop:UserHandle{0},e1c02d1,false
04-09 00:56:37.514  4110  4110 D SoscSplitStateController: updateDividerFixedState: isFixed = false
04-09 00:56:37.515  4110  4110 D Launcher_UnlockAnimationStateMachine: onStop = IDLE
04-09 00:56:37.515  4073  4317 D SoScSplitScreenController: updateDividerFixedState isFixed:false
04-09 00:56:37.519  1382  1524 I BpBinder: onLastStrongRef automatically unlinking death recipients: 
04-09 00:56:37.520 30380 31686 D LauncherOverlay: setActivityState:0
04-09 00:56:37.521 30380 30380 I LauncherOverlayCallback: handleMessage WHAT_ACTIVITY_STATE_CHANGED what’╝Ü0
04-09 00:56:37.521 30380 30380 D LauncherOverlay.Window: onStop
04-09 00:56:37.521 30380 30380 I LauncherOverlayCallback: handleMessage WHAT_LAUNCHER_STATE what’╝Ü0
04-09 00:56:37.521 30380 30380 D LauncherOverlay.Window: launcherState 0
04-09 00:56:37.521 30380 30380 D LauncherOverlay.Window: resumedStateNow 0,resumedStateNew = 0
04-09 00:56:37.522  2184  2922 I MiuiNetworkPolicy: updateUidState uid = 99037, uidState = 8
04-09 00:56:37.522  2184  2922 I MiuiNetworkPolicy: updateUidState uid = 10337, uidState = 5
04-09 00:56:37.522  2184  2922 I MiuiNetworkPolicy: updateUidState uid = 10178, uidState = 8
04-09 00:56:37.522  2184  2922 I MiuiNetworkPolicy: updateUidState uid = 10123, uidState = 5
04-09 00:56:37.522  2184  2922 I MiuiNetworkPolicy: updateUidState uid = 10116, uidState = 4
04-09 00:56:37.522  2184  2922 I MiuiNetworkPolicy: updateUidState uid = 10094, uidState = 4
04-09 00:56:37.522  2184  2922 I MiuiNetworkPolicy: updateUidState uid = 10082, uidState = 5
04-09 00:56:37.520  4110  4110 E Launcher.application: setClickAppWaitForCallback = false
04-09 00:56:37.529  4110  4110 D ActivityThread: Fail to check app heapsize due to java.lang.NoSuchMethodException: dalvik.system.VMRuntime.getBlockingGcCountForAlloc []
04-09 00:56:37.537 25935 25935 E FileUtils: err write to mi_exception_log
04-09 00:56:37.538  2184  4175 D CompatibilityChangeReporter: Compat change id reported: 161145287; UID 10030; state: ENABLED
04-09 00:56:37.541  4878 27074 I SQLiteConnectionPool: The connection pool for /data/user/0/com.google.android.gms/databases/metadata.db has been closed but there are still 1 connections in use.  They will be closed as they are released back to the pool.
04-09 00:56:37.542  4878 27070 W FontLog : Error updating last accessed time for {Noto COLR Emoji Compat, wdth 100.0, wght 400, ital 0.0, bestEffort false}, isVf false}. [CONTEXT service_id=132 ]
04-09 00:56:37.542  4878 27070 W FontLog : java.lang.IllegalStateException: Cannot perform this operation because the connection pool has been closed.
04-09 00:56:37.542  4878 27070 W FontLog : 	at android.database.sqlite.SQLiteConnectionPool.throwIfClosedLocked(SQLiteConnectionPool.java:1096)
04-09 00:56:37.542  4878 27070 W FontLog : 	at android.database.sqlite.SQLiteConnectionPool.waitForConnection(SQLiteConnectionPool.java:787)
04-09 00:56:37.542  4878 27070 W FontLog : 	at android.database.sqlite.SQLiteConnectionPool.acquireConnection(SQLiteConnectionPool.java:392)
04-09 00:56:37.542  4878 27070 W FontLog : 	at android.database.sqlite.SQLiteSession.acquireConnection(SQLiteSession.java:896)
04-09 00:56:37.542  4878 27070 W FontLog : 	at android.database.sqlite.SQLiteSession.prepare(SQLiteSession.java:588)
04-09 00:56:37.542  4878 27070 W FontLog : 	at android.database.sqlite.SQLiteProgram.<init>(SQLiteProgram.java:62)
04-09 00:56:37.542  4878 27070 W FontLog : 	at android.database.sqlite.SQLiteStatement.<init>(SQLiteStatement.java:34)
04-09 00:56:37.542  4878 27070 W FontLog : 	at android.database.sqlite.SQLiteDatabase.executeSql(SQLiteDatabase.java:2088)
04-09 00:56:37.542  4878 27070 W FontLog : 	at android.database.sqlite.SQLiteDatabase.execSQL(SQLiteDatabase.java:2066)
04-09 00:56:37.542  4878 27070 W FontLog : 	at bylz.run(:com.google.android.gms@261133029@26.11.33 (190400-887465546):57)
04-09 00:56:37.542  4878 27070 W FontLog : 	at bhsz.c(:com.google.android.gms@261133029@26.11.33 (190400-887465546):50)
04-09 00:56:37.542  4878 27070 W FontLog : 	at bhsz.run(:com.google.android.gms@261133029@26.11.33 (190400-887465546):73)
04-09 00:56:37.542  4878 27070 W FontLog : 	at java.util.concurrent.ThreadPoolExecutor.runWorker(ThreadPoolExecutor.java:1154)
04-09 00:56:37.542  4878 27070 W FontLog : 	at java.util.concurrent.ThreadPoolExecutor$Worker.run(ThreadPoolExecutor.java:652)
04-09 00:56:37.542  4878 27070 W FontLog : 	at bhyq.run(:com.google.android.gms@261133029@26.11.33 (190400-887465546):8)
04-09 00:56:37.542  4878 27070 W FontLog : 	at java.lang.Thread.run(Thread.java:1563)
04-09 00:56:37.543  4878  8904 I FontLog : (REDACTED) Received query %s, URI %s
04-09 00:56:37.543  4878  8904 I FontLog : (REDACTED) Query [%s] resolved to %s
04-09 00:56:37.543 25935 25935 D BlearnAccessibility: event: app.blearn.mobile type=2048
04-09 00:56:37.544 25935 25935 D BlearnAccessibility: skip: own package during handoff
04-09 00:56:37.544 27134 27134 E FileUtils: err open mi_exception_log errno=2
04-09 00:56:37.544 27134 27134 E FileUtils: err write to mi_exception_log
04-09 00:56:37.544  2184  8702 W InputManager-JNI: Input channel object 'f4e76b6 Splash Screen app.blearn.mobile (client)' was disposed without first being removed with the input manager!
04-09 00:56:37.548  4073  4073 D Utilities:  oldHints : 0 backDisposition : 0 imeShown : false hints 0
04-09 00:56:37.548  1382  1382 W Layer   : gatherBufferInfo: Received unknown dataspace from gralloc
04-09 00:56:37.548 27134 27134 W SystemServiceRegistry: No service published for: virtualdevice
04-09 00:56:37.550 27134 27134 I cr_ChildProcessService: Creating new ChildProcessService pid=27134
04-09 00:56:37.553  4878  8904 I FontLog : (REDACTED) Font PFD returned from cache for %s
04-09 00:56:37.553  4878  8904 I FontLog : (REDACTED) Fetch %s end status %s
04-09 00:56:37.559  2184  8804 D ActivityManager: checkAllowBackground: uid=10163 pkg=com.google.android.gms rec=UidRecord{aa25102 u0a163 BTOP change:procadj procs:0 seq(529489,2530)} caps=LCMNFU always=false idle=false
04-09 00:56:37.568  1382  1382 D MI-SF   : Launcher Changed hasLauncher=0
04-09 00:56:37.570  4878  8904 I FontLog : (REDACTED) Pulling font file for id = %d, cache size = %d
04-09 00:56:37.571 27134 27172 I cr_LibraryLoader: Successfully loaded native library
04-09 00:56:37.572 27134 27172 I cr_CachingUmaRecorder: Flushed 2 samples from 2 histograms, 0 samples were dropped.
04-09 00:56:37.573 27134 27172 W chromium: [WARNING:content/app/android/content_main_android.cc:82] android_setCpu already initialized
04-09 00:56:37.577  2184  2501 D Aurogon :  uid = 10082 switch to BG
04-09 00:56:37.578  2184  3075 D isUidValid: uid = 10082
04-09 00:56:37.578 16403 16403 E FileUtils: err write to mi_exception_log
04-09 00:56:37.583  4878  8904 I FontLog : (REDACTED) Received query %s, URI %s
04-09 00:56:37.583  3988 19609 D MiuiBluetoothLatencyMode: onForegroundActivitiesChanged, pid: 4110 uid: 10082 foregroundActivities: false
04-09 00:56:37.583  4878  8904 I FontLog : (REDACTED) Query [%s] resolved to %s
04-09 00:56:37.584  4878  8904 I FontLog : (REDACTED) Font PFD returned from cache for %s
04-09 00:56:37.584  4878  8904 I FontLog : (REDACTED) Fetch %s end status %s
04-09 00:56:37.581  8105 23384 D PMonitor:  onForegroundActivitiesChanged:pid = 4110,activity-uid=10082,foregroundActivities=false
04-09 00:56:37.589  4878  8904 I FontLog : (REDACTED) Pulling font file for id = %d, cache size = %d
04-09 00:56:37.598  3988  3988 I BluetoothAdapterService: BT_FAST_SCAN MESSAGE_AUDIO_STATE_CHANGED isPlaying false mIsMusicPlaying true
04-09 00:56:37.608 15853 16193 D AudioTrackImpl: [audioTrackData][mute] 56s(f:485 m:56676 s:385 k:55325 z:0) : pid 15853 uid 10518 sessionId 889 sr 48000 ch 2 fmt 1
04-09 00:56:37.609 27134 27172 W chromium: [WARNING:content/child/runtime_features.cc:563] Fenced frames cannot be enabled in this configuration. Use --enable-features=FencedFrames instead.
04-09 00:56:37.609 27134 27172 W chromium: [WARNING:content/child/runtime_features.cc:588] Topics cannot be enabled in this configuration. Use --enable-features=BrowsingTopics in addition.
04-09 00:56:37.609 27134 27172 W chromium: [WARNING:content/child/runtime_features.cc:609] SharedStorage cannot be enabled in this configuration. Use --enable-features=SharedStorageAPI in addition.
04-09 00:56:37.610  1318  1427 D DisplayModuleUtils: BCBC histogram_operation-Get, histgram status is wrong, status:0!
04-09 00:56:37.616  1103  1258 D audio_hw_primary: out_standby: enter: stream (0xf6701000) usecase(0: deep-buffer-playback)
04-09 00:56:37.617 25935 25935 D BlearnAccessibility: event: app.blearn.mobile type=32
04-09 00:56:37.617 25935 25935 D BlearnAccessibility: skip: own package during handoff
04-09 00:56:37.623  1382  1382 W Layer   : gatherBufferInfo: Received unknown dataspace from gralloc
04-09 00:56:37.625  2184  3148 I SmartPower: com.android.vending/10165(22435): background->idle(73861ms) R(adj below visible) adj=227.
04-09 00:56:37.625  2184  3148 I SmartPower: com.google.android.webview:sandboxed_process0:org.chromium.content.app.SandboxedPrbackground->idle(73861ms) R(adj below visible) adj=700.
04-09 00:56:37.631  3988 19609 D BtGatt.GattService: getDeviceType() - device=4C:6B:E8:5C:64:CE, type=3
04-09 00:56:37.631  3988 19609 D BtGatt.GattService: getDeviceType() - device=BD:49:0E:5C:E7:EC, type=1
04-09 00:56:37.632  3988 19609 D BtGatt.GattService: getDeviceType() - device=42:98:76:54:33:8B, type=1
04-09 00:56:37.632  3988 19609 D BtGatt.GattService: getDeviceType() - device=B0:F1:D8:A9:07:6F, type=3
04-09 00:56:37.632  3988 19609 D BtGatt.GattService: getDeviceType() - device=F4:04:4C:00:AC:A5, type=1
04-09 00:56:37.632  3988 19609 D BtGatt.GattService: getDeviceType() - device=98:52:3D:B0:A5:6B, type=3
04-09 00:56:37.632  3988 19609 D BtGatt.GattService: getDeviceType() - device=2C:41:A1:14:BD:E4, type=3
04-09 00:56:37.632  3988 19609 D BtGatt.GattService: getDeviceType() - device=58:D5:0A:49:48:D2, type=1
04-09 00:56:37.632  3988 19609 D BtGatt.GattService: getDeviceType() - device=60:09:C3:F4:63:6C, type=3
04-09 00:56:37.632  3988 19609 D BtGatt.GattService: getDeviceType() - device=78:20:2E:12:52:D2, type=3
04-09 00:56:37.632  3988 19609 D BtGatt.GattService: getDeviceType() - device=08:DF:1F:2C:F8:2B, type=1
04-09 00:56:37.632  3988 19609 D BtGatt.GattService: getDeviceType() - device=6C:5C:3D:3B:7F:B8, type=1
04-09 00:56:37.632  3988 19609 D BtGatt.GattService: getDeviceType() - device=2C:FD:B4:8E:EC:21, type=1
04-09 00:56:37.632  3988 19609 D BtGatt.GattService: getDeviceType() - device=6F:54:CD:39:F8:97, type=1
04-09 00:56:37.632  3988 19609 D BtGatt.GattService: getDeviceType() - device=00:07:80:E0:32:12, type=1
04-09 00:56:37.632  3988 19609 D BtGatt.GattService: getDeviceType() - device=0C:3B:50:86:D5:EF, type=1
04-09 00:56:37.632  3988 19609 D BtGatt.GattService: getDeviceType() - device=60:8A:10:1E:26:D8, type=3
04-09 00:56:37.632  3988 19609 D BtGatt.GattService: getDeviceType() - device=00:0C:8A:BA:02:3C, type=1
04-09 00:56:37.632  3988 19609 D BtGatt.GattService: getDeviceType() - device=90:A3:A3:56:BF:D9, type=1
04-09 00:56:37.632  4878  8939 I FontLog : (REDACTED) Received query %s, URI %s
04-09 00:56:37.633  4878  8939 I FontLog : (REDACTED) Query [%s] resolved to %s
04-09 00:56:37.643  3988 19609 D BtGatt.GattService: getDeviceType() - device=4C:6B:E8:5C:64:CE, type=3
04-09 00:56:37.643  3988 19609 D BtGatt.GattService: getDeviceType() - device=BD:49:0E:5C:E7:EC, type=1
04-09 00:56:37.643  3988 19609 D BtGatt.GattService: getDeviceType() - device=42:98:76:54:33:8B, type=1
04-09 00:56:37.643  3988 19609 D BtGatt.GattService: getDeviceType() - device=B0:F1:D8:A9:07:6F, type=3
04-09 00:56:37.643  3988 19609 D BtGatt.GattService: getDeviceType() - device=F4:04:4C:00:AC:A5, type=1
04-09 00:56:37.643  3988 19609 D BtGatt.GattService: getDeviceType() - device=98:52:3D:B0:A5:6B, type=3
04-09 00:56:37.643  3988 19609 D BtGatt.GattService: getDeviceType() - device=2C:41:A1:14:BD:E4, type=3
04-09 00:56:37.643  3988 19609 D BtGatt.GattService: getDeviceType() - device=58:D5:0A:49:48:D2, type=1
04-09 00:56:37.643  3988 19609 D BtGatt.GattService: getDeviceType() - device=60:09:C3:F4:63:6C, type=3
04-09 00:56:37.643  3988 19609 D BtGatt.GattService: getDeviceType() - device=78:20:2E:12:52:D2, type=3
04-09 00:56:37.643  3988 19609 D BtGatt.GattService: getDeviceType() - device=08:DF:1F:2C:F8:2B, type=1
04-09 00:56:37.643  3988 19609 D BtGatt.GattService: getDeviceType() - device=6C:5C:3D:3B:7F:B8, type=1
04-09 00:56:37.643  3988 19609 D BtGatt.GattService: getDeviceType() - device=2C:FD:B4:8E:EC:21, type=1
04-09 00:56:37.643  3988 19609 D BtGatt.GattService: getDeviceType() - device=6F:54:CD:39:F8:97, type=1
04-09 00:56:37.643  3988 19609 D BtGatt.GattService: getDeviceType() - device=00:07:80:E0:32:12, type=1
04-09 00:56:37.643  3988 19609 D BtGatt.GattService: getDeviceType() - device=0C:3B:50:86:D5:EF, type=1
04-09 00:56:37.643  3988 19609 D BtGatt.GattService: getDeviceType() - device=60:8A:10:1E:26:D8, type=3
04-09 00:56:37.643  3988 19609 D BtGatt.GattService: getDeviceType() - device=00:0C:8A:BA:02:3C, type=1
04-09 00:56:37.643  3988 19609 D BtGatt.GattService: getDeviceType() - device=90:A3:A3:56:BF:D9, type=1
04-09 00:56:37.646  3988 19609 D BtGatt.GattService: getDeviceType() - device=4C:6B:E8:5C:64:CE, type=3
04-09 00:56:37.646  3988 19609 D BtGatt.GattService: getDeviceType() - device=BD:49:0E:5C:E7:EC, type=1
04-09 00:56:37.646  3988 19609 D BtGatt.GattService: getDeviceType() - device=42:98:76:54:33:8B, type=1
04-09 00:56:37.646  3988 19609 D BtGatt.GattService: getDeviceType() - device=B0:F1:D8:A9:07:6F, type=3
04-09 00:56:37.646  3988 19609 D BtGatt.GattService: getDeviceType() - device=F4:04:4C:00:AC:A5, type=1
04-09 00:56:37.646  3988 19609 D BtGatt.GattService: getDeviceType() - device=98:52:3D:B0:A5:6B, type=3
04-09 00:56:37.646  3988 19609 D BtGatt.GattService: getDeviceType() - device=2C:41:A1:14:BD:E4, type=3
04-09 00:56:37.646  3988 19609 D BtGatt.GattService: getDeviceType() - device=58:D5:0A:49:48:D2, type=1
04-09 00:56:37.646  3988 19609 D BtGatt.GattService: getDeviceType() - device=60:09:C3:F4:63:6C, type=3
04-09 00:56:37.646  3988 19609 D BtGatt.GattService: getDeviceType() - device=78:20:2E:12:52:D2, type=3
04-09 00:56:37.647  3988 19609 D BtGatt.GattService: getDeviceType() - device=08:DF:1F:2C:F8:2B, type=1
04-09 00:56:37.647  3988 19609 D BtGatt.GattService: getDeviceType() - device=6C:5C:3D:3B:7F:B8, type=1
04-09 00:56:37.647  3988 19609 D BtGatt.GattService: getDeviceType() - device=2C:FD:B4:8E:EC:21, type=1
04-09 00:56:37.647  3988 19609 D BtGatt.GattService: getDeviceType() - device=6F:54:CD:39:F8:97, type=1
04-09 00:56:37.647  3988 19609 D BtGatt.GattService: getDeviceType() - device=00:07:80:E0:32:12, type=1
04-09 00:56:37.647  3988 19609 D BtGatt.GattService: getDeviceType() - device=0C:3B:50:86:D5:EF, type=1
04-09 00:56:37.647  3988 19609 D BtGatt.GattService: getDeviceType() - device=60:8A:10:1E:26:D8, type=3
04-09 00:56:37.647  3988 19609 D BtGatt.GattService: getDeviceType() - device=00:0C:8A:BA:02:3C, type=1
04-09 00:56:37.647  3988 19609 D BtGatt.GattService: getDeviceType() - device=90:A3:A3:56:BF:D9, type=1
04-09 00:56:37.650  4878  8939 I FontLog : (REDACTED) Font PFD returned from cache for %s
04-09 00:56:37.650  4878  8939 I FontLog : (REDACTED) Fetch %s end status %s
04-09 00:56:37.670  4878  8939 I FontLog : (REDACTED) Pulling font file for id = %d, cache size = %d
04-09 00:56:37.705 25935 26063 D Capacitor: Handling local request: https://localhost/assets/index-Bh2OS3hL.js
04-09 00:56:37.705 16403 16436 W orb     : [Gmail] HubOptOutControllerImpl: Same account set. [CONTEXT android_log_tag="HOOController" ]
04-09 00:56:37.706 25935 26073 D Capacitor: Handling local request: https://localhost/assets/learning-engine-XnjmkuFS.js
04-09 00:56:37.710 25935 26073 D Capacitor: Handling local request: https://localhost/assets/capacitor-Dzn3_rKv.js
04-09 00:56:37.710 25935 26067 D Capacitor: Handling local request: https://localhost/assets/react-vendor-Bl3qsSpJ.js
04-09 00:56:37.710 25935 25935 D BlearnAccessibility: event: app.blearn.mobile type=2048
04-09 00:56:37.710 25935 25935 D BlearnAccessibility: skip: own package during handoff
04-09 00:56:37.712 25935 26070 D Capacitor: Handling local request: https://localhost/assets/vendor-misc-BioHBy14.js
04-09 00:56:37.712 25935 26073 D Capacitor: Handling local request: https://localhost/assets/theme-1taLyRD_.js
04-09 00:56:37.713 25935 26062 D Capacitor: Handling local request: https://localhost/assets/index-B9pQ-TWZ.css
04-09 00:56:37.735  1103  1258 D audio_hw_primary: stop_output_stream: enter: usecase(0: deep-buffer-playback)
04-09 00:56:37.735  1103  1258 V send_data_to_xlog: send_audio_bigdata_to_xlog
04-09 00:56:37.735  1103  1258 E send_data_to_xlog: get_int_by_key: unable to get property persist.vendor.audio.scenario
04-09 00:56:37.735  1103  1258 I send_data_to_xlog: get property key: persist.vendor.audio.scenario, value: 4 
04-09 00:56:37.735  1103  1258 I send_data_to_xlog: get_headset_type the type is speaker
04-09 00:56:37.735  1103  1258 D send_data_to_xlog: send_audio_bigdata_to_xlog, the headset type is speaker
04-09 00:56:37.735  1103  1258 D send_data_to_xlog: send_audio_bigdata_to_xlog, msg->val[0] is’╝Ü 0, msg->val[1] is’╝Ü 0, msg->str[0] is’╝Ü speaker, msg->str[1] is: intelligent
04-09 00:56:37.735  1103  1258 D android.hardware.audio.service:  xlog_send 
04-09 00:56:37.735  1103  1258 V xlog_client:  xlog_send  msg_id: 10
04-09 00:56:37.738  1103  1258 V xlog_client:  xlog_send 
04-09 00:56:37.738  1103  1258 V xlog_client: xlog_open fd = 73
04-09 00:56:37.738  1103  1258 D xlog_client: xlog_format_msg: send msg 10
04-09 00:56:37.738  1103  1258 D xlog_client: _xlog_write_flat_msg: send msg {"name":"music_playback","audio_event":{"headset_type":"speaker","scenario_mode":"intelligent","volume":"0","spatial_audio":"0"},"dgt":"null","audio_ext":"null" }
04-09 00:56:37.738  1103  1258 V xlog_client: xlog_close 73
04-09 00:56:37.738  1103  1258 D audio_hw_primary: disable_audio_route: reset and update mixer path: deep-buffer-playback speaker
04-09 00:56:37.738 16403 16403 D ScrollerOptimizationManager: registerConfigChangedListener
04-09 00:56:37.738  1103  1258 D audio_hw_primary: [force reset] del deep-buffer-playback speaker 1
04-09 00:56:37.739  1103  1258 D soundtrigger: audio_extn_sound_trigger_update_stream_status: uc_info->id 0 of type 0 for Event 2, with Raise=1
04-09 00:56:37.739  1103  1258 I sound_trigger_platform: platform_stdev_check_and_update_concurrency: Received STREAM event, event type 2, usecase type 0
04-09 00:56:37.739  1103  1258 D sound_trigger_platform: platform_stdev_get_capture_device: Device = 0x80000004
04-09 00:56:37.739  1103  1258 D sound_trigger_platform: platform_stdev_get_capture_device: Available device = 0x80000004
04-09 00:56:37.739  1103  1258 D sound_trigger_platform: platform_stdev_check_and_update_concurrency: dedicated path 0, reset backend 1, tx 0, rx 0, concurrency session allowed
04-09 00:56:37.739  1103  1258 D sound_trigger_platform: platform_stdev_get_capture_device: Device = 0x80000004
04-09 00:56:37.739  1103  1258 D sound_trigger_platform: platform_stdev_get_capture_device: Available device = 0x80000004
04-09 00:56:37.739  1103  1258 D sound_trigger_hw_common: st_hw_check_vad_support: disable vad, session does not meet requirement
04-09 00:56:37.739  1103  1258 D sound_trigger_hw: handle_audio_concurrency:[1] LPI: pause SVA session
04-09 00:56:37.739  1103  1258 D sound_trigger_hw: active_state_fn:[1] handle event id 11
04-09 00:56:37.739  1103  1258 D sound_trigger_hw: ape_stop:[1] Enter
04-09 00:56:37.739  1103  1258 D sound_trigger_hw: ape_stop:[1] Exit, status=0
04-09 00:56:37.739  1103  1258 D sound_trigger_hw: ape_dereg_sm_params:[1] Enter
04-09 00:56:37.739  1103  1258 D sound_trigger_hw: ape_enable_use_case: disable use case = listen-voice-wakeup-2 preproc
04-09 00:56:37.740  2184  2184 W AccessibilityManagerService:  wait for adding window timeout: 143
04-09 00:56:37.741  2184  2976 I MQSserver: getData len: 512 content: {"name":"music_playback","audio_event":{"headset_type":"speaker","scenario_mode":"intelligent","volume":"0","spatial_audio":"0"},"dgt":"null","audio_ext":"null" }└Ć└Ć└Ć└Ć└Ć└Ć└Ć└Ć└Ć└Ć└Ć└Ć└Ć└Ć└Ć└Ć└Ć└Ć└Ć└Ć└Ć└Ć└Ć└Ć└Ć└Ć└Ć└Ć└Ć└Ć└Ć└Ć└Ć└Ć└Ć└Ć└Ć└Ć└Ć└Ć└Ć└Ć└Ć└Ć└Ć└Ć└Ć└Ć└Ć└Ć└Ć└Ć└Ć└Ć└Ć└Ć└Ć└Ć└Ć└Ć└Ć└Ć└Ć└Ć└Ć└Ć└Ć└Ć└Ć└Ć└Ć└Ć└Ć└Ć└Ć└Ć└Ć└Ć└Ć└Ć└Ć└Ć└Ć└Ć└Ć└Ć└Ć└Ć└Ć└Ć└Ć└Ć└Ć└Ć└Ć└Ć└Ć└Ć└Ć└Ć└Ć└Ć└Ć└Ć└Ć└Ć└Ć└Ć└Ć└Ć└Ć└Ć└Ć└Ć└Ć└Ć└Ć└Ć└Ć└Ć└Ć└Ć└Ć└Ć└Ć└Ć└Ć└Ć└Ć└Ć└Ć└Ć└Ć└Ć└Ć└Ć└Ć└Ć└Ć└Ć└Ć└Ć└Ć└Ć└Ć└Ć└Ć└Ć└Ć└Ć└Ć└Ć└Ć└Ć└Ć└Ć└Ć└Ć└Ć└Ć└Ć└Ć└Ć└Ć└Ć└Ć└Ć└Ć└Ć└Ć└Ć└Ć└Ć└Ć└Ć└Ć└Ć└Ć└Ć└Ć└Ć└Ć└Ć└Ć└Ć└Ć└Ć└Ć└Ć└Ć└Ć└Ć└Ć└Ć└Ć└Ć└Ć└Ć└Ć└Ć└Ć└Ć└Ć└Ć└Ć└Ć└Ć└Ć└Ć└Ć└Ć└Ć└Ć└Ć└Ć└Ć└Ć└Ć└Ć└Ć└Ć└Ć└Ć└Ć└Ć└Ć└Ć└Ć└Ć└Ć└Ć└Ć└Ć└Ć└Ć└Ć└Ć└Ć└Ć└Ć└Ć└Ć└Ć└Ć└Ć└Ć└Ć└Ć└Ć└Ć└Ć└Ć└Ć└Ć└Ć└Ć└Ć└Ć└Ć└Ć└Ć└Ć└Ć└Ć└Ć└Ć└Ć└Ć└Ć└Ć└Ć└Ć└Ć└Ć└Ć└Ć└Ć└Ć└Ć└Ć└Ć└Ć└Ć└Ć└Ć└Ć└Ć└Ć└Ć└Ć└Ć└Ć└Ć└Ć└Ć└Ć└Ć└Ć└Ć└Ć└Ć└Ć└Ć└Ć└Ć└Ć└Ć└Ć└Ć└Ć└Ć└Ć└Ć└Ć└Ć└Ć└Ć└Ć└Ć└Ć└Ć└Ć└Ć└Ć└Ć└Ć└Ć└Ć└Ć└Ć└Ć└Ć└Ć└Ć└Ć└Ć└Ć└Ć└Ć└Ć└Ć└Ć└Ć└Ć└Ć└Ć└Ć└Ć└Ć└Ć
04-09 00:56:37.741  2184  2976 D MQSserver: enter updateCountmusic_playback
04-09 00:56:37.741  2184  2976 D MQSserver: read count frome file: 12
04-09 00:56:37.741  2184  2976 D MQSserver: update RBI json: {"name":"music_playback","audio_event":{"headset_type":"speaker","scenario_mode":"intelligent","volume":"0","spatial_audio":"0"},"dgt":"null","audio_ext":"null","onetrack_count":"13"}
04-09 00:56:37.741  2184  2976 D MQSserver: updateCount: name: music_playback/audio_event : {"headset_type":"speaker","scenario_mode":"intelligent","volume":"0","spatial_audio":"0"}
04-09 00:56:37.749  4073  4540 W RenderInspector: QueueBuffer time out on NavigationBar0, count=1, avg=23 ms, max=23 ms.
04-09 00:56:37.758  1103  1258 D sound_trigger_hw: sound_trigger_set_device: disable device (7) = listen-ape-handset-mic-preproc
04-09 00:56:37.762  1103  1258 D sound_trigger_hw: session[1]: active_state_fn ---> loaded_state_fn
04-09 00:56:37.762 16403 21288 W VideoCapabilities: Unrecognized profile/level 0/3 for video/mpeg2
04-09 00:56:37.762  1103  1258 D sound_trigger_platform: platform_stdev_reset_backend_cfg: Setting VA_CDC_DMA_TX_0 TX island to false
04-09 00:56:37.763 16403 21288 W VideoCapabilities: Unrecognized profile/level 0/3 for video/mpeg2
04-09 00:56:37.765 16403 21288 W VideoCapabilities: Unsupported mime image/vnd.android.heic
04-09 00:56:37.765 16403 21288 W VideoCapabilities: Unsupported mime image/vnd.android.heic
04-09 00:56:37.765 16403 21288 W VideoCapabilities: Unsupported mime video/dolby-vision
04-09 00:56:37.765 16403 21288 W VideoCapabilities: Unsupported mime video/dolby-vision
04-09 00:56:37.767  1103  1258 D sound_trigger_hw: handle_audio_concurrency:[1] LPI: resume SVA session
04-09 00:56:37.767  1103  1258 D sound_trigger_hw: loaded_state_fn:[c1-1] handle event id 12
04-09 00:56:37.767  1103  1258 E sound_trigger_hw: check_gcs_usecase_switch: Invalid session or non CPE session!
04-09 00:56:37.767  1103  1258 D sound_trigger_hw: ape_dereg_sm:[1] Enter
04-09 00:56:37.767  1103 26952 I sound_trigger_hw: callback_thread_loop:[1] Received SNDRV_LSM_EVENT_STATUS_V3 status=0
04-09 00:56:37.767  1103 26952 D sound_trigger_hw: callback_thread_loop:[1] Exit
04-09 00:56:37.771  1103  1258 D sound_trigger_hw: ape_dereg_sm:[1] Exit, status=0
04-09 00:56:37.771  1103  1258 D sound_trigger_hw: ape_reg_sm:[1] Enter
04-09 00:56:37.771  1103  1258 D sound_trigger_platform: platform_stdev_get_capture_device: Device = 0x80000004
