04-09 00:56:36.267  4110  4110 I TransitionCallback: clear leash = Surface(name=TL_Surface(name=Task=14389#4602)/@0xc0c624b_transition-leash#5270)/@0xa9b40b1, key = ComponentInfo{com.suno.android/com.suno.android.MainActivity}#14389
04-09 00:56:36.267  4110  4110 I TransitionCallback: clear leash = Surface(name=TL_Surface(name=Task=1#45)/@0xdc8471a_transition-leash#5269)/@0xe03a758, key = ComponentInfo{com.mi.android.globallauncher/com.miui.home.launcher.Launcher}#1
04-09 00:56:36.268  1296  1296 E vendor.qti.hardware.perf@2.2-service: Unknown params
04-09 00:56:36.268  1296  1296 E ANDR-PERF-DATA-POOL: EventDataPool is Full
04-09 00:56:36.268  1296  1296 E ANDR-PERF-MPCTL: perf request submission limit reached.
04-09 00:56:36.268  4110  4110 D TransitionCallback: mNoCacheLeashList recycle Surface(name=TL_Surface(name=WallpaperWindowToken{eaff2a8 token=android.os.BinderProxy@70a9acb}#53)/@0x83ae428_transition-leash#5271)/@0x92bc922
04-09 00:56:36.268  4110  4110 D TransitionCallback: mNoCacheLeashList recycle Surface(name=TL_Surface(name=WallpaperWindowToken{c990fe8 token=android.os.Binder@51ce50b}#60)/@0x1878541_transition-leash#5272)/@0x1392fb3
04-09 00:56:36.269  1382  1382 D RefreshRateSelector: Touch Boost
04-09 00:56:36.270  1382  1382 D MI-SF   : mIsSupportAutomodeForMaxFpsSetting is 0(0), getCurrentBrightness() = 898(328), mIsKeepAutoMode 0
04-09 00:56:36.270  1382  1382 D RefreshRateSelector: fixedMode_group: 0, isFindModeGroup 0
04-09 00:56:36.270  1382  1382 D RefreshRateSelector: find max refresh rate:120, mode Group:0
04-09 00:56:36.324  4878 26807 I CCTUploader: Failed to get auth token for log sources [[ANDROID_GROWTH]] because the account doesn't exist on the device.
04-09 00:56:36.412  4878 26807 I CCTUploader: Failed to get auth token for log sources [[ANDROID_GROWTH]] because the account doesn't exist on the device.
04-09 00:56:36.413  4878 26807 I CCTUploader: Failed to get auth token for log sources [[ANDROID_GROWTH]] because the account doesn't exist on the device.
04-09 00:56:36.481  2184  8802 D CompatibilityChangeReporter: Compat change id reported: 161252188; UID 10178; state: DISABLED
04-09 00:56:36.483  2184  8802 W ActivityTaskManager: callingPackage for (uid=2000, pid=27080) has no WPC
04-09 00:56:36.484  2184  8802 D CompatibilityChangeReporter: Compat change id reported: 265464455; UID 10178; state: DISABLED
04-09 00:56:36.484  2184  8802 D CompatibilityChangeReporter: Compat change id reported: 265452344; UID 10178; state: DISABLED
04-09 00:56:36.484  2184  8802 D CompatibilityChangeReporter: Compat change id reported: 266124927; UID 10178; state: DISABLED
04-09 00:56:36.485  2184  8802 D CompatibilityChangeReporter: Compat change id reported: 265451093; UID 10178; state: DISABLED
04-09 00:56:36.485  2184  8802 D CompatibilityChangeReporter: Compat change id reported: 265456536; UID 10178; state: DISABLED
04-09 00:56:36.485  2184  8802 D CompatibilityChangeReporter: Compat change id reported: 255940284; UID 10178; state: DISABLED
04-09 00:56:36.485  2184  8802 D CompatibilityChangeReporter: Compat change id reported: 236283604; UID 10178; state: DISABLED
04-09 00:56:36.485  2184  8802 D CompatibilityChangeReporter: Compat change id reported: 263959004; UID 10178; state: DISABLED
04-09 00:56:36.485  2184  8802 D CompatibilityChangeReporter: Compat change id reported: 264304459; UID 10178; state: DISABLED
04-09 00:56:36.485  2184  8802 D CompatibilityChangeReporter: Compat change id reported: 264301586; UID 10178; state: DISABLED
04-09 00:56:36.485  2184  8802 D CompatibilityChangeReporter: Compat change id reported: 254631730; UID 10178; state: DISABLED
04-09 00:56:36.486  2184  8802 D CompatibilityChangeReporter: Compat change id reported: 273509367; UID 10178; state: DISABLED
04-09 00:56:36.486  2184  8802 D CompatibilityChangeReporter: Compat change id reported: 263259275; UID 10178; state: DISABLED
04-09 00:56:36.486  2184  8802 D CompatibilityChangeReporter: Compat change id reported: 174042980; UID 10178; state: DISABLED
04-09 00:56:36.486  2184  8802 D CompatibilityChangeReporter: Compat change id reported: 174042936; UID 10178; state: DISABLED
04-09 00:56:36.486  2184  8802 D CompatibilityChangeReporter: Compat change id reported: 181136395; UID 10178; state: DISABLED
04-09 00:56:36.495  2184  8802 D CompatibilityChangeReporter: Compat change id reported: 194480991; UID 10178; state: ENABLED
04-09 00:56:36.496  2184  8802 I SmartPower: com.google.android.gm/10178(16403): idle->invisible(819429ms) R(become foreground) adj=915.
04-09 00:56:36.496  2184  8802 D WindowManager: Collecting in transition 507: ActivityRecord{a7a7b07 u0 com.google.android.gm/.ConversationListActivityGmail init visibleRequested:false
04-09 00:56:36.497  2184  8802 D MiuiFreeFormManagerService: activeOrFullscreenFreeformTaskIfNeed startDefaultAr:false
04-09 00:56:36.500  4073  4317 D OneHandedController: stopOneHanded state is 0
04-09 00:56:36.501  1296  1296 E vendor.qti.hardware.perf@2.2-service: Unknown params
04-09 00:56:36.501  1296  1296 E ANDR-PERF-DATA-POOL: EventDataPool is Full
04-09 00:56:36.501  1296  1296 E ANDR-PERF-MPCTL: perf request submission limit reached.
04-09 00:56:36.502  2184  8802 D WindowManager: setLockTaskAuth: task=Task{688c25d #14409 type=standard A=10178:com.google.android.gm} mLockTaskAuth=LOCK_TASK_AUTH_PINNABLE
04-09 00:56:36.503  2184  8802 D WindowManager: Collecting in transition 507: Task{688c25d #14409 type=standard A=10178:com.google.android.gm} init visibleRequested:false
04-09 00:56:36.503  1296  1296 E vendor.qti.hardware.perf@2.2-service: Unknown params
04-09 00:56:36.503  1296  1296 E ANDR-PERF-DATA-POOL: EventDataPool is Full
04-09 00:56:36.503  1296  1296 E ANDR-PERF-MPCTL: perf request submission limit reached.
04-09 00:56:36.504  2184  8802 D CompatibilityChangeReporter: Compat change id reported: 184838306; UID 10178; state: DISABLED
04-09 00:56:36.505  2184  8802 D CompatibilityChangeReporter: Compat change id reported: 185004937; UID 10178; state: DISABLED
04-09 00:56:36.507  2184  8802 D WindowManager: setLockTaskAuth: task=Task{688c25d #14409 type=standard A=10178:com.google.android.gm} mLockTaskAuth=LOCK_TASK_AUTH_PINNABLE
04-09 00:56:36.507  2184  8802 D CompatibilityChangeReporter: Compat change id reported: 197654537; UID 10178; state: ENABLED
04-09 00:56:36.507  2184  8802 D MiuiFreeFormManagerService: onStartActivityInner as = Task{688c25d #14409 type=standard A=10178:com.google.android.gm} op = null
04-09 00:56:36.509  2184  8802 D ActivityTaskManager: Task#startActivityLocked isOrhasTask=true newTask=true
04-09 00:56:36.510  4081  4255 I DynamicDDSService: handleMessage(ACTIVITY_INVOKE{appInfo=com.google.android.gm isFullScreen=}true)
04-09 00:56:36.511  2184  8802 D CompatibilityChangeReporter: Compat change id reported: 205907456; UID 10178; state: ENABLED
04-09 00:56:36.512  1296  1296 E vendor.qti.hardware.perf@2.2-service: Unknown params
04-09 00:56:36.512  2184  8802 D PerfStubImpl: perfWarmLaunchBoost: com.google.android.gm, -1, 1
04-09 00:56:36.513  1296  1296 E vendor.qti.hardware.perf@2.2-service: Unknown params
04-09 00:56:36.513  1296  1296 E ANDR-PERF-DATA-POOL: EventDataPool is Full
04-09 00:56:36.513  1296  1296 E ANDR-PERF-MPCTL: perf request submission limit reached.
04-09 00:56:36.513  2184  8802 D ActivityTrigger: ActivityTrigger activityPauseTrigger 
04-09 00:56:36.513  1296  1296 E vendor.qti.hardware.perf@2.2-service: Unknown params
04-09 00:56:36.515  2184  8802 D WindowManager: Collecting in transition 507: ActivityRecord{a7a7b07 u0 com.google.android.gm/.ConversationListActivityGmail t14409} init visibleRequested:false
04-09 00:56:36.515  2184  8802 D WindowManager: Requesting StartTransition: TransitionRecord{bdadfa0 id=507 type=OPEN flags=0x0}
04-09 00:56:36.516  2184  8802 I ActivityTaskManager: START u0 {flg=0x10000000 cmp=com.google.android.gm/.ConversationListActivityGmail} with LAUNCH_SINGLE_TOP from uid 2000 from pid 27080 callingPackage com.android.shell (BAL_ALLOW_PERMISSION) result code=0
04-09 00:56:36.517  4073  4317 I SoScUtils: monitorTransitionRequest mRequestOpenTransition:null mRequestOpenTriggerTask:-1 mRequestCloseTransition:null mRequestCloseTriggerTask:-1 mRequestCloseStageType:-1
04-09 00:56:36.519  2184  8802 D WindowManager: Set transition=TransitionRecord{bdadfa0 id=507 type=OPEN flags=0x0}, ready=false, SyncId=507 used=true, override=false, defer=0, states=Display{#0 state=ON size=1080x2400 ROTATION_0}:false
04-09 00:56:36.521  4110  4328 D SessionLifecycleClient: Sending lifecycle 2 to service
04-09 00:56:36.521  4110  4110 D Launcher.Lifecycle: onPause:UserHandle{0},e1c02d1,true
04-09 00:56:36.521  4110  4110 D Launcher_UnlockAnimationStateMachine: onPause = IDLE
04-09 00:56:36.521  4110  4110 D Launcher_UnlockAnimationStateMachine: setState:PAUSE_WAIT
04-09 00:56:36.521  4110  8873 D SessionLifecycleService: Activity backgrounding at 35621243
04-09 00:56:36.521 30380 31686 D LauncherOverlay: setActivityState:1
04-09 00:56:36.521  4110  4110 D ServiceDeliveryReplaceHelper: onPause: widget to serviceDeliver isReplace false
04-09 00:56:36.522  4110  4619 D TaskStackChangeListeners: onTaskDescriptionChanged =  taskId = 14409
04-09 00:56:36.522 30380 30380 I LauncherOverlayCallback: handleMessage WHAT_ACTIVITY_STATE_CHANGED what’╝Ü1
04-09 00:56:36.523 30380 30380 D LauncherOverlay.Window: onPause
04-09 00:56:36.523 30380 30380 I LauncherOverlayCallback: handleMessage WHAT_LAUNCHER_STATE what’╝Ü1
04-09 00:56:36.523 30380 30380 D LauncherOverlay.Window: launcherState 1
04-09 00:56:36.523 30380 30380 D LauncherOverlay.Window: resumedStateNow 1,resumedStateNew = 0
04-09 00:56:36.523 30380 30380 D LauncherOverlay.Window: launcherPause 
04-09 00:56:36.523  4073  4073 I FocusedNotifPromptContr: onTopActivityMayChanged: isSupportPip false, isFocus false
04-09 00:56:36.523  4073  4073 I FocusedNotifPromptContr: onTopActivityMayChanged: topActivity=com.google.android.gm
04-09 00:56:36.523  4073  4073 I FocusedNotifPromptContr: topActivityMayChanged: topActivity=com.google.android.gm
04-09 00:56:36.523  2184  4366 D PerfStubImpl: perfWarmLaunchBoost: com.google.android.gm, -1, 1
04-09 00:56:36.523  4073  4073 D KeyguardEditorHelper: onTopActivityMayChanged, topActivity=ComponentInfo{com.google.android.gm/com.google.android.gm.ui.MailActivityGmail}; mState=IDEL
04-09 00:56:36.524  1296  1296 E vendor.qti.hardware.perf@2.2-service: Unknown params
04-09 00:56:36.524  1296  1296 E vendor.qti.hardware.perf@2.2-service: Unknown params
04-09 00:56:36.525  1296  1296 E ANDR-PERF-DATA-POOL: EventDataPool is Full
04-09 00:56:36.525  1296  1296 E ANDR-PERF-MPCTL: perf request submission limit reached.
04-09 00:56:36.525  4073  4317 D OneHandedController: stopOneHanded state is 0
04-09 00:56:36.525  4073  4317 D OneHandedController: stopOneHanded state is 0
04-09 00:56:36.525  2184  4366 I ActivityTaskManager: The Process com.google.android.gm Already Exists in BG. So sending its PID: 16403
04-09 00:56:36.525  4110  4619 D EventBus: No subscribers registered for event class com.miui.home.recents.messages.RecentTasksChangedEvent
04-09 00:56:36.525  4110  4619 D EventBus: No subscribers registered for event class org.greenrobot.eventbus.NoSubscriberEvent
04-09 00:56:36.525  1296  1296 E vendor.qti.hardware.perf@2.2-service: Unknown params
04-09 00:56:36.525  1296  1296 E ANDR-PERF-DATA-POOL: EventDataPool is Full
04-09 00:56:36.525  1296  1296 E ANDR-PERF-MPCTL: perf request submission limit reached.
04-09 00:56:36.526  1296  1351 E ANDR-PERF-LM: MetaMeter: handleAsync() 166: AdaptLaunch Invalid Async
04-09 00:56:36.526  4110  4626 D RecentsModel: onTaskStackChangedBackground    MSG_TASK_STACK_CHANGE
04-09 00:56:36.526  2184  4366 D WindowManager: Collecting in transition 507: ActivityRecord{a7a7b07 u0 com.google.android.gm/.ConversationListActivityGmail t14409} init visibleRequested:false
04-09 00:56:36.526  2184  4366 D WindowManager: Collecting in transition 507: ActivityRecord{a94c727 u0 com.mi.android.globallauncher/com.miui.home.launcher.Launcher t2} init visibleRequested:true
04-09 00:56:36.526  2184  4366 D WindowManager: Collecting in transition 507: WallpaperWindowToken{c990fe8 token=android.os.Binder@51ce50b} init visibleRequested:true
04-09 00:56:36.526  4073  4073 D BadgeCoordinator: recevie broadbcast ACTION_APPLICATION_MESSAGE_QUERY, requestFirstTime=false
04-09 00:56:36.526  4073  4495 D ArtChoreographerMonitor: invoke error.
04-09 00:56:36.527  2184  4366 D WindowManager: Collecting in transition 507: WallpaperWindowToken{eaff2a8 token=android.os.BinderProxy@70a9acb} init visibleRequested:true
04-09 00:56:36.529  1382  1382 I BpBinder: onLastStrongRef automatically unlinking death recipients: 
04-09 00:56:36.529  2184  4366 D WindowManager: Collecting in transition 507: ActivityRecord{a7a7b07 u0 com.google.android.gm/.ConversationListActivityGmail t14409} init visibleRequested:true
04-09 00:56:36.530  2184  4366 D WindowManagerService: checkFlipFullScreenChange is same, nowIsFullScreen = false
04-09 00:56:36.531  2184  4366 D WindowManager: wms.Input focus has changed to null display=0 updateInputWindows = true
04-09 00:56:36.531  2184  4366 I MultiSenceManagerInternalStub: getInstance
04-09 00:56:36.532  2184  4366 D WindowManager: Collecting in transition 507: ActivityRecord{a7a7b07 u0 com.google.android.gm/.ConversationListActivityGmail t14409} init visibleRequested:true
04-09 00:56:36.532  2184  4366 D WindowManager: Set transition=TransitionRecord{bdadfa0 id=507 type=OPEN flags=0x0}, ready=true, SyncId=507 
04-09 00:56:36.536  2184  4366 I BLASTSyncEngine: SyncGroup 507:  Unfinished container:ActivityRecord{a7a7b07 u0 com.google.android.gm/.ConversationListActivityGmail t14409}
04-09 00:56:36.536  2184  4366 I BLASTSyncEngine: isActivitySyncFinished isSyncFinished false ActivityRecord{a7a7b07 u0 com.google.android.gm/.ConversationListActivityGmail t14409}
04-09 00:56:36.536  4073  4317 D MiuiFullScreenTaskRepository: removeFocusedTask displayId=0
04-09 00:56:36.536  4073  4317 D MiuiFullScreenTaskRepository: addOrUpdateFullScreenTaskInfo taskId=1, topActivity=ComponentInfo{com.mi.android.globallauncher/com.miui.home.launcher.Launcher}
04-09 00:56:36.537  1296  1296 E vendor.qti.hardware.perf@2.2-service: Unknown params
04-09 00:56:36.537  1296  1296 E ANDR-PERF-DATA-POOL: EventDataPool is Full
04-09 00:56:36.537  1296  1296 E ANDR-PERF-MPCTL: perf request submission limit reached.
04-09 00:56:36.538  2184  4175 D CompatibilityChangeReporter: Compat change id reported: 168419799; UID 10178; state: DISABLED
04-09 00:56:36.538  2184  4175 D CompatibilityChangeReporter: Compat change id reported: 273564678; UID 10178; state: DISABLED
04-09 00:56:36.540  7397  9496 I efti    : (REDACTED) appOpsListener %s %s
04-09 00:56:36.541  7397  9496 I efti    : (REDACTED) Ignoring irrelevant audio permission changes for package %s
04-09 00:56:36.545  2184  3118 I NetworkBoostStatusManager: onForegroundInfoChanged uid:10178, isColdStart:false
04-09 00:56:36.545  9679 16329 D PerfEngineController: ForegroundInfo{mForegroundPackageName='com.google.android.gm', mForegroundUid=10178, mForegroundPid=16403, mLastForegroundPackageName='com.mi.android.globallauncher', mLastForegroundUid=10082, mLastForegroundPid=4110, mMultiWindowForegroundPackageName='com.google.android.gm', mMultiWindowForegroundUid=10178, mFlags=0}
04-09 00:56:36.545  2184  3118 I SLM-SRV-SLAToast: foreground uid:10178, isColdStart:false, isLinkTurboEnable:false
04-09 00:56:36.545  2184  3118 D NetworkSDKService: handleMultiAppsDualWifi isSet = false isEverOpened = false
04-09 00:56:36.546  8508 25039 I ProcessMonitor: onForegroundInfoChanged: ForegroundInfo{mForegroundPackageName='com.google.android.gm', mForegroundUid=10178, mForegroundPid=16403, mLastForegroundPackageName='com.mi.android.globallauncher', mLastForegroundUid=10082, mLastForegroundPid=4110, mMultiWindowForegroundPackageName='com.google.android.gm', mMultiWindowForegroundUid=10178, mFlags=0}
04-09 00:56:36.547 12404 12418 I GST     : forePkg: com.google.android.gm, preForePkg: com.mi.android.globallauncher
04-09 00:56:36.547  8508  8594 D x1      : myUserId = 0	currentUserId0
04-09 00:56:36.547  3988  5131 D MiuiBluetoothLatencyMode: ForegroundInfo{mForegroundPackageName='com.google.android.gm', mForegroundUid=10178, mForegroundPid=16403, mLastForegroundPackageName='com.mi.android.globallauncher', mLastForegroundUid=10082, mLastForegroundPid=4110, mMultiWindowForegroundPackageName='com.google.android.gm', mMultiWindowForegroundUid=10178, mFlags=0}
04-09 00:56:36.547  3988  5131 E bt_btif : btif_get_adapter_property : invalid type 246
04-09 00:56:36.547  2184  2501 D Aurogon :  uid = 10178 switch to FG
04-09 00:56:36.547  3988  5131 E BluetoothAdapterService: getActiveDevices: LeAudioService is null
04-09 00:56:36.547  3988  5131 D MiuiBluetoothLatencyMode: ActiveProfile: -1
04-09 00:56:36.547  8508 25039 I GameBoosterService: onForegroundInfoChanged: Cur=com.google.android.gm	 last=com.mi.android.globallauncher
04-09 00:56:36.548  8105 23384 D PMonitor:  onForegroundActivitiesChanged:pid = 16403,activity-uid=10178,foregroundActivities=true
04-09 00:56:36.548  4110  4626 W RecentsModel: getRunningTask   taskInfo=TaskInfo{userId=0 taskId=14409 displayId=0 isRunning=true baseIntent=Intent { flg=0x10000000 cmp=com.google.android.gm/.ConversationListActivityGmail } baseActivity=ComponentInfo{com.google.android.gm/com.google.android.gm.ui.MailActivityGmail} topActivity=ComponentInfo{com.google.android.gm/com.google.android.gm.ui.MailActivityGmail} origActivity=ComponentInfo{com.google.android.gm/com.google.android.gm.ConversationListActivityGmail} realActivity=ComponentInfo{com.google.android.gm/com.google.android.gm.ui.MailActivityGmail} numActivities=1 lastActiveTime=97667758 supportsSplitScreenMultiWindow=true supportsMultiWindow=true resizeMode=2 isResizeable=true minWidth=-1 minHeight=-1 defaultMinSize=200 token=WCT{android.window.IWindowContainerToken$Stub$Proxy@9e972d0} topActivityType=1 pictureInPictureParams=null shouldDockBigOverlays=false launchIntoPipHostTaskId=-1 lastParentTaskIdBeforePip=-1 displayCutoutSafeInsets=Rect(0, 94 - 0, 0) topActivityInfo=ActivityInfo{64172c9 com.google.android.gm.ConversationListActivityGmail} launchCookies=[] positionInParent=Point(0, 0) parentTaskId=-1 isFocused=true isVisible=false isVisibleRequested=true isSleeping=false topActivityInSizeCompat=false topActivityInMiuiSizeCompat=false topActivityEligibleForLetterboxEducation= false topActivityLetterboxed= false isFromDoubleTap= false topActivityLetterboxVerticalPosition= -1 topActivityLetterboxHorizontalPosition= -1 topActivityLetterboxWidth=-1 topActivityLetterboxHeight=-1 locusId=null displayAreaFeatureId=1 cameraCompatControlState=hidden mIsCastMode=false mTopActivityMediaSize=null mTopActivityRecordName=ActivityRecord{a7a7b07 u0 com.google.android.gm/.ConversationListActivityGmail t14409} mTopActivityOrientation=-1 mTopActivityWindowIsNowVisible=false isTranslucent=false isEmbedded=false shouldBeVisible=true isImmersive=false mBehindAppLockPkg=null mOriginatingUid=0}
04-09 00:56:36.548  4110  4626 D RecentsModel: preloadRecents runningTaskId:14409, mCurrentRunningTaskId:-1, mRecentsTaskLoadPlan=com.android.systemui.shared.recents.model.RecentsTaskLoadPlan@b4d4dce
04-09 00:56:36.550  3988  5131 D MiuiBluetoothLatencyMode: onForegroundActivitiesChanged, pid: 16403 uid: 10178 foregroundActivities: true
04-09 00:56:36.550  8508 25039 D GameBoosterService: onGameStatusChange foreground:ForegroundInfo{mForegroundPackageName='com.google.android.gm', mForegroundUid=10178, mForegroundPid=16403, mLastForegroundPackageName='com.mi.android.globallauncher', mLastForegroundUid=10082, mLastForegroundPid=4110, mMultiWindowForegroundPackageName='com.google.android.gm', mMultiWindowForegroundUid=10178, mFlags=0}
04-09 00:56:36.550 12404 12418 D VENUS_GAMEAI_START_GameAiStartManager: ķ½śĶāĮµŚČÕł╗µ£¬Õ«ēĶŻģ
04-09 00:56:36.551  4110  4626 E ActivityManagerWrapper: get all recent tasks force including 14409
04-09 00:56:36.551  2184  2922 I MiuiNetworkPolicy: updateUidState uid = 10178, uidState = 2
04-09 00:56:36.552  2184  3075 D isUidValid: uid = 10178
04-09 00:56:36.553  8508 25039 I VideoBoxUtils: isSupportVideoBox: true
04-09 00:56:36.553 16403 22177 D AppScoutStateMachine: 16403-ScoutStateMachinecreated
04-09 00:56:36.554  2184  3075 D isUidValid: uid = 99037
04-09 00:56:36.555  8508 25039 I VideoToolBoxService: splitMode: onfalse
04-09 00:56:36.556  2184  2506 D SchedBoost: com.mi.globalminusscreen boosting, skip reset priority
04-09 00:56:36.556  2184  2277 D InputDispatcher: setFocusedWindow <null> on display 0 ignored, reason: already focused
04-09 00:56:36.558  4110  4110 D Launcher.Lifecycle: onWindowFocusChanged:false,UserHandle{0},e1c02d1,true
04-09 00:56:36.560  3988  4609 I BtGatt.ScanManager: msg.what = MSG_IMPORTANCE_CHANGE, msg.arg1 = IMPORTANCE_CHANGE
04-09 00:56:36.560  2184  2922 I MiuiNetworkPolicy: updateUidState uid = 99037, uidState = 3
04-09 00:56:36.560  2184  2922 I MiuiNetworkPolicy: updateUidState uid = 10381, uidState = 3
04-09 00:56:36.560  2184  2922 I MiuiNetworkPolicy: updateUidState uid = 10163, uidState = 3
04-09 00:56:36.563  8508 25039 D FreeformUtil: retrieveFirstNoFreeformRootTaskInfo: windowMode = 1
04-09 00:56:36.563  8508 25039 I VideoToolBoxService: not support vtb. skipExit : false
04-09 00:56:36.563  8508 25039 I BeautyService: onForegroundInfoChanged: Cur=com.google.android.gm	 last=com.mi.android.globallauncher
04-09 00:56:36.565 16403 27085 W libc    : Access denied finding property "vendor.migl.debug"
04-09 00:56:36.566 16403 27085 D libMiGL : SuperResolution SR initSR mBaseSRWidthSize: 0, mBaseSRHeightSize: 0, mTargetSRWidthSize: 0, mTargetSRHeightSize: 0
04-09 00:56:36.566 16403 27085 I libMiGL : EnableDR: 0
04-09 00:56:36.566 16403 27085 D libMiGL : mDFIInterval: -1
04-09 00:56:36.566 16403 27085 I AdrenoGLES-0: QUALCOMM build                   : 4bbe300fc3, Ie69fc1c69b
04-09 00:56:36.566 16403 27085 I AdrenoGLES-0: Build Date                       : 05/19/25
04-09 00:56:36.566 16403 27085 I AdrenoGLES-0: OpenGL ES Shader Compiler Version: EV031.35.01.12
04-09 00:56:36.566 16403 27085 I AdrenoGLES-0: Local Branch                     : 
04-09 00:56:36.566 16403 27085 I AdrenoGLES-0: Remote Branch                    : refs/tags/AU_LINUX_ANDROID_LA.UM.9.14.11.00.00.571.148
04-09 00:56:36.566 16403 27085 I AdrenoGLES-0: Remote Branch                    : NONE
04-09 00:56:36.566 16403 27085 I AdrenoGLES-0: Reconstruct Branch               : NOTHING
04-09 00:56:36.566 16403 27085 I AdrenoGLES-0: Build Config                     : S P 10.0.7 AArch64
04-09 00:56:36.566 16403 27085 I AdrenoGLES-0: Driver Path                      : /vendor/lib64/egl/libGLESv2_adreno.so
04-09 00:56:36.567  4110  4626 E ActivityManagerWrapper: getRecentTasksForceIncludingTaskIdIfValid: getRecentTasks: size=9
04-09 00:56:36.567  4110  4626 E ActivityManagerWrapper:  mainTaskId=14409   userId=0   windowMode=1   baseIntent=Intent { act=null flag=268435456 cmp=ComponentInfo{com.google.android.gm/com.google.android.gm.ConversationListActivityGmail} }
04-09 00:56:36.567  4110  4626 E ActivityManagerWrapper:  mainTaskId=14389   userId=0   windowMode=1   baseIntent=Intent { act=android.intent.action.MAIN flag=270532608 cmp=ComponentInfo{com.suno.android/com.suno.android.MainActivity} }
04-09 00:56:36.567  4110  4626 E ActivityManagerWrapper:  mainTaskId=14404   userId=0   windowMode=1   baseIntent=Intent { act=null flag=268435456 cmp=ComponentInfo{app.blearn.mobile/app.blearn.mobile.MainActivity} }
04-09 00:56:36.567  4110  4626 E ActivityManagerWrapper:  mainTaskId=14394   userId=0   windowMode=1   baseIntent=Intent { act=android.settings.ACCESSIBILITY_SETTINGS flag=268435456 cmp=ComponentInfo{com.android.settings/com.android.settings.accessibility.MiuiAccessibilitySettingsActivity} }
04-09 00:56:36.567  4110  4626 E ActivityManagerWrapper:  mainTaskId=14383   userId=0   windowMode=1   baseIntent=Intent { act=null flag=268435456 cmp=ComponentInfo{com.whatsapp/com.whatsapp.home.ui.HomeActivity} }
04-09 00:56:36.567  4110  4626 E ActivityManagerWrapper:  mainTaskId=14372   userId=0   windowMode=1   baseIntent=Intent { act=android.intent.action.MAIN flag=335544320 cmp=ComponentInfo{com.android.deskclock/com.android.deskclock.DeskClockTabActivity} }
04-09 00:56:36.567  4110  4626 E ActivityManagerWrapper:  mainTaskId=14359   userId=0   windowMode=1   baseIntent=Intent { act=android.intent.action.MAIN flag=269549568 cmp=ComponentInfo{com.s_payment.mobiles_bezahlen/de.starfinanz.payment.MainActivity} }
04-09 00:56:36.567  4110  4626 E ActivityManagerWrapper:  mainTaskId=14342   userId=0   windowMode=1   baseIntent=Intent { act=null flag=369098752 cmp=ComponentInfo{com.google.android.googlequicksearchbox/com.google.android.apps.search.assistant.surfaces.voice.robin.main.MainActivity} }
04-09 00:56:36.567  4110  4626 E ActivityManagerWrapper:  mainTaskId=14336   userId=0   windowMode=1   baseIntent=Intent { act=android.intent.action.MAIN flag=270532608 cmp=ComponentInfo{com.google.android.apps.maps/com.google.android.maps.MapsActivity} }
04-09 00:56:36.568  7377  9067 W AiAiAutofill: On activity pause for ContentSelector{packageName=com.mi.android.globallauncher, activityName=com.miui.home.launcher.Launcher, resourceId=null} completing 0 sessions with 1 remaining.
04-09 00:56:36.568  2184  2605 D DisplayFeatureManagerService: setScreenEffect displayId=0 mode=18 value=1 cookie=255 from pid=2184
04-09 00:56:36.575 16403 27085 I AdrenoGLES-0: PFP: 0x016dc094, ME: 0x00000000
04-09 00:56:36.577  2184  4366 W WindowManager: Cannot find window which accessibility connection is added to
04-09 00:56:36.578  1318  1318 D DisplayFeatureHal: setFeatureEnable: displayId = 0, FeatureId=BCBC_CUST_STATE modeId=1 cookie=255
04-09 00:56:36.579  1318  1318 D DisplayFeatureHal: current wcg state 0, setting to 0
04-09 00:56:36.579  1318  1318 D DisplayFeatureHal: notifySFWcgState enable = 0
04-09 00:56:36.583  1382  1524 D MI-SF   : updateScene: module = 258 (TpIdle), value = 1, pkg = com.google.android.gm, Vrr = 1
04-09 00:56:36.583  1382  1524 D MI-SF   : updateScene mSetTpIdleFlag 1
04-09 00:56:36.585  2184  4366 I BLASTSyncEngine: SyncGroup 507:  Unfinished container:ActivityRecord{a7a7b07 u0 com.google.android.gm/.ConversationListActivityGmail t14409}
04-09 00:56:36.585  2184  4366 I BLASTSyncEngine: isActivitySyncFinished isSyncFinished false ActivityRecord{a7a7b07 u0 com.google.android.gm/.ConversationListActivityGmail t14409}
04-09 00:56:36.589  1318  1431 D DisplayModuleUtils: setBCBCFunction , open BCBC
04-09 00:56:36.590  1318  1431 D ColorManager: handleHistogramCmd enable histogram
04-09 00:56:36.590  1318  1431 D ColorManager: registerHistogram enter i= 0, hist_users[i] = 20, enable  = 1
04-09 00:56:36.590  1318  1431 E ColorManager: crtc0 register Histogram enable:1 ->failed
04-09 00:56:36.590  1318  1431 D ColorManager: registerHistogram enter i= 1, hist_users[i] = 20, enable  = 1
04-09 00:56:36.590  1318  1431 E ColorManager: crtc1 register Histogram enable:1 ->failed
04-09 00:56:36.590  1318  1431 D ColorManager: registerHistogram enter i= 2, hist_users[i] = 20, enable  = 1
04-09 00:56:36.590  1318  1431 E ColorManager: crtc2 register Histogram enable:1 ->failed
04-09 00:56:36.591  4073  4540 E OpenGLRenderer: Unable to match the desired swap behavior.
04-09 00:56:36.591  4073  4495 D VRI[gm] : vri.reportNextDraw android.view.ViewRootImpl.performTraversals:4411 android.view.ViewRootImpl.doTraversal:3040 android.view.ViewRootImpl$TraversalRunnable.run:10429 android.view.Choreographer$CallbackRecord.run:1654 android.view.Choreographer$CallbackRecord.run:1663 
04-09 00:56:36.591  4073  4495 D SurfaceView: UPDATE null, mIsCastMode = false
04-09 00:56:36.592  4110  4626 D WorldCirculate: getWorldCirculateInfo, taskInfo.baseIntent=Intent { flg=0x10000000 cmp=app.blearn.mobile/.MainActivity }, displayId=-1, but get Display failed
04-09 00:56:36.593  4110  4626 D WorldCirculate: getWorldCirculateInfo, taskInfo.baseIntent=Intent { act=android.settings.ACCESSIBILITY_SETTINGS flg=0x10000000 cmp=com.android.settings/.accessibility.MiuiAccessibilitySettingsActivity }, displayId=-1, but get Display failed
04-09 00:56:36.595  4110  4626 D TaskSnapshotCompatVU: getIsInvalidateFromTaskSnapshot, return, mTaskSnapshot=null, mTaskSnapshotClazz=null
04-09 00:56:36.596  4110  4626 D TaskSnapshotCompatVU: getIsInvalidateFromTaskSnapshot, don't find method
04-09 00:56:36.599  4073  4495 D VRI[gm] : vri.Setup new sync=wmsSync-VRI[gm]#29
04-09 00:56:36.600  4073  4540 D OpenGLRenderer: makeCurrent grContext:0xb4000071a3c8afa0 reset mTextureAvailable
04-09 00:56:36.606 15853 16193 D AudioTrackImpl: [audioTrackData][mute] 55s(f:485 m:55675 s:385 k:54324 z:0) : pid 15853 uid 10518 sessionId 889 sr 48000 ch 2 fmt 1
04-09 00:56:36.610  4073  4495 D VRI[gm] : vri.reportDrawFinished
04-09 00:56:36.612  2184  2507 D WindowManager: Set transition=TransitionRecord{bdadfa0 id=507 type=OPEN flags=0x0}, ready=true, SyncId=507 
04-09 00:56:36.612  1382  1382 W Layer   : gatherBufferInfo: Received unknown dataspace from gralloc
04-09 00:56:36.614  2184  2507 I SmartPower: com.google.android.gm/10178(16403): invisible->visible(117ms) R(become visible) adj=0.
04-09 00:56:36.614  2184  3148 I SmartPower: com.google.android.webview:sandboxed_process0:org.chromium.content.app.SandboxedPridle->background(1231148ms) R(add to whitelist) adj=250.
04-09 00:56:36.616  4073  4540 E OpenGLRenderer: Unable to match the desired swap behavior.
04-09 00:56:36.616  2184  2507 I WindowManager: wms.showSurfaceRobustly mWin:Window{61dc3ff u0 Splash Screen com.google.android.gm}
04-09 00:56:36.616  2184  2507 D WindowManager: Final targets: [Task{688c25d #14409 type=standard A=10178:com.google.android.gm}, Task{ee261fc #1 type=home}]
04-09 00:56:36.619  2184  2507 D WindowManager: Calling onTransitionReady info={id=507 t=OPEN f=0x0 trk=0 r=[0@Point(0, 0)] c=[{WCT{RemoteToken{b5aaef Task{688c25d #14409 type=standard A=10178:com.google.android.gm}}} m=OPEN f=NONE leash=Surface(name=Task=14409#5274)/@0x60cb434 sb=Rect(0, 0 - 1080, 2400) eb=Rect(0, 0 - 1080, 2400) d=0},{WCT{RemoteToken{ceea0bc Task{ee261fc #1 type=home}}} m=TO_BACK f=SHOW_WALLPAPER leash=Surface(name=Task=1#45)/@0x2d6a2ef sb=Rect(0, 0 - 1080, 2400) eb=Rect(0, 0 - 1080, 2400) d=0}] noAni=[false] df=[false] mk=[true] nc=[0]}, mToken=Token{b48c9fc TransitionRecord{bdadfa0 id=507 type=OPEN flags=0x0}}
04-09 00:56:36.620  2184  2507 I BLASTSyncEngine: finishNow: after onTransactionReady, mSyncId=507
04-09 00:56:36.621  4073  4317 D MiuiFreeformAnimation: startAnimation change: {WCT{android.window.IWindowContainerToken$Stub$Proxy@e1c6a81} m=OPEN f=NONE leash=Surface(name=Task=14409#5274)/@0xd221f5a sb=Rect(0, 0 - 1080, 2400) eb=Rect(0, 0 - 1080, 2400) d=0} info.getType(): 1
04-09 00:56:36.621  4073  4317 I MiuiFreeformAnimation: isLaunchWidgetPicker=false,taskInfo.getWindowingMode()=1, taskInfo.getActivityType()=1
04-09 00:56:36.621  4073  4317 D MiuiFreeFormManager:  isSplitRootTask taskId=14409
04-09 00:56:36.622  4073  4317 D MiuiFreeformAnimation: startAnimation change: {WCT{android.window.IWindowContainerToken$Stub$Proxy@b52d726} m=TO_BACK f=SHOW_WALLPAPER leash=Surface(name=Task=1#45)/@0x6b0f58b sb=Rect(0, 0 - 1080, 2400) eb=Rect(0, 0 - 1080, 2400) d=0} info.getType(): 1
04-09 00:56:36.622  4073  4317 W MiuiTaskTransitionHandler: Receive an unknown transition, token=android.os.BinderProxy@a3f742e, type=1
04-09 00:56:36.622  4073  4317 D TransitionAnimationHelper:  load default animation  type = 1 enter = false animAttr = 19 isTask = true translucent = false
04-09 00:56:36.623  4073  4317 D TransitionAnimationHelper:  load default animation  type = 1 enter = true animAttr = 18 isTask = true translucent = false
04-09 00:56:36.626  4073  4540 D OpenGLRenderer: makeCurrent grContext:0xb4000071a3c8afa0 reset mTextureAvailable
04-09 00:56:36.626  4073  4461 D ShellTransitions: speed ui!!!!!!!!!!!
04-09 00:56:36.630  4073  4317 D MiuiFullScreenTaskRepository: setFocusedTask taskId=14409, displayId=0, topActivity=ComponentInfo{com.google.android.gm/com.google.android.gm.ui.MailActivityGmail}
04-09 00:56:36.630  4073  4317 D MiuiFullScreenTaskRepository: addOrUpdateFullScreenTaskInfo taskId=14409, topActivity=ComponentInfo{com.google.android.gm/com.google.android.gm.ui.MailActivityGmail}
04-09 00:56:36.631  4073  4073 E onWindowDecorRectChanged: start size:1
04-09 00:56:36.631  4073  4073 E onWindowDecorRectChanged: windowDecorRects: Rect(454, 12 - 625, 123)
04-09 00:56:36.633  4110  4619 D TaskStackChangeListeners: onTaskDescriptionChanged =  taskId = 14409
04-09 00:56:36.634 16403 27085 D OpenGLRenderer: MiShaderPrecompile start makeSksl:0, isInPreCacheList:0
04-09 00:56:36.635  4110  4626 D RecentsModel: onTaskStackChangedBackground    MSG_TASK_STACK_CHANGE
04-09 00:56:36.636  8508 27031 I SCTaskStackListener: onTaskStackChanged! inSplit = false
04-09 00:56:36.636  4110  4619 D EventBus: No subscribers registered for event class com.miui.home.recents.messages.RecentTasksChangedEvent
04-09 00:56:36.636  4110  4619 D EventBus: No subscribers registered for event class org.greenrobot.eventbus.NoSubscriberEvent
04-09 00:56:36.636  4110  4626 W RecentsModel: getRunningTask   taskInfo=TaskInfo{userId=0 taskId=14409 displayId=0 isRunning=true baseIntent=Intent { flg=0x10000000 cmp=com.google.android.gm/.ConversationListActivityGmail } baseActivity=ComponentInfo{com.google.android.gm/com.google.android.gm.ui.MailActivityGmail} topActivity=ComponentInfo{com.google.android.gm/com.google.android.gm.ui.MailActivityGmail} origActivity=ComponentInfo{com.google.android.gm/com.google.android.gm.ConversationListActivityGmail} realActivity=ComponentInfo{com.google.android.gm/com.google.android.gm.ui.MailActivityGmail} numActivities=1 lastActiveTime=97667858 supportsSplitScreenMultiWindow=true supportsMultiWindow=true resizeMode=2 isResizeable=true minWidth=-1 minHeight=-1 defaultMinSize=200 token=WCT{android.window.IWindowContainerToken$Stub$Proxy@7657285} topActivityType=1 pictureInPictureParams=null shouldDockBigOverlays=false launchIntoPipHostTaskId=-1 lastParentTaskIdBeforePip=-1 displayCutoutSafeInsets=Rect(0, 94 - 0, 0) topActivityInfo=ActivityInfo{6f478da com.google.android.gm.ConversationListActivityGmail} launchCookies=[] positionInParent=Point(0, 0) parentTaskId=-1 isFocused=true isVisible=true isVisibleRequested=true isSleeping=false topActivityInSizeCompat=false topActivityInMiuiSizeCompat=false topActivityEligibleForLetterboxEducation= false topActivityLetterboxed= false isFromDoubleTap= false topActivityLetterboxVerticalPosition= -1 topActivityLetterboxHorizontalPosition= -1 topActivityLetterboxWidth=-1 topActivityLetterboxHeight=-1 locusId=null displayAreaFeatureId=1 cameraCompatControlState=hidden mIsCastMode=false mTopActivityMediaSize=null mTopActivityRecordName=ActivityRecord{a7a7b07 u0 com.google.android.gm/.ConversationListActivityGmail t14409} mTopActivityOrientation=-1 mTopActivityWindowIsNowVisible=false isTranslucent=false isEmbedded=false shouldBeVisible=true isImmersive=false mBehindAppLockPkg=null mOriginatingUid=0}
04-09 00:56:36.636  4110  4626 D RecentsModel: preloadRecents runningTaskId:14409, mCurrentRunningTaskId:-1, mRecentsTaskLoadPlan=com.android.systemui.shared.recents.model.RecentsTaskLoadPlan@586110b
04-09 00:56:36.636  8508 25039 I SCTaskStackListener: onTaskStackChanged! inSplit = false
04-09 00:56:36.637  4110  4626 E ActivityManagerWrapper: get all recent tasks force including 14409
04-09 00:56:36.638  4073  4495 D SurfaceView: UPDATE Surface(name=SurfaceView[Splash Screen com.google.android.gm]#5282)/@0xd61d74d, mIsProjectionMode = false
04-09 00:56:36.641  4110  4626 E ActivityManagerWrapper: getRecentTasksForceIncludingTaskIdIfValid: getRecentTasks: size=9
04-09 00:56:36.641  4110  4626 E ActivityManagerWrapper:  mainTaskId=14409   userId=0   windowMode=1   baseIntent=Intent { act=null flag=268435456 cmp=ComponentInfo{com.google.android.gm/com.google.android.gm.ConversationListActivityGmail} }
04-09 00:56:36.641  4110  4626 E ActivityManagerWrapper:  mainTaskId=14389   userId=0   windowMode=1   baseIntent=Intent { act=android.intent.action.MAIN flag=270532608 cmp=ComponentInfo{com.suno.android/com.suno.android.MainActivity} }
04-09 00:56:36.641  4110  4626 E ActivityManagerWrapper:  mainTaskId=14404   userId=0   windowMode=1   baseIntent=Intent { act=null flag=268435456 cmp=ComponentInfo{app.blearn.mobile/app.blearn.mobile.MainActivity} }
04-09 00:56:36.641  4110  4626 E ActivityManagerWrapper:  mainTaskId=14394   userId=0   windowMode=1   baseIntent=Intent { act=android.settings.ACCESSIBILITY_SETTINGS flag=268435456 cmp=ComponentInfo{com.android.settings/com.android.settings.accessibility.MiuiAccessibilitySettingsActivity} }
04-09 00:56:36.641  4110  4626 E ActivityManagerWrapper:  mainTaskId=14383   userId=0   windowMode=1   baseIntent=Intent { act=null flag=268435456 cmp=ComponentInfo{com.whatsapp/com.whatsapp.home.ui.HomeActivity} }
04-09 00:56:36.641  4110  4626 E ActivityManagerWrapper:  mainTaskId=14372   userId=0   windowMode=1   baseIntent=Intent { act=android.intent.action.MAIN flag=335544320 cmp=ComponentInfo{com.android.deskclock/com.android.deskclock.DeskClockTabActivity} }
04-09 00:56:36.641  4110  4626 E ActivityManagerWrapper:  mainTaskId=14359   userId=0   windowMode=1   baseIntent=Intent { act=android.intent.action.MAIN flag=269549568 cmp=ComponentInfo{com.s_payment.mobiles_bezahlen/de.starfinanz.payment.MainActivity} }
04-09 00:56:36.641  4110  4626 E ActivityManagerWrapper:  mainTaskId=14342   userId=0   windowMode=1   baseIntent=Intent { act=null flag=369098752 cmp=ComponentInfo{com.google.android.googlequicksearchbox/com.google.android.apps.search.assistant.surfaces.voice.robin.main.MainActivity} }
04-09 00:56:36.641  4110  4626 E ActivityManagerWrapper:  mainTaskId=14336   userId=0   windowMode=1   baseIntent=Intent { act=android.intent.action.MAIN flag=270532608 cmp=ComponentInfo{com.google.android.apps.maps/com.google.android.maps.MapsActivity} }
04-09 00:56:36.642  4110  4626 D WorldCirculate: getWorldCirculateInfo, taskInfo.baseIntent=Intent { flg=0x10000000 cmp=app.blearn.mobile/.MainActivity }, displayId=-1, but get Display failed
04-09 00:56:36.642  4110  4626 D WorldCirculate: getWorldCirculateInfo, taskInfo.baseIntent=Intent { act=android.settings.ACCESSIBILITY_SETTINGS flg=0x10000000 cmp=com.android.settings/.accessibility.MiuiAccessibilitySettingsActivity }, displayId=-1, but get Display failed
04-09 00:56:36.644  4110  4626 D TaskSnapshotCompatVU: getIsInvalidateFromTaskSnapshot, return, mTaskSnapshot=null, mTaskSnapshotClazz=null
04-09 00:56:36.644  4110  4626 D RecentsModel: onTaskStackChangedBackground    MSG_TASK_STACK_CHANGE
04-09 00:56:36.645  4110  4626 W RecentsModel: getRunningTask   taskInfo=TaskInfo{userId=0 taskId=14409 displayId=0 isRunning=true baseIntent=Intent { flg=0x10000000 cmp=com.google.android.gm/.ConversationListActivityGmail } baseActivity=ComponentInfo{com.google.android.gm/com.google.android.gm.ui.MailActivityGmail} topActivity=ComponentInfo{com.google.android.gm/com.google.android.gm.ui.MailActivityGmail} origActivity=ComponentInfo{com.google.android.gm/com.google.android.gm.ConversationListActivityGmail} realActivity=ComponentInfo{com.google.android.gm/com.google.android.gm.ui.MailActivityGmail} numActivities=1 lastActiveTime=97667867 supportsSplitScreenMultiWindow=true supportsMultiWindow=true resizeMode=2 isResizeable=true minWidth=-1 minHeight=-1 defaultMinSize=200 token=WCT{android.window.IWindowContainerToken$Stub$Proxy@cc8cbe8} topActivityType=1 pictureInPictureParams=null shouldDockBigOverlays=false launchIntoPipHostTaskId=-1 lastParentTaskIdBeforePip=-1 displayCutoutSafeInsets=Rect(0, 94 - 0, 0) topActivityInfo=ActivityInfo{d0fb201 com.google.android.gm.ConversationListActivityGmail} launchCookies=[] positionInParent=Point(0, 0) parentTaskId=-1 isFocused=true isVisible=true isVisibleRequested=true isSleeping=false topActivityInSizeCompat=false topActivityInMiuiSizeCompat=false topActivityEligibleForLetterboxEducation= false topActivityLetterboxed= false isFromDoubleTap= false topActivityLetterboxVerticalPosition= -1 topActivityLetterboxHorizontalPosition= -1 topActivityLetterboxWidth=-1 topActivityLetterboxHeight=-1 locusId=null displayAreaFeatureId=1 cameraCompatControlState=hidden mIsCastMode=false mTopActivityMediaSize=null mTopActivityRecordName=ActivityRecord{a7a7b07 u0 com.google.android.gm/.ConversationListActivityGmail t14409} mTopActivityOrientation=-1 mTopActivityWindowIsNowVisible=false isTranslucent=false isEmbedded=false shouldBeVisible=true isImmersive=false mBehindAppLockPkg=null mOriginatingUid=0}
04-09 00:56:36.645  4110  4626 D RecentsModel: preloadRecents runningTaskId:14409, mCurrentRunningTaskId:-1, mRecentsTaskLoadPlan=com.android.systemui.shared.recents.model.RecentsTaskLoadPlan@5b148a6
04-09 00:56:36.646  1382  1382 W Layer   : gatherBufferInfo: Received unknown dataspace from gralloc
04-09 00:56:36.646  4110  4626 E ActivityManagerWrapper: get all recent tasks force including 14409
04-09 00:56:36.651  4110  4626 E ActivityManagerWrapper: getRecentTasksForceIncludingTaskIdIfValid: getRecentTasks: size=9
04-09 00:56:36.651  4110  4626 E ActivityManagerWrapper:  mainTaskId=14409   userId=0   windowMode=1   baseIntent=Intent { act=null flag=268435456 cmp=ComponentInfo{com.google.android.gm/com.google.android.gm.ConversationListActivityGmail} }
04-09 00:56:36.651  4110  4626 E ActivityManagerWrapper:  mainTaskId=14389   userId=0   windowMode=1   baseIntent=Intent { act=android.intent.action.MAIN flag=270532608 cmp=ComponentInfo{com.suno.android/com.suno.android.MainActivity} }
04-09 00:56:36.651  4110  4626 E ActivityManagerWrapper:  mainTaskId=14404   userId=0   windowMode=1   baseIntent=Intent { act=null flag=268435456 cmp=ComponentInfo{app.blearn.mobile/app.blearn.mobile.MainActivity} }
04-09 00:56:36.651  4110  4626 E ActivityManagerWrapper:  mainTaskId=14394   userId=0   windowMode=1   baseIntent=Intent { act=android.settings.ACCESSIBILITY_SETTINGS flag=268435456 cmp=ComponentInfo{com.android.settings/com.android.settings.accessibility.MiuiAccessibilitySettingsActivity} }
04-09 00:56:36.651  4110  4626 E ActivityManagerWrapper:  mainTaskId=14383   userId=0   windowMode=1   baseIntent=Intent { act=null flag=268435456 cmp=ComponentInfo{com.whatsapp/com.whatsapp.home.ui.HomeActivity} }
04-09 00:56:36.651  4110  4626 E ActivityManagerWrapper:  mainTaskId=14372   userId=0   windowMode=1   baseIntent=Intent { act=android.intent.action.MAIN flag=335544320 cmp=ComponentInfo{com.android.deskclock/com.android.deskclock.DeskClockTabActivity} }
04-09 00:56:36.651  4110  4626 E ActivityManagerWrapper:  mainTaskId=14359   userId=0   windowMode=1   baseIntent=Intent { act=android.intent.action.MAIN flag=269549568 cmp=ComponentInfo{com.s_payment.mobiles_bezahlen/de.starfinanz.payment.MainActivity} }
04-09 00:56:36.651  4110  4626 E ActivityManagerWrapper:  mainTaskId=14342   userId=0   windowMode=1   baseIntent=Intent { act=null flag=369098752 cmp=ComponentInfo{com.google.android.googlequicksearchbox/com.google.android.apps.search.assistant.surfaces.voice.robin.main.MainActivity} }
04-09 00:56:36.651  4110  4626 E ActivityManagerWrapper:  mainTaskId=14336   userId=0   windowMode=1   baseIntent=Intent { act=android.intent.action.MAIN flag=270532608 cmp=ComponentInfo{com.google.android.apps.maps/com.google.android.maps.MapsActivity} }
04-09 00:56:36.652  4110  4626 D WorldCirculate: getWorldCirculateInfo, taskInfo.baseIntent=Intent { flg=0x10000000 cmp=app.blearn.mobile/.MainActivity }, displayId=-1, but get Display failed
04-09 00:56:36.652  4110  4626 D WorldCirculate: getWorldCirculateInfo, taskInfo.baseIntent=Intent { act=android.settings.ACCESSIBILITY_SETTINGS flg=0x10000000 cmp=com.android.settings/.accessibility.MiuiAccessibilitySettingsActivity }, displayId=-1, but get Display failed
04-09 00:56:36.654  4110  4626 D TaskSnapshotCompatVU: getIsInvalidateFromTaskSnapshot, return, mTaskSnapshot=null, mTaskSnapshotClazz=null
04-09 00:56:36.654  1382  1382 W Layer   : gatherBufferInfo: Received unknown dataspace from gralloc
04-09 00:56:36.656  1265  1749 E SDM     : HWCSession::GetClientTargetProperty: GetClinetTargetProperty interface enter
04-09 00:56:36.656  1296  1296 E ANDR-PERF-DATA-POOL: EventDataPool is Full
04-09 00:56:36.656  1296  1296 E ANDR-PERF-MPCTL: perf request submission limit reached.
04-09 00:56:36.662  1382  1382 W Layer   : gatherBufferInfo: Received unknown dataspace from gralloc
04-09 00:56:36.663  1382  1382 D RefreshRateSelector: Touch Boost
04-09 00:56:36.663  1382  1382 D MI-SF   : mIsSupportAutomodeForMaxFpsSetting is 0(0), getCurrentBrightness() = 898(328), mIsKeepAutoMode 0
04-09 00:56:36.663  1382  1382 D RefreshRateSelector: fixedMode_group: 0, isFindModeGroup 0
04-09 00:56:36.663  1382  1382 D RefreshRateSelector: find max refresh rate:120, mode Group:0
04-09 00:56:36.664  1265  1749 E SDM     : HWCSession::GetClientTargetProperty: GetClinetTargetProperty interface enter
04-09 00:56:36.664  1296  1296 E ANDR-PERF-DATA-POOL: EventDataPool is Full
04-09 00:56:36.664  1296  1296 E ANDR-PERF-MPCTL: perf request submission limit reached.
04-09 00:56:36.668 15853 27057 I FA      : Application backgrounded at: timestamp_millis: 1775688994667
04-09 00:56:36.671  1382  1382 W Layer   : gatherBufferInfo: Received unknown dataspace from gralloc
04-09 00:56:36.671  1382  1382 D RefreshRateSelector: Touch Boost
04-09 00:56:36.671  1382  1382 D MI-SF   : mIsSupportAutomodeForMaxFpsSetting is 0(0), getCurrentBrightness() = 898(328), mIsKeepAutoMode 0
04-09 00:56:36.671  1382  1382 D RefreshRateSelector: fixedMode_group: 0, isFindModeGroup 0
04-09 00:56:36.671  1382  1382 D RefreshRateSelector: find max refresh rate:120, mode Group:0
04-09 00:56:36.672  3780  6955 W OpenGLRenderer: Surface doesn't have any previously queued frames, nothing to readback from
04-09 00:56:36.672  3780  6955 W OpenGLRenderer: Surface doesn't have any previously queued frames, nothing to readback from
04-09 00:56:36.673  1265  1749 E SDM     : HWCSession::GetClientTargetProperty: GetClinetTargetProperty interface enter
04-09 00:56:36.673  1296  1296 E ANDR-PERF-DATA-POOL: EventDataPool is Full
04-09 00:56:36.673  1296  1296 E ANDR-PERF-MPCTL: perf request submission limit reached.
04-09 00:56:36.674  4878 26807 I CCTUploader: Failed to get auth token for log sources [[ANDROID_GROWTH]] because the account doesn't exist on the device.
04-09 00:56:36.679  1382  1382 D RefreshRateSelector: Touch Boost
04-09 00:56:36.679  1382  1382 D MI-SF   : mIsSupportAutomodeForMaxFpsSetting is 0(0), getCurrentBrightness() = 898(328), mIsKeepAutoMode 0
04-09 00:56:36.679  1382  1382 D RefreshRateSelector: fixedMode_group: 0, isFindModeGroup 0
04-09 00:56:36.679  1382  1382 D RefreshRateSelector: find max refresh rate:120, mode Group:0
04-09 00:56:36.681  1265  1749 E SDM     : HWCSession::GetClientTargetProperty: GetClinetTargetProperty interface enter
04-09 00:56:36.681  1296  1296 E ANDR-PERF-DATA-POOL: EventDataPool is Full
04-09 00:56:36.681  1296  1296 E ANDR-PERF-MPCTL: perf request submission limit reached.
04-09 00:56:36.688  1382  1382 D RefreshRateSelector: Touch Boost
04-09 00:56:36.688  1382  1382 D MI-SF   : mIsSupportAutomodeForMaxFpsSetting is 0(0), getCurrentBrightness() = 898(328), mIsKeepAutoMode 0
04-09 00:56:36.688  1382  1382 D RefreshRateSelector: fixedMode_group: 0, isFindModeGroup 0
04-09 00:56:36.688  1382  1382 D RefreshRateSelector: find max refresh rate:120, mode Group:0
04-09 00:56:36.689  1265  1749 E SDM     : HWCSession::GetClientTargetProperty: GetClinetTargetProperty interface enter
04-09 00:56:36.689  1296  1296 E ANDR-PERF-DATA-POOL: EventDataPool is Full
04-09 00:56:36.689  1296  1296 E ANDR-PERF-MPCTL: perf request submission limit reached.
04-09 00:56:36.691 25935 25935 D BlearnAccessibility: event: com.google.android.gm type=2048
04-09 00:56:36.696  1382  1382 D RefreshRateSelector: Touch Boost
04-09 00:56:36.696  1382  1382 D MI-SF   : mIsSupportAutomodeForMaxFpsSetting is 0(0), getCurrentBrightness() = 898(328), mIsKeepAutoMode 0
04-09 00:56:36.696  1382  1382 D RefreshRateSelector: fixedMode_group: 0, isFindModeGroup 0
04-09 00:56:36.696  1382  1382 D RefreshRateSelector: find max refresh rate:120, mode Group:0
04-09 00:56:36.697  1265  1749 E SDM     : HWCSession::GetClientTargetProperty: GetClinetTargetProperty interface enter
04-09 00:56:36.698  1296  1296 E ANDR-PERF-DATA-POOL: EventDataPool is Full
04-09 00:56:36.698  1296  1296 E ANDR-PERF-MPCTL: perf request submission limit reached.
04-09 00:56:36.704  1382  1382 D RefreshRateSelector: Touch Boost
04-09 00:56:36.704  1382  1382 D MI-SF   : mIsSupportAutomodeForMaxFpsSetting is 0(0), getCurrentBrightness() = 898(328), mIsKeepAutoMode 0
04-09 00:56:36.704  1382  1382 D RefreshRateSelector: fixedMode_group: 0, isFindModeGroup 0
04-09 00:56:36.704  1382  1382 D RefreshRateSelector: find max refresh rate:120, mode Group:0
04-09 00:56:36.706  1265  1749 E SDM     : HWCSession::GetClientTargetProperty: GetClinetTargetProperty interface enter
04-09 00:56:36.706  1296  1296 E ANDR-PERF-DATA-POOL: EventDataPool is Full
04-09 00:56:36.706  1296  1296 E ANDR-PERF-MPCTL: perf request submission limit reached.
04-09 00:56:36.706 25935 25935 D BlearnAccessibility: match: app com.google.android.gm
04-09 00:56:36.711 25935 25935 D BlearnAccessibility: resolved target app:com.google.android.gm mode=learn deck=deck_pizq5ngs
04-09 00:56:36.711 25935 25935 D BlearnAccessibility: show overlay for app:com.google.android.gm
04-09 00:56:36.711 25935 25935 D BlearnAccessibility: event: com.google.android.gm type=2048
