04-09 00:56:34.857 23840 23840 I Module  : DeviceLockedStatusModuleProvider$Module.updateDeviceLockedStatus():103 repeatCheckTimes = 0, locked = false
04-09 00:56:34.857 23840 23840 I GoogleInputMethodService: GoogleInputMethodService.onStartInput():1444 onStartInput(EditorInfo{EditorInfo{packageName=com.mi.android.globallauncher, inputType=0, inputTypeString=NULL, enableLearning=false, autoCorrection=false, autoComplete=false, imeOptions=0, privateImeOptions=null, actionName=UNSPECIFIED, actionLabel=null, initialSelStart=-1, initialSelEnd=-1, initialCapsMode=0, label=null, fieldId=0, fieldName=null, extras=Bundle[mParcelledData.dataSize=72], hintText=null, hintLocales=[]}}, false)
04-09 00:56:34.858 23840 23840 I AndroidIME: LatinIMEBase.updateInputViewCoverNavigation():321 Update input view padding, isNavbarOverInputWindow=false, bottom inset=130
04-09 00:56:34.859 23840 23840 I Module  : DeviceLockedStatusModuleProvider$Module.updateDeviceLockedStatus():103 repeatCheckTimes = 1, locked = false
04-09 00:56:34.860  4110  4110 D Launcher.Lifecycle: onWindowFocusChanged:false,UserHandle{0},e1c02d1,true
04-09 00:56:34.863  1265  1749 E SDM     : HWCSession::GetClientTargetProperty: GetClinetTargetProperty interface enter
04-09 00:56:34.864  1296  1296 E ANDR-PERF-DATA-POOL: EventDataPool is Full
04-09 00:56:34.864  1296  1296 E ANDR-PERF-MPCTL: perf request submission limit reached.
04-09 00:56:34.864  2184  2568 I ExtM    : zram userate is low, no need to flush: 40
04-09 00:56:34.867  1382  1382 W Layer   : gatherBufferInfo: Received unknown dataspace from gralloc
04-09 00:56:34.867  2184  4366 W PackageConfigPersister: App-specific configuration not found for packageName: com.mi.android.globallauncher and userId: 0
04-09 00:56:34.867  1382  1382 D RefreshRateSelector: Touch Boost
04-09 00:56:34.867  1382  1382 D MI-SF   : mIsSupportAutomodeForMaxFpsSetting is 0(0), getCurrentBrightness() = 898(328), mIsKeepAutoMode 0
04-09 00:56:34.867  1382  1382 D RefreshRateSelector: fixedMode_group: 0, isFindModeGroup 0
04-09 00:56:34.867  1382  1382 D RefreshRateSelector: find max refresh rate:120, mode Group:0
04-09 00:56:34.869  1265  1749 E SDM     : HWCSession::GetClientTargetProperty: GetClinetTargetProperty interface enter
04-09 00:56:34.869  1296  1296 E ANDR-PERF-DATA-POOL: EventDataPool is Full
04-09 00:56:34.869  1296  1296 E ANDR-PERF-MPCTL: perf request submission limit reached.
04-09 00:56:34.870  4110  4110 D Launcher.Lifecycle: onWindowFocusChanged:true,UserHandle{0},e1c02d1,false
04-09 00:56:34.870  4110  4110 D Launcher_UnlockAnimationStateMachine: onWindowFocus:IDLE
04-09 00:56:34.870  4110  4110 D Launcher_UnlockAnimationStateMachine: showAnimation = IDLE
04-09 00:56:34.874  4110  4110 D ScrollerOptimizationManager: registerConfigChangedListener
04-09 00:56:34.876  4073  4073 D Utilities:  oldHints : 0 backDisposition : 0 imeShown : false hints 0
04-09 00:56:34.876  1265  1749 E SDM     : HWCSession::GetClientTargetProperty: GetClinetTargetProperty interface enter
04-09 00:56:34.877  1296  1296 E ANDR-PERF-DATA-POOL: EventDataPool is Full
04-09 00:56:34.877  4110  4110 I HandWritingStubImpl: refreshLastKeyboardType: 1
04-09 00:56:34.877  1296  1296 E ANDR-PERF-MPCTL: perf request submission limit reached.
04-09 00:56:34.877  4110  4110 I HandWritingStubImpl: getCurrentKeyboardType: 1
04-09 00:56:34.883  1382  1382 D RefreshRateSelector: Touch Boost
04-09 00:56:34.883  1382  1382 D MI-SF   : mIsSupportAutomodeForMaxFpsSetting is 0(0), getCurrentBrightness() = 898(328), mIsKeepAutoMode 0
04-09 00:56:34.883  1382  1382 D RefreshRateSelector: fixedMode_group: 0, isFindModeGroup 0
04-09 00:56:34.883  1382  1382 D RefreshRateSelector: find max refresh rate:120, mode Group:0
04-09 00:56:34.884  1265  1749 E SDM     : HWCSession::GetClientTargetProperty: GetClinetTargetProperty interface enter
04-09 00:56:34.884  1296  1296 E ANDR-PERF-DATA-POOL: EventDataPool is Full
04-09 00:56:34.884  1296  1296 E ANDR-PERF-MPCTL: perf request submission limit reached.
04-09 00:56:34.887  2184  4366 I ImeTracker: com.mi.android.globallauncher:b3adb445: onRequestHide at ORIGIN_SERVER_HIDE_INPUT reason HIDE_SAME_WINDOW_FOCUSED_WITHOUT_EDITOR
04-09 00:56:34.887  2184  4366 I ImeTracker: com.mi.android.globallauncher:b3adb445: onCancelled at PHASE_SERVER_SHOULD_HIDE
04-09 00:56:34.888  9679 13812 D MirrorManager:  sendAcceptInput 0 0
04-09 00:56:34.889 23840 23840 I GoogleInputMethodService: GoogleInputMethodService.onFinishInput():2186 
04-09 00:56:34.889 23840 23840 I Module  : DeviceLockedStatusModuleProvider$Module.updateDeviceLockedStatus():103 repeatCheckTimes = 0, locked = false
04-09 00:56:34.890 23840 23840 I GoogleInputMethodService: GoogleInputMethodService.onStartInput():1444 onStartInput(EditorInfo{EditorInfo{packageName=com.mi.android.globallauncher, inputType=0, inputTypeString=NULL, enableLearning=false, autoCorrection=false, autoComplete=false, imeOptions=0, privateImeOptions=null, actionName=UNSPECIFIED, actionLabel=null, initialSelStart=-1, initialSelEnd=-1, initialCapsMode=0, label=null, fieldId=0, fieldName=null, extras=Bundle[mParcelledData.dataSize=72], hintText=null, hintLocales=[]}}, false)
04-09 00:56:34.890 23840 23840 I AndroidIME: LatinIMEBase.updateInputViewCoverNavigation():321 Update input view padding, isNavbarOverInputWindow=false, bottom inset=130
04-09 00:56:34.891 23840 23840 I Module  : DeviceLockedStatusModuleProvider$Module.updateDeviceLockedStatus():103 repeatCheckTimes = 1, locked = false
04-09 00:56:34.892  2184  2277 W PackageConfigPersister: App-specific configuration not found for packageName: com.mi.android.globallauncher and userId: 0
04-09 00:56:34.893  1265  1749 E SDM     : HWCSession::GetClientTargetProperty: GetClinetTargetProperty interface enter
04-09 00:56:34.893  1296  1296 E ANDR-PERF-DATA-POOL: EventDataPool is Full
04-09 00:56:34.893  1296  1296 E ANDR-PERF-MPCTL: perf request submission limit reached.
04-09 00:56:34.900  1382  1382 W Layer   : gatherBufferInfo: Received unknown dataspace from gralloc
04-09 00:56:34.900  1382  1382 D RefreshRateSelector: Touch Boost
04-09 00:56:34.900  1382  1382 D MI-SF   : mIsSupportAutomodeForMaxFpsSetting is 0(0), getCurrentBrightness() = 898(328), mIsKeepAutoMode 0
04-09 00:56:34.900  1382  1382 D RefreshRateSelector: fixedMode_group: 0, isFindModeGroup 0
04-09 00:56:34.900  1382  1382 D RefreshRateSelector: find max refresh rate:120, mode Group:0
04-09 00:56:34.901  1265  1749 E SDM     : HWCSession::GetClientTargetProperty: GetClinetTargetProperty interface enter
04-09 00:56:34.901  1296  1296 E ANDR-PERF-DATA-POOL: EventDataPool is Full
04-09 00:56:34.902  1296  1296 E ANDR-PERF-MPCTL: perf request submission limit reached.
04-09 00:56:34.908  1382  1382 D RefreshRateSelector: Touch Boost
04-09 00:56:34.908  1382  1382 D MI-SF   : mIsSupportAutomodeForMaxFpsSetting is 0(0), getCurrentBrightness() = 898(328), mIsKeepAutoMode 0
04-09 00:56:34.908  1382  1382 D RefreshRateSelector: fixedMode_group: 0, isFindModeGroup 0
04-09 00:56:34.908  1382  1382 D RefreshRateSelector: find max refresh rate:120, mode Group:0
04-09 00:56:34.909  1265  1749 E SDM     : HWCSession::GetClientTargetProperty: GetClinetTargetProperty interface enter
04-09 00:56:34.910  1296  1296 E ANDR-PERF-DATA-POOL: EventDataPool is Full
04-09 00:56:34.910  1296  1296 E ANDR-PERF-MPCTL: perf request submission limit reached.
04-09 00:56:34.911 25935 25935 D BlearnAccessibility: event: com.mi.android.globallauncher type=2048
04-09 00:56:34.915  1117  1117 D vendor.qti.bluetooth@1.0-ibs_handler: SerialClockVote: vote for UART CLK ON
04-09 00:56:34.915  1117  1117 D vendor.qti.bluetooth@1.0-wake_lock: Acquire wakelock is acquired 
04-09 00:56:34.916  1117  1117 I vendor.qti.bluetooth@1.0-ibs_handler: DeviceWakeUp: Writing IBS_WAKE_IND
04-09 00:56:34.917  1382  1382 D RefreshRateSelector: Touch Boost
04-09 00:56:34.917  1382  1382 D MI-SF   : mIsSupportAutomodeForMaxFpsSetting is 0(0), getCurrentBrightness() = 898(328), mIsKeepAutoMode 0
04-09 00:56:34.917  1382  1382 D RefreshRateSelector: fixedMode_group: 0, isFindModeGroup 0
04-09 00:56:34.917  1382  1382 D RefreshRateSelector: find max refresh rate:120, mode Group:0
04-09 00:56:34.918  1265  1749 E SDM     : HWCSession::GetClientTargetProperty: GetClinetTargetProperty interface enter
04-09 00:56:34.918 25935 25935 D BlearnAccessibility: skip: package outside conservative text allowlist com.mi.android.globallauncher
04-09 00:56:34.918  1296  1296 E ANDR-PERF-DATA-POOL: EventDataPool is Full
04-09 00:56:34.918  1296  1296 E ANDR-PERF-MPCTL: perf request submission limit reached.
04-09 00:56:34.919 25935 25935 D BlearnOverlay: overlay hidden
04-09 00:56:34.925  1382  1382 D RefreshRateSelector: Touch Boost
04-09 00:56:34.925  1117  4855 I vendor.qti.bluetooth@1.0-ibs_handler: ProcessIbsCmd: Received IBS_WAKE_ACK: 0xFC
04-09 00:56:34.925  1117  4855 I vendor.qti.bluetooth@1.0-ibs_handler: ProcessIbsCmd: Signal wack_cond_
04-09 00:56:34.925  1382  1382 D MI-SF   : mIsSupportAutomodeForMaxFpsSetting is 0(0), getCurrentBrightness() = 898(328), mIsKeepAutoMode 0
04-09 00:56:34.925  1382  1382 D RefreshRateSelector: fixedMode_group: 0, isFindModeGroup 0
04-09 00:56:34.925  1382  1382 D RefreshRateSelector: find max refresh rate:120, mode Group:0
04-09 00:56:34.925  1117  1117 D vendor.qti.bluetooth@1.0-ibs_handler: DeviceWakeUp: Unblocked from waiting for FC, pthread_cond_timedwait ret = 0
04-09 00:56:34.926  1117  4855 I vendor.qti.bluetooth@1.0-ibs_handler: ProcessIbsCmd: Received IBS_WAKE_IND: 0xFD
04-09 00:56:34.926  1117  4855 I vendor.qti.bluetooth@1.0-ibs_handler: ProcessIbsCmd: Writing IBS_WAKE_ACK
04-09 00:56:34.926  1265  1749 E SDM     : HWCSession::GetClientTargetProperty: GetClinetTargetProperty interface enter
04-09 00:56:34.927  1296  1296 E ANDR-PERF-DATA-POOL: EventDataPool is Full
04-09 00:56:34.927  1296  1296 E ANDR-PERF-MPCTL: perf request submission limit reached.
04-09 00:56:34.929  3988  4858 I bt_stack: [INFO:btm_ble_bgconn.cc(435)] Already connection initiated (or) No Pending connections(or) Resources of lcb are exhausted
04-09 00:56:34.933  1382  1382 D RefreshRateSelector: Touch Boost
04-09 00:56:34.933  1382  1382 D MI-SF   : mIsSupportAutomodeForMaxFpsSetting is 0(0), getCurrentBrightness() = 898(328), mIsKeepAutoMode 0
04-09 00:56:34.933  1382  1382 D RefreshRateSelector: fixedMode_group: 0, isFindModeGroup 0
04-09 00:56:34.933  1382  1382 D RefreshRateSelector: find max refresh rate:120, mode Group:0
04-09 00:56:34.935  1265  1749 E SDM     : HWCSession::GetClientTargetProperty: GetClinetTargetProperty interface enter
04-09 00:56:34.935  1296  1296 E ANDR-PERF-DATA-POOL: EventDataPool is Full
04-09 00:56:34.935  1296  1296 E ANDR-PERF-MPCTL: perf request submission limit reached.
04-09 00:56:34.942  1382  1382 D RefreshRateSelector: Touch Boost
04-09 00:56:34.942  1382  1382 D MI-SF   : mIsSupportAutomodeForMaxFpsSetting is 0(0), getCurrentBrightness() = 898(328), mIsKeepAutoMode 0
04-09 00:56:34.942  1382  1382 D RefreshRateSelector: fixedMode_group: 0, isFindModeGroup 0
04-09 00:56:34.942  1382  1382 D RefreshRateSelector: find max refresh rate:120, mode Group:0
04-09 00:56:34.943  1265  1749 E SDM     : HWCSession::GetClientTargetProperty: GetClinetTargetProperty interface enter
04-09 00:56:34.943  1296  1296 E ANDR-PERF-DATA-POOL: EventDataPool is Full
04-09 00:56:34.943  1296  1296 E ANDR-PERF-MPCTL: perf request submission limit reached.
04-09 00:56:34.950  1382  1382 D RefreshRateSelector: Touch Boost
04-09 00:56:34.950  1382  1382 D MI-SF   : mIsSupportAutomodeForMaxFpsSetting is 0(0), getCurrentBrightness() = 898(328), mIsKeepAutoMode 0
04-09 00:56:34.950  1382  1382 D RefreshRateSelector: fixedMode_group: 0, isFindModeGroup 0
04-09 00:56:34.950  1382  1382 D RefreshRateSelector: find max refresh rate:120, mode Group:0
04-09 00:56:34.951  1265  1749 E SDM     : HWCSession::GetClientTargetProperty: GetClinetTargetProperty interface enter
04-09 00:56:34.951  1296  1296 E ANDR-PERF-DATA-POOL: EventDataPool is Full
04-09 00:56:34.951  1296  1296 E ANDR-PERF-MPCTL: perf request submission limit reached.
04-09 00:56:34.958  1382  1382 D RefreshRateSelector: Touch Boost
04-09 00:56:34.958  1382  1382 D MI-SF   : mIsSupportAutomodeForMaxFpsSetting is 0(0), getCurrentBrightness() = 898(328), mIsKeepAutoMode 0
04-09 00:56:34.958  1382  1382 D RefreshRateSelector: fixedMode_group: 0, isFindModeGroup 0
04-09 00:56:34.958  1382  1382 D RefreshRateSelector: find max refresh rate:120, mode Group:0
04-09 00:56:34.959  1265  1749 E SDM     : HWCSession::GetClientTargetProperty: GetClinetTargetProperty interface enter
04-09 00:56:34.960  1296  1296 E ANDR-PERF-DATA-POOL: EventDataPool is Full
04-09 00:56:34.960  1296  1296 E ANDR-PERF-MPCTL: perf request submission limit reached.
04-09 00:56:34.967  1382  1382 D RefreshRateSelector: Touch Boost
04-09 00:56:34.967  1382  1382 D MI-SF   : mIsSupportAutomodeForMaxFpsSetting is 0(0), getCurrentBrightness() = 898(328), mIsKeepAutoMode 0
04-09 00:56:34.967  1382  1382 D RefreshRateSelector: fixedMode_group: 0, isFindModeGroup 0
04-09 00:56:34.967  1382  1382 D RefreshRateSelector: find max refresh rate:120, mode Group:0
04-09 00:56:34.968  1265  1749 E SDM     : HWCSession::GetClientTargetProperty: GetClinetTargetProperty interface enter
04-09 00:56:34.968  1296  1296 E ANDR-PERF-DATA-POOL: EventDataPool is Full
04-09 00:56:34.968  1296  1296 E ANDR-PERF-MPCTL: perf request submission limit reached.
04-09 00:56:34.975  1382  1382 D RefreshRateSelector: Touch Boost
04-09 00:56:34.975  1382  1382 D MI-SF   : mIsSupportAutomodeForMaxFpsSetting is 0(0), getCurrentBrightness() = 898(328), mIsKeepAutoMode 0
04-09 00:56:34.975  1382  1382 D RefreshRateSelector: fixedMode_group: 0, isFindModeGroup 0
04-09 00:56:34.975  1382  1382 D RefreshRateSelector: find max refresh rate:120, mode Group:0
04-09 00:56:34.976  1265  1749 E SDM     : HWCSession::GetClientTargetProperty: GetClinetTargetProperty interface enter
04-09 00:56:34.976  1296  1296 E ANDR-PERF-DATA-POOL: EventDataPool is Full
04-09 00:56:34.976  1296  1296 E ANDR-PERF-MPCTL: perf request submission limit reached.
04-09 00:56:34.983  1117  4855 I vendor.qti.bluetooth@1.0-ibs_handler: ProcessIbsCmd: Received IBS_SLEEP_IND: 0xFE
04-09 00:56:34.983  1382  1382 D RefreshRateSelector: Touch Boost
04-09 00:56:34.983  1382  1382 D MI-SF   : mIsSupportAutomodeForMaxFpsSetting is 0(0), getCurrentBrightness() = 898(328), mIsKeepAutoMode 0
04-09 00:56:34.983  1382  1382 D RefreshRateSelector: fixedMode_group: 0, isFindModeGroup 0
04-09 00:56:34.983  1382  1382 D RefreshRateSelector: find max refresh rate:120, mode Group:0
04-09 00:56:34.985  1265  1749 E SDM     : HWCSession::GetClientTargetProperty: GetClinetTargetProperty interface enter
04-09 00:56:34.985  1296  1296 E ANDR-PERF-DATA-POOL: EventDataPool is Full
04-09 00:56:34.985  1296  1296 E ANDR-PERF-MPCTL: perf request submission limit reached.
04-09 00:56:34.992  1382  1382 D RefreshRateSelector: Touch Boost
04-09 00:56:34.992  1382  1382 D MI-SF   : mIsSupportAutomodeForMaxFpsSetting is 0(0), getCurrentBrightness() = 898(328), mIsKeepAutoMode 0
04-09 00:56:34.992  1382  1382 D RefreshRateSelector: fixedMode_group: 0, isFindModeGroup 0
04-09 00:56:34.992  1382  1382 D RefreshRateSelector: find max refresh rate:120, mode Group:0
04-09 00:56:34.993  1265  1749 E SDM     : HWCSession::GetClientTargetProperty: GetClinetTargetProperty interface enter
04-09 00:56:34.993  1296  1296 E ANDR-PERF-DATA-POOL: EventDataPool is Full
04-09 00:56:34.993  1296  1296 E ANDR-PERF-MPCTL: perf request submission limit reached.
04-09 00:56:34.997 25935 25935 D BlearnAccessibility: event: com.mi.android.globallauncher type=32
04-09 00:56:35.000  1382  1382 D RefreshRateSelector: Touch Boost
04-09 00:56:35.000  1382  1382 D MI-SF   : mIsSupportAutomodeForMaxFpsSetting is 0(0), getCurrentBrightness() = 898(328), mIsKeepAutoMode 0
04-09 00:56:35.000  1382  1382 D RefreshRateSelector: fixedMode_group: 0, isFindModeGroup 0
04-09 00:56:35.000  1382  1382 D RefreshRateSelector: find max refresh rate:120, mode Group:0
04-09 00:56:35.001  1265  1749 E SDM     : HWCSession::GetClientTargetProperty: GetClinetTargetProperty interface enter
04-09 00:56:35.001  1296  1296 E ANDR-PERF-DATA-POOL: EventDataPool is Full
04-09 00:56:35.001  1296  1296 E ANDR-PERF-MPCTL: perf request submission limit reached.
04-09 00:56:35.003 25935 25935 D BlearnAccessibility: skip: package outside conservative text allowlist com.mi.android.globallauncher
04-09 00:56:35.003 25935 25935 D BlearnOverlay: overlay hidden
04-09 00:56:35.008  1382  1382 D RefreshRateSelector: Touch Boost
04-09 00:56:35.008  1382  1382 D MI-SF   : mIsSupportAutomodeForMaxFpsSetting is 0(0), getCurrentBrightness() = 898(328), mIsKeepAutoMode 0
04-09 00:56:35.008  1382  1382 D RefreshRateSelector: fixedMode_group: 0, isFindModeGroup 0
04-09 00:56:35.008  1382  1382 D RefreshRateSelector: find max refresh rate:120, mode Group:0
04-09 00:56:35.009  1265  1749 E SDM     : HWCSession::GetClientTargetProperty: GetClinetTargetProperty interface enter
04-09 00:56:35.010  1296  1296 E ANDR-PERF-DATA-POOL: EventDataPool is Full
04-09 00:56:35.010  1296  1296 E ANDR-PERF-MPCTL: perf request submission limit reached.
04-09 00:56:35.017  1382  1382 D RefreshRateSelector: Touch Boost
04-09 00:56:35.017  1382  1382 D MI-SF   : mIsSupportAutomodeForMaxFpsSetting is 0(0), getCurrentBrightness() = 898(328), mIsKeepAutoMode 0
04-09 00:56:35.017  1382  1382 D RefreshRateSelector: fixedMode_group: 0, isFindModeGroup 0
04-09 00:56:35.017  1382  1382 D RefreshRateSelector: find max refresh rate:120, mode Group:0
04-09 00:56:35.018  1265  1749 E SDM     : HWCSession::GetClientTargetProperty: GetClinetTargetProperty interface enter
04-09 00:56:35.018  1296  1296 E ANDR-PERF-DATA-POOL: EventDataPool is Full
04-09 00:56:35.018  1296  1296 E ANDR-PERF-MPCTL: perf request submission limit reached.
04-09 00:56:35.025  1382  1382 D RefreshRateSelector: Touch Boost
04-09 00:56:35.025  1382  1382 D MI-SF   : mIsSupportAutomodeForMaxFpsSetting is 0(0), getCurrentBrightness() = 898(328), mIsKeepAutoMode 0
04-09 00:56:35.025  1382  1382 D RefreshRateSelector: fixedMode_group: 0, isFindModeGroup 0
04-09 00:56:35.025  1382  1382 D RefreshRateSelector: find max refresh rate:120, mode Group:0
04-09 00:56:35.026  2184  8702 D PerfShielderService: com.suno.android|com.suno.android/com.suno.android.MainActivity|102|35619394544328|32|5|8
04-09 00:56:35.026  1265  1749 E SDM     : HWCSession::GetClientTargetProperty: GetClinetTargetProperty interface enter
04-09 00:56:35.026  1296  1296 E ANDR-PERF-DATA-POOL: EventDataPool is Full
04-09 00:56:35.026  1296  1296 E ANDR-PERF-MPCTL: perf request submission limit reached.
04-09 00:56:35.027  7444  7453 W MiuiPerfServiceClient: interceptAndQueuing:15853|com.suno.android|102|32|35619394544328|Slow issue draw commands|8
04-09 00:56:35.033  1382  1382 D RefreshRateSelector: Touch Boost
04-09 00:56:35.033  1382  1382 D MI-SF   : mIsSupportAutomodeForMaxFpsSetting is 0(0), getCurrentBrightness() = 898(328), mIsKeepAutoMode 0
04-09 00:56:35.033  1382  1382 D RefreshRateSelector: fixedMode_group: 0, isFindModeGroup 0
04-09 00:56:35.033  1382  1382 D RefreshRateSelector: find max refresh rate:120, mode Group:0
04-09 00:56:35.035  1265  1749 E SDM     : HWCSession::GetClientTargetProperty: GetClinetTargetProperty interface enter
04-09 00:56:35.035  1296  1296 E ANDR-PERF-DATA-POOL: EventDataPool is Full
04-09 00:56:35.035  1296  1296 E ANDR-PERF-MPCTL: perf request submission limit reached.
04-09 00:56:35.042  1382  1382 D RefreshRateSelector: Touch Boost
04-09 00:56:35.042  1382  1382 D MI-SF   : mIsSupportAutomodeForMaxFpsSetting is 0(0), getCurrentBrightness() = 898(328), mIsKeepAutoMode 0
04-09 00:56:35.042  1382  1382 D RefreshRateSelector: fixedMode_group: 0, isFindModeGroup 0
04-09 00:56:35.042  1382  1382 D RefreshRateSelector: find max refresh rate:120, mode Group:0
04-09 00:56:35.043  1265  1749 E SDM     : HWCSession::GetClientTargetProperty: GetClinetTargetProperty interface enter
04-09 00:56:35.043  1296  1296 E ANDR-PERF-DATA-POOL: EventDataPool is Full
04-09 00:56:35.043  1296  1296 E ANDR-PERF-MPCTL: perf request submission limit reached.
04-09 00:56:35.050  1382  1382 D RefreshRateSelector: Touch Boost
04-09 00:56:35.050  1382  1382 D MI-SF   : mIsSupportAutomodeForMaxFpsSetting is 0(0), getCurrentBrightness() = 898(328), mIsKeepAutoMode 0
04-09 00:56:35.050  1382  1382 D RefreshRateSelector: fixedMode_group: 0, isFindModeGroup 0
04-09 00:56:35.050  1382  1382 D RefreshRateSelector: find max refresh rate:120, mode Group:0
04-09 00:56:35.051  1265  1749 E SDM     : HWCSession::GetClientTargetProperty: GetClinetTargetProperty interface enter
04-09 00:56:35.051  1296  1296 E ANDR-PERF-DATA-POOL: EventDataPool is Full
04-09 00:56:35.051  1296  1296 E ANDR-PERF-MPCTL: perf request submission limit reached.
04-09 00:56:35.058  1382  1382 D RefreshRateSelector: Touch Boost
04-09 00:56:35.059  1382  1382 D MI-SF   : mIsSupportAutomodeForMaxFpsSetting is 0(0), getCurrentBrightness() = 898(328), mIsKeepAutoMode 0
04-09 00:56:35.059  1382  1382 D RefreshRateSelector: fixedMode_group: 0, isFindModeGroup 0
04-09 00:56:35.059  1382  1382 D RefreshRateSelector: find max refresh rate:120, mode Group:0
04-09 00:56:35.060  1265  1749 E SDM     : HWCSession::GetClientTargetProperty: GetClinetTargetProperty interface enter
04-09 00:56:35.060  1296  1296 E ANDR-PERF-DATA-POOL: EventDataPool is Full
04-09 00:56:35.060  1296  1296 E ANDR-PERF-MPCTL: perf request submission limit reached.
04-09 00:56:35.067  1382  1382 D RefreshRateSelector: Touch Boost
04-09 00:56:35.067  1382  1382 D MI-SF   : mIsSupportAutomodeForMaxFpsSetting is 0(0), getCurrentBrightness() = 898(328), mIsKeepAutoMode 0
04-09 00:56:35.067  1382  1382 D RefreshRateSelector: fixedMode_group: 0, isFindModeGroup 0
04-09 00:56:35.067  1382  1382 D RefreshRateSelector: find max refresh rate:120, mode Group:0
04-09 00:56:35.068  1265  1749 E SDM     : HWCSession::GetClientTargetProperty: GetClinetTargetProperty interface enter
04-09 00:56:35.068  1296  1296 E ANDR-PERF-DATA-POOL: EventDataPool is Full
04-09 00:56:35.068  1296  1296 E ANDR-PERF-MPCTL: perf request submission limit reached.
04-09 00:56:35.075  1382  1382 D RefreshRateSelector: Touch Boost
04-09 00:56:35.075  1382  1382 D MI-SF   : mIsSupportAutomodeForMaxFpsSetting is 0(0), getCurrentBrightness() = 898(328), mIsKeepAutoMode 0
04-09 00:56:35.075  1382  1382 D RefreshRateSelector: fixedMode_group: 0, isFindModeGroup 0
04-09 00:56:35.075  1382  1382 D RefreshRateSelector: find max refresh rate:120, mode Group:0
04-09 00:56:35.076  1265  1749 E SDM     : HWCSession::GetClientTargetProperty: GetClinetTargetProperty interface enter
04-09 00:56:35.077  1296  1296 E ANDR-PERF-DATA-POOL: EventDataPool is Full
04-09 00:56:35.077  1296  1296 E ANDR-PERF-MPCTL: perf request submission limit reached.
04-09 00:56:35.083  1382  1382 D RefreshRateSelector: Touch Boost
04-09 00:56:35.083  1382  1382 D MI-SF   : mIsSupportAutomodeForMaxFpsSetting is 0(0), getCurrentBrightness() = 898(328), mIsKeepAutoMode 0
04-09 00:56:35.083  1382  1382 D RefreshRateSelector: fixedMode_group: 0, isFindModeGroup 0
04-09 00:56:35.083  1382  1382 D RefreshRateSelector: find max refresh rate:120, mode Group:0
04-09 00:56:35.085  1265  1749 E SDM     : HWCSession::GetClientTargetProperty: GetClinetTargetProperty interface enter
04-09 00:56:35.085  1296  1296 E ANDR-PERF-DATA-POOL: EventDataPool is Full
04-09 00:56:35.085  1296  1296 E ANDR-PERF-MPCTL: perf request submission limit reached.
04-09 00:56:35.092  1382  1382 D RefreshRateSelector: Touch Boost
04-09 00:56:35.092  1382  1382 D MI-SF   : mIsSupportAutomodeForMaxFpsSetting is 0(0), getCurrentBrightness() = 898(328), mIsKeepAutoMode 0
04-09 00:56:35.092  1382  1382 D RefreshRateSelector: fixedMode_group: 0, isFindModeGroup 0
04-09 00:56:35.092  1382  1382 D RefreshRateSelector: find max refresh rate:120, mode Group:0
04-09 00:56:35.093  1265  1749 E SDM     : HWCSession::GetClientTargetProperty: GetClinetTargetProperty interface enter
04-09 00:56:35.093  1296  1296 E ANDR-PERF-DATA-POOL: EventDataPool is Full
04-09 00:56:35.093  1296  1296 E ANDR-PERF-MPCTL: perf request submission limit reached.
04-09 00:56:35.100  1382  1382 D RefreshRateSelector: Touch Boost
04-09 00:56:35.100  1382  1382 D MI-SF   : mIsSupportAutomodeForMaxFpsSetting is 0(0), getCurrentBrightness() = 898(328), mIsKeepAutoMode 0
04-09 00:56:35.100  1382  1382 D RefreshRateSelector: fixedMode_group: 0, isFindModeGroup 0
04-09 00:56:35.100  1382  1382 D RefreshRateSelector: find max refresh rate:120, mode Group:0
04-09 00:56:35.102  1265  1749 E SDM     : HWCSession::GetClientTargetProperty: GetClinetTargetProperty interface enter
04-09 00:56:35.102  1296  1296 E ANDR-PERF-DATA-POOL: EventDataPool is Full
04-09 00:56:35.102  1296  1296 E ANDR-PERF-MPCTL: perf request submission limit reached.
04-09 00:56:35.109  1382  1382 D RefreshRateSelector: Touch Boost
04-09 00:56:35.109  1382  1382 D MI-SF   : mIsSupportAutomodeForMaxFpsSetting is 0(0), getCurrentBrightness() = 898(328), mIsKeepAutoMode 0
04-09 00:56:35.109  1382  1382 D RefreshRateSelector: fixedMode_group: 0, isFindModeGroup 0
04-09 00:56:35.109  1382  1382 D RefreshRateSelector: find max refresh rate:120, mode Group:0
04-09 00:56:35.110  1265  1749 E SDM     : HWCSession::GetClientTargetProperty: GetClinetTargetProperty interface enter
04-09 00:56:35.110  1296  1296 E ANDR-PERF-DATA-POOL: EventDataPool is Full
04-09 00:56:35.110  1296  1296 E ANDR-PERF-MPCTL: perf request submission limit reached.
04-09 00:56:35.113  4073  4073 D ArtChoreographerMonitor: invoke error.
04-09 00:56:35.117  1382  1382 D RefreshRateSelector: Touch Boost
04-09 00:56:35.117  1382  1382 D MI-SF   : mIsSupportAutomodeForMaxFpsSetting is 0(0), getCurrentBrightness() = 898(328), mIsKeepAutoMode 0
04-09 00:56:35.117  1382  1382 D RefreshRateSelector: fixedMode_group: 0, isFindModeGroup 0
04-09 00:56:35.117  1382  1382 D RefreshRateSelector: find max refresh rate:120, mode Group:0
04-09 00:56:35.118  1265  1749 E SDM     : HWCSession::GetClientTargetProperty: GetClinetTargetProperty interface enter
04-09 00:56:35.118  1296  1296 E ANDR-PERF-DATA-POOL: EventDataPool is Full
04-09 00:56:35.118  1296  1296 E ANDR-PERF-MPCTL: perf request submission limit reached.
04-09 00:56:35.123 15853 16193 D AudioTrackImpl: [audioTrackData][zero] 14s(f:0 m:0 s:0 k:0 z:14001) : pid 15853 uid 10518 sessionId 897 sr 48000 ch 2 fmt 1
04-09 00:56:35.125  1382  1382 D RefreshRateSelector: Touch Boost
04-09 00:56:35.125  1382  1382 D MI-SF   : mIsSupportAutomodeForMaxFpsSetting is 0(0), getCurrentBrightness() = 898(328), mIsKeepAutoMode 0
04-09 00:56:35.125  1382  1382 D RefreshRateSelector: fixedMode_group: 0, isFindModeGroup 0
04-09 00:56:35.125  1382  1382 D RefreshRateSelector: find max refresh rate:120, mode Group:0
04-09 00:56:35.127  1265  1749 E SDM     : HWCSession::GetClientTargetProperty: GetClinetTargetProperty interface enter
04-09 00:56:35.127  1296  1296 E ANDR-PERF-DATA-POOL: EventDataPool is Full
04-09 00:56:35.127  1296  1296 E ANDR-PERF-MPCTL: perf request submission limit reached.
04-09 00:56:35.132 25102 25102 D MediaVolumeConr: VolumeDialogReceiver, onReceive() action : android.intent.action.CLOSE_SYSTEM_DIALOGS, reason : homekey
04-09 00:56:35.134  1382  1382 D RefreshRateSelector: Touch Boost
04-09 00:56:35.134  1382  1382 D MI-SF   : mIsSupportAutomodeForMaxFpsSetting is 0(0), getCurrentBrightness() = 898(328), mIsKeepAutoMode 0
04-09 00:56:35.134  1382  1382 D RefreshRateSelector: fixedMode_group: 0, isFindModeGroup 0
04-09 00:56:35.134  1382  1382 D RefreshRateSelector: find max refresh rate:120, mode Group:0
04-09 00:56:35.135 25102 25102 I MediaVolumeConr: onTimeout: 0
04-09 00:56:35.135  1265  1749 E SDM     : HWCSession::GetClientTargetProperty: GetClinetTargetProperty interface enter
04-09 00:56:35.135  1296  1296 E ANDR-PERF-DATA-POOL: EventDataPool is Full
04-09 00:56:35.135  1296  1296 E ANDR-PERF-MPCTL: perf request submission limit reached.
04-09 00:56:35.142  1382  1382 D RefreshRateSelector: Touch Boost
04-09 00:56:35.142  1382  1382 D MI-SF   : mIsSupportAutomodeForMaxFpsSetting is 0(0), getCurrentBrightness() = 898(328), mIsKeepAutoMode 0
04-09 00:56:35.142  1382  1382 D RefreshRateSelector: fixedMode_group: 0, isFindModeGroup 0
04-09 00:56:35.142  1382  1382 D RefreshRateSelector: find max refresh rate:120, mode Group:0
04-09 00:56:35.143  1265  1749 E SDM     : HWCSession::GetClientTargetProperty: GetClinetTargetProperty interface enter
04-09 00:56:35.143  1296  1296 E ANDR-PERF-DATA-POOL: EventDataPool is Full
04-09 00:56:35.143  1296  1296 E ANDR-PERF-MPCTL: perf request submission limit reached.
04-09 00:56:35.150  1382  1382 D RefreshRateSelector: Touch Boost
04-09 00:56:35.150  1382  1382 D MI-SF   : mIsSupportAutomodeForMaxFpsSetting is 0(0), getCurrentBrightness() = 898(328), mIsKeepAutoMode 0
04-09 00:56:35.150  1382  1382 D RefreshRateSelector: fixedMode_group: 0, isFindModeGroup 0
04-09 00:56:35.150  1382  1382 D RefreshRateSelector: find max refresh rate:120, mode Group:0
04-09 00:56:35.151  1265  1749 E SDM     : HWCSession::GetClientTargetProperty: GetClinetTargetProperty interface enter
04-09 00:56:35.151  1296  1296 E ANDR-PERF-DATA-POOL: EventDataPool is Full
04-09 00:56:35.151  1296  1296 E ANDR-PERF-MPCTL: perf request submission limit reached.
04-09 00:56:35.159  1382  1382 D RefreshRateSelector: Touch Boost
04-09 00:56:35.159  1382  1382 D MI-SF   : mIsSupportAutomodeForMaxFpsSetting is 0(0), getCurrentBrightness() = 898(328), mIsKeepAutoMode 0
04-09 00:56:35.159  1382  1382 D RefreshRateSelector: fixedMode_group: 0, isFindModeGroup 0
04-09 00:56:35.159  1382  1382 D RefreshRateSelector: find max refresh rate:120, mode Group:0
04-09 00:56:35.162  1265  1749 E SDM     : HWCSession::GetClientTargetProperty: GetClinetTargetProperty interface enter
04-09 00:56:35.162  1296  1296 E ANDR-PERF-DATA-POOL: EventDataPool is Full
04-09 00:56:35.162  1296  1296 E ANDR-PERF-MPCTL: perf request submission limit reached.
04-09 00:56:35.168  1265  1749 E SDM     : HWCSession::GetClientTargetProperty: GetClinetTargetProperty interface enter
04-09 00:56:35.168  1296  1296 E ANDR-PERF-DATA-POOL: EventDataPool is Full
04-09 00:56:35.168  1296  1296 E ANDR-PERF-MPCTL: perf request submission limit reached.
04-09 00:56:35.337  2184  2506 W AccessibilityWindowsPopulator: Windows change within in 2 frames continuously over 500 ms and notify windows changed immediately
04-09 00:56:35.360  2184  3118 D ProcessManager: real remove inactive uid : 10518 flag : 1
04-09 00:56:35.448  4110  4110 I RectFSpringAnim: TransitionTest MultiSpringDynamicAnimation on end. this=com.miui.home.recents.util.RectFSpringAnim@c71a404
04-09 00:56:35.448  4110  4110 I RectFSpringAnim: changeAnimStart start=false
04-09 00:56:35.448  4110  4110 I WindowElement26e1ad4: reset mDisableStateManagerListener false.
04-09 00:56:35.448  4110  4110 I WindowElement26e1ad4: com.miui.home.recents.anim.WindowElement@26e1ad4 TransitionTest onAnimationEnd AnimType = CLOSE_TO_HOME_CENTER allowShellListener = true, isDuringMerge=false, mOnShellAnimListener=com.miui.home.recents.anim.WindowElement$mOnShellAnimListener$1@b743ded, mUserAnimListener=com.miui.home.recents.anim.WindowAnimParamsProvider$getClosingWindowAnimParams$animListener$1@90e22b
04-09 00:56:35.448  4110  4110 E WindowElement26e1ad4: com.miui.home.recents.anim.WindowElement@26e1ad4 mOnShellAnimListener end CLOSE_TO_HOME_CENTER com.miui.home.recents.anim.WindowElement@26e1ad4 needFinish = true
04-09 00:56:35.448  4110  4110 E WindowElement26e1ad4: com.miui.home.recents.anim.WindowElement@26e1ad4 finishTransition toHome = true isHalf = false runningTaskId = 0
04-09 00:56:35.448  4110  4110 D FloatingIconLayer2com.miui.home.recents.views.FloatingIconLayer2@28aa446: recycle, hasInit=false
04-09 00:56:35.458  4110  4110 E WindowTransitionCompat: com.android.systemui.shared.recents.system.WindowTransitionCompat@daac422 finishTransition toHome = true
04-09 00:56:35.458  4110  4110 E TransitionCallback: call executeFinishCallback, toHome = true
04-09 00:56:35.458  4110  4110 E TransitionCallback: java.lang.Exception
04-09 00:56:35.458  4110  4110 E TransitionCallback: 	at com.android.systemui.shared.recents.utilities.WindowTransitionCallbackHelper.executeFinishCallback(WindowTransitionCallbackHelper.java:230)
04-09 00:56:35.458  4110  4110 E TransitionCallback: 	at com.android.systemui.shared.recents.utilities.WindowTransitionCallbackHelper.executeFinishCallback(WindowTransitionCallbackHelper.java:166)
04-09 00:56:35.458  4110  4110 E TransitionCallback: 	at com.android.systemui.shared.recents.system.WindowTransitionCompat.finishTransition(WindowTransitionCompat.java:713)
04-09 00:56:35.458  4110  4110 E TransitionCallback: 	at com.miui.home.recents.anim.WindowElement.finishTransitionCompat(WindowElement.kt:489)
04-09 00:56:35.458  4110  4110 E TransitionCallback: 	at com.miui.home.recents.anim.WindowElement.finishTransition$lambda-3(WindowElement.kt:480)
04-09 00:56:35.458  4110  4110 E TransitionCallback: 	at com.miui.home.recents.anim.WindowElement.$r8$lambda$F1FyjhBrHDWRO3vMK0PmJKjTVVA(Unknown Source:0)
04-09 00:56:35.458  4110  4110 E TransitionCallback: 	at com.miui.home.recents.anim.WindowElement$$ExternalSyntheticLambda8.run(Unknown Source:8)
04-09 00:56:35.458  4110  4110 E TransitionCallback: 	at android.os.Handler.handleCallback(Handler.java:958)
04-09 00:56:35.458  4110  4110 E TransitionCallback: 	at android.os.Handler.dispatchMessage(Handler.java:99)
04-09 00:56:35.458  4110  4110 E TransitionCallback: 	at android.os.Looper.loopOnce(Looper.java:222)
04-09 00:56:35.458  4110  4110 E TransitionCallback: 	at android.os.Looper.loop(Looper.java:314)
04-09 00:56:35.458  4110  4110 E TransitionCallback: 	at android.app.ActivityThread.main(ActivityThread.java:8857)
04-09 00:56:35.458  4110  4110 E TransitionCallback: 	at java.lang.reflect.Method.invoke(Native Method)
04-09 00:56:35.458  4110  4110 E TransitionCallback: 	at com.android.internal.os.RuntimeInit$MethodAndArgsCaller.run(RuntimeInit.java:565)
04-09 00:56:35.458  4110  4110 E TransitionCallback: 	at com.android.internal.os.ZygoteInit.main(ZygoteInit.java:1013)
04-09 00:56:35.458  4110  4110 I TransitionCallback: addCallbackListenerSync callBack:com.android.systemui.shared.recents.system.WindowTransitionCompat$1@a66fc70
04-09 00:56:35.458  4110  4110 I TransitionCallback: mNeedShowLauncher = false
04-09 00:56:35.458  4110  4110 I TransitionCallback: addCallbackListenerSync callBack:null
04-09 00:56:35.458  4110  4110 I TransitionCallback: com.android.systemui.shared.recents.utilities.WindowTransitionCallbackHelper@d1e743b call finishMainCallback, wct = null, sct = android.view.SurfaceControl$Transaction@d63cbe9, callback = android.window.IRemoteTransitionFinishedCallback$Stub$Proxy@48540be, mCounterRotatorList.size = 0, mInfoExposeList.size = 1, token = android.os.BinderProxy@1509f72
04-09 00:56:35.459  4110  4110 I TransitionCallback: call onTransitionFinishedWithCallback end
04-09 00:56:35.459  4073  4317 D SoScUtils: monitorTransitionFinished transition:android.os.BinderProxy@e6b0a3d transaction: android.view.SurfaceControl$Transaction@64b6a9 mRequestCloseTransition:null mRequestOpenTransition:null mPairsOpenTransition:null mPairsOpenTransitionNull:null mRequestOpenTriggerTask:-1 mRequestCloseTriggerTask:-1 mOrientationTransition: null mMainStartingTask:-1 mSideStartingTask:-1
04-09 00:56:35.459  4110  4110 I TransitionCallback: execute finishMainCallbackSync return, no need post delay
04-09 00:56:35.464  2184  8802 I Transition: finishTransition: updateLastSurfacePosition tf=Task{15a02c6 #2 type=home I=com.mi.android.globallauncher/com.miui.home.launcher.Launcher}
04-09 00:56:35.464  4110  4110 E RotationHelper: setCurrentTransitionRequest: request=0
04-09 00:56:35.464  2184  8802 I Transition: finishTransition: updateLastSurfacePosition tf=Task{ee261fc #1 type=home}
04-09 00:56:35.466  1382  2746 W VsyncModulator: setTransactionSchedule: Unexpected EarlyEnd
04-09 00:56:35.467  4110  4619 D TransitionCallback: Transitions all anim call WindowOrganizer.finishTransition end
04-09 00:56:35.467  4110  4619 I TransitionCallback: checkCallbackSync, size = 1
04-09 00:56:35.467  4110  4619 I WindowElement26e1ad4: onFinishCompleted mDisableStateManagerListener = false
04-09 00:56:35.467  4110  4110 D FloatingIconLayer2com.miui.home.recents.views.FloatingIconLayer2@28aa446: recycle, hasInit=false
04-09 00:56:35.467  4110  4110 D HomeLayerElement: releaseHomeLeash com.android.systemui.shared.recents.system.SurfaceControlCompat@e484c9c
04-09 00:56:35.467  4110  4110 D HomeLayerElement: java.lang.Exception
04-09 00:56:35.467  4110  4110 D HomeLayerElement: 	at com.miui.home.recents.anim.HomeLayerElement.releaseHomeLeash(HomeLayerElement.kt:89)
04-09 00:56:35.467  4110  4110 D HomeLayerElement: 	at com.miui.home.recents.anim.WindowElement.onFinishCompleted$lambda-16(WindowElement.kt:1468)
04-09 00:56:35.467  4110  4110 D HomeLayerElement: 	at com.miui.home.recents.anim.WindowElement.$r8$lambda$1eD1QVzyhV9BU9tBuBIfTuNonyY(Unknown Source:0)
04-09 00:56:35.467  4110  4110 D HomeLayerElement: 	at com.miui.home.recents.anim.WindowElement$$ExternalSyntheticLambda3.run(Unknown Source:2)
04-09 00:56:35.467  4110  4110 D HomeLayerElement: 	at android.os.Handler.handleCallback(Handler.java:958)
04-09 00:56:35.467  4110  4110 D HomeLayerElement: 	at android.os.Handler.dispatchMessage(Handler.java:99)
04-09 00:56:35.467  4110  4110 D HomeLayerElement: 	at android.os.Looper.loopOnce(Looper.java:222)
04-09 00:56:35.467  4110  4110 D HomeLayerElement: 	at android.os.Looper.loop(Looper.java:314)
04-09 00:56:35.467  4110  4110 D HomeLayerElement: 	at android.app.ActivityThread.main(ActivityThread.java:8857)
04-09 00:56:35.467  4110  4110 D HomeLayerElement: 	at java.lang.reflect.Method.invoke(Native Method)
04-09 00:56:35.467  4110  4110 D HomeLayerElement: 	at com.android.internal.os.RuntimeInit$MethodAndArgsCaller.run(RuntimeInit.java:565)
04-09 00:56:35.467  4110  4110 D HomeLayerElement: 	at com.android.internal.os.ZygoteInit.main(ZygoteInit.java:1013)
04-09 00:56:35.467  4110  4110 I AnimStateManager: onWindowElementEnd.
04-09 00:56:35.467  4110  4110 I AnimStateManager: go to state com.miui.home.recents.anim.StateManager$IdleState@1f83feb
04-09 00:56:35.468  2184  2506 I SmartPower: com.suno.android/10518(15853): visible->invisible(71704ms) R(become invisible) adj=200.
04-09 00:56:35.468  2184  2506 I SmartPower: com.suno.android/10518(15853): invisible->background(0ms) R(become background) adj=200.
04-09 00:56:35.471  4081  7644 W DynamicDDSService: appName is not found in cache: com.suno.android
04-09 00:56:35.474  4073  4317 D MiuiFullScreenTaskRepository: addOrUpdateFullScreenTaskInfo taskId=14389, topActivity=ComponentInfo{com.suno.android/com.suno.android.MainActivity}
04-09 00:56:35.483  2184  2922 I MiuiNetworkPolicy: updateUidState uid = 99032, uidState = 15
04-09 00:56:35.483  2184  2922 I MiuiNetworkPolicy: updateUidState uid = 99018, uidState = 6
04-09 00:56:35.483  2184  2922 I MiuiNetworkPolicy: updateUidState uid = 10518, uidState = 15
04-09 00:56:35.484  2184  2922 I MiuiNetworkPolicy: updateUidState uid = 10381, uidState = 5
04-09 00:56:35.484  2184  2922 I MiuiNetworkPolicy: updateUidState uid = 10165, uidState = 8
04-09 00:56:35.485  2184  2922 I MiuiNetworkPolicy: updateUidState uid = 10163, uidState = 5
04-09 00:56:35.485  3988  4609 I BtGatt.ScanManager: msg.what = MSG_IMPORTANCE_CHANGE, msg.arg1 = IMPORTANCE_CHANGE
04-09 00:56:35.486  2184  3414 D qdgralloc: GetYUVPlaneInfo: Invalid format passed: 0x21
04-09 00:56:35.503  1382  1523 I BpBinder: onLastStrongRef automatically unlinking death recipients: 
04-09 00:56:35.514 15853 15853 D [Purchases] - DEBUG: Ōä╣’ĖÅ App backgrounded
04-09 00:56:35.515 15853 15853 D [Purchases] - DEBUG: Ōä╣’ĖÅ Found 0 unsynced attributes for App User ID: 603913c0-5523-4a24-be01-fb4ad690036c
04-09 00:56:35.515 15853 15853 D [Purchases] - DEBUG: Ōä╣’ĖÅ No subscriber attributes to synchronize.
04-09 00:56:35.517 15853 15853 I AppVisibilityProxy: onAppEnteredBackground
04-09 00:56:35.524  2184  8702 D ActivityManager: checkAllowBackground: uid=10518 pkg=com.suno.android rec=UidRecord{2fee656 u0a518 LAST bg:+52ms change:cached|procstate procs:0 seq(528989,528989)} caps=------ always=false idle=false
04-09 00:56:35.537 15853 15853 D ActivityThread: Fail to check app heapsize due to java.lang.NoSuchMethodException: dalvik.system.VMRuntime.getBlockingGcCountForAlloc []
04-09 00:56:35.544  2184  2501 D Aurogon :  uid = 10518 switch to BG
04-09 00:56:35.544  2184  3075 D isUidValid: uid = 10518
04-09 00:56:35.544  8105 23384 D PMonitor:  onForegroundActivitiesChanged:pid = 15853,activity-uid=10518,foregroundActivities=false
04-09 00:56:35.545  3988  5131 D MiuiBluetoothLatencyMode: onForegroundActivitiesChanged, pid: 15853 uid: 10518 foregroundActivities: false
04-09 00:56:35.607 15853 16193 D AudioTrackImpl: [audioTrackData][mute] 54s(f:485 m:54675 s:385 k:53324 z:0) : pid 15853 uid 10518 sessionId 889 sr 48000 ch 2 fmt 1
04-09 00:56:35.607 15853 21395 W MediaCodec: [mId: 4] [video-debug-dec] queueInputBuffer: Input time interval reaches 1002ms before pts: 1000328733333
04-09 00:56:35.607 15853 21395 I MediaCodec: [mId: 4] [video-debug-dec] queueInputBuffer: index: 1 pts: 1000328733333 timediff: 1002
04-09 00:56:35.607 15853 21391 D VideoCodecInfo: [6312171670945660932] input buffer PTS 1000328733333 us, interverl is 1002 ms
04-09 00:56:35.608 15853 21391 I MiMediaCodec: send last fps
04-09 00:56:35.608 15853 21391 I MiMediaCodec: send fps to display with mLastSendedFps:30.000000 state:1 id:4
04-09 00:56:35.609  1382  2746 D MI-SF   : updateVideoDecoderInfo clear video fps
04-09 00:56:35.609  1382  2746 D MI-SF   : updateVideoDecoderInfo empty, add the first new video fps
04-09 00:56:35.609  1382  2746 D MI-SF   : updateVideoDecoderInfo find same tid, update new video fps
04-09 00:56:35.609  1382  2746 D MI-SF   : after updateVideoDecoderInfo fps= 30,  tid = 4
04-09 00:56:35.609  1382  2746 D MI-SF   : updateVideoDecoderInfo iterator double fps= 30.00, 60
04-09 00:56:35.609  1382  2746 D MI-SF   : updateVideoDecoderInfo iterator double fps= 30.00, 90
04-09 00:56:35.609  1382  2746 D MI-SF   : updateVideoDecoderInfo iterator double fps= 30.00, 120
04-09 00:56:35.609  1382  2746 D MI-SF   : updateVideoDecoderInfo iterator fps= 30.00, 60
04-09 00:56:35.609  1382  2746 D MI-SF   : updateVideoDecoderInfo find fps= 60.00
04-09 00:56:35.609  1382  2746 D RefreshRateSelector: Touch Boost
04-09 00:56:35.609  1382  2746 D MI-SF   : mIsSupportAutomodeForMaxFpsSetting is 0(0), getCurrentBrightness() = 898(328), mIsKeepAutoMode 0
04-09 00:56:35.609  1382  2746 D RefreshRateSelector: fixedMode_group: 0, isFindModeGroup 0
04-09 00:56:35.609  1382  2746 D RefreshRateSelector: find max refresh rate:120, mode Group:0
04-09 00:56:35.609  1382  2746 D MI-SF   : ShotVideoFlag 0,VideoHighFpsFlag 0,mVideoFrameRate 30,60.000000
04-09 00:56:35.609  1382  2746 D SurfaceFlinger: setFrameRateVideoToDisplay state:1 intfps:30  floatfps:30.000000 fromplayer:1 tid:4
04-09 00:56:35.755  2184  2854 I SmartPower: com.google.android.gms.unstable/10163(11375): idle->background(115478ms) R(alarm start) adj=800.
04-09 00:56:35.755  2184  2854 I SmartPower: com.google.android.gms.ui/10163(3591): idle->background(115479ms) R(alarm start) adj=800.
04-09 00:56:35.755  2184  2854 I SmartPower: com.google.process.gservices/10163(20239): idle->background(115479ms) R(alarm start) adj=975.
04-09 00:56:35.755  2184  2854 I SmartPower: com.google.process.gapps/10163(27548): idle->background(115479ms) R(alarm start) adj=915.
04-09 00:56:35.756  2184  2854 D AlarmManager: mBroadcastRefCount -> 1
04-09 00:56:35.757  2184  2854 I whetstone.activity: Power Event callback listener is empty for resId=128
04-09 00:56:35.757  2184  2854 D BatteryStatsManagerStub: notifyEvent for resId=128 used 0ms
04-09 00:56:35.762  2184  2184 D AlarmManager: mBroadcastRefCount -> 0
04-09 00:56:35.762  2184  2184 D AlarmManager: mPendingIntent -> PendingIntent{f44f879: PendingIntentRecord{55aa6cc com.google.android.gms/com.google.android.gms.gcm broadcastIntent}}
04-09 00:56:35.777  4878 26605 I AlarmManager: setExactAndAllowWhileIdle [name: GCM_HB_ALARM type: 2 triggerAtMillis: 97726994]
04-09 00:56:35.777  2184  4366 D ActivityManager: checkAllowBackground: uid=10163 pkg=com.google.android.gms rec=UidRecord{aa25102 u0a163 BFGS change:procadj procs:0 seq(529175,2530)} caps=LCMNFU always=false idle=false
04-09 00:56:35.778  4878 26605 W WakeLock: GCM_HB_ALARM release without a matched acquire! [CONTEXT service_id=259 ]
04-09 00:56:35.800  2184  8802 D ActivityManager: checkAllowBackground: uid=10163 pkg=com.google.android.gms rec=UidRecord{aa25102 u0a163 BFGS change:procadj procs:0 seq(529177,2530)} caps=LCMNFU always=false idle=false
04-09 00:56:35.808  4878 27070 I NetworkScheduler.Stats: (REDACTED) Task %s/%s started execution. cause:%s exec_start_elapsed_seconds: %s
04-09 00:56:35.821  4878 20555 V NativeCrypto: Read error: ssl=0xb40000727236d848: I/O error during system call, Connection reset by peer
04-09 00:56:35.825  4878 27070 V NativeCrypto: SSL shutdown failed: ssl=0xb40000727236d848: I/O error during system call, Broken pipe
04-09 00:56:35.827  4878 27070 W WakeLock: GCM_HB_ALARM release without a matched acquire! [CONTEXT service_id=259 ]
04-09 00:56:35.827  4878 27070 W WakeLock: GCM_HB_ALARM counter does not exist
04-09 00:56:35.835  2184  3119 D PerfStubImpl: perfLockReleaseHandler: -1
04-09 00:56:35.835  2184  3119 D SchedBoost: stopBoostInternal
04-09 00:56:35.836  2184  3119 D SchedBoost: thread tid=4110, priority is set to -10
04-09 00:56:35.838  2184  3119 D SchedBoost: thread tid=4471, priority is set to -10
04-09 00:56:35.838  2184  3119 D SchedBoost: thread tid=4621, priority is set to -10
04-09 00:56:35.838  2184  3119 D SchedBoost: thread tid=4622, priority is set to -10
04-09 00:56:35.851  1314 21380 I QC2Comp : [avcD_167] Stats: Pending(7) i/p-done(3) Works: Q: 25/Done 20|Work-Rate: Q(0.0/s Avg=0.0/s) Done(0.000/s Avg=0.016/s)| Stream: 30.00fps 3.0Mbps
04-09 00:56:35.851  1314 21380 I QC2Comp : Mem-usage:  [In-1D - 7 bufs 20.918 MB] [1D-0 - 11 bufs 0.172 MB] [2D-155 - 19 bufs 27.164 MB]
04-09 00:56:35.851  1314 21380 I QC2Comp : Total Mem-usage: 48.254 MB
04-09 00:56:35.862  4878 29163 I TrafficStats: tagSocketFd(-1, 1031, -1) failed with errno-9
04-09 00:56:35.875  4878 10237 I NearbyMediums: No BLE Fast/GATT advertisements found in the latest cycle.
04-09 00:56:35.875  4878 10237 I NearbyMediums: Current Tracked Scanning Clients are : {NearbyConnections.EnvironmentMonitor, NearbySharing}
04-09 00:56:35.903  2184  2568 I ExtM    : zram userate is low, no need to flush: 40
04-09 00:56:35.942  1117  4862 I vendor.qti.bluetooth@1.0-ibs_handler: DeviceSleep: TX Awake, Sending SLEEP_IND
04-09 00:56:35.943  1117  4862 D vendor.qti.bluetooth@1.0-ibs_handler: SerialClockVote: vote for UART CLK OFF
04-09 00:56:35.944  4878  4878 D BoundBrokerSvc: onRebind: Intent { act=com.google.android.gms.auth.aang.events.services.START dat=chimera-action:/... cmp=com.google.android.gms/.chimera.PersistentApiService }
04-09 00:56:35.947  4878 27070 I AlarmManager: setExactAndAllowWhileIdle [name: GCM_HB_ALARM type: 2 triggerAtMillis: 98027165]
04-09 00:56:35.950  2184  8802 D ActivityManager: checkAllowBackground: uid=10163 pkg=com.google.android.gms rec=UidRecord{aa25102 u0a163 BFGS change:procadj procs:0 seq(529185,2530)} caps=LCMNFU always=false idle=false
04-09 00:56:36.040  4878 27070 I AlarmManager: setExactAndAllowWhileIdle [name: GCM_HB_ALARM type: 2 triggerAtMillis: 98027258]
04-09 00:56:36.041  2184  8802 D ActivityManager: checkAllowBackground: uid=10163 pkg=com.google.android.gms rec=UidRecord{aa25102 u0a163 BFGS change:procadj procs:0 seq(529187,2530)} caps=LCMNFU always=false idle=false
04-09 00:56:36.041  4878 27070 W WakeLock: GCM_CONN_ALARM release without a matched acquire! [CONTEXT service_id=259 ]
04-09 00:56:36.049  4878 27070 I AlarmManager: setExactAndAllowWhileIdle [name: GCM_HB_ALARM type: 2 triggerAtMillis: 98027266]
04-09 00:56:36.050  2184  8802 D ActivityManager: checkAllowBackground: uid=10163 pkg=com.google.android.gms rec=UidRecord{aa25102 u0a163 BFGS change:procadj procs:0 seq(529187,2530)} caps=LCMNFU always=false idle=false
04-09 00:56:36.054  2184  8702 D ActivityManager: checkAllowBackground: uid=10163 pkg=com.google.android.gms rec=UidRecord{aa25102 u0a163 BFGS change:procadj procs:0 seq(529187,2530)} caps=LCMNFU always=false idle=false
04-09 00:56:36.093  1117  4628 D vendor.qti.bluetooth@1.0-wake_lock: Release wakelock is released 
04-09 00:56:36.124 15853 16193 D AudioTrackImpl: [audioTrackData][zero] 15s(f:0 m:0 s:0 k:0 z:15001) : pid 15853 uid 10518 sessionId 897 sr 48000 ch 2 fmt 1
04-09 00:56:36.134  1314 21393 I QC2Comp : [avcD_168] Stats: Pending(9) i/p-done(5) Works: Q: 9916/Done 9908|Work-Rate: Q(21.0/s Avg=8.2/s) Done(20.999/s Avg=8.151/s)| Stream: 30.00fps 12.1Mbps
04-09 00:56:36.134  1314 21393 I QC2Comp : Mem-usage:  [In-1D - 16 bufs 47.812 MB] [1D-0 - 10 bufs 0.156 MB] [2D-156 - 18 bufs 49.781 MB]
04-09 00:56:36.134  1314 21393 I QC2Comp : Total Mem-usage: 97.750 MB
04-09 00:56:36.179  4878 26807 I CCTUploader: Failed to get auth token for log sources [[ANDROID_GROWTH]] because the account doesn't exist on the device.
04-09 00:56:36.181  4878 26807 I CCTUploader: Failed to get auth token for log sources [[ANDROID_GROWTH]] because the account doesn't exist on the device.
