04-09 00:48:17.152  4110  4626 E ActivityManagerWrapper: getRecentTasksForceIncludingTaskIdIfValid: getRecentTasks: size=10
04-09 00:48:17.152  4110  4626 E ActivityManagerWrapper:  mainTaskId=14404   userId=0   windowMode=1   baseIntent=Intent { act=null flag=268435456 cmp=ComponentInfo{app.blearn.mobile/app.blearn.mobile.MainActivity} }
04-09 00:48:17.152  4110  4626 E ActivityManagerWrapper:  mainTaskId=14389   userId=0   windowMode=1   baseIntent=Intent { act=android.intent.action.MAIN flag=270532608 cmp=ComponentInfo{com.suno.android/com.suno.android.MainActivity} }
04-09 00:48:17.152  4110  4626 E ActivityManagerWrapper:  mainTaskId=14402   userId=0   windowMode=1   baseIntent=Intent { act=null flag=813760512 cmp=ComponentInfo{app.blearn.mobile/app.blearn.mobile.BlockingOverlayActivity} }
04-09 00:48:17.152  4110  4626 E ActivityManagerWrapper:  mainTaskId=14403   userId=0   windowMode=1   baseIntent=Intent { act=android.intent.action.VIEW flag=411041792 cmp=ComponentInfo{com.miui.securitycenter/com.miui.permcenter.install.AdbInstallActivity} }
04-09 00:48:17.152  4110  4626 E ActivityManagerWrapper:  mainTaskId=14394   userId=0   windowMode=1   baseIntent=Intent { act=android.settings.ACCESSIBILITY_SETTINGS flag=268435456 cmp=ComponentInfo{com.android.settings/com.android.settings.accessibility.MiuiAccessibilitySettingsActivity} }
04-09 00:48:17.152  4110  4626 E ActivityManagerWrapper:  mainTaskId=14383   userId=0   windowMode=1   baseIntent=Intent { act=null flag=268435456 cmp=ComponentInfo{com.whatsapp/com.whatsapp.home.ui.HomeActivity} }
04-09 00:48:17.152  4110  4626 E ActivityManagerWrapper:  mainTaskId=14372   userId=0   windowMode=1   baseIntent=Intent { act=android.intent.action.MAIN flag=335544320 cmp=ComponentInfo{com.android.deskclock/com.android.deskclock.DeskClockTabActivity} }
04-09 00:48:17.152  4110  4626 E ActivityManagerWrapper:  mainTaskId=14359   userId=0   windowMode=1   baseIntent=Intent { act=android.intent.action.MAIN flag=269549568 cmp=ComponentInfo{com.s_payment.mobiles_bezahlen/de.starfinanz.payment.MainActivity} }
04-09 00:48:17.152  4110  4626 E ActivityManagerWrapper:  mainTaskId=14342   userId=0   windowMode=1   baseIntent=Intent { act=null flag=369098752 cmp=ComponentInfo{com.google.android.googlequicksearchbox/com.google.android.apps.search.assistant.surfaces.voice.robin.main.MainActivity} }
04-09 00:48:17.152  4110  4626 E ActivityManagerWrapper:  mainTaskId=14336   userId=0   windowMode=1   baseIntent=Intent { act=android.intent.action.MAIN flag=270532608 cmp=ComponentInfo{com.google.android.apps.maps/com.google.android.maps.MapsActivity} }
04-09 00:48:17.153  4110  4626 D WorldCirculate: getWorldCirculateInfo, taskInfo.baseIntent=Intent { act=android.settings.ACCESSIBILITY_SETTINGS flg=0x10000000 cmp=com.android.settings/.accessibility.MiuiAccessibilitySettingsActivity }, displayId=-1, but get Display failed
04-09 00:48:17.156  4110  4626 D TaskSnapshotCompatVU: getIsInvalidateFromTaskSnapshot, return, mTaskSnapshot=null, mTaskSnapshotClazz=null
04-09 00:48:17.156 24685 24770 D OpenGLRenderer: MiShaderPrecompile start makeSksl:0, isInPreCacheList:0
04-09 00:48:17.157  1382  1382 D MI-SF   : mIsSupportAutomodeForMaxFpsSetting is 0(0), getCurrentBrightness() = 898(328), mIsKeepAutoMode 0
04-09 00:48:17.157  1382  1382 D RefreshRateSelector: fixedMode_group: 0, isFindModeGroup 0
04-09 00:48:17.157  1382  1382 D RefreshRateSelector: find max refresh rate:120, mode Group:0
04-09 00:48:17.159  1265  1475 E SDM     : HWCSession::GetClientTargetProperty: GetClinetTargetProperty interface enter
04-09 00:48:17.159  1296  1296 E ANDR-PERF-DATA-POOL: EventDataPool is Full
04-09 00:48:17.159  1296  1296 E ANDR-PERF-MPCTL: perf request submission limit reached.
04-09 00:48:17.165  1375  2445 D AF::Track: presentationComplete() try to complete, framesWritten 1489920 completeFrames 1491312 halFrames 5232 => complete 0
04-09 00:48:17.165  1382  1382 D MI-SF   : mIsSupportAutomodeForMaxFpsSetting is 0(0), getCurrentBrightness() = 898(328), mIsKeepAutoMode 0
04-09 00:48:17.165  1382  1382 D RefreshRateSelector: fixedMode_group: 0, isFindModeGroup 0
04-09 00:48:17.165  1382  1382 D RefreshRateSelector: find max refresh rate:120, mode Group:0
04-09 00:48:17.167  1265  1475 E SDM     : HWCSession::GetClientTargetProperty: GetClinetTargetProperty interface enter
04-09 00:48:17.167  1296  1296 E ANDR-PERF-DATA-POOL: EventDataPool is Full
04-09 00:48:17.167  1296  1296 E ANDR-PERF-MPCTL: perf request submission limit reached.
04-09 00:48:17.174  1382  1382 D MI-SF   : mIsSupportAutomodeForMaxFpsSetting is 0(0), getCurrentBrightness() = 898(328), mIsKeepAutoMode 0
04-09 00:48:17.174  1382  1382 D RefreshRateSelector: fixedMode_group: 0, isFindModeGroup 0
04-09 00:48:17.174  1382  1382 D RefreshRateSelector: find max refresh rate:120, mode Group:0
04-09 00:48:17.175  1265  1475 E SDM     : HWCSession::GetClientTargetProperty: GetClinetTargetProperty interface enter
04-09 00:48:17.175  1296  1296 E ANDR-PERF-DATA-POOL: EventDataPool is Full
04-09 00:48:17.175  1296  1296 E ANDR-PERF-MPCTL: perf request submission limit reached.
04-09 00:48:17.181  4878 24462 I NetworkScheduler: (REDACTED) Error inserting %s
04-09 00:48:17.183  1382  1382 D MI-SF   : mIsSupportAutomodeForMaxFpsSetting is 0(0), getCurrentBrightness() = 898(328), mIsKeepAutoMode 0
04-09 00:48:17.183  1382  1382 D RefreshRateSelector: fixedMode_group: 0, isFindModeGroup 0
04-09 00:48:17.183  1382  1382 D RefreshRateSelector: find max refresh rate:120, mode Group:0
04-09 00:48:17.184  1265  1475 E SDM     : HWCSession::GetClientTargetProperty: GetClinetTargetProperty interface enter
04-09 00:48:17.184  1296  1296 E ANDR-PERF-DATA-POOL: EventDataPool is Full
04-09 00:48:17.184  1296  1296 E ANDR-PERF-MPCTL: perf request submission limit reached.
04-09 00:48:17.185  1375  2445 D AudioFlinger: noteStopAudioInNeed
04-09 00:48:17.186  1375  2445 D audioserver: FGS Logger Transaction failed
04-09 00:48:17.186  1375  2445 D audioserver: -129
04-09 00:48:17.187  1375  2445 D AudioFlinger: updateWakeLockUids_l AudioOut_15 uids:
04-09 00:48:17.189  9679  9718 I PowerKeeper.Event: noteStopAudioInNeed uid is 10518, sessionid is 889, port is 530, type is 2
04-09 00:48:17.189  2184  2552 D ProcessManager: add temp remove audio inactive uid : 10518
04-09 00:48:17.190  9679 10070 I AppActiveChecker: uid:10518change to inactive
04-09 00:48:17.190  1103  1259 D ACDB-LOADER: ACDB -> send_audvoltable
04-09 00:48:17.190  1103  1259 D ACDB-LOADER: ACDB -> ACDB_CMD_GET_AUDPROC_INSTANCE_GAIN_DEP_STEP_TABLE_SIZE
04-09 00:48:17.190  1103  1259 D android.hardware.audio.service: Failed to fetch the lookup information of the device 0000271B 
04-09 00:48:17.190  1103  1259 D ACDB-LOADER: Error: ACDB_CMD_GET_AUDPROC_INSTANCE_GAIN_DEP_STEP_TABLE_SIZE Returned = -19
04-09 00:48:17.190  1103  1259 D ACDB-LOADER: ACDB -> ACDB_CMD_GET_AUDPROC_INSTANCE_GAIN_DEP_STEP_TABLE, vol index 0
04-09 00:48:17.190  1103  1259 D android.hardware.audio.service: Failed to fetch the lookup information of the device 0000271B 
04-09 00:48:17.190  1103  1259 D ACDB-LOADER: Error: ACDB AudProc vol returned = -19
04-09 00:48:17.190  1103  1259 D ACDB-LOADER: ACDB -> AUDIO_SET_VOL_CAL cal type = 40
04-09 00:48:17.190  1103  1259 W msm8974_platform: platform_send_gain_dep_cal: Usecase list is empty
04-09 00:48:17.190  1382  1382 D MI-SF   : mIsSupportAutomodeForMaxFpsSetting is 0(0), getCurrentBrightness() = 898(328), mIsKeepAutoMode 0
04-09 00:48:17.190  1382  1382 D RefreshRateSelector: fixedMode_group: 0, isFindModeGroup 0
04-09 00:48:17.190  1382  1382 D RefreshRateSelector: find max refresh rate:120, mode Group:0
04-09 00:48:17.192  1375  1982 W audioserver: Binder 0xb4000070a391c328 destroyed after setMinSchedulerPolicy before being parceled.
04-09 00:48:17.192  1375  1982 D APM_AudioPolicyManager: stopOutput portId 530
04-09 00:48:17.192  1265  1475 E SDM     : HWCSession::GetClientTargetProperty: GetClinetTargetProperty interface enter
04-09 00:48:17.192  1375  1982 D APM_AudioPolicyManager: stopOutput() output 21, stream 3, session 889
04-09 00:48:17.192  1296  1296 E ANDR-PERF-DATA-POOL: EventDataPool is Full
04-09 00:48:17.192  1296  1296 E ANDR-PERF-MPCTL: perf request submission limit reached.
04-09 00:48:17.192  1375  1982 D APM_AudioPolicyManager: setOutputDevices output 21 device AUDIO_DEVICE_NONE delayMs 218 force 0 requiresMuteCheck 1
04-09 00:48:17.192  1375  1982 D APM_AudioPolicyManager: setOutputDevices() prevDevice {AUDIO_DEVICE_OUT_SPEAKER, @:}
04-09 00:48:17.192 12404 12478 I HeavyPackageIdentify: splitMode: false, splitPackages: null, foregroundPkg: com.suno.android
04-09 00:48:17.193  1103  1259 D DlbDlbEffect: effectCommand(handle=0xf5e6c740, cmdCode=1, cmdSize=64, pCmdData=0xf60fcbd0, replySize=4, pReplyData=0xf60fcb8c)
04-09 00:48:17.194  1103  1259 D DlbDlbEffect: handle_EFFECT_CMD_SET_CONFIG()
04-09 00:48:17.191 24685 24685 W p.blearn.mobile: type=1400 audit(0.0:37919): avc:  denied  { read } for  name="u:object_r:vendor_displayfeature_prop:s0" dev="tmpfs" ino=2510 scontext=u:r:untrusted_app:s0:c30,c256,c512,c768 tcontext=u:object_r:vendor_displayfeature_prop:s0 tclass=file permissive=0 app=app.blearn.mobile
04-09 00:48:17.196 24685 24685 W libc    : Access denied finding property "ro.vendor.df.effect.conflict"
04-09 00:48:17.197  1103  1259 V EffectMiSound: MiSound_command() start, cmdCode=20
04-09 00:48:17.197  1103  1259 V EffectMiSound: MiSound_Command EFFECT_CMD_OFFLOAD
04-09 00:48:17.197  1103  1259 V EffectMiSound: MiSound_command() start, cmdCode=1
04-09 00:48:17.197  1103  1259 V EffectMiSound: MiSound_setConfig start
04-09 00:48:17.198  1103 14952 V EffectMiSound: MiSound_command() start, cmdCode=1
04-09 00:48:17.198  1103 14952 V EffectMiSound: MiSound_setConfig start
04-09 00:48:17.198  1103  1259 V EffectMiSound: MiSound_command() start, cmdCode=9
04-09 00:48:17.198  1103  1259 V EffectMiSound: MiSound_Command EFFECT_CMD_SET_DEVICE: 0x00000002
04-09 00:48:17.198  1103 14952 V EffectMiSound: MiSound_command() start, cmdCode=11
04-09 00:48:17.198  1103 14952 V EffectMiSound: MiSound_Command EFFECT_CMD_SET_AUDIO_MODE: 0
04-09 00:48:17.199  1382  1382 D MI-SF   : mIsSupportAutomodeForMaxFpsSetting is 0(0), getCurrentBrightness() = 898(328), mIsKeepAutoMode 0
04-09 00:48:17.199  1382  1382 D RefreshRateSelector: fixedMode_group: 0, isFindModeGroup 0
04-09 00:48:17.199  1382  1382 D RefreshRateSelector: find max refresh rate:120, mode Group:0
04-09 00:48:17.199  1103  1259 D DlbDlbEffect: effectCommand(handle=0xf5e6c740, cmdCode=5, cmdSize=20, pCmdData=0xf5e54bd8, replySize=4, pReplyData=0xf5dc6568)
04-09 00:48:17.199  1103  1259 D DlbDlbEffect: handle_EFFECT_CMD_SET_PARAM()
04-09 00:48:17.199  1103  1259 V DlbDapEffectContext: setParam() received parameter EFFECT_PARAM_SKIP_HARD_BYPASS
04-09 00:48:17.199  1103  1259 V DlbEffectQdspDap: setPreferredOffType()
04-09 00:48:17.199  1103  1259 D DlbQdspGefDriver: setPreferredOffType(type=2)
04-09 00:48:17.199  1103  1258 D DlbDlbEffect: effectCommand(handle=0xf5e6c740, cmdCode=4, cmdSize=0, pCmdData=0x0, replySize=4, pReplyData=0xf5dc62e8)
04-09 00:48:17.199  1103  1258 D DlbDlbEffect: handle_EFFECT_CMD_DISABLE()
04-09 00:48:17.199  1103  1258 V DlbEffectQdspDap: setEnabled()
04-09 00:48:17.199  1103  1258 V DlbEffectQdspDap: updateEnabled(enabled=0, bypassed=0)
04-09 00:48:17.199  1103  1258 D DlbQdspGefDriver: setEnabled(enable=0)
04-09 00:48:17.199  1103  1258 D DlbQdspGefDriver: setEnabled(): Skip the transient enabled state 0
04-09 00:48:17.199  1103  7858 D DlbDlbEffect: effectCommand(handle=0xf5e6c740, cmdCode=20, cmdSize=8, pCmdData=0xf5dc6af8, replySize=4, pReplyData=0xf5dc6ce0)
04-09 00:48:17.200  1103  7858 D DlbDlbEffect: handle_EFFECT_CMD_OFFLOAD(offload=0, ioHandle=13)
04-09 00:48:17.200  1103 26743 D DlbDlbEffect: effectCommand(handle=0xf5e6c740, cmdCode=1, cmdSize=64, pCmdData=0xf2042bd0, replySize=4, pReplyData=0xf2042b8c)
04-09 00:48:17.200  1103 26743 D DlbDlbEffect: handle_EFFECT_CMD_SET_CONFIG()
04-09 00:48:17.200  1265  1475 E SDM     : HWCSession::GetClientTargetProperty: GetClinetTargetProperty interface enter
04-09 00:48:17.200  1103 25835 V EffectMiSound: MiSound_command() start, cmdCode=1
04-09 00:48:17.200  1103 25835 V EffectMiSound: MiSound_setConfig start
04-09 00:48:17.200  1296  1296 E ANDR-PERF-DATA-POOL: EventDataPool is Full
04-09 00:48:17.200  1296  1296 E ANDR-PERF-MPCTL: perf request submission limit reached.
04-09 00:48:17.201  1103 23152 D DlbDlbEffect: effectCommand(handle=0xf5e6c740, cmdCode=1, cmdSize=64, pCmdData=0xf193bbd0, replySize=4, pReplyData=0xf193bb8c)
04-09 00:48:17.201  1103 23152 D DlbDlbEffect: handle_EFFECT_CMD_SET_CONFIG()
04-09 00:48:17.201  1103  7857 D DlbDlbEffect: effectCommand(handle=0xf5e6c740, cmdCode=9, cmdSize=4, pCmdData=0xf5dc3e50, replySize=4, pReplyData=0xf5dc3e48)
04-09 00:48:17.201  1103  7857 D DlbDlbEffect: handle_EFFECT_CMD_SET_DEVICE(device=0x00000002)
04-09 00:48:17.201  1103  7857 V DlbDapEffectContext: setDevice(00000002)
04-09 00:48:17.201  1103  7857 V DlbEffectQdspDap: setBypass(bypass = 0)
04-09 00:48:17.201  1103  7857 V DlbEffectQdspDap: setDevice()
04-09 00:48:17.201  1103  7857 D DlbQdspGefDriver: setDevice(device=0x00000002): old device 0x00000002
04-09 00:48:17.201  1243  1243 D DMSService: setActiveDevice called with device = 0x2 (original 0x2)
04-09 00:48:17.203  4110  4595 D TaskStackChangeListeners: onTaskDescriptionChanged =  taskId = 14404
04-09 00:48:17.203  1103  7858 D DlbDlbEffect: effectCommand(handle=0xf5e6c740, cmdCode=11, cmdSize=4, pCmdData=0xf5dc6af8, replySize=4, pReplyData=0xf5dc6ce0)
04-09 00:48:17.203  1103  7858 V DlbDlbEffect: handle_EFFECT_CMD_SET_AUDIO_MODE(mode=0x00000000)
04-09 00:48:17.203  1103  7858 D DlbDlbEffect: effectCommand(handle=0xf5e6c740, cmdCode=5, cmdSize=20, pCmdData=0xf5ef8048, replySize=4, pReplyData=0xf5dc6af8)
04-09 00:48:17.203  1103  7858 D DlbDlbEffect: handle_EFFECT_CMD_SET_PARAM()
04-09 00:48:17.203  1103  7858 E DlbEffectContext: setParam() received unknown parameter 20
04-09 00:48:17.203  1103  7857 D DlbDlbEffect: effectCommand(handle=0xf5e6c740, cmdCode=20, cmdSize=8, pCmdData=0xf5dc3e50, replySize=4, pReplyData=0xf5dc3e48)
04-09 00:48:17.203  1103  7857 D DlbDlbEffect: handle_EFFECT_CMD_OFFLOAD(offload=1, ioHandle=13)
04-09 00:48:17.204  1103 25835 D DlbDlbEffect: effectCommand(handle=0xf5e6c740, cmdCode=3, cmdSize=0, pCmdData=0x0, replySize=4, pReplyData=0xf5dc67c0)
04-09 00:48:17.204  1103 25835 D DlbDlbEffect: handle_EFFECT_CMD_ENABLE()
04-09 00:48:17.204  1103 25835 V DlbEffectQdspDap: setEnabled()
04-09 00:48:17.204  1103 25835 V DlbEffectQdspDap: updateEnabled(enabled=1, bypassed=0)
04-09 00:48:17.204  1103 25835 D DlbQdspGefDriver: setEnabled(enable=1)
04-09 00:48:17.204  1103 25835 D DlbQdspGefDriver: setEnabled(): the enabled state is already 1
04-09 00:48:17.204  1375  1982 D AudioFlinger: moveEffectChain_l: successful move of session 0 from srcThread 0xb4000070a3839980 to dstThread 0xb4000070b954abc0 (2 effects moved, 1 effects started)
04-09 00:48:17.207  1382  1382 D MI-SF   : mIsSupportAutomodeForMaxFpsSetting is 0(0), getCurrentBrightness() = 898(328), mIsKeepAutoMode 0
04-09 00:48:17.207  1382  1382 D RefreshRateSelector: fixedMode_group: 0, isFindModeGroup 0
04-09 00:48:17.207  1382  1382 D RefreshRateSelector: find max refresh rate:120, mode Group:0
04-09 00:48:17.208  1265  1475 E SDM     : HWCSession::GetClientTargetProperty: GetClinetTargetProperty interface enter
04-09 00:48:17.209  1296  1296 E ANDR-PERF-DATA-POOL: EventDataPool is Full
04-09 00:48:17.209  1296  1296 E ANDR-PERF-MPCTL: perf request submission limit reached.
04-09 00:48:17.216  1382  1382 D MI-SF   : mIsSupportAutomodeForMaxFpsSetting is 0(0), getCurrentBrightness() = 898(328), mIsKeepAutoMode 0
04-09 00:48:17.216  1382  1382 D RefreshRateSelector: fixedMode_group: 0, isFindModeGroup 0
04-09 00:48:17.216  1382  1382 D RefreshRateSelector: find max refresh rate:120, mode Group:0
04-09 00:48:17.217  1265  1475 E SDM     : HWCSession::GetClientTargetProperty: GetClinetTargetProperty interface enter
04-09 00:48:17.217  1296  1296 E ANDR-PERF-DATA-POOL: EventDataPool is Full
04-09 00:48:17.217  1296  1296 E ANDR-PERF-MPCTL: perf request submission limit reached.
04-09 00:48:17.223 12404 12478 I HeavyPackageIdentify: splitMode: false, splitPackages: null, foregroundPkg: app.blearn.mobile
04-09 00:48:17.224  1382  1382 D MI-SF   : mIsSupportAutomodeForMaxFpsSetting is 0(0), getCurrentBrightness() = 898(328), mIsKeepAutoMode 0
04-09 00:48:17.224  1382  1382 D RefreshRateSelector: fixedMode_group: 0, isFindModeGroup 0
04-09 00:48:17.224  1382  1382 D RefreshRateSelector: find max refresh rate:120, mode Group:0
04-09 00:48:17.225  1265  1475 E SDM     : HWCSession::GetClientTargetProperty: GetClinetTargetProperty interface enter
04-09 00:48:17.225  1296  1296 E ANDR-PERF-DATA-POOL: EventDataPool is Full
04-09 00:48:17.225  1103  1259 D audio_hw_primary: out_set_parameters: enter: usecase(0: deep-buffer-playback) kvpairs: appname=-com.suno.android
04-09 00:48:17.225  1296  1296 E ANDR-PERF-MPCTL: perf request submission limit reached.
04-09 00:48:17.225  1103  1259 D audio_hw_primary: out_set_parameters: [hal_apptype] cannot find app type [-com.suno.android], return !
04-09 00:48:17.228 24685 24685 I p.blearn.mobile: hiddenapi: Accessing hidden method Landroid/view/ViewGroup;->makeOptionalFitsSystemWindows()V (runtime_flags=0, domain=platform, api=unsupported) from Landroidx/appcompat/widget/ViewUtils; (domain=app, TargetSdkVersion=36) using reflection: allowed
04-09 00:48:17.232  1382  1382 D MI-SF   : mIsSupportAutomodeForMaxFpsSetting is 0(0), getCurrentBrightness() = 898(328), mIsKeepAutoMode 0
04-09 00:48:17.232  1382  1382 D RefreshRateSelector: fixedMode_group: 0, isFindModeGroup 0
04-09 00:48:17.232  1382  1382 D RefreshRateSelector: find max refresh rate:120, mode Group:0
04-09 00:48:17.233  1265  1475 E SDM     : HWCSession::GetClientTargetProperty: GetClinetTargetProperty interface enter
04-09 00:48:17.234  1296  1296 E ANDR-PERF-DATA-POOL: EventDataPool is Full
04-09 00:48:17.234  1296  1296 E ANDR-PERF-MPCTL: perf request submission limit reached.
04-09 00:48:17.240  1382  1382 D MI-SF   : mIsSupportAutomodeForMaxFpsSetting is 0(0), getCurrentBrightness() = 898(328), mIsKeepAutoMode 0
04-09 00:48:17.241  1382  1382 D RefreshRateSelector: fixedMode_group: 0, isFindModeGroup 0
04-09 00:48:17.241  1382  1382 D RefreshRateSelector: find max refresh rate:120, mode Group:0
04-09 00:48:17.242  1265  1475 E SDM     : HWCSession::GetClientTargetProperty: GetClinetTargetProperty interface enter
04-09 00:48:17.242 24685 24685 I WebViewFactory: Loading com.google.android.webview version 146.0.7680.164 (code 768016403)
04-09 00:48:17.244  1296  1296 E ANDR-PERF-DATA-POOL: EventDataPool is Full
04-09 00:48:17.244  1296  1296 E ANDR-PERF-MPCTL: perf request submission limit reached.
04-09 00:48:17.246 24685 24685 D ApplicationLoaders: Returning zygote-cached class loader: /system/framework/android.test.base.jar
04-09 00:48:17.249  1382  1382 D MI-SF   : mIsSupportAutomodeForMaxFpsSetting is 0(0), getCurrentBrightness() = 898(328), mIsKeepAutoMode 0
04-09 00:48:17.249  1382  1382 D RefreshRateSelector: fixedMode_group: 0, isFindModeGroup 0
04-09 00:48:17.249  1382  1382 D RefreshRateSelector: find max refresh rate:120, mode Group:0
04-09 00:48:17.249 24685 24685 W p.blearn.mobile: Loading /data/app/~~-cXyj43s9016oMy6A119Yg==/com.google.android.webview-iVGtQcAftaGXkXWPV0S6Fg==/oat/arm64/base.odex non-executable as it requires an image which we failed to load
04-09 00:48:17.250  1265  1475 E SDM     : HWCSession::GetClientTargetProperty: GetClinetTargetProperty interface enter
04-09 00:48:17.250  1296  1296 E ANDR-PERF-DATA-POOL: EventDataPool is Full
04-09 00:48:17.250  1296  1296 E ANDR-PERF-MPCTL: perf request submission limit reached.
04-09 00:48:17.254 24685 24685 D nativeloader: Configuring clns-5 for other apk /data/app/~~-cXyj43s9016oMy6A119Yg==/com.google.android.webview-iVGtQcAftaGXkXWPV0S6Fg==/base.apk. target_sdk_version=36, uses_libraries=, library_path=/data/app/~~-cXyj43s9016oMy6A119Yg==/com.google.android.webview-iVGtQcAftaGXkXWPV0S6Fg==/lib/arm64:/data/app/~~-cXyj43s9016oMy6A119Yg==/com.google.android.webview-iVGtQcAftaGXkXWPV0S6Fg==/base.apk!/lib/arm64-v8a, permitted_path=/data:/mnt/expand
04-09 00:48:17.257  1382  1382 D MI-SF   : mIsSupportAutomodeForMaxFpsSetting is 0(0), getCurrentBrightness() = 898(328), mIsKeepAutoMode 0
04-09 00:48:17.257  1382  1382 D RefreshRateSelector: fixedMode_group: 0, isFindModeGroup 0
04-09 00:48:17.257  1382  1382 D RefreshRateSelector: find max refresh rate:120, mode Group:0
04-09 00:48:17.258  1265  1475 E SDM     : HWCSession::GetClientTargetProperty: GetClinetTargetProperty interface enter
04-09 00:48:17.259  1296  1296 E ANDR-PERF-DATA-POOL: EventDataPool is Full
04-09 00:48:17.259  1296  1296 E ANDR-PERF-MPCTL: perf request submission limit reached.
04-09 00:48:17.266  1382  1382 D MI-SF   : mIsSupportAutomodeForMaxFpsSetting is 0(0), getCurrentBrightness() = 898(328), mIsKeepAutoMode 0
04-09 00:48:17.266  1382  1382 D RefreshRateSelector: fixedMode_group: 0, isFindModeGroup 0
04-09 00:48:17.266  1382  1382 D RefreshRateSelector: find max refresh rate:120, mode Group:0
04-09 00:48:17.267  1265  1475 E SDM     : HWCSession::GetClientTargetProperty: GetClinetTargetProperty interface enter
04-09 00:48:17.267  1296  1296 E ANDR-PERF-DATA-POOL: EventDataPool is Full
04-09 00:48:17.268  1296  1296 E ANDR-PERF-MPCTL: perf request submission limit reached.
04-09 00:48:17.274  1382  1382 D MI-SF   : mIsSupportAutomodeForMaxFpsSetting is 0(0), getCurrentBrightness() = 898(328), mIsKeepAutoMode 0
04-09 00:48:17.274  1382  1382 D RefreshRateSelector: fixedMode_group: 0, isFindModeGroup 0
04-09 00:48:17.274  1382  1382 D RefreshRateSelector: find max refresh rate:120, mode Group:0
04-09 00:48:17.275  1265  1475 E SDM     : HWCSession::GetClientTargetProperty: GetClinetTargetProperty interface enter
04-09 00:48:17.276  1296  1296 E ANDR-PERF-DATA-POOL: EventDataPool is Full
04-09 00:48:17.276  1296  1296 E ANDR-PERF-MPCTL: perf request submission limit reached.
04-09 00:48:17.282  1382  1382 D MI-SF   : mIsSupportAutomodeForMaxFpsSetting is 0(0), getCurrentBrightness() = 898(328), mIsKeepAutoMode 0
04-09 00:48:17.282  1382  1382 D RefreshRateSelector: fixedMode_group: 0, isFindModeGroup 0
04-09 00:48:17.282  1382  1382 D RefreshRateSelector: find max refresh rate:120, mode Group:0
04-09 00:48:17.283  1265  1475 E SDM     : HWCSession::GetClientTargetProperty: GetClinetTargetProperty interface enter
04-09 00:48:17.284  1296  1296 E ANDR-PERF-DATA-POOL: EventDataPool is Full
04-09 00:48:17.284  1296  1296 E ANDR-PERF-MPCTL: perf request submission limit reached.
04-09 00:48:17.290 24685 24685 I cr_WVCFactoryProvider: version=146.0.7680.164 (768016403) minSdkVersion=29 multiprocess=true packageId=127 splits=<none>
04-09 00:48:17.291  1382  1382 D MI-SF   : mIsSupportAutomodeForMaxFpsSetting is 0(0), getCurrentBrightness() = 898(328), mIsKeepAutoMode 0
04-09 00:48:17.291  1382  1382 D RefreshRateSelector: fixedMode_group: 0, isFindModeGroup 0
04-09 00:48:17.291  1382  1382 D RefreshRateSelector: find max refresh rate:120, mode Group:0
04-09 00:48:17.292  1265  1475 E SDM     : HWCSession::GetClientTargetProperty: GetClinetTargetProperty interface enter
04-09 00:48:17.292  1296  1296 E ANDR-PERF-DATA-POOL: EventDataPool is Full
04-09 00:48:17.292  1296  1296 E ANDR-PERF-MPCTL: perf request submission limit reached.
04-09 00:48:17.297 24685 24685 D nativeloader: Load /data/app/~~-cXyj43s9016oMy6A119Yg==/com.google.android.webview-iVGtQcAftaGXkXWPV0S6Fg==/base.apk!/lib/arm64-v8a/libwebviewchromium.so using class loader ns clns-5 (caller=/data/app/~~-cXyj43s9016oMy6A119Yg==/com.google.android.webview-iVGtQcAftaGXkXWPV0S6Fg==/base.apk): ok
04-09 00:48:17.299  1382  1382 D MI-SF   : mIsSupportAutomodeForMaxFpsSetting is 0(0), getCurrentBrightness() = 898(328), mIsKeepAutoMode 0
04-09 00:48:17.299  1382  1382 D RefreshRateSelector: fixedMode_group: 0, isFindModeGroup 0
04-09 00:48:17.299  1382  1382 D RefreshRateSelector: find max refresh rate:120, mode Group:0
04-09 00:48:17.300 24685 24685 D nativeloader: Load /system/lib64/libwebviewchromium_plat_support.so using class loader ns clns-5 (caller=/data/app/~~-cXyj43s9016oMy6A119Yg==/com.google.android.webview-iVGtQcAftaGXkXWPV0S6Fg==/base.apk): ok
04-09 00:48:17.300  1265  1475 E SDM     : HWCSession::GetClientTargetProperty: GetClinetTargetProperty interface enter
04-09 00:48:17.301  1296  1296 E ANDR-PERF-DATA-POOL: EventDataPool is Full
04-09 00:48:17.301  1296  1296 E ANDR-PERF-MPCTL: perf request submission limit reached.
04-09 00:48:17.303 24685 24783 I chromium: [0409/004817.303296:INFO:android_webview/browser/variations/variations_seed_loader.cc:67] Failed to open file for reading.: No such file or directory (2)
04-09 00:48:17.304  2184  2568 I ExtM    : zram userate is low, no need to flush: 38
04-09 00:48:17.307  1382  1382 D MI-SF   : mIsSupportAutomodeForMaxFpsSetting is 0(0), getCurrentBrightness() = 898(328), mIsKeepAutoMode 0
04-09 00:48:17.307  1382  1382 D RefreshRateSelector: fixedMode_group: 0, isFindModeGroup 0
04-09 00:48:17.307  1382  1382 D RefreshRateSelector: find max refresh rate:120, mode Group:0
04-09 00:48:17.308  1265  1475 E SDM     : HWCSession::GetClientTargetProperty: GetClinetTargetProperty interface enter
04-09 00:48:17.309  1296  1296 E ANDR-PERF-DATA-POOL: EventDataPool is Full
04-09 00:48:17.310  1296  1296 E ANDR-PERF-MPCTL: perf request submission limit reached.
04-09 00:48:17.316  1382  1382 D MI-SF   : mIsSupportAutomodeForMaxFpsSetting is 0(0), getCurrentBrightness() = 898(328), mIsKeepAutoMode 0
04-09 00:48:17.316  1382  1382 D RefreshRateSelector: fixedMode_group: 0, isFindModeGroup 0
04-09 00:48:17.316  1382  1382 D RefreshRateSelector: find max refresh rate:120, mode Group:0
04-09 00:48:17.317  1265  1475 E SDM     : HWCSession::GetClientTargetProperty: GetClinetTargetProperty interface enter
04-09 00:48:17.317  1296  1296 E ANDR-PERF-DATA-POOL: EventDataPool is Full
04-09 00:48:17.318  1296  1296 E ANDR-PERF-MPCTL: perf request submission limit reached.
04-09 00:48:17.319 24685 24685 I cr_LibraryLoader: Successfully loaded native library
04-09 00:48:17.321 24685 24685 I cr_CachingUmaRecorder: Flushed 20 samples from 19 histograms, 0 samples were dropped.
04-09 00:48:17.323 24685 24685 I cr_ChildProcLH: ScopedServiceBindingBatch.tryActivate: false
04-09 00:48:17.324  1382  1382 D MI-SF   : mIsSupportAutomodeForMaxFpsSetting is 0(0), getCurrentBrightness() = 898(328), mIsKeepAutoMode 0
04-09 00:48:17.324  1382  1382 D RefreshRateSelector: fixedMode_group: 0, isFindModeGroup 0
04-09 00:48:17.324  1382  1382 D RefreshRateSelector: find max refresh rate:120, mode Group:0
04-09 00:48:17.325  1265  1475 E SDM     : HWCSession::GetClientTargetProperty: GetClinetTargetProperty interface enter
04-09 00:48:17.326  1296  1296 E ANDR-PERF-DATA-POOL: EventDataPool is Full
04-09 00:48:17.326  1296  1296 E ANDR-PERF-MPCTL: perf request submission limit reached.
04-09 00:48:17.327 24685 24685 I cr_CombinedPProvider: #registerProvider() provider:WV.qk@460fe0 isPolicyCacheEnabled:false policyProvidersSize:0
04-09 00:48:17.329  2184  7326 D CompatibilityChangeReporter: Compat change id reported: 161145287; UID 10030; state: ENABLED
04-09 00:48:17.329 24685 24685 I cr_PolicyProvider: #setManagerAndSource() 0
04-09 00:48:17.332  1382  1382 D MI-SF   : mIsSupportAutomodeForMaxFpsSetting is 0(0), getCurrentBrightness() = 898(328), mIsKeepAutoMode 0
04-09 00:48:17.332  1382  1382 D RefreshRateSelector: fixedMode_group: 0, isFindModeGroup 0
04-09 00:48:17.332  1382  1382 D RefreshRateSelector: find max refresh rate:120, mode Group:0
04-09 00:48:17.333 24685 24685 I cr_DisplayManager: Is Display Topology available: false
04-09 00:48:17.334  1265  1475 E SDM     : HWCSession::GetClientTargetProperty: GetClinetTargetProperty interface enter
04-09 00:48:17.334  1296  1296 E ANDR-PERF-DATA-POOL: EventDataPool is Full
04-09 00:48:17.334  1296  1296 E ANDR-PERF-MPCTL: perf request submission limit reached.
04-09 00:48:17.338  2184  7326 I SmartPower: com.google.android.webview:sandboxed_process0:org.chromium.content.app.SandboxedPr-1->background(0ms) R(become background) adj=-10000.
04-09 00:48:17.339  2184  7326 D CompatibilityChangeReporter: Compat change id reported: 135634846; UID 99044; state: DISABLED
04-09 00:48:17.339  2184  7326 D CompatibilityChangeReporter: Compat change id reported: 177438394; UID 99044; state: DISABLED
04-09 00:48:17.339  2184  7326 D CompatibilityChangeReporter: Compat change id reported: 135772972; UID 99044; state: DISABLED
04-09 00:48:17.339  2184  7326 D CompatibilityChangeReporter: Compat change id reported: 135754954; UID 99044; state: ENABLED
04-09 00:48:17.340  2184  2562 D CompatibilityChangeReporter: Compat change id reported: 143937733; UID 10030; state: ENABLED
04-09 00:48:17.341  1382  1382 D MI-SF   : mIsSupportAutomodeForMaxFpsSetting is 0(0), getCurrentBrightness() = 898(328), mIsKeepAutoMode 0
04-09 00:48:17.341  1382  1382 D RefreshRateSelector: fixedMode_group: 0, isFindModeGroup 0
04-09 00:48:17.341  1382  1382 D RefreshRateSelector: find max refresh rate:120, mode Group:0
04-09 00:48:17.342  1265  1475 E SDM     : HWCSession::GetClientTargetProperty: GetClinetTargetProperty interface enter
04-09 00:48:17.343  1296  1296 E ANDR-PERF-DATA-POOL: EventDataPool is Full
04-09 00:48:17.343  1296  1296 E ANDR-PERF-MPCTL: perf request submission limit reached.
04-09 00:48:17.349  1382  1382 D MI-SF   : mIsSupportAutomodeForMaxFpsSetting is 0(0), getCurrentBrightness() = 898(328), mIsKeepAutoMode 0
04-09 00:48:17.349  1382  1382 D RefreshRateSelector: fixedMode_group: 0, isFindModeGroup 0
04-09 00:48:17.349  1382  1382 D RefreshRateSelector: find max refresh rate:120, mode Group:0
04-09 00:48:17.350  1265  1475 E SDM     : HWCSession::GetClientTargetProperty: GetClinetTargetProperty interface enter
04-09 00:48:17.351  1296  1296 E ANDR-PERF-DATA-POOL: EventDataPool is Full
04-09 00:48:17.352  1296  1296 E ANDR-PERF-MPCTL: perf request submission limit reached.
04-09 00:48:17.356  3885  3885 D Zygote  : Forked child process 24789
04-09 00:48:17.357  1382  1382 D MI-SF   : mIsSupportAutomodeForMaxFpsSetting is 0(0), getCurrentBrightness() = 898(328), mIsKeepAutoMode 0
04-09 00:48:17.358  1382  1382 D RefreshRateSelector: fixedMode_group: 0, isFindModeGroup 0
04-09 00:48:17.358  1382  1382 D RefreshRateSelector: find max refresh rate:120, mode Group:0
04-09 00:48:17.359  1265  1475 E SDM     : HWCSession::GetClientTargetProperty: GetClinetTargetProperty interface enter
04-09 00:48:17.359  1296  1296 E ANDR-PERF-DATA-POOL: EventDataPool is Full
04-09 00:48:17.359  1296  1296 E ANDR-PERF-MPCTL: perf request submission limit reached.
04-09 00:48:17.362 24685 24685 I cr_CombinedPProvider: #linkNativeInternal() 1
04-09 00:48:17.362 24685 24685 D CompatibilityChangeReporter: Compat change id reported: 183155436; UID 10030; state: ENABLED
04-09 00:48:17.363 24685 24685 I cr_AppResProvider: #getApplicationRestrictionsFromUserManager() Bundle[EMPTY_PARCEL]
04-09 00:48:17.363 24685 24685 I cr_PolicyProvider: #notifySettingsAvailable() 0
04-09 00:48:17.363 24685 24685 I cr_CombinedPProvider: #onSettingsAvailable() 0
04-09 00:48:17.363 24685 24685 I cr_CombinedPProvider: #flushPolicies()
04-09 00:48:17.366  1382  1382 D MI-SF   : mIsSupportAutomodeForMaxFpsSetting is 0(0), getCurrentBrightness() = 898(328), mIsKeepAutoMode 0
04-09 00:48:17.366  1382  1382 D RefreshRateSelector: fixedMode_group: 0, isFindModeGroup 0
04-09 00:48:17.366  1382  1382 D RefreshRateSelector: find max refresh rate:120, mode Group:0
04-09 00:48:17.367  1265  1475 E SDM     : HWCSession::GetClientTargetProperty: GetClinetTargetProperty interface enter
04-09 00:48:17.367  2184  2562 I ActivityManager: Start proc 24789:com.google.android.webview:sandboxed_process0:org.chromium.content.app.SandboxedProcessService0:0/u0i44 for  {app.blearn.mobile/org.chromium.content.app.SandboxedProcessService0:0} caller=app.blearn.mobile
04-09 00:48:17.367  1296  1296 E ANDR-PERF-DATA-POOL: EventDataPool is Full
04-09 00:48:17.368  1296  1296 E ANDR-PERF-MPCTL: perf request submission limit reached.
04-09 00:48:17.371 24789 24789 E libc    : SetHeapTaggingLevel: re-enabling tagging after it was disabled is not supported
04-09 00:48:17.374  2184  7326 D CompatibilityChangeReporter: Compat change id reported: 261072174; UID 10030; state: ENABLED
04-09 00:48:17.374  1382  1382 D MI-SF   : mIsSupportAutomodeForMaxFpsSetting is 0(0), getCurrentBrightness() = 898(328), mIsKeepAutoMode 0
04-09 00:48:17.374  1382  1382 D RefreshRateSelector: fixedMode_group: 0, isFindModeGroup 0
04-09 00:48:17.374  1382  1382 D RefreshRateSelector: find max refresh rate:120, mode Group:0
04-09 00:48:17.375 24789 24789 I ocessService0:0: Using CollectorTypeCC GC.
04-09 00:48:17.376  1265  1475 E SDM     : HWCSession::GetClientTargetProperty: GetClinetTargetProperty interface enter
04-09 00:48:17.376  1296  1296 E ANDR-PERF-DATA-POOL: EventDataPool is Full
04-09 00:48:17.376  1296  1296 E ANDR-PERF-MPCTL: perf request submission limit reached.
04-09 00:48:17.378  5411  5411 D BoundBrokerSvc: onBind: Intent { act=com.google.android.gms.safetynet.service.START pkg=com.google.android.gms }
04-09 00:48:17.378  5411  5411 D BoundBrokerSvc: Loading bound service for intent: Intent { act=com.google.android.gms.safetynet.service.START pkg=com.google.android.gms }
04-09 00:48:17.383  1382  1382 D MI-SF   : mIsSupportAutomodeForMaxFpsSetting is 0(0), getCurrentBrightness() = 898(328), mIsKeepAutoMode 0
04-09 00:48:17.383  1382  1382 D RefreshRateSelector: fixedMode_group: 0, isFindModeGroup 0
04-09 00:48:17.383  1382  1382 D RefreshRateSelector: find max refresh rate:120, mode Group:0
04-09 00:48:17.384  1265  1475 E SDM     : HWCSession::GetClientTargetProperty: GetClinetTargetProperty interface enter
04-09 00:48:17.384  1296  1296 E ANDR-PERF-DATA-POOL: EventDataPool is Full
04-09 00:48:17.384  1296  1296 E ANDR-PERF-MPCTL: perf request submission limit reached.
04-09 00:48:17.385 24789 24789 D nativeloader: Load libframework-connectivity-tiramisu-jni.so using APEX ns com_android_tethering for caller /apex/com.android.tethering/javalib/framework-connectivity-t.jar: ok
04-09 00:48:17.389 24789 24789 I MessageMonitor: Load libmiui_runtime
04-09 00:48:17.392 24789 24789 E ocessService0:0: Can't find memory status under: /sys/block/zram0/
04-09 00:48:17.392  1265  1475 E SDM     : HWCSession::GetClientTargetProperty: GetClinetTargetProperty interface enter
04-09 00:48:17.387 24789 24789 W re-initialized>: type=1400 audit(0.0:37920): avc:  denied  { search } for  name="zram0" dev="sysfs" ino=60736 scontext=u:r:isolated_app:s0:c512,c768 tcontext=u:object_r:sysfs_zram:s0 tclass=dir permissive=0
04-09 00:48:17.393  1296  1296 E ANDR-PERF-DATA-POOL: EventDataPool is Full
04-09 00:48:17.393  1296  1296 E ANDR-PERF-MPCTL: perf request submission limit reached.
04-09 00:48:17.387 24789 24789 W re-initialized>: type=1400 audit(0.0:37921): avc:  denied  { search } for  name="zram0" dev="sysfs" ino=60736 scontext=u:r:isolated_app:s0:c512,c768 tcontext=u:object_r:sysfs_zram:s0 tclass=dir permissive=0
04-09 00:48:17.398  2184  7326 D SymlinkUtils: attachApplication file op go pass: 0 ms
04-09 00:48:17.399 24685 24794 W chromium: [WARNING:net/dns/dns_config_service_android.cc:69] Failed to read DnsConfig.
04-09 00:48:17.399  1382  1382 D MI-SF   : mIsSupportAutomodeForMaxFpsSetting is 0(0), getCurrentBrightness() = 898(328), mIsKeepAutoMode 0
04-09 00:48:17.399  1382  1382 D RefreshRateSelector: fixedMode_group: 0, isFindModeGroup 0
04-09 00:48:17.399  1382  1382 D RefreshRateSelector: find max refresh rate:120, mode Group:0
04-09 00:48:17.399  2184  7326 D CompatibilityInfo: mCompatibilityFlags - 0
04-09 00:48:17.399  2184  7326 D CompatibilityInfo: applicationDensity - 440
04-09 00:48:17.399  2184  7326 D CompatibilityInfo: applicationScale - 1.0
04-09 00:48:17.401  1265  1475 E SDM     : HWCSession::GetClientTargetProperty: GetClinetTargetProperty interface enter
04-09 00:48:17.401  1296  1296 E ANDR-PERF-DATA-POOL: EventDataPool is Full
04-09 00:48:17.401  1296  1296 E ANDR-PERF-MPCTL: perf request submission limit reached.
04-09 00:48:17.403 24789 24789 E MQSEventManagerDelegate: failed to get MQSService.
04-09 00:48:17.403 24789 24789 W ActivityThread: registerApplicationScoutThread result:false
04-09 00:48:17.404 24685 24685 W chromium: [WARNING:android_webview/browser/network_service/net_helpers.cc:137] HTTP Cache size is: 20971520
04-09 00:48:17.405 24789 24789 I HighMemoryManager: High memory monitor not enabled
04-09 00:48:17.405 24789 24789 D CompatibilityChangeReporter: Compat change id reported: 171979766; UID 99044; state: ENABLED
04-09 00:48:17.406 24789 24789 D CompatibilityChangeReporter: Compat change id reported: 242716250; UID 99044; state: ENABLED
04-09 00:48:17.406  2184  3075 D isUidValid: uid = 99044
04-09 00:48:17.408  1382  1382 D MI-SF   : mIsSupportAutomodeForMaxFpsSetting is 0(0), getCurrentBrightness() = 898(328), mIsKeepAutoMode 0
04-09 00:48:17.408  1382  1382 D RefreshRateSelector: fixedMode_group: 0, isFindModeGroup 0
04-09 00:48:17.408  1382  1382 D RefreshRateSelector: find max refresh rate:120, mode Group:0
04-09 00:48:17.408  2184  2922 I MiuiNetworkPolicy: updateUidState uid = 99044, uidState = 3
04-09 00:48:17.409  1265  1475 E SDM     : HWCSession::GetClientTargetProperty: GetClinetTargetProperty interface enter
04-09 00:48:17.409  1296  1296 E ANDR-PERF-DATA-POOL: EventDataPool is Full
04-09 00:48:17.409  1296  1296 E ANDR-PERF-MPCTL: perf request submission limit reached.
04-09 00:48:17.416  1382  1382 D MI-SF   : mIsSupportAutomodeForMaxFpsSetting is 0(0), getCurrentBrightness() = 898(328), mIsKeepAutoMode 0
04-09 00:48:17.416  1382  1382 D RefreshRateSelector: fixedMode_group: 0, isFindModeGroup 0
04-09 00:48:17.416  1382  1382 D RefreshRateSelector: find max refresh rate:120, mode Group:0
04-09 00:48:17.417  1265  1475 E SDM     : HWCSession::GetClientTargetProperty: GetClinetTargetProperty interface enter
04-09 00:48:17.417  1296  1296 E ANDR-PERF-DATA-POOL: EventDataPool is Full
04-09 00:48:17.417  1296  1296 E ANDR-PERF-MPCTL: perf request submission limit reached.
04-09 00:48:17.419  2184  4183 I ClipboardServiceI: checkProviderWakePathForClipboard: primaryClip is null
04-09 00:48:17.422 24789 24789 D ApplicationLoaders: Returning zygote-cached class loader: /system/framework/android.test.base.jar
04-09 00:48:17.424  1382  1382 D MI-SF   : mIsSupportAutomodeForMaxFpsSetting is 0(0), getCurrentBrightness() = 898(328), mIsKeepAutoMode 0
04-09 00:48:17.424  1382  1382 D RefreshRateSelector: fixedMode_group: 0, isFindModeGroup 0
04-09 00:48:17.424  1382  1382 D RefreshRateSelector: find max refresh rate:120, mode Group:0
04-09 00:48:17.426  1265  1475 E SDM     : HWCSession::GetClientTargetProperty: GetClinetTargetProperty interface enter
04-09 00:48:17.427  1296  1296 E ANDR-PERF-DATA-POOL: EventDataPool is Full
04-09 00:48:17.429 24685 24685 D CompatibilityChangeReporter: Compat change id reported: 214741472; UID 10030; state: ENABLED
04-09 00:48:17.429  1296  1296 E ANDR-PERF-MPCTL: perf request submission limit reached.
04-09 00:48:17.433  1382  1382 D MI-SF   : mIsSupportAutomodeForMaxFpsSetting is 0(0), getCurrentBrightness() = 898(328), mIsKeepAutoMode 0
04-09 00:48:17.433  1382  1382 D RefreshRateSelector: fixedMode_group: 0, isFindModeGroup 0
04-09 00:48:17.433  1382  1382 D RefreshRateSelector: find max refresh rate:120, mode Group:0
04-09 00:48:17.434  1265  1475 E SDM     : HWCSession::GetClientTargetProperty: GetClinetTargetProperty interface enter
04-09 00:48:17.433  5411  5411 D BoundBrokerSvc: onBind: Intent { act=com.google.android.gms.safebrowsing.SafeBrowsingService.START dat=chimera-action:/... cmp=com.google.android.gms/.chimera.GmsBoundBrokerService }
04-09 00:48:17.434  1296  1296 E ANDR-PERF-DATA-POOL: EventDataPool is Full
04-09 00:48:17.434  5411  5411 D BoundBrokerSvc: Loading bound service for intent: Intent { act=com.google.android.gms.safebrowsing.SafeBrowsingService.START dat=chimera-action:/... cmp=com.google.android.gms/.chimera.GmsBoundBrokerService }
04-09 00:48:17.434  1296  1296 E ANDR-PERF-MPCTL: perf request submission limit reached.
04-09 00:48:17.439 24789 24789 E ForceDarkHelperStubImpl: getForceDarkOriginState transact failed , mService: null
04-09 00:48:17.439 24789 24789 I ForceDarkHelperStubImpl: initialize for app.blearn.mobile , ForceDarkOrigin
04-09 00:48:17.440 24685 24685 D CompatibilityChangeReporter: Compat change id reported: 171228096; UID 10030; state: ENABLED
04-09 00:48:17.440 24789 24789 D nativeloader: Load libforcedarkimpl.so using system ns (caller=/system_ext/framework/miui-framework.jar): ok
04-09 00:48:17.441 24789 24789 D OpenGLRenderer: JNI_OnLoad success
04-09 00:48:17.441 24789 24789 I MiuiForceDarkConfig: setConfig density:2.750000, mainRule:0, secondaryRule:0, tertiaryRule:0
04-09 00:48:17.442  1265  1475 E SDM     : HWCSession::GetClientTargetProperty: GetClinetTargetProperty interface enter
04-09 00:48:17.442  1296  1296 E ANDR-PERF-DATA-POOL: EventDataPool is Full
04-09 00:48:17.442  1296  1296 E ANDR-PERF-MPCTL: perf request submission limit reached.
04-09 00:48:17.445 24789 24789 I cr_WebViewApkApp: version=146.0.7680.164 (768016403) minSdkVersion=29 processName=com.google.android.webview:sandboxed_process0:org.chromium.content.app.SandboxedProcessService0:0 splits=<none>
04-09 00:48:17.446  2184  7326 I ActivityManager: Flag disabled. Ignoring finishAttachApplication from uid: 99044. pid: 24789
04-09 00:48:17.449  1382  1382 D MI-SF   : mIsSupportAutomodeForMaxFpsSetting is 0(0), getCurrentBrightness() = 898(328), mIsKeepAutoMode 0
04-09 00:48:17.449  1382  1382 D RefreshRateSelector: fixedMode_group: 0, isFindModeGroup 0
04-09 00:48:17.449  1382  1382 D RefreshRateSelector: find max refresh rate:120, mode Group:0
04-09 00:48:17.449 24789 24789 W SystemServiceRegistry: No service published for: virtualdevice
04-09 00:48:17.450 24789 24789 I cr_ChildProcessService: Creating new ChildProcessService pid=24789
04-09 00:48:17.451  1265  1475 E SDM     : HWCSession::GetClientTargetProperty: GetClinetTargetProperty interface enter
04-09 00:48:17.454  1296  1296 E ANDR-PERF-DATA-POOL: EventDataPool is Full
04-09 00:48:17.454  1296  1296 E ANDR-PERF-MPCTL: perf request submission limit reached.
04-09 00:48:17.459  1265  1475 E SDM     : HWCSession::GetClientTargetProperty: GetClinetTargetProperty interface enter
04-09 00:48:17.459  1296  1296 E ANDR-PERF-DATA-POOL: EventDataPool is Full
04-09 00:48:17.459  1296  1296 E ANDR-PERF-MPCTL: perf request submission limit reached.
04-09 00:48:17.466  1382  1382 D MI-SF   : mIsSupportAutomodeForMaxFpsSetting is 0(0), getCurrentBrightness() = 898(328), mIsKeepAutoMode 0
04-09 00:48:17.466  1382  1382 D RefreshRateSelector: fixedMode_group: 0, isFindModeGroup 0
04-09 00:48:17.466  1382  1382 D RefreshRateSelector: find max refresh rate:120, mode Group:0
04-09 00:48:17.467  1265  1475 E SDM     : HWCSession::GetClientTargetProperty: GetClinetTargetProperty interface enter
04-09 00:48:17.467  1296  1296 E ANDR-PERF-DATA-POOL: EventDataPool is Full
04-09 00:48:17.467  1296  1296 E ANDR-PERF-MPCTL: perf request submission limit reached.
04-09 00:48:17.474  1382  1382 D MI-SF   : mIsSupportAutomodeForMaxFpsSetting is 0(0), getCurrentBrightness() = 898(328), mIsKeepAutoMode 0
04-09 00:48:17.475  1382  1382 D RefreshRateSelector: fixedMode_group: 0, isFindModeGroup 0
04-09 00:48:17.475  1382  1382 D RefreshRateSelector: find max refresh rate:120, mode Group:0
04-09 00:48:17.476  1265  1475 E SDM     : HWCSession::GetClientTargetProperty: GetClinetTargetProperty interface enter
04-09 00:48:17.476  1296  1296 E ANDR-PERF-DATA-POOL: EventDataPool is Full
04-09 00:48:17.477  1296  1296 E ANDR-PERF-MPCTL: perf request submission limit reached.
04-09 00:48:17.480 24685 24694 W p.blearn.mobile: ApkAssets: Deleting an ApkAssets object '<empty> and /system_ext/priv-app/MiuiSystemUI/MiuiSystemUI.apk' with 1 weak references
04-09 00:48:17.480 24685 24694 W p.blearn.mobile: ApkAssets: Deleting an ApkAssets object '<empty> and /system_ext/app/miuisystem/miuisystem.apk' with 1 weak references
04-09 00:48:17.480 24685 24694 W p.blearn.mobile: ApkAssets: Deleting an ApkAssets object '/product/overlay/GmsSystemUIOverlay.apk' with 1 weak references
04-09 00:48:17.480 24685 24694 W p.blearn.mobile: ApkAssets: Deleting an ApkAssets object '/product/overlay/SystemUIResCommon_Sys.apk' with 1 weak references
04-09 00:48:17.481 24685 24694 W p.blearn.mobile: ApkAssets: Deleting an ApkAssets object '/product/overlay/DevicesOverlay.apk' with 1 weak references
04-09 00:48:17.481 24685 24694 W p.blearn.mobile: ApkAssets: Deleting an ApkAssets object '/product/overlay/MccMncOverlay.apk' with 1 weak references
04-09 00:48:17.483  1382  1382 D MI-SF   : mIsSupportAutomodeForMaxFpsSetting is 0(0), getCurrentBrightness() = 898(328), mIsKeepAutoMode 0
04-09 00:48:17.483  1382  1382 D RefreshRateSelector: fixedMode_group: 0, isFindModeGroup 0
04-09 00:48:17.483  1382  1382 D RefreshRateSelector: find max refresh rate:120, mode Group:0
04-09 00:48:17.484  1265  1475 E SDM     : HWCSession::GetClientTargetProperty: GetClinetTargetProperty interface enter
04-09 00:48:17.484  1296  1296 E ANDR-PERF-DATA-POOL: EventDataPool is Full
04-09 00:48:17.484  1296  1296 E ANDR-PERF-MPCTL: perf request submission limit reached.
04-09 00:48:17.491 24685 24685 D Capacitor: Starting BridgeActivity
04-09 00:48:17.491  1382  1382 D MI-SF   : mIsSupportAutomodeForMaxFpsSetting is 0(0), getCurrentBrightness() = 898(328), mIsKeepAutoMode 0
04-09 00:48:17.491  1382  1382 D RefreshRateSelector: fixedMode_group: 0, isFindModeGroup 0
04-09 00:48:17.491  1382  1382 D RefreshRateSelector: find max refresh rate:120, mode Group:0
04-09 00:48:17.492  1265  1475 E SDM     : HWCSession::GetClientTargetProperty: GetClinetTargetProperty interface enter
04-09 00:48:17.492  1296  1296 E ANDR-PERF-DATA-POOL: EventDataPool is Full
04-09 00:48:17.492  1296  1296 E ANDR-PERF-MPCTL: perf request submission limit reached.
04-09 00:48:17.499  1382  1382 D MI-SF   : mIsSupportAutomodeForMaxFpsSetting is 0(0), getCurrentBrightness() = 898(328), mIsKeepAutoMode 0
04-09 00:48:17.499  1382  1382 D RefreshRateSelector: fixedMode_group: 0, isFindModeGroup 0
04-09 00:48:17.499  1382  1382 D RefreshRateSelector: find max refresh rate:120, mode Group:0
04-09 00:48:17.500  1265  1475 E SDM     : HWCSession::GetClientTargetProperty: GetClinetTargetProperty interface enter
04-09 00:48:17.501  1296  1296 E ANDR-PERF-DATA-POOL: EventDataPool is Full
04-09 00:48:17.501  1296  1296 E ANDR-PERF-MPCTL: perf request submission limit reached.
04-09 00:48:17.508  1382  1382 D MI-SF   : mIsSupportAutomodeForMaxFpsSetting is 0(0), getCurrentBrightness() = 898(328), mIsKeepAutoMode 0
04-09 00:48:17.508  1382  1382 D RefreshRateSelector: fixedMode_group: 0, isFindModeGroup 0
04-09 00:48:17.508  1382  1382 D RefreshRateSelector: find max refresh rate:120, mode Group:0
04-09 00:48:17.509  1265  1475 E SDM     : HWCSession::GetClientTargetProperty: GetClinetTargetProperty interface enter
04-09 00:48:17.509  1296  1296 E ANDR-PERF-DATA-POOL: EventDataPool is Full
04-09 00:48:17.509  1296  1296 E ANDR-PERF-MPCTL: perf request submission limit reached.
04-09 00:48:17.514 24685 24685 D Capacitor: Registering plugin instance: CapacitorCookies
04-09 00:48:17.517  1265  1475 E SDM     : HWCSession::GetClientTargetProperty: GetClinetTargetProperty interface enter
04-09 00:48:17.517  1296  1296 E ANDR-PERF-DATA-POOL: EventDataPool is Full
04-09 00:48:17.518  1296  1296 E ANDR-PERF-MPCTL: perf request submission limit reached.
04-09 00:48:17.519 24685 24685 D Capacitor: Registering plugin instance: WebView
04-09 00:48:17.520 24685 24685 D Capacitor: Registering plugin instance: CapacitorHttp
04-09 00:48:17.522 24685 24685 D Capacitor: Registering plugin instance: SystemBars
04-09 00:48:17.525 24685 24685 D Capacitor: Registering plugin instance: ScreenTime
04-09 00:48:17.526  1265  1475 E SDM     : HWCSession::GetClientTargetProperty: GetClinetTargetProperty interface enter
04-09 00:48:17.526  1296  1296 E ANDR-PERF-DATA-POOL: EventDataPool is Full
04-09 00:48:17.526  1296  1296 E ANDR-PERF-MPCTL: perf request submission limit reached.
04-09 00:48:17.528 24685 24685 D Capacitor: Registering plugin instance: SocialLogin
04-09 00:48:17.533  1382  1382 D MI-SF   : mIsSupportAutomodeForMaxFpsSetting is 0(0), getCurrentBrightness() = 898(328), mIsKeepAutoMode 0
04-09 00:48:17.533  1382  1382 D RefreshRateSelector: fixedMode_group: 0, isFindModeGroup 0
04-09 00:48:17.533  1382  1382 D RefreshRateSelector: find max refresh rate:120, mode Group:0
04-09 00:48:17.534  1265  1475 E SDM     : HWCSession::GetClientTargetProperty: GetClinetTargetProperty interface enter
04-09 00:48:17.534  1296  1296 E ANDR-PERF-DATA-POOL: EventDataPool is Full
04-09 00:48:17.534  1296  1296 E ANDR-PERF-MPCTL: perf request submission limit reached.
04-09 00:48:17.538 24685 24685 W Capacitor: Unable to read file at path public/plugins
04-09 00:48:17.541  1382  1382 D MI-SF   : mIsSupportAutomodeForMaxFpsSetting is 0(0), getCurrentBrightness() = 898(328), mIsKeepAutoMode 0
04-09 00:48:17.541  1382  1382 D RefreshRateSelector: fixedMode_group: 0, isFindModeGroup 0
04-09 00:48:17.541  1382  1382 D RefreshRateSelector: find max refresh rate:120, mode Group:0
04-09 00:48:17.542 24685 24685 D Capacitor: Loading app at https://localhost
04-09 00:48:17.542  1265  1475 E SDM     : HWCSession::GetClientTargetProperty: GetClinetTargetProperty interface enter
