04-09 00:48:21.546 24685 24829 W Bitmap  : Called getDensity() on a recycle()'d bitmap! This is undefined behavior!
04-09 00:48:21.562 24685 24829 D IconCustomizer: Generate customized icon for com.google.android.apps.docs.editors.docs.png, false
04-09 00:48:21.562 24685 24829 W Bitmap  : Called getDensity() on a recycle()'d bitmap! This is undefined behavior!
04-09 00:48:21.577 24685 24829 D IconCustomizer: Generate customized icon for com.google.android.apps.docs.png, false
04-09 00:48:21.578 24685 24829 W Bitmap  : Called getDensity() on a recycle()'d bitmap! This is undefined behavior!
04-09 00:48:21.590 24685 24829 D IconCustomizer: Generate customized icon for com.mttnow.droid.easyjet.png, false
04-09 00:48:21.595 24685 24829 W Bitmap  : Called getDensity() on a recycle()'d bitmap! This is undefined behavior!
04-09 00:48:21.607 24685 24829 D IconCustomizer: Generate customized icon for net.easypark.android.png, false
04-09 00:48:21.608 24685 24829 W Bitmap  : Called getDensity() on a recycle()'d bitmap! This is undefined behavior!
04-09 00:48:21.610 24685 24694 W p.blearn.mobile: ApkAssets: Deleting an ApkAssets object '<empty> and /data/app/~~bDCoAiybuWuciDRTFitoUg==/com.google.android.apps.googleassistant-TYUgu5dyzWI8uc0ewm_2LA==/base.apk' with 1 weak references
04-09 00:48:21.620 24685 24829 D IconCustomizer: Generate customized icon for com.ebay.mobile.png, false
04-09 00:48:21.621 24685 24829 W Bitmap  : Called getDensity() on a recycle()'d bitmap! This is undefined behavior!
04-09 00:48:21.634 24685 24829 D IconCustomizer: Generate customized icon for de.elster.elstersecure.app.png, false
04-09 00:48:21.634 24685 24829 W Bitmap  : Called getDensity() on a recycle()'d bitmap! This is undefined behavior!
04-09 00:48:21.644 24685 24829 D IconCustomizer: Generate customized icon for host.exp.exponent.png, false
04-09 00:48:21.645 24685 24829 W Bitmap  : Called getDensity() on a recycle()'d bitmap! This is undefined behavior!
04-09 00:48:21.658 24685 24829 D IconCustomizer: Generate customized icon for com.facebook.katana.png, false
04-09 00:48:21.659 24685 24829 W Bitmap  : Called getDensity() on a recycle()'d bitmap! This is undefined behavior!
04-09 00:48:21.676 24685 24829 D IconCustomizer: Generate customized icon for com.google.android.apps.nbu.files.png, false
04-09 00:48:21.676 24685 24829 W Bitmap  : Called getDensity() on a recycle()'d bitmap! This is undefined behavior!
04-09 00:48:21.686 24685 24829 D IconCustomizer: Generate customized icon for de.finance_cloud.FinanceIdent.png, false
04-09 00:48:21.687 24685 24829 W Bitmap  : Called getDensity() on a recycle()'d bitmap! This is undefined behavior!
04-09 00:48:21.707 24685 24829 D IconCustomizer: Generate customized icon for de.dwins.financeguru.png, false
04-09 00:48:21.707 24685 24829 W Bitmap  : Called getDensity() on a recycle()'d bitmap! This is undefined behavior!
04-09 00:48:21.717 24685 24829 D IconCustomizer: Generate customized icon for de.flixbus.app.png, false
04-09 00:48:21.717 24685 24829 W Bitmap  : Called getDensity() on a recycle()'d bitmap! This is undefined behavior!
04-09 00:48:21.733 24685 24829 D IconCustomizer: Generate customized icon for com.google.android.apps.photos.png, false
04-09 00:48:21.733 24685 24829 W Bitmap  : Called getDensity() on a recycle()'d bitmap! This is undefined behavior!
04-09 00:48:21.751 24685 24829 I IconCustomizer: find better bitmap : 132, for com.xiaomi.glgm
04-09 00:48:21.753 24685 24829 I IconCustomizer: find better bitmap : 156, for com.xiaomi.glgm
04-09 00:48:21.754 24685 24829 I IconCustomizer: find better bitmap : 180, for com.xiaomi.glgm
04-09 00:48:21.754 24685 24829 D IconCustomizer: Content Ratio = 0.95
04-09 00:48:21.754 24685 24829 D IconCustomizer: drawableToBitmap: sourceWidth=180, sourceHeight=180, ratio=0.95
04-09 00:48:21.755 24685 24829 D IconCustomizer: Generate customized icon for com.xiaomi.glgm.png, false
04-09 00:48:21.755 24685 24829 W Bitmap  : Called getDensity() on a recycle()'d bitmap! This is undefined behavior!
04-09 00:48:21.770 24685 24829 D IconCustomizer: Generate customized icon for com.google.android.apps.bard.png, false
04-09 00:48:21.770 24685 24829 W Bitmap  : Called getDensity() on a recycle()'d bitmap! This is undefined behavior!
04-09 00:48:21.783 24685 24829 D IconCustomizer: Generate customized icon for de.gls.banking.png, false
04-09 00:48:21.783 24685 24829 W Bitmap  : Called getDensity() on a recycle()'d bitmap! This is undefined behavior!
04-09 00:48:21.800 24685 24829 D IconCustomizer: Generate customized icon for com.google.android.gm.png, false
04-09 00:48:21.801 24685 24829 W Bitmap  : Called getDensity() on a recycle()'d bitmap! This is undefined behavior!
04-09 00:48:21.820 24685 24829 D IconCustomizer: Generate customized icon for com.google.android.googlequicksearchbox.png, false
04-09 00:48:21.821 24685 24829 W Bitmap  : Called getDensity() on a recycle()'d bitmap! This is undefined behavior!
04-09 00:48:21.835 24685 24829 D IconCustomizer: Generate customized icon for com.google.android.apps.subscriptions.red.png, false
04-09 00:48:21.835 24685 24829 W Bitmap  : Called getDensity() on a recycle()'d bitmap! This is undefined behavior!
04-09 00:48:21.848 24685 24829 D IconCustomizer: Generate customized icon for com.habitfinesse.app.png, false
04-09 00:48:21.848 24685 24829 W Bitmap  : Called getDensity() on a recycle()'d bitmap! This is undefined behavior!
04-09 00:48:21.865 24685 24829 D IconCustomizer: Generate customized icon for com.google.android.apps.chromecast.app.png, false
04-09 00:48:21.866 24685 24829 W Bitmap  : Called getDensity() on a recycle()'d bitmap! This is undefined behavior!
04-09 00:48:21.880 24685 24829 D IconCustomizer: Generate customized icon for com.philips.lighting.hue2.png, false
04-09 00:48:21.880 24685 24829 W Bitmap  : Called getDensity() on a recycle()'d bitmap! This is undefined behavior!
04-09 00:48:21.891 24685 24829 D IconCustomizer: Generate customized icon for com.applidium.vianavigo.png, false
04-09 00:48:21.891 24685 24829 W Bitmap  : Called getDensity() on a recycle()'d bitmap! This is undefined behavior!
04-09 00:48:21.919 24685 24829 D IconCustomizer: Generate customized icon for com.inbody2014.inbody.png, false
04-09 00:48:21.920 24685 24829 W Bitmap  : Called getDensity() on a recycle()'d bitmap! This is undefined behavior!
04-09 00:48:21.934 24685 24829 I IconCustomizer: find better bitmap : 176, for com.mi.globalminusscreen
04-09 00:48:21.935 24685 24829 I IconCustomizer: find better bitmap : 182, for com.mi.globalminusscreen
04-09 00:48:21.936 24685 24829 I IconCustomizer: find better bitmap : 210, for com.mi.globalminusscreen
04-09 00:48:21.936 24685 24829 D IconCustomizer: Content Ratio = 0.8142857
04-09 00:48:21.936 24685 24829 D IconCustomizer: drawableToBitmap: sourceWidth=210, sourceHeight=210, ratio=0.8142857
04-09 00:48:21.937 24685 24829 D IconCustomizer: Generate customized icon for com.mi.globalminusscreen.png, false
04-09 00:48:21.937 24685 24829 W Bitmap  : Called getDensity() on a recycle()'d bitmap! This is undefined behavior!
04-09 00:48:21.945 24685 24829 I IconCustomizer: find better bitmap : 132, for fr.stime.mcommerce
04-09 00:48:21.946 24685 24829 I IconCustomizer: find better bitmap : 144, for fr.stime.mcommerce
04-09 00:48:21.946 24685 24829 I IconCustomizer: find better bitmap : 144, for fr.stime.mcommerce
04-09 00:48:21.947 24685 24829 D IconCustomizer: Content Ratio = 1.1875
04-09 00:48:21.947 24685 24829 D IconCustomizer: drawableToBitmap: sourceWidth=144, sourceHeight=144, ratio=1.1875
04-09 00:48:21.947 24685 24829 D IconCustomizer: Generate customized icon for fr.stime.mcommerce.png, false
04-09 00:48:21.947 24685 24829 W Bitmap  : Called getDensity() on a recycle()'d bitmap! This is undefined behavior!
04-09 00:48:21.952 15853 16193 D AudioTrackImpl: [audioTrackData][zero] 1s(f:0 m:0 s:0 k:0 z:1000) : pid 15853 uid 10518 sessionId 897 sr 48000 ch 2 fmt 1
04-09 00:48:21.957 24685 24829 D IconCustomizer: Generate customized icon for cc.dreamspark.intervaltimer.png, false
04-09 00:48:21.957 24685 24829 W Bitmap  : Called getDensity() on a recycle()'d bitmap! This is undefined behavior!
04-09 00:48:21.969 24685 24829 D IconCustomizer: Generate customized icon for com.idssandroid.png, false
04-09 00:48:21.969 24685 24829 W Bitmap  : Called getDensity() on a recycle()'d bitmap! This is undefined behavior!
04-09 00:48:21.986 24685 24829 D IconCustomizer: Generate customized icon for com.google.android.calendar.png, false
04-09 00:48:21.987 24685 24829 W Bitmap  : Called getDensity() on a recycle()'d bitmap! This is undefined behavior!
04-09 00:48:21.998 24685 24829 D IconCustomizer: Generate customized icon for de.komoot.android.png, false
04-09 00:48:21.999 24685 24829 W Bitmap  : Called getDensity() on a recycle()'d bitmap! This is undefined behavior!
04-09 00:48:22.000  2184  3148 I SmartPower: com.suno.android/10518(15853): background->idle(3894ms) R(resource inactive  uid:10518 pid:15853 audio) adj=700.
04-09 00:48:22.015 24685 24829 D IconCustomizer: Generate customized icon for com.google.android.contacts.png, false
04-09 00:48:22.020 24685 24829 W Bitmap  : Called getDensity() on a recycle()'d bitmap! This is undefined behavior!
04-09 00:48:22.022 15853 16193 D AudioTrackImpl: [audioTrackData][mute] 46s(f:0 m:46937 s:265 k:46065 z:0) : pid 15853 uid 10518 sessionId 889 sr 48000 ch 2 fmt 1
04-09 00:48:22.040 24685 24829 D IconCustomizer: Generate customized icon for com.kubi.kucoin.png, false
04-09 00:48:22.041 24685 24829 W Bitmap  : Called getDensity() on a recycle()'d bitmap! This is undefined behavior!
04-09 00:48:22.056 24685 24829 D IconCustomizer: Generate customized icon for volumebooster.soundspeaker.louder.png, false
04-09 00:48:22.057 24685 24829 W Bitmap  : Called getDensity() on a recycle()'d bitmap! This is undefined behavior!
04-09 00:48:22.067 24685 24829 D IconCustomizer: Generate customized icon for fr.leboncoin.png, false
04-09 00:48:22.067 24685 24829 W Bitmap  : Called getDensity() on a recycle()'d bitmap! This is undefined behavior!
04-09 00:48:22.069 15853 16235 D BufferPoolAccessor2.0: evictor expired: 1, evicted: 1
04-09 00:48:22.077 24685 24829 D IconCustomizer: Generate customized icon for com.google.ar.lens.png, false
04-09 00:48:22.078 24685 24829 W Bitmap  : Called getDensity() on a recycle()'d bitmap! This is undefined behavior!
04-09 00:48:22.090 24685 24829 D IconCustomizer: Generate customized icon for com.lidl.eci.lidlplus.png, false
04-09 00:48:22.091 24685 24829 W Bitmap  : Called getDensity() on a recycle()'d bitmap! This is undefined behavior!
04-09 00:48:22.099 24685 24829 D IconCustomizer: Generate customized icon for com.lingoda.application.png, false
04-09 00:48:22.099 24685 24829 W Bitmap  : Called getDensity() on a recycle()'d bitmap! This is undefined behavior!
04-09 00:48:22.113 24685 24829 D IconCustomizer: Generate customized icon for com.linkedin.android.png, false
04-09 00:48:22.114 24685 24829 W Bitmap  : Called getDensity() on a recycle()'d bitmap! This is undefined behavior!
04-09 00:48:22.123 24685 24829 D IconCustomizer: Generate customized icon for fr.airweb.occitanie.png, false
04-09 00:48:22.124 24685 24829 W Bitmap  : Called getDensity() on a recycle()'d bitmap! This is undefined behavior!
04-09 00:48:22.134 24685 24829 D IconCustomizer: Generate customized icon for tech.butterfly.app.png, false
04-09 00:48:22.135 24685 24829 W Bitmap  : Called getDensity() on a recycle()'d bitmap! This is undefined behavior!
04-09 00:48:22.154 24685 24829 D IconCustomizer: Generate customized icon for com.google.android.apps.maps.png, false
04-09 00:48:22.155 24685 24829 W Bitmap  : Called getDensity() on a recycle()'d bitmap! This is undefined behavior!
04-09 00:48:22.165 24685 24829 D IconCustomizer: Generate customized icon for com.mcdonalds.mobileapp.png, false
04-09 00:48:22.165 24685 24829 W Bitmap  : Called getDensity() on a recycle()'d bitmap! This is undefined behavior!
04-09 00:48:22.183 24685 24829 D IconCustomizer: Generate customized icon for de.mcdonalds.mcdonaldsinfoapp.png, false
04-09 00:48:22.184 24685 24829 W Bitmap  : Called getDensity() on a recycle()'d bitmap! This is undefined behavior!
04-09 00:48:22.201 24685 24829 D IconCustomizer: Generate customized icon for com.google.android.apps.tachyon.png, false
04-09 00:48:22.202 24685 24829 W Bitmap  : Called getDensity() on a recycle()'d bitmap! This is undefined behavior!
04-09 00:48:22.212 24685 24829 D IconCustomizer: Generate customized icon for com.meetup.png, false
04-09 00:48:22.213 24685 24829 W Bitmap  : Called getDensity() on a recycle()'d bitmap! This is undefined behavior!
04-09 00:48:22.225 24685 24829 D IconCustomizer: Generate customized icon for at.rsg.pfp.png, false
04-09 00:48:22.226 24685 24829 W Bitmap  : Called getDensity() on a recycle()'d bitmap! This is undefined behavior!
04-09 00:48:22.236 24685 24829 D IconCustomizer: Generate customized icon for com.google.android.apps.adm.png, false
04-09 00:48:22.237 24685 24829 W Bitmap  : Called getDensity() on a recycle()'d bitmap! This is undefined behavior!
04-09 00:48:22.250 24685 24829 D IconCustomizer: Generate customized icon for at.tmobile.android.myt.png, false
04-09 00:48:22.251 24685 24829 W Bitmap  : Called getDensity() on a recycle()'d bitmap! This is undefined behavior!
04-09 00:48:22.261 24685 24829 D IconCustomizer: Generate customized icon for de.otelo.android.png, false
04-09 00:48:22.261 24685 24829 W Bitmap  : Called getDensity() on a recycle()'d bitmap! This is undefined behavior!
04-09 00:48:22.270  1117  4862 I vendor.qti.bluetooth@1.0-ibs_handler: DeviceSleep: TX Awake, Sending SLEEP_IND
04-09 00:48:22.270  1117  4862 D vendor.qti.bluetooth@1.0-ibs_handler: SerialClockVote: vote for UART CLK OFF
04-09 00:48:22.271 24685 24829 D IconCustomizer: Generate customized icon for com.worldline.wallet.png, false
04-09 00:48:22.272 24685 24829 W Bitmap  : Called getDensity() on a recycle()'d bitmap! This is undefined behavior!
04-09 00:48:22.287 24685 24829 D IconCustomizer: Generate customized icon for com.google.android.apps.messaging.png, false
04-09 00:48:22.288 24685 24829 W Bitmap  : Called getDensity() on a recycle()'d bitmap! This is undefined behavior!
04-09 00:48:22.301 24685 24829 D IconCustomizer: Generate customized icon for com.facebook.orca.png, false
04-09 00:48:22.301 24685 24829 W Bitmap  : Called getDensity() on a recycle()'d bitmap! This is undefined behavior!
04-09 00:48:22.314 24685 24829 I IconCustomizer: find better bitmap : 132, for com.mi.globalbrowser
04-09 00:48:22.315 24685 24829 I IconCustomizer: find better bitmap : 156, for com.mi.globalbrowser
04-09 00:48:22.316 24685 24829 I IconCustomizer: find better bitmap : 180, for com.mi.globalbrowser
04-09 00:48:22.316 24685 24829 D IconCustomizer: Content Ratio = 0.95
04-09 00:48:22.316 24685 24829 D IconCustomizer: drawableToBitmap: sourceWidth=180, sourceHeight=180, ratio=0.95
04-09 00:48:22.316 24685 24829 D IconCustomizer: Generate customized icon for com.mi.globalbrowser.png, false
04-09 00:48:22.317 24685 24829 W Bitmap  : Called getDensity() on a recycle()'d bitmap! This is undefined behavior!
04-09 00:48:22.333 24685 24829 D IconCustomizer: Generate customized icon for com.s_payment.mobiles_bezahlen.png, false
04-09 00:48:22.334 24685 24829 W Bitmap  : Called getDensity() on a recycle()'d bitmap! This is undefined behavior!
04-09 00:48:22.355 24685 24829 I IconCustomizer: find better bitmap : 132, for fr.urbansoccer.app
04-09 00:48:22.355 24685 24829 I IconCustomizer: find better bitmap : 156, for fr.urbansoccer.app
04-09 00:48:22.356 24685 24829 I IconCustomizer: find better bitmap : 180, for fr.urbansoccer.app
04-09 00:48:22.357 24685 24829 D IconCustomizer: Content Ratio = 0.95
04-09 00:48:22.357 24685 24829 D IconCustomizer: drawableToBitmap: sourceWidth=180, sourceHeight=180, ratio=0.95
04-09 00:48:22.357 24685 24829 D IconCustomizer: Generate customized icon for fr.urbansoccer.app.png, false
04-09 00:48:22.358 24685 24829 W Bitmap  : Called getDensity() on a recycle()'d bitmap! This is undefined behavior!
04-09 00:48:22.374 24685 24829 D IconCustomizer: Generate customized icon for com.google.android.apps.magazines.png, false
04-09 00:48:22.375 24685 24829 W Bitmap  : Called getDensity() on a recycle()'d bitmap! This is undefined behavior!
04-09 00:48:22.385 24685 24829 D IconCustomizer: Generate customized icon for de.nextbike.png, false
04-09 00:48:22.385 24685 24829 W Bitmap  : Called getDensity() on a recycle()'d bitmap! This is undefined behavior!
04-09 00:48:22.401 24685 24829 D IconCustomizer: Generate customized icon for com.google.android.apps.labs.language.tailwind.png, false
04-09 00:48:22.401 24685 24829 W Bitmap  : Called getDensity() on a recycle()'d bitmap! This is undefined behavior!
04-09 00:48:22.420  1117  4628 D vendor.qti.bluetooth@1.0-wake_lock: Release wakelock is released 
04-09 00:48:22.422 24685 24829 D IconCustomizer: Generate customized icon for com.google.android.keep.png, false
04-09 00:48:22.423 24685 24829 W Bitmap  : Called getDensity() on a recycle()'d bitmap! This is undefined behavior!
04-09 00:48:22.435 24685 24829 D IconCustomizer: Generate customized icon for md.obsidian.png, false
04-09 00:48:22.436 24685 24829 W Bitmap  : Called getDensity() on a recycle()'d bitmap! This is undefined behavior!
04-09 00:48:22.455 24685 24829 D IconCustomizer: Generate customized icon for com.microsoft.office.onenote.png, false
04-09 00:48:22.455 24685 24829 W Bitmap  : Called getDensity() on a recycle()'d bitmap! This is undefined behavior!
04-09 00:48:22.468 24685 24829 D IconCustomizer: Generate customized icon for com.opodo.reisen.png, false
04-09 00:48:22.468 24685 24829 W Bitmap  : Called getDensity() on a recycle()'d bitmap! This is undefined behavior!
04-09 00:48:22.478 24685 24829 D IconCustomizer: Generate customized icon for fr.tramb.park4night.png, false
04-09 00:48:22.479 24685 24829 W Bitmap  : Called getDensity() on a recycle()'d bitmap! This is undefined behavior!
04-09 00:48:22.494 24685 24829 D IconCustomizer: Generate customized icon for com.paypal.android.p2pmobile.png, false
04-09 00:48:22.494 24685 24829 W Bitmap  : Called getDensity() on a recycle()'d bitmap! This is undefined behavior!
04-09 00:48:22.504 24685 24829 D IconCustomizer: Generate customized icon for ai.perplexity.app.android.png, false
04-09 00:48:22.505 24685 24829 W Bitmap  : Called getDensity() on a recycle()'d bitmap! This is undefined behavior!
04-09 00:48:22.516 24685 24829 D IconCustomizer: Generate customized icon for com.google.android.apps.books.png, false
04-09 00:48:22.517 24685 24829 W Bitmap  : Called getDensity() on a recycle()'d bitmap! This is undefined behavior!
04-09 00:48:22.525 24685 24829 D IconCustomizer: Generate customized icon for com.google.android.apps.playconsole.png, false
04-09 00:48:22.525 24685 24829 W Bitmap  : Called getDensity() on a recycle()'d bitmap! This is undefined behavior!
04-09 00:48:22.541 24685 24829 D IconCustomizer: Generate customized icon for com.google.android.play.games.png, false
04-09 00:48:22.541 24685 24829 W Bitmap  : Called getDensity() on a recycle()'d bitmap! This is undefined behavior!
04-09 00:48:22.555 24685 24829 D IconCustomizer: Generate customized icon for com.google.android.apps.podcasts.png, false
04-09 00:48:22.555 24685 24829 W Bitmap  : Called getDensity() on a recycle()'d bitmap! This is undefined behavior!
04-09 00:48:22.578 24685 24829 D IconCustomizer: Generate customized icon for com.revolut.revolut.png, false
04-09 00:48:22.578 24685 24829 W Bitmap  : Called getDensity() on a recycle()'d bitmap! This is undefined behavior!
04-09 00:48:22.587 24685 24829 I IconCustomizer: find better bitmap : 132, for com.entersekt.authapp.sparkasse
04-09 00:48:22.589 24685 24829 I IconCustomizer: find better bitmap : 156, for com.entersekt.authapp.sparkasse
04-09 00:48:22.590 24685 24829 I IconCustomizer: find better bitmap : 180, for com.entersekt.authapp.sparkasse
04-09 00:48:22.590 24685 24829 D IconCustomizer: Content Ratio = 0.95
04-09 00:48:22.590 24685 24829 D IconCustomizer: drawableToBitmap: sourceWidth=180, sourceHeight=180, ratio=0.95
04-09 00:48:22.591 24685 24829 D IconCustomizer: Generate customized icon for com.entersekt.authapp.sparkasse.png, false
04-09 00:48:22.591 24685 24829 W Bitmap  : Called getDensity() on a recycle()'d bitmap! This is undefined behavior!
04-09 00:48:22.600 24685 24829 D IconCustomizer: Generate customized icon for com.starfinanz.mobile.android.pushtan.png, false
04-09 00:48:22.601 24685 24829 W Bitmap  : Called getDensity() on a recycle()'d bitmap! This is undefined behavior!
04-09 00:48:22.611 24685 24829 D IconCustomizer: Generate customized icon for ch.sbb.mobile.android.b2c.png, false
04-09 00:48:22.612 24685 24829 W Bitmap  : Called getDensity() on a recycle()'d bitmap! This is undefined behavior!
04-09 00:48:22.629 24685 24829 D IconCustomizer: Generate customized icon for de.fiduciagad.securego.wl.png, false
04-09 00:48:22.629 24685 24829 W Bitmap  : Called getDensity() on a recycle()'d bitmap! This is undefined behavior!
04-09 00:48:22.645 24685 24829 D IconCustomizer: Generate customized icon for com.shazam.android.png, false
04-09 00:48:22.646 24685 24829 W Bitmap  : Called getDensity() on a recycle()'d bitmap! This is undefined behavior!
04-09 00:48:22.662 24685 24829 D IconCustomizer: Generate customized icon for com.google.android.apps.docs.editors.sheets.png, false
04-09 00:48:22.663 24685 24829 W Bitmap  : Called getDensity() on a recycle()'d bitmap! This is undefined behavior!
04-09 00:48:22.674 24685 24829 D IconCustomizer: Generate customized icon for com.google.android.apps.safetyhub.png, false
04-09 00:48:22.674 24685 24829 W Bitmap  : Called getDensity() on a recycle()'d bitmap! This is undefined behavior!
04-09 00:48:22.699 24685 24829 D IconCustomizer: Generate customized icon for org.thoughtcrime.securesms.png, false
04-09 00:48:22.699 24685 24829 W Bitmap  : Called getDensity() on a recycle()'d bitmap! This is undefined behavior!
04-09 00:48:22.721 24685 24829 D IconCustomizer: Generate customized icon for com.vsct.vsc.mobile.horaireetresa.android.png, false
04-09 00:48:22.721 24685 24829 W Bitmap  : Called getDensity() on a recycle()'d bitmap! This is undefined behavior!
04-09 00:48:22.732 24685 24829 D IconCustomizer: Generate customized icon for com.starfinanz.smob.android.sfinanzstatus.png, false
04-09 00:48:22.733 24685 24829 W Bitmap  : Called getDensity() on a recycle()'d bitmap! This is undefined behavior!
04-09 00:48:22.746 24685 24829 D IconCustomizer: Generate customized icon for com.sporteasy.android.png, false
04-09 00:48:22.747 24685 24829 W Bitmap  : Called getDensity() on a recycle()'d bitmap! This is undefined behavior!
04-09 00:48:22.758 24685 24829 D IconCustomizer: Generate customized icon for com.spotify.music.png, false
04-09 00:48:22.759 24685 24829 W Bitmap  : Called getDensity() on a recycle()'d bitmap! This is undefined behavior!
04-09 00:48:22.779 24685 24829 D IconCustomizer: Generate customized icon for com.suno.android.png, false
04-09 00:48:22.779 24685 24829 W Bitmap  : Called getDensity() on a recycle()'d bitmap! This is undefined behavior!
04-09 00:48:22.793 24685 24829 D IconCustomizer: Generate customized icon for com.google.android.apps.tasks.png, false
04-09 00:48:22.798 24685 24829 W Bitmap  : Called getDensity() on a recycle()'d bitmap! This is undefined behavior!
04-09 00:48:22.811 24685 24829 D IconCustomizer: Generate customized icon for de.soscomp.mobilemscandroid.taures.png, false
04-09 00:48:22.812 24685 24829 W Bitmap  : Called getDensity() on a recycle()'d bitmap! This is undefined behavior!
04-09 00:48:22.839 24685 24829 D IconCustomizer: Generate customized icon for de.dfb.teampunkt.png, false
04-09 00:48:22.840 24685 24829 W Bitmap  : Called getDensity() on a recycle()'d bitmap! This is undefined behavior!
04-09 00:48:22.854  4878  4878 D BoundBrokerSvc: onUnbind: Intent { act=com.google.android.gms.libs.gmscorelogger.service.START dat=chimera-action:/... cmp=com.google.android.gms/.chimera.PersistentDirectBootAwareApiService }
04-09 00:48:22.856  2184  4175 W ProcessStats: Tracking association SourceState{237d37e com.google.android.gms.persistent/10163 BTop #102482} whose proc state 2 is better than process ProcessState{458d884 com.google.android.adservices.api/10381 pkg=com.google.android.adservices.api} proc state 6 (115 skipped)
04-09 00:48:22.861 24685 24829 D IconCustomizer: Generate customized icon for com.microsoft.teams.png, false
04-09 00:48:22.861 24685 24829 W Bitmap  : Called getDensity() on a recycle()'d bitmap! This is undefined behavior!
04-09 00:48:22.878 24685 24829 D IconCustomizer: Generate customized icon for com.google.android.dialer.png, false
04-09 00:48:22.879 24685 24829 W Bitmap  : Called getDensity() on a recycle()'d bitmap! This is undefined behavior!
04-09 00:48:22.894 24685 24829 D IconCustomizer: Generate customized icon for org.telegram.messenger.png, false
04-09 00:48:22.895 24685 24829 W Bitmap  : Called getDensity() on a recycle()'d bitmap! This is undefined behavior!
04-09 00:48:22.915 24685 24829 D IconCustomizer: Generate customized icon for fr.tisseo.android.png, false
04-09 00:48:22.915 24685 24829 W Bitmap  : Called getDensity() on a recycle()'d bitmap! This is undefined behavior!
04-09 00:48:22.935 24685 24829 D IconCustomizer: Generate customized icon for org.toastmasters.innsbruck.png, false
04-09 00:48:22.936 24685 24829 W Bitmap  : Called getDensity() on a recycle()'d bitmap! This is undefined behavior!
04-09 00:48:22.953 24685 24829 D IconCustomizer: Generate customized icon for fr.toastmasters.toulouse.app.png, false
04-09 00:48:22.953 24685 24829 W Bitmap  : Called getDensity() on a recycle()'d bitmap! This is undefined behavior!
04-09 00:48:22.953 15853 16193 D AudioTrackImpl: [audioTrackData][zero] 2s(f:0 m:0 s:0 k:0 z:2001) : pid 15853 uid 10518 sessionId 897 sr 48000 ch 2 fmt 1
04-09 00:48:22.965 24685 24829 D IconCustomizer: Generate customized icon for com.trello.png, false
04-09 00:48:22.965 24685 24829 W Bitmap  : Called getDensity() on a recycle()'d bitmap! This is undefined behavior!
04-09 00:48:22.980 24685 24829 D IconCustomizer: Generate customized icon for com.lynxspa.prontotreno.png, false
04-09 00:48:22.980 24685 24829 W Bitmap  : Called getDensity() on a recycle()'d bitmap! This is undefined behavior!
04-09 00:48:22.991 24685 24829 D IconCustomizer: Generate customized icon for com.jcdecaux.vls.toulouse.png, false
04-09 00:48:22.991 24685 24829 W Bitmap  : Called getDensity() on a recycle()'d bitmap! This is undefined behavior!
04-09 00:48:23.013 24685 24829 D IconCustomizer: Generate customized icon for com.whatsapp.w4b.png, false
04-09 00:48:23.013 24685 24829 W Bitmap  : Called getDensity() on a recycle()'d bitmap! This is undefined behavior!
04-09 00:48:23.022 15853 16193 D AudioTrackImpl: [audioTrackData][mute] 47s(f:0 m:47937 s:265 k:47065 z:0) : pid 15853 uid 10518 sessionId 889 sr 48000 ch 2 fmt 1
04-09 00:48:23.024 24685 24829 D IconCustomizer: Generate customized icon for com.google.android.apps.walletnfcrel.png, false
04-09 00:48:23.024 24685 24829 W Bitmap  : Called getDensity() on a recycle()'d bitmap! This is undefined behavior!
04-09 00:48:23.040 24685 24829 D IconCustomizer: Generate customized icon for com.whatnot_mobile.png, false
04-09 00:48:23.040 24685 24829 W Bitmap  : Called getDensity() on a recycle()'d bitmap! This is undefined behavior!
04-09 00:48:23.058 24685 24829 D IconCustomizer: Generate customized icon for com.whatsapp.png, false
04-09 00:48:23.058 24685 24829 W Bitmap  : Called getDensity() on a recycle()'d bitmap! This is undefined behavior!
04-09 00:48:23.069 24685 24829 D IconCustomizer: Generate customized icon for de.buhl.steuerphone.png, false
04-09 00:48:23.069 24685 24829 W Bitmap  : Called getDensity() on a recycle()'d bitmap! This is undefined behavior!
04-09 00:48:23.086 24685 24829 I IconCustomizer: find better bitmap : 132, for com.lodecom.apps.deciplusmember
04-09 00:48:23.087 24685 24829 I IconCustomizer: find better bitmap : 156, for com.lodecom.apps.deciplusmember
04-09 00:48:23.088 24685 24829 I IconCustomizer: find better bitmap : 180, for com.lodecom.apps.deciplusmember
04-09 00:48:23.089 24685 24829 D IconCustomizer: Content Ratio = 0.95
04-09 00:48:23.089 24685 24829 D IconCustomizer: drawableToBitmap: sourceWidth=180, sourceHeight=180, ratio=0.95
04-09 00:48:23.089 24685 24829 D IconCustomizer: Generate customized icon for com.lodecom.apps.deciplusmember.png, false
04-09 00:48:23.090 24685 24829 W Bitmap  : Called getDensity() on a recycle()'d bitmap! This is undefined behavior!
04-09 00:48:23.108 24685 24829 D IconCustomizer: Generate customized icon for com.google.android.youtube.png, false
04-09 00:48:23.109 24685 24829 W Bitmap  : Called getDensity() on a recycle()'d bitmap! This is undefined behavior!
04-09 00:48:23.131 24685 24829 D IconCustomizer: Generate customized icon for us.zoom.videomeetings.png, false
04-09 00:48:23.132 24685 24829 W Bitmap  : Called getDensity() on a recycle()'d bitmap! This is undefined behavior!
04-09 00:48:23.141 24685 24829 D IconCustomizer: Generate customized icon for com.neave.zoomearth.png, false
04-09 00:48:23.141 24685 24829 W Bitmap  : Called getDensity() on a recycle()'d bitmap! This is undefined behavior!
04-09 00:48:23.155 24685 24829 D IconCustomizer: Generate customized icon for at.oebb.ts.png, false
04-09 00:48:23.156 24685 24829 W Bitmap  : Called getDensity() on a recycle()'d bitmap! This is undefined behavior!
04-09 00:48:23.172 24685 24829 D IconCustomizer: Generate customized icon for com.google.android.apps.translate.png, false
04-09 00:48:23.172 24685 24829 W Bitmap  : Called getDensity() on a recycle()'d bitmap! This is undefined behavior!
04-09 00:48:23.193 24685 24829 D IconCustomizer: Generate customized icon for com.pons.onlinedictionary.png, false
04-09 00:48:23.194 24685 24829 W Bitmap  : Called getDensity() on a recycle()'d bitmap! This is undefined behavior!
04-09 00:48:23.204  2184  2277 D IntervalStats: Unable to parse usage stats packages: [1763]
04-09 00:48:23.210  2184  2277 D IntervalStats: Unable to parse usage stats packages: [1763]
04-09 00:48:23.213  2184  2277 D IntervalStats: Unable to parse usage stats packages: [1763]
04-09 00:48:23.217  2184  2277 D IntervalStats: Unable to parse usage stats packages: [1763]
04-09 00:48:23.222  2184  2277 D IntervalStats: Unable to parse usage stats packages: [1765]
04-09 00:48:23.223  2184  2277 D IntervalStats: Unable to parse usage stats packages: [1765]
04-09 00:48:23.225  2184  2277 D IntervalStats: Unable to parse usage stats packages: [1765]
04-09 00:48:23.226  2184  2277 D IntervalStats: Unable to parse usage stats packages: [1765]
04-09 00:48:23.251  2184  4175 I AppsFilter: interaction: PackageSetting{4cf80b4 app.blearn.mobile/10030} -> PackageSetting{11aeb79 com.google.android.photopicker/10169} BLOCKED
04-09 00:48:23.253  2184  4175 I AppsFilter: interaction: PackageSetting{4cf80b4 app.blearn.mobile/10030} -> PackageSetting{f3dd0a4 com.google.android.captiveportallogin/10099} BLOCKED
04-09 00:48:23.281  2184  2273 W System  : A resource failed to call release. 
04-09 00:48:23.281  2184  2273 D HighMemoryManager: Java Memory used=105M max=512M. is system: true
04-09 00:48:23.281  2184  2273 V HighMemoryManager: Check mem usage finished! Next check delay: 0
04-09 00:48:23.303 24685 24829 D BlearnScreenTime: consume_pending_navigation_empty
04-09 00:48:23.343 24685 24685 I Capacitor/Console: File:  - Line 333 - Msg: {"apps":[{"packageName":"com.digibites.accubattery","appId":"com.digibites.accubattery","label":"AccuBattery","appName":"AccuBattery","icon":"iVBORw0KGgoAAAANSUhEUgAAAEgAAABICAYAAABV7bNHAAAAAXNSR0IArs4c6QAAAARzQklUCAgICHwIZIgAAA7LSURBVHic7Zx/cF3Fdcc/e+997+lJepItWZItZAvbgBkMOCGOQ9opAdICsXEoEzKdIdNMfnTSaVoKKcEQGmZom3YMzgRaAjMJbstQAoWhTALIOARKJoQWx4RfxeaHjZEsGduSrJ/v9727p3/sfe/JP/Skp/c8QEZHc+fuu3f37O53z5495+xewTzN0zzN0zzN0zz9jpKqNUN55IvuAa99gR9PJEygI3Wecmpdx7FklKPdvOR1NJ/suvSOMaUwteJdE4BEUH1P3PBxXOevlHA1SsVqwXcupBRJY+TfXcW9XRtue0OBVMWv2ga998Smr7qO83cinILipEvLrEkwomSPMvLd7o23PzpXNnMGqL/nxnOMqIdQchaomk/V2pGIgh0E8oVlV9z+fqWl5zTi/ds2fcmI2oFi9YcbHAClBHW+eGpfX893Lq+0dMUA9T256UYjzgMo4pWW/WBJxRTmp309m/60olKVZO59YtOXlOM8UFnDPmwkoo25bMXGLU/PJvesAdr/5M1nC/o3KPURk5wTkYw4bv70pZfdMTJTzllPMVH6kZMBjojYywhGT7mMfX5ySLUYHX1KZGYBmZUE7d92w9dEnK21Usgi4Kd9JvanSB/JAhBkNEFWlxrmQKw5CkqR6KynsaOOSDxSQ9NWRAdy6Yorbv9FuVzezGxQ/dvcW6lB04JMQGooy+HXR2Y038RAdjQPQHYkx9AboFzFkvNaqWuJ4UXdKlujlOdxN7CKMq2ZsdO9j99wnnLcndUagcNvjTOyZ/y455Pa8OxomowxGBH2ZX06oy51KOpdxZXtzSdsdfvZC1nQnahy2EQcY1Yt3bhlz3Q5ZpQg5brXMUd7CWC8P8nwm2PonHWPLAgBPaMpejM+gQgm1DUigjGGA5kwLULP0AR1CpbVRbhq8QJW1NeBwOD/jTKyZ4KONS00tM9VNSoljvdl4JZpc5QrLo980e1rWJFRqMhcqp8YSHHolSPF33uzPg8PJRnytQVFKdy1qxEIQQqVta29qKj9/30VYwwKWBLz+PrSNlY01FmmDiz7/Q7qFszR/RPeWLZh87lKnXialZWMg/FlC+cCjgkMvc8dLIKTNYYHh5Lc/f44Q/kAMQZEEEeRV0IeIcDefQU+Yi9lf4vjFKWrP53j1rf6eaB/EN8YMLD/+cO8v3MIMXNY9Rzae+/7yrTolgUoLypReY22wfmkb9M5n5t7R9g5mbXLOSBIESQCA4FGtLb3QIPWoI19ZzQgFlAJ78D2Q6N85aV3OJy1ijx5KMOBHYOVN1ZoyrW0TysEZXWQDkzEq3CxGHl3ogjOHt9wb0cn0tFZsncKto2IBSoI7F0EEUppQIyx94+tCteZUvkCr5uNYXM2S1tdhPRwjomBFE1dDbNvsBCN5KaPWZWVoLq4V9EaMd6fZHj3GGAlZ6v28AON+AHiB6CthNgrwPgagsBKTTA1bcCfklfb/BIEVsr8MO0HpLXhml3v0ZvKAHD4tRHSQ9nZN1rhLFw4/euaxm+G37TgZI3hzoEx8tp2RHTYySJIBSDCewhgKe2HYFgQ8AsATgUn5OMHiBF+tGcA3xjECIdeH6mZFV4zgEbfnSgu5Y8NJa2O0aY40oQdKwBRAKmQLnVeF8uUQPRLUhjmLQEXgBj2TqR4fGAIgCAdMLE/WZN+zWgHzYaCTMCR0Ah8N5PnpYmM1TFao0xAJCqgDFor/KwghYjxVH0U6iDEhOqmpJALaUIVj6vs0BqD+MYqeBH+c98Aa1sSdDfWc/j1URoW1+PFqrO4awJQaiiL8a1h94uGcdZ+LU/3BWnqFg3jxDRgsNaNAhGCvEtmrI4DbzSz9zcJDvfWkbcqJJwaoTL2FKrFQy2NYRa5SAzEARFTtJUQUPlzcUZzyGvD/Lj/EP/YuAKA7FiOxo76qvpWNUAiWN8KSJ+W4tN/cxBRhebbvxIZRAluTNPQkeOMjnFOv9hKTnasnh0PdvLOjnpY3oCcWY8flUKpY1avqfUL4imkLYb5bCdvCYzvMDT7iiNvjdPQHkdV4WNXrYP8tF909d6/woJTAqZwHf3MiGAEjLHWsqcbWZO4iH/98y3s3vog931jExctWU298ay+0QLGWtmly1hL24RTMbwbEe5ZaevKJ31MUJ2yrlqCJvaniul0dxpTtGYFUdhZEA5gwTYUgYhp4CLnes5RV+I5dSiUlQZHOL99Fee3r0IbQybIce/bT/Mvu7ahHQFHgbJTCxUOgBx9vdwoGByUgcmBFAuWz8neBaoESESK8Ry/0cd3ALEdLXa4AJJ2udrbSpf6BK7jgVviMR05SlHvxbh29UauXb0RgLwJeP7wq2xNfpvAuBhRgMF1fZoSGZYtGcG4KczuS3HTUdLD2Q8OIKA0vS4cItBHz3VrGVvFLL5LZ2QNrpq5yrwOiLonzhd1PD69+DSe89/DiQLKUJjKBiEPoBVDqwbpfKWrul1DqtRBYiA7bn0hP2YwGrRW9goU2thpFWjw87NTlCLCl+//8QyZwA8URoMp1KdVmIZAKwLXQpMezFBGSGekmkmQUYQSJFMeq9CnAqNlxtEUEe578Xle7H13xmoDX6E8q49EZMrdIKIw4XhIlbv0NbOkk615tDWej7/CES5HIsK+4UH+YfvjM464SIGndfyNlAIAOnDQBvafW/Em6gmpJoYiQN1gDL00xbEbBVaCBKPDYwQnwElEyPo+l/xwC4ExzCxrFnAnsPwEFdpe4cKAQ8fu9pr0qzqAlN19EAPih1KiONqQUxYcMdNLkABXbb2LvNbFcMdMpDWoQNllHykOTMHyimRsiEdVGduvCiCl7NZMdjSPm3IJSrs2RRkQlJUgf3o+W1/4Ja8d6D/KvDzlu9cB8Ktrb2J569HSIIDWDhhBFf01JzRSAVE4WYtMfVu8qs2qqnSQUqq4VXbmcx1oY6UomLKyFFc0ATnBuaZdBwf4+6d+NiVoVpKg6y++7DhwAIwElqd27BU4YV2l9LK3O2wbq+kgNdBBic56siM525ikQxAPiEYDorE8rqtRyroB+Qz4kiXG0c6jqxx++o2/BmDjj+4sgnNG22Kuu/CS4+oTEVJ6Em2AUAfZ1VKKK2csFSm8IHHKB+ysNnbUMfSGTXclNWOdk0WPHCiGT1EwHPTR6LYcVf7MxZ1HOaIA8UiE7d+8HqXUce8A/mf0SWtSBNaNse9UmIbu3hYcUShXVbElZKnqZT4Sj6BcO1ort3cXdxaEkntkwljzy6kny/KyZYTH/uwaot70Y7dz4jnE2GX+WOOUvMMfPLMKgFjCw/Gq62L1dpCCJee1AtA8kKD+YBwdHj4woecuYpfuF9I/wZSx3ESE71xyOed0Li3+nnoHyOo0fZk9aKMIAgffd9CBIggsQIv7FxDL2xVs0eoyweZZUk0MxbqWWFEbnvXo6aHCtfZPQTcoBwInzZvpX03L5+wlXfzlBX9Ytq4Xkg+RaBmhqTlFfUOaeDxLvD5DoinFwgUTXPzCymLeWCJadd9qApAXdWk/245W84EEy37diQnjNUaHUoRBucL9w9dPa+c8c80mnGPW5Kl5tfg8Ovm3xBvyNCQyJJpTNC+cpGlBkobGNOc/exZNI40AdK5dhBupvns1czUWdCfw6qztserny4vbyaYgSQqUIySdwzwx/M8V8xcR7jn8ddyogCdFKTXhetDa28rKnTbUGm3waFhcm6NMtdv2UdCxpgXlgKMdPvODdbhZt3gIQUTAERxP6JnYwq7JX8+atYjwy7GfsDt4GuWFYVgpbR6qvMO6x9aixDqwS9YuqirMOpXKAmSCy
04-09 00:48:23.343 24685 24685 I Capacitor/Console: File:  - Line 333 - Msg: undefined
04-09 00:48:23.344 24685 24685 I Capacitor/Console: File:  - Line 333 - Msg: {"monitoringActive":true,"vpnActive":false,"overlayPermission":true,"accessibilityPermission":true,"websiteBlockingAvailable":true,"websiteBlockingEnabled":false,"websiteBlockingPermission":true,"lastTriggerTarget":"com.suno.android","lastTriggerType":"app","lastTriggerAt":1775688225369,"handoffInProgress":false,"overlayVisible":false,"pendingQueueLength":0,"recentBlockingEvents":[{"stage":"abandoned","message":"pending_navigation_abandoned","sessionId":"a6cf0ebb-be1a-4e3c-9f77-009e1a424690","targetId":"com.google.android.apps.maps","targetType":"app","at":1775360743880},{"stage":"detected","message":"blocking target detected","sessionId":"7a3f1820-7f24-4b2b-a3d8-caeeef4dd86b","targetId":"com.google.android.apps.maps","targetType":"app","at":1775360744842},{"stage":"queued","message":"navigation queued for blocking flow","sessionId":"7a3f1820-7f24-4b2b-a3d8-caeeef4dd86b","targetId":"com.google.android.apps.maps","targetType":"app","at":1775360744842},{"stage":"overlay-mounted","message":"blocking host bootstrapped from launch payload","sessionId":"7a3f1820-7f24-4b2b-a3d8-caeeef4dd86b","targetId":"com.google.android.apps.maps","targetType":"app","at":1775360744979},{"stage":"reopened","message":"resuming active blocking flow after interruption","sessionId":"7a3f1820-7f24-4b2b-a3d8-caeeef4dd86b","targetId":"com.google.android.apps.maps","targetType":"app","at":1775360745277},{"stage":"handoff-complete","message":"blocking flow handoff completed in app shell","sessionId":"7a3f1820-7f24-4b2b-a3d8-caeeef4dd86b","targetId":"com.google.android.apps.maps","targetType":"app","at":1775360745601},{"stage":"abandoned","message":"pending_navigation_abandoned","sessionId":"7a3f1820-7f24-4b2b-a3d8-caeeef4dd86b","targetId":"com.google.android.apps.maps","targetType":"app","at":1775360765826},{"stage":"detected","message":"blocking target detected","sessionId":"987ce343-e9f8-4e9a-b1fe-961258ad3b50","targetId":"com.google.android.apps.maps","targetType":"app","at":1775360768297},{"stage":"queued","message":"navigation queued for blocking flow","sessionId":"987ce343-e9f8-4e9a-b1fe-961258ad3b50","targetId":"com.google.android.apps.maps","targetType":"app","at":1775360768297},{"stage":"overlay-mounted","message":"blocking host bootstrapped from launch payload","sessionId":"987ce343-e9f8-4e9a-b1fe-961258ad3b50","targetId":"com.google.android.apps.maps","targetType":"app","at":1775360768447},{"stage":"handoff-complete","message":"blocking flow handoff completed in app shell","sessionId":"987ce343-e9f8-4e9a-b1fe-961258ad3b50","targetId":"com.google.android.apps.maps","targetType":"app","at":1775360769168},{"stage":"dismissed","message":"blocking_overlay_dismissed","sessionId":"987ce343-e9f8-4e9a-b1fe-961258ad3b50","targetId":"com.google.android.apps.maps","targetType":"app","at":1775360788604},{"stage":"detected","message":"blocking target detected","sessionId":"859368a9-5e65-4a28-97bc-55764b4fe293","targetId":"com.mi.globalbrowser","targetType":"app","at":1775360813580},{"stage":"queued","message":"navigation queued for blocking flow","sessionId":"859368a9-5e65-4a28-97bc-55764b4fe293","targetId":"com.mi.globalbrowser","targetType":"app","at":1775360813580},{"stage":"overlay-mounted","message":"blocking host bootstrapped from launch payload","sessionId":"859368a9-5e65-4a28-97bc-55764b4fe293","targetId":"com.mi.globalbrowser","targetType":"app","at":1775360813830},{"stage":"handoff-complete","message":"blocking flow handoff completed in app shell","sessionId":"859368a9-5e65-4a28-97bc-55764b4fe293","targetId":"com.mi.globalbrowser","targetType":"app","at":1775360814510},{"stage":"stale-cleared","message":"stale handoff_complete discarded after 30110ms","sessionId":"859368a9-5e65-4a28-97bc-55764b4fe293","targetId":"com.mi.globalbrowser","targetType":"app","at":1775360844620},{"stage":"detected","message":"blocking target detected","sessionId":"0365d7b6-0b99-46e0-83e7-64673859aee4","targetId":"com.google.android.gm","targetType":"app","at":1775360960175},{"stage":"queued","mes
04-09 00:48:23.344 24685 24685 I Capacitor/Console: File:  - Line 333 - Msg: undefined
04-09 00:48:23.350 24685 24795 D Capacitor: Handling local request: https://localhost/assets/NotificationPermissionPrompt-Bk0N6YUZ.js
04-09 00:48:23.371 24685 24685 I Capacitor/Console: File:  - Line 349 - Msg: [object Object]
04-09 00:48:23.372 24685 24685 V Capacitor/Plugin: To native (Capacitor plugin): callbackId: 82983340, pluginId: ScreenTime, methodName: getNotificationPermissionState
04-09 00:48:23.372 24685 24685 V Capacitor: callback: 82983340, pluginId: ScreenTime, methodName: getNotificationPermissionState, methodData: {}
04-09 00:48:23.389 24685 24685 I Capacitor/Console: File:  - Line 333 - Msg: {"enabled":false,"state":"default"}
04-09 00:48:23.428 24685 24685 I Capacitor/Console: File:  - Line 349 - Msg: [object Object]
04-09 00:48:23.429 24685 24685 V Capacitor/Plugin: To native (Capacitor plugin): callbackId: 82983341, pluginId: ScreenTime, methodName: getNotificationPermissionState
04-09 00:48:23.429 24685 24685 V Capacitor: callback: 82983341, pluginId: ScreenTime, methodName: getNotificationPermissionState, methodData: {}
04-09 00:48:23.431 24685 24801 D Capacitor: Handling local request: https://localhost/assets/firebase-app-CJm5TCv8.js
04-09 00:48:23.431 24685 24795 D Capacitor: Handling local request: https://localhost/assets/firebase-shared-u_kSYnvb.js
04-09 00:48:23.452 24685 24685 I Capacitor/Console: File:  - Line 333 - Msg: {"enabled":false,"state":"default"}
04-09 00:48:23.616 24685 24685 I Capacitor/Console: File:  - Line 349 - Msg: [object Object]
04-09 00:48:23.618 24685 24685 V Capacitor/Plugin: To native (Capacitor plugin): callbackId: 82983342, pluginId: ScreenTime, methodName: consumePendingNavigation
04-09 00:48:23.618 24685 24685 V Capacitor: callback: 82983342, pluginId: ScreenTime, methodName: consumePendingNavigation, methodData: {}
04-09 00:48:23.619 24685 24829 D BlearnScreenTime: consume_pending_navigation_empty
04-09 00:48:23.619 24685 24813 D Capacitor: Handling local request: https://localhost/assets/firebase-auth-C8Uu-I49.js
04-09 00:48:23.622 24685 24685 I Capacitor/Console: File:  - Line 333 - Msg: undefined
04-09 00:48:23.724  1870  1870 I wificond: station_bandwidth: (
04-09 00:48:23.765  2184  2854 D AlarmManager: mBroadcastRefCount -> 1
04-09 00:48:23.771  2184  2184 W JobScheduler.JobStatus: Exempted app com.whatsapp considered buggy
04-09 00:48:23.771  2184  2184 W JobScheduler.JobStatus: Exempted app com.whatsapp considered buggy
04-09 00:48:23.771  2184  2184 W JobScheduler.JobStatus: Exempted app com.whatsapp considered buggy
04-09 00:48:23.772  2184  2184 D ActivityManager: checkAllowBackground: uid=1000 pkg=android rec=UidRecord{37d5426 1000 PER  fgServices change:procadj procs:0 seq(519133,516937)} caps=LCMNFU always=false idle=false
04-09 00:48:23.773  2184  2184 D AlarmManager: mBroadcastRefCount -> 0
04-09 00:48:23.773  2184  2184 D AlarmManager: mPendingIntent -> null
04-09 00:48:23.773  2184  2838 D ActivityManager: checkAllowBackground: uid=10165 pkg=com.android.vending rec=UidRecord{3681519 u0a165 TRNB bg:+5s731ms change:procstateprocadj procs:0 seq(519093,518701)} caps=---N-- always=false idle=false
04-09 00:48:23.773  2184  2838 D ActivityManager: checkAllowBackground: uid=10518 pkg=com.suno.android rec=UidRecord{2fee656 u0a518 LAST bg:+5s731ms change:cached|procstate|procadj procs:0 seq(519047,518654)} caps=------ always=false idle=false
04-09 00:48:23.780  2184  2922 I MiuiNetworkPolicy: updateUidState uid = 10518, uidState = 8
04-09 00:48:23.784  2184  2838 I whetstone.activity: Power Event callback listener is empty for resId=256
04-09 00:48:23.784  2184  2838 D BatteryStatsManagerStub: notifyEvent for resId=256 used 0ms
04-09 00:48:23.786  2184  2922 I MiuiNetworkPolicy: updateUidState uid = 99032, uidState = 8
04-09 00:48:23.789  2184  2838 I SmartPower: com.android.vending/10165(22435): idle->background(3739ms) R(service create com.android.vending/com.google.android.finsky.scheduler.process.mainimpl.PhoneskyJobServiceMain) adj=0.
04-09 00:48:23.792  2184  2838 I whetstone.activity: Power Event callback listener is empty for resId=256
04-09 00:48:23.792  2184  2838 D BatteryStatsManagerStub: notifyEvent for resId=256 used 0ms
04-09 00:48:23.802 15853 15892 I TRuntime.CctTransportBackend: Making request to: https://firebaselogging-pa.googleapis.com/v1/firelog/legacy/batchlog
04-09 00:48:23.811 22435 22435 I Finsky  : [2] SCH: job service start with id 9381.
04-09 00:48:23.826 22435 24956 I Finsky  : [298] SCH: Satisfied jobs for 9381 are: 12-1
04-09 00:48:23.830 22435 24955 I Finsky  : [297] SCH: Job 12-1 starting
04-09 00:48:23.832 22435 22435 I Finsky  : [2] WM::SCH: Logging work start for 12-1
04-09 00:48:23.847 22435 22435 I Finsky  : [2] [ContentSync] job started
04-09 00:48:23.872 24685 24685 I Capacitor/Console: File:  - Line 349 - Msg: [object Object]
04-09 00:48:23.873 24685 24685 V Capacitor/Plugin: To native (Capacitor plugin): callbackId: 82983343, pluginId: ScreenTime, methodName: consumePendingNavigation
04-09 00:48:23.873 24685 24685 V Capacitor: callback: 82983343, pluginId: ScreenTime, methodName: consumePendingNavigation, methodData: {}
04-09 00:48:23.874 24685 24829 D BlearnScreenTime: consume_pending_navigation_empty
04-09 00:48:23.875 24685 24685 I Capacitor/Console: File:  - Line 333 - Msg: undefined
04-09 00:48:23.954 15853 16193 D AudioTrackImpl: [audioTrackData][zero] 3s(f:0 m:0 s:0 k:0 z:3002) : pid 15853 uid 10518 sessionId 897 sr 48000 ch 2 fmt 1
04-09 00:48:24.022 15853 16193 D AudioTrackImpl: [audioTrackData][mute] 48s(f:0 m:48937 s:265 k:48065 z:0) : pid 15853 uid 10518 sessionId 889 sr 48000 ch 2 fmt 1
04-09 00:48:24.069 15853 16235 D BufferPoolAccessor2.0: bufferpool2 0xb40000716c01aa28 : 5(40960 size) total buffers - 0(0 size) used buffers - 11098/11133 (recycle/alloc) - 55/11089 (fetch/transfer)
04-09 00:48:24.069 15853 16235 D BufferPoolAccessor2.0: evictor expired: 1, evicted: 1
04-09 00:48:24.078  1914  2771 D BufferPoolAccessor2.0: bufferpool2 0xb40000733754da28 : 6(24576 size) total buffers - 4(16384 size) used buffers - 11070/11085 (recycle/alloc) - 45/11085 (fetch/transfer)
04-09 00:48:24.078  1914  2771 D BufferPoolAccessor2.0: evictor expired: 1, evicted: 1
04-09 00:48:24.087  2184  2922 D MiuiNetworkPolicy: updateLimit mLimitEnabled=false,enabled=true,mNetworkPriorityMode=0,mThermalForceMode=0
04-09 00:48:24.088  2184  2922 I MiuiNetworkPolicy: getEnableLimitTimeout when thermal mode is:0
04-09 00:48:24.131 24685 24685 I Capacitor/Console: File:  - Line 349 - Msg: [object Object]
04-09 00:48:24.132 24685 24685 V Capacitor/Plugin: To native (Capacitor plugin): callbackId: 82983344, pluginId: ScreenTime, methodName: consumePendingNavigation
04-09 00:48:24.132 24685 24685 V Capacitor: callback: 82983344, pluginId: ScreenTime, methodName: consumePendingNavigation, methodData: {}
04-09 00:48:24.133 24685 24829 D BlearnScreenTime: consume_pending_navigation_empty
04-09 00:48:24.145 24685 24685 I Capacitor/Console: File:  - Line 333 - Msg: undefined
04-09 00:48:24.231 22435 22435 W Finsky  : [2] STU: Failed to get storage stats for package 'com.google.mainline.primary.libs' (1601: Error getting stats: android.content.pm.PackageManager.NameNotFoundException)
04-09 00:48:24.241 22435 22435 W Finsky  : [2] STU: Failed to get storage stats for package 'com.android.wifi' (1601: Error getting stats: android.content.pm.PackageManager.NameNotFoundException)
04-09 00:48:24.324 22435 22435 W Finsky  : [2] STU: Failed to get storage stats for package 'com.google.android.devicelock' (1601: Error getting stats: android.content.pm.PackageManager.NameNotFoundException)
04-09 00:48:24.361 22435 22435 W Finsky  : [2] STU: Failed to get storage stats for package 'com.android.apex.cts.shim' (1601: Error getting stats: android.content.pm.PackageManager.NameNotFoundException)
04-09 00:48:24.396 24685 24685 I Capacitor/Console: File:  - Line 349 - Msg: [object Object]
04-09 00:48:24.397 24685 24685 V Capacitor/Plugin: To native (Capacitor plugin): callbackId: 82983345, pluginId: ScreenTime, methodName: consumePendingNavigation
04-09 00:48:24.397 24685 24685 V Capacitor: callback: 82983345, pluginId: ScreenTime, methodName: consumePendingNavigation, methodData: {}
04-09 00:48:24.398 24685 24829 D BlearnScreenTime: consume_pending_navigation_empty
04-09 00:48:24.399 24685 24685 I Capacitor/Console: File:  - Line 333 - Msg: undefined
04-09 00:48:24.402 22435 22435 W Finsky  : [2] STU: Failed to get storage stats for package 'com.google.android.appsearch' (1601: Error getting stats: android.content.pm.PackageManager.NameNotFoundException)
04-09 00:48:24.414 22435 22435 W Finsky  : [2] STU: Failed to get storage stats for package 'com.google.android.art' (1601: Error getting stats: android.content.pm.PackageManager.NameNotFoundException)
04-09 00:48:24.440  2184  2922 I MiuiNetworkPolicy: updateUidState uid = 10087, uidState = 15
04-09 00:48:24.445  2184  2922 I MiuiNetworkPolicy: updateUidState uid = 10109, uidState = 15
04-09 00:48:24.484 22435 22435 W Finsky  : [2] STU: Failed to get storage stats for package 'com.google.android.mediaprovider' (1601: Error getting stats: android.content.pm.PackageManager.NameNotFoundException)
04-09 00:48:24.502 22435 22435 W Finsky  : [2] STU: Failed to get storage stats for package 'com.android.virt' (1601: Error getting stats: android.content.pm.PackageManager.NameNotFoundException)
04-09 00:48:24.502 22435 22435 W Finsky  : [2] STU: Failed to get storage stats for package 'com.google.android.resolv' (1601: Error getting stats: android.content.pm.PackageManager.NameNotFoundException)
04-09 00:48:24.520 22435 22435 W Finsky  : [2] STU: Failed to get storage stats for package 'com.google.android.configinfrastructure' (1601: Error getting stats: android.content.pm.PackageManager.NameNotFoundException)
