04-09 00:48:24.520 22435 22435 W Finsky  : [2] STU: Failed to get storage stats for package 'com.google.android.media' (1601: Error getting stats: android.content.pm.PackageManager.NameNotFoundException)
04-09 00:48:24.564 22435 22435 W Finsky  : [2] STU: Failed to get storage stats for package 'com.android.vndk.v31' (1601: Error getting stats: android.content.pm.PackageManager.NameNotFoundException)
04-09 00:48:24.566 22435 22435 W Finsky  : [2] STU: Failed to get storage stats for package 'com.android.vndk.v30' (1601: Error getting stats: android.content.pm.PackageManager.NameNotFoundException)
04-09 00:48:24.566 22435 22435 W Finsky  : [2] STU: Failed to get storage stats for package 'com.android.vndk.v33' (1601: Error getting stats: android.content.pm.PackageManager.NameNotFoundException)
04-09 00:48:24.566 22435 22435 W Finsky  : [2] STU: Failed to get storage stats for package 'com.android.vndk.v32' (1601: Error getting stats: android.content.pm.PackageManager.NameNotFoundException)
04-09 00:48:24.568 22435 22435 W Finsky  : [2] STU: Failed to get storage stats for package 'com.android.vndk.v34' (1601: Error getting stats: android.content.pm.PackageManager.NameNotFoundException)
04-09 00:48:24.615 22435 22435 W Finsky  : [2] STU: Failed to get storage stats for package 'com.google.android.sdkext' (1601: Error getting stats: android.content.pm.PackageManager.NameNotFoundException)
04-09 00:48:24.625 22435 22435 W Finsky  : [2] STU: Failed to get storage stats for package 'com.google.android.adservices' (1601: Error getting stats: android.content.pm.PackageManager.NameNotFoundException)
04-09 00:48:24.625 22435 22435 W Finsky  : [2] STU: Failed to get storage stats for package 'com.google.android.tethering' (1601: Error getting stats: android.content.pm.PackageManager.NameNotFoundException)
04-09 00:48:24.651 24685 24685 I Capacitor/Console: File:  - Line 349 - Msg: [object Object]
04-09 00:48:24.653 24685 24685 V Capacitor/Plugin: To native (Capacitor plugin): callbackId: 82983346, pluginId: ScreenTime, methodName: consumePendingNavigation
04-09 00:48:24.654 24685 24685 V Capacitor: callback: 82983346, pluginId: ScreenTime, methodName: consumePendingNavigation, methodData: {}
04-09 00:48:24.660 24685 24829 D BlearnScreenTime: consume_pending_navigation_empty
04-09 00:48:24.664 22435 22435 W Finsky  : [2] STU: Failed to get storage stats for package 'com.android.runtime' (1601: Error getting stats: android.content.pm.PackageManager.NameNotFoundException)
04-09 00:48:24.666 24685 24795 D Capacitor: Handling local request: https://localhost/assets/firebaseLearningSyncService-DLbzrlYU.js
04-09 00:48:24.668 24685 24794 D Capacitor: Handling local request: https://localhost/assets/firebase-firestore-h5awkdrR.js
04-09 00:48:24.677 24685 24685 I Capacitor/Console: File:  - Line 349 - Msg: [object Object]
04-09 00:48:24.678 24685 24685 V Capacitor/Plugin: To native (Capacitor plugin): callbackId: 82983347, pluginId: ScreenTime, methodName: syncPolicies
04-09 00:48:24.678 24685 24685 V Capacitor: callback: 82983347, pluginId: ScreenTime, methodName: syncPolicies, methodData: {"snapshot":{"activeModes":["strict","learn"],"gateRule":{"sessionCreditsRequired":1,"requiredCorrectReviews":1,"unlockDurationMinutes":15,"typedAnswerMaxWords":3,"typedAnswerEnabled":true,"reviewAheadHours":24},"blockedPackages":["com.google.android.apps.maps","com.mi.globalbrowser","com.google.android.gm","com.google.android.apps.tasks","com.android.chrome","cc.dreamspark.intervaltimer","com.android.deskclock","com.google.android.apps.labs.language.tailwind","com.google.android.dialer","com.google.android.keep","com.suno.android","com.google.android.apps.googleassistant"],"blockedDomains":[],"blockedSearchTerms":[],"unlockedTargets":{"com.google.android.apps.walletnfcrel":1774294554883,"com.amazon.mshop.android.shopping":1775244404583,"com.google.android.gm":1775248718703,"com.suno.android":1775271337802,"com.android.chrome":1775361945177},"strictLockScope":null,"fullLockBlocksAllApps":false,"penaltyAmountSats":null,"targets":[{"id":"com.google.android.apps.maps","type":"app","mode":"learn","deckId":"deck_pizq5ngs","requiredCorrectReviews":8,"unlockDurationMinutes":15,"enabled":true},{"id":"com.mi.globalbrowser","type":"app","mode":"learn","deckId":"deck_pizq5ngs","requiredCorrectReviews":8,"unlockDurationMinutes":15,"enabled":true},{"id":"com.google.android.gm","type":"app","mode":"learn","deckId":"deck_pizq5ngs","requiredCorrectReviews":8,"unlockDurationMinutes":15,"enabled":true},{"id":"com.google.android.apps.tasks","type":"app","mode":"learn","deckId":"deck_pizq5ngs","requiredCorrectReviews":8,"unlockDurationMinutes":15,"enabled":true},{"id":"com.android.chrome","type":"app","mode":"learn","deckId":"deck_pizq5ngs","requiredCorrectReviews":8,"unlockDurationMinutes":15,"enabled":true},{"id":"cc.dreamspark.intervaltimer","type":"app","mode":"learn","deckId":"deck_pizq5ngs","requiredCorrectReviews":8,"unlockDurationMinutes":15,"enabled":true},{"id":"com.android.deskclock","type":"app","mode":"strict","requiredCorrectReviews":1,"unlockDurationMinutes":15,"enabled":true},{"id":"com.google.android.apps.labs.language.tailwind","type":"app","mode":"strict","requiredCorrectReviews":1,"unlockDurationMinutes":15,"enabled":true},{"id":"com.google.android.dialer","type":"app","mode":"strict","requiredCorrectReviews":1,"unlockDurationMinutes":15,"enabled":true},{"id":"com.google.android.keep","type":"app","mode":"strict","requiredCorrectReviews":1,"unlockDurationMinutes":15,"enabled":true},{"id":"com.suno.android","type":"app","mode":"strict","requiredCorrectReviews":1,"unlockDurationMinutes":15,"enabled":true},{"id":"com.google.android.apps.googleassistant","type":"app","mode":"strict","requiredCorrectReviews":1,"unlockDurationMinutes":15,"enabled":true}]}}
04-09 00:48:24.681 24685 24685 I Capacitor/Console: File:  - Line 333 - Msg: undefined
04-09 00:48:24.681 24685 24829 D BlearnScreenTime: policy synced monitoring=true website=false appTargets=12 searchTargets=0 websiteTargets=0
04-09 00:48:24.696 24685 24685 I Capacitor/Console: File:  - Line 333 - Msg: undefined
04-09 00:48:24.717 22435 22435 W Finsky  : [2] STU: Failed to get storage stats for package 'com.google.android.cellbroadcast' (1601: Error getting stats: android.content.pm.PackageManager.NameNotFoundException)
04-09 00:48:24.919 22435 22435 W Finsky  : [2] STU: Failed to get storage stats for package 'com.google.android.tzdata5' (1601: Error getting stats: android.content.pm.PackageManager.NameNotFoundException)
04-09 00:48:24.928 24685 24685 I Capacitor/Console: File:  - Line 349 - Msg: [object Object]
04-09 00:48:24.928 24685 24685 V Capacitor/Plugin: To native (Capacitor plugin): callbackId: 82983348, pluginId: ScreenTime, methodName: consumePendingNavigation
04-09 00:48:24.928 24685 24685 V Capacitor: callback: 82983348, pluginId: ScreenTime, methodName: consumePendingNavigation, methodData: {}
04-09 00:48:24.930 24685 24829 D BlearnScreenTime: consume_pending_navigation_empty
04-09 00:48:24.931 24685 24685 I Capacitor/Console: File:  - Line 333 - Msg: undefined
04-09 00:48:24.952 22435 22435 W Finsky  : [2] STU: Failed to get storage stats for package 'com.google.android.permission' (1601: Error getting stats: android.content.pm.PackageManager.NameNotFoundException)
04-09 00:48:24.955 15853 16193 D AudioTrackImpl: [audioTrackData][zero] 4s(f:0 m:0 s:0 k:0 z:4003) : pid 15853 uid 10518 sessionId 897 sr 48000 ch 2 fmt 1
04-09 00:48:24.983  2184  2568 I ExtM    : zram userate is low, no need to flush: 39
04-09 00:48:25.023 15853 16193 D AudioTrackImpl: [audioTrackData][mute] 49s(f:0 m:49938 s:265 k:49066 z:0) : pid 15853 uid 10518 sessionId 889 sr 48000 ch 2 fmt 1
04-09 00:48:25.182 24685 24685 I Capacitor/Console: File:  - Line 349 - Msg: [object Object]
04-09 00:48:25.184 24685 24685 V Capacitor/Plugin: To native (Capacitor plugin): callbackId: 82983349, pluginId: ScreenTime, methodName: consumePendingNavigation
04-09 00:48:25.184 24685 24685 V Capacitor: callback: 82983349, pluginId: ScreenTime, methodName: consumePendingNavigation, methodData: {}
04-09 00:48:25.185 24685 24829 D BlearnScreenTime: consume_pending_navigation_empty
04-09 00:48:25.194 24685 24685 I Capacitor/Console: File:  - Line 333 - Msg: undefined
04-09 00:48:25.358  2184  2922 I MiuiNetworkPolicy: updateUidState uid = 10109, uidState = 19
04-09 00:48:25.437 24685 24685 I Capacitor/Console: File:  - Line 349 - Msg: [object Object]
04-09 00:48:25.437 24685 24685 V Capacitor/Plugin: To native (Capacitor plugin): callbackId: 82983350, pluginId: ScreenTime, methodName: consumePendingNavigation
04-09 00:48:25.438 24685 24685 V Capacitor: callback: 82983350, pluginId: ScreenTime, methodName: consumePendingNavigation, methodData: {}
04-09 00:48:25.439 24685 24829 D BlearnScreenTime: consume_pending_navigation_empty
04-09 00:48:25.440 24685 24685 I Capacitor/Console: File:  - Line 333 - Msg: undefined
04-09 00:48:25.441  7397  9496 I efti    : (REDACTED) appOpsListener %s %s
04-09 00:48:25.441  7397  9496 I efti    : (REDACTED) Ignoring irrelevant audio permission changes for package %s
04-09 00:48:25.691 24685 24685 I Capacitor/Console: File:  - Line 349 - Msg: [object Object]
04-09 00:48:25.692 24685 24685 V Capacitor/Plugin: To native (Capacitor plugin): callbackId: 82983351, pluginId: ScreenTime, methodName: consumePendingNavigation
04-09 00:48:25.692 24685 24685 V Capacitor: callback: 82983351, pluginId: ScreenTime, methodName: consumePendingNavigation, methodData: {}
04-09 00:48:25.694 24685 24829 D BlearnScreenTime: consume_pending_navigation_empty
04-09 00:48:25.695 24685 24685 I Capacitor/Console: File:  - Line 333 - Msg: undefined
04-09 00:48:25.821  1314 21380 I QC2Comp : [avcD_167] Stats: Pending(7) i/p-done(3) Works: Q: 25/Done 20|Work-Rate: Q(0.0/s Avg=0.0/s) Done(0.000/s Avg=0.028/s)| Stream: 30.00fps 3.0Mbps
04-09 00:48:25.821  1314 21380 I QC2Comp : Mem-usage:  [In-1D - 7 bufs 20.918 MB] [1D-0 - 11 bufs 0.172 MB] [2D-155 - 19 bufs 27.164 MB]
04-09 00:48:25.821  1314 21380 I QC2Comp : Total Mem-usage: 48.254 MB
04-09 00:48:25.830  4878 19377 I NearbyMediums: No BLE Fast/GATT advertisements found in the latest cycle.
04-09 00:48:25.830  4878 19377 I NearbyMediums: Current Tracked Scanning Clients are : {NearbyConnections.EnvironmentMonitor, NearbySharing}
04-09 00:48:25.919  2184  2568 I ExtM    : zram userate is low, no need to flush: 39
04-09 00:48:25.931  2184  4175 D WifiNl80211Manager: Scan result ready event
04-09 00:48:25.931  2184  4175 D WifiNative: Scan result ready event
04-09 00:48:25.937  1959 25166 I LOWI-9.0.0.87: [LOWI-Scan] lowi_close_record:Scan done in 97154333ms, 25 APs in scan results
04-09 00:48:25.957 15853 16193 D AudioTrackImpl: [audioTrackData][zero] 5s(f:0 m:0 s:0 k:0 z:5004) : pid 15853 uid 10518 sessionId 897 sr 48000 ch 2 fmt 1
04-09 00:48:25.981  2184  2923 D PasspointManager: ANQP entry not found for: 6c:ff:ce:da:4e:8b:<Bbox-A524F217-Plus>
04-09 00:48:25.984  2184  2923 D PasspointManager: ANQP entry not found for: 92:ff:ce:da:4e:8f:<Bbox-A524F217>
04-09 00:48:25.985  2184  2923 D PasspointManager: ANQP entry not found for: 6c:ff:ce:da:4e:88:<Bbox-A524F217-Plus>
04-09 00:48:25.986  2184  2923 D PasspointManager: ANQP entry not found for: 7a:ff:ce:da:4e:89:<>
04-09 00:48:25.986  2184  2923 D PasspointManager: ANQP entry not found for: 7a:ff:ce:da:4e:8c:<Bbox-A524F217>
04-09 00:48:26.005  2184  3434 E AppScanObserverService: Result available, null observers for user: 0
04-09 00:48:26.022 15853 16193 D AudioTrackImpl: [audioTrackData][mute] 50s(f:0 m:50937 s:265 k:50065 z:0) : pid 15853 uid 10518 sessionId 889 sr 48000 ch 2 fmt 1
04-09 00:48:26.023  2184  2568 I ExtM    : zram userate is low, no need to flush: 39
04-09 00:48:26.036 15853 15892 I TRuntime.CctTransportBackend: Status Code: 200
04-09 00:48:26.043 24685 24685 W Capacitor/Console: File: https://localhost/assets/firebaseLearningSyncService-DLbzrlYU.js - Line 2 - Msg: Skipping oversized learning cloud mutation document (21357448 bytes); relying on snapshot reload instead.
04-09 00:48:26.043 24685 24685 W Capacitor/Console: File: https://localhost/assets/firebaseLearningSyncService-DLbzrlYU.js - Line 2 - Msg: Skipping oversized learning cloud delta mutation for state (6577 entities, 61 review logs); falling back to snapshot writes.
04-09 00:48:26.046  2184  4175 I whetstone.activity: Power Event callback listener is empty for resId=256
04-09 00:48:26.046  2184  4175 D BatteryStatsManagerStub: notifyEvent for resId=256 used 1ms
04-09 00:48:26.048  2184  4175 I SmartPower: com.suno.android/10518(15853): idle->background(4048ms) R(service unbind com.suno.android/com.google.android.datatransport.runtime.scheduling.jobscheduling.JobInfoSchedulerService) adj=250.
04-09 00:48:26.051  2184  2922 I MiuiNetworkPolicy: updateUidState uid = 99032, uidState = 10
04-09 00:48:26.052  2184  2922 I MiuiNetworkPolicy: updateUidState uid = 10518, uidState = 10
04-09 00:48:26.056  2184  2922 I MiuiNetworkPolicy: updateUidState uid = 10518, uidState = 15
04-09 00:48:26.109  1314 21393 I QC2Comp : [avcD_168] Stats: Pending(9) i/p-done(5) Works: Q: 7146/Done 7138|Work-Rate: Q(0.0/s Avg=9.8/s) Done(0.000/s Avg=9.838/s)| Stream: 30.00fps 6.6Mbps
04-09 00:48:26.109  1314 21393 I QC2Comp : Mem-usage:  [In-1D - 12 bufs 35.859 MB] [1D-0 - 10 bufs 0.156 MB] [2D-156 - 18 bufs 49.781 MB]
04-09 00:48:26.109  1314 21393 I QC2Comp : Total Mem-usage: 85.797 MB
04-09 00:48:26.183  2184  2595 I ActivityManager: Killing 24861:com.android.camera/u0a87 (adj 600): MiuiMemoryService(recent-provider)
04-09 00:48:26.190 24685 24685 I Capacitor/Console: File:  - Line 349 - Msg: [object Object]
04-09 00:48:26.191 24685 24685 V Capacitor/Plugin: To native (Capacitor plugin): callbackId: 82983352, pluginId: ScreenTime, methodName: consumePendingNavigation
04-09 00:48:26.191 24685 24685 V Capacitor: callback: 82983352, pluginId: ScreenTime, methodName: consumePendingNavigation, methodData: {}
04-09 00:48:26.192  2184  2595 I libc    : kill: send 9 to pid 24861 real pid 24861
04-09 00:48:26.192 24685 24829 D BlearnScreenTime: consume_pending_navigation_empty
04-09 00:48:26.194  1296  1296 E vendor.qti.hardware.perf@2.2-service: Unknown params
04-09 00:48:26.194  1296  1296 E vendor.qti.hardware.perf@2.2-service: Unknown params
04-09 00:48:26.194  1296  1296 E vendor.qti.hardware.perf@2.2-service: Unknown params
04-09 00:48:26.194 24685 24685 I Capacitor/Console: File:  - Line 333 - Msg: undefined
04-09 00:48:26.194  1296  1296 E ANDR-PERF-DATA-POOL: EventDataPool is Full
04-09 00:48:26.195  1296  1296 E ANDR-PERF-MPCTL: perf request submission limit reached.
04-09 00:48:26.195  2184  2566 I libc    : kill: send 9 to pid -24861 real pid -24861
04-09 00:48:26.195  2184  2566 I libc    : kill: send 9 to pid 24861 real pid 24861
04-09 00:48:26.201  2184  2566 I libc    : kill: send 9 to pid -24861 real pid -24861
04-09 00:48:26.201  2184  2566 I libprocessgroup: Successfully killed process cgroup uid 10087 pid 24861 in 7ms
04-09 00:48:26.230   976   976 I Zygote  : Process 24861 exited due to signal 9 (Killed)
04-09 00:48:26.231  1296  1296 E vendor.qti.hardware.perf@2.2-service: Unknown params
04-09 00:48:26.231  1296  1296 E vendor.qti.hardware.perf@2.2-service: Unknown params
04-09 00:48:26.231  1296  1296 E vendor.qti.hardware.perf@2.2-service: Unknown params
04-09 00:48:26.231  1296  1296 E ANDR-PERF-DATA-POOL: EventDataPool is Full
04-09 00:48:26.231  1296  1296 E ANDR-PERF-MPCTL: perf request submission limit reached.
04-09 00:48:26.231  2184  3118 E ProcessManager: error write exception log
04-09 00:48:26.234 31703 32184 I IPCThreadState: oneway function results for code 3 on binder at 0xb400007272733760 will be dropped but finished with status UNKNOWN_TRANSACTION
04-09 00:48:26.234  8105 23384 I IPCThreadState: oneway function results for code 3 on binder at 0xb4000072723f1040 will be dropped but finished with status UNKNOWN_TRANSACTION
04-09 00:48:26.239  2184  2296 D DisplayManagerService: Drop pending events for gone uid 10087
04-09 00:48:26.243  1314 21397 W C2BqBuffer: last successful dequeue was 9254813 us ago, 124 consecutive failures
04-09 00:48:26.245  2184  2296 I NetworkBoostStatusManager: onUidGone uid: 10087
04-09 00:48:26.245  2184  2922 I MiuiNetworkPolicy: removeUidState uid = 10087
04-09 00:48:26.246  2184  3983 I SLM-SRV-SLSAppLib: SLM_Ai_Mode EVENT_CHECK_GMAE_AI_MODE_STATUS
04-09 00:48:26.246  2184  3983 I SLM-SRV-SLSAppLib: SLM_Ai_Mode checkGameAiModeStatus mGameAiModeCloudControl:false mLinkTurboAiModeSwitch:false mGameAiModeInterfaceReady:false mGameStartBattle:false powerMgrGameUid:0
04-09 00:48:26.250  2184  2922 I MiuiNetworkPolicy: updateUidState uid = 99032, uidState = 15
04-09 00:48:26.257 20187 20187 D MemoryOptimizationService: wifiDisplayOnSetting: false wifiP2pEnabled: false
04-09 00:48:26.261 20187 20187 I MemoryOptimizationService: Not the latest command’╝ī return’╝ü
04-09 00:48:26.261 20187 20187 D MemoryOptimizationService: wifiDisplayOnSetting: false wifiP2pEnabled: false
04-09 00:48:26.264 20187 20187 I MemoryOptimizationService: kill process [Handler (com.android.settings.services.MemoryOptimizationService$MemoryHandler) {96209a2}] [false]-> com.android.settings,true
04-09 00:48:26.264 20187 20187 D MemoryOptimizationService: Delay killing the Settings process -> 
04-09 00:48:26.266 20187 20187 I MemoryOptimizationService: Invalid message -> com.android.settings,1
04-09 00:48:26.267 20187 20187 I MemoryOptimizationService: kill process [Handler (com.android.settings.services.MemoryOptimizationService$MemoryHandler) {96209a2}] [false]-> com.android.settings,true
04-09 00:48:26.267 20187 20187 D MemoryOptimizationService: Delay killing the Settings process -> 
04-09 00:48:26.378 16806 17823 V U.Notification: Posting new notification, elapsed=16046
04-09 00:48:26.477 22435 22435 W Finsky  : [2] STU: Failed to get storage stats for package 'com.google.android.media.swcodec' (1601: Error getting stats: android.content.pm.PackageManager.NameNotFoundException)
04-09 00:48:26.598 22435 22435 W Finsky  : [2] STU: Failed to get storage stats for package 'com.google.android.adbd' (1601: Error getting stats: android.content.pm.PackageManager.NameNotFoundException)
04-09 00:48:26.616 22435 22435 W Finsky  : [2] STU: Failed to get storage stats for package 'com.android.i18n' (1601: Error getting stats: android.content.pm.PackageManager.NameNotFoundException)
04-09 00:48:26.626 22435 22435 W Finsky  : [2] STU: Failed to get storage stats for package 'com.google.android.conscrypt' (1601: Error getting stats: android.content.pm.PackageManager.NameNotFoundException)
04-09 00:48:26.664 22435 22435 W Finsky  : [2] STU: Failed to get storage stats for package 'com.google.android.neuralnetworks' (1601: Error getting stats: android.content.pm.PackageManager.NameNotFoundException)
04-09 00:48:26.679 22435 22435 W Finsky  : [2] STU: Failed to get storage stats for package 'com.google.android.ipsec' (1601: Error getting stats: android.content.pm.PackageManager.NameNotFoundException)
04-09 00:48:26.696 22435 22435 W Finsky  : [2] STU: Failed to get storage stats for package 'com.google.android.ondevicepersonalization' (1601: Error getting stats: android.content.pm.PackageManager.NameNotFoundException)
04-09 00:48:26.713 22435 22435 W Finsky  : [2] STU: Failed to get storage stats for package 'com.google.android.healthfitness' (1601: Error getting stats: android.content.pm.PackageManager.NameNotFoundException)
04-09 00:48:26.730  1870  1870 I wificond: station_bandwidth: (
04-09 00:48:26.771 22435 22435 W Finsky  : [2] STU: Failed to get storage stats for package 'com.android.uwb' (1601: Error getting stats: android.content.pm.PackageManager.NameNotFoundException)
04-09 00:48:26.774 22435 22435 W Finsky  : [2] STU: Failed to get storage stats for package 'com.google.android.extservices' (1601: Error getting stats: android.content.pm.PackageManager.NameNotFoundException)
04-09 00:48:26.790  2184  3148 I SmartPower: com.android.vending/10165(22435): background->idle(3000ms) R(service create com.android.vending/com.google.android.finsky.scheduler.process.mainimpl.PhoneskyJobServiceMain) adj=100.
04-09 00:48:26.888 22435 22435 W Finsky  : [2] STU: Failed to get storage stats for package 'com.google.android.os.statsd' (1601: Error getting stats: android.content.pm.PackageManager.NameNotFoundException)
04-09 00:48:26.912 22435 22435 W Finsky  : [2] STU: Failed to get storage stats for package 'com.android.rkpd' (1601: Error getting stats: android.content.pm.PackageManager.NameNotFoundException)
04-09 00:48:26.923 22435 22435 W Finsky  : [2] STU: Failed to get storage stats for package 'com.google.android.scheduling' (1601: Error getting stats: android.content.pm.PackageManager.NameNotFoundException)
04-09 00:48:26.942 22435 22435 I Finsky  : [2] App states replicator found 68 unowned apps
04-09 00:48:26.958 15853 16193 D AudioTrackImpl: [audioTrackData][zero] 6s(f:0 m:0 s:0 k:0 z:6006) : pid 15853 uid 10518 sessionId 897 sr 48000 ch 2 fmt 1
04-09 00:48:26.976 22435 22464 I Finsky  : [83] Completed 0 account content syncs with 0 successful.
04-09 00:48:26.976 22435 22435 I Finsky  : [2] [ContentSync] Installation state replication succeeded.
04-09 00:48:26.976 22435 22435 I Finsky  : [2] SCH: jobFinished: 12-1. TimeElapsed: 3144ms.
04-09 00:48:26.978 22435 22435 I Finsky  : [2] WM::SCH: Logging work end for 12-1
04-09 00:48:26.993 22435 22464 I Finsky  : [83] SCH: Scheduling phonesky job Id: 1-1337, CT: 1775657727221, Constraints: [{ L: 42751515, D: 85951515, C: CHARGING_NONE, I: IDLE_NONE, N: NET_ANY, B: BATTERY_ANY }]
04-09 00:48:26.993 22435 22464 I Finsky  : [83] SCH: Scheduling phonesky job Id: 34-5019, CT: 1775657737965, Constraints: [{ L: 604800000, D: 2467164389, C: CHARGING_NONE, I: IDLE_NONE, N: NET_ANY, B: BATTERY_ANY }]
04-09 00:48:26.994 22435 22464 I Finsky  : [83] SCH: Scheduling phonesky job Id: 34-5026, CT: 1775657737964, Constraints: [{ L: 604800000, D: 2553029751, C: CHARGING_NONE, I: IDLE_NONE, N: NET_ANY, B: BATTERY_ANY }]
04-09 00:48:26.994 22435 22464 I Finsky  : [83] SCH: Scheduling phonesky job Id: 34-5029, CT: 1775657737964, Constraints: [{ L: 40224856, D: 1336224856, C: CHARGING_NONE, I: IDLE_NONE, N: NET_ANY, B: BATTERY_ANY }]
04-09 00:48:26.996 22435 22468 I Finsky  : [87] SCH: Scheduling 1 system job(s)
04-09 00:48:26.997 22435 22468 I Finsky  : [87] SCH: Scheduling system job Id: 9387, L: 9455824, D: 55171740, C: false, I: false, N: 1
04-09 00:48:26.998  2184  4183 D ActivityManager: checkAllowBackground: uid=10165 pkg=com.android.vending rec=UidRecord{3681519 u0a165 TRNB bg:+8s957ms change:procadj procs:0 seq(519211,518701)} caps=---N-- always=false idle=false
04-09 00:48:27.003 22435 24955 I Finsky  : [297] SCH: job service finished with id 9381.
04-09 00:48:27.004  2184  4183 I whetstone.activity: Power Event callback listener is empty for resId=256
04-09 00:48:27.005  2184  4183 D BatteryStatsManagerStub: notifyEvent for resId=256 used 0ms
04-09 00:48:27.007  2184  4183 W JobScheduler.JobStatus: Exempted app com.whatsapp considered buggy
04-09 00:48:27.007  2184  4183 W JobScheduler.JobStatus: Exempted app com.whatsapp considered buggy
04-09 00:48:27.007  2184  4183 W JobScheduler.JobStatus: Exempted app com.whatsapp considered buggy
04-09 00:48:27.023 15853 16193 D AudioTrackImpl: [audioTrackData][mute] 51s(f:0 m:51938 s:265 k:51066 z:0) : pid 15853 uid 10518 sessionId 889 sr 48000 ch 2 fmt 1
04-09 00:48:27.063  2184  2568 I ExtM    : zram userate is low, no need to flush: 39
04-09 00:48:27.759  2184  2854 W ActivityManagerServiceImpl: Sending non-protected broadcast miui.intent.action.CYCLE_CHECK from system uid 1000 pkg android. Callers=com.android.server.am.ActivityManagerService.checkBroadcastFromSystem:15246 com.android.server.am.ActivityManagerService.broadcastIntentLockedTraced:16076 com.android.server.am.ActivityManagerService.broadcastIntentLocked:15304 com.android.server.am.ActivityManagerService.broadcastIntentInPackage:16309 com.android.server.am.ActivityManagerService$LocalService.broadcastIntentInPackage:19055 
04-09 00:48:27.759  2184  2854 D AlarmManager: mBroadcastRefCount -> 1
04-09 00:48:27.768  2184  2184 D AlarmManager: mBroadcastRefCount -> 0
04-09 00:48:27.768  2184  2184 D AlarmManager: mPendingIntent -> PendingIntent{c2701b6: PendingIntentRecord{7e55eb7 android broadcastIntent}}
04-09 00:48:27.774  2184  2301 D ActivityManager: checkAllowBackground: uid=1000 pkg=android rec=UidRecord{37d5426 1000 PER  fgServices allowlist change:procadj procs:0 seq(519347,516937)} caps=LCMNFU always=false idle=false
04-09 00:48:27.779  2184  2301 I android_os_HwBinder: HwBinder: Starting thread pool for getting: vendor.xiaomi.hardware.micharge@1.0::IMiCharge/default
04-09 00:48:27.783  1323  5123 I vendor.xiaomi.hardware.micharge@1.0-service: ReadFilePathValue path = /sys/class/power_supply/battery/temp value = 330
04-09 00:48:27.785  2184  2301 I android_os_HwBinder: HwBinder: Starting thread pool for getting: vendor.xiaomi.hardware.micharge@1.0::IMiCharge/default
04-09 00:48:27.786  1323  5123 I vendor.xiaomi.hardware.micharge@1.0-service: ReadFilePathValue path = /sys/class/power_supply/battery/charge_control_limit value = 9
04-09 00:48:27.958 15853 16193 D AudioTrackImpl: [audioTrackData][zero] 7s(f:0 m:0 s:0 k:0 z:7006) : pid 15853 uid 10518 sessionId 897 sr 48000 ch 2 fmt 1
04-09 00:48:28.023 15853 16193 D AudioTrackImpl: [audioTrackData][mute] 52s(f:0 m:52937 s:265 k:52065 z:0) : pid 15853 uid 10518 sessionId 889 sr 48000 ch 2 fmt 1
04-09 00:48:28.084  1314 21397 W QC2V4l2Codec: [avcD_168] Allocating output buffer timedout, 10058ms elapsed since last input buffer queued (threshold 10000ms)
04-09 00:48:28.933  2184  3983 D SLM-SRV-SLAService: checktemp temperature = 34684 temperature_average = 34134 isPerformanceMode = false thermal_enable_slm = true
04-09 00:48:28.959 15853 16193 D AudioTrackImpl: [audioTrackData][zero] 8s(f:0 m:0 s:0 k:0 z:8007) : pid 15853 uid 10518 sessionId 897 sr 48000 ch 2 fmt 1
04-09 00:48:29.023 15853 16193 D AudioTrackImpl: [audioTrackData][mute] 53s(f:0 m:53937 s:265 k:53065 z:0) : pid 15853 uid 10518 sessionId 889 sr 48000 ch 2 fmt 1
04-09 00:48:29.049  2184  3148 I SmartPower: com.suno.android/10518(15853): background->idle(3001ms) R(service unbind com.suno.android/com.google.android.datatransport.runtime.scheduling.jobscheduling.JobInfoSchedulerService) adj=700.
04-09 00:48:29.088  5411  5411 D BoundBrokerSvc: onUnbind: Intent { act=com.google.android.gms.measurement.START pkg=com.google.android.gms }
04-09 00:48:29.744  1870  1870 I wificond: station_bandwidth: (
04-09 00:48:29.791  1184  3529 I WifiHAL : send gennl msg of len : 132 to apps
04-09 00:48:29.793  1959 25166 I LOWI-9.0.0.87: [LOWI-Scan] lowi_close_record:Scan done in 97158194ms, 25 APs in scan results
04-09 00:48:29.795  1184  3529 I WifiHAL : send gennl msg of len : 132 to apps
04-09 00:48:29.795  1959 25167 I LOWI-9.0.0.87: [LOWI-ROME-RTT] event_handler: invalid data
04-09 00:48:29.960 15853 16193 D AudioTrackImpl: [audioTrackData][zero] 9s(f:0 m:0 s:0 k:0 z:9008) : pid 15853 uid 10518 sessionId 897 sr 48000 ch 2 fmt 1
04-09 00:48:30.023 15853 16193 D AudioTrackImpl: [audioTrackData][mute] 54s(f:0 m:54937 s:265 k:54065 z:0) : pid 15853 uid 10518 sessionId 889 sr 48000 ch 2 fmt 1
04-09 00:48:30.055  2184  2854 I SmartPower: com.google.android.gms.unstable/10163(11375): idle->background(29734ms) R(alarm start) adj=800.
04-09 00:48:30.055  2184  2854 I SmartPower: com.google.android.gms.ui/10163(3591): idle->background(29735ms) R(alarm start) adj=800.
04-09 00:48:30.055  2184  2854 I SmartPower: com.google.process.gservices/10163(20239): idle->background(29735ms) R(alarm start) adj=975.
04-09 00:48:30.056  2184  2854 I SmartPower: com.google.process.gapps/10163(27548): idle->background(29735ms) R(alarm start) adj=915.
04-09 00:48:30.060  2184  2854 D AlarmManager: mBroadcastRefCount -> 1
04-09 00:48:30.061  2184  2854 I whetstone.activity: Power Event callback listener is empty for resId=128
04-09 00:48:30.061  2184  2854 D BatteryStatsManagerStub: notifyEvent for resId=128 used 1ms
04-09 00:48:30.069  2184  2184 D AlarmManager: mBroadcastRefCount -> 0
04-09 00:48:30.069  2184  2184 D AlarmManager: mPendingIntent -> PendingIntent{12a745e: PendingIntentRecord{da9960e com.google.android.gms/com.google.android.gms.location_base broadcastIntent}}
04-09 00:48:30.087  1175  1175 I sensors-hal: batch:242, android.sensor.significant_motion/172, period=1000000, max_latency=0
04-09 00:48:30.087  1175  1175 I sensors-hal: set_config:63, sample_period_ns is adjusted to 0 based on min/max delay_ns
04-09 00:48:30.087  1175  1175 I sensors-hal: batch:251, android.sensor.significant_motion/172, period=1000000, max_latency=0 request completed
04-09 00:48:30.099  1175  1175 I sensors-hal: flush:271, android.sensor.accelerometer/11
04-09 00:48:30.102  1175  1175 I sensors-hal: send_sync_sensor_request:364, send sync request
04-09 00:48:30.104  1175  1175 I sensors-hal: send_sync_sensor_request:390, wait for notification of response
04-09 00:48:30.106  1175 24174 I sensors-hal: ssc_conn_resp_cb:689, resp_value = 0
04-09 00:48:30.106  1175  1175 I sensors-hal: send_sync_sensor_request:396, takes 1 ms to receive the response with 0
04-09 00:48:30.106  1175  1175 I sensors-hal: flush:277, android.sensor.accelerometer/11 completed
04-09 00:48:30.113  1175  1175 I sensors-hal: flush:271, android.sensor.accelerometer/11
04-09 00:48:30.113  1175  1175 I sensors-hal: send_sync_sensor_request:364, send sync request
04-09 00:48:30.113  1175  1175 I sensors-hal: send_sync_sensor_request:390, wait for notification of response
04-09 00:48:30.114  1175 24174 I sensors-hal: ssc_conn_resp_cb:689, resp_value = 0
04-09 00:48:30.114  1175  1175 I sensors-hal: send_sync_sensor_request:396, takes 0 ms to receive the response with 0
04-09 00:48:30.114  1175  1175 I sensors-hal: flush:277, android.sensor.accelerometer/11 completed
04-09 00:48:30.161  4073  4792 D NetworkController.MobileSignalController(1): notifyListeners: mFeatureRelayData=false
04-09 00:48:30.202  4073  4073 D NetworkController.MobileSignalController(1): notifyListeners: mFeatureRelayData=false
04-09 00:48:30.205  4073  4073 D Tile.MiuiCellularTile: setDefaultSim: 0
04-09 00:48:30.205  4073  4073 D Tile.MiuiCellularTile: setDefaultSim: modify default sim id to 0, because single sim.
04-09 00:48:30.205  4073  4073 D Tile.MiuiCellularTile: data usage callback null
04-09 00:48:30.205  4073  4073 D NetworkController.MobileSignalController(1): notifyListeners: mFeatureRelayData=false
04-09 00:48:30.215  4073  4792 D Tile.MiuiCellularTile: handleUpdateState: MULTI_SIM = true, mSimInfoRecordList.size() = 1, mShowDataUsage = false
04-09 00:48:30.218  4073  4792 D Tile.MiuiCellularTile: handleUpdateState: MULTI_SIM = true, mSimInfoRecordList.size() = 1, mShowDataUsage = false
04-09 00:48:30.219  4073  4999 I BluetoothController: value is null myMac is 4C:6B:E8:5C:64:CE
04-09 00:48:30.220  4073  4792 D Tile.MiuiCellularTile: handleUpdateState: MULTI_SIM = true, mSimInfoRecordList.size() = 1, mShowDataUsage = false
04-09 00:48:30.221  4073  4792 D Tile.MiuiCellularTile: handleUpdateState: MULTI_SIM = true, mSimInfoRecordList.size() = 1, mShowDataUsage = false
04-09 00:48:30.223  4073  4792 D Tile.MiuiCellularTile: handleUpdateState: MULTI_SIM = true, mSimInfoRecordList.size() = 1, mShowDataUsage = false
04-09 00:48:30.223  4073  4073 D ArtChoreographerMonitor: invoke error.
04-09 00:48:30.224  4073  4792 D LocalBluetoothAdapter: isSupportBluetoothRestrict = 0
04-09 00:48:30.228  4073  4792 D Tile.MiuiCellularTile: handleUpdateState: MULTI_SIM = true, mSimInfoRecordList.size() = 1, mShowDataUsage = false
04-09 00:48:30.228  4073  4792 D LocalBluetoothAdapter: isSupportBluetoothRestrict = 0
04-09 00:48:30.231  3988   788 W HeadsetService: Qti LE Audio not enabled, connection state 0
04-09 00:48:30.233  3988   788 D BluetoothPbapService: getConnectionState: 4C:6B:E8:5C:64:CE
04-09 00:48:30.234  4073  4999 D CachedBluetoothDevice: anonymizedAddress=XX:XX:XX:XX:64:CE mIsA2dpProfileConnectedFail=true mIsHearingAidProfileConnectedFail=false mIsLeAudioProfileConnectedFail=false mIsHeadsetProfileConnectedFail=true isConnectedSapDevice()=false
04-09 00:48:30.235  3988 21118 W HeadsetService: Qti LE Audio not enabled, connection state 0
04-09 00:48:30.237  3988 21118 D BluetoothPbapService: getConnectionState: 4C:6B:E8:5C:64:CE
04-09 00:48:30.239  3988   788 W HeadsetService: Qti LE Audio not enabled, connection state 0
04-09 00:48:30.240  3988   788 D BluetoothPbapService: getConnectionState: 4C:6B:E8:5C:64:CE
04-09 00:48:30.248  4073  4999 D BluetoothUtils: ignore device type
04-09 00:48:30.252  4073  4999 D BluetoothUtils:  isLeAudioDevice false hasHearingAccessService false hasHapClientProfile false
04-09 00:48:30.253  3988   788 W HeadsetService: Qti LE Audio not enabled, connection state 0
04-09 00:48:30.254  3988   788 D BluetoothPbapService: getConnectionState: 4C:6B:E8:5C:64:CE
04-09 00:48:30.255  4073  4999 I BluetoothController: value is null myMac is BD:49:0E:5C:E7:EC
04-09 00:48:30.257  3988 21118 W HeadsetService: Qti LE Audio not enabled, connection state 0
04-09 00:48:30.259  3988 21118 D BluetoothPbapService: getConnectionState: BD:49:0E:5C:E7:EC
04-09 00:48:30.259  4073  4999 D CachedBluetoothDevice: anonymizedAddress=XX:XX:XX:XX:E7:EC mIsA2dpProfileConnectedFail=false mIsHearingAidProfileConnectedFail=false mIsLeAudioProfileConnectedFail=false mIsHeadsetProfileConnectedFail=false isConnectedSapDevice()=false
04-09 00:48:30.260  3988   788 W HeadsetService: Qti LE Audio not enabled, connection state 0
04-09 00:48:30.262  3988   788 D BluetoothPbapService: getConnectionState: BD:49:0E:5C:E7:EC
04-09 00:48:30.274  4073  4999 D BluetoothUtils: ignore device type
04-09 00:48:30.280  4073  4999 D BluetoothUtils:  isLeAudioDevice false hasHearingAccessService false hasHapClientProfile false
04-09 00:48:30.281  3988 21118 W HeadsetService: Qti LE Audio not enabled, connection state 0
04-09 00:48:30.283  3988 21118 D BluetoothPbapService: getConnectionState: BD:49:0E:5C:E7:EC
04-09 00:48:30.285  4073  4999 I BluetoothController: value is null myMac is 42:98:76:54:33:8B
04-09 00:48:30.288  4073  4999 D CachedBluetoothDevice: anonymizedAddress=XX:XX:XX:XX:33:8B mIsA2dpProfileConnectedFail=true mIsHearingAidProfileConnectedFail=false mIsLeAudioProfileConnectedFail=false mIsHeadsetProfileConnectedFail=false isConnectedSapDevice()=false
04-09 00:48:30.297  4073  4999 D BluetoothUtils: ignore device type
04-09 00:48:30.300  4073  4999 D BluetoothUtils:  isLeAudioDevice false hasHearingAccessService false hasHapClientProfile false
04-09 00:48:30.301  4073  4999 I BluetoothController: value is null myMac is B0:F1:D8:A9:07:6F
04-09 00:48:30.304  3988   788 W HeadsetService: Qti LE Audio not enabled, connection state 0
04-09 00:48:30.305  3988   788 D BluetoothPbapService: getConnectionState: B0:F1:D8:A9:07:6F
04-09 00:48:30.306  4073  4999 D CachedBluetoothDevice: anonymizedAddress=XX:XX:XX:XX:07:6F mIsA2dpProfileConnectedFail=false mIsHearingAidProfileConnectedFail=false mIsLeAudioProfileConnectedFail=false mIsHeadsetProfileConnectedFail=false isConnectedSapDevice()=false
04-09 00:48:30.307  3988 21118 W HeadsetService: Qti LE Audio not enabled, connection state 0
04-09 00:48:30.308  3988 21118 D BluetoothPbapService: getConnectionState: B0:F1:D8:A9:07:6F
04-09 00:48:30.315  4073  4999 D BluetoothUtils: ignore device type
04-09 00:48:30.319  4073  4999 D BluetoothUtils:  isLeAudioDevice false hasHearingAccessService false hasHapClientProfile false
04-09 00:48:30.320  3988   788 W HeadsetService: Qti LE Audio not enabled, connection state 0
04-09 00:48:30.321  3988   788 D BluetoothPbapService: getConnectionState: B0:F1:D8:A9:07:6F
04-09 00:48:30.322  4073  4999 I BluetoothController: value is null myMac is F4:04:4C:00:AC:A5
04-09 00:48:30.327  4073  4999 D CachedBluetoothDevice: anonymizedAddress=XX:XX:XX:XX:AC:A5 mIsA2dpProfileConnectedFail=false mIsHearingAidProfileConnectedFail=false mIsLeAudioProfileConnectedFail=false mIsHeadsetProfileConnectedFail=false isConnectedSapDevice()=false
04-09 00:48:30.337  4073  4999 D BluetoothUtils: ignore device type
04-09 00:48:30.345  4073  4999 D BluetoothUtils:  isLeAudioDevice false hasHearingAccessService false hasHapClientProfile false
04-09 00:48:30.347  4073  4999 I BluetoothController: value is null myMac is 98:52:3D:B0:A5:6B
04-09 00:48:30.354  3988   788 W HeadsetService: Qti LE Audio not enabled, connection state 0
04-09 00:48:30.357  3988   788 D BluetoothPbapService: getConnectionState: 98:52:3D:B0:A5:6B
04-09 00:48:30.359  4073  4999 D CachedBluetoothDevice: anonymizedAddress=XX:XX:XX:XX:A5:6B mIsA2dpProfileConnectedFail=false mIsHearingAidProfileConnectedFail=false mIsLeAudioProfileConnectedFail=false mIsHeadsetProfileConnectedFail=false isConnectedSapDevice()=false
04-09 00:48:30.361  3988 21118 W HeadsetService: Qti LE Audio not enabled, connection state 0
04-09 00:48:30.364  3988 21118 D BluetoothPbapService: getConnectionState: 98:52:3D:B0:A5:6B
04-09 00:48:30.375  4073  4999 D BluetoothUtils: ignore device type
04-09 00:48:30.382  4073  4999 D BluetoothUtils:  isLeAudioDevice false hasHearingAccessService false hasHapClientProfile false
04-09 00:48:30.384  3988   788 W HeadsetService: Qti LE Audio not enabled, connection state 0
04-09 00:48:30.386  3988   788 D BluetoothPbapService: getConnectionState: 98:52:3D:B0:A5:6B
04-09 00:48:30.389  4073  4999 I BluetoothController: value is null myMac is 2C:41:A1:14:BD:E4
04-09 00:48:30.394  3988 21118 W HeadsetService: Qti LE Audio not enabled, connection state 0
04-09 00:48:30.398  3988 21118 D BluetoothPbapService: getConnectionState: 2C:41:A1:14:BD:E4
04-09 00:48:30.400  4073  4999 D CachedBluetoothDevice: anonymizedAddress=XX:XX:XX:XX:BD:E4 mIsA2dpProfileConnectedFail=false mIsHearingAidProfileConnectedFail=false mIsLeAudioProfileConnectedFail=false mIsHeadsetProfileConnectedFail=false isConnectedSapDevice()=false
04-09 00:48:30.401  3988   788 W HeadsetService: Qti LE Audio not enabled, connection state 0
04-09 00:48:30.405  3988   788 D BluetoothPbapService: getConnectionState: 2C:41:A1:14:BD:E4
04-09 00:48:30.419  4073  4999 D BluetoothUtils: ignore device type
04-09 00:48:30.425  4073  4999 D BluetoothUtils:  isLeAudioDevice false hasHearingAccessService false hasHapClientProfile false
04-09 00:48:30.426  3988   788 W HeadsetService: Qti LE Audio not enabled, connection state 0
04-09 00:48:30.429  3988   788 D BluetoothPbapService: getConnectionState: 2C:41:A1:14:BD:E4
04-09 00:48:30.431  4073  4999 I BluetoothController: value is null myMac is 58:D5:0A:49:48:D2
04-09 00:48:30.435  3988   788 W HeadsetService: Qti LE Audio not enabled, connection state 0
04-09 00:48:30.437  3988   788 D BluetoothPbapService: getConnectionState: 58:D5:0A:49:48:D2
04-09 00:48:30.439  4073  4999 D CachedBluetoothDevice: anonymizedAddress=XX:XX:XX:XX:48:D2 mIsA2dpProfileConnectedFail=false mIsHearingAidProfileConnectedFail=false mIsLeAudioProfileConnectedFail=false mIsHeadsetProfileConnectedFail=false isConnectedSapDevice()=false
04-09 00:48:30.441  3988 21118 W HeadsetService: Qti LE Audio not enabled, connection state 0
04-09 00:48:30.443  3988 21118 D BluetoothPbapService: getConnectionState: 58:D5:0A:49:48:D2
04-09 00:48:30.449 24685 24685 I Capacitor/Console: File:  - Line 349 - Msg: [object Object]
04-09 00:48:30.452 24685 24685 V Capacitor/Plugin: To native (Capacitor plugin): callbackId: 82983353, pluginId: ScreenTime, methodName: consumePendingNavigation
04-09 00:48:30.452 24685 24685 V Capacitor: callback: 82983353, pluginId: ScreenTime, methodName: consumePendingNavigation, methodData: {}
04-09 00:48:30.453 24685 24829 D BlearnScreenTime: consume_pending_navigation_empty
04-09 00:48:30.454 24685 24685 I Capacitor/Console: File:  - Line 333 - Msg: undefined
04-09 00:48:30.456  4073  4999 D BluetoothUtils: ignore device type
04-09 00:48:30.466  4073  4999 D BluetoothUtils:  isLeAudioDevice false hasHearingAccessService false hasHapClientProfile false
04-09 00:48:30.467  3988 21118 W HeadsetService: Qti LE Audio not enabled, connection state 0
04-09 00:48:30.470  3988 21118 D BluetoothPbapService: getConnectionState: 58:D5:0A:49:48:D2
04-09 00:48:30.471  4073  4999 I BluetoothController: value is null myMac is 60:09:C3:F4:63:6C
04-09 00:48:30.476  3988   788 W HeadsetService: Qti LE Audio not enabled, connection state 0
04-09 00:48:30.478  3988   788 D BluetoothPbapService: getConnectionState: 60:09:C3:F4:63:6C
04-09 00:48:30.480  4073  4999 D CachedBluetoothDevice: anonymizedAddress=XX:XX:XX:XX:63:6C mIsA2dpProfileConnectedFail=false mIsHearingAidProfileConnectedFail=false mIsLeAudioProfileConnectedFail=false mIsHeadsetProfileConnectedFail=false isConnectedSapDevice()=false
04-09 00:48:30.482  3988 21118 W HeadsetService: Qti LE Audio not enabled, connection state 0
04-09 00:48:30.484  3988 21118 D BluetoothPbapService: getConnectionState: 60:09:C3:F4:63:6C
04-09 00:48:30.490  4073  4999 D BluetoothUtils: ignore device type
04-09 00:48:30.494  4073  4999 D BluetoothUtils:  isLeAudioDevice false hasHearingAccessService false hasHapClientProfile false
04-09 00:48:30.495  3988 21118 W HeadsetService: Qti LE Audio not enabled, connection state 0
04-09 00:48:30.497  3988 21118 D BluetoothPbapService: getConnectionState: 60:09:C3:F4:63:6C
04-09 00:48:30.498  4073  4999 I BluetoothController: value is null myMac is 78:20:2E:12:52:D2
04-09 00:48:30.500  3988 21118 W HeadsetService: Qti LE Audio not enabled, connection state 0
04-09 00:48:30.501  3988 21118 D BluetoothPbapService: getConnectionState: 78:20:2E:12:52:D2
04-09 00:48:30.502  4073  4999 D CachedBluetoothDevice: anonymizedAddress=XX:XX:XX:XX:52:D2 mIsA2dpProfileConnectedFail=false mIsHearingAidProfileConnectedFail=false mIsLeAudioProfileConnectedFail=false mIsHeadsetProfileConnectedFail=false isConnectedSapDevice()=false
04-09 00:48:30.503  3988   788 W HeadsetService: Qti LE Audio not enabled, connection state 0
04-09 00:48:30.505  3988   788 D BluetoothPbapService: getConnectionState: 78:20:2E:12:52:D2
04-09 00:48:30.513  4073  4999 D BluetoothUtils: ignore device type
04-09 00:48:30.517  4073  4999 D BluetoothUtils:  isLeAudioDevice false hasHearingAccessService false hasHapClientProfile false
04-09 00:48:30.519  3988 21118 W HeadsetService: Qti LE Audio not enabled, connection state 0
04-09 00:48:30.521  3988 21118 D BluetoothPbapService: getConnectionState: 78:20:2E:12:52:D2
04-09 00:48:30.522  4073  4999 I BluetoothController: value is null myMac is 08:DF:1F:2C:F8:2B
04-09 00:48:30.525  4073  4999 D CachedBluetoothDevice: anonymizedAddress=XX:XX:XX:XX:F8:2B mIsA2dpProfileConnectedFail=false mIsHearingAidProfileConnectedFail=false mIsLeAudioProfileConnectedFail=false mIsHeadsetProfileConnectedFail=false isConnectedSapDevice()=false
04-09 00:48:30.537  4073  4999 D BluetoothUtils: ignore device type
04-09 00:48:30.540  4073  4999 D BluetoothUtils:  isLeAudioDevice false hasHearingAccessService false hasHapClientProfile false
04-09 00:48:30.541  4073  4999 I BluetoothController: value is null myMac is 6C:5C:3D:3B:7F:B8
04-09 00:48:30.544  4073  4999 D CachedBluetoothDevice: anonymizedAddress=XX:XX:XX:XX:7F:B8 mIsA2dpProfileConnectedFail=false mIsHearingAidProfileConnectedFail=false mIsLeAudioProfileConnectedFail=false mIsHeadsetProfileConnectedFail=false isConnectedSapDevice()=false
04-09 00:48:30.551  4073  4999 D BluetoothUtils: ignore device type
04-09 00:48:30.555  4073  4999 D BluetoothUtils:  isLeAudioDevice false hasHearingAccessService false hasHapClientProfile false
04-09 00:48:30.556  4073  4999 I BluetoothController: value is null myMac is 2C:FD:B4:8E:EC:21
04-09 00:48:30.557  4073  4999 D CachedBluetoothDevice: anonymizedAddress=XX:XX:XX:XX:EC:21 mIsA2dpProfileConnectedFail=false mIsHearingAidProfileConnectedFail=false mIsLeAudioProfileConnectedFail=false mIsHeadsetProfileConnectedFail=false isConnectedSapDevice()=false
04-09 00:48:30.564  4073  4999 D BluetoothUtils: ignore device type
04-09 00:48:30.567  4073  4999 D BluetoothUtils:  isLeAudioDevice false hasHearingAccessService false hasHapClientProfile false
04-09 00:48:30.568  4073  4999 I BluetoothController: value is null myMac is 6F:54:CD:39:F8:97
04-09 00:48:30.572  3988 21118 W HeadsetService: Qti LE Audio not enabled, connection state 0
04-09 00:48:30.573  3988 21118 D BluetoothPbapService: getConnectionState: 6F:54:CD:39:F8:97
04-09 00:48:30.574  4073  4999 D CachedBluetoothDevice: anonymizedAddress=XX:XX:XX:XX:F8:97 mIsA2dpProfileConnectedFail=false mIsHearingAidProfileConnectedFail=false mIsLeAudioProfileConnectedFail=false mIsHeadsetProfileConnectedFail=false isConnectedSapDevice()=false
04-09 00:48:30.575  3988   788 W HeadsetService: Qti LE Audio not enabled, connection state 0
04-09 00:48:30.576  3988   788 D BluetoothPbapService: getConnectionState: 6F:54:CD:39:F8:97
04-09 00:48:30.583  4073  4999 D BluetoothUtils: ignore device type
04-09 00:48:30.589  4073  4999 D BluetoothUtils:  isLeAudioDevice false hasHearingAccessService false hasHapClientProfile false
04-09 00:48:30.590  3988   788 W HeadsetService: Qti LE Audio not enabled, connection state 0
04-09 00:48:30.591  3988   788 D BluetoothPbapService: getConnectionState: 6F:54:CD:39:F8:97
04-09 00:48:30.592  4073  4999 I BluetoothController: value is null myMac is 00:07:80:E0:32:12
04-09 00:48:30.595  4073  4999 D CachedBluetoothDevice: anonymizedAddress=XX:XX:XX:XX:32:12 mIsA2dpProfileConnectedFail=false mIsHearingAidProfileConnectedFail=false mIsLeAudioProfileConnectedFail=false mIsHeadsetProfileConnectedFail=false isConnectedSapDevice()=false
04-09 00:48:30.602  4073  4999 D BluetoothUtils: ignore device type
04-09 00:48:30.605  4073  4999 D BluetoothUtils:  isLeAudioDevice false hasHearingAccessService false hasHapClientProfile false
04-09 00:48:30.606  4073  4999 I BluetoothController: value is null myMac is 0C:3B:50:86:D5:EF
04-09 00:48:30.609  3988 21118 W HeadsetService: Qti LE Audio not enabled, connection state 0
04-09 00:48:30.610  3988 21118 D BluetoothPbapService: getConnectionState: 0C:3B:50:86:D5:EF
04-09 00:48:30.611  4073  4999 D CachedBluetoothDevice: anonymizedAddress=XX:XX:XX:XX:D5:EF mIsA2dpProfileConnectedFail=false mIsHearingAidProfileConnectedFail=false mIsLeAudioProfileConnectedFail=false mIsHeadsetProfileConnectedFail=false isConnectedSapDevice()=false
04-09 00:48:30.611  3988   788 W HeadsetService: Qti LE Audio not enabled, connection state 0
04-09 00:48:30.613  3988   788 D BluetoothPbapService: getConnectionState: 0C:3B:50:86:D5:EF
04-09 00:48:30.623  4073  4999 D BluetoothUtils: ignore device type
04-09 00:48:30.627  4073  4999 D BluetoothUtils:  isLeAudioDevice false hasHearingAccessService false hasHapClientProfile false
04-09 00:48:30.628  3988   788 W HeadsetService: Qti LE Audio not enabled, connection state 0
04-09 00:48:30.631  3988   788 D BluetoothPbapService: getConnectionState: 0C:3B:50:86:D5:EF
04-09 00:48:30.632  4073  4999 I BluetoothController: value is null myMac is 60:8A:10:1E:26:D8
04-09 00:48:30.638  4073  4999 D CachedBluetoothDevice: anonymizedAddress=XX:XX:XX:XX:26:D8 mIsA2dpProfileConnectedFail=false mIsHearingAidProfileConnectedFail=false mIsLeAudioProfileConnectedFail=false mIsHeadsetProfileConnectedFail=false isConnectedSapDevice()=false
04-09 00:48:30.647  4073  4073 D NetworkController.MobileSignalController(1): notifyListeners: mFeatureRelayData=false
04-09 00:48:30.655  4073  4999 D BluetoothUtils: ignore device type
04-09 00:48:30.661  4073  4999 D BluetoothUtils:  isLeAudioDevice false hasHearingAccessService false hasHapClientProfile false
04-09 00:48:30.663  4073  4999 I BluetoothController: value is null myMac is 00:0C:8A:BA:02:3C
04-09 00:48:30.667  4073  4999 D CachedBluetoothDevice: anonymizedAddress=XX:XX:XX:XX:02:3C mIsA2dpProfileConnectedFail=false mIsHearingAidProfileConnectedFail=false mIsLeAudioProfileConnectedFail=false mIsHeadsetProfileConnectedFail=false isConnectedSapDevice()=false
04-09 00:48:30.676  4073  4999 D BluetoothUtils: ignore device type
04-09 00:48:30.683  4073  4999 D BluetoothUtils:  isLeAudioDevice false hasHearingAccessService false hasHapClientProfile false
04-09 00:48:30.684  4073  4999 I BluetoothController: value is null myMac is 90:A3:A3:56:BF:D9
04-09 00:48:30.692  4073  4999 D CachedBluetoothDevice: anonymizedAddress=XX:XX:XX:XX:BF:D9 mIsA2dpProfileConnectedFail=false mIsHearingAidProfileConnectedFail=false mIsLeAudioProfileConnectedFail=false mIsHeadsetProfileConnectedFail=false isConnectedSapDevice()=false
04-09 00:48:30.700  4073  4999 D BluetoothUtils: ignore device type
04-09 00:48:30.704  4073  4999 D BluetoothUtils:  isLeAudioDevice false hasHearingAccessService false hasHapClientProfile false
04-09 00:48:30.705  4073  4999 I BluetoothController: value is null myMac is 48:51:C5:E4:17:E9
04-09 00:48:30.706 24685 24685 I Capacitor/Console: File:  - Line 349 - Msg: [object Object]
04-09 00:48:30.707 24685 24685 V Capacitor/Plugin: To native (Capacitor plugin): callbackId: 82983354, pluginId: ScreenTime, methodName: consumePendingNavigation
04-09 00:48:30.707 24685 24685 V Capacitor: callback: 82983354, pluginId: ScreenTime, methodName: consumePendingNavigation, methodData: {}
04-09 00:48:30.708  4073  4999 D CachedBluetoothDevice: anonymizedAddress=XX:XX:XX:XX:17:E9 mIsA2dpProfileConnectedFail=false mIsHearingAidProfileConnectedFail=false mIsLeAudioProfileConnectedFail=false mIsHeadsetProfileConnectedFail=false isConnectedSapDevice()=false
04-09 00:48:30.708 24685 24829 D BlearnScreenTime: consume_pending_navigation_empty
04-09 00:48:30.710 24685 24685 I Capacitor/Console: File:  - Line 333 - Msg: undefined
04-09 00:48:30.718  4073  4999 D BluetoothUtils: ignore device type
