04-09 00:52:20.610  3988 21118 D BtGatt.GattService: getDeviceType() - device=F4:04:4C:00:AC:A5, type=1
04-09 00:52:20.610  3988 21118 D BtGatt.GattService: getDeviceType() - device=98:52:3D:B0:A5:6B, type=3
04-09 00:52:20.610  3988 21118 D BtGatt.GattService: getDeviceType() - device=2C:41:A1:14:BD:E4, type=3
04-09 00:52:20.610  3988 21118 D BtGatt.GattService: getDeviceType() - device=58:D5:0A:49:48:D2, type=1
04-09 00:52:20.610  3988 21118 D BtGatt.GattService: getDeviceType() - device=60:09:C3:F4:63:6C, type=3
04-09 00:52:20.610  3988 21118 D BtGatt.GattService: getDeviceType() - device=78:20:2E:12:52:D2, type=3
04-09 00:52:20.610  3988 21118 D BtGatt.GattService: getDeviceType() - device=08:DF:1F:2C:F8:2B, type=1
04-09 00:52:20.610  3988 21118 D BtGatt.GattService: getDeviceType() - device=6C:5C:3D:3B:7F:B8, type=1
04-09 00:52:20.610  3988 21118 D BtGatt.GattService: getDeviceType() - device=2C:FD:B4:8E:EC:21, type=1
04-09 00:52:20.610  3988 21118 D BtGatt.GattService: getDeviceType() - device=6F:54:CD:39:F8:97, type=1
04-09 00:52:20.610  3988 21118 D BtGatt.GattService: getDeviceType() - device=00:07:80:E0:32:12, type=1
04-09 00:52:20.610  3988 21118 D BtGatt.GattService: getDeviceType() - device=0C:3B:50:86:D5:EF, type=1
04-09 00:52:20.610  3988 21118 D BtGatt.GattService: getDeviceType() - device=60:8A:10:1E:26:D8, type=3
04-09 00:52:20.610  3988 21118 D BtGatt.GattService: getDeviceType() - device=00:0C:8A:BA:02:3C, type=1
04-09 00:52:20.610  3988 21118 D BtGatt.GattService: getDeviceType() - device=90:A3:A3:56:BF:D9, type=1
04-09 00:52:20.611 15853 16236 D BufferQueueProducer: [SurfaceTexture-0-15853-3](id:3ded00000007,api:3,p:15853,c:15853) bbq.waitForFreeSlotThenRelock timeout 0 return. deqCount=16, acqCount=1, mMaxAcq=1, mMaxDeq=17
04-09 00:52:20.614  3988 21118 D BtGatt.GattService: getDeviceType() - device=4C:6B:E8:5C:64:CE, type=3
04-09 00:52:20.614  3988 21118 D BtGatt.GattService: getDeviceType() - device=BD:49:0E:5C:E7:EC, type=1
04-09 00:52:20.614  3988 21118 D BtGatt.GattService: getDeviceType() - device=42:98:76:54:33:8B, type=1
04-09 00:52:20.614  3988 21118 D BtGatt.GattService: getDeviceType() - device=B0:F1:D8:A9:07:6F, type=3
04-09 00:52:20.614  3988 21118 D BtGatt.GattService: getDeviceType() - device=F4:04:4C:00:AC:A5, type=1
04-09 00:52:20.614  3988 21118 D BtGatt.GattService: getDeviceType() - device=98:52:3D:B0:A5:6B, type=3
04-09 00:52:20.614  3988 21118 D BtGatt.GattService: getDeviceType() - device=2C:41:A1:14:BD:E4, type=3
04-09 00:52:20.614  3988 21118 D BtGatt.GattService: getDeviceType() - device=58:D5:0A:49:48:D2, type=1
04-09 00:52:20.614  3988 21118 D BtGatt.GattService: getDeviceType() - device=60:09:C3:F4:63:6C, type=3
04-09 00:52:20.614  3988 21118 D BtGatt.GattService: getDeviceType() - device=78:20:2E:12:52:D2, type=3
04-09 00:52:20.614  3988 21118 D BtGatt.GattService: getDeviceType() - device=08:DF:1F:2C:F8:2B, type=1
04-09 00:52:20.614  3988 21118 D BtGatt.GattService: getDeviceType() - device=6C:5C:3D:3B:7F:B8, type=1
04-09 00:52:20.614  3988 21118 D BtGatt.GattService: getDeviceType() - device=2C:FD:B4:8E:EC:21, type=1
04-09 00:52:20.614  3988 21118 D BtGatt.GattService: getDeviceType() - device=6F:54:CD:39:F8:97, type=1
04-09 00:52:20.614  3988 21118 D BtGatt.GattService: getDeviceType() - device=00:07:80:E0:32:12, type=1
04-09 00:52:20.614  3988 21118 D BtGatt.GattService: getDeviceType() - device=0C:3B:50:86:D5:EF, type=1
04-09 00:52:20.614  3988 21118 D BtGatt.GattService: getDeviceType() - device=60:8A:10:1E:26:D8, type=3
04-09 00:52:20.614  3988 21118 D BtGatt.GattService: getDeviceType() - device=00:0C:8A:BA:02:3C, type=1
04-09 00:52:20.614  3988 21118 D BtGatt.GattService: getDeviceType() - device=90:A3:A3:56:BF:D9, type=1
04-09 00:52:20.616  2184  2552 D CompatibilityChangeReporter: Compat change id reported: 135634846; UID 10030; state: DISABLED
04-09 00:52:20.616  2184  2552 D CompatibilityChangeReporter: Compat change id reported: 177438394; UID 10030; state: DISABLED
04-09 00:52:20.616  2184  2552 D CompatibilityChangeReporter: Compat change id reported: 135772972; UID 10030; state: DISABLED
04-09 00:52:20.616  2184  2552 D CompatibilityChangeReporter: Compat change id reported: 135754954; UID 10030; state: ENABLED
04-09 00:52:20.616  2184  2562 D CompatibilityChangeReporter: Compat change id reported: 143937733; UID 10030; state: ENABLED
04-09 00:52:20.618  2184  2552 W WindowMagnificationMgr: requestConnection duplicated request: connect=false, mConnectionState=DISCONNECTED
04-09 00:52:20.628   976   976 D Zygote  : Forked child process 25935
04-09 00:52:20.629  2184  2562 I ActivityManager: Start proc 25935:app.blearn.mobile/u0a30 for service {app.blearn.mobile/app.blearn.mobile.ScreenTimeAccessibilityService} caller=android
04-09 00:52:20.634 25935 25935 E Zygote  : process_name_ptr:25935 app.blearn.mobile
04-09 00:52:20.640  2184  2552 W WindowMagnificationMgr: requestConnection duplicated request: connect=false, mConnectionState=DISCONNECTED
04-09 00:52:20.641 25935 25935 I p.blearn.mobile: Late-enabling -Xcheck:jni
04-09 00:52:20.664 25935 25935 I p.blearn.mobile: Using CollectorTypeCC GC.
04-09 00:52:20.668 13110 13124 I adbd    : jdwp connection from 25935
04-09 00:52:20.669  2184  2184 E AccessibilityStateListenerImpl: MiuiEnhanceTBService is not installed
04-09 00:52:20.671 25935 25935 D nativeloader: Load libframework-connectivity-tiramisu-jni.so using APEX ns com_android_tethering for caller /apex/com.android.tethering/javalib/framework-connectivity-t.jar: ok
04-09 00:52:20.683 25935 25935 I MessageMonitor: Load libmiui_runtime
04-09 00:52:20.685 25935 25935 E p.blearn.mobile: Can't find memory status under: /sys/block/zram0/
04-09 00:52:20.679 25935 25935 W re-initialized>: type=1400 audit(0.0:37977): avc:  denied  { search } for  name="zram0" dev="sysfs" ino=60736 scontext=u:r:untrusted_app:s0:c30,c256,c512,c768 tcontext=u:object_r:sysfs_zram:s0 tclass=dir permissive=0 app=app.blearn.mobile
04-09 00:52:20.679 25935 25935 W re-initialized>: type=1400 audit(0.0:37978): avc:  denied  { search } for  name="zram0" dev="sysfs" ino=60736 scontext=u:r:untrusted_app:s0:c30,c256,c512,c768 tcontext=u:object_r:sysfs_zram:s0 tclass=dir permissive=0 app=app.blearn.mobile
04-09 00:52:20.692  2184  2184 D BatterySaverPolicy: accessibility changed to true, updating policy.
04-09 00:52:20.696  2184  4175 D SymlinkUtils: attachApplication file op go pass: 0 ms
04-09 00:52:20.696  2184  4175 I SmartPower: app.blearn.mobile/10030(25935): died->invisible(3023ms) R(process start ) adj=-10000.
04-09 00:52:20.697  2184  2887 W WindowManager: Cannot find window which accessibility connection is added to
04-09 00:52:20.698  2184  4175 D CompatibilityInfo: mCompatibilityFlags - 0
04-09 00:52:20.698  2184  4175 D CompatibilityInfo: applicationDensity - 440
04-09 00:52:20.698  2184  4175 D CompatibilityInfo: applicationScale - 1.0
04-09 00:52:20.700  2184  4175 I SmartPower: app.blearn.mobile/10030(25935): invisible->background(4ms) R(become background) adj=-10000.
04-09 00:52:20.704 25935 25935 I HighMemoryManager: High memory monitor not enabled
04-09 00:52:20.704 15853 16236 D BufferQueueProducer: [SurfaceTexture-0-15853-3](id:3ded00000007,api:3,p:15853,c:15853) bbq.waitForFreeSlotThenRelock timeout 0 return. deqCount=16, acqCount=1, mMaxAcq=1, mMaxDeq=17
04-09 00:52:20.706  2184  2922 I MiuiNetworkPolicy: updateUidState uid = 10030, uidState = 5
04-09 00:52:20.707  2184  3075 D isUidValid: uid = 10030
04-09 00:52:20.708  2184  2838 D CompatibilityChangeReporter: Compat change id reported: 265195908; UID 10030; state: ENABLED
04-09 00:52:20.721 25935 25935 D CompatibilityChangeReporter: Compat change id reported: 171979766; UID 10030; state: ENABLED
04-09 00:52:20.722 25935 25935 D CompatibilityChangeReporter: Compat change id reported: 242716250; UID 10030; state: ENABLED
04-09 00:52:20.724 15853 15948 W RenderInspector: DequeueBuffer time out on com.suno.android/com.suno.android.MainActivity, count=1, avg=9 ms, max=9 ms.
04-09 00:52:20.748  2184  4175 D CompatibilityChangeReporter: Compat change id reported: 170503758; UID 10030; state: ENABLED
04-09 00:52:20.834  1314 21380 I QC2Comp : [avcD_167] Stats: Pending(7) i/p-done(3) Works: Q: 25/Done 20|Work-Rate: Q(0.0/s Avg=0.0/s) Done(0.000/s Avg=0.021/s)| Stream: 30.00fps 3.0Mbps
04-09 00:52:20.834  1314 21380 I QC2Comp : Mem-usage:  [In-1D - 7 bufs 20.918 MB] [1D-0 - 11 bufs 0.172 MB] [2D-155 - 19 bufs 27.164 MB]
04-09 00:52:20.834  1314 21380 I QC2Comp : Total Mem-usage: 48.254 MB
04-09 00:52:20.840 15853 16236 D BufferQueueProducer: [SurfaceTexture-0-15853-3](id:3ded00000007,api:3,p:15853,c:15853) bbq.waitForFreeSlotThenRelock timeout 0 return. deqCount=16, acqCount=1, mMaxAcq=1, mMaxDeq=17
04-09 00:52:20.872  3988 21118 D BtGatt.GattService: getDeviceType() - device=4C:6B:E8:5C:64:CE, type=3
04-09 00:52:20.872  3988 21118 D BtGatt.GattService: getDeviceType() - device=BD:49:0E:5C:E7:EC, type=1
04-09 00:52:20.872  3988 21118 D BtGatt.GattService: getDeviceType() - device=42:98:76:54:33:8B, type=1
04-09 00:52:20.872  3988 21118 D BtGatt.GattService: getDeviceType() - device=B0:F1:D8:A9:07:6F, type=3
04-09 00:52:20.872  3988 21118 D BtGatt.GattService: getDeviceType() - device=F4:04:4C:00:AC:A5, type=1
04-09 00:52:20.872  3988 21118 D BtGatt.GattService: getDeviceType() - device=98:52:3D:B0:A5:6B, type=3
04-09 00:52:20.872  3988 21118 D BtGatt.GattService: getDeviceType() - device=2C:41:A1:14:BD:E4, type=3
04-09 00:52:20.872  3988 21118 D BtGatt.GattService: getDeviceType() - device=58:D5:0A:49:48:D2, type=1
04-09 00:52:20.872  3988 21118 D BtGatt.GattService: getDeviceType() - device=60:09:C3:F4:63:6C, type=3
04-09 00:52:20.873  3988 21118 D BtGatt.GattService: getDeviceType() - device=78:20:2E:12:52:D2, type=3
04-09 00:52:20.873  3988 21118 D BtGatt.GattService: getDeviceType() - device=08:DF:1F:2C:F8:2B, type=1
04-09 00:52:20.873  3988 21118 D BtGatt.GattService: getDeviceType() - device=6C:5C:3D:3B:7F:B8, type=1
04-09 00:52:20.873  3988 21118 D BtGatt.GattService: getDeviceType() - device=2C:FD:B4:8E:EC:21, type=1
04-09 00:52:20.873  3988 21118 D BtGatt.GattService: getDeviceType() - device=6F:54:CD:39:F8:97, type=1
04-09 00:52:20.873  3988 21118 D BtGatt.GattService: getDeviceType() - device=00:07:80:E0:32:12, type=1
04-09 00:52:20.873  3988 21118 D BtGatt.GattService: getDeviceType() - device=0C:3B:50:86:D5:EF, type=1
04-09 00:52:20.873  3988 21118 D BtGatt.GattService: getDeviceType() - device=60:8A:10:1E:26:D8, type=3
04-09 00:52:20.873  3988 21118 D BtGatt.GattService: getDeviceType() - device=00:0C:8A:BA:02:3C, type=1
04-09 00:52:20.873  3988 21118 D BtGatt.GattService: getDeviceType() - device=90:A3:A3:56:BF:D9, type=1
04-09 00:52:20.874 15853 16236 D BufferQueueProducer: [SurfaceTexture-0-15853-3](id:3ded00000007,api:3,p:15853,c:15853) bbq.waitForFreeSlotThenRelock timeout 0 return. deqCount=16, acqCount=1, mMaxAcq=1, mMaxDeq=17
04-09 00:52:20.881  3988 21118 D BtGatt.GattService: getDeviceType() - device=4C:6B:E8:5C:64:CE, type=3
04-09 00:52:20.881  3988 21118 D BtGatt.GattService: getDeviceType() - device=BD:49:0E:5C:E7:EC, type=1
04-09 00:52:20.881  3988 21118 D BtGatt.GattService: getDeviceType() - device=42:98:76:54:33:8B, type=1
04-09 00:52:20.881  3988 21118 D BtGatt.GattService: getDeviceType() - device=B0:F1:D8:A9:07:6F, type=3
04-09 00:52:20.881  3988 21118 D BtGatt.GattService: getDeviceType() - device=F4:04:4C:00:AC:A5, type=1
04-09 00:52:20.881  3988 21118 D BtGatt.GattService: getDeviceType() - device=98:52:3D:B0:A5:6B, type=3
04-09 00:52:20.881  3988 21118 D BtGatt.GattService: getDeviceType() - device=2C:41:A1:14:BD:E4, type=3
04-09 00:52:20.881  3988 21118 D BtGatt.GattService: getDeviceType() - device=58:D5:0A:49:48:D2, type=1
04-09 00:52:20.881  3988 21118 D BtGatt.GattService: getDeviceType() - device=60:09:C3:F4:63:6C, type=3
04-09 00:52:20.881  3988 21118 D BtGatt.GattService: getDeviceType() - device=78:20:2E:12:52:D2, type=3
04-09 00:52:20.881  3988 21118 D BtGatt.GattService: getDeviceType() - device=08:DF:1F:2C:F8:2B, type=1
04-09 00:52:20.881  3988 21118 D BtGatt.GattService: getDeviceType() - device=6C:5C:3D:3B:7F:B8, type=1
04-09 00:52:20.881  3988 21118 D BtGatt.GattService: getDeviceType() - device=2C:FD:B4:8E:EC:21, type=1
04-09 00:52:20.881  3988 21118 D BtGatt.GattService: getDeviceType() - device=6F:54:CD:39:F8:97, type=1
04-09 00:52:20.881  3988 21118 D BtGatt.GattService: getDeviceType() - device=00:07:80:E0:32:12, type=1
04-09 00:52:20.881  3988 21118 D BtGatt.GattService: getDeviceType() - device=0C:3B:50:86:D5:EF, type=1
04-09 00:52:20.882  3988 21118 D BtGatt.GattService: getDeviceType() - device=60:8A:10:1E:26:D8, type=3
04-09 00:52:20.882  3988 21118 D BtGatt.GattService: getDeviceType() - device=00:0C:8A:BA:02:3C, type=1
04-09 00:52:20.882  3988 21118 D BtGatt.GattService: getDeviceType() - device=90:A3:A3:56:BF:D9, type=1
04-09 00:52:20.886  3988 21118 D BtGatt.GattService: getDeviceType() - device=4C:6B:E8:5C:64:CE, type=3
04-09 00:52:20.886  3988 21118 D BtGatt.GattService: getDeviceType() - device=BD:49:0E:5C:E7:EC, type=1
04-09 00:52:20.886  3988 21118 D BtGatt.GattService: getDeviceType() - device=42:98:76:54:33:8B, type=1
04-09 00:52:20.886  3988 21118 D BtGatt.GattService: getDeviceType() - device=B0:F1:D8:A9:07:6F, type=3
04-09 00:52:20.886  3988 21118 D BtGatt.GattService: getDeviceType() - device=F4:04:4C:00:AC:A5, type=1
04-09 00:52:20.886  3988 21118 D BtGatt.GattService: getDeviceType() - device=98:52:3D:B0:A5:6B, type=3
04-09 00:52:20.886  3988 21118 D BtGatt.GattService: getDeviceType() - device=2C:41:A1:14:BD:E4, type=3
04-09 00:52:20.886  3988 21118 D BtGatt.GattService: getDeviceType() - device=58:D5:0A:49:48:D2, type=1
04-09 00:52:20.886  3988 21118 D BtGatt.GattService: getDeviceType() - device=60:09:C3:F4:63:6C, type=3
04-09 00:52:20.886  3988 21118 D BtGatt.GattService: getDeviceType() - device=78:20:2E:12:52:D2, type=3
04-09 00:52:20.886  3988 21118 D BtGatt.GattService: getDeviceType() - device=08:DF:1F:2C:F8:2B, type=1
04-09 00:52:20.886  3988 21118 D BtGatt.GattService: getDeviceType() - device=6C:5C:3D:3B:7F:B8, type=1
04-09 00:52:20.886  3988 21118 D BtGatt.GattService: getDeviceType() - device=2C:FD:B4:8E:EC:21, type=1
04-09 00:52:20.886  3988 21118 D BtGatt.GattService: getDeviceType() - device=6F:54:CD:39:F8:97, type=1
04-09 00:52:20.886  3988 21118 D BtGatt.GattService: getDeviceType() - device=00:07:80:E0:32:12, type=1
04-09 00:52:20.886  3988 21118 D BtGatt.GattService: getDeviceType() - device=0C:3B:50:86:D5:EF, type=1
04-09 00:52:20.886  3988 21118 D BtGatt.GattService: getDeviceType() - device=60:8A:10:1E:26:D8, type=3
04-09 00:52:20.886  3988 21118 D BtGatt.GattService: getDeviceType() - device=00:0C:8A:BA:02:3C, type=1
04-09 00:52:20.887  3988 21118 D BtGatt.GattService: getDeviceType() - device=90:A3:A3:56:BF:D9, type=1
04-09 00:52:20.895 25935 25935 D nativeloader: Configuring clns-4 for other apk /data/app/~~dGnRhIsVFeXOYGdFlEwMQg==/app.blearn.mobile-wHJtkRK7G3CbgSWez2_l2g==/base.apk. target_sdk_version=36, uses_libraries=, library_path=/data/app/~~dGnRhIsVFeXOYGdFlEwMQg==/app.blearn.mobile-wHJtkRK7G3CbgSWez2_l2g==/lib/arm64, permitted_path=/data:/mnt/expand:/data/user/0/app.blearn.mobile
04-09 00:52:20.896  3988  3988 I BluetoothAdapterService: BT_FAST_SCAN MESSAGE_AUDIO_STATE_CHANGED isPlaying true mIsMusicPlaying false
04-09 00:52:20.898  3988  3988 D HeadsetService: isUnderUSdk 34 package com.xiaomi.bluetooth
04-09 00:52:20.898  3988  3988 I BluetoothAdapterService: getActiveDevices: Headset device: null
04-09 00:52:20.898  3988  3988 I BluetoothAdapterService: getActiveDevices: A2DP device: null
04-09 00:52:20.898  3988  3988 I BluetoothAdapterService: BT_FAST_SCAN setPageScanIntervalFast true for music active and havn't active device.
04-09 00:52:20.902 25935 25935 D nativeloader: Load libframework-connectivity-jni.so using APEX ns com_android_tethering for caller /apex/com.android.tethering/javalib/framework-connectivity.jar: ok
04-09 00:52:20.904 25935 25935 I Perf    : Connecting to perf service.
04-09 00:52:20.909 25935 25935 V GraphicsEnvironment: Currently set values for:
04-09 00:52:20.909 25935 25935 V GraphicsEnvironment:   angle_gl_driver_selection_pkgs=[]
04-09 00:52:20.909 25935 25935 V GraphicsEnvironment:   angle_gl_driver_selection_values=[]
04-09 00:52:20.909 25935 25935 V GraphicsEnvironment: ANGLE GameManagerService for app.blearn.mobile: false
04-09 00:52:20.909 25935 25935 V GraphicsEnvironment: app.blearn.mobile is not listed in per-application setting
04-09 00:52:20.910 25935 25935 V GraphicsEnvironment: App is not on the allowlist for updatable production driver.
04-09 00:52:20.914 25935 25935 I ForceDarkHelperStubImpl: initialize for app.blearn.mobile , ForceDarkOrigin
04-09 00:52:20.915 25935 25935 D nativeloader: Load libforcedarkimpl.so using system ns (caller=/system_ext/framework/miui-framework.jar): ok
04-09 00:52:20.915 25935 25935 D OpenGLRenderer: JNI_OnLoad success
04-09 00:52:20.915 25935 25935 I MiuiForceDarkConfig: setConfig density:2.750000, mainRule:0, secondaryRule:0, tertiaryRule:0
04-09 00:52:20.928 25935 25935 W libc    : Access denied finding property "vendor.boostfwk.frameprefetcher"
04-09 00:52:20.940  2184  4175 I ActivityManager: Flag disabled. Ignoring finishAttachApplication from uid: 10030. pid: 25935
04-09 00:52:20.952 25935 25935 E FileUtils: err open mi_exception_log errno=2
04-09 00:52:20.952 25935 25935 E FileUtils: err write to mi_exception_log
04-09 00:52:20.960 25935 25935 D FramePredict: FramePredict init: false
04-09 00:52:20.961  9679 10356 I libc    : kill: send 15 to pid 25956 real pid 25956
04-09 00:52:20.962  2184  2184 W WindowMagnificationMgr: requestConnection duplicated request: connect=false, mConnectionState=DISCONNECTED
04-09 00:52:20.963  2184  2184 D ActivityManager: checkAllowBackground: uid=1000 pkg=android rec=UidRecord{37d5426 1000 PER  fgServices allowlist change:procadj procs:0 seq(524257,523333)} caps=LCMNFU always=false idle=false
04-09 00:52:20.966  5900  5900 I SafetyCenterAccessibilityListener: accessibility event occurred, safety center feature not enabled.
04-09 00:52:20.971  2184  2184 D AS.AudioService: Accessibility volume enabled = false
04-09 00:52:20.976 25935 25935 D BlearnAccessibility: service connected
04-09 00:52:21.063 15853 16236 D BufferQueueProducer: [SurfaceTexture-0-15853-3](id:3ded00000007,api:3,p:15853,c:15853) bbq.waitForFreeSlotThenRelock timeout 0 return. deqCount=16, acqCount=1, mMaxAcq=1, mMaxDeq=17
04-09 00:52:21.120  1314 21393 I QC2Comp : [avcD_168] Stats: Pending(9) i/p-done(5) Works: Q: 7279/Done 7271|Work-Rate: Q(19.8/s Avg=7.6/s) Done(19.799/s Avg=7.569/s)| Stream: 30.00fps 566.2Kbps
04-09 00:52:21.120  1314 21393 I QC2Comp : Mem-usage:  [In-1D - 15 bufs 44.824 MB] [1D-0 - 10 bufs 0.156 MB] [2D-156 - 18 bufs 49.781 MB]
04-09 00:52:21.120  1314 21393 I QC2Comp : Total Mem-usage: 94.762 MB
04-09 00:52:21.254 15853 16236 D BufferQueueProducer: [SurfaceTexture-0-15853-3](id:3ded00000007,api:3,p:15853,c:15853) bbq.waitForFreeSlotThenRelock timeout 0 return. deqCount=16, acqCount=1, mMaxAcq=1, mMaxDeq=17
04-09 00:52:21.280 15853 16193 D AudioTrackImpl: [audioTrackData][mute] 43s(f:0 m:43006 s:265 k:42957 z:0) : pid 15853 uid 10518 sessionId 889 sr 48000 ch 2 fmt 1
04-09 00:52:21.300  2184  3148 I SmartPower: com.miui.global.packageinstaller/10118(14941): background->idle(3013ms) R(service create com.miui.global.packageinstaller/.service.ScanDispatchService) adj=905.
04-09 00:52:21.385 15853 16236 D BufferQueueProducer: [SurfaceTexture-0-15853-3](id:3ded00000007,api:3,p:15853,c:15853) bbq.waitForFreeSlotThenRelock timeout 0 return. deqCount=16, acqCount=1, mMaxAcq=1, mMaxDeq=17
04-09 00:52:21.491  2184  3148 I SmartPower: com.google.android.ext.services/10220(4137): background->idle(3019ms) R(service end com.google.android.ext.services/android.ext.services.storage.CacheQuotaServiceImpl) adj=100.
04-09 00:52:21.517  1382  1382 D MI-SF   : mIsSupportAutomodeForMaxFpsSetting is 0(0), getCurrentBrightness() = 898(328), mIsKeepAutoMode 0
04-09 00:52:21.517  1382  1382 D RefreshRateSelector: fixedMode_group: 0, isFindModeGroup 0
04-09 00:52:21.517  1382  1382 D RefreshRateSelector: find max refresh rate:120, mode Group:0
04-09 00:52:21.556  2184  3148 I SmartPower: com.mi.android.globallauncher/10082(4110): background->idle(3005ms) R(broadcast start Intent { act=android.intent.action.PACKAGE_REMOVED dat=package: flg=0x4000010 (has extras) }) adj=100.
04-09 00:52:21.570  2184  3148 I SmartPower: android.process.acore/10060(7813): background->idle(3003ms) R(broadcast start Intent { act=android.intent.action.PACKAGE_REMOVED dat=package: flg=0x4000010 (has extras) }) adj=800.
04-09 00:52:21.570  2184  3148 I SmartPower: com.google.android.as/10345(7377): background->idle(3002ms) R(broadcast start Intent { act=android.intent.action.PACKAGE_REMOVED dat=package: flg=0x4000010 (has extras) }) adj=100.
04-09 00:52:21.577  2184  3148 I SmartPower: com.mi.globalminusscreen/10337(30380): background->idle(3001ms) R(broadcast start Intent { act=android.intent.action.PACKAGE_REMOVED dat=package: flg=0x4000010 (has extras) }) adj=100.
04-09 00:52:21.578  2184  3148 I SmartPower: com.xiaomi.discover/10121(28949): background->idle(3002ms) R(broadcast start Intent { act=android.intent.action.PACKAGE_REMOVED dat=package: flg=0x4000010 (has extras) }) adj=905.
04-09 00:52:21.584  2184  3148 I SmartPower: com.milink.service:audio/10128(13906): background->idle(3009ms) R(broadcast start Intent { act=android.intent.action.PACKAGE_REMOVED dat=package: flg=0x4000010 (has extras) }) adj=100.
04-09 00:52:21.584  2184  3148 I SmartPower: com.milink.crossdeviceservice/10128(31080): background->idle(3006ms) R(broadcast start Intent { act=android.intent.action.PACKAGE_REMOVED dat=package: flg=0x4000010 (has extras) }) adj=915.
04-09 00:52:21.584  2184  3148 I SmartPower: com.xiaomi.mipicks/10119(31703): background->idle(3007ms) R(broadcast start Intent { act=android.intent.action.PACKAGE_REMOVED dat=package: flg=0x4000010 (has extras) }) adj=905.
04-09 00:52:21.614  2184  3148 I SmartPower: com.google.android.documentsui/10069(14693): background->idle(3001ms) R(broadcast start Intent { act=android.intent.action.PACKAGE_REMOVED dat=package: flg=0x4000010 (has extras) }) adj=905.
04-09 00:52:21.618  2184  3148 I SmartPower: com.facebook.orca/10289(16564): background->idle(3002ms) R(broadcast start Intent { act=android.intent.action.PACKAGE_REMOVED dat=package: flg=0x4000010 (has extras) }) adj=905.
04-09 00:52:21.618  2184  3148 I SmartPower: ai.perplexity.app.android/10554(20816): background->idle(3002ms) R(broadcast start Intent { act=android.intent.action.PACKAGE_REMOVED dat=package: flg=0x4000010 (has extras) }) adj=905.
04-09 00:52:21.619  2184  3148 I SmartPower: com.revolut.revolut/10357(10248): background->idle(3001ms) R(broadcast start Intent { act=android.intent.action.PACKAGE_ADDED dat=package: flg=0x4000010 (has extras) }) adj=905.
04-09 00:52:21.661 15853 16236 D BufferQueueProducer: [SurfaceTexture-0-15853-3](id:3ded00000007,api:3,p:15853,c:15853) bbq.waitForFreeSlotThenRelock timeout 0 return. deqCount=16, acqCount=1, mMaxAcq=1, mMaxDeq=17
04-09 00:52:21.724  1870  1870 I wificond: station_bandwidth: (
04-09 00:52:21.730  2184  2936 D ConnectivityService: NetReassign [no changes] [c 0] [a 0] [i 3]
04-09 00:52:21.785  2184  3148 I SmartPower: com.android.chrome/10171(25794): background->idle(3001ms) R(broadcast start Intent { act=android.intent.action.PACKAGE_REPLACED dat=package: flg=0x4000010 (has extras) }) adj=905.
04-09 00:52:21.872  2184  3148 I SmartPower: com.android.vending:background/10165(19101): background->idle(3321ms) R(broadcast end Intent { act=android.intent.action.PACKAGE_ADDED dat=package: flg=0x4000010 pkg=com.android.vending (has extras) }) adj=227.
04-09 00:52:21.894 15853 16236 D BufferQueueProducer: [SurfaceTexture-0-15853-3](id:3ded00000007,api:3,p:15853,c:15853) bbq.waitForFreeSlotThenRelock timeout 0 return. deqCount=16, acqCount=1, mMaxAcq=1, mMaxDeq=17
04-09 00:52:21.911  2184  2754 D PermissionManager: writeLegacyPermissionState for user  in 7 ms.
04-09 00:52:21.927 15853 16236 D BufferQueueProducer: [SurfaceTexture-0-15853-3](id:3ded00000007,api:3,p:15853,c:15853) bbq.waitForFreeSlotThenRelock timeout 0 return. deqCount=16, acqCount=1, mMaxAcq=1, mMaxDeq=17
04-09 00:52:22.009 15853 16193 D AudioTrackImpl: [audioTrackData][zero] 1s(f:0 m:0 s:0 k:0 z:1000) : pid 15853 uid 10518 sessionId 897 sr 48000 ch 2 fmt 1
04-09 00:52:22.047 15853 24759 W PesReader: Unexpected start code prefix: 2162765
04-09 00:52:22.047 15853 24759 W PesReader: Unexpected start code prefix: 2162765
04-09 00:52:22.093 15853 16236 D BufferQueueProducer: [SurfaceTexture-0-15853-3](id:3ded00000007,api:3,p:15853,c:15853) bbq.waitForFreeSlotThenRelock timeout 0 return. deqCount=16, acqCount=1, mMaxAcq=1, mMaxDeq=17
04-09 00:52:22.126 15853 16236 D BufferQueueProducer: [SurfaceTexture-0-15853-3](id:3ded00000007,api:3,p:15853,c:15853) bbq.waitForFreeSlotThenRelock timeout 0 return. deqCount=16, acqCount=1, mMaxAcq=1, mMaxDeq=17
04-09 00:52:22.130  2184  3148 I SmartPower: android.process.mediaUI/10067(13143): background->idle(3000ms) R(service create com.android.providers.downloads.ui/.service.CoreJobService) adj=250.
04-09 00:52:22.225 15853 16236 D BufferQueueProducer: [SurfaceTexture-0-15853-3](id:3ded00000007,api:3,p:15853,c:15853) bbq.waitForFreeSlotThenRelock timeout 0 return. deqCount=16, acqCount=1, mMaxAcq=1, mMaxDeq=17
04-09 00:52:22.257 15853 16236 D BufferQueueProducer: [SurfaceTexture-0-15853-3](id:3ded00000007,api:3,p:15853,c:15853) bbq.waitForFreeSlotThenRelock timeout 0 return. deqCount=16, acqCount=1, mMaxAcq=1, mMaxDeq=17
04-09 00:52:22.274 15853 16193 D AudioTrackImpl: [audioTrackData][mute] 44s(f:0 m:44001 s:265 k:43952 z:0) : pid 15853 uid 10518 sessionId 889 sr 48000 ch 2 fmt 1
04-09 00:52:22.334 15853 16236 D BufferQueueProducer: [SurfaceTexture-0-15853-3](id:3ded00000007,api:3,p:15853,c:15853) bbq.waitForFreeSlotThenRelock timeout 0 return. deqCount=16, acqCount=1, mMaxAcq=1, mMaxDeq=17
04-09 00:52:22.423 15853 16236 D BufferQueueProducer: [SurfaceTexture-0-15853-3](id:3ded00000007,api:3,p:15853,c:15853) bbq.waitForFreeSlotThenRelock timeout 0 return. deqCount=16, acqCount=1, mMaxAcq=1, mMaxDeq=17
04-09 00:52:22.565 15853 16236 D BufferQueueProducer: [SurfaceTexture-0-15853-3](id:3ded00000007,api:3,p:15853,c:15853) bbq.waitForFreeSlotThenRelock timeout 0 return. deqCount=16, acqCount=1, mMaxAcq=1, mMaxDeq=17
04-09 00:52:22.997 15853 21398 I MediaCodec: [mId: 5] [audio-debug-dec] Stats over last 5002ms:
04-09 00:52:22.997 15853 21398 I MediaCodec: [mId: 5] [audio-debug-dec] ClientName: com.suno.android ComponentName: c2.android.aac.decoder
04-09 00:52:22.997 15853 21398 I MediaCodec: [mId: 5] [audio-debug-dec] Qinput: 236, DQinput: 0 success out of 0 tries
04-09 00:52:22.997 15853 21398 I MediaCodec: [mId: 5] [audio-debug-dec] Render: 0, Drop: 234, DQoutput: 0 success out of 0 tries
04-09 00:52:23.009 15853 16193 D AudioTrackImpl: [audioTrackData][zero] 2s(f:0 m:0 s:0 k:0 z:2000) : pid 15853 uid 10518 sessionId 897 sr 48000 ch 2 fmt 1
04-09 00:52:23.015 15853 21391 I MediaCodec: [mId: 4] [video-debug-dec] Stats over last 5028ms:
04-09 00:52:23.015 15853 21391 I MediaCodec: [mId: 4] [video-debug-dec] ClientName: com.suno.android ComponentName: c2.qti.avc.decoder
04-09 00:52:23.015 15853 21391 I MediaCodec: [mId: 4] [video-debug-dec] Qinput: 148, DQinput: 0 success out of 0 tries
04-09 00:52:23.015 15853 21391 I MediaCodec: [mId: 4] [video-debug-dec] Render: 151, Drop: 0, DQoutput: 0 success out of 0 tries
04-09 00:52:23.015 15853 21391 I MediaCodec: [mId: 4] [video-debug-dec] Avg Input Interval: 33ms, Avg Render Interval: 33ms
04-09 00:52:23.036 15853 16236 D BufferQueueProducer: [SurfaceTexture-0-15853-3](id:3ded00000007,api:3,p:15853,c:15853) bbq.waitForFreeSlotThenRelock timeout 0 return. deqCount=16, acqCount=1, mMaxAcq=1, mMaxDeq=17
04-09 00:52:23.281 15853 16193 D AudioTrackImpl: [audioTrackData][mute] 45s(f:0 m:45008 s:265 k:44959 z:0) : pid 15853 uid 10518 sessionId 889 sr 48000 ch 2 fmt 1
04-09 00:52:23.421 15853 16236 D BufferQueueProducer: [SurfaceTexture-0-15853-3](id:3ded00000007,api:3,p:15853,c:15853) bbq.waitForFreeSlotThenRelock timeout 0 return. deqCount=16, acqCount=1, mMaxAcq=1, mMaxDeq=17
04-09 00:52:23.523 15853 21391 D BufferPoolAccessor2.0: bufferpool2 0xb4000071ada08c28 : 5(15667200 size) total buffers - 4(12533760 size) used buffers - 7273/7288 (recycle/alloc) - 27/7289 (fetch/transfer)
04-09 00:52:23.563 15853 16236 D BufferQueueProducer: [SurfaceTexture-0-15853-3](id:3ded00000007,api:3,p:15853,c:15853) bbq.waitForFreeSlotThenRelock timeout 0 return. deqCount=16, acqCount=1, mMaxAcq=1, mMaxDeq=17
04-09 00:52:23.615 15853 21398 D BufferPoolAccessor2.0: bufferpool2 0xb40000716c01aa28 : 5(40960 size) total buffers - 1(8192 size) used buffers - 11382/11432 (recycle/alloc) - 73/11383 (fetch/transfer)
04-09 00:52:23.617  1914 21399 D BufferPoolAccessor2.0: bufferpool2 0xb40000733754da28 : 6(24576 size) total buffers - 1(4096 size) used buffers - 11362/11380 (recycle/alloc) - 51/11379 (fetch/transfer)
04-09 00:52:23.651 15853 16236 D BufferQueueProducer: [SurfaceTexture-0-15853-3](id:3ded00000007,api:3,p:15853,c:15853) bbq.waitForFreeSlotThenRelock timeout 0 return. deqCount=16, acqCount=1, mMaxAcq=1, mMaxDeq=17
04-09 00:52:23.694 15853 16236 D BufferQueueProducer: [SurfaceTexture-0-15853-3](id:3ded00000007,api:3,p:15853,c:15853) bbq.waitForFreeSlotThenRelock timeout 0 return. deqCount=16, acqCount=1, mMaxAcq=1, mMaxDeq=17
04-09 00:52:23.793 15853 16236 D BufferQueueProducer: [SurfaceTexture-0-15853-3](id:3ded00000007,api:3,p:15853,c:15853) bbq.waitForFreeSlotThenRelock timeout 0 return. deqCount=16, acqCount=1, mMaxAcq=1, mMaxDeq=17
04-09 00:52:23.992 15853 16236 D BufferQueueProducer: [SurfaceTexture-0-15853-3](id:3ded00000007,api:3,p:15853,c:15853) bbq.waitForFreeSlotThenRelock timeout 0 return. deqCount=16, acqCount=1, mMaxAcq=1, mMaxDeq=17
04-09 00:52:24.010 15853 16193 D AudioTrackImpl: [audioTrackData][zero] 3s(f:0 m:0 s:0 k:0 z:3001) : pid 15853 uid 10518 sessionId 897 sr 48000 ch 2 fmt 1
04-09 00:52:24.024 15853 16236 D BufferQueueProducer: [SurfaceTexture-0-15853-3](id:3ded00000007,api:3,p:15853,c:15853) bbq.waitForFreeSlotThenRelock timeout 0 return. deqCount=16, acqCount=1, mMaxAcq=1, mMaxDeq=17
04-09 00:52:24.124 15853 16236 D BufferQueueProducer: [SurfaceTexture-0-15853-3](id:3ded00000007,api:3,p:15853,c:15853) bbq.waitForFreeSlotThenRelock timeout 0 return. deqCount=16, acqCount=1, mMaxAcq=1, mMaxDeq=17
04-09 00:52:24.156 15853 16236 D BufferQueueProducer: [SurfaceTexture-0-15853-3](id:3ded00000007,api:3,p:15853,c:15853) bbq.waitForFreeSlotThenRelock timeout 0 return. deqCount=16, acqCount=1, mMaxAcq=1, mMaxDeq=17
04-09 00:52:24.194  2184  2922 D MiuiNetworkPolicy: updateLimit mLimitEnabled=false,enabled=true,mNetworkPriorityMode=0,mThermalForceMode=0
04-09 00:52:24.195  2184  2922 I MiuiNetworkPolicy: getEnableLimitTimeout when thermal mode is:0
04-09 00:52:24.279 15853 16193 D AudioTrackImpl: [audioTrackData][mute] 46s(f:0 m:46005 s:265 k:45956 z:0) : pid 15853 uid 10518 sessionId 889 sr 48000 ch 2 fmt 1
04-09 00:52:24.355 15853 16236 D BufferQueueProducer: [SurfaceTexture-0-15853-3](id:3ded00000007,api:3,p:15853,c:15853) bbq.waitForFreeSlotThenRelock timeout 0 return. deqCount=16, acqCount=1, mMaxAcq=1, mMaxDeq=17
04-09 00:52:24.521 15853 16236 D BufferQueueProducer: [SurfaceTexture-0-15853-3](id:3ded00000007,api:3,p:15853,c:15853) bbq.waitForFreeSlotThenRelock timeout 0 return. deqCount=16, acqCount=1, mMaxAcq=1, mMaxDeq=17
04-09 00:52:24.653 15853 16236 D BufferQueueProducer: [SurfaceTexture-0-15853-3](id:3ded00000007,api:3,p:15853,c:15853) bbq.waitForFreeSlotThenRelock timeout 0 return. deqCount=16, acqCount=1, mMaxAcq=1, mMaxDeq=17
04-09 00:52:24.731  1870  1870 I wificond: station_bandwidth: (
04-09 00:52:24.820 15853 16236 D BufferQueueProducer: [SurfaceTexture-0-15853-3](id:3ded00000007,api:3,p:15853,c:15853) bbq.waitForFreeSlotThenRelock timeout 0 return. deqCount=16, acqCount=1, mMaxAcq=1, mMaxDeq=17
04-09 00:52:24.862 15853 16236 D BufferQueueProducer: [SurfaceTexture-0-15853-3](id:3ded00000007,api:3,p:15853,c:15853) bbq.waitForFreeSlotThenRelock timeout 0 return. deqCount=16, acqCount=1, mMaxAcq=1, mMaxDeq=17
04-09 00:52:24.961 15853 16236 D BufferQueueProducer: [SurfaceTexture-0-15853-3](id:3ded00000007,api:3,p:15853,c:15853) bbq.waitForFreeSlotThenRelock timeout 0 return. deqCount=16, acqCount=1, mMaxAcq=1, mMaxDeq=17
04-09 00:52:25.010 15853 16193 D AudioTrackImpl: [audioTrackData][zero] 4s(f:0 m:0 s:0 k:0 z:4001) : pid 15853 uid 10518 sessionId 897 sr 48000 ch 2 fmt 1
04-09 00:52:25.284 15853 16193 D AudioTrackImpl: [audioTrackData][mute] 47s(f:0 m:47010 s:265 k:46961 z:0) : pid 15853 uid 10518 sessionId 889 sr 48000 ch 2 fmt 1
04-09 00:52:25.291 15853 16236 D BufferQueueProducer: [SurfaceTexture-0-15853-3](id:3ded00000007,api:3,p:15853,c:15853) bbq.waitForFreeSlotThenRelock timeout 0 return. deqCount=16, acqCount=1, mMaxAcq=1, mMaxDeq=17
04-09 00:52:25.390 15853 16236 D BufferQueueProducer: [SurfaceTexture-0-15853-3](id:3ded00000007,api:3,p:15853,c:15853) bbq.waitForFreeSlotThenRelock timeout 0 return. deqCount=16, acqCount=1, mMaxAcq=1, mMaxDeq=17
04-09 00:52:25.521 15853 16236 D BufferQueueProducer: [SurfaceTexture-0-15853-3](id:3ded00000007,api:3,p:15853,c:15853) bbq.waitForFreeSlotThenRelock timeout 0 return. deqCount=16, acqCount=1, mMaxAcq=1, mMaxDeq=17
04-09 00:52:25.662 15853 16236 D BufferQueueProducer: [SurfaceTexture-0-15853-3](id:3ded00000007,api:3,p:15853,c:15853) bbq.waitForFreeSlotThenRelock timeout 0 return. deqCount=16, acqCount=1, mMaxAcq=1, mMaxDeq=17
04-09 00:52:25.834  1314 21380 I QC2Comp : [avcD_167] Stats: Pending(7) i/p-done(3) Works: Q: 25/Done 20|Work-Rate: Q(0.0/s Avg=0.0/s) Done(0.000/s Avg=0.021/s)| Stream: 30.00fps 3.0Mbps
04-09 00:52:25.834  1314 21380 I QC2Comp : Mem-usage:  [In-1D - 7 bufs 20.918 MB] [1D-0 - 11 bufs 0.172 MB] [2D-155 - 19 bufs 27.164 MB]
04-09 00:52:25.834  1314 21380 I QC2Comp : Total Mem-usage: 48.254 MB
04-09 00:52:25.852  4878 22338 I NearbyMediums: No BLE Fast/GATT advertisements found in the latest cycle.
04-09 00:52:25.852  4878 22338 I NearbyMediums: Current Tracked Scanning Clients are : {NearbyConnections.EnvironmentMonitor, NearbySharing}
04-09 00:52:25.860 15853 16236 D BufferQueueProducer: [SurfaceTexture-0-15853-3](id:3ded00000007,api:3,p:15853,c:15853) bbq.waitForFreeSlotThenRelock timeout 0 return. deqCount=16, acqCount=1, mMaxAcq=1, mMaxDeq=17
04-09 00:52:25.992 15853 16236 D BufferQueueProducer: [SurfaceTexture-0-15853-3](id:3ded00000007,api:3,p:15853,c:15853) bbq.waitForFreeSlotThenRelock timeout 0 return. deqCount=16, acqCount=1, mMaxAcq=1, mMaxDeq=17
04-09 00:52:26.004 25935 25966 D ProfileInstaller: Installing profile for app.blearn.mobile
04-09 00:52:26.009 15853 16193 D AudioTrackImpl: [audioTrackData][zero] 5s(f:0 m:0 s:0 k:0 z:5000) : pid 15853 uid 10518 sessionId 897 sr 48000 ch 2 fmt 1
04-09 00:52:26.120  1314 21393 I QC2Comp : [avcD_168] Stats: Pending(9) i/p-done(5) Works: Q: 7429/Done 7421|Work-Rate: Q(30.0/s Avg=7.7/s) Done(29.998/s Avg=7.685/s)| Stream: 30.00fps 16.8Mbps
04-09 00:52:26.120  1314 21393 I QC2Comp : Mem-usage:  [In-1D - 15 bufs 44.824 MB] [1D-0 - 10 bufs 0.156 MB] [2D-156 - 18 bufs 49.781 MB]
04-09 00:52:26.120  1314 21393 I QC2Comp : Total Mem-usage: 94.762 MB
04-09 00:52:26.159 15853 16236 D BufferQueueProducer: [SurfaceTexture-0-15853-3](id:3ded00000007,api:3,p:15853,c:15853) bbq.waitForFreeSlotThenRelock timeout 0 return. deqCount=16, acqCount=1, mMaxAcq=1, mMaxDeq=17
04-09 00:52:26.202 15853 16236 D BufferQueueProducer: [SurfaceTexture-0-15853-3](id:3ded00000007,api:3,p:15853,c:15853) bbq.waitForFreeSlotThenRelock timeout 0 return. deqCount=16, acqCount=1, mMaxAcq=1, mMaxDeq=17
04-09 00:52:26.283 15853 16193 D AudioTrackImpl: [audioTrackData][mute] 48s(f:0 m:48009 s:265 k:47960 z:0) : pid 15853 uid 10518 sessionId 889 sr 48000 ch 2 fmt 1
04-09 00:52:26.302 15853 16236 D BufferQueueProducer: [SurfaceTexture-0-15853-3](id:3ded00000007,api:3,p:15853,c:15853) bbq.waitForFreeSlotThenRelock timeout 0 return. deqCount=16, acqCount=1, mMaxAcq=1, mMaxDeq=17
04-09 00:52:26.323 15853 16236 D BufferQueueProducer: [SurfaceTexture-0-15853-3](id:3ded00000007,api:3,p:15853,c:15853) bbq.waitForFreeSlotThenRelock timeout 0 return. deqCount=16, acqCount=1, mMaxAcq=1, mMaxDeq=17
04-09 00:52:26.356 15853 16236 D BufferQueueProducer: [SurfaceTexture-0-15853-3](id:3ded00000007,api:3,p:15853,c:15853) bbq.waitForFreeSlotThenRelock timeout 0 return. deqCount=16, acqCount=1, mMaxAcq=1, mMaxDeq=17
04-09 00:52:26.601 15853 16236 D BufferQueueProducer: [SurfaceTexture-0-15853-3](id:3ded00000007,api:3,p:15853,c:15853) bbq.waitForFreeSlotThenRelock timeout 0 return. deqCount=16, acqCount=1, mMaxAcq=1, mMaxDeq=17
04-09 00:52:26.689 15853 16236 D BufferQueueProducer: [SurfaceTexture-0-15853-3](id:3ded00000007,api:3,p:15853,c:15853) bbq.waitForFreeSlotThenRelock timeout 0 return. deqCount=16, acqCount=1, mMaxAcq=1, mMaxDeq=17
04-09 00:52:26.732 15853 16236 D BufferQueueProducer: [SurfaceTexture-0-15853-3](id:3ded00000007,api:3,p:15853,c:15853) bbq.waitForFreeSlotThenRelock timeout 0 return. deqCount=16, acqCount=1, mMaxAcq=1, mMaxDeq=17
04-09 00:52:26.831 15853 16236 D BufferQueueProducer: [SurfaceTexture-0-15853-3](id:3ded00000007,api:3,p:15853,c:15853) bbq.waitForFreeSlotThenRelock timeout 0 return. deqCount=16, acqCount=1, mMaxAcq=1, mMaxDeq=17
04-09 00:52:26.853 15853 16236 D BufferQueueProducer: [SurfaceTexture-0-15853-3](id:3ded00000007,api:3,p:15853,c:15853) bbq.waitForFreeSlotThenRelock timeout 0 return. deqCount=16, acqCount=1, mMaxAcq=1, mMaxDeq=17
04-09 00:52:27.010 15853 16193 D AudioTrackImpl: [audioTrackData][zero] 6s(f:0 m:0 s:0 k:0 z:6001) : pid 15853 uid 10518 sessionId 897 sr 48000 ch 2 fmt 1
04-09 00:52:27.059 16806 17823 V U.Notification: Posting new notification, elapsed=16060
04-09 00:52:27.129 15853 16236 D BufferQueueProducer: [SurfaceTexture-0-15853-3](id:3ded00000007,api:3,p:15853,c:15853) bbq.waitForFreeSlotThenRelock timeout 0 return. deqCount=16, acqCount=1, mMaxAcq=1, mMaxDeq=17
04-09 00:52:27.218 15853 16236 D BufferQueueProducer: [SurfaceTexture-0-15853-3](id:3ded00000007,api:3,p:15853,c:15853) bbq.waitForFreeSlotThenRelock timeout 0 return. deqCount=16, acqCount=1, mMaxAcq=1, mMaxDeq=17
04-09 00:52:27.260 15853 16236 D BufferQueueProducer: [SurfaceTexture-0-15853-3](id:3ded00000007,api:3,p:15853,c:15853) bbq.waitForFreeSlotThenRelock timeout 0 return. deqCount=16, acqCount=1, mMaxAcq=1, mMaxDeq=17
04-09 00:52:27.360 15853 16236 D BufferQueueProducer: [SurfaceTexture-0-15853-3](id:3ded00000007,api:3,p:15853,c:15853) bbq.waitForFreeSlotThenRelock timeout 0 return. deqCount=16, acqCount=1, mMaxAcq=1, mMaxDeq=17
04-09 00:52:27.460 15853 16236 D BufferQueueProducer: [SurfaceTexture-0-15853-3](id:3ded00000007,api:3,p:15853,c:15853) bbq.waitForFreeSlotThenRelock timeout 0 return. deqCount=16, acqCount=1, mMaxAcq=1, mMaxDeq=17
04-09 00:52:27.464 15853 16193 D AudioTrackImpl: [audioTrackData][mute] 49s(f:0 m:49000 s:265 k:48616 z:0) : pid 15853 uid 10518 sessionId 889 sr 48000 ch 2 fmt 1
04-09 00:52:27.690 15853 16236 D BufferQueueProducer: [SurfaceTexture-0-15853-3](id:3ded00000007,api:3,p:15853,c:15853) bbq.waitForFreeSlotThenRelock timeout 0 return. deqCount=16, acqCount=1, mMaxAcq=1, mMaxDeq=17
04-09 00:52:27.722 15853 16236 D BufferQueueProducer: [SurfaceTexture-0-15853-3](id:3ded00000007,api:3,p:15853,c:15853) bbq.waitForFreeSlotThenRelock timeout 0 return. deqCount=16, acqCount=1, mMaxAcq=1, mMaxDeq=17
04-09 00:52:27.740  1870  1870 I wificond: station_bandwidth: (
04-09 00:52:27.744  4073  4073 D ArtChoreographerMonitor: invoke error.
04-09 00:52:27.821 15853 16236 D BufferQueueProducer: [SurfaceTexture-0-15853-3](id:3ded00000007,api:3,p:15853,c:15853) bbq.waitForFreeSlotThenRelock timeout 0 return. deqCount=16, acqCount=1, mMaxAcq=1, mMaxDeq=17
04-09 00:52:27.825  2184  2854 W ActivityManagerServiceImpl: Sending non-protected broadcast miui.intent.action.CYCLE_CHECK from system uid 1000 pkg android. Callers=com.android.server.am.ActivityManagerService.checkBroadcastFromSystem:15246 com.android.server.am.ActivityManagerService.broadcastIntentLockedTraced:16076 com.android.server.am.ActivityManagerService.broadcastIntentLocked:15304 com.android.server.am.ActivityManagerService.broadcastIntentInPackage:16309 com.android.server.am.ActivityManagerService$LocalService.broadcastIntentInPackage:19055 
04-09 00:52:27.825  2184  2854 D AlarmManager: mBroadcastRefCount -> 1
04-09 00:52:27.828  2184  2301 D ActivityManager: checkAllowBackground: uid=1000 pkg=android rec=UidRecord{37d5426 1000 PER  fgServices allowlist change:procadj procs:0 seq(524257,523333)} caps=LCMNFU always=false idle=false
04-09 00:52:27.828  2184  2184 D AlarmManager: mBroadcastRefCount -> 0
04-09 00:52:27.829  2184  2184 D AlarmManager: mPendingIntent -> PendingIntent{c2701b6: PendingIntentRecord{7e55eb7 android broadcastIntent}}
04-09 00:52:27.832  2184  2301 I android_os_HwBinder: HwBinder: Starting thread pool for getting: vendor.xiaomi.hardware.micharge@1.0::IMiCharge/default
04-09 00:52:27.834  1323  1334 I vendor.xiaomi.hardware.micharge@1.0-service: ReadFilePathValue path = /sys/class/power_supply/battery/temp value = 330
04-09 00:52:27.837  2184  2301 I android_os_HwBinder: HwBinder: Starting thread pool for getting: vendor.xiaomi.hardware.micharge@1.0::IMiCharge/default
04-09 00:52:27.837  1323  1334 I vendor.xiaomi.hardware.micharge@1.0-service: ReadFilePathValue path = /sys/class/power_supply/battery/charge_control_limit value = 9
04-09 00:52:27.850 25935 25935 D BlearnAccessibility: event: com.android.systemui type=2048
04-09 00:52:27.853 15853 16236 D BufferQueueProducer: [SurfaceTexture-0-15853-3](id:3ded00000007,api:3,p:15853,c:15853) bbq.waitForFreeSlotThenRelock timeout 0 return. deqCount=16, acqCount=1, mMaxAcq=1, mMaxDeq=17
04-09 00:52:27.866  2184  2506 W ProcessStats: Tracking association SourceState{56dc307 com.xiaomi.mi_connect_service/1000 Fgs #103011} whose proc state 3 is better than process ProcessState{a840aea com.xiaomi.bluetooth/1002 pkg=com.xiaomi.bluetooth} proc state 8 (384 skipped)
04-09 00:52:27.875 25935 25935 D BlearnAccessibility: skip: package outside conservative text allowlist com.android.systemui
04-09 00:52:27.902  4878 15269 I NearbyFastPair: (REDACTED) TriangleSessionTracker: flush media count=%s, media duration=%ss, call count=%s
04-09 00:52:27.915  4073  4073 D ArtChoreographerMonitor: invoke error.
04-09 00:52:28.000 15853 21398 I MediaCodec: [mId: 5] [audio-debug-dec] Stats over last 5002ms:
04-09 00:52:28.000 15853 21398 I MediaCodec: [mId: 5] [audio-debug-dec] ClientName: com.suno.android ComponentName: c2.android.aac.decoder
04-09 00:52:28.000 15853 21398 I MediaCodec: [mId: 5] [audio-debug-dec] Qinput: 234, DQinput: 0 success out of 0 tries
04-09 00:52:28.000 15853 21398 I MediaCodec: [mId: 5] [audio-debug-dec] Render: 0, Drop: 235, DQoutput: 0 success out of 0 tries
04-09 00:52:28.010 15853 16193 D AudioTrackImpl: [audioTrackData][zero] 7s(f:0 m:0 s:0 k:0 z:7001) : pid 15853 uid 10518 sessionId 897 sr 48000 ch 2 fmt 1
04-09 00:52:28.021 15853 21391 I MediaCodec: [mId: 4] [video-debug-dec] Stats over last 5005ms:
04-09 00:52:28.021 15853 21391 I MediaCodec: [mId: 4] [video-debug-dec] ClientName: com.suno.android ComponentName: c2.qti.avc.decoder
04-09 00:52:28.021 15853 21391 I MediaCodec: [mId: 4] [video-debug-dec] Qinput: 151, DQinput: 0 success out of 0 tries
04-09 00:52:28.021 15853 21391 I MediaCodec: [mId: 4] [video-debug-dec] Render: 150, Drop: 0, DQoutput: 0 success out of 0 tries
04-09 00:52:28.021 15853 21391 I MediaCodec: [mId: 4] [video-debug-dec] Avg Input Interval: 33ms, Avg Render Interval: 33ms
04-09 00:52:28.025 15853 16236 D BufferQueueProducer: [SurfaceTexture-0-15853-3](id:3ded00000007,api:3,p:15853,c:15853) bbq.waitForFreeSlotThenRelock timeout 0 return. deqCount=16, acqCount=1, mMaxAcq=1, mMaxDeq=17
04-09 00:52:28.037 15853 24759 W PesReader: Unexpected start code prefix: 2162797
04-09 00:52:28.037 15853 24759 W PesReader: Unexpected start code prefix: 2162799
04-09 00:52:28.195  5411  5411 D BoundBrokerSvc: onUnbind: Intent { act=com.google.android.gms.measurement.START pkg=com.google.android.gms }
04-09 00:52:28.198 15853 16236 D BufferQueueProducer: [SurfaceTexture-0-15853-3](id:3ded00000007,api:3,p:15853,c:15853) bbq.waitForFreeSlotThenRelock timeout 0 return. deqCount=16, acqCount=1, mMaxAcq=1, mMaxDeq=17
04-09 00:52:28.398 15853 16236 D BufferQueueProducer: [SurfaceTexture-0-15853-3](id:3ded00000007,api:3,p:15853,c:15853) bbq.waitForFreeSlotThenRelock timeout 0 return. deqCount=16, acqCount=1, mMaxAcq=1, mMaxDeq=17
04-09 00:52:28.487 15853 16236 D BufferQueueProducer: [SurfaceTexture-0-15853-3](id:3ded00000007,api:3,p:15853,c:15853) bbq.waitForFreeSlotThenRelock timeout 0 return. deqCount=16, acqCount=1, mMaxAcq=1, mMaxDeq=17
04-09 00:52:28.524 15853 16193 D AudioTrackImpl: [audioTrackData][mute] 50s(f:0 m:50004 s:265 k:49522 z:0) : pid 15853 uid 10518 sessionId 889 sr 48000 ch 2 fmt 1
04-09 00:52:28.530 15853 16236 D BufferQueueProducer: [SurfaceTexture-0-15853-3](id:3ded00000007,api:3,p:15853,c:15853) bbq.waitForFreeSlotThenRelock timeout 0 return. deqCount=16, acqCount=1, mMaxAcq=1, mMaxDeq=17
04-09 00:52:28.630 15853 16236 D BufferQueueProducer: [SurfaceTexture-0-15853-3](id:3ded00000007,api:3,p:15853,c:15853) bbq.waitForFreeSlotThenRelock timeout 0 return. deqCount=16, acqCount=1, mMaxAcq=1, mMaxDeq=17
04-09 00:52:28.657  2184  2922 I MiuiNetworkPolicy: updateUidState uid = 10213, uidState = 10
04-09 00:52:28.661  1914 21399 D BufferPoolAccessor2.0: bufferpool2 0xb40000733754da28 : 6(24576 size) total buffers - 1(4096 size) used buffers - 11600/11618 (recycle/alloc) - 51/11617 (fetch/transfer)
04-09 00:52:28.670  2184  2922 I MiuiNetworkPolicy: updateUidState uid = 10213, uidState = 19
04-09 00:52:28.751 15853 16236 D BufferQueueProducer: [SurfaceTexture-0-15853-3](id:3ded00000007,api:3,p:15853,c:15853) bbq.waitForFreeSlotThenRelock timeout 0 return. deqCount=16, acqCount=1, mMaxAcq=1, mMaxDeq=17
04-09 00:52:28.862 15853 16236 D BufferQueueProducer: [SurfaceTexture-0-15853-3](id:3ded00000007,api:3,p:15853,c:15853) bbq.waitForFreeSlotThenRelock timeout 0 return. deqCount=16, acqCount=1, mMaxAcq=1, mMaxDeq=17
04-09 00:52:28.881 15853 21391 D BufferPoolAccessor2.0: bufferpool2 0xb4000071ada08c28 : 5(15667200 size) total buffers - 4(12533760 size) used buffers - 7434/7449 (recycle/alloc) - 27/7450 (fetch/transfer)
04-09 00:52:28.992 15853 16236 D BufferQueueProducer: [SurfaceTexture-0-15853-3](id:3ded00000007,api:3,p:15853,c:15853) bbq.waitForFreeSlotThenRelock timeout 0 return. deqCount=16, acqCount=1, mMaxAcq=1, mMaxDeq=17
04-09 00:52:29.010 15853 16193 D AudioTrackImpl: [audioTrackData][zero] 8s(f:0 m:0 s:0 k:0 z:8001) : pid 15853 uid 10518 sessionId 897 sr 48000 ch 2 fmt 1
04-09 00:52:29.077  2184  2854 D ActivityManager: checkAllowBackground: uid=1000 pkg=com.miui.powerkeeper rec=UidRecord{37d5426 1000 PER  fgServices allowlist change:procadj procs:0 seq(524389,523333)} caps=LCMNFU always=false idle=false
04-09 00:52:29.080  2184  2854 D AlarmManager: mBroadcastRefCount -> 1
04-09 00:52:29.085  8508 10522 W BatteryHistoryManager: checkReset
04-09 00:52:29.085  8508 10589 W BatteryHistoryManager: check reset inner : 2026.4.9  0:52
04-09 00:52:29.085  9679  9679 I PowerKeeperBackgroundService: onStartCommand()
04-09 00:52:29.085  2184  2854 D AlarmManager: mBroadcastRefCount -> 2
04-09 00:52:29.086  2184  2854 I SmartPower: com.google.android.gms.unstable/10163(11375): idle->background(236025ms) R(alarm start) adj=800.
04-09 00:52:29.086  2184  2854 I SmartPower: com.google.android.gms.ui/10163(3591): idle->background(236026ms) R(alarm start) adj=800.
04-09 00:52:29.086  2184  2854 I SmartPower: com.google.process.gservices/10163(20239): idle->background(236026ms) R(alarm start) adj=975.
04-09 00:52:29.086  2184  2854 I SmartPower: com.google.process.gapps/10163(27548): idle->background(179748ms) R(alarm start) adj=925.
04-09 00:52:29.087  9679  9679 I PowerKeeperService: onAlarm
04-09 00:52:29.087  2184  2854 D ActivityManager: checkAllowBackground: uid=10163 pkg=com.google.android.gms rec=UidRecord{aa25102 u0a163 BTOP change:procadj procs:0 seq(524395,2530)} caps=LCMNFU always=true idle=false
04-09 00:52:29.087  2184  2854 I ActivityManager: App 10163/com.google.android.gms targets O+, restricted
04-09 00:52:29.088  2184  2854 D ActivityManager: checkAllowBackground: uid=10163 pkg=com.google.android.gms startMode=2 onallowlist=true onallowlist(ei)=true
04-09 00:52:29.088  2184  2854 D AlarmManager: mBroadcastRefCount -> 3
04-09 00:52:29.088  2184  2561 D ActivityManager: checkAllowBackground: uid=10163 pkg=com.google.android.gms rec=UidRecord{aa25102 u0a163 BTOP change:procadj procs:0 seq(524395,2530)} caps=LCMNFU always=true idle=false
04-09 00:52:29.088  2184  2561 I ActivityManager: App 10163/com.google.android.gms targets O+, restricted
04-09 00:52:29.088  2184  2561 D ActivityManager: checkAllowBackground: uid=10163 pkg=com.google.android.gms startMode=2 onallowlist=true onallowlist(ei)=true
04-09 00:52:29.088  2184  2854 I whetstone.activity: Power Event callback listener is empty for resId=128
04-09 00:52:29.088  2184  2854 D BatteryStatsManagerStub: notifyEvent for resId=128 used 0ms
04-09 00:52:29.089  2184  2184 D AlarmManager: mBroadcastRefCount -> 2
04-09 00:52:29.089  2184  2184 D AlarmManager: mPendingIntent -> PendingIntent{e099465: PendingIntentRecord{a13fbb0 com.miui.securitycenter startService}}
