--------- beginning of main
04-09 00:48:16.906 15853 16236 D BufferQueueProducer: [SurfaceTexture-0-15853-3](id:3ded00000007,api:3,p:15853,c:15853) bbq.waitForFreeSlotThenRelock timeout 0 return. deqCount=16, acqCount=1, mMaxAcq=1, mMaxDeq=17
--------- beginning of system
04-09 00:48:16.942  2184  4175 D CompatibilityChangeReporter: Compat change id reported: 161252188; UID 10030; state: DISABLED
04-09 00:48:16.944  2184  4175 W ActivityTaskManager: callingPackage for (uid=2000, pid=24764) has no WPC
04-09 00:48:16.946  2184  4175 D CompatibilityChangeReporter: Compat change id reported: 265464455; UID 10030; state: DISABLED
04-09 00:48:16.946  2184  4175 D CompatibilityChangeReporter: Compat change id reported: 265452344; UID 10030; state: DISABLED
04-09 00:48:16.947  2184  4175 D CompatibilityChangeReporter: Compat change id reported: 266124927; UID 10030; state: DISABLED
04-09 00:48:16.947 15853 16193 D AudioTrackImpl: [audioTrackData][zero] 56s(f:0 m:0 s:0 k:0 z:56032) : pid 15853 uid 10518 sessionId 897 sr 48000 ch 2 fmt 1
04-09 00:48:16.947  2184  4175 D CompatibilityChangeReporter: Compat change id reported: 265451093; UID 10030; state: DISABLED
04-09 00:48:16.947  2184  4175 D CompatibilityChangeReporter: Compat change id reported: 265456536; UID 10030; state: DISABLED
04-09 00:48:16.947  2184  4175 D CompatibilityChangeReporter: Compat change id reported: 255940284; UID 10030; state: DISABLED
04-09 00:48:16.947  2184  4175 D CompatibilityChangeReporter: Compat change id reported: 236283604; UID 10030; state: DISABLED
04-09 00:48:16.947  2184  4175 D CompatibilityChangeReporter: Compat change id reported: 263959004; UID 10030; state: DISABLED
04-09 00:48:16.948  2184  4175 D CompatibilityChangeReporter: Compat change id reported: 264304459; UID 10030; state: DISABLED
04-09 00:48:16.948  2184  4175 D CompatibilityChangeReporter: Compat change id reported: 264301586; UID 10030; state: DISABLED
04-09 00:48:16.948  2184  4175 D CompatibilityChangeReporter: Compat change id reported: 254631730; UID 10030; state: DISABLED
04-09 00:48:16.948  2184  4175 D CompatibilityChangeReporter: Compat change id reported: 273509367; UID 10030; state: DISABLED
04-09 00:48:16.948  2184  4175 D CompatibilityChangeReporter: Compat change id reported: 263259275; UID 10030; state: DISABLED
04-09 00:48:16.948  2184  4175 D CompatibilityChangeReporter: Compat change id reported: 174042980; UID 10030; state: DISABLED
04-09 00:48:16.948  2184  4175 D CompatibilityChangeReporter: Compat change id reported: 174042936; UID 10030; state: DISABLED
04-09 00:48:16.948  2184  4175 D CompatibilityChangeReporter: Compat change id reported: 181136395; UID 10030; state: DISABLED
04-09 00:48:16.957  2184  4175 D CompatibilityChangeReporter: Compat change id reported: 194480991; UID 10030; state: ENABLED
04-09 00:48:16.958  2184  4175 I SmartPower: app.blearn.mobile/10030(24685): background->invisible(28091ms) R(become foreground) adj=200.
04-09 00:48:16.959  2184  4175 D WindowManager: Collecting in transition 495: ActivityRecord{5480875 u0 app.blearn.mobile/.MainActivity init visibleRequested:false
04-09 00:48:16.959  2184  4175 D MiuiFreeFormManagerService: activeOrFullscreenFreeformTaskIfNeed startDefaultAr:false
04-09 00:48:16.961  4073  4317 D OneHandedController: stopOneHanded state is 0
04-09 00:48:16.965  2184  4175 D WindowManagerService: checkFlipFullScreenChange is same, nowIsFullScreen = false
04-09 00:48:16.966  2184  4175 D WindowManager: setLockTaskAuth: task=Task{787f07b #14404 type=standard A=10030:app.blearn.mobile} mLockTaskAuth=LOCK_TASK_AUTH_PINNABLE
04-09 00:48:16.967  2184  4175 D WindowManager: Collecting in transition 495: Task{787f07b #14404 type=standard A=10030:app.blearn.mobile} init visibleRequested:false
04-09 00:48:16.967  1296  1296 E vendor.qti.hardware.perf@2.2-service: Unknown params
04-09 00:48:16.967  1296  1296 E ANDR-PERF-DATA-POOL: EventDataPool is Full
04-09 00:48:16.967  1296  1296 E ANDR-PERF-MPCTL: perf request submission limit reached.
04-09 00:48:16.968  2184  4175 D CompatibilityChangeReporter: Compat change id reported: 184838306; UID 10030; state: DISABLED
04-09 00:48:16.968  2184  4175 D CompatibilityChangeReporter: Compat change id reported: 185004937; UID 10030; state: DISABLED
04-09 00:48:16.970  2184  4175 D WindowManager: setLockTaskAuth: task=Task{787f07b #14404 type=standard A=10030:app.blearn.mobile} mLockTaskAuth=LOCK_TASK_AUTH_PINNABLE
04-09 00:48:16.970  2184  4175 D CompatibilityChangeReporter: Compat change id reported: 197654537; UID 10030; state: ENABLED
04-09 00:48:16.970  2184  4175 D MiuiFreeFormManagerService: onStartActivityInner as = Task{787f07b #14404 type=standard A=10030:app.blearn.mobile} op = null
04-09 00:48:16.971  2184  4175 D ActivityTaskManager: Task#startActivityLocked isOrhasTask=true newTask=true
04-09 00:48:16.971  4081  4255 I DynamicDDSService: handleMessage(ACTIVITY_INVOKE{appInfo=app.blearn.mobile isFullScreen=}true)
04-09 00:48:16.972  2184  4175 D CompatibilityChangeReporter: Compat change id reported: 205907456; UID 10030; state: ENABLED
04-09 00:48:16.973  2184  4175 D PerfStubImpl: perfWarmLaunchBoost: app.blearn.mobile, -1, 1
04-09 00:48:16.973  1296  1296 E vendor.qti.hardware.perf@2.2-service: Unknown params
04-09 00:48:16.974  1296  1296 E vendor.qti.hardware.perf@2.2-service: Unknown params
04-09 00:48:16.974  1296  1296 E ANDR-PERF-DATA-POOL: EventDataPool is Full
04-09 00:48:16.974  1296  1296 E ANDR-PERF-MPCTL: perf request submission limit reached.
04-09 00:48:16.975  2184  4175 D ActivityTrigger: ActivityTrigger activityPauseTrigger 
04-09 00:48:16.975  1296  1296 E vendor.qti.hardware.perf@2.2-service: Unknown params
04-09 00:48:16.976  2184  4175 D WindowManager: Collecting in transition 495: ActivityRecord{5480875 u0 app.blearn.mobile/.MainActivity t14404} init visibleRequested:false
04-09 00:48:16.976  2184  4175 D WindowManager: Requesting StartTransition: TransitionRecord{aca82d6 id=495 type=OPEN flags=0x0}
04-09 00:48:16.977  2184  4175 I ActivityTaskManager: START u0 {flg=0x10000000 cmp=app.blearn.mobile/.MainActivity} with LAUNCH_SINGLE_TASK from uid 2000 from pid 24764 callingPackage com.android.shell (BAL_ALLOW_PERMISSION) result code=0
04-09 00:48:16.978  4073  4317 I SoScUtils: monitorTransitionRequest mRequestOpenTransition:null mRequestOpenTriggerTask:-1 mRequestCloseTransition:null mRequestCloseTriggerTask:-1 mRequestCloseStageType:-1
04-09 00:48:16.980  2184  4366 D WindowManager: Set transition=TransitionRecord{aca82d6 id=495 type=OPEN flags=0x0}, ready=false, SyncId=495 used=true, override=false, defer=0, states=Display{#0 state=ON size=1080x2400 ROTATION_0}:false
04-09 00:48:16.981  4073  4317 D MiuiFullScreenTaskRepository: setFocusedTask taskId=14389, displayId=0, topActivity=ComponentInfo{com.suno.android/com.suno.android.MainActivity}
04-09 00:48:16.981  4073  4317 D MiuiFullScreenTaskRepository: addOrUpdateFullScreenTaskInfo taskId=14389, topActivity=ComponentInfo{com.suno.android/com.suno.android.MainActivity}
04-09 00:48:16.981  4073  4317 D MiuiDesktopModeController: onFocusTaskChanged newFocus: TaskInfo{userId=0 taskId=14389 displayId=0 isRunning=true baseIntent=Intent { act=android.intent.action.MAIN cat=[android.intent.category.LAUNCHER] flg=0x10200000 cmp=com.suno.android/.MainActivity } baseActivity=ComponentInfo{com.suno.android/com.suno.android.MainActivity} topActivity=ComponentInfo{com.suno.android/com.suno.android.MainActivity} origActivity=null realActivity=ComponentInfo{com.suno.android/com.suno.android.MainActivity} numActivities=1 lastActiveTime=97168192 supportsSplitScreenMultiWindow=true supportsMultiWindow=true resizeMode=1 isResizeable=true minWidth=-1 minHeight=-1 defaultMinSize=200 token=WCT{android.window.IWindowContainerToken$Stub$Proxy@68b756f} topActivityType=1 pictureInPictureParams=null shouldDockBigOverlays=false launchIntoPipHostTaskId=-1 lastParentTaskIdBeforePip=-1 displayCutoutSafeInsets=null topActivityInfo=ActivityInfo{a03027c com.suno.android.MainActivity} launchCookies=[] positionInParent=Point(0, 0) parentTaskId=-1 isFocused=true isVisible=true isVisibleRequested=true isSleeping=false topActivityInSizeCompat=false topActivityInMiuiSizeCompat=false topActivityEligibleForLetterboxEducation= false topActivityLetterboxed= false isFromDoubleTap= false topActivityLetterboxVerticalPosition= -1 topActivityLetterboxHorizontalPosition= -1 topActivityLetterboxWidth=-1 topActivityLetterboxHeight=-1 locusId=null displayAreaFeatureId=1 cameraCompatControlState=hidden mIsCastMode=false mTopActivityMediaSize=null mTopActivityRecordName=ActivityRecord{6633a83 u0 com.suno.android/.MainActivity t14389} mTopActivityOrientation=1 mTopActivityWindowIsNowVisible=true isTranslucent=false isEmbedded=false shouldBeVisible=true isImmersive=false mBehindAppLockPkg=null mOriginatingUid=0}
04-09 00:48:16.982  4073  4317 D MiuiFreeformModeController: onFocusTaskChanged taskInfo: TaskInfo{userId=0 taskId=14389 displayId=0 isRunning=true baseIntent=Intent { act=android.intent.action.MAIN cat=[android.intent.category.LAUNCHER] flg=0x10200000 cmp=com.suno.android/.MainActivity } baseActivity=ComponentInfo{com.suno.android/com.suno.android.MainActivity} topActivity=ComponentInfo{com.suno.android/com.suno.android.MainActivity} origActivity=null realActivity=ComponentInfo{com.suno.android/com.suno.android.MainActivity} numActivities=1 lastActiveTime=97168192 supportsSplitScreenMultiWindow=true supportsMultiWindow=true resizeMode=1 isResizeable=true minWidth=-1 minHeight=-1 defaultMinSize=200 token=WCT{android.window.IWindowContainerToken$Stub$Proxy@68b756f} topActivityType=1 pictureInPictureParams=null shouldDockBigOverlays=false launchIntoPipHostTaskId=-1 lastParentTaskIdBeforePip=-1 displayCutoutSafeInsets=null topActivityInfo=ActivityInfo{a03027c com.suno.android.MainActivity} launchCookies=[] positionInParent=Point(0, 0) parentTaskId=-1 isFocused=true isVisible=true isVisibleRequested=true isSleeping=false topActivityInSizeCompat=false topActivityInMiuiSizeCompat=false topActivityEligibleForLetterboxEducation= false topActivityLetterboxed= false isFromDoubleTap= false topActivityLetterboxVerticalPosition= -1 topActivityLetterboxHorizontalPosition= -1 topActivityLetterboxWidth=-1 topActivityLetterboxHeight=-1 locusId=null displayAreaFeatureId=1 cameraCompatControlState=hidden mIsCastMode=false mTopActivityMediaSize=null mTopActivityRecordName=ActivityRecord{6633a83 u0 com.suno.android/.MainActivity t14389} mTopActivityOrientation=1 mTopActivityWindowIsNowVisible=true isTranslucent=false isEmbedded=false shouldBeVisible=true isImmersive=false mBehindAppLockPkg=null mOriginatingUid=0}
04-09 00:48:16.982  4073  4317 D OneHandedController: stopOneHanded state is 0
04-09 00:48:16.982  4110  4174 D TaskStackChangeListeners: onTaskDescriptionChanged =  taskId = 14404
04-09 00:48:16.983  2184  3118 I NetworkBoostStatusManager: onForegroundInfoChanged uid:10518, isColdStart:false
04-09 00:48:16.983  2184  3118 I SLM-SRV-SLAToast: foreground uid:10518, isColdStart:false, isLinkTurboEnable:false
04-09 00:48:16.983  2184  3118 D NetworkSDKService: handleMultiAppsDualWifi isSet = false isEverOpened = false
04-09 00:48:16.984  3988 21118 D MiuiBluetoothLatencyMode: ForegroundInfo{mForegroundPackageName='com.suno.android', mForegroundUid=10518, mForegroundPid=15853, mLastForegroundPackageName='com.suno.android', mLastForegroundUid=10518, mLastForegroundPid=15853, mMultiWindowForegroundPackageName='com.suno.android', mMultiWindowForegroundUid=10518, mFlags=0}
04-09 00:48:16.984  3988 21118 E bt_btif : btif_get_adapter_property : invalid type 246
04-09 00:48:16.984  3988 21118 E BluetoothAdapterService: getActiveDevices: LeAudioService is null
04-09 00:48:16.984  8508 27031 I ProcessMonitor: onForegroundInfoChanged: ForegroundInfo{mForegroundPackageName='com.suno.android', mForegroundUid=10518, mForegroundPid=15853, mLastForegroundPackageName='com.suno.android', mLastForegroundUid=10518, mLastForegroundPid=15853, mMultiWindowForegroundPackageName='com.suno.android', mMultiWindowForegroundUid=10518, mFlags=0}
04-09 00:48:16.984  9679 15795 D PerfEngineController: ForegroundInfo{mForegroundPackageName='com.suno.android', mForegroundUid=10518, mForegroundPid=15853, mLastForegroundPackageName='com.suno.android', mLastForegroundUid=10518, mLastForegroundPid=15853, mMultiWindowForegroundPackageName='com.suno.android', mMultiWindowForegroundUid=10518, mFlags=0}
04-09 00:48:16.987  8508 27031 I GameBoosterService: onForegroundInfoChanged: Cur=com.suno.android	 last=com.suno.android
04-09 00:48:16.987  8508 27031 D GameBoosterService: onGameStatusChange foreground:ForegroundInfo{mForegroundPackageName='com.suno.android', mForegroundUid=10518, mForegroundPid=15853, mLastForegroundPackageName='com.suno.android', mLastForegroundUid=10518, mLastForegroundPid=15853, mMultiWindowForegroundPackageName='com.suno.android', mMultiWindowForegroundUid=10518, mFlags=0}
04-09 00:48:16.987  8508 27031 I VideoBoxUtils: isSupportVideoBox: true
04-09 00:48:16.987  8508 27031 I VideoToolBoxService: splitMode: onfalse
04-09 00:48:16.990  1382  1382 I BpBinder: onLastStrongRef automatically unlinking death recipients: 
04-09 00:48:16.990  8508 11153 D x1      : myUserId = 0	currentUserId0
04-09 00:48:16.991  8508 27031 D FreeformUtil: retrieveFirstNoFreeformRootTaskInfo: windowMode = 1
04-09 00:48:16.991  8508 27031 I VideoToolBoxService: not support vtb. skipExit : false
04-09 00:48:16.991  8508 27031 I BeautyService: onForegroundInfoChanged: Cur=com.suno.android	 last=com.suno.android
04-09 00:48:16.994 15853 16193 I Surface : Surface::setFrameRate is deprecated, setFrameRate hint is dropped as destination is not SurfaceFlinger
04-09 00:48:16.994 15853 16193 D AudioTrack: pause(sessionID=889) pause(530): prior state:STATE_ACTIVE
04-09 00:48:16.995  1375 25192 D AF::Track: setFadeOut isFadeNeeded = 0 isFadingOut = 0
04-09 00:48:16.995  1375 25192 D AF::Track: setFadeOut Done
04-09 00:48:16.995  4073  4317 D OneHandedController: stopOneHanded state is 0
04-09 00:48:16.996 15853 15853 D FirebaseSessions: App backgrounded on com.suno.android
04-09 00:48:16.996  4073  4495 D ArtChoreographerMonitor: invoke error.
04-09 00:48:16.997  2184  2958 D AudioServiceStubImpl: onUpdateMediaState mediaActive=false
04-09 00:48:16.997  2184  4175 D PerfStubImpl: perfWarmLaunchBoost: app.blearn.mobile, -1, 1
04-09 00:48:16.998  1296  1296 E vendor.qti.hardware.perf@2.2-service: Unknown params
04-09 00:48:16.998  1296  1296 E vendor.qti.hardware.perf@2.2-service: Unknown params
04-09 00:48:16.998  1296  1296 E ANDR-PERF-DATA-POOL: EventDataPool is Full
04-09 00:48:16.999  1296  1296 E ANDR-PERF-MPCTL: perf request submission limit reached.
04-09 00:48:16.999  3988 21118 D MiuiBluetoothLatencyMode: ActiveProfile: -1
04-09 00:48:16.999  3988  3988 I BluetoothAdapterService: BT_FAST_SCAN AudioManager isPlaying: false mIsMusicPlaying true
04-09 00:48:16.999  3988  3988 I BluetoothAdapterService: BT_FAST_SCAN AudioManager change audio state after 3S
04-09 00:48:16.999  2184  4175 I ActivityTaskManager: The Process app.blearn.mobile Already Exists in BG. So sending its PID: 24685
04-09 00:48:17.000  1296  1296 E vendor.qti.hardware.perf@2.2-service: Unknown params
04-09 00:48:17.000  3988  4885 D Avrcp_ext: AudioManager Player: AudioPlaybackConfiguration piid:103 deviceId:0 type:android.media.SoundPool u/pid:1000/2184 state:idle attr:AudioAttributes: usage=USAGE_ASSISTANCE_SONIFICATION content=CONTENT_TYPE_SONIFICATION flags=0x800 tags= bundle=null sessionId:0 mutedState:none  FormatInfo{isSpatialized=false, channelMask=0x0, sampleRate=0}
04-09 00:48:17.000  1296  1296 E ANDR-PERF-DATA-POOL: EventDataPool is Full
04-09 00:48:17.000  3988  4885 D Avrcp_ext: AudioManager Player: AudioPlaybackConfiguration piid:647 deviceId:0 type:android.media.SoundPool u/pid:1027/7465 state:idle attr:AudioAttributes: usage=USAGE_ASSISTANCE_SONIFICATION content=CONTENT_TYPE_SONIFICATION flags=0x800 tags= bundle=null sessionId:0 mutedState:none  FormatInfo{isSpatialized=false, channelMask=0x0, sampleRate=0}
04-09 00:48:17.000  1296  1296 E ANDR-PERF-MPCTL: perf request submission limit reached.
04-09 00:48:17.000  3988  4885 D Avrcp_ext: AudioManager Player: AudioPlaybackConfiguration piid:871 deviceId:0 type:android.media.SoundPool u/pid:10115/9030 state:started attr:AudioAttributes: usage=USAGE_ASSISTANCE_SONIFICATION content=CONTENT_TYPE_SONIFICATION flags=0x800 tags= bundle=null sessionId:0 mutedState:none  FormatInfo{isSpatialized=false, channelMask=0x0, sampleRate=0}
04-09 00:48:17.000  1296  1351 E ANDR-PERF-LM: MetaMeter: handleAsync() 166: AdaptLaunch Invalid Async
04-09 00:48:17.000  4073  4073 I FocusedNotifPromptContr: onTopActivityMayChanged: isSupportPip false, isFocus false
04-09 00:48:17.001  4073  4073 I FocusedNotifPromptContr: onTopActivityMayChanged: topActivity=app.blearn.mobile
04-09 00:48:17.001  4073  4073 I FocusedNotifPromptContr: topActivityMayChanged: topActivity=app.blearn.mobile
04-09 00:48:17.001  4073  4073 D KeyguardEditorHelper: onTopActivityMayChanged, topActivity=ComponentInfo{app.blearn.mobile/app.blearn.mobile.MainActivity}; mState=IDEL
04-09 00:48:17.001  2184  4175 D WindowManager: Collecting in transition 495: ActivityRecord{5480875 u0 app.blearn.mobile/.MainActivity t14404} init visibleRequested:false
04-09 00:48:17.001  2184  4175 D WindowManager: Collecting in transition 495: ActivityRecord{6633a83 u0 com.suno.android/.MainActivity t14389} init visibleRequested:true
04-09 00:48:17.002  2184  4175 D WindowManager: Collecting in transition 495: ActivityRecord{5480875 u0 app.blearn.mobile/.MainActivity t14404} init visibleRequested:true
04-09 00:48:17.002  2184  3818 I WifiService: releaseWifiLock uid=10518
04-09 00:48:17.003  2184  4175 D WindowManagerService: checkFlipFullScreenChange is same, nowIsFullScreen = false
04-09 00:48:17.004  2184  4175 D WindowManager: wms.Input focus has changed to null display=0 updateInputWindows = true
04-09 00:48:17.004  2184  4175 I MultiSenceManagerInternalStub: getInstance
04-09 00:48:17.004  2184  4175 D WindowManager: Collecting in transition 495: ActivityRecord{5480875 u0 app.blearn.mobile/.MainActivity t14404} init visibleRequested:true
04-09 00:48:17.005  4878 15269 I NearbyFastPair: (REDACTED) TriangleSessionTracker: flush media count=%s, media duration=%ss, call count=%s
04-09 00:48:17.005  2184  4175 D WindowManager: Set transition=TransitionRecord{aca82d6 id=495 type=OPEN flags=0x0}, ready=true, SyncId=495 
04-09 00:48:17.008  2184  4175 I BLASTSyncEngine: SyncGroup 495:  Unfinished container:Task{787f07b #14404 type=standard A=10030:app.blearn.mobile}
04-09 00:48:17.008  2184  4175 I BLASTSyncEngine: isActivitySyncFinished isSyncFinished false Task{787f07b #14404 type=standard A=10030:app.blearn.mobile}
04-09 00:48:17.008  4073  4317 D MiuiFullScreenTaskRepository: removeFocusedTask displayId=0
04-09 00:48:17.008  4073  4317 D MiuiFullScreenTaskRepository: addOrUpdateFullScreenTaskInfo taskId=14389, topActivity=ComponentInfo{com.suno.android/com.suno.android.MainActivity}
04-09 00:48:17.010  2184  8806 D CompatibilityChangeReporter: Compat change id reported: 168419799; UID 10030; state: DISABLED
04-09 00:48:17.010  2184  8806 D CompatibilityChangeReporter: Compat change id reported: 273564678; UID 10030; state: DISABLED
04-09 00:48:17.015  1184  1184 D WifiHAL : wifi_set_latency_mode: 0
04-09 00:48:17.019  4878 10237 I NearbyDiscovery: (REDACTED) [trigger-id=Plco0C1DC41A, feature-id=Sass] ConnectionSwitchManager: Received %s, un-mute
04-09 00:48:17.020  2184  2553 D ATMSImpl: Begin to report package foreground events...
04-09 00:48:17.020  9679  9718 D PerfEngineController: ForegroundInfo{mForegroundPackageName='app.blearn.mobile', mForegroundUid=10030, mForegroundPid=24685, mLastForegroundPackageName='com.suno.android', mLastForegroundUid=10518, mLastForegroundPid=15853, mMultiWindowForegroundPackageName='app.blearn.mobile', mMultiWindowForegroundUid=10030, mFlags=0}
04-09 00:48:17.020  2184  3118 I NetworkBoostStatusManager: onForegroundInfoChanged uid:10030, isColdStart:false
04-09 00:48:17.020  2184  3118 I SLM-SRV-SLAToast: foreground uid:10030, isColdStart:false, isLinkTurboEnable:false
04-09 00:48:17.020  8508 27031 I ProcessMonitor: onForegroundInfoChanged: ForegroundInfo{mForegroundPackageName='app.blearn.mobile', mForegroundUid=10030, mForegroundPid=24685, mLastForegroundPackageName='com.suno.android', mLastForegroundUid=10518, mLastForegroundPid=15853, mMultiWindowForegroundPackageName='app.blearn.mobile', mMultiWindowForegroundUid=10030, mFlags=0}
04-09 00:48:17.020  2184  3118 D NetworkSDKService: handleMultiAppsDualWifi isSet = false isEverOpened = false
04-09 00:48:17.021  3988 21118 D MiuiBluetoothLatencyMode: ForegroundInfo{mForegroundPackageName='app.blearn.mobile', mForegroundUid=10030, mForegroundPid=24685, mLastForegroundPackageName='com.suno.android', mLastForegroundUid=10518, mLastForegroundPid=15853, mMultiWindowForegroundPackageName='app.blearn.mobile', mMultiWindowForegroundUid=10030, mFlags=0}
04-09 00:48:17.021  3988 21118 E bt_btif : btif_get_adapter_property : invalid type 246
04-09 00:48:17.021  3988 21118 E BluetoothAdapterService: getActiveDevices: LeAudioService is null
04-09 00:48:17.021  3988 21118 D MiuiBluetoothLatencyMode: ActiveProfile: -1
04-09 00:48:17.021  8508 27031 I GameBoosterService: onForegroundInfoChanged: Cur=app.blearn.mobile	 last=com.suno.android
04-09 00:48:17.021  1296  1296 E vendor.qti.hardware.perf@2.2-service: Unknown params
04-09 00:48:17.022  1296  1296 E ANDR-PERF-DATA-POOL: EventDataPool is Full
04-09 00:48:17.022 12404 32386 I GST     : forePkg: app.blearn.mobile, preForePkg: com.suno.android
04-09 00:48:17.022  8508 27031 D GameBoosterService: onGameStatusChange foreground:ForegroundInfo{mForegroundPackageName='app.blearn.mobile', mForegroundUid=10030, mForegroundPid=24685, mLastForegroundPackageName='com.suno.android', mLastForegroundUid=10518, mLastForegroundPid=15853, mMultiWindowForegroundPackageName='app.blearn.mobile', mMultiWindowForegroundUid=10030, mFlags=0}
04-09 00:48:17.022  1296  1296 E ANDR-PERF-MPCTL: perf request submission limit reached.
04-09 00:48:17.022  8508 27031 I VideoBoxUtils: isSupportVideoBox: true
04-09 00:48:17.022  8508 11153 D x1      : myUserId = 0	currentUserId0
04-09 00:48:17.023  3988  4885 D Avrcp_ext: AudioManager Player in started state: com.android.deskclock
04-09 00:48:17.023  3988  4885 D Avrcp_ext: AudioManager Active Player: com.android.deskclock
04-09 00:48:17.023  3988  4885 D Avrcp_ext: AudioManager Player: AudioPlaybackConfiguration piid:1063 deviceId:0 type:android.media.AudioTrack u/pid:10518/15853 state:idle attr:AudioAttributes: usage=USAGE_MEDIA content=CONTENT_TYPE_UNKNOWN flags=0xA00 tags= bundle=null sessionId:897 mutedState:none  FormatInfo{isSpatialized=false, channelMask=0x0, sampleRate=0}
04-09 00:48:17.023  3988  4885 D Avrcp_ext: AudioManager Player: AudioPlaybackConfiguration piid:143 deviceId:0 type:android.media.MediaPlayer u/pid:10338/18348 state:idle attr:AudioAttributes: usage=USAGE_UNKNOWN content=CONTENT_TYPE_UNKNOWN flags=0x800 tags= bundle=null sessionId:129 mutedState:none  FormatInfo{isSpatialized=false, channelMask=0x0, sampleRate=0}
04-09 00:48:17.023  3988  4885 D Avrcp_ext: AudioManager Player: AudioPlaybackConfiguration piid:239 deviceId:0 type:android.media.SoundPool u/pid:10082/4110 state:idle attr:AudioAttributes: usage=USAGE_ASSISTANCE_SONIFICATION content=CONTENT_TYPE_SONIFICATION flags=0x800 tags= bundle=null sessionId:0 mutedState:none  FormatInfo{isSpatialized=false, channelMask=0x0, sampleRate=0}
04-09 00:48:17.023  3988  4885 D Avrcp_ext: AudioManager Player: AudioPlaybackConfiguration piid:1071 deviceId:3 type:android.media.AudioTrack u/pid:10518/15853 state:paused attr:AudioAttributes: usage=USAGE_MEDIA content=CONTENT_TYPE_UNKNOWN flags=0xA00 tags= bundle=null sessionId:889 mutedState:clientVolume  FormatInfo{isSpatialized=false, channelMask=0x3, sampleRate=48000}
04-09 00:48:17.023  3988  4885 D Avrcp_ext: AudioManager Player: AudioPlaybackConfiguration piid:119 deviceId:0 type:android.media.SoundPool u/pid:1000/4073 state:idle attr:AudioAttributes: usage=USAGE_ASSISTANCE_SONIFICATION content=CONTENT_TYPE_SONIFICATION flags=0x800 tags= bundle=null sessionId:0 mutedState:none  FormatInfo{isSpatialized=false, channelMask=0x0, sampleRate=0}
04-09 00:48:17.024  1382  1382 D MI-SF   : mIsSupportAutomodeForMaxFpsSetting is 0(0), getCurrentBrightness() = 898(328), mIsKeepAutoMode 0
04-09 00:48:17.024  1382  1382 D RefreshRateSelector: fixedMode_group: 0, isFindModeGroup 0
04-09 00:48:17.024  1382  1382 D RefreshRateSelector: find max refresh rate:120, mode Group:0
04-09 00:48:17.024  3988  4885 D Avrcp_ext: AudioManager isPlaying: true, mAudioPlaybackIsActive: true, isMusiActive: true
04-09 00:48:17.025  8508 27031 I VideoToolBoxService: splitMode: onfalse
04-09 00:48:17.026  4110  4174 D EventBus: No subscribers registered for event class com.miui.home.recents.messages.RecentTasksChangedEvent
04-09 00:48:17.026  4110  4174 D EventBus: No subscribers registered for event class org.greenrobot.eventbus.NoSubscriberEvent
04-09 00:48:17.026  4110  4626 D RecentsModel: onTaskStackChangedBackground    MSG_TASK_STACK_CHANGE
04-09 00:48:17.026  4110  4174 D EventBus: No subscribers registered for event class com.miui.home.recents.messages.RecentTasksChangedEvent
04-09 00:48:17.026  4110  4174 D EventBus: No subscribers registered for event class org.greenrobot.eventbus.NoSubscriberEvent
04-09 00:48:17.029  2184  2501 D Aurogon :  uid = 10030 switch to FG
04-09 00:48:17.030  8105 23384 D PMonitor:  onForegroundActivitiesChanged:pid = 24685,activity-uid=10030,foregroundActivities=true
04-09 00:48:17.030  3988 21118 D MiuiBluetoothLatencyMode: onForegroundActivitiesChanged, pid: 24685 uid: 10030 foregroundActivities: true
04-09 00:48:17.030 24685 24698 D AppScoutStateMachine: 24685-ScoutStateMachinecreated
04-09 00:48:17.032  7377  9067 W AiAiAutofill: On activity pause for ContentSelector{packageName=com.suno.android, activityName=com.suno.android.MainActivity, resourceId=null} completing 0 sessions with 1 remaining.
04-09 00:48:17.033 12404 32386 D VENUS_GAMEAI_START_GameAiStartManager: ķ½śĶāĮµŚČÕł╗µ£¬Õ«ēĶŻģ
04-09 00:48:17.033  4110  4626 W RecentsModel: getRunningTask   taskInfo=TaskInfo{userId=0 taskId=14404 displayId=0 isRunning=true baseIntent=Intent { flg=0x10000000 cmp=app.blearn.mobile/.MainActivity } baseActivity=ComponentInfo{app.blearn.mobile/app.blearn.mobile.MainActivity} topActivity=ComponentInfo{app.blearn.mobile/app.blearn.mobile.MainActivity} origActivity=null realActivity=ComponentInfo{app.blearn.mobile/app.blearn.mobile.MainActivity} numActivities=1 lastActiveTime=97168251 supportsSplitScreenMultiWindow=true supportsMultiWindow=true resizeMode=1 isResizeable=true minWidth=-1 minHeight=-1 defaultMinSize=200 token=WCT{android.window.IWindowContainerToken$Stub$Proxy@3bffe9a} topActivityType=1 pictureInPictureParams=null shouldDockBigOverlays=false launchIntoPipHostTaskId=-1 lastParentTaskIdBeforePip=-1 displayCutoutSafeInsets=Rect(0, 94 - 0, 0) topActivityInfo=ActivityInfo{d6e83cb app.blearn.mobile.MainActivity} launchCookies=[] positionInParent=Point(0, 0) parentTaskId=-1 isFocused=true isVisible=false isVisibleRequested=true isSleeping=false topActivityInSizeCompat=false topActivityInMiuiSizeCompat=false topActivityEligibleForLetterboxEducation= false topActivityLetterboxed= false isFromDoubleTap= false topActivityLetterboxVerticalPosition= -1 topActivityLetterboxHorizontalPosition= -1 topActivityLetterboxWidth=-1 topActivityLetterboxHeight=-1 locusId=null displayAreaFeatureId=1 cameraCompatControlState=hidden mIsCastMode=false mTopActivityMediaSize=null mTopActivityRecordName=ActivityRecord{5480875 u0 app.blearn.mobile/.MainActivity t14404} mTopActivityOrientation=-1 mTopActivityWindowIsNowVisible=false isTranslucent=false isEmbedded=false shouldBeVisible=true isImmersive=false mBehindAppLockPkg=null mOriginatingUid=0}
04-09 00:48:17.033  4110  4626 D RecentsModel: preloadRecents runningTaskId:14404, mCurrentRunningTaskId:-1, mRecentsTaskLoadPlan=com.android.systemui.shared.recents.model.RecentsTaskLoadPlan@e3827a8
04-09 00:48:17.036  2184  2277 D CoreBackPreview: Window{b0c7c44 u0 Splash Screen app.blearn.mobile}: Setting back callback OnBackInvokedCallbackInfo{mCallback=android.window.IOnBackInvokedCallback$Stub$Proxy@57718b0, mPriority=0, mIsAnimationCallback=false}
04-09 00:48:17.036  2184  2922 I MiuiNetworkPolicy: updateUidState uid = 10030, uidState = 2
04-09 00:48:17.037  8508 27031 D FreeformUtil: retrieveFirstNoFreeformRootTaskInfo: windowMode = 1
04-09 00:48:17.037  8508 27031 I VideoToolBoxService: not support vtb. skipExit : false
04-09 00:48:17.037  8508 27031 I BeautyService: onForegroundInfoChanged: Cur=app.blearn.mobile	 last=com.suno.android
04-09 00:48:17.039  4110  4626 E ActivityManagerWrapper: get all recent tasks force including 14404
04-09 00:48:17.042  2184  4183 I BLASTSyncEngine: SyncGroup 495:  Unfinished container:Task{787f07b #14404 type=standard A=10030:app.blearn.mobile}
04-09 00:48:17.042  2184  4183 I BLASTSyncEngine: isActivitySyncFinished isSyncFinished false Task{787f07b #14404 type=standard A=10030:app.blearn.mobile}
04-09 00:48:17.051  4110  4626 E ActivityManagerWrapper: getRecentTasksForceIncludingTaskIdIfValid: getRecentTasks: size=10
04-09 00:48:17.051  4110  4626 E ActivityManagerWrapper:  mainTaskId=14404   userId=0   windowMode=1   baseIntent=Intent { act=null flag=268435456 cmp=ComponentInfo{app.blearn.mobile/app.blearn.mobile.MainActivity} }
04-09 00:48:17.051  4110  4626 E ActivityManagerWrapper:  mainTaskId=14389   userId=0   windowMode=1   baseIntent=Intent { act=android.intent.action.MAIN flag=270532608 cmp=ComponentInfo{com.suno.android/com.suno.android.MainActivity} }
04-09 00:48:17.051  4110  4626 E ActivityManagerWrapper:  mainTaskId=14402   userId=0   windowMode=1   baseIntent=Intent { act=null flag=813760512 cmp=ComponentInfo{app.blearn.mobile/app.blearn.mobile.BlockingOverlayActivity} }
04-09 00:48:17.051  4110  4626 E ActivityManagerWrapper:  mainTaskId=14403   userId=0   windowMode=1   baseIntent=Intent { act=android.intent.action.VIEW flag=411041792 cmp=ComponentInfo{com.miui.securitycenter/com.miui.permcenter.install.AdbInstallActivity} }
04-09 00:48:17.051  4110  4626 E ActivityManagerWrapper:  mainTaskId=14394   userId=0   windowMode=1   baseIntent=Intent { act=android.settings.ACCESSIBILITY_SETTINGS flag=268435456 cmp=ComponentInfo{com.android.settings/com.android.settings.accessibility.MiuiAccessibilitySettingsActivity} }
04-09 00:48:17.051  4110  4626 E ActivityManagerWrapper:  mainTaskId=14383   userId=0   windowMode=1   baseIntent=Intent { act=null flag=268435456 cmp=ComponentInfo{com.whatsapp/com.whatsapp.home.ui.HomeActivity} }
04-09 00:48:17.051  4110  4626 E ActivityManagerWrapper:  mainTaskId=14372   userId=0   windowMode=1   baseIntent=Intent { act=android.intent.action.MAIN flag=335544320 cmp=ComponentInfo{com.android.deskclock/com.android.deskclock.DeskClockTabActivity} }
04-09 00:48:17.051  4110  4626 E ActivityManagerWrapper:  mainTaskId=14359   userId=0   windowMode=1   baseIntent=Intent { act=android.intent.action.MAIN flag=269549568 cmp=ComponentInfo{com.s_payment.mobiles_bezahlen/de.starfinanz.payment.MainActivity} }
04-09 00:48:17.051  4110  4626 E ActivityManagerWrapper:  mainTaskId=14342   userId=0   windowMode=1   baseIntent=Intent { act=null flag=369098752 cmp=ComponentInfo{com.google.android.googlequicksearchbox/com.google.android.apps.search.assistant.surfaces.voice.robin.main.MainActivity} }
04-09 00:48:17.051  4110  4626 E ActivityManagerWrapper:  mainTaskId=14336   userId=0   windowMode=1   baseIntent=Intent { act=android.intent.action.MAIN flag=270532608 cmp=ComponentInfo{com.google.android.apps.maps/com.google.android.maps.MapsActivity} }
04-09 00:48:17.052  4073  4495 D VRI[mobile]: vri.reportNextDraw android.view.ViewRootImpl.performTraversals:4411 android.view.ViewRootImpl.doTraversal:3040 android.view.ViewRootImpl$TraversalRunnable.run:10429 android.view.Choreographer$CallbackRecord.run:1654 android.view.Choreographer$CallbackRecord.run:1663 
04-09 00:48:17.052  4073  4495 D VRI[mobile]: vri.Setup new sync=wmsSync-VRI[mobile]#18
04-09 00:48:17.054  4073  4540 E OpenGLRenderer: Unable to match the desired swap behavior.
04-09 00:48:17.058  2184  2922 I MiuiNetworkPolicy: updateUidState uid = 10163, uidState = 3
04-09 00:48:17.063  5411  5411 D BoundBrokerSvc: onBind: Intent { act=com.google.android.gms.measurement.START pkg=com.google.android.gms }
04-09 00:48:17.063  5411  5411 D BoundBrokerSvc: Loading bound service for intent: Intent { act=com.google.android.gms.measurement.START pkg=com.google.android.gms }
04-09 00:48:17.065  1375  2445 D AF::Track: presentationComplete() try to complete, framesWritten 1486080 completeFrames 1491312 halFrames 5232 => complete 0
04-09 00:48:17.066  4073  4495 D VRI[mobile]: vri.reportDrawFinished
04-09 00:48:17.067  3988  4609 I BtGatt.ScanManager: msg.what = MSG_IMPORTANCE_CHANGE, msg.arg1 = IMPORTANCE_CHANGE
04-09 00:48:17.071  2184  2507 D WindowManager: Set transition=TransitionRecord{aca82d6 id=495 type=OPEN flags=0x0}, ready=true, SyncId=495 
04-09 00:48:17.074  1382  1382 W Layer   : gatherBufferInfo: Received unknown dataspace from gralloc
04-09 00:48:17.074  2184  2922 I MiuiNetworkPolicy: updateUidState uid = 99018, uidState = 3
04-09 00:48:17.076  2184  2507 I SmartPower: app.blearn.mobile/10030(24685): invisible->visible(117ms) R(become visible) adj=0.
04-09 00:48:17.076  2184  2507 I WindowManager: wms.showSurfaceRobustly mWin:Window{b0c7c44 u0 Splash Screen app.blearn.mobile}
04-09 00:48:17.076  2184  2507 D WindowManager: Final targets: [Task{787f07b #14404 type=standard A=10030:app.blearn.mobile}, Task{a7e439 #14389 type=standard A=10518:com.suno.android}]
04-09 00:48:17.076  4110  4626 D WorldCirculate: getWorldCirculateInfo, taskInfo.baseIntent=Intent { act=android.settings.ACCESSIBILITY_SETTINGS flg=0x10000000 cmp=com.android.settings/.accessibility.MiuiAccessibilitySettingsActivity }, displayId=-1, but get Display failed
04-09 00:48:17.086  1375  2445 D AF::Track: presentationComplete() try to complete, framesWritten 1486080 completeFrames 1491312 halFrames 5232 => complete 0
04-09 00:48:17.087 24685 24685 D AppCompatDelegate: Checking for metadata for AppLocalesMetadataHolderService : Service not found
04-09 00:48:17.094 24685 24770 W libc    : Access denied finding property "vendor.migl.debug"
04-09 00:48:17.094 24685 24770 D libMiGL : SuperResolution SR initSR mBaseSRWidthSize: 0, mBaseSRHeightSize: 0, mTargetSRWidthSize: 0, mTargetSRHeightSize: 0
04-09 00:48:17.094 24685 24770 I libMiGL : EnableDR: 0
04-09 00:48:17.094 24685 24770 D libMiGL : mDFIInterval: -1
04-09 00:48:17.095 24685 24770 I AdrenoGLES-0: QUALCOMM build                   : 4bbe300fc3, Ie69fc1c69b
04-09 00:48:17.095 24685 24770 I AdrenoGLES-0: Build Date                       : 05/19/25
04-09 00:48:17.095 24685 24770 I AdrenoGLES-0: OpenGL ES Shader Compiler Version: EV031.35.01.12
04-09 00:48:17.095 24685 24770 I AdrenoGLES-0: Local Branch                     : 
04-09 00:48:17.095 24685 24770 I AdrenoGLES-0: Remote Branch                    : refs/tags/AU_LINUX_ANDROID_LA.UM.9.14.11.00.00.571.148
04-09 00:48:17.095 24685 24770 I AdrenoGLES-0: Remote Branch                    : NONE
04-09 00:48:17.095 24685 24770 I AdrenoGLES-0: Reconstruct Branch               : NOTHING
04-09 00:48:17.095 24685 24770 I AdrenoGLES-0: Build Config                     : S P 10.0.7 AArch64
04-09 00:48:17.095 24685 24770 I AdrenoGLES-0: Driver Path                      : /vendor/lib64/egl/libGLESv2_adreno.so
04-09 00:48:17.097  1382  1554 D qdgralloc: GetYUVPlaneInfo: Invalid format passed: 0x21
04-09 00:48:17.100 24685 24770 I AdrenoGLES-0: PFP: 0x016dc094, ME: 0x00000000
04-09 00:48:17.100  2184  2568 I ExtM    : zram userate is low, no need to flush: 38
04-09 00:48:17.105  1375  2445 D AF::Track: presentationComplete() try to complete, framesWritten 1488000 completeFrames 1491312 halFrames 5232 => complete 0
04-09 00:48:17.105  2184  2507 D WindowManager: Calling onTransitionReady info={id=495 t=OPEN f=0x0 trk=0 r=[0@Point(0, 0)] c=[{WCT{RemoteToken{29a0de0 Task{787f07b #14404 type=standard A=10030:app.blearn.mobile}}} m=OPEN f=NONE leash=Surface(name=Task=14404#5130)/@0x1bd700a sb=Rect(0, 0 - 1080, 2400) eb=Rect(0, 0 - 1080, 2400) d=0},{WCT{RemoteToken{5bb2ffe Task{a7e439 #14389 type=standard A=10518:com.suno.android}}} m=TO_BACK f=NONE leash=Surface(name=Task=14389#4602)/@0x8660400 sb=Rect(0, 0 - 1080, 2400) eb=Rect(0, 0 - 1080, 2400) d=0}] noAni=[false] df=[false] mk=[true] nc=[0]}, mToken=Token{7125899 TransitionRecord{aca82d6 id=495 type=OPEN flags=0x0}}
04-09 00:48:17.106  2184  2507 I BLASTSyncEngine: finishNow: after onTransactionReady, mSyncId=495
04-09 00:48:17.108  4073  4317 D MiuiFreeformAnimation: startAnimation change: {WCT{android.window.IWindowContainerToken$Stub$Proxy@5aa9d98} m=OPEN f=NONE leash=Surface(name=Task=14404#5130)/@0x85bbb75 sb=Rect(0, 0 - 1080, 2400) eb=Rect(0, 0 - 1080, 2400) d=0} info.getType(): 1
04-09 00:48:17.108  4073  4317 I MiuiFreeformAnimation: isLaunchWidgetPicker=false,taskInfo.getWindowingMode()=1, taskInfo.getActivityType()=1
04-09 00:48:17.108  4073  4317 D MiuiFreeFormManager:  isSplitRootTask taskId=14404
04-09 00:48:17.108  2184  4183 I ClipboardServiceI: checkProviderWakePathForClipboard: primaryClip is null
04-09 00:48:17.109  4073  4317 D MiuiFreeformAnimation: startAnimation change: {WCT{android.window.IWindowContainerToken$Stub$Proxy@13999f1} m=TO_BACK f=NONE leash=Surface(name=Task=14389#4602)/@0x3aaa70a sb=Rect(0, 0 - 1080, 2400) eb=Rect(0, 0 - 1080, 2400) d=0} info.getType(): 1
04-09 00:48:17.109  4073  4317 W MiuiTaskTransitionHandler: Receive an unknown transition, token=android.os.BinderProxy@2733f11, type=1
04-09 00:48:17.110  4073  4317 D TransitionAnimationHelper:  load default animation  type = 1 enter = false animAttr = 9 isTask = true translucent = false
04-09 00:48:17.111  4073  4317 D TransitionAnimationHelper:  load default animation  type = 1 enter = true animAttr = 8 isTask = true translucent = false
04-09 00:48:17.113  4073  4461 D ShellTransitions: speed ui!!!!!!!!!!!
04-09 00:48:17.113  4110  4626 D TaskSnapshotCompatVU: getIsInvalidateFromTaskSnapshot, return, mTaskSnapshot=null, mTaskSnapshotClazz=null
04-09 00:48:17.116  4110  4626 D TaskSnapshotCompatVU: getIsInvalidateFromTaskSnapshot, don't find method
04-09 00:48:17.116  4110  4626 D RecentsModel: onTaskStackChangedBackground    MSG_TASK_STACK_CHANGE
04-09 00:48:17.117  1265  1475 E SDM     : HWCSession::GetClientTargetProperty: GetClinetTargetProperty interface enter
04-09 00:48:17.117  1296  1296 E ANDR-PERF-DATA-POOL: EventDataPool is Full
04-09 00:48:17.117  1296  1296 E ANDR-PERF-MPCTL: perf request submission limit reached.
04-09 00:48:17.119  4110  4110 D TaskSnapshotCompatVU: getIsInvalidateFromTaskSnapshot, don't find method
04-09 00:48:17.120  4110  4110 D EventBus: No subscribers registered for event class com.miui.home.recents.messages.TaskSnapshotChangedEvent
04-09 00:48:17.120  4110  4110 D EventBus: No subscribers registered for event class org.greenrobot.eventbus.NoSubscriberEvent
04-09 00:48:17.120  8508 27031 I SCTaskStackListener: onTaskStackChanged! inSplit = false
04-09 00:48:17.122  4110  4626 W RecentsModel: getRunningTask   taskInfo=TaskInfo{userId=0 taskId=14404 displayId=0 isRunning=true baseIntent=Intent { flg=0x10000000 cmp=app.blearn.mobile/.MainActivity } baseActivity=ComponentInfo{app.blearn.mobile/app.blearn.mobile.MainActivity} topActivity=ComponentInfo{app.blearn.mobile/app.blearn.mobile.MainActivity} origActivity=null realActivity=ComponentInfo{app.blearn.mobile/app.blearn.mobile.MainActivity} numActivities=1 lastActiveTime=97168343 supportsSplitScreenMultiWindow=true supportsMultiWindow=true resizeMode=1 isResizeable=true minWidth=-1 minHeight=-1 defaultMinSize=200 token=WCT{android.window.IWindowContainerToken$Stub$Proxy@9d7603e} topActivityType=1 pictureInPictureParams=null shouldDockBigOverlays=false launchIntoPipHostTaskId=-1 lastParentTaskIdBeforePip=-1 displayCutoutSafeInsets=Rect(0, 94 - 0, 0) topActivityInfo=ActivityInfo{dfb0e9f app.blearn.mobile.MainActivity} launchCookies=[] positionInParent=Point(0, 0) parentTaskId=-1 isFocused=true isVisible=true isVisibleRequested=true isSleeping=false topActivityInSizeCompat=false topActivityInMiuiSizeCompat=false topActivityEligibleForLetterboxEducation= false topActivityLetterboxed= false isFromDoubleTap= false topActivityLetterboxVerticalPosition= -1 topActivityLetterboxHorizontalPosition= -1 topActivityLetterboxWidth=-1 topActivityLetterboxHeight=-1 locusId=null displayAreaFeatureId=1 cameraCompatControlState=hidden mIsCastMode=false mTopActivityMediaSize=null mTopActivityRecordName=ActivityRecord{5480875 u0 app.blearn.mobile/.MainActivity t14404} mTopActivityOrientation=-1 mTopActivityWindowIsNowVisible=false isTranslucent=false isEmbedded=false shouldBeVisible=true isImmersive=false mBehindAppLockPkg=null mOriginatingUid=0}
04-09 00:48:17.122  4110  4626 D RecentsModel: preloadRecents runningTaskId:14404, mCurrentRunningTaskId:-1, mRecentsTaskLoadPlan=com.android.systemui.shared.recents.model.RecentsTaskLoadPlan@53dbec
04-09 00:48:17.122  8508 25039 I SCTaskStackListener: onTaskStackChanged! inSplit = false
04-09 00:48:17.123  4110  4626 E ActivityManagerWrapper: get all recent tasks force including 14404
04-09 00:48:17.115  4073  4317 D MiuiFullScreenTaskRepository: setFocusedTask taskId=14404, displayId=0, topActivity=ComponentInfo{app.blearn.mobile/app.blearn.mobile.MainActivity}
04-09 00:48:17.125  4073  4317 D MiuiFullScreenTaskRepository: addOrUpdateFullScreenTaskInfo taskId=14404, topActivity=ComponentInfo{app.blearn.mobile/app.blearn.mobile.MainActivity}
04-09 00:48:17.125  1265  1475 E SDM     : HWCSession::GetClientTargetProperty: GetClinetTargetProperty interface enter
04-09 00:48:17.126  1375  2445 D AF::Track: presentationComplete() try to complete, framesWritten 1488000 completeFrames 1491312 halFrames 5232 => complete 0
04-09 00:48:17.126  1296  1296 E ANDR-PERF-DATA-POOL: EventDataPool is Full
04-09 00:48:17.126  1296  1296 E ANDR-PERF-MPCTL: perf request submission limit reached.
04-09 00:48:17.132  5411 24777 D AdvertisingIdClient: AdvertisingIdClient already created.
04-09 00:48:17.132  5411 24777 D AdvertisingIdClient: AdvertisingIdClient is not bounded. Starting to bind it...
04-09 00:48:17.133  1265  1475 E SDM     : HWCSession::GetClientTargetProperty: GetClinetTargetProperty interface enter
04-09 00:48:17.135  1296  1296 E ANDR-PERF-DATA-POOL: EventDataPool is Full
04-09 00:48:17.135  1296  1296 E ANDR-PERF-MPCTL: perf request submission limit reached.
04-09 00:48:17.136  4110  4595 D EventBus: No subscribers registered for event class com.miui.home.recents.messages.RecentTasksChangedEvent
04-09 00:48:17.136  4110  4595 D EventBus: No subscribers registered for event class org.greenrobot.eventbus.NoSubscriberEvent
04-09 00:48:17.138  4110  4626 E ActivityManagerWrapper: getRecentTasksForceIncludingTaskIdIfValid: getRecentTasks: size=10
04-09 00:48:17.138  4110  4626 E ActivityManagerWrapper:  mainTaskId=14404   userId=0   windowMode=1   baseIntent=Intent { act=null flag=268435456 cmp=ComponentInfo{app.blearn.mobile/app.blearn.mobile.MainActivity} }
04-09 00:48:17.138  4110  4626 E ActivityManagerWrapper:  mainTaskId=14389   userId=0   windowMode=1   baseIntent=Intent { act=android.intent.action.MAIN flag=270532608 cmp=ComponentInfo{com.suno.android/com.suno.android.MainActivity} }
04-09 00:48:17.138  4110  4626 E ActivityManagerWrapper:  mainTaskId=14402   userId=0   windowMode=1   baseIntent=Intent { act=null flag=813760512 cmp=ComponentInfo{app.blearn.mobile/app.blearn.mobile.BlockingOverlayActivity} }
04-09 00:48:17.138  4110  4626 E ActivityManagerWrapper:  mainTaskId=14403   userId=0   windowMode=1   baseIntent=Intent { act=android.intent.action.VIEW flag=411041792 cmp=ComponentInfo{com.miui.securitycenter/com.miui.permcenter.install.AdbInstallActivity} }
04-09 00:48:17.138  4110  4626 E ActivityManagerWrapper:  mainTaskId=14394   userId=0   windowMode=1   baseIntent=Intent { act=android.settings.ACCESSIBILITY_SETTINGS flag=268435456 cmp=ComponentInfo{com.android.settings/com.android.settings.accessibility.MiuiAccessibilitySettingsActivity} }
04-09 00:48:17.138  4110  4626 E ActivityManagerWrapper:  mainTaskId=14383   userId=0   windowMode=1   baseIntent=Intent { act=null flag=268435456 cmp=ComponentInfo{com.whatsapp/com.whatsapp.home.ui.HomeActivity} }
04-09 00:48:17.138  4110  4626 E ActivityManagerWrapper:  mainTaskId=14372   userId=0   windowMode=1   baseIntent=Intent { act=android.intent.action.MAIN flag=335544320 cmp=ComponentInfo{com.android.deskclock/com.android.deskclock.DeskClockTabActivity} }
04-09 00:48:17.138  4110  4626 E ActivityManagerWrapper:  mainTaskId=14359   userId=0   windowMode=1   baseIntent=Intent { act=android.intent.action.MAIN flag=269549568 cmp=ComponentInfo{com.s_payment.mobiles_bezahlen/de.starfinanz.payment.MainActivity} }
04-09 00:48:17.138  4110  4626 E ActivityManagerWrapper:  mainTaskId=14342   userId=0   windowMode=1   baseIntent=Intent { act=null flag=369098752 cmp=ComponentInfo{com.google.android.googlequicksearchbox/com.google.android.apps.search.assistant.surfaces.voice.robin.main.MainActivity} }
04-09 00:48:17.138  4110  4626 E ActivityManagerWrapper:  mainTaskId=14336   userId=0   windowMode=1   baseIntent=Intent { act=android.intent.action.MAIN flag=270532608 cmp=ComponentInfo{com.google.android.apps.maps/com.google.android.maps.MapsActivity} }
04-09 00:48:17.140  4110  4595 D TaskStackChangeListeners: onTaskDescriptionChanged =  taskId = 14404
04-09 00:48:17.141  5411 24777 D AdvertisingIdClient: AdvertisingIdClient is bounded
04-09 00:48:17.141  4110  4626 D WorldCirculate: getWorldCirculateInfo, taskInfo.baseIntent=Intent { act=android.settings.ACCESSIBILITY_SETTINGS flg=0x10000000 cmp=com.android.settings/.accessibility.MiuiAccessibilitySettingsActivity }, displayId=-1, but get Display failed
04-09 00:48:17.142  1265  1475 E SDM     : HWCSession::GetClientTargetProperty: GetClinetTargetProperty interface enter
04-09 00:48:17.142  1296  1296 E ANDR-PERF-DATA-POOL: EventDataPool is Full
04-09 00:48:17.142  1296  1296 E ANDR-PERF-MPCTL: perf request submission limit reached.
04-09 00:48:17.144  4110  4626 D TaskSnapshotCompatVU: getIsInvalidateFromTaskSnapshot, return, mTaskSnapshot=null, mTaskSnapshotClazz=null
04-09 00:48:17.145  1375  2445 D AF::Track: presentationComplete() try to complete, framesWritten 1489920 completeFrames 1491312 halFrames 5232 => complete 0
04-09 00:48:17.145  4110  4626 D TaskSnapshotCompatVU: getIsInvalidateFromTaskSnapshot, don't find method
04-09 00:48:17.145  4110  4626 D RecentsModel: onTaskStackChangedBackground    MSG_TASK_STACK_CHANGE
04-09 00:48:17.146  5411 24777 I AdvertisingIdClient: shouldSendLog 95449356
04-09 00:48:17.146  5411 24777 I AdvertisingIdClient: GetInfoInternal elapse 14ms
04-09 00:48:17.147  4110  4626 W RecentsModel: getRunningTask   taskInfo=TaskInfo{userId=0 taskId=14404 displayId=0 isRunning=true baseIntent=Intent { flg=0x10000000 cmp=app.blearn.mobile/.MainActivity } baseActivity=ComponentInfo{app.blearn.mobile/app.blearn.mobile.MainActivity} topActivity=ComponentInfo{app.blearn.mobile/app.blearn.mobile.MainActivity} origActivity=null realActivity=ComponentInfo{app.blearn.mobile/app.blearn.mobile.MainActivity} numActivities=1 lastActiveTime=97168368 supportsSplitScreenMultiWindow=true supportsMultiWindow=true resizeMode=1 isResizeable=true minWidth=-1 minHeight=-1 defaultMinSize=200 token=WCT{android.window.IWindowContainerToken$Stub$Proxy@a0bf5bb} topActivityType=1 pictureInPictureParams=null shouldDockBigOverlays=false launchIntoPipHostTaskId=-1 lastParentTaskIdBeforePip=-1 displayCutoutSafeInsets=Rect(0, 94 - 0, 0) topActivityInfo=ActivityInfo{598cad8 app.blearn.mobile.MainActivity} launchCookies=[] positionInParent=Point(0, 0) parentTaskId=-1 isFocused=true isVisible=true isVisibleRequested=true isSleeping=false topActivityInSizeCompat=false topActivityInMiuiSizeCompat=false topActivityEligibleForLetterboxEducation= false topActivityLetterboxed= false isFromDoubleTap= false topActivityLetterboxVerticalPosition= -1 topActivityLetterboxHorizontalPosition= -1 topActivityLetterboxWidth=-1 topActivityLetterboxHeight=-1 locusId=null displayAreaFeatureId=1 cameraCompatControlState=hidden mIsCastMode=false mTopActivityMediaSize=null mTopActivityRecordName=ActivityRecord{5480875 u0 app.blearn.mobile/.MainActivity t14404} mTopActivityOrientation=-1 mTopActivityWindowIsNowVisible=false isTranslucent=false isEmbedded=false shouldBeVisible=true isImmersive=false mBehindAppLockPkg=null mOriginatingUid=0}
04-09 00:48:17.147  4110  4626 D RecentsModel: preloadRecents runningTaskId:14404, mCurrentRunningTaskId:-1, mRecentsTaskLoadPlan=com.android.systemui.shared.recents.model.RecentsTaskLoadPlan@aec5e31
04-09 00:48:17.147  4110  4626 E ActivityManagerWrapper: get all recent tasks force including 14404
04-09 00:48:17.149  1382  1382 D MI-SF   : mIsSupportAutomodeForMaxFpsSetting is 0(0), getCurrentBrightness() = 898(328), mIsKeepAutoMode 0
04-09 00:48:17.149  1382  1382 D RefreshRateSelector: fixedMode_group: 0, isFindModeGroup 0
04-09 00:48:17.149  1382  1382 D RefreshRateSelector: find max refresh rate:120, mode Group:0
04-09 00:48:17.150  1265  1475 E SDM     : HWCSession::GetClientTargetProperty: GetClinetTargetProperty interface enter
04-09 00:48:17.150  1296  1296 E ANDR-PERF-DATA-POOL: EventDataPool is Full
04-09 00:48:17.150  1296  1296 E ANDR-PERF-MPCTL: perf request submission limit reached.
