04-09 00:52:17.411  2184  2817 D WindowManager: Collecting in transition 501: Task{de4d193 #14407 type=standard A=1000:com.miui.securitycenter} init visibleRequested:false
04-09 00:52:17.411  1296  1296 E vendor.qti.hardware.perf@2.2-service: Unknown params
04-09 00:52:17.412  1296  1296 E ANDR-PERF-DATA-POOL: EventDataPool is Full
04-09 00:52:17.412  1296  1296 E ANDR-PERF-MPCTL: perf request submission limit reached.
04-09 00:52:17.414  2184  2817 D WindowManager: setLockTaskAuth: task=Task{de4d193 #14407 type=standard A=1000:com.miui.securitycenter} mLockTaskAuth=LOCK_TASK_AUTH_PINNABLE
04-09 00:52:17.414  2184  2817 D MiuiFreeFormManagerService: onStartActivityInner as = Task{de4d193 #14407 type=standard A=1000:com.miui.securitycenter} op = null
04-09 00:52:17.415  2184  2817 D ActivityTaskManager: Task#startActivityLocked isOrhasTask=true newTask=true
04-09 00:52:17.415  2184  2817 D ActivityTaskManager: Not add starting window, the reason is: windowIsTranslucent = false  windowIsFloating = true  this = ActivityRecord{f25cdcd u0 com.miui.securitycenter/com.miui.permcenter.install.AdbInstallActivity t14407}
04-09 00:52:17.415  2184  2817 D PerfStubImpl: perfWarmLaunchBoost: com.miui.securitycenter, -1, 1
04-09 00:52:17.415  1296  1296 E vendor.qti.hardware.perf@2.2-service: Unknown params
04-09 00:52:17.416  1296  1296 E vendor.qti.hardware.perf@2.2-service: Unknown params
04-09 00:52:17.416  1296  1296 E ANDR-PERF-DATA-POOL: EventDataPool is Full
04-09 00:52:17.416  1296  1296 E ANDR-PERF-MPCTL: perf request submission limit reached.
04-09 00:52:17.416  4081  4255 I DynamicDDSService: handleMessage(ACTIVITY_INVOKE{appInfo=com.miui.securitycenter isFullScreen=}true)
04-09 00:52:17.416  2184  2817 D ActivityTrigger: ActivityTrigger activityPauseTrigger 
04-09 00:52:17.416  1296  1296 E vendor.qti.hardware.perf@2.2-service: Unknown params
04-09 00:52:17.417  2184  2817 D WindowManager: Collecting in transition 501: ActivityRecord{f25cdcd u0 com.miui.securitycenter/com.miui.permcenter.install.AdbInstallActivity t14407} init visibleRequested:false
04-09 00:52:17.417  2184  2817 D WindowManager: Requesting StartTransition: TransitionRecord{87b48ce id=501 type=OPEN flags=0x0}
04-09 00:52:17.417  2184  2817 I ActivityTaskManager: START u0 {act=android.intent.action.VIEW flg=0x18000000 cmp=com.miui.securitycenter/com.miui.permcenter.install.AdbInstallActivity (has extras)} with LAUNCH_MULTIPLE from uid 1000 from pid 2184 callingPackage pm callers: com.android.server.wm.ActivityTaskManagerService.startActivity:1425 com.android.server.am.ActivityManagerService.startActivity:3455 com.android.server.pm.PmInjector.installVerify:65 com.android.server.pm.PackageManagerServiceImpl.verifyInstallFromShell:1233  (BAL_ALLOW_ALLOWLISTED_UID) result code=0
04-09 00:52:17.419  4073  4317 I SoScUtils: monitorTransitionRequest mRequestOpenTransition:null mRequestOpenTriggerTask:-1 mRequestCloseTransition:null mRequestCloseTriggerTask:-1 mRequestCloseStageType:-1
04-09 00:52:17.419  2184  8706 D WindowManager: Set transition=TransitionRecord{87b48ce id=501 type=OPEN flags=0x0}, ready=false, SyncId=501 used=true, override=false, defer=0, states=Display{#0 state=ON size=1080x2400 ROTATION_0}:false
04-09 00:52:17.421  4110 15473 D TaskStackChangeListeners: onTaskDescriptionChanged =  taskId = 14407
04-09 00:52:17.423 24685 24685 D Capacitor: App paused
04-09 00:52:17.423  1382  1382 D MI-SF   : mIsSupportAutomodeForMaxFpsSetting is 0(0), getCurrentBrightness() = 898(328), mIsKeepAutoMode 0
04-09 00:52:17.423  1382  1382 D RefreshRateSelector: fixedMode_group: 0, isFindModeGroup 0
04-09 00:52:17.423  1382  1382 D RefreshRateSelector: find max refresh rate:120, mode Group:0
04-09 00:52:17.423  4073  4317 D OneHandedController: stopOneHanded state is 0
04-09 00:52:17.424  4073  4317 D OneHandedController: stopOneHanded state is 0
04-09 00:52:17.424  1265  1749 I SDM     : HWDeviceDRM::UpdateMixerAttributes: Mixer WxH 1080x2400-0 for Peripheral
04-09 00:52:17.424  1265  1749 I SDM     : HWCDisplay::SubmitDisplayConfig: Active configuration changed to: 0
04-09 00:52:17.425  2184  4175 D PerfStubImpl: perfWarmLaunchBoost: com.miui.securitycenter, -1, 1
04-09 00:52:17.425  4073  4073 I FocusedNotifPromptContr: onTopActivityMayChanged: isSupportPip false, isFocus false
04-09 00:52:17.425  4073  4073 I FocusedNotifPromptContr: onTopActivityMayChanged: topActivity=com.miui.securitycenter
04-09 00:52:17.425  4073  4073 I FocusedNotifPromptContr: topActivityMayChanged: topActivity=com.miui.securitycenter
04-09 00:52:17.425  4073  4073 D KeyguardEditorHelper: onTopActivityMayChanged, topActivity=ComponentInfo{com.miui.securitycenter/com.miui.permcenter.install.AdbInstallActivity}; mState=IDEL
04-09 00:52:17.426  4110  4595 D EventBus: No subscribers registered for event class com.miui.home.recents.messages.RecentTasksChangedEvent
04-09 00:52:17.426  4110  4595 D EventBus: No subscribers registered for event class org.greenrobot.eventbus.NoSubscriberEvent
04-09 00:52:17.426  4110  4626 D RecentsModel: onTaskStackChangedBackground    MSG_TASK_STACK_CHANGE
04-09 00:52:17.428  1296  1296 E vendor.qti.hardware.perf@2.2-service: Unknown params
04-09 00:52:17.428  1296  1296 E vendor.qti.hardware.perf@2.2-service: Unknown params
04-09 00:52:17.428  1296  1296 E ANDR-PERF-DATA-POOL: EventDataPool is Full
04-09 00:52:17.428  1296  1296 E ANDR-PERF-MPCTL: perf request submission limit reached.
04-09 00:52:17.428  2184  4175 I ActivityTaskManager: The Process com.miui.securitycenter Already Exists in BG. So sending its PID: 30667
04-09 00:52:17.429  1296  1296 E vendor.qti.hardware.perf@2.2-service: Unknown params
04-09 00:52:17.429  1296  1296 E ANDR-PERF-DATA-POOL: EventDataPool is Full
04-09 00:52:17.429  1296  1296 E ANDR-PERF-MPCTL: perf request submission limit reached.
04-09 00:52:17.429  2184  4175 D WindowManager: Collecting in transition 501: ActivityRecord{f25cdcd u0 com.miui.securitycenter/com.miui.permcenter.install.AdbInstallActivity t14407} init visibleRequested:false
04-09 00:52:17.430  2184  4175 D WindowManager: Collecting in transition 501: ActivityRecord{f25cdcd u0 com.miui.securitycenter/com.miui.permcenter.install.AdbInstallActivity t14407} init visibleRequested:true
04-09 00:52:17.430  1296  1351 E ANDR-PERF-LM: MetaMeter: handleAsync() 166: AdaptLaunch Invalid Async
04-09 00:52:17.432  2184  4175 D WindowManagerService: checkFlipFullScreenChange is same, nowIsFullScreen = false
04-09 00:52:17.433  2184  4175 D WindowManager: wms.Input focus has changed to null display=0 updateInputWindows = true
04-09 00:52:17.433  2184  4175 I MultiSenceManagerInternalStub: getInstance
04-09 00:52:17.433  7377  9067 W AiAiAutofill: On activity pause for ContentSelector{packageName=app.blearn.mobile, activityName=app.blearn.mobile.MainActivity, resourceId=null} completing 0 sessions with 1 remaining.
04-09 00:52:17.434  2184  4175 D WindowManager: Collecting in transition 501: ActivityRecord{f25cdcd u0 com.miui.securitycenter/com.miui.permcenter.install.AdbInstallActivity t14407} init visibleRequested:true
04-09 00:52:17.435  2184  4175 D WindowManager: Set transition=TransitionRecord{87b48ce id=501 type=OPEN flags=0x0}, ready=true, SyncId=501 
04-09 00:52:17.438  4878  4878 D BoundBrokerSvc: onRebind: Intent { act=com.google.android.gms.presencemanager.service.START dat=chimera-action:/... cmp=com.google.android.gms/.chimera.PersistentApiService }
04-09 00:52:17.442  2184  4175 I BLASTSyncEngine: SyncGroup 501:  Unfinished container:ActivityRecord{f25cdcd u0 com.miui.securitycenter/com.miui.permcenter.install.AdbInstallActivity t14407}
04-09 00:52:17.442  2184  4175 I BLASTSyncEngine: isActivitySyncFinished isSyncFinished false ActivityRecord{f25cdcd u0 com.miui.securitycenter/com.miui.permcenter.install.AdbInstallActivity t14407}
04-09 00:52:17.444  1296  1296 E vendor.qti.hardware.perf@2.2-service: Unknown params
04-09 00:52:17.444  1296  1296 E ANDR-PERF-DATA-POOL: EventDataPool is Full
04-09 00:52:17.444  1296  1296 E ANDR-PERF-MPCTL: perf request submission limit reached.
04-09 00:52:17.444  1296  1296 E vendor.qti.hardware.perf@2.2-service: Unknown params
04-09 00:52:17.444  1296  1296 E ANDR-PERF-DATA-POOL: EventDataPool is Full
04-09 00:52:17.444  1296  1296 E ANDR-PERF-MPCTL: perf request submission limit reached.
04-09 00:52:17.446  4110  4626 W RecentsModel: getRunningTask   taskInfo=TaskInfo{userId=0 taskId=14407 displayId=0 isRunning=true baseIntent=Intent { act=android.intent.action.VIEW flg=0x18800000 cmp=com.miui.securitycenter/com.miui.permcenter.install.AdbInstallActivity } baseActivity=ComponentInfo{com.miui.securitycenter/com.miui.permcenter.install.AdbInstallActivity} topActivity=ComponentInfo{com.miui.securitycenter/com.miui.permcenter.install.AdbInstallActivity} origActivity=null realActivity=ComponentInfo{com.miui.securitycenter/com.miui.permcenter.install.AdbInstallActivity} numActivities=1 lastActiveTime=97408665 supportsSplitScreenMultiWindow=false supportsMultiWindow=false resizeMode=0 isResizeable=false minWidth=-1 minHeight=-1 defaultMinSize=200 token=WCT{android.window.IWindowContainerToken$Stub$Proxy@cc423f1} topActivityType=1 pictureInPictureParams=null shouldDockBigOverlays=false launchIntoPipHostTaskId=-1 lastParentTaskIdBeforePip=-1 displayCutoutSafeInsets=Rect(0, 94 - 0, 0) topActivityInfo=ActivityInfo{fdcebd6 com.miui.permcenter.install.AdbInstallActivity} launchCookies=[] positionInParent=Point(0, 0) parentTaskId=-1 isFocused=true isVisible=false isVisibleRequested=true isSleeping=false topActivityInSizeCompat=false topActivityInMiuiSizeCompat=false topActivityEligibleForLetterboxEducation= false topActivityLetterboxed= false isFromDoubleTap= false topActivityLetterboxVerticalPosition= -1 topActivityLetterboxHorizontalPosition= -1 topActivityLetterboxWidth=-1 topActivityLetterboxHeight=-1 locusId=null displayAreaFeatureId=1 cameraCompatControlState=hidden mIsCastMode=false mTopActivityMediaSize=null mTopActivityRecordName=ActivityRecord{f25cdcd u0 com.miui.securitycenter/com.miui.permcenter.install.AdbInstallActivity t14407} mTopActivityOrientation=-1 mTopActivityWindowIsNowVisible=false isTranslucent=true isEmbedded=false shouldBeVisible=true isImmersive=false mBehindAppLockPkg=null mOriginatingUid=0}
04-09 00:52:17.446  4110  4626 D RecentsModel: preloadRecents runningTaskId:14407, mCurrentRunningTaskId:-1, mRecentsTaskLoadPlan=com.android.systemui.shared.recents.model.RecentsTaskLoadPlan@e6fce57
04-09 00:52:17.446  2184  2501 D Aurogon :  uid = 1000 switch to FG
04-09 00:52:17.447  8105 23384 D PMonitor:  onForegroundActivitiesChanged:pid = 30667,activity-uid=1000,foregroundActivities=true
04-09 00:52:17.448  4073  4317 D MiuiFullScreenTaskRepository: removeFocusedTask displayId=0
04-09 00:52:17.448  4073  4317 D MiuiFullScreenTaskRepository: addOrUpdateFullScreenTaskInfo taskId=14404, topActivity=ComponentInfo{app.blearn.mobile/app.blearn.mobile.MainActivity}
04-09 00:52:17.448  3988 21118 D MiuiBluetoothLatencyMode: onForegroundActivitiesChanged, pid: 30667 uid: 1000 foregroundActivities: true
04-09 00:52:17.449  2184  3118 I NetworkBoostStatusManager: onForegroundInfoChanged uid:1000, isColdStart:false
04-09 00:52:17.449  8508 10624 I ProcessMonitor: onForegroundInfoChanged: ForegroundInfo{mForegroundPackageName='com.miui.securitycenter', mForegroundUid=1000, mForegroundPid=30667, mLastForegroundPackageName='app.blearn.mobile', mLastForegroundUid=10030, mLastForegroundPid=24685, mMultiWindowForegroundPackageName='com.miui.securitycenter', mMultiWindowForegroundUid=1000, mFlags=0}
04-09 00:52:17.449  2184  3118 I SLM-SRV-SLAToast: foreground uid:1000, isColdStart:false, isLinkTurboEnable:false
04-09 00:52:17.449  2184  3118 D NetworkSDKService: handleMultiAppsDualWifi isSet = false isEverOpened = false
04-09 00:52:17.449  8508 10624 I GameBoosterService: onForegroundInfoChanged: Cur=com.miui.securitycenter	 last=app.blearn.mobile
04-09 00:52:17.449  3988 19609 D MiuiBluetoothLatencyMode: ForegroundInfo{mForegroundPackageName='com.miui.securitycenter', mForegroundUid=1000, mForegroundPid=30667, mLastForegroundPackageName='app.blearn.mobile', mLastForegroundUid=10030, mLastForegroundPid=24685, mMultiWindowForegroundPackageName='com.miui.securitycenter', mMultiWindowForegroundUid=1000, mFlags=0}
04-09 00:52:17.449  3988 19609 E bt_btif : btif_get_adapter_property : invalid type 246
04-09 00:52:17.449  3988 19609 E BluetoothAdapterService: getActiveDevices: LeAudioService is null
04-09 00:52:17.449  3988 19609 D MiuiBluetoothLatencyMode: ActiveProfile: -1
04-09 00:52:17.450 30667 31573 D AppScoutStateMachine: 30667-ScoutStateMachinecreated
04-09 00:52:17.450 12404 32386 I GST     : forePkg: com.miui.securitycenter, preForePkg: app.blearn.mobile
04-09 00:52:17.450  9679 16327 D PerfEngineController: ForegroundInfo{mForegroundPackageName='com.miui.securitycenter', mForegroundUid=1000, mForegroundPid=30667, mLastForegroundPackageName='app.blearn.mobile', mLastForegroundUid=10030, mLastForegroundPid=24685, mMultiWindowForegroundPackageName='com.miui.securitycenter', mMultiWindowForegroundUid=1000, mFlags=0}
04-09 00:52:17.451  4110  4626 E ActivityManagerWrapper: get all recent tasks force including 14407
04-09 00:52:17.452  2184  2922 I MiuiNetworkPolicy: updateUidState uid = 10116, uidState = 3
04-09 00:52:17.452  2184  2922 I MiuiNetworkPolicy: updateUidState uid = 10094, uidState = 3
04-09 00:52:17.452  8508 11153 D x1      : myUserId = 0	currentUserId0
04-09 00:52:17.453  8508 10624 D FreeformUtil: retrieveFirstNoFreeformRootTaskInfo: windowMode = 1
04-09 00:52:17.455  4878  4878 D BoundBrokerSvc: onRebind: Intent { act=com.google.android.gms.presencemanager.service.INTERNAL_IDENTITY dat=chimera-action:/... cmp=com.google.android.gms/.chimera.PersistentApiService }
04-09 00:52:17.455 12404 32386 D VENUS_GAMEAI_START_GameAiStartManager: ķ½śĶāĮµŚČÕł╗µ£¬Õ«ēĶŻģ
04-09 00:52:17.457  1382  1382 I BpBinder: onLastStrongRef automatically unlinking death recipients: 
04-09 00:52:17.458  4110  4626 E ActivityManagerWrapper: getRecentTasksForceIncludingTaskIdIfValid: getRecentTasks: size=10
04-09 00:52:17.458  4110  4626 E ActivityManagerWrapper:  mainTaskId=14407   userId=0   windowMode=1   baseIntent=Intent { act=android.intent.action.VIEW flag=411041792 cmp=ComponentInfo{com.miui.securitycenter/com.miui.permcenter.install.AdbInstallActivity} }
04-09 00:52:17.458  4110  4626 E ActivityManagerWrapper:  mainTaskId=14404   userId=0   windowMode=1   baseIntent=Intent { act=null flag=268435456 cmp=ComponentInfo{app.blearn.mobile/app.blearn.mobile.MainActivity} }
04-09 00:52:17.458  4110  4626 E ActivityManagerWrapper:  mainTaskId=14406   userId=0   windowMode=1   baseIntent=Intent { act=null flag=813760512 cmp=ComponentInfo{app.blearn.mobile/app.blearn.mobile.BlockingOverlayActivity} }
04-09 00:52:17.458  4110  4626 E ActivityManagerWrapper:  mainTaskId=14389   userId=0   windowMode=1   baseIntent=Intent { act=android.intent.action.MAIN flag=270532608 cmp=ComponentInfo{com.suno.android/com.suno.android.MainActivity} }
04-09 00:52:17.458  4110  4626 E ActivityManagerWrapper:  mainTaskId=14394   userId=0   windowMode=1   baseIntent=Intent { act=android.settings.ACCESSIBILITY_SETTINGS flag=268435456 cmp=ComponentInfo{com.android.settings/com.android.settings.accessibility.MiuiAccessibilitySettingsActivity} }
04-09 00:52:17.458  4110  4626 E ActivityManagerWrapper:  mainTaskId=14383   userId=0   windowMode=1   baseIntent=Intent { act=null flag=268435456 cmp=ComponentInfo{com.whatsapp/com.whatsapp.home.ui.HomeActivity} }
04-09 00:52:17.458  4110  4626 E ActivityManagerWrapper:  mainTaskId=14372   userId=0   windowMode=1   baseIntent=Intent { act=android.intent.action.MAIN flag=335544320 cmp=ComponentInfo{com.android.deskclock/com.android.deskclock.DeskClockTabActivity} }
04-09 00:52:17.458  4110  4626 E ActivityManagerWrapper:  mainTaskId=14359   userId=0   windowMode=1   baseIntent=Intent { act=android.intent.action.MAIN flag=269549568 cmp=ComponentInfo{com.s_payment.mobiles_bezahlen/de.starfinanz.payment.MainActivity} }
04-09 00:52:17.458  4110  4626 E ActivityManagerWrapper:  mainTaskId=14342   userId=0   windowMode=1   baseIntent=Intent { act=null flag=369098752 cmp=ComponentInfo{com.google.android.googlequicksearchbox/com.google.android.apps.search.assistant.surfaces.voice.robin.main.MainActivity} }
04-09 00:52:17.458  4110  4626 E ActivityManagerWrapper:  mainTaskId=14336   userId=0   windowMode=1   baseIntent=Intent { act=android.intent.action.MAIN flag=270532608 cmp=ComponentInfo{com.google.android.apps.maps/com.google.android.maps.MapsActivity} }
04-09 00:52:17.458  8508 10624 D GameBoosterService: onGameStatusChange foreground:ForegroundInfo{mForegroundPackageName='com.miui.securitycenter', mForegroundUid=1000, mForegroundPid=30667, mLastForegroundPackageName='app.blearn.mobile', mLastForegroundUid=10030, mLastForegroundPid=24685, mMultiWindowForegroundPackageName='com.miui.securitycenter', mMultiWindowForegroundUid=1000, mFlags=0}
04-09 00:52:17.458  8508 10624 I VideoBoxUtils: isSupportVideoBox: true
04-09 00:52:17.462  4110  4626 D WorldCirculate: getWorldCirculateInfo, taskInfo.baseIntent=Intent { act=android.settings.ACCESSIBILITY_SETTINGS flg=0x10000000 cmp=com.android.settings/.accessibility.MiuiAccessibilitySettingsActivity }, displayId=-1, but get Display failed
04-09 00:52:17.463  4110  4626 D TaskSnapshotCompatVU: getIsInvalidateFromTaskSnapshot, return, mTaskSnapshot=null, mTaskSnapshotClazz=null
04-09 00:52:17.464  8508 10624 D FreeformUtil: retrieveFirstNoFreeformRootTaskInfo: windowMode = 1
04-09 00:52:17.465  4110  4626 D TaskSnapshotCompatVU: getIsInvalidateFromTaskSnapshot, don't find method
04-09 00:52:17.467  8508 10624 I VideoToolBoxService: splitMode: onfalse
04-09 00:52:17.469  8508 10624 D FreeformUtil: retrieveFirstNoFreeformRootTaskInfo: windowMode = 1
04-09 00:52:17.469  8508 10624 I VideoToolBoxService: not support vtb. skipExit : false
04-09 00:52:17.469  8508 10624 I BeautyService: onForegroundInfoChanged: Cur=com.miui.securitycenter	 last=app.blearn.mobile
04-09 00:52:17.481  4878 25645 I NetworkScheduler: (REDACTED) Error inserting %s
04-09 00:52:17.481  4110  4595 D TaskStackChangeListeners: onTaskDescriptionChanged =  taskId = 14407
04-09 00:52:17.496  2184  3148 I SmartPower: com.android.vending/10165(22435): background->idle(3001ms) R(broadcast start Intent { act=android.intent.action.PACKAGE_NEEDS_VERIFICATION dat=file:///... typ=application/vnd.android.package-archive flg=0x10000011 cmp=com.android.vending/com.google.android.finsky.verifier.impl.PackageVerificationReceiver (has extras) }) adj=227.
04-09 00:52:17.501  4110  4595 D TaskStackChangeListeners: onTaskDescriptionChanged =  taskId = 14407
04-09 00:52:17.504  2184  8706 D MiuiSoScManagerStub: supportSoScMinimizedMode:true
04-09 00:52:17.504  2184  8706 D MiuiSoScManagerStub: taskInSoScFullMode:false
04-09 00:52:17.504  2184  8706 D MiuiFreeFormGestureController: deliverResultForFinishActivity resultTo: null resultFrom: ActivityRecord{f25cdcd u0 com.miui.securitycenter/com.miui.permcenter.install.AdbInstallActivity t14407 f}} isInVideoOrGameScene: false intent: Intent { act=android.intent.action.VIEW flg=0x18800000 cmp=com.miui.securitycenter/com.miui.permcenter.install.AdbInstallActivity (has extras) }
04-09 00:52:17.505  2184  8706 D WindowManager: Collecting in transition 501: Task{de4d193 #14407 type=standard A=1000:com.miui.securitycenter} init visibleRequested:true
04-09 00:52:17.505  2184  8706 D WindowManager: Collecting in transition 501: ActivityRecord{f25cdcd u0 com.miui.securitycenter/com.miui.permcenter.install.AdbInstallActivity t14407 f}} init visibleRequested:true
04-09 00:52:17.505  2184  8706 D ActivityTrigger: ActivityTrigger activityPauseTrigger 
04-09 00:52:17.505  1296  1296 E vendor.qti.hardware.perf@2.2-service: Unknown params
04-09 00:52:17.505  2184  8706 D WindowManager: Set transition=TransitionRecord{87b48ce id=501 type=OPEN flags=0x0}, ready=false, SyncId=501 used=true, override=false, defer=0, states=Display{#0 state=ON size=1080x2400 ROTATION_0}:false
04-09 00:52:17.508  4073  4073 I FocusedNotifPromptContr: onTopActivityMayChanged: isSupportPip false, isFocus false
04-09 00:52:17.508  4073  4073 I FocusedNotifPromptContr: onTopActivityMayChanged: topActivity=app.blearn.mobile
04-09 00:52:17.508  4073  4073 I FocusedNotifPromptContr: topActivityMayChanged: topActivity=app.blearn.mobile
04-09 00:52:17.508  4073  4073 D KeyguardEditorHelper: onTopActivityMayChanged, topActivity=ComponentInfo{app.blearn.mobile/app.blearn.mobile.MainActivity}; mState=IDEL
04-09 00:52:17.509  4073  4317 D OneHandedController: stopOneHanded state is 0
04-09 00:52:17.521 30667 30667 D AlertController: Alert dialog ime debugEnable = 
04-09 00:52:17.530 30667 30667 D ScrollerOptimizationManager: registerConfigChangedListener
04-09 00:52:17.536  2184  8706 W WindowManager: Failed looking up window session=Session{b462f0d 30667:1000} callers=com.android.server.wm.WindowManagerService.windowForClientLocked:6851 com.android.server.wm.Session.updateRequestedVisibleTypes:707 android.view.IWindowSession$Stub.onTransact:1053 
04-09 00:52:17.538  4110  4626 D RecentsModel: onTaskStackChangedBackground    MSG_TASK_STACK_CHANGE
04-09 00:52:17.538  8508 10624 I SCTaskStackListener: onTaskStackChanged! inSplit = false
04-09 00:52:17.539  8508 30390 I SCTaskStackListener: onTaskStackChanged! inSplit = false
04-09 00:52:17.541  4110  4595 D EventBus: No subscribers registered for event class com.miui.home.recents.messages.RecentTasksChangedEvent
04-09 00:52:17.541  4110  4595 D EventBus: No subscribers registered for event class org.greenrobot.eventbus.NoSubscriberEvent
04-09 00:52:17.542  4110  4626 W RecentsModel: getRunningTask   taskInfo=TaskInfo{userId=0 taskId=14404 displayId=0 isRunning=true baseIntent=Intent { flg=0x10000000 cmp=app.blearn.mobile/.MainActivity } baseActivity=ComponentInfo{app.blearn.mobile/app.blearn.mobile.MainActivity} topActivity=ComponentInfo{app.blearn.mobile/app.blearn.mobile.MainActivity} origActivity=null realActivity=ComponentInfo{app.blearn.mobile/app.blearn.mobile.MainActivity} numActivities=1 lastActiveTime=97408762 supportsSplitScreenMultiWindow=true supportsMultiWindow=true resizeMode=1 isResizeable=true minWidth=-1 minHeight=-1 defaultMinSize=200 token=WCT{android.window.IWindowContainerToken$Stub$Proxy@813ef62} topActivityType=1 pictureInPictureParams=null shouldDockBigOverlays=false launchIntoPipHostTaskId=-1 lastParentTaskIdBeforePip=-1 displayCutoutSafeInsets=Rect(0, 94 - 0, 0) topActivityInfo=ActivityInfo{b38f8f3 app.blearn.mobile.MainActivity} launchCookies=[] positionInParent=Point(0, 0) parentTaskId=-1 isFocused=false isVisible=true isVisibleRequested=true isSleeping=false topActivityInSizeCompat=false topActivityInMiuiSizeCompat=false topActivityEligibleForLetterboxEducation= false topActivityLetterboxed= false isFromDoubleTap= false topActivityLetterboxVerticalPosition= -1 topActivityLetterboxHorizontalPosition= -1 topActivityLetterboxWidth=-1 topActivityLetterboxHeight=-1 locusId=null displayAreaFeatureId=1 cameraCompatControlState=hidden mIsCastMode=false mTopActivityMediaSize=null mTopActivityRecordName=ActivityRecord{5480875 u0 app.blearn.mobile/.MainActivity t14404} mTopActivityOrientation=-1 mTopActivityWindowIsNowVisible=true isTranslucent=false isEmbedded=false shouldBeVisible=true isImmersive=false mBehindAppLockPkg=null mOriginatingUid=0}
04-09 00:52:17.543  4110  4626 D RecentsModel: preloadRecents runningTaskId:14404, mCurrentRunningTaskId:-1, mRecentsTaskLoadPlan=com.android.systemui.shared.recents.model.RecentsTaskLoadPlan@20e39b0
04-09 00:52:17.543  4110  4626 E ActivityManagerWrapper: get all recent tasks force including 14404
04-09 00:52:17.550  4110  4626 E ActivityManagerWrapper: getRecentTasksForceIncludingTaskIdIfValid: getRecentTasks: size=10
04-09 00:52:17.550  4110  4626 E ActivityManagerWrapper:  mainTaskId=14407   userId=0   windowMode=1   baseIntent=Intent { act=android.intent.action.VIEW flag=411041792 cmp=ComponentInfo{com.miui.securitycenter/com.miui.permcenter.install.AdbInstallActivity} }
04-09 00:52:17.550  4110  4626 E ActivityManagerWrapper:  mainTaskId=14404   userId=0   windowMode=1   baseIntent=Intent { act=null flag=268435456 cmp=ComponentInfo{app.blearn.mobile/app.blearn.mobile.MainActivity} }
04-09 00:52:17.550  4110  4626 E ActivityManagerWrapper:  mainTaskId=14406   userId=0   windowMode=1   baseIntent=Intent { act=null flag=813760512 cmp=ComponentInfo{app.blearn.mobile/app.blearn.mobile.BlockingOverlayActivity} }
04-09 00:52:17.550  4110  4626 E ActivityManagerWrapper:  mainTaskId=14389   userId=0   windowMode=1   baseIntent=Intent { act=android.intent.action.MAIN flag=270532608 cmp=ComponentInfo{com.suno.android/com.suno.android.MainActivity} }
04-09 00:52:17.550  4110  4626 E ActivityManagerWrapper:  mainTaskId=14394   userId=0   windowMode=1   baseIntent=Intent { act=android.settings.ACCESSIBILITY_SETTINGS flag=268435456 cmp=ComponentInfo{com.android.settings/com.android.settings.accessibility.MiuiAccessibilitySettingsActivity} }
04-09 00:52:17.550  4110  4626 E ActivityManagerWrapper:  mainTaskId=14383   userId=0   windowMode=1   baseIntent=Intent { act=null flag=268435456 cmp=ComponentInfo{com.whatsapp/com.whatsapp.home.ui.HomeActivity} }
04-09 00:52:17.550  4110  4626 E ActivityManagerWrapper:  mainTaskId=14372   userId=0   windowMode=1   baseIntent=Intent { act=android.intent.action.MAIN flag=335544320 cmp=ComponentInfo{com.android.deskclock/com.android.deskclock.DeskClockTabActivity} }
04-09 00:52:17.550  4110  4626 E ActivityManagerWrapper:  mainTaskId=14359   userId=0   windowMode=1   baseIntent=Intent { act=android.intent.action.MAIN flag=269549568 cmp=ComponentInfo{com.s_payment.mobiles_bezahlen/de.starfinanz.payment.MainActivity} }
04-09 00:52:17.550  4110  4626 E ActivityManagerWrapper:  mainTaskId=14342   userId=0   windowMode=1   baseIntent=Intent { act=null flag=369098752 cmp=ComponentInfo{com.google.android.googlequicksearchbox/com.google.android.apps.search.assistant.surfaces.voice.robin.main.MainActivity} }
04-09 00:52:17.550  4110  4626 E ActivityManagerWrapper:  mainTaskId=14336   userId=0   windowMode=1   baseIntent=Intent { act=android.intent.action.MAIN flag=270532608 cmp=ComponentInfo{com.google.android.apps.maps/com.google.android.maps.MapsActivity} }
04-09 00:52:17.552  4110  4626 D WorldCirculate: getWorldCirculateInfo, taskInfo.baseIntent=Intent { act=android.settings.ACCESSIBILITY_SETTINGS flg=0x10000000 cmp=com.android.settings/.accessibility.MiuiAccessibilitySettingsActivity }, displayId=-1, but get Display failed
04-09 00:52:17.552 30667 30667 E FileUtils: err write to mi_exception_log
04-09 00:52:17.553  4073 25396 D MiuiFreeformModeObserver: activityResumed() intent’╝Ü Intent { cmp=com.miui.securitycenter/com.miui.permcenter.install.AdbInstallActivity (has extras) }
04-09 00:52:17.554  4110  4110 D RecentsImpl: mActivityStateObserver com.miui.permcenter.install.AdbInstallActivity
04-09 00:52:17.554  4110  4110 W RecentsImpl: onResumed className=com.miui.permcenter.install.AdbInstallActivity   mIsInAnotherPro=false   isKeyguardLocked=false   mIsStatusBarExpansion=false   mSecuritySpaceGuideShown=false
04-09 00:52:17.554  1296  1296 E vendor.qti.hardware.perf@2.2-service: Unknown params
04-09 00:52:17.554  2184  8637 D PerfStubImpl: perfWarmLaunchBoost: app.blearn.mobile, -1, 1
04-09 00:52:17.554  1296  1296 E vendor.qti.hardware.perf@2.2-service: Unknown params
04-09 00:52:17.554  1296  1296 E ANDR-PERF-DATA-POOL: EventDataPool is Full
04-09 00:52:17.554  1296  1296 E ANDR-PERF-MPCTL: perf request submission limit reached.
04-09 00:52:17.555  4110  4626 D RecentsModel: onTaskStackChangedBackground    MSG_TASK_STACK_CHANGE
04-09 00:52:17.555 24685 24685 I Capacitor/Console: File:  - Line 349 - Msg: [object Object]
04-09 00:52:17.555  2184  8637 D WindowManagerService: checkFlipFullScreenChange is same, nowIsFullScreen = false
04-09 00:52:17.556 24685 24685 V Capacitor/Plugin: To native (Capacitor plugin): callbackId: 82983403, pluginId: ScreenTime, methodName: consumePendingNavigation
04-09 00:52:17.556 24685 24685 V Capacitor: callback: 82983403, pluginId: ScreenTime, methodName: consumePendingNavigation, methodData: {}
04-09 00:52:17.557  2184  8637 I whetstone.activity: Power Event callback listener is empty for resId=32
04-09 00:52:17.557  2184  8637 D BatteryStatsManagerStub: notifyEvent for resId=32 used 0ms
04-09 00:52:17.557  2184  8637 D WindowManager: wms.Input focus has changed to Window{1e609a6 u0 app.blearn.mobile/app.blearn.mobile.MainActivity} display=0 updateInputWindows = true
04-09 00:52:17.557  2184  8637 I MultiSenceManagerInternalStub: getInstance
04-09 00:52:17.557 24685 24829 D BlearnScreenTime: consume_pending_navigation_empty
04-09 00:52:17.557  7377  9067 W AiAiAutofill: On activity pause for ContentSelector{packageName=com.miui.securitycenter, activityName=com.miui.permcenter.install.AdbInstallActivity, resourceId=null} completing 0 sessions with 1 remaining.
04-09 00:52:17.558 24685 24685 I Capacitor/Console: File:  - Line 333 - Msg: undefined
04-09 00:52:17.561  2184  8637 D WindowManager: Set transition=TransitionRecord{87b48ce id=501 type=OPEN flags=0x0}, ready=true, SyncId=501 
04-09 00:52:17.561  2184  8637 D WindowManager: Set transition=TransitionRecord{87b48ce id=501 type=OPEN flags=0x0}, ready=true, SyncId=501 
04-09 00:52:17.562  2184  8637 D WindowManager: Set transition=TransitionRecord{87b48ce id=501 type=OPEN flags=0x0}, ready=true, SyncId=501 
04-09 00:52:17.562 24685 24685 D Capacitor: App resumed
04-09 00:52:17.563 24685 24685 D BlearnMainActivity: MainActivity onResume without pending navigation
04-09 00:52:17.567  2184  8637 D WindowManager: Final targets: [Task{787f07b #14404 type=standard A=10030:app.blearn.mobile}]
04-09 00:52:17.568  4073  4317 D MiuiFullScreenTaskRepository: setFocusedTask taskId=14404, displayId=0, topActivity=ComponentInfo{app.blearn.mobile/app.blearn.mobile.MainActivity}
04-09 00:52:17.568  4073  4317 D MiuiFullScreenTaskRepository: addOrUpdateFullScreenTaskInfo taskId=14404, topActivity=ComponentInfo{app.blearn.mobile/app.blearn.mobile.MainActivity}
04-09 00:52:17.570  2184  8637 D WindowManager: Calling onTransitionReady info={id=501 t=OPEN f=0x0 trk=0 r=[0@Point(0, 0)] c=[{WCT{RemoteToken{29a0de0 Task{787f07b #14404 type=standard A=10030:app.blearn.mobile}}} m=CHANGE f=MOVE_TO_TOP leash=Surface(name=Task=14404#5130)/@0x1bd700a sb=Rect(0, 0 - 1080, 2400) eb=Rect(0, 0 - 1080, 2400) d=0}] noAni=[false] df=[false] mk=[true] nc=[0]}, mToken=Token{6b1817e TransitionRecord{87b48ce id=501 type=OPEN flags=0x0}}
04-09 00:52:17.571  2184  8637 I BLASTSyncEngine: finishNow: after onTransactionReady, mSyncId=501
04-09 00:52:17.574  4073  4317 D MiuiFreeformAnimation: startAnimation change: {WCT{android.window.IWindowContainerToken$Stub$Proxy@6f9d77} m=CHANGE f=MOVE_TO_TOP leash=Surface(name=Task=14404#5130)/@0x3a85611 sb=Rect(0, 0 - 1080, 2400) eb=Rect(0, 0 - 1080, 2400) d=0} info.getType(): 1
04-09 00:52:17.575  4073  4317 W MiuiTaskTransitionHandler: Receive an unknown transition, token=android.os.BinderProxy@9da26aa, type=1
04-09 00:52:17.577  4073  4317 D SoScUtils: monitorTransitionFinished transition:android.os.BinderProxy@9da26aa transaction: android.view.SurfaceControl$Transaction@28a7de4 mRequestCloseTransition:null mRequestOpenTransition:null mPairsOpenTransition:null mPairsOpenTransitionNull:null mRequestOpenTriggerTask:-1 mRequestCloseTriggerTask:-1 mOrientationTransition: null mMainStartingTask:-1 mSideStartingTask:-1
04-09 00:52:17.580  2184  3118 I NetworkBoostStatusManager: onForegroundInfoChanged uid:10030, isColdStart:false
04-09 00:52:17.580  2184  3118 I SLM-SRV-SLAToast: foreground uid:10030, isColdStart:false, isLinkTurboEnable:false
04-09 00:52:17.580  2184  3118 D NetworkSDKService: handleMultiAppsDualWifi isSet = false isEverOpened = false
04-09 00:52:17.580  3988 21118 D MiuiBluetoothLatencyMode: ForegroundInfo{mForegroundPackageName='app.blearn.mobile', mForegroundUid=10030, mForegroundPid=24685, mLastForegroundPackageName='com.miui.securitycenter', mLastForegroundUid=1000, mLastForegroundPid=30667, mMultiWindowForegroundPackageName='app.blearn.mobile', mMultiWindowForegroundUid=10030, mFlags=0}
04-09 00:52:17.580  3988 21118 E bt_btif : btif_get_adapter_property : invalid type 246
04-09 00:52:17.580  3988 21118 E BluetoothAdapterService: getActiveDevices: LeAudioService is null
04-09 00:52:17.580  3988 21118 D MiuiBluetoothLatencyMode: ActiveProfile: -1
04-09 00:52:17.580  9679 16327 D PerfEngineController: ForegroundInfo{mForegroundPackageName='app.blearn.mobile', mForegroundUid=10030, mForegroundPid=24685, mLastForegroundPackageName='com.miui.securitycenter', mLastForegroundUid=1000, mLastForegroundPid=30667, mMultiWindowForegroundPackageName='app.blearn.mobile', mMultiWindowForegroundUid=10030, mFlags=0}
04-09 00:52:17.580 12404 32386 I GST     : forePkg: app.blearn.mobile, preForePkg: com.miui.securitycenter
04-09 00:52:17.580  8508 30390 I ProcessMonitor: onForegroundInfoChanged: ForegroundInfo{mForegroundPackageName='app.blearn.mobile', mForegroundUid=10030, mForegroundPid=24685, mLastForegroundPackageName='com.miui.securitycenter', mLastForegroundUid=1000, mLastForegroundPid=30667, mMultiWindowForegroundPackageName='app.blearn.mobile', mMultiWindowForegroundUid=10030, mFlags=0}
04-09 00:52:17.581  4073  4840 D MiuiFreeformModeObserver: activityResumed() intent’╝Ü Intent { cmp=app.blearn.mobile/.MainActivity (has extras) }
04-09 00:52:17.582  8508 30390 I GameBoosterService: onForegroundInfoChanged: Cur=app.blearn.mobile	 last=com.miui.securitycenter
04-09 00:52:17.582  4110  4110 D RecentsImpl: mActivityStateObserver app.blearn.mobile.MainActivity
04-09 00:52:17.583  8508 10624 D x1      : myUserId = 0	currentUserId0
04-09 00:52:17.583  8508 30390 D GameBoosterService: onGameStatusChange foreground:ForegroundInfo{mForegroundPackageName='app.blearn.mobile', mForegroundUid=10030, mForegroundPid=24685, mLastForegroundPackageName='com.miui.securitycenter', mLastForegroundUid=1000, mLastForegroundPid=30667, mMultiWindowForegroundPackageName='app.blearn.mobile', mMultiWindowForegroundUid=10030, mFlags=0}
04-09 00:52:17.583  8508 30390 I VideoBoxUtils: isSupportVideoBox: true
04-09 00:52:17.584  4110  4626 W RecentsModel: getRunningTask   taskInfo=TaskInfo{userId=0 taskId=14404 displayId=0 isRunning=true baseIntent=Intent { flg=0x10000000 cmp=app.blearn.mobile/.MainActivity } baseActivity=ComponentInfo{app.blearn.mobile/app.blearn.mobile.MainActivity} topActivity=ComponentInfo{app.blearn.mobile/app.blearn.mobile.MainActivity} origActivity=null realActivity=ComponentInfo{app.blearn.mobile/app.blearn.mobile.MainActivity} numActivities=1 lastActiveTime=97408804 supportsSplitScreenMultiWindow=true supportsMultiWindow=true resizeMode=1 isResizeable=true minWidth=-1 minHeight=-1 defaultMinSize=200 token=WCT{android.window.IWindowContainerToken$Stub$Proxy@3c26029} topActivityType=1 pictureInPictureParams=null shouldDockBigOverlays=false launchIntoPipHostTaskId=-1 lastParentTaskIdBeforePip=-1 displayCutoutSafeInsets=Rect(0, 94 - 0, 0) topActivityInfo=ActivityInfo{bc59fae app.blearn.mobile.MainActivity} launchCookies=[] positionInParent=Point(0, 0) parentTaskId=-1 isFocused=true isVisible=true isVisibleRequested=true isSleeping=false topActivityInSizeCompat=false topActivityInMiuiSizeCompat=false topActivityEligibleForLetterboxEducation= false topActivityLetterboxed= false isFromDoubleTap= false topActivityLetterboxVerticalPosition= -1 topActivityLetterboxHorizontalPosition= -1 topActivityLetterboxWidth=-1 topActivityLetterboxHeight=-1 locusId=null displayAreaFeatureId=1 cameraCompatControlState=hidden mIsCastMode=false mTopActivityMediaSize=null mTopActivityRecordName=ActivityRecord{5480875 u0 app.blearn.mobile/.MainActivity t14404} mTopActivityOrientation=-1 mTopActivityWindowIsNowVisible=true isTranslucent=false isEmbedded=false shouldBeVisible=true isImmersive=false mBehindAppLockPkg=null mOriginatingUid=0}
04-09 00:52:17.584  4110  4626 D RecentsModel: preloadRecents runningTaskId:14404, mCurrentRunningTaskId:-1, mRecentsTaskLoadPlan=com.android.systemui.shared.recents.model.RecentsTaskLoadPlan@860314f
04-09 00:52:17.584  8508 30390 I VideoToolBoxService: splitMode: onfalse
04-09 00:52:17.584 12404 32386 D VENUS_GAMEAI_START_GameAiStartManager: ķ½śĶāĮµŚČÕł╗µ£¬Õ«ēĶŻģ
04-09 00:52:17.585  4110  4626 E ActivityManagerWrapper: get all recent tasks force including 14404
04-09 00:52:17.586  4110  4110 W RecentsImpl: onResumed className=app.blearn.mobile.MainActivity   mIsInAnotherPro=false   isKeyguardLocked=false   mIsStatusBarExpansion=false   mSecuritySpaceGuideShown=false
04-09 00:52:17.586 24685 24685 I HandWritingStubImpl: refreshLastKeyboardType: 1
04-09 00:52:17.586 24685 24685 I HandWritingStubImpl: getCurrentKeyboardType: 1
04-09 00:52:17.587  2184  4366 I Transition: finishTransition: updateLastSurfacePosition tf=Task{787f07b #14404 type=standard A=10030:app.blearn.mobile}
04-09 00:52:17.588  2184  4366 I Transition: finishTransition: updateLastSurfacePosition tf=Task{de4d193 #14407 type=standard A=1000:com.miui.securitycenter}
04-09 00:52:17.588  1382  1524 W VsyncModulator: setTransactionSchedule: Unexpected EarlyEnd
04-09 00:52:17.594  2184  8706 D CoreBackPreview: Window{20d71e7 u0 com.miui.securitycenter/com.miui.permcenter.install.AdbInstallActivity}: Setting back callback OnBackInvokedCallbackInfo{mCallback=android.window.IOnBackInvokedCallback$Stub$Proxy@8233df5, mPriority=0, mIsAnimationCallback=false}
04-09 00:52:17.598 24630 24670 E c       : NameNotFound android.uid.system:1000
04-09 00:52:17.598  1296  1296 E vendor.qti.hardware.perf@2.2-service: Unknown params
04-09 00:52:17.598  1296  1296 E ANDR-PERF-DATA-POOL: EventDataPool is Full
04-09 00:52:17.598  1296  1296 E ANDR-PERF-MPCTL: perf request submission limit reached.
04-09 00:52:17.598  1296  1296 E vendor.qti.hardware.perf@2.2-service: Unknown params
04-09 00:52:17.598  1296  1296 E ANDR-PERF-DATA-POOL: EventDataPool is Full
04-09 00:52:17.598  1296  1296 E ANDR-PERF-MPCTL: perf request submission limit reached.
04-09 00:52:17.598  4110  4626 E ActivityManagerWrapper: getRecentTasksForceIncludingTaskIdIfValid: getRecentTasks: size=10
04-09 00:52:17.598  4110  4626 E ActivityManagerWrapper:  mainTaskId=14404   userId=0   windowMode=1   baseIntent=Intent { act=null flag=268435456 cmp=ComponentInfo{app.blearn.mobile/app.blearn.mobile.MainActivity} }
04-09 00:52:17.598  4110  4626 E ActivityManagerWrapper:  mainTaskId=14407   userId=0   windowMode=1   baseIntent=Intent { act=android.intent.action.VIEW flag=411041792 cmp=ComponentInfo{com.miui.securitycenter/com.miui.permcenter.install.AdbInstallActivity} }
04-09 00:52:17.598  4110  4626 E ActivityManagerWrapper:  mainTaskId=14406   userId=0   windowMode=1   baseIntent=Intent { act=null flag=813760512 cmp=ComponentInfo{app.blearn.mobile/app.blearn.mobile.BlockingOverlayActivity} }
04-09 00:52:17.598  4110  4626 E ActivityManagerWrapper:  mainTaskId=14389   userId=0   windowMode=1   baseIntent=Intent { act=android.intent.action.MAIN flag=270532608 cmp=ComponentInfo{com.suno.android/com.suno.android.MainActivity} }
04-09 00:52:17.598  4110  4626 E ActivityManagerWrapper:  mainTaskId=14394   userId=0   windowMode=1   baseIntent=Intent { act=android.settings.ACCESSIBILITY_SETTINGS flag=268435456 cmp=ComponentInfo{com.android.settings/com.android.settings.accessibility.MiuiAccessibilitySettingsActivity} }
04-09 00:52:17.598  4110  4626 E ActivityManagerWrapper:  mainTaskId=14383   userId=0   windowMode=1   baseIntent=Intent { act=null flag=268435456 cmp=ComponentInfo{com.whatsapp/com.whatsapp.home.ui.HomeActivity} }
04-09 00:52:17.598  4110  4626 E ActivityManagerWrapper:  mainTaskId=14372   userId=0   windowMode=1   baseIntent=Intent { act=android.intent.action.MAIN flag=335544320 cmp=ComponentInfo{com.android.deskclock/com.android.deskclock.DeskClockTabActivity} }
04-09 00:52:17.598  4110  4626 E ActivityManagerWrapper:  mainTaskId=14359   userId=0   windowMode=1   baseIntent=Intent { act=android.intent.action.MAIN flag=269549568 cmp=ComponentInfo{com.s_payment.mobiles_bezahlen/de.starfinanz.payment.MainActivity} }
04-09 00:52:17.598  4110  4626 E ActivityManagerWrapper:  mainTaskId=14342   userId=0   windowMode=1   baseIntent=Intent { act=null flag=369098752 cmp=ComponentInfo{com.google.android.googlequicksearchbox/com.google.android.apps.search.assistant.surfaces.voice.robin.main.MainActivity} }
04-09 00:52:17.598  4110  4626 E ActivityManagerWrapper:  mainTaskId=14336   userId=0   windowMode=1   baseIntent=Intent { act=android.intent.action.MAIN flag=270532608 cmp=ComponentInfo{com.google.android.apps.maps/com.google.android.maps.MapsActivity} }
04-09 00:52:17.599  8508 30390 D FreeformUtil: retrieveFirstNoFreeformRootTaskInfo: windowMode = 1
04-09 00:52:17.599  8508 30390 I VideoToolBoxService: not support vtb. skipExit : false
04-09 00:52:17.599  8508 30390 I BeautyService: onForegroundInfoChanged: Cur=app.blearn.mobile	 last=com.miui.securitycenter
04-09 00:52:17.600  2184  4769 I ImeTracker: app.blearn.mobile:54cbb7fe: onRequestHide at ORIGIN_SERVER_HIDE_INPUT reason HIDE_SAME_WINDOW_FOCUSED_WITHOUT_EDITOR
04-09 00:52:17.601  9679 15997 D MirrorManager:  sendAcceptInput 0 0
04-09 00:52:17.601  2184  4769 I ImeTracker: app.blearn.mobile:54cbb7fe: onCancelled at PHASE_SERVER_SHOULD_HIDE
04-09 00:52:17.604  2184  2501 D Aurogon :  uid = 1000 switch to BG
04-09 00:52:17.604  2184  3075 D isUidValid: uid = 1000
04-09 00:52:17.605  3988 21118 D MiuiBluetoothLatencyMode: onForegroundActivitiesChanged, pid: 30667 uid: 1000 foregroundActivities: false
04-09 00:52:17.605  8105 23384 D PMonitor:  onForegroundActivitiesChanged:pid = 30667,activity-uid=1000,foregroundActivities=false
04-09 00:52:17.605  2184  2922 I MiuiNetworkPolicy: updateUidState uid = 10116, uidState = 4
04-09 00:52:17.605 23840 23840 I GoogleInputMethodService: GoogleInputMethodService.onFinishInput():2186 
04-09 00:52:17.605  2184  2922 I MiuiNetworkPolicy: updateUidState uid = 10094, uidState = 4
04-09 00:52:17.606  4110  4626 D WorldCirculate: getWorldCirculateInfo, taskInfo.baseIntent=Intent { act=android.settings.ACCESSIBILITY_SETTINGS flg=0x10000000 cmp=com.android.settings/.accessibility.MiuiAccessibilitySettingsActivity }, displayId=-1, but get Display failed
04-09 00:52:17.606 23840 23840 I Module  : DeviceLockedStatusModuleProvider$Module.updateDeviceLockedStatus():103 repeatCheckTimes = 0, locked = false
04-09 00:52:17.606 23840 23840 I GoogleInputMethodService: GoogleInputMethodService.onStartInput():1444 onStartInput(EditorInfo{EditorInfo{packageName=app.blearn.mobile, inputType=0, inputTypeString=NULL, enableLearning=false, autoCorrection=false, autoComplete=false, imeOptions=12000000, privateImeOptions=null, actionName=UNSPECIFIED, actionLabel=null, initialSelStart=-1, initialSelEnd=-1, initialCapsMode=0, label=null, fieldId=0, fieldName=null, extras=Bundle[mParcelledData.dataSize=72], hintText=null, hintLocales=[]}}, false)
04-09 00:52:17.606 23840 23840 I AndroidIME: LatinIMEBase.updateInputViewCoverNavigation():321 Update input view padding, isNavbarOverInputWindow=false, bottom inset=130
04-09 00:52:17.608 23840 23840 I Module  : DeviceLockedStatusModuleProvider$Module.updateDeviceLockedStatus():103 repeatCheckTimes = 1, locked = false
04-09 00:52:17.609  2184  8496 W PackageConfigPersister: App-specific configuration not found for packageName: app.blearn.mobile and userId: 0
04-09 00:52:17.609  4110  4626 D TaskSnapshotCompatVU: getIsInvalidateFromTaskSnapshot, don't find method
04-09 00:52:17.621 30667 14506 E OpenGLRenderer: Unable to match the desired swap behavior.
04-09 00:52:17.623 30667 30667 D VRI[AdbInstallActivity]: vri.reportNextDraw android.view.ViewRootImpl.performTraversals:4411 android.view.ViewRootImpl.doTraversal:3040 android.view.ViewRootImpl$TraversalRunnable.run:10429 android.view.Choreographer$CallbackRecord.run:1654 android.view.Choreographer$CallbackRecord.run:1663 
04-09 00:52:17.623 30667 30667 D VRI[AdbInstallActivity]: vri.Setup new sync=wmsSync-VRI[AdbInstallActivity]#22
04-09 00:52:17.635 30667 14506 D OpenGLRenderer: makeCurrent grContext:0xb400007272230120 reset mTextureAvailable
04-09 00:52:17.639 30667 30667 D VRI[AdbInstallActivity]: vri.reportDrawFinished
04-09 00:52:17.639  2184  2277 D WindowManager: wms.finishDrawingLocked: mDrawState=COMMIT_DRAW_PENDING Window{20d71e7 u0 com.miui.securitycenter/com.miui.permcenter.install.AdbInstallActivity} in Surface(name=com.miui.securitycenter/com.miui.permcenter.install.AdbInstallActivity#5221)/@0xa0fe218
04-09 00:52:17.639 30667 30667 E FileUtils: err write to mi_exception_log
04-09 00:52:17.641  1382  1382 W Layer   : gatherBufferInfo: Received unknown dataspace from gralloc
04-09 00:52:17.644  4073  4317 D MiuiFullScreenTaskRepository: addOrUpdateFullScreenTaskInfo taskId=14407, topActivity=null
04-09 00:52:17.649 30667 30667 E WindowManager: android.view.WindowLeaked: Activity com.miui.permcenter.install.AdbInstallActivity has leaked window DecorView@ce54fcd[AdbInstallActivity] that was originally added here
04-09 00:52:17.649 30667 30667 E WindowManager: 	at android.view.ViewRootImpl.<init>(ViewRootImpl.java:1258)
04-09 00:52:17.649 30667 30667 E WindowManager: 	at android.view.ViewRootImpl.<init>(ViewRootImpl.java:1246)
04-09 00:52:17.649 30667 30667 E WindowManager: 	at android.view.WindowManagerGlobal.addView(WindowManagerGlobal.java:498)
04-09 00:52:17.649 30667 30667 E WindowManager: 	at android.view.WindowManagerGlobal.addView(WindowManagerGlobal.java:383)
04-09 00:52:17.649 30667 30667 E WindowManager: 	at android.view.WindowManagerImpl.addView(WindowManagerImpl.java:154)
04-09 00:52:17.649 30667 30667 E WindowManager: 	at android.app.Dialog.show(Dialog.java:366)
04-09 00:52:17.649 30667 30667 E WindowManager: 	at miuix.appcompat.app.AlertDialog.show(Unknown Source:8)
04-09 00:52:17.649 30667 30667 E WindowManager: 	at com.miui.common.base.AlertActivity.h0(Unknown Source:4)
04-09 00:52:17.649 30667 30667 E WindowManager: 	at com.miui.permcenter.install.AdbInstallActivity.g0(Unknown Source:3)
04-09 00:52:17.649 30667 30667 E WindowManager: 	at com.miui.common.base.AlertActivity.onCreate(Unknown Source:40)
04-09 00:52:17.649 30667 30667 E WindowManager: 	at android.app.Activity.performCreate(Activity.java:8902)
04-09 00:52:17.649 30667 30667 E WindowManager: 	at android.app.Activity.performCreate(Activity.java:8864)
04-09 00:52:17.649 30667 30667 E WindowManager: 	at android.app.Instrumentation.callActivityOnCreate(Instrumentation.java:1471)
04-09 00:52:17.649 30667 30667 E WindowManager: 	at android.app.ActivityThread.performLaunchActivity(ActivityThread.java:3993)
04-09 00:52:17.649 30667 30667 E WindowManager: 	at android.app.ActivityThread.handleLaunchActivity(ActivityThread.java:4164)
04-09 00:52:17.649 30667 30667 E WindowManager: 	at android.app.servertransaction.LaunchActivityItem.execute(LaunchActivityItem.java:103)
04-09 00:52:17.649 30667 30667 E WindowManager: 	at android.app.servertransaction.TransactionExecutor.executeCallbacks(TransactionExecutor.java:149)
04-09 00:52:17.649 30667 30667 E WindowManager: 	at android.app.servertransaction.TransactionExecutor.execute(TransactionExecutor.java:99)
04-09 00:52:17.649 30667 30667 E WindowManager: 	at android.app.ActivityThread$H.handleMessage(ActivityThread.java:2604)
04-09 00:52:17.649 30667 30667 E WindowManager: 	at android.os.Handler.dispatchMessage(Handler.java:106)
04-09 00:52:17.649 30667 30667 E WindowManager: 	at android.os.Looper.loopOnce(Looper.java:222)
04-09 00:52:17.649 30667 30667 E WindowManager: 	at android.os.Looper.loop(Looper.java:314)
04-09 00:52:17.649 30667 30667 E WindowManager: 	at android.app.ActivityThread.main(ActivityThread.java:8857)
04-09 00:52:17.649 30667 30667 E WindowManager: 	at java.lang.reflect.Method.invoke(Native Method)
04-09 00:52:17.649 30667 30667 E WindowManager: 	at com.android.internal.os.RuntimeInit$MethodAndArgsCaller.run(RuntimeInit.java:565)
04-09 00:52:17.649 30667 30667 E WindowManager: 	at com.android.internal.os.ZygoteInit.main(ZygoteInit.java:1013)
04-09 00:52:17.649  2184  2767 D PerfStubImpl: perfPackageInstallBoost: null, 20000, -1
04-09 00:52:17.649  1296  1296 E vendor.qti.hardware.perf@2.2-service: Unknown params
04-09 00:52:17.649  1296  1296 E ANDR-PERF-DATA-POOL: EventDataPool is Full
04-09 00:52:17.649  1296  1296 E ANDR-PERF-MPCTL: perf request submission limit reached.
04-09 00:52:17.650  1382  1382 W Layer   : gatherBufferInfo: Received unknown dataspace from gralloc
04-09 00:52:17.651 12404 12478 I HeavyPackageIdentify: splitMode: false, splitPackages: null, foregroundPkg: com.miui.securitycenter
04-09 00:52:17.655  2184  2277 W InputManager-JNI: Input channel object '20d71e7 com.miui.securitycenter/com.miui.permcenter.install.AdbInstallActivity (client)' was disposed without first being removed with the input manager!
04-09 00:52:17.660  1296  1296 E vendor.qti.hardware.perf@2.2-service: Unknown params
04-09 00:52:17.660  1296  1296 E vendor.qti.hardware.perf@2.2-service: Unknown params
04-09 00:52:17.660  1296  1296 E vendor.qti.hardware.perf@2.2-service: Unknown params
04-09 00:52:17.660  1296  1296 E ANDR-PERF-DATA-POOL: EventDataPool is Full
04-09 00:52:17.660  1296  1296 E ANDR-PERF-MPCTL: perf request submission limit reached.
04-09 00:52:17.663  4110  4626 D RecentsModel: onTaskStackChangedBackground    MSG_TASK_STACK_CHANGE
04-09 00:52:17.664  8508 30390 I SCTaskStackListener: onTaskStackChanged! inSplit = false
04-09 00:52:17.665  8508 10624 I SCTaskStackListener: onTaskStackChanged! inSplit = false
