04-09 00:53:15.999  1103  6092 E ACDB-LOADER: [acdb_loader_adsp_set_audio_cal] set parameters failed with status -100
04-09 00:53:15.999  1103  6092 D msm8974_platform: platform_set_parameters: exit with code(0)
04-09 00:53:15.999  1103  6092 V msm8974_platform: platform_set_parameters: enter: cal_persist=0;cal_devid=2;cal_moduleid=0x1000a106;cal_caltype=0;cal_instanceid=0x0;cal_apptype=69937;cal_paramid=0x1000a198;cal_topoid=0x1000a106;cal_samplerate=48000;cal_data=AAAAAA==
04-09 00:53:15.999  1103  6092 D msm8974_platform: platform_get_output_snd_device: enter: output devices(0x2)
04-09 00:53:15.999  1103  6092 D msm8974_platform: Setting audio calibration for snd_device(2) acdb_id(10011)
04-09 00:53:15.999  1103  6092 E ACDB-LOADER: [acdb_loader_adsp_set_audio_cal] active device/stream not found (result=-100) for topology 0x1000a106 and apptype 0x11131
04-09 00:53:15.999  1103  6092 E ACDB-LOADER: [acdb_loader_adsp_set_audio_cal] set parameters failed with status -100
04-09 00:53:15.999  1103  6092 D msm8974_platform: platform_set_parameters: exit with code(0)
04-09 00:53:15.999  1103  6092 V msm8974_platform: platform_set_parameters: enter: cal_persist=0;cal_devid=2;cal_moduleid=0x1000a106;cal_caltype=0;cal_instanceid=0x0;cal_apptype=69937;cal_paramid=0x1000a198;cal_topoid=0x1000a100;cal_samplerate=48000;cal_data=AAAAAA==
04-09 00:53:15.999  1103  6092 D msm8974_platform: platform_get_output_snd_device: enter: output devices(0x2)
04-09 00:53:15.999  1103  6092 D msm8974_platform: Setting audio calibration for snd_device(2) acdb_id(10011)
04-09 00:53:15.999 25935 25935 D BlearnAccessibility: event: app.blearn.mobile type=2048
04-09 00:53:15.999 25935 25935 D BlearnAccessibility: skip: own package
04-09 00:53:15.999  1103  6092 D msm8974_platform: platform_set_parameters: exit with code(0)
04-09 00:53:15.999  1103  6092 V msm8974_platform: platform_set_parameters: enter: cal_persist=0;cal_devid=2;cal_moduleid=0x1000a106;cal_caltype=0;cal_instanceid=0x0;cal_apptype=69936;cal_paramid=0x1000a198;cal_topoid=0x1000a106;cal_samplerate=48000;cal_data=AAAAAA==
04-09 00:53:15.999  1103  6092 D msm8974_platform: platform_get_output_snd_device: enter: output devices(0x2)
04-09 00:53:15.999  1103  6092 D msm8974_platform: Setting audio calibration for snd_device(2) acdb_id(10011)
04-09 00:53:16.000  1103  6092 E ACDB-LOADER: [acdb_loader_adsp_set_audio_cal] active device/stream not found (result=-100) for topology 0x1000a106 and apptype 0x11130
04-09 00:53:16.000  1103  6092 E ACDB-LOADER: [acdb_loader_adsp_set_audio_cal] set parameters failed with status -100
04-09 00:53:16.000  1103  6092 D msm8974_platform: platform_set_parameters: exit with code(0)
04-09 00:53:16.000  1103  6092 V msm8974_platform: platform_set_parameters: enter: cal_persist=0;cal_devid=2;cal_moduleid=0x1000a106;cal_caltype=0;cal_instanceid=0x0;cal_apptype=69936;cal_paramid=0x1000a198;cal_topoid=0x1000a100;cal_samplerate=48000;cal_data=AAAAAA==
04-09 00:53:16.000  1103  6092 D msm8974_platform: platform_get_output_snd_device: enter: output devices(0x2)
04-09 00:53:16.000  1103  6092 D msm8974_platform: Setting audio calibration for snd_device(2) acdb_id(10011)
04-09 00:53:16.000  1103  6092 E ACDB-LOADER: [acdb_loader_adsp_set_audio_cal] active device/stream not found (result=-100) for topology 0x1000a100 and apptype 0x11130
04-09 00:53:16.000  1103  6092 E ACDB-LOADER: [acdb_loader_adsp_set_audio_cal] set parameters failed with status -100
04-09 00:53:16.000  1103  6092 D msm8974_platform: platform_set_parameters: exit with code(0)
04-09 00:53:16.000  1103  6092 D audio_hw_primary: check_and_set_karaok_parameters: is karaok rx device 0, is karaok tx device 0
04-09 00:53:16.000  1103  6092 V send_data_to_xlog: getCurrentDate
04-09 00:53:16.000  1103  6092 V send_data_to_xlog: current time is : 2026 year, 4 month, 8 daty
04-09 00:53:16.000  1103  6092 V send_data_to_xlog: do not need to seed data to xlog
04-09 00:53:16.000  1103  6092 V send_data_to_xlog: send_EarsCompensation_dailyuse_to_xlog
04-09 00:53:16.000  1103  6092 I send_data_to_xlog: get_headset_type the type is speaker
04-09 00:53:16.000  1103  6092 D send_data_to_xlog: send_misound_dailyuse_to_xlog, the headset type is speaker
04-09 00:53:16.000  1103  6092 D send_data_to_xlog:  send_misound_dailyuse_to_xlog: misound without usb
04-09 00:53:16.000  1103  6092 D audio_hw_primary: out_write: retry previous failed cal level set
04-09 00:53:16.000  1103  6092 D ACDB-LOADER: ACDB -> send_audvoltable
04-09 00:53:16.000  1103  6092 D ACDB-LOADER: ACDB -> ACDB_CMD_GET_AUDPROC_INSTANCE_GAIN_DEP_STEP_TABLE_SIZE
04-09 00:53:16.000  1103  6092 D android.hardware.audio.service: Failed to fetch the lookup information of the device 0000271B 
04-09 00:53:16.000  1103  6092 D ACDB-LOADER: Error: ACDB_CMD_GET_AUDPROC_INSTANCE_GAIN_DEP_STEP_TABLE_SIZE Returned = -19
04-09 00:53:16.000  1103  6092 D ACDB-LOADER: ACDB -> ACDB_CMD_GET_AUDPROC_INSTANCE_GAIN_DEP_STEP_TABLE, vol index 5
04-09 00:53:16.000  1103  6092 D android.hardware.audio.service: Failed to fetch the lookup information of the device 0000271B 
04-09 00:53:16.000  1103  6092 D ACDB-LOADER: Error: ACDB AudProc vol returned = -19
04-09 00:53:16.000  1103  6092 D ACDB-LOADER: ACDB -> AUDIO_SET_VOL_CAL cal type = 40
04-09 00:53:16.000  1103  6092 W msm8974_platform: platform_send_gain_dep_cal: Usecase list is empty
04-09 00:53:16.001  1296  1296 E vendor.qti.hardware.perf@2.2-service: Unknown params
04-09 00:53:16.001  1296  1296 E ANDR-PERF-DATA-POOL: EventDataPool is Full
04-09 00:53:16.001  1296  1296 E ANDR-PERF-MPCTL: perf request submission limit reached.
04-09 00:53:16.015 25935 26281 D AAudioStream: setState(s#1) from 3 to 4
04-09 00:53:16.016  2184  2936 D ConnectivityService: NetReassign [no changes] [c 0] [a 0] [i 1]
04-09 00:53:16.017 15853 16193 D AudioTrackImpl: [audioTrackData][zero] 55s(f:0 m:0 s:0 k:0 z:55008) : pid 15853 uid 10518 sessionId 897 sr 48000 ch 2 fmt 1
04-09 00:53:16.029 12404 12482 W Settings: Setting device_provisioned has moved from android.provider.Settings.Secure to android.provider.Settings.Global.
04-09 00:53:16.038 17820 18436 D WM-WorkConstraintsTrack: NetworkRequestConstraintController onCapabilitiesChanged callback
04-09 00:53:16.041  8543  8924 I NetBusNetworkMonitor: onCapabilitiesChanged isPrimary = true
04-09 00:53:16.041 26457 26593 D WM-WorkConstraintsTrack: NetworkRequestConstraintController onCapabilitiesChanged callback
04-09 00:53:16.048 23830 24028 D WM-NetworkStateTracker: Network capabilities changed: [ Transports: WIFI Capabilities: NOT_METERED&INTERNET&NOT_RESTRICTED&TRUSTED&NOT_VPN&VALIDATED&NOT_ROAMING&FOREGROUND&NOT_CONGESTED&NOT_SUSPENDED&NOT_VCN_MANAGED LinkUpBandwidth>=6450Kbps LinkDnBandwidth>=6294Kbps TransportInfo: <SSID: <unknown ssid>, BSSID: 02:00:00:00:00:00, MAC: 02:00:00:00:00:00, IP: /10.10.154.55, Security type: 0, Supplicant state: COMPLETED, Wi-Fi standard: 6, RSSI: -74, Link speed: 206Mbps, Tx Link speed: 206Mbps, Max Supported Tx Link speed: 573Mbps, Rx Link speed: 137Mbps, Max Supported Rx Link speed: 573Mbps, Frequency: 5240MHz, Net ID: -1, Metered hint: false, score: 57, isUsable: true, CarrierMerged: false, SubscriptionId: -1, IsPrimary: -1, Trusted: true, Restricted: false, Ephemeral: false, OEM paid: false, OEM private: false, OSU AP: false, FQDN: <none>, Provider friendly name: <none>, Requesting package name: <none><none>MLO Information: , Is TID-To-Link negotiation supported by the AP: false, AP MLD Address: <none>, AP MLO Link Id: <none>, AP MLO Affiliated links: <none>> SignalStrength: -74 UnderlyingNetworks: Null]
04-09 00:53:16.050 12404 12482 I JoyoseCloudControlManager3: network metered changed, network metered: false, deviceProvisioned: true, scAllowConn: true, try to setNetworkAccessEnabled: true
04-09 00:53:16.056  8543  8924 I NetBusNetworkMonitor: gateway=10.*.*.1
04-09 00:53:16.058  2184  3982 I NetworkBoostStatusManager: SmartDNS push DnsReslover a relationship, netid 126 name "NOVOTEL"
04-09 00:53:16.062  2184  3982 W System.err: java.lang.NoSuchMethodException: android.net.ConnectivityManager.setResloverInterfaceIdAndNetid [int, class java.lang.String]
04-09 00:53:16.062  2184  3982 W System.err: 	at java.lang.Class.getMethod(Class.java:2934)
04-09 00:53:16.062  2184  3982 W System.err: 	at java.lang.Class.getDeclaredMethod(Class.java:2913)
04-09 00:53:16.062  2184  3982 W System.err: 	at com.xiaomi.NetworkBoost.StatusManager.setResloverInterfaceIdAndNetid(StatusManager.java:1651)
04-09 00:53:16.062  2184  3982 W System.err: 	at com.xiaomi.NetworkBoost.StatusManager.setSmartDNSInterface(StatusManager.java:1616)
04-09 00:53:16.062  2184  3982 W System.err: 	at com.xiaomi.NetworkBoost.StatusManager.-$$Nest$msetSmartDNSInterface(Unknown Source:0)
04-09 00:53:16.062  2184  3982 W System.err: 	at com.xiaomi.NetworkBoost.StatusManager$InternalHandler.handleMessage(StatusManager.java:591)
04-09 00:53:16.062  2184  3982 W System.err: 	at android.os.Handler.dispatchMessage(Handler.java:106)
04-09 00:53:16.062  2184  3982 W System.err: 	at android.os.Looper.loopOnce(Looper.java:222)
04-09 00:53:16.062  2184  3982 W System.err: 	at android.os.Looper.loop(Looper.java:314)
04-09 00:53:16.062  2184  3982 W System.err: 	at android.os.HandlerThread.run(HandlerThread.java:67)
04-09 00:53:16.062  8543  8924 I NetBusNetworkMonitor: addConnectNetworkInterface mediumType:256, detail:NetworkDetailInfo{mIsConnected=false, mIsSupportTdls=true, mNetworkType=0, mIpAddress=10.*.*.55, mIfName=wlan0, mGateway=10.*.*.1, mNetmask=255.*.*.0, mSsid=N**EL}
04-09 00:53:16.063  8543  8924 I NetBusNetworkMonitor: onCapabilitiesChanged handle=544571576333, mediumType=256, ifName=wlan0
04-09 00:53:16.073 26360 26446 I BugleRcsEngine: Connected state: [1], networkType: [WIFI] [CONTEXT thread_id=85 ]
04-09 00:53:16.073 26360 26483 I BugleRcsEngine: handleMessage processing message:[NOTIFY_UPTIME_IGNORE_STATE_CHANGED] with [non-null]:RcsEngineImpl reference [CONTEXT log_prefix="RcsEngineImpl[DUAL_REG]:[a87b8c49-74e9]>Handler" thread_id=89 ]
04-09 00:53:16.078 26360 26483 I BugleRcsEngine: Cannot use CS.apk as it's battery optimized [CONTEXT thread_id=89 ]
04-09 00:53:16.096  2184  8806 I ClipboardServiceI: checkProviderWakePathForClipboard: primaryClip is null
04-09 00:53:16.096  2184  8806 I SmartPower: com.google.android.apps.messaging/10167(26457): idle->background(280270ms) R(content provider start ContentProviderRecord{ff04af4 u0 com.google.android.apps.messaging/.shared.datamodel.provider.sharedstorage.SharedStorageProvider}) adj=200.
04-09 00:53:16.105  2184  2568 I ExtM    : zram userate is low, no need to flush: 40
04-09 00:53:16.123  1314 21393 I QC2Comp : [avcD_168] Stats: Pending(9) i/p-done(5) Works: Q: 7785/Done 7777|Work-Rate: Q(0.0/s Avg=7.7/s) Done(0.000/s Avg=7.658/s)| Stream: 30.00fps 6.2Mbps
04-09 00:53:16.123  1314 21393 I QC2Comp : Mem-usage:  [In-1D - 15 bufs 44.824 MB] [1D-0 - 10 bufs 0.156 MB] [2D-156 - 18 bufs 49.781 MB]
04-09 00:53:16.123  1314 21393 I QC2Comp : Total Mem-usage: 94.762 MB
04-09 00:53:16.130 25935 25935 E FileUtils: err write to mi_exception_log
04-09 00:53:16.130  1296  1296 E vendor.qti.hardware.perf@2.2-service: Unknown params
04-09 00:53:16.131  1296  1296 E ANDR-PERF-DATA-POOL: EventDataPool is Full
04-09 00:53:16.131  1296  1296 E ANDR-PERF-MPCTL: perf request submission limit reached.
04-09 00:53:16.131 25935 25935 I Capacitor/Console: File:  - Line 349 - Msg: [object Object]
04-09 00:53:16.139 25935 25935 V Capacitor/Plugin: To native (Capacitor plugin): callbackId: 4562827, pluginId: ScreenTime, methodName: consumePendingNavigation
04-09 00:53:16.139 25935 25935 V Capacitor: callback: 4562827, pluginId: ScreenTime, methodName: consumePendingNavigation, methodData: {}
04-09 00:53:16.141 25935 26087 D BlearnScreenTime: consume_pending_navigation_empty
04-09 00:53:16.143 26360 26483 I BugleRcsEngine: Rcs is enabled from user settings: true [CONTEXT log_prefix="ProvisioningEngineDataRetriever" thread_id=89 ]
04-09 00:53:16.160   640   640 I lowmemorykiller: Kill 'com.android.htmlviewer' (20187), uid 10109, oom_score_adj 975 to free 73116kB rss, 30700kB swap; reason: cw
04-09 00:53:16.169  2184  2595 I ActivityManager: Killing 26115:com.android.camera/u0a87 (adj 600): MiuiMemoryService(recent-provider)
04-09 00:53:16.176  2184  2595 I libc    : kill: send 9 to pid 26115 real pid 26115
04-09 00:53:16.176 25935 25935 I Capacitor/Console: File:  - Line 333 - Msg: undefined
04-09 00:53:16.177 25935 25935 D BlearnAccessibility: event: com.android.systemui type=2048
04-09 00:53:16.179 25935 25935 D BlearnAccessibility: skip: package outside conservative text allowlist com.android.systemui
04-09 00:53:16.183  2184  2566 I libc    : kill: send 9 to pid -26115 real pid -26115
04-09 00:53:16.183  2184  2566 I libc    : kill: send 9 to pid 26115 real pid 26115
04-09 00:53:16.185  1296  1296 E vendor.qti.hardware.perf@2.2-service: Unknown params
04-09 00:53:16.185  1296  1296 E vendor.qti.hardware.perf@2.2-service: Unknown params
04-09 00:53:16.185  1296  1296 E vendor.qti.hardware.perf@2.2-service: Unknown params
04-09 00:53:16.185  1296  1296 E ANDR-PERF-DATA-POOL: EventDataPool is Full
04-09 00:53:16.185  1296  1296 E ANDR-PERF-MPCTL: perf request submission limit reached.
04-09 00:53:16.188  2184  2566 I libc    : kill: send 9 to pid -26115 real pid -26115
04-09 00:53:16.189  2184  2566 I libc    : kill: send 9 to pid 26115 real pid 26115
04-09 00:53:16.194  2184  2566 I libc    : kill: send 9 to pid -26115 real pid -26115
04-09 00:53:16.194  2184  2566 I libc    : kill: send 9 to pid 26115 real pid 26115
04-09 00:53:16.198  4073  4073 D ArtChoreographerMonitor: invoke error.
04-09 00:53:16.200  2184  2566 I libc    : kill: send 9 to pid -26115 real pid -26115
04-09 00:53:16.200  2184  2566 I libc    : kill: send 9 to pid 26115 real pid 26115
04-09 00:53:16.206  2184  8807 I ActivityManager: Process com.android.htmlviewer (pid 20187) has died: cch+75 CEM 
04-09 00:53:16.206   640   640 D lowmemorykiller: Ignoring critical pressure event; kill already in progress
04-09 00:53:16.207   976   976 I Zygote  : Process 20187 exited due to signal 9 (Killed)
04-09 00:53:16.208  1296  1296 E vendor.qti.hardware.perf@2.2-service: Unknown params
04-09 00:53:16.208  1296  1296 E vendor.qti.hardware.perf@2.2-service: Unknown params
04-09 00:53:16.208  1296  1296 E vendor.qti.hardware.perf@2.2-service: Unknown params
04-09 00:53:16.208  1296  1296 E ANDR-PERF-DATA-POOL: EventDataPool is Full
04-09 00:53:16.208  1296  1296 E ANDR-PERF-MPCTL: perf request submission limit reached.
04-09 00:53:16.208   640   640 I lowmemorykiller: Kill 'com.google.android.cellbroadcastreceiver' (31675), uid 10221, oom_score_adj 975 to free 68872kB rss, 36404kB swap; reason: cw
04-09 00:53:16.209  2184  3118 E ProcessManager: error write exception log
04-09 00:53:16.210  2184  2566 I libc    : kill: send 9 to pid -26115 real pid -26115
04-09 00:53:16.210  2184  2566 I libc    : kill: send 9 to pid 26115 real pid 26115
04-09 00:53:16.211 31703 31718 I IPCThreadState: oneway function results for code 3 on binder at 0xb400007272733760 will be dropped but finished with status UNKNOWN_TRANSACTION
04-09 00:53:16.212  8105 23384 I IPCThreadState: oneway function results for code 3 on binder at 0xb4000072723f1040 will be dropped but finished with status UNKNOWN_TRANSACTION
04-09 00:53:16.216  2184  2566 I libc    : kill: send 9 to pid -26115 real pid -26115
04-09 00:53:16.216  2184  2566 I libc    : kill: send 9 to pid 26115 real pid 26115
04-09 00:53:16.217  2184  2922 I MiuiNetworkPolicy: updateUidState uid = 10087, uidState = 19
04-09 00:53:16.222  2184  2566 I libc    : kill: send 9 to pid -26115 real pid -26115
04-09 00:53:16.222  2184  2566 I libc    : kill: send 9 to pid 26115 real pid 26115
04-09 00:53:16.229  1296  1296 E vendor.qti.hardware.perf@2.2-service: Unknown params
04-09 00:53:16.229   976   976 I Zygote  : Process 26115 exited due to signal 9 (Killed)
04-09 00:53:16.229 25935 25935 D BlearnOverlay: overlay hidden
04-09 00:53:16.229  1296  1296 E vendor.qti.hardware.perf@2.2-service: Unknown params
04-09 00:53:16.229  1296  1296 E vendor.qti.hardware.perf@2.2-service: Unknown params
04-09 00:53:16.229  1296  1296 E ANDR-PERF-DATA-POOL: EventDataPool is Full
04-09 00:53:16.229  1296  1296 E ANDR-PERF-MPCTL: perf request submission limit reached.
04-09 00:53:16.230  2184  3118 E ProcessManager: error write exception log
04-09 00:53:16.235  8105 23384 I IPCThreadState: oneway function results for code 3 on binder at 0xb4000072723f1040 will be dropped but finished with status UNKNOWN_TRANSACTION
04-09 00:53:16.235 31703 31718 I IPCThreadState: oneway function results for code 3 on binder at 0xb400007272733760 will be dropped but finished with status UNKNOWN_TRANSACTION
04-09 00:53:16.237  2184  2566 I libc    : kill: send 9 to pid -26115 real pid -26115
04-09 00:53:16.237  2184  2566 I libprocessgroup: Successfully killed process cgroup uid 10087 pid 26115 in 56ms
04-09 00:53:16.241  2184  2296 D DisplayManagerService: Drop pending events for gone uid 10087
04-09 00:53:16.243  2184  2566 I libc    : kill: send 9 to pid -20187 real pid -20187
04-09 00:53:16.244  2184  2566 I libprocessgroup: Successfully killed process cgroup uid 10109 pid 20187 in 0ms
04-09 00:53:16.246  2184  2922 I MiuiNetworkPolicy: removeUidState uid = 10087
04-09 00:53:16.246  2184  2296 I NetworkBoostStatusManager: onUidGone uid: 10087
04-09 00:53:16.246  2184  3983 I SLM-SRV-SLSAppLib: SLM_Ai_Mode EVENT_CHECK_GMAE_AI_MODE_STATUS
04-09 00:53:16.246  2184  3983 I SLM-SRV-SLSAppLib: SLM_Ai_Mode checkGameAiModeStatus mGameAiModeCloudControl:false mLinkTurboAiModeSwitch:false mGameAiModeInterfaceReady:false mGameStartBattle:false powerMgrGameUid:0
04-09 00:53:16.255  2184  4175 I ActivityManager: Process com.google.android.cellbroadcastreceiver (pid 31675) has died: cch+65 CEM 
04-09 00:53:16.255  2184  2566 I libc    : kill: send 9 to pid -31675 real pid -31675
04-09 00:53:16.255  2184  2566 I libprocessgroup: Successfully killed process cgroup uid 10221 pid 31675 in 0ms
04-09 00:53:16.256   976   976 I Zygote  : Process 31675 exited due to signal 9 (Killed)
04-09 00:53:16.256  1296  1296 E vendor.qti.hardware.perf@2.2-service: Unknown params
04-09 00:53:16.256  1296  1296 E vendor.qti.hardware.perf@2.2-service: Unknown params
04-09 00:53:16.256  1296  1296 E vendor.qti.hardware.perf@2.2-service: Unknown params
04-09 00:53:16.256  1296  1296 E ANDR-PERF-DATA-POOL: EventDataPool is Full
04-09 00:53:16.256  1296  1296 E ANDR-PERF-MPCTL: perf request submission limit reached.
04-09 00:53:16.256  2184  3118 E ProcessManager: error write exception log
04-09 00:53:16.256  8105 23384 I IPCThreadState: oneway function results for code 3 on binder at 0xb4000072723f1040 will be dropped but finished with status UNKNOWN_TRANSACTION
04-09 00:53:16.257 31703 31718 I IPCThreadState: oneway function results for code 3 on binder at 0xb400007272733760 will be dropped but finished with status UNKNOWN_TRANSACTION
04-09 00:53:16.257  2184  2296 D DisplayManagerService: Drop pending events for gone uid 10221
04-09 00:53:16.258  2184  2296 I NetworkBoostStatusManager: onUidGone uid: 10221
04-09 00:53:16.258  2184  2922 I MiuiNetworkPolicy: removeUidState uid = 10221
04-09 00:53:16.258  2184  3983 I SLM-SRV-SLSAppLib: SLM_Ai_Mode EVENT_CHECK_GMAE_AI_MODE_STATUS
04-09 00:53:16.258  2184  3983 I SLM-SRV-SLSAppLib: SLM_Ai_Mode checkGameAiModeStatus mGameAiModeCloudControl:false mLinkTurboAiModeSwitch:false mGameAiModeInterfaceReady:false mGameStartBattle:false powerMgrGameUid:0
04-09 00:53:16.303 25935 25935 E FileUtils: err write to mi_exception_log
04-09 00:53:16.310 25935 25935 D BlearnAccessibility: event: app.blearn.mobile type=2048
04-09 00:53:16.310 25935 25935 D BlearnAccessibility: skip: own package
04-09 00:53:16.428 25935 25935 I Capacitor/Console: File:  - Line 349 - Msg: [object Object]
04-09 00:53:16.449 25935 25935 V Capacitor/Plugin: To native (Capacitor plugin): callbackId: 4562828, pluginId: ScreenTime, methodName: consumePendingNavigation
04-09 00:53:16.449 25935 25935 V Capacitor: callback: 4562828, pluginId: ScreenTime, methodName: consumePendingNavigation, methodData: {}
04-09 00:53:16.451 25935 26087 D BlearnScreenTime: consume_pending_navigation_empty
04-09 00:53:16.500 25935 25935 I Capacitor/Console: File:  - Line 333 - Msg: undefined
04-09 00:53:16.539  4878 22338 I NearbySharing: Network state changed: NetworkState(isRestricted=false, isOnline=true, isCongested=false, isMetered=false, isWifiConnected=true)
04-09 00:53:16.668  1375  2437 D AF::Track: interceptBuffer: took 722us to intercept 0 tracks
04-09 00:53:16.747 25935 25935 I Capacitor/Console: File:  - Line 349 - Msg: [object Object]
04-09 00:53:16.775 25935 25935 V Capacitor/Plugin: To native (Capacitor plugin): callbackId: 4562829, pluginId: ScreenTime, methodName: consumePendingNavigation
04-09 00:53:16.775 25935 25935 V Capacitor: callback: 4562829, pluginId: ScreenTime, methodName: consumePendingNavigation, methodData: {}
04-09 00:53:16.776 25935 26087 D BlearnScreenTime: consume_pending_navigation_empty
04-09 00:53:16.823 15853 15892 I TRuntime.CctTransportBackend: Status Code: 200
04-09 00:53:16.832  2184  2568 I ExtM    : zram userate is low, no need to flush: 39
04-09 00:53:16.833  2184  8806 I whetstone.activity: Power Event callback listener is empty for resId=256
04-09 00:53:16.834  2184  8806 D BatteryStatsManagerStub: notifyEvent for resId=256 used 0ms
04-09 00:53:16.834 25935 25935 I Capacitor/Console: File:  - Line 333 - Msg: undefined
04-09 00:53:16.834 25935 25935 D BlearnAccessibility: event: app.blearn.mobile type=2048
04-09 00:53:16.834 25935 25935 D BlearnAccessibility: skip: own package
04-09 00:53:16.842  2184  2922 I MiuiNetworkPolicy: updateUidState uid = 99032, uidState = 10
04-09 00:53:16.844  2184  2922 I MiuiNetworkPolicy: updateUidState uid = 10518, uidState = 10
04-09 00:53:16.848  2184  2922 I MiuiNetworkPolicy: updateUidState uid = 10518, uidState = 15
04-09 00:53:16.936  2184  2568 I ExtM    : zram userate is low, no need to flush: 39
04-09 00:53:16.994 15853 16193 D AudioTrackImpl: [audioTrackData][mute] 37s(f:485 m:37038 s:265 k:39039 z:0) : pid 15853 uid 10518 sessionId 889 sr 48000 ch 2 fmt 1
04-09 00:53:17.017 15853 16193 D AudioTrackImpl: [audioTrackData][zero] 56s(f:0 m:0 s:0 k:0 z:56007) : pid 15853 uid 10518 sessionId 897 sr 48000 ch 2 fmt 1
04-09 00:53:17.073 25935 25935 I Capacitor/Console: File:  - Line 349 - Msg: [object Object]
04-09 00:53:17.098 25935 25935 V Capacitor/Plugin: To native (Capacitor plugin): callbackId: 4562830, pluginId: ScreenTime, methodName: consumePendingNavigation
04-09 00:53:17.099 25935 25935 V Capacitor: callback: 4562830, pluginId: ScreenTime, methodName: consumePendingNavigation, methodData: {}
04-09 00:53:17.100 25935 26087 D BlearnScreenTime: consume_pending_navigation_empty
04-09 00:53:17.143 25935 25935 I Capacitor/Console: File:  - Line 333 - Msg: undefined
04-09 00:53:17.144  2184  2568 I ExtM    : zram userate is low, no need to flush: 39
04-09 00:53:17.354 25935 25935 D BlearnAccessibility: event: app.blearn.mobile type=2048
04-09 00:53:17.355 25935 25935 D BlearnAccessibility: skip: own package
04-09 00:53:17.357  2184  2922 I MiuiNetworkPolicy: updateUidState uid = 99032, uidState = 15
04-09 00:53:17.379 25935 25935 I Capacitor/Console: File:  - Line 349 - Msg: [object Object]
04-09 00:53:17.394 25935 25935 V Capacitor/Plugin: To native (Capacitor plugin): callbackId: 4562831, pluginId: ScreenTime, methodName: consumePendingNavigation
04-09 00:53:17.394 25935 25935 V Capacitor: callback: 4562831, pluginId: ScreenTime, methodName: consumePendingNavigation, methodData: {}
04-09 00:53:17.395 25935 26087 D BlearnScreenTime: consume_pending_navigation_empty
04-09 00:53:17.434 25935 25935 I Capacitor/Console: File:  - Line 333 - Msg: undefined
04-09 00:53:17.663 25935 25935 I Capacitor/Console: File:  - Line 349 - Msg: [object Object]
04-09 00:53:17.677 25935 25935 V Capacitor/Plugin: To native (Capacitor plugin): callbackId: 4562832, pluginId: ScreenTime, methodName: consumePendingNavigation
04-09 00:53:17.677 25935 25935 V Capacitor: callback: 4562832, pluginId: ScreenTime, methodName: consumePendingNavigation, methodData: {}
04-09 00:53:17.679 25935 26087 D BlearnScreenTime: consume_pending_navigation_empty
04-09 00:53:17.715 25935 25935 I Capacitor/Console: File:  - Line 333 - Msg: undefined
04-09 00:53:17.773 25935 25935 D BlearnAccessibility: event: app.blearn.mobile type=2048
04-09 00:53:17.774 25935 25935 D BlearnAccessibility: skip: own package
04-09 00:53:17.783  2184  3148 I SmartPower: com.suno.android/10518(15853): background->idle(3001ms) R(service create com.suno.android/com.google.android.datatransport.runtime.scheduling.jobscheduling.JobInfoSchedulerService) adj=700.
04-09 00:53:17.913  4878 15263 I NearbyFastPair: (REDACTED) SassLogger_endSassSession: shouldUploadCurrent=%s
04-09 00:53:17.926  4878 15263 I NearbyFastPair: (REDACTED) SassLogger: [%s] Switch to %s ended
04-09 00:53:17.966 25935 25935 I Capacitor/Console: File:  - Line 349 - Msg: [object Object]
04-09 00:53:17.983 25935 25935 V Capacitor/Plugin: To native (Capacitor plugin): callbackId: 4562833, pluginId: ScreenTime, methodName: consumePendingNavigation
04-09 00:53:17.983 25935 25935 V Capacitor: callback: 4562833, pluginId: ScreenTime, methodName: consumePendingNavigation, methodData: {}
04-09 00:53:17.984 25935 26087 D BlearnScreenTime: consume_pending_navigation_empty
04-09 00:53:17.994 15853 16193 D AudioTrackImpl: [audioTrackData][mute] 38s(f:485 m:38039 s:265 k:40040 z:0) : pid 15853 uid 10518 sessionId 889 sr 48000 ch 2 fmt 1
04-09 00:53:18.017 25935 25935 I Capacitor/Console: File:  - Line 333 - Msg: undefined
04-09 00:53:18.017 15853 16193 D AudioTrackImpl: [audioTrackData][zero] 57s(f:0 m:0 s:0 k:0 z:57008) : pid 15853 uid 10518 sessionId 897 sr 48000 ch 2 fmt 1
04-09 00:53:18.258 25935 25935 I Capacitor/Console: File:  - Line 349 - Msg: [object Object]
04-09 00:53:18.276 25935 25935 V Capacitor/Plugin: To native (Capacitor plugin): callbackId: 4562834, pluginId: ScreenTime, methodName: consumePendingNavigation
04-09 00:53:18.276 25935 25935 V Capacitor: callback: 4562834, pluginId: ScreenTime, methodName: consumePendingNavigation, methodData: {}
04-09 00:53:18.278 25935 26087 D BlearnScreenTime: consume_pending_navigation_empty
04-09 00:53:18.294 25935 25935 D BlearnAccessibility: event: app.blearn.mobile type=2048
04-09 00:53:18.294 25935 25935 D BlearnAccessibility: skip: own package
04-09 00:53:18.310 25935 25935 I Capacitor/Console: File:  - Line 333 - Msg: undefined
04-09 00:53:18.436  2184  8806 D PerfShielderService: app.blearn.mobile|app.blearn.mobile/app.blearn.mobile.BlockingOverlayActivity|2883|35423157098778|176|5|120
04-09 00:53:18.437  7444  7453 W MiuiPerfServiceClient: interceptAndQueuing:25935|app.blearn.mobile|2883|176|35423157098778|Slow issue draw commands|120
04-09 00:53:18.486  1382  1796 D MI-SF   : mIsSupportAutomodeForMaxFpsSetting is 0(0), getCurrentBrightness() = 898(328), mIsKeepAutoMode 0
04-09 00:53:18.486  1382  1796 D RefreshRateSelector: fixedMode_group: 0, isFindModeGroup 0
04-09 00:53:18.486  1382  1796 D RefreshRateSelector: find max refresh rate:120, mode Group:0
04-09 00:53:18.537  2184  2922 I MiuiNetworkPolicy: updateUidState uid = 10118, uidState = 19
04-09 00:53:18.555 25935 25935 I Capacitor/Console: File:  - Line 349 - Msg: [object Object]
04-09 00:53:18.570 25935 25935 V Capacitor/Plugin: To native (Capacitor plugin): callbackId: 4562835, pluginId: ScreenTime, methodName: consumePendingNavigation
04-09 00:53:18.571 25935 25935 V Capacitor: callback: 4562835, pluginId: ScreenTime, methodName: consumePendingNavigation, methodData: {}
04-09 00:53:18.572 25935 26087 D BlearnScreenTime: consume_pending_navigation_empty
04-09 00:53:18.601 25935 25935 I Capacitor/Console: File:  - Line 333 - Msg: undefined
04-09 00:53:18.670  7813 25833 V ContactsTaskScheduler: [ContactsPackageMonitor] Thread[Worker-32,5,main] stopping...
04-09 00:53:18.780 25935 25935 D BlearnAccessibility: event: app.blearn.mobile type=2048
04-09 00:53:18.780 25935 25935 D BlearnAccessibility: skip: own package
04-09 00:53:18.853 25935 25935 I Capacitor/Console: File:  - Line 349 - Msg: [object Object]
04-09 00:53:18.871 25935 25935 V Capacitor/Plugin: To native (Capacitor plugin): callbackId: 4562836, pluginId: ScreenTime, methodName: consumePendingNavigation
04-09 00:53:18.871 25935 25935 V Capacitor: callback: 4562836, pluginId: ScreenTime, methodName: consumePendingNavigation, methodData: {}
04-09 00:53:18.873 25935 26087 D BlearnScreenTime: consume_pending_navigation_empty
04-09 00:53:18.908 25935 25935 I Capacitor/Console: File:  - Line 333 - Msg: undefined
04-09 00:53:18.919  3988  3988 I BluetoothAdapterService: BT_FAST_SCAN MESSAGE_AUDIO_STATE_CHANGED isPlaying true mIsMusicPlaying false
04-09 00:53:18.920  3988  3988 D HeadsetService: isUnderUSdk 34 package com.xiaomi.bluetooth
04-09 00:53:18.920  3988  3988 I BluetoothAdapterService: getActiveDevices: Headset device: null
04-09 00:53:18.920  3988  3988 I BluetoothAdapterService: getActiveDevices: A2DP device: null
04-09 00:53:18.921  3988  3988 I BluetoothAdapterService: BT_FAST_SCAN setPageScanIntervalFast true for music active and havn't active device.
04-09 00:53:18.969  1870  1870 I wificond: station_bandwidth: (
04-09 00:53:18.973  2184  2936 D ConnectivityService: NetReassign [no changes] [c 0] [a 0] [i 1]
04-09 00:53:18.996 15853 16193 D AudioTrackImpl: [audioTrackData][mute] 39s(f:485 m:39040 s:265 k:41041 z:0) : pid 15853 uid 10518 sessionId 889 sr 48000 ch 2 fmt 1
04-09 00:53:19.018 15853 16193 D AudioTrackImpl: [audioTrackData][zero] 58s(f:0 m:0 s:0 k:0 z:58008) : pid 15853 uid 10518 sessionId 897 sr 48000 ch 2 fmt 1
