04-09 00:52:17.665  2184  2507 W ActivityTaskManager: Can't find TaskDisplayArea to determine support for multi window. Task id=14407 attached=false
04-09 00:52:17.665  4110  4595 D EventBus: No subscribers registered for event class com.miui.home.recents.messages.RecentTasksChangedEvent
04-09 00:52:17.665  4110  4595 D EventBus: No subscribers registered for event class org.greenrobot.eventbus.NoSubscriberEvent
04-09 00:52:17.666  4073  4317 D MiuiFullScreenTaskRepository: removeFullScreenTask taskId=14407, topActivity=null
04-09 00:52:17.666  4073  4317 D MiuiWindowDecorViewModel: destroyWindowDecoration: taskId=14407, windowingMode=1, mWindowDecorByTaskId.size()=0, callers=com.android.wm.shell.fullscreen.FullscreenTaskListener.onTaskVanished:143 com.android.wm.shell.ShellTaskOrganizer.onTaskVanished:138 android.window.TaskOrganizer$1.lambda$onTaskVanished$5:391 android.window.TaskOrganizer$1.$r8$lambda$cnLAmEuLf_BQ_jFuhQbGGs5ghXo:0 android.window.TaskOrganizer$1$$ExternalSyntheticLambda14.run:4 
04-09 00:52:17.666  4110 15473 D EventBus: No subscribers registered for event class com.miui.home.recents.messages.RecentTasksChangedEvent
04-09 00:52:17.666  4110 15473 D EventBus: No subscribers registered for event class org.greenrobot.eventbus.NoSubscriberEvent
04-09 00:52:17.668  2184  2561 I ActivityManager: Force stopping app.blearn.mobile appid=10030 user=-1: installPackageLI
04-09 00:52:17.668 30667 30667 W WindowOnBackDispatcher: sendCancelIfRunning: isInProgress=falsecallback=android.view.ViewRootImpl$$ExternalSyntheticLambda23@181a082
04-09 00:52:17.669  4110  4626 W RecentsModel: getRunningTask   taskInfo=TaskInfo{userId=0 taskId=14404 displayId=0 isRunning=true baseIntent=Intent { flg=0x10000000 cmp=app.blearn.mobile/.MainActivity } baseActivity=ComponentInfo{app.blearn.mobile/app.blearn.mobile.MainActivity} topActivity=ComponentInfo{app.blearn.mobile/app.blearn.mobile.MainActivity} origActivity=null realActivity=ComponentInfo{app.blearn.mobile/app.blearn.mobile.MainActivity} numActivities=1 lastActiveTime=97408890 supportsSplitScreenMultiWindow=true supportsMultiWindow=true resizeMode=1 isResizeable=true minWidth=-1 minHeight=-1 defaultMinSize=200 token=WCT{android.window.IWindowContainerToken$Stub$Proxy@ad008ba} topActivityType=1 pictureInPictureParams=null shouldDockBigOverlays=false launchIntoPipHostTaskId=-1 lastParentTaskIdBeforePip=-1 displayCutoutSafeInsets=Rect(0, 94 - 0, 0) topActivityInfo=ActivityInfo{718936b app.blearn.mobile.MainActivity} launchCookies=[] positionInParent=Point(0, 0) parentTaskId=-1 isFocused=true isVisible=true isVisibleRequested=true isSleeping=false topActivityInSizeCompat=false topActivityInMiuiSizeCompat=false topActivityEligibleForLetterboxEducation= false topActivityLetterboxed= false isFromDoubleTap= false topActivityLetterboxVerticalPosition= -1 topActivityLetterboxHorizontalPosition= -1 topActivityLetterboxWidth=-1 topActivityLetterboxHeight=-1 locusId=null displayAreaFeatureId=1 cameraCompatControlState=hidden mIsCastMode=false mTopActivityMediaSize=null mTopActivityRecordName=ActivityRecord{5480875 u0 app.blearn.mobile/.MainActivity t14404} mTopActivityOrientation=-1 mTopActivityWindowIsNowVisible=true isTranslucent=false isEmbedded=false shouldBeVisible=true isImmersive=false mBehindAppLockPkg=null mOriginatingUid=0}
04-09 00:52:17.669  4110  4626 D RecentsModel: preloadRecents runningTaskId:14404, mCurrentRunningTaskId:-1, mRecentsTaskLoadPlan=com.android.systemui.shared.recents.model.RecentsTaskLoadPlan@2238ec8
04-09 00:52:17.669  2184  2767 I PackageManager: Update package app.blearn.mobile code path from /data/app/~~ujuDlE1AMHU9LQD9obZYgw==/app.blearn.mobile-ienFUeZns0v31ZRdr3uJ_g== to /data/app/~~dGnRhIsVFeXOYGdFlEwMQg==/app.blearn.mobile-wHJtkRK7G3CbgSWez2_l2g==; Retain data and using new
04-09 00:52:17.670  2184  2767 I AppsFilter: interaction: PackageSetting{bfc6ae6 com.habitfinesse.app/10555} -> PackageSetting{3d890a9 app.blearn.mobile/10030} BLOCKED
04-09 00:52:17.670  2184  2767 I AppsFilter: interaction: PackageSetting{a402777 com.fido.asm/10104} -> PackageSetting{3d890a9 app.blearn.mobile/10030} BLOCKED
04-09 00:52:17.671  2184  2767 I AppsFilter: interaction: PackageSetting{bfc6ae6 com.habitfinesse.app/10555} -> PackageSetting{32fa500 app.blearn.mobile/10030} BLOCKED
04-09 00:52:17.671  2184  2767 I AppsFilter: interaction: PackageSetting{a402777 com.fido.asm/10104} -> PackageSetting{32fa500 app.blearn.mobile/10030} BLOCKED
04-09 00:52:17.671  2184  3118 E ProcessManager: error write exception log
04-09 00:52:17.671  4110  4626 E ActivityManagerWrapper: get all recent tasks force including 14404
04-09 00:52:17.671  2184  3818 W WindowManager: Failed looking up window session=Session{b462f0d 30667:1000} callers=com.android.server.wm.WindowManagerService.windowForClientLocked:6851 com.android.server.wm.Session.setOnBackInvokedCallbackInfo:966 android.view.IWindowSession$Stub.onTransact:1164 
04-09 00:52:17.671  2184  3818 I WindowManager: setOnBackInvokedCallback(): No window state for package:com.miui.securitycenter
04-09 00:52:17.672  2184  2561 E libprocessgroup: No such cgroup attribute: /sys/fs/cgroup/uid_4294877326/cgroup.freeze
04-09 00:52:17.672  2184  2561 W libprocessgroup: Failed to apply Frozen process profile: No such file or directory
04-09 00:52:17.673  2184  7321 W WindowManager: Cannot find window which accessibility connection is added to
04-09 00:52:17.674  1382  1524 I BpBinder: onLastStrongRef automatically unlinking death recipients: 
04-09 00:52:17.674  2184  8708 W WindowManager: Failed looking up window session=Session{b462f0d 30667:1000} callers=com.android.server.wm.WindowManagerService.windowForClientLocked:6851 com.android.server.wm.WindowManagerService.removeWindow:2423 com.android.server.wm.Session.remove:248 
04-09 00:52:17.681  4110  4626 E ActivityManagerWrapper: getRecentTasksForceIncludingTaskIdIfValid: getRecentTasks: size=10
04-09 00:52:17.681  4110  4626 E ActivityManagerWrapper:  mainTaskId=14404   userId=0   windowMode=1   baseIntent=Intent { act=null flag=268435456 cmp=ComponentInfo{app.blearn.mobile/app.blearn.mobile.MainActivity} }
04-09 00:52:17.681  4110  4626 E ActivityManagerWrapper:  mainTaskId=14407   userId=0   windowMode=1   baseIntent=Intent { act=android.intent.action.VIEW flag=411041792 cmp=ComponentInfo{com.miui.securitycenter/com.miui.permcenter.install.AdbInstallActivity} }
04-09 00:52:17.681  4110  4626 E ActivityManagerWrapper:  mainTaskId=14406   userId=0   windowMode=1   baseIntent=Intent { act=null flag=813760512 cmp=ComponentInfo{app.blearn.mobile/app.blearn.mobile.BlockingOverlayActivity} }
04-09 00:52:17.681  4110  4626 E ActivityManagerWrapper:  mainTaskId=14389   userId=0   windowMode=1   baseIntent=Intent { act=android.intent.action.MAIN flag=270532608 cmp=ComponentInfo{com.suno.android/com.suno.android.MainActivity} }
04-09 00:52:17.681  4110  4626 E ActivityManagerWrapper:  mainTaskId=14394   userId=0   windowMode=1   baseIntent=Intent { act=android.settings.ACCESSIBILITY_SETTINGS flag=268435456 cmp=ComponentInfo{com.android.settings/com.android.settings.accessibility.MiuiAccessibilitySettingsActivity} }
04-09 00:52:17.681  4110  4626 E ActivityManagerWrapper:  mainTaskId=14383   userId=0   windowMode=1   baseIntent=Intent { act=null flag=268435456 cmp=ComponentInfo{com.whatsapp/com.whatsapp.home.ui.HomeActivity} }
04-09 00:52:17.681  4110  4626 E ActivityManagerWrapper:  mainTaskId=14372   userId=0   windowMode=1   baseIntent=Intent { act=android.intent.action.MAIN flag=335544320 cmp=ComponentInfo{com.android.deskclock/com.android.deskclock.DeskClockTabActivity} }
04-09 00:52:17.681  4110  4626 E ActivityManagerWrapper:  mainTaskId=14359   userId=0   windowMode=1   baseIntent=Intent { act=android.intent.action.MAIN flag=269549568 cmp=ComponentInfo{com.s_payment.mobiles_bezahlen/de.starfinanz.payment.MainActivity} }
04-09 00:52:17.681  4110  4626 E ActivityManagerWrapper:  mainTaskId=14342   userId=0   windowMode=1   baseIntent=Intent { act=null flag=369098752 cmp=ComponentInfo{com.google.android.googlequicksearchbox/com.google.android.apps.search.assistant.surfaces.voice.robin.main.MainActivity} }
04-09 00:52:17.681  4110  4626 E ActivityManagerWrapper:  mainTaskId=14336   userId=0   windowMode=1   baseIntent=Intent { act=android.intent.action.MAIN flag=270532608 cmp=ComponentInfo{com.google.android.apps.maps/com.google.android.maps.MapsActivity} }
04-09 00:52:17.681  2184  2767 I PermissionManager: Permission ownership changed. Updating all permissions.
04-09 00:52:17.682  4110  4626 D WorldCirculate: getWorldCirculateInfo, taskInfo.baseIntent=Intent { act=android.settings.ACCESSIBILITY_SETTINGS flg=0x10000000 cmp=com.android.settings/.accessibility.MiuiAccessibilitySettingsActivity }, displayId=-1, but get Display failed
04-09 00:52:17.683 24685 24685 D BlearnAccessibility: event: com.miui.securitycenter type=2048
04-09 00:52:17.684  4110  4626 D RecentsModel: onTaskStackChangedBackground    MSG_TASK_STACK_CHANGE
04-09 00:52:17.745  2184  2767 D PermissionManager: writeLegacyPermissionState for user  in 5 ms.
04-09 00:52:17.782 12404 12478 I HeavyPackageIdentify: splitMode: false, splitPackages: null, foregroundPkg: app.blearn.mobile
04-09 00:52:17.807  2184  2277 W system_server: Long monitor contention with owner android.fg (2296) at com.android.server.pm.Computer com.android.server.pm.PackageManagerService.snapshotComputer(boolean)(PackageManagerService.java:1230) waiters=0 in com.android.server.pm.Computer com.android.server.pm.PackageManagerService.snapshotComputer(boolean) for 131ms
04-09 00:52:17.809 24685 24685 E FileUtils: err write to mi_exception_log
04-09 00:52:17.809  2184  2561 I ActivityManager: Killing 24685:app.blearn.mobile/u0a30 (adj 0): stop app.blearn.mobile due to installPackageLI
04-09 00:52:17.810  2184  7321 W system_server: Long monitor contention with owner android.fg (2296) at com.android.server.pm.Computer com.android.server.pm.PackageManagerService.snapshotComputer(boolean)(PackageManagerService.java:1230) waiters=3 in com.android.server.pm.Computer com.android.server.pm.PackageManagerService.snapshotComputer(boolean) for 126ms
04-09 00:52:17.811  2184  2561 I libc    : kill: send 9 to pid 24685 real pid 24685
04-09 00:52:17.812  2184  2561 I libc    : kill: send 9 to pid -24685 real pid -24685
04-09 00:52:17.812  2184  2561 I libc    : kill: send 9 to pid 24685 real pid 24685
04-09 00:52:17.812  2184  2296 D DisplayManagerService: Drop pending events for gone uid 10030
04-09 00:52:17.813  2184  2296 I NetworkBoostStatusManager: onUidGone uid: 10030
04-09 00:52:17.813  2184  2922 I MiuiNetworkPolicy: removeUidState uid = 10030
04-09 00:52:17.813  2184  2296 W Looper  : Slow dispatch took 140ms android.fg h=com.android.server.am.ActivityManagerService$FgHandler c=com.android.server.am.UidObserverController$$ExternalSyntheticLambda0@fa50671 m=0
04-09 00:52:17.813  2184  3983 I SLM-SRV-SLSAppLib: SLM_Ai_Mode EVENT_CHECK_GMAE_AI_MODE_STATUS
04-09 00:52:17.813  2184  3983 I SLM-SRV-SLSAppLib: SLM_Ai_Mode checkGameAiModeStatus mGameAiModeCloudControl:false mLinkTurboAiModeSwitch:false mGameAiModeInterfaceReady:false mGameStartBattle:false powerMgrGameUid:0
04-09 00:52:17.814 24789 24789 I cr_ChildProcessService: Destroying ChildProcessService pid=24789
04-09 00:52:17.815 24789 24789 I ocessService0:0: System.exit called, status: 0
04-09 00:52:17.815 24789 24789 I AndroidRuntime: VM exiting with result code 0, cleanup skipped.
04-09 00:52:17.815  4110  4626 W RecentsModel: getRunningTask   taskInfo=TaskInfo{userId=0 taskId=14404 displayId=0 isRunning=true baseIntent=Intent { flg=0x10000000 cmp=app.blearn.mobile/.MainActivity } baseActivity=ComponentInfo{app.blearn.mobile/app.blearn.mobile.MainActivity} topActivity=ComponentInfo{app.blearn.mobile/app.blearn.mobile.MainActivity} origActivity=null realActivity=ComponentInfo{app.blearn.mobile/app.blearn.mobile.MainActivity} numActivities=1 lastActiveTime=97409033 supportsSplitScreenMultiWindow=true supportsMultiWindow=true resizeMode=1 isResizeable=true minWidth=-1 minHeight=-1 defaultMinSize=200 token=WCT{android.window.IWindowContainerToken$Stub$Proxy@554eb61} topActivityType=1 pictureInPictureParams=null shouldDockBigOverlays=false launchIntoPipHostTaskId=-1 lastParentTaskIdBeforePip=-1 displayCutoutSafeInsets=Rect(0, 94 - 0, 0) topActivityInfo=ActivityInfo{2e5f686 app.blearn.mobile.MainActivity} launchCookies=[] positionInParent=Point(0, 0) parentTaskId=-1 isFocused=true isVisible=true isVisibleRequested=true isSleeping=false topActivityInSizeCompat=false topActivityInMiuiSizeCompat=false topActivityEligibleForLetterboxEducation= false topActivityLetterboxed= false isFromDoubleTap= false topActivityLetterboxVerticalPosition= -1 topActivityLetterboxHorizontalPosition= -1 topActivityLetterboxWidth=-1 topActivityLetterboxHeight=-1 locusId=null displayAreaFeatureId=1 cameraCompatControlState=hidden mIsCastMode=false mTopActivityMediaSize=null mTopActivityRecordName=ActivityRecord{5480875 u0 app.blearn.mobile/.MainActivity t14404} mTopActivityOrientation=-1 mTopActivityWindowIsNowVisible=true isTranslucent=false isEmbedded=false shouldBeVisible=true isImmersive=false mBehindAppLockPkg=null mOriginatingUid=0}
04-09 00:52:17.815  4110  4626 D RecentsModel: preloadRecents runningTaskId:14404, mCurrentRunningTaskId:-1, mRecentsTaskLoadPlan=com.android.systemui.shared.recents.model.RecentsTaskLoadPlan@eaafb47
04-09 00:52:17.819  2184  2184 W WindowMagnificationMgr: requestConnection duplicated request: connect=false, mConnectionState=DISCONNECTED
04-09 00:52:17.820  4110  4626 E ActivityManagerWrapper: get all recent tasks force including 14404
04-09 00:52:17.820  2184  2561 D SchedBoost: com.google.android.webview:sandboxed_process0:org.chromium.content.app.SandboxedProcessService0:0 boosting, skip reset priority
04-09 00:52:17.820  2184  2561 I ActivityManager: Killing 24789:com.google.android.webview:sandboxed_process0:org.chromium.content.app.SandboxedProcessService0:0/u0a30i44 (adj 0): isolated not needed
04-09 00:52:17.821  2184  2561 I libc    : kill: send 9 to pid 24789 real pid 24789
04-09 00:52:17.821  2184  2566 I libc    : kill: send 9 to pid -24789 real pid -24789
04-09 00:52:17.821  2184  2566 I libprocessgroup: Successfully killed process cgroup uid 99044 pid 24789 in 0ms
04-09 00:52:17.822  1296  1296 E vendor.qti.hardware.perf@2.2-service: Unknown params
04-09 00:52:17.822  1296  1296 E vendor.qti.hardware.perf@2.2-service: Unknown params
04-09 00:52:17.822  1296  1296 E vendor.qti.hardware.perf@2.2-service: Unknown params
04-09 00:52:17.822  1296  1296 E ANDR-PERF-DATA-POOL: EventDataPool is Full
04-09 00:52:17.822  1296  1296 E ANDR-PERF-MPCTL: perf request submission limit reached.
04-09 00:52:17.824 31703 32184 I IPCThreadState: oneway function results for code 3 on binder at 0xb400007272733760 will be dropped but finished with status UNKNOWN_TRANSACTION
04-09 00:52:17.824  8105 23384 I IPCThreadState: oneway function results for code 3 on binder at 0xb4000072723f1040 will be dropped but finished with status UNKNOWN_TRANSACTION
04-09 00:52:17.826  1296  1296 E vendor.qti.hardware.perf@2.2-service: Unknown params
04-09 00:52:17.826  1296  1296 E ANDR-PERF-DATA-POOL: EventDataPool is Full
04-09 00:52:17.826  1296  1296 E ANDR-PERF-MPCTL: perf request submission limit reached.
04-09 00:52:17.827  2184  2561 W ActivityTaskManager: Force removing ActivityRecord{66746fa u0 app.blearn.mobile/.BlockingOverlayActivity t14406 f}}: app died, no saved state
04-09 00:52:17.828  2184  2561 W InputManager-JNI: Input channel object 'eed3a03 app.blearn.mobile/app.blearn.mobile.BlockingOverlayActivity (client)' was disposed without first being removed with the input manager!
04-09 00:52:17.832  4110  4626 E ActivityManagerWrapper: getRecentTasksForceIncludingTaskIdIfValid: getRecentTasks: size=10
04-09 00:52:17.832  4110  4626 E ActivityManagerWrapper:  mainTaskId=14404   userId=0   windowMode=1   baseIntent=Intent { act=null flag=268435456 cmp=ComponentInfo{app.blearn.mobile/app.blearn.mobile.MainActivity} }
04-09 00:52:17.832  4110  4626 E ActivityManagerWrapper:  mainTaskId=14407   userId=0   windowMode=1   baseIntent=Intent { act=android.intent.action.VIEW flag=411041792 cmp=ComponentInfo{com.miui.securitycenter/com.miui.permcenter.install.AdbInstallActivity} }
04-09 00:52:17.832  4110  4626 E ActivityManagerWrapper:  mainTaskId=14406   userId=0   windowMode=1   baseIntent=Intent { act=null flag=813760512 cmp=ComponentInfo{app.blearn.mobile/app.blearn.mobile.BlockingOverlayActivity} }
04-09 00:52:17.832  4110  4626 E ActivityManagerWrapper:  mainTaskId=14389   userId=0   windowMode=1   baseIntent=Intent { act=android.intent.action.MAIN flag=270532608 cmp=ComponentInfo{com.suno.android/com.suno.android.MainActivity} }
04-09 00:52:17.832  4110  4626 E ActivityManagerWrapper:  mainTaskId=14394   userId=0   windowMode=1   baseIntent=Intent { act=android.settings.ACCESSIBILITY_SETTINGS flag=268435456 cmp=ComponentInfo{com.android.settings/com.android.settings.accessibility.MiuiAccessibilitySettingsActivity} }
04-09 00:52:17.832  4110  4626 E ActivityManagerWrapper:  mainTaskId=14383   userId=0   windowMode=1   baseIntent=Intent { act=null flag=268435456 cmp=ComponentInfo{com.whatsapp/com.whatsapp.home.ui.HomeActivity} }
04-09 00:52:17.832  4110  4626 E ActivityManagerWrapper:  mainTaskId=14372   userId=0   windowMode=1   baseIntent=Intent { act=android.intent.action.MAIN flag=335544320 cmp=ComponentInfo{com.android.deskclock/com.android.deskclock.DeskClockTabActivity} }
04-09 00:52:17.832  4110  4626 E ActivityManagerWrapper:  mainTaskId=14359   userId=0   windowMode=1   baseIntent=Intent { act=android.intent.action.MAIN flag=269549568 cmp=ComponentInfo{com.s_payment.mobiles_bezahlen/de.starfinanz.payment.MainActivity} }
04-09 00:52:17.832  4110  4626 E ActivityManagerWrapper:  mainTaskId=14342   userId=0   windowMode=1   baseIntent=Intent { act=null flag=369098752 cmp=ComponentInfo{com.google.android.googlequicksearchbox/com.google.android.apps.search.assistant.surfaces.voice.robin.main.MainActivity} }
04-09 00:52:17.832  4110  4626 E ActivityManagerWrapper:  mainTaskId=14336   userId=0   windowMode=1   baseIntent=Intent { act=android.intent.action.MAIN flag=270532608 cmp=ComponentInfo{com.google.android.apps.maps/com.google.android.maps.MapsActivity} }
04-09 00:52:17.833  4110  4626 D WorldCirculate: getWorldCirculateInfo, taskInfo.baseIntent=Intent { act=android.settings.ACCESSIBILITY_SETTINGS flg=0x10000000 cmp=com.android.settings/.accessibility.MiuiAccessibilitySettingsActivity }, displayId=-1, but get Display failed
04-09 00:52:17.833  5900  5900 I SafetyCenterAccessibilityListener: accessibility event occurred, safety center feature not enabled.
04-09 00:52:17.837  2184  2561 W ActivityTaskManager: Force removing ActivityRecord{5480875 u0 app.blearn.mobile/.MainActivity t14404 f}}: app died, no saved state
04-09 00:52:17.837  2184  2561 D WindowManager: Requesting StartTransition: TransitionRecord{143a7af id=502 type=CLOSE flags=0x0}
04-09 00:52:17.838  2184  2561 D WindowManager: Collecting in transition 502: Task{787f07b #14404 type=standard A=10030:app.blearn.mobile} init visibleRequested:true
04-09 00:52:17.839  2184  2561 D WindowManager: Collecting in transition 502: ActivityRecord{5480875 u0 app.blearn.mobile/.MainActivity t14404 f}} init visibleRequested:false
04-09 00:52:17.840  2184  2561 D WindowManager: wms.Input focus has changed to null display=0 updateInputWindows = true
04-09 00:52:17.840  2184  2561 I MultiSenceManagerInternalStub: getInstance
04-09 00:52:17.840  2184  2837 W UsageStatsService: Unexpected activity event reported! (app.blearn.mobile/app.blearn.mobile.BlockingOverlayActivity event : 23 instanceId : 238743201)
04-09 00:52:17.840  2184  2561 D PerfStubImpl: perfWarmLaunchBoost: com.suno.android, -1, 1
04-09 00:52:17.845  1296  1296 E vendor.qti.hardware.perf@2.2-service: Unknown params
04-09 00:52:17.845  1296  1296 E vendor.qti.hardware.perf@2.2-service: Unknown params
04-09 00:52:17.845  1296  1296 E ANDR-PERF-DATA-POOL: EventDataPool is Full
04-09 00:52:17.845  1296  1296 E ANDR-PERF-MPCTL: perf request submission limit reached.
04-09 00:52:17.846  2184  2561 D WindowManager: Collecting in transition 502: ActivityRecord{6633a83 u0 com.suno.android/.MainActivity t14389} init visibleRequested:false
04-09 00:52:17.847  2184  2561 I SmartPower: com.suno.android/10518(15853): idle->invisible(169766ms) R(become foreground) adj=900.
04-09 00:52:17.848  2184  2561 D WindowManager: Collecting in transition 502: ActivityRecord{6633a83 u0 com.suno.android/.MainActivity t14389} init visibleRequested:true
04-09 00:52:17.848 15853 15853 I ForceDarkHelperStubImpl: setViewRootImplForceDark: false for com.suno.android.MainActivity@badd5dd, reason: AppDarkModeEnable
04-09 00:52:17.851  2184  2561 W ActivityTaskManager: Can't find TaskDisplayArea to determine support for multi window. Task id=14406 attached=false
04-09 00:52:17.853  2184  8496 D WindowManager: Set transition=TransitionRecord{143a7af id=502 type=CLOSE flags=0x0}, ready=true, SyncId=502 
04-09 00:52:17.854  4073  4317 D MiuiFullScreenTaskRepository: removeFullScreenTask taskId=14406, topActivity=null
04-09 00:52:17.854  2184  2501 D Aurogon :  uid = 10518 switch to FG
04-09 00:52:17.854  4073  4317 D MiuiWindowDecorViewModel: destroyWindowDecoration: taskId=14406, windowingMode=1, mWindowDecorByTaskId.size()=0, callers=com.android.wm.shell.fullscreen.FullscreenTaskListener.onTaskVanished:143 com.android.wm.shell.ShellTaskOrganizer.onTaskVanished:138 android.window.TaskOrganizer$1.lambda$onTaskVanished$5:391 android.window.TaskOrganizer$1.$r8$lambda$cnLAmEuLf_BQ_jFuhQbGGs5ghXo:0 android.window.TaskOrganizer$1$$ExternalSyntheticLambda14.run:4 
04-09 00:52:17.855  2184  2561 W ProcessStats: Tracking association SourceState{56dc307 com.xiaomi.mi_connect_service/1000 Fgs #102895} whose proc state 3 is better than process ProcessState{a840aea com.xiaomi.bluetooth/1002 pkg=com.xiaomi.bluetooth} proc state 8 (100 skipped)
04-09 00:52:17.855  2184  2561 E libprocessgroup: No such cgroup attribute: /sys/fs/cgroup/uid_4294877326/cgroup.freeze
04-09 00:52:17.855  2184  2561 W libprocessgroup: Failed to apply Unfrozen process profile: No such file or directory
04-09 00:52:17.855  4073  4317 D MiuiFullScreenTaskRepository: removeFocusedTask displayId=0
04-09 00:52:17.855  4073  4317 D MiuiFullScreenTaskRepository: addOrUpdateFullScreenTaskInfo taskId=14404, topActivity=null
04-09 00:52:17.855  4073  4317 D MiuiFullScreenTaskRepository: addOrUpdateFullScreenTaskInfo taskId=14389, topActivity=ComponentInfo{com.suno.android/com.suno.android.MainActivity}
04-09 00:52:17.855  4110 15473 D EventBus: No subscribers registered for event class com.miui.home.recents.messages.RecentTasksChangedEvent
04-09 00:52:17.855  4110 15473 D EventBus: No subscribers registered for event class org.greenrobot.eventbus.NoSubscriberEvent
04-09 00:52:17.856  4110  4626 D RecentsModel: onTaskStackChangedBackground    MSG_TASK_STACK_CHANGE
04-09 00:52:17.857  9679 16327 D PerfEngineController: ForegroundInfo{mForegroundPackageName='com.suno.android', mForegroundUid=10518, mForegroundPid=15853, mLastForegroundPackageName='app.blearn.mobile', mLastForegroundUid=10030, mLastForegroundPid=24685, mMultiWindowForegroundPackageName='null', mMultiWindowForegroundUid=-1, mFlags=0}
04-09 00:52:17.857  2184  3118 I NetworkBoostStatusManager: onForegroundInfoChanged uid:10518, isColdStart:false
04-09 00:52:17.857  2184  3118 I SLM-SRV-SLAToast: foreground uid:10518, isColdStart:false, isLinkTurboEnable:false
04-09 00:52:17.857  8105 23384 D PMonitor:  onForegroundActivitiesChanged:pid = 15853,activity-uid=10518,foregroundActivities=true
04-09 00:52:17.857  2184  3118 D NetworkSDKService: handleMultiAppsDualWifi isSet = false isEverOpened = false
04-09 00:52:17.857  3988 21118 D MiuiBluetoothLatencyMode: ForegroundInfo{mForegroundPackageName='com.suno.android', mForegroundUid=10518, mForegroundPid=15853, mLastForegroundPackageName='app.blearn.mobile', mLastForegroundUid=10030, mLastForegroundPid=24685, mMultiWindowForegroundPackageName='null', mMultiWindowForegroundUid=-1, mFlags=0}
04-09 00:52:17.857  3988 21118 E bt_btif : btif_get_adapter_property : invalid type 246
04-09 00:52:17.857  3988 21118 E BluetoothAdapterService: getActiveDevices: LeAudioService is null
04-09 00:52:17.857  3988 21118 D MiuiBluetoothLatencyMode: ActiveProfile: -1
04-09 00:52:17.857  3988 19609 D MiuiBluetoothLatencyMode: onForegroundActivitiesChanged, pid: 15853 uid: 10518 foregroundActivities: true
04-09 00:52:17.857  8508 30390 I ProcessMonitor: onForegroundInfoChanged: ForegroundInfo{mForegroundPackageName='com.suno.android', mForegroundUid=10518, mForegroundPid=15853, mLastForegroundPackageName='app.blearn.mobile', mLastForegroundUid=10030, mLastForegroundPid=24685, mMultiWindowForegroundPackageName='null', mMultiWindowForegroundUid=-1, mFlags=0}
04-09 00:52:17.858  8508 30390 I GameBoosterService: onForegroundInfoChanged: Cur=com.suno.android	 last=app.blearn.mobile
04-09 00:52:17.858  8508 25039 D x1      : myUserId = 0	currentUserId0
04-09 00:52:17.858  4110  4626 W RecentsModel: getRunningTask   taskInfo=TaskInfo{userId=0 taskId=14389 displayId=0 isRunning=true baseIntent=Intent { act=android.intent.action.MAIN cat=[android.intent.category.LAUNCHER] flg=0x10200000 cmp=com.suno.android/.MainActivity } baseActivity=ComponentInfo{com.suno.android/com.suno.android.MainActivity} topActivity=ComponentInfo{com.suno.android/com.suno.android.MainActivity} origActivity=null realActivity=ComponentInfo{com.suno.android/com.suno.android.MainActivity} numActivities=1 lastActiveTime=97409079 supportsSplitScreenMultiWindow=true supportsMultiWindow=true resizeMode=1 isResizeable=true minWidth=-1 minHeight=-1 defaultMinSize=200 token=WCT{android.window.IWindowContainerToken$Stub$Proxy@746cf74} topActivityType=1 pictureInPictureParams=null shouldDockBigOverlays=false launchIntoPipHostTaskId=-1 lastParentTaskIdBeforePip=-1 displayCutoutSafeInsets=null topActivityInfo=ActivityInfo{413dc9d com.suno.android.MainActivity} launchCookies=[] positionInParent=Point(0, 0) parentTaskId=-1 isFocused=false isVisible=false isVisibleRequested=true isSleeping=false topActivityInSizeCompat=false topActivityInMiuiSizeCompat=false topActivityEligibleForLetterboxEducation= false topActivityLetterboxed= false isFromDoubleTap= false topActivityLetterboxVerticalPosition= -1 topActivityLetterboxHorizontalPosition= -1 topActivityLetterboxWidth=-1 topActivityLetterboxHeight=-1 locusId=null displayAreaFeatureId=1 cameraCompatControlState=hidden mIsCastMode=false mTopActivityMediaSize=null mTopActivityRecordName=ActivityRecord{6633a83 u0 com.suno.android/.MainActivity t14389} mTopActivityOrientation=1 mTopActivityWindowIsNowVisible=false isTranslucent=false isEmbedded=false shouldBeVisible=true isImmersive=false mBehindAppLockPkg=null mOriginatingUid=0}
04-09 00:52:17.858  4110  4626 D RecentsModel: preloadRecents runningTaskId:14389, mCurrentRunningTaskId:-1, mRecentsTaskLoadPlan=com.android.systemui.shared.recents.model.RecentsTaskLoadPlan@81af512
04-09 00:52:17.858 12404 32386 I GST     : forePkg: com.suno.android, preForePkg: app.blearn.mobile
04-09 00:52:17.858  8508 30390 D GameBoosterService: onGameStatusChange foreground:ForegroundInfo{mForegroundPackageName='com.suno.android', mForegroundUid=10518, mForegroundPid=15853, mLastForegroundPackageName='app.blearn.mobile', mLastForegroundUid=10030, mLastForegroundPid=24685, mMultiWindowForegroundPackageName='null', mMultiWindowForegroundUid=-1, mFlags=0}
04-09 00:52:17.858  8508 30390 I VideoBoxUtils: isSupportVideoBox: true
04-09 00:52:17.859  8508 30390 I VideoToolBoxService: splitMode: onfalse
04-09 00:52:17.859  4110  4626 E ActivityManagerWrapper: get all recent tasks force including 14389
04-09 00:52:17.860 12404 32386 D VENUS_GAMEAI_START_GameAiStartManager: ķ½śĶāĮµŚČÕł╗µ£¬Õ«ēĶŻģ
04-09 00:52:17.867 15853 16084 D AppScoutStateMachine: 15853-ScoutStateMachinecreated
04-09 00:52:17.867  1382  1382 I BpBinder: onLastStrongRef automatically unlinking death recipients: 
04-09 00:52:17.866  2184  4769 I BLASTSyncEngine: SyncGroup 502:  Unfinished container:ActivityRecord{6633a83 u0 com.suno.android/.MainActivity t14389}
04-09 00:52:17.868  2184  4769 I BLASTSyncEngine: isActivitySyncFinished isSyncFinished false ActivityRecord{6633a83 u0 com.suno.android/.MainActivity t14389}
04-09 00:52:17.872 13110 13110 I adbd    : Remote process closed the socket (on MSG_PEEK)
04-09 00:52:17.873  2184  8498 I ImeTracker: app.blearn.mobile:50b4051a: onRequestHide at ORIGIN_SERVER_HIDE_INPUT reason HIDE_REMOVE_CLIENT
04-09 00:52:17.874  2184  8498 I ImeTracker: app.blearn.mobile:50b4051a: onCancelled at PHASE_SERVER_SHOULD_HIDE
04-09 00:52:17.875  9679  9718 D MirrorManager:  sendAcceptInput 0 0
04-09 00:52:17.876   976   976 I Zygote  : Process 24685 exited due to signal 9 (Killed)
04-09 00:52:17.876  2184  2561 D WindowManager: Set transition=TransitionRecord{143a7af id=502 type=CLOSE flags=0x0}, ready=true, SyncId=502 
04-09 00:52:17.879  2184  2507 I BLASTSyncEngine: SyncGroup 502:  Unfinished container:ActivityRecord{6633a83 u0 com.suno.android/.MainActivity t14389}
04-09 00:52:17.879  2184  2507 I BLASTSyncEngine: isActivitySyncFinished isSyncFinished false ActivityRecord{6633a83 u0 com.suno.android/.MainActivity t14389}
04-09 00:52:17.880  8508 30390 D FreeformUtil: retrieveFirstNoFreeformRootTaskInfo: windowMode = 1
04-09 00:52:17.880  8508 30390 I VideoToolBoxService: not support vtb. skipExit : false
04-09 00:52:17.880  8508 30390 I BeautyService: onForegroundInfoChanged: Cur=com.suno.android	 last=app.blearn.mobile
04-09 00:52:17.881  2184  4365 I WindowManager: WIN DEATH: Window{1e609a6 u0 app.blearn.mobile/app.blearn.mobile.MainActivity}
04-09 00:52:17.882  2184  4365 W InputManager-JNI: Input channel object '1e609a6 app.blearn.mobile/app.blearn.mobile.MainActivity (client)' was disposed without first being removed with the input manager!
04-09 00:52:17.885 15853 15853 I AppVisibilityProxy: onAppEnteredForeground
04-09 00:52:17.885 15853 15853 D [Purchases] - DEBUG: Ōä╣’ĖÅ App foregrounded
04-09 00:52:17.886 15853 15946 D [Purchases] - DEBUG: Ōä╣’ĖÅ Checking if cache is stale AppInBackground false
04-09 00:52:17.886 15853 15946 D [Purchases] - DEBUG: Ōä╣’ĖÅ Checking if cache is stale AppInBackground false
04-09 00:52:17.886 15853 15946 D [Purchases] - DEBUG: Ōä╣’ĖÅ Updating pending purchase queue
04-09 00:52:17.886 15853 15946 D [Purchases] - DEBUG: Ōä╣’ĖÅ Found 0 unsynced attributes for App User ID: 603913c0-5523-4a24-be01-fb4ad690036c
04-09 00:52:17.886 15853 15946 D [Purchases] - DEBUG: Ōä╣’ĖÅ No subscriber attributes to synchronize.
04-09 00:52:17.886 15853 15947 D [Purchases] - DEBUG: Ōä╣’ĖÅ Querying purchases
04-09 00:52:17.886 15853 15853 D FirebaseSessions: App foregrounded on com.suno.android
04-09 00:52:17.891 15853 16193 I Surface : Surface::setFrameRate is deprecated, setFrameRate hint is dropped as destination is not SurfaceFlinger
04-09 00:52:17.891 15853 16193 D AudioTrack: start(530): prior state:STATE_PAUSED
04-09 00:52:17.891  1375  1464 D AF::Track: setFadeIn isFadeNeeded = 0
04-09 00:52:17.891 15853 16084 I AudioTrackImpl: before scaleVolumeForVideo L:0.000000 R:0.000000 and the pakage is com.suno.android
04-09 00:52:17.891 15853 16084 I AudioTrack: AudioTrack::setVolume L:0.000000 R:0.000000 sessionid=889
04-09 00:52:17.892  2184  2958 D AudioServiceStubImpl: onUpdateMediaState mediaActive=false
04-09 00:52:17.893  3988  4885 D Avrcp_ext: AudioManager Player: AudioPlaybackConfiguration piid:103 deviceId:0 type:android.media.SoundPool u/pid:1000/2184 state:idle attr:AudioAttributes: usage=USAGE_ASSISTANCE_SONIFICATION content=CONTENT_TYPE_SONIFICATION flags=0x800 tags= bundle=null sessionId:0 mutedState:none  FormatInfo{isSpatialized=false, channelMask=0x0, sampleRate=0}
04-09 00:52:17.893  3988  4885 D Avrcp_ext: AudioManager Player: AudioPlaybackConfiguration piid:647 deviceId:0 type:android.media.SoundPool u/pid:1027/7465 state:idle attr:AudioAttributes: usage=USAGE_ASSISTANCE_SONIFICATION content=CONTENT_TYPE_SONIFICATION flags=0x800 tags= bundle=null sessionId:0 mutedState:none  FormatInfo{isSpatialized=false, channelMask=0x0, sampleRate=0}
04-09 00:52:17.893  3988  4885 D Avrcp_ext: AudioManager Player: AudioPlaybackConfiguration piid:871 deviceId:0 type:android.media.SoundPool u/pid:10115/9030 state:started attr:AudioAttributes: usage=USAGE_ASSISTANCE_SONIFICATION content=CONTENT_TYPE_SONIFICATION flags=0x800 tags= bundle=null sessionId:0 mutedState:none  FormatInfo{isSpatialized=false, channelMask=0x0, sampleRate=0}
04-09 00:52:17.894  3988  3988 I BluetoothAdapterService: BT_FAST_SCAN AudioManager isPlaying: true mIsMusicPlaying false
04-09 00:52:17.894  3988  3988 I BluetoothAdapterService: BT_FAST_SCAN AudioManager change audio state after 3S
04-09 00:52:17.894  3988  4885 D Avrcp_ext: AudioManager Player in started state: com.android.deskclock
04-09 00:52:17.894  3988  4885 D Avrcp_ext: AudioManager Active Player: com.android.deskclock
04-09 00:52:17.894  3988  4885 D Avrcp_ext: AudioManager Player: AudioPlaybackConfiguration piid:1063 deviceId:0 type:android.media.AudioTrack u/pid:10518/15853 state:idle attr:AudioAttributes: usage=USAGE_MEDIA content=CONTENT_TYPE_UNKNOWN flags=0xA00 tags= bundle=null sessionId:897 mutedState:none  FormatInfo{isSpatialized=false, channelMask=0x0, sampleRate=0}
04-09 00:52:17.894  3988  4885 D Avrcp_ext: AudioManager Player: AudioPlaybackConfiguration piid:143 deviceId:0 type:android.media.MediaPlayer u/pid:10338/18348 state:idle attr:AudioAttributes: usage=USAGE_UNKNOWN content=CONTENT_TYPE_UNKNOWN flags=0x800 tags= bundle=null sessionId:129 mutedState:none  FormatInfo{isSpatialized=false, channelMask=0x0, sampleRate=0}
04-09 00:52:17.894  3988  4885 D Avrcp_ext: AudioManager Player: AudioPlaybackConfiguration piid:239 deviceId:0 type:android.media.SoundPool u/pid:10082/4110 state:idle attr:AudioAttributes: usage=USAGE_ASSISTANCE_SONIFICATION content=CONTENT_TYPE_SONIFICATION flags=0x800 tags= bundle=null sessionId:0 mutedState:none  FormatInfo{isSpatialized=false, channelMask=0x0, sampleRate=0}
04-09 00:52:17.894  3988  4885 D Avrcp_ext: AudioManager Player: AudioPlaybackConfiguration piid:1071 deviceId:0 type:android.media.AudioTrack u/pid:10518/15853 state:started attr:AudioAttributes: usage=USAGE_MEDIA content=CONTENT_TYPE_UNKNOWN flags=0xA00 tags= bundle=null sessionId:889 mutedState:clientVolume  FormatInfo{isSpatialized=false, channelMask=0x3, sampleRate=48000}
04-09 00:52:17.894  3988  4885 D Avrcp_ext: AudioManager Player: AudioPlaybackConfiguration piid:119 deviceId:0 type:android.media.SoundPool u/pid:1000/4073 state:idle attr:AudioAttributes: usage=USAGE_ASSISTANCE_SONIFICATION content=CONTENT_TYPE_SONIFICATION flags=0x800 tags= bundle=null sessionId:0 mutedState:none  FormatInfo{isSpatialized=false, channelMask=0x0, sampleRate=0}
04-09 00:52:17.895  4878 19377 I NearbyDiscovery: (REDACTED) ActiveMediaSessionManager: Find a trigger event! %s
04-09 00:52:17.895  4878 19377 I NearbyDiscovery: ConnectionSwitchManager: enableOnSightRunnable no need to enable onSight callback because not an outgoing call [CONTEXT service_id=265 ]
04-09 00:52:17.895  4878 19377 I NearbyFastPair: (REDACTED) NearbyDeviceManager: setOnSightCallback to %s
04-09 00:52:17.895  4878 19377 I NearbyDiscovery: (REDACTED) [trigger-id=PlcoA5A8AE36, feature-id=Sass] ConnectionSwitchManager: Received %s, try to switch
04-09 00:52:17.896  1375  1982 W AudioFlinger: The package name(android) provided does not correspond to the uid 1041
04-09 00:52:17.896  2184  4365 I BLASTSyncEngine: SyncGroup 502:  Unfinished container:ActivityRecord{6633a83 u0 com.suno.android/.MainActivity t14389}
04-09 00:52:17.896  2184  4365 I BLASTSyncEngine: isActivitySyncFinished isSyncFinished false ActivityRecord{6633a83 u0 com.suno.android/.MainActivity t14389}
04-09 00:52:17.896  3988  4885 D Avrcp_ext: AudioManager isPlaying: true, mAudioPlaybackIsActive: true, isMusiActive: false
04-09 00:52:17.901  2184  4175 D ActivityManager: checkAllowBackground: uid=10518 pkg=com.suno.android rec=UidRecord{2fee656 u0a518 TOP  change:active|uncached|procstate|procadj procs:0 seq(523456,523445)} caps=LCMNFU always=false idle=false
04-09 00:52:17.903  2184  4175 D ActivityManager: checkAllowBackground: uid=1000 pkg=android rec=UidRecord{37d5426 1000 PER  fgServices change:procadj procs:0 seq(523541,523333)} caps=LCMNFU always=false idle=false
04-09 00:52:17.907  4878 10237 I NearbyDiscovery: (REDACTED) [trigger-id=Tcae981E6B29, feature-id=Tcsw] FastPair: ConnectionSwitchManager not trigger triangle with %s
04-09 00:52:17.907  4878 10237 I NearbyDiscovery: (REDACTED) [trigger-id=SaeAC701A8A, feature-id=Sass] ConnectionSwitchManager: [%s] Switch request received because of an audio event
04-09 00:52:17.908  4110  4626 E ActivityManagerWrapper: getRecentTasksForceIncludingTaskIdIfValid: getRecentTasks: size=10
04-09 00:52:17.908  4110  4626 E ActivityManagerWrapper:  mainTaskId=14389   userId=0   windowMode=1   baseIntent=Intent { act=android.intent.action.MAIN flag=270532608 cmp=ComponentInfo{com.suno.android/com.suno.android.MainActivity} }
04-09 00:52:17.908  4110  4626 E ActivityManagerWrapper:  mainTaskId=14404   userId=0   windowMode=1   baseIntent=Intent { act=null flag=268435456 cmp=ComponentInfo{app.blearn.mobile/app.blearn.mobile.MainActivity} }
04-09 00:52:17.908  4110  4626 E ActivityManagerWrapper:  mainTaskId=14407   userId=0   windowMode=1   baseIntent=Intent { act=android.intent.action.VIEW flag=411041792 cmp=ComponentInfo{com.miui.securitycenter/com.miui.permcenter.install.AdbInstallActivity} }
04-09 00:52:17.908  4110  4626 E ActivityManagerWrapper:  mainTaskId=14406   userId=0   windowMode=1   baseIntent=Intent { act=null flag=813760512 cmp=ComponentInfo{app.blearn.mobile/app.blearn.mobile.BlockingOverlayActivity} }
04-09 00:52:17.908  4110  4626 E ActivityManagerWrapper:  mainTaskId=14394   userId=0   windowMode=1   baseIntent=Intent { act=android.settings.ACCESSIBILITY_SETTINGS flag=268435456 cmp=ComponentInfo{com.android.settings/com.android.settings.accessibility.MiuiAccessibilitySettingsActivity} }
04-09 00:52:17.908  4110  4626 E ActivityManagerWrapper:  mainTaskId=14383   userId=0   windowMode=1   baseIntent=Intent { act=null flag=268435456 cmp=ComponentInfo{com.whatsapp/com.whatsapp.home.ui.HomeActivity} }
04-09 00:52:17.908  4110  4626 E ActivityManagerWrapper:  mainTaskId=14372   userId=0   windowMode=1   baseIntent=Intent { act=android.intent.action.MAIN flag=335544320 cmp=ComponentInfo{com.android.deskclock/com.android.deskclock.DeskClockTabActivity} }
04-09 00:52:17.908  4110  4626 E ActivityManagerWrapper:  mainTaskId=14359   userId=0   windowMode=1   baseIntent=Intent { act=android.intent.action.MAIN flag=269549568 cmp=ComponentInfo{com.s_payment.mobiles_bezahlen/de.starfinanz.payment.MainActivity} }
04-09 00:52:17.908  4110  4626 E ActivityManagerWrapper:  mainTaskId=14342   userId=0   windowMode=1   baseIntent=Intent { act=null flag=369098752 cmp=ComponentInfo{com.google.android.googlequicksearchbox/com.google.android.apps.search.assistant.surfaces.voice.robin.main.MainActivity} }
04-09 00:52:17.908  4110  4626 E ActivityManagerWrapper:  mainTaskId=14336   userId=0   windowMode=1   baseIntent=Intent { act=android.intent.action.MAIN flag=270532608 cmp=ComponentInfo{com.google.android.apps.maps/com.google.android.maps.MapsActivity} }
04-09 00:52:17.908  4878 10237 I NearbyDiscovery: [trigger-id=SaeAC701A8A, feature-id=Sass] ConnectionSwitchManager: Sass will not be triggered because no sass candidate is available, but it may get triggered if a device is available soon [CONTEXT service_id=265 ]
04-09 00:52:17.908  4878 10237 I NearbyDiscovery: ConnectionSwitchManager: enableOnSightRunnable no need to enable onSight callback because not an outgoing call [CONTEXT service_id=265 ]
04-09 00:52:17.908  4878 15263 I NearbyFastPair: (REDACTED) SassLogger_startSassSession: %s, %s, %s
04-09 00:52:17.909  4878 15263 I NearbyFastPair: (REDACTED) SassLogSession_initSession: %s, %s, %s, isNewUser=%s, fromApi=%s
04-09 00:52:17.910  4110  4110 D RecentsImpl: mActivityStateObserver com.suno.android.MainActivity
04-09 00:52:17.911  4110  4110 W RecentsImpl: onResumed className=com.suno.android.MainActivity   mIsInAnotherPro=false   isKeyguardLocked=false   mIsStatusBarExpansion=false   mSecuritySpaceGuideShown=false
04-09 00:52:17.911  4073  4840 D MiuiFreeformModeObserver: activityResumed() intent’╝Ü Intent { cmp=com.suno.android/.MainActivity (has extras) }
04-09 00:52:17.912  2184  8805 W WindowManager: Cannot find window which accessibility connection is added to
04-09 00:52:17.915  1103  1259 I EffectsFactory: EffectCreate() create_effect
04-09 00:52:17.915  4110  4626 D WorldCirculate: getWorldCirculateInfo, taskInfo.baseIntent=Intent { act=android.settings.ACCESSIBILITY_SETTINGS flg=0x10000000 cmp=com.android.settings/.accessibility.MiuiAccessibilitySettingsActivity }, displayId=-1, but get Display failed
04-09 00:52:17.916  4073  4073 E FileUtils: err write to mi_exception_log
04-09 00:52:17.918  1375  2445 D AudioFlinger: updateWakeLockUids_l AudioOut_15 uids:
04-09 00:52:17.919  1296  1296 E vendor.qti.hardware.perf@2.2-service: Unknown params
04-09 00:52:17.919  1296  1296 E vendor.qti.hardware.perf@2.2-service: Unknown params
04-09 00:52:17.919  1296  1296 E vendor.qti.hardware.perf@2.2-service: Unknown params
04-09 00:52:17.919  1296  1296 E ANDR-PERF-DATA-POOL: EventDataPool is Full
04-09 00:52:17.919  1296  1296 E ANDR-PERF-MPCTL: perf request submission limit reached.
04-09 00:52:17.919  1103 23152 E volume_listener: check_and_set_gain_dep_cal: Failed to set gain dep cal level
04-09 00:52:17.920  3885  3885 I Zygote  : Process 24789 exited cleanly (0)
04-09 00:52:17.921  1103  1259 D audio_hw_primary: out_set_parameters: enter: usecase(0: deep-buffer-playback) kvpairs: appname=+com.suno.android
04-09 00:52:17.922  1103  1259 D audio_hw_primary: out_set_parameters: [hal_apptype] cannot find app type [+com.suno.android], return !
04-09 00:52:17.922 31703 32184 I IPCThreadState: oneway function results for code 3 on binder at 0xb400007272733760 will be dropped but finished with status UNKNOWN_TRANSACTION
04-09 00:52:17.922  8105 23384 I IPCThreadState: oneway function results for code 3 on binder at 0xb4000072723f1040 will be dropped but finished with status UNKNOWN_TRANSACTION
04-09 00:52:17.923  1375  1982 D APM_AudioPolicyManager: startOutput() output 21, stream 3, session 889, portId 530, appname com.suno.android, uid 10518
04-09 00:52:17.924  1103  1259 D DlbDlbEffect: effectCommand(handle=0xf5e6c740, cmdCode=1, cmdSize=64, pCmdData=0xf60fcbd0, replySize=4, pReplyData=0xf60fcb8c)
04-09 00:52:17.924  1103  1259 D DlbDlbEffect: handle_EFFECT_CMD_SET_CONFIG()
04-09 00:52:17.929  1103  1259 V EffectMiSound: MiSound_command() start, cmdCode=20
04-09 00:52:17.929  1103  1259 V EffectMiSound: MiSound_Command EFFECT_CMD_OFFLOAD
04-09 00:52:17.929  1103 26743 V EffectMiSound: MiSound_command() start, cmdCode=1
04-09 00:52:17.929  1103 26743 V EffectMiSound: MiSound_setConfig start
04-09 00:52:17.930  1103 23152 V EffectMiSound: MiSound_command() start, cmdCode=1
04-09 00:52:17.930  1103 23152 V EffectMiSound: MiSound_setConfig start
04-09 00:52:17.930  1103 25835 V EffectMiSound: MiSound_command() start, cmdCode=9
04-09 00:52:17.930  1103 25835 V EffectMiSound: MiSound_Command EFFECT_CMD_SET_DEVICE: 0x00000002
04-09 00:52:17.930  1103  7858 V EffectMiSound: MiSound_command() start, cmdCode=11
04-09 00:52:17.930  1103  7858 V EffectMiSound: MiSound_Command EFFECT_CMD_SET_AUDIO_MODE: 0
04-09 00:52:17.931  1103  7857 D DlbDlbEffect: effectCommand(handle=0xf5e6c740, cmdCode=5, cmdSize=20, pCmdData=0xf5d7e808, replySize=4, pReplyData=0xf5dc3e50)
04-09 00:52:17.931  1103  7857 D DlbDlbEffect: handle_EFFECT_CMD_SET_PARAM()
04-09 00:52:17.931  1103  7857 V DlbDapEffectContext: setParam() received parameter EFFECT_PARAM_SKIP_HARD_BYPASS
04-09 00:52:17.931  1103  7857 V DlbEffectQdspDap: setPreferredOffType()
04-09 00:52:17.931  1103  7857 D DlbQdspGefDriver: setPreferredOffType(type=2)
04-09 00:52:17.931  1103 14952 D DlbDlbEffect: effectCommand(handle=0xf5e6c740, cmdCode=4, cmdSize=0, pCmdData=0x0, replySize=4, pReplyData=0xf5dc6b68)
04-09 00:52:17.931  1103 14952 D DlbDlbEffect: handle_EFFECT_CMD_DISABLE()
04-09 00:52:17.931  1103 14952 V DlbEffectQdspDap: setEnabled()
04-09 00:52:17.931  1103 14952 V DlbEffectQdspDap: updateEnabled(enabled=0, bypassed=0)
04-09 00:52:17.931  1103 14952 D DlbQdspGefDriver: setEnabled(enable=0)
04-09 00:52:17.931  1103 14952 D DlbQdspGefDriver: setEnabled(): Skip the transient enabled state 0
04-09 00:52:17.931  1103  1258 D DlbDlbEffect: effectCommand(handle=0xf5e6c740, cmdCode=20, cmdSize=8, pCmdData=0xf5dc6bb8, replySize=4, pReplyData=0xf5dc62e8)
04-09 00:52:17.931  1103  1258 D DlbDlbEffect: handle_EFFECT_CMD_OFFLOAD(offload=0, ioHandle=21)
04-09 00:52:17.932  1103  1103 D DlbDlbEffect: effectCommand(handle=0xf5e6c740, cmdCode=1, cmdSize=64, pCmdData=0xffb45bd0, replySize=4, pReplyData=0xffb45b8c)
04-09 00:52:17.932  1103  1103 D DlbDlbEffect: handle_EFFECT_CMD_SET_CONFIG()
04-09 00:52:17.932  1103  1258 V EffectMiSound: MiSound_command() start, cmdCode=1
04-09 00:52:17.932  1103  1258 V EffectMiSound: MiSound_setConfig start
04-09 00:52:17.932  2184  4365 I BLASTSyncEngine: SyncGroup 502:  Unfinished container:ActivityRecord{6633a83 u0 com.suno.android/.MainActivity t14389}
04-09 00:52:17.932  1103  1258 D DlbDlbEffect: effectCommand(handle=0xf5e6c740, cmdCode=1, cmdSize=64, pCmdData=0xf61fdbd0, replySize=4, pReplyData=0xf61fdb8c)
04-09 00:52:17.932  1103  1258 D DlbDlbEffect: handle_EFFECT_CMD_SET_CONFIG()
04-09 00:52:17.932  2184  4365 I BLASTSyncEngine: isActivitySyncFinished isSyncFinished false ActivityRecord{6633a83 u0 com.suno.android/.MainActivity t14389}
04-09 00:52:17.932  1103  1258 D DlbDlbEffect: effectCommand(handle=0xf5e6c740, cmdCode=9, cmdSize=4, pCmdData=0xf5dc6bb8, replySize=4, pReplyData=0xf5dc62e8)
04-09 00:52:17.932  1103  1258 D DlbDlbEffect: handle_EFFECT_CMD_SET_DEVICE(device=0x00000002)
04-09 00:52:17.932  1103  1258 V DlbDapEffectContext: setDevice(00000002)
04-09 00:52:17.932  1103  1258 V DlbEffectQdspDap: setBypass(bypass = 0)
04-09 00:52:17.932  1103  1258 V DlbEffectQdspDap: setDevice()
04-09 00:52:17.932  1103  1258 D DlbQdspGefDriver: setDevice(device=0x00000002): old device 0x00000002
04-09 00:52:17.933  1243  1243 D DMSService: setActiveDevice called with device = 0x2 (original 0x2)
04-09 00:52:17.933  1103  1258 D DlbDlbEffect: effectCommand(handle=0xf5e6c740, cmdCode=11, cmdSize=4, pCmdData=0xf5dc6bb8, replySize=4, pReplyData=0xf5dc62e8)
04-09 00:52:17.933  1103  1258 V DlbDlbEffect: handle_EFFECT_CMD_SET_AUDIO_MODE(mode=0x00000000)
04-09 00:52:17.933  2184  4365 I whetstone.activity: Power Event callback listener is empty for resId=32
04-09 00:52:17.933  2184  4365 D BatteryStatsManagerStub: notifyEvent for resId=32 used 0ms
04-09 00:52:17.933  1103  1258 D DlbDlbEffect: effectCommand(handle=0xf5e6c740, cmdCode=5, cmdSize=20, pCmdData=0xf5d7dd28, replySize=4, pReplyData=0xf5dc6bb8)
04-09 00:52:17.933  1103  1258 D DlbDlbEffect: handle_EFFECT_CMD_SET_PARAM()
04-09 00:52:17.933  1103  1258 E DlbEffectContext: setParam() received unknown parameter 20
04-09 00:52:17.933  2184  4365 I WindowManager: cancelAnimation removed leash : Surface(name=Surface(name=4910c9c StatusBar#94)/@0x7a81a7a - animation-leash of insets_animation#5212)/@0xce559bd
04-09 00:52:17.934  1103  1258 D DlbDlbEffect: effectCommand(handle=0xf5e6c740, cmdCode=20, cmdSize=8, pCmdData=0xf5dc6bb8, replySize=4, pReplyData=0xf5dc62e8)
04-09 00:52:17.935 15853 15853 W om.suno.android: type=1400 audit(0.0:37973): avc:  denied  { read } for  name="u:object_r:vendor_display_prop:s0" dev="tmpfs" ino=2509 scontext=u:r:untrusted_app:s0:c6,c258,c512,c768 tcontext=u:object_r:vendor_display_prop:s0 tclass=file permissive=0 app=com.suno.android
04-09 00:52:17.935  1103  1259 D DlbDlbEffect: effectCommand(handle=0xf5e6c740, cmdCode=3, cmdSize=0, pCmdData=0x0, replySize=4, pReplyData=0xf5dc3910)
04-09 00:52:17.935  1103  1259 D DlbDlbEffect: handle_EFFECT_CMD_ENABLE()
04-09 00:52:17.935  1103  1259 V DlbEffectQdspDap: setEnabled()
04-09 00:52:17.935  1103  1259 V DlbEffectQdspDap: updateEnabled(enabled=1, bypassed=0)
04-09 00:52:17.935  1103  1259 D DlbQdspGefDriver: setEnabled(enable=1)
04-09 00:52:17.935  1103  1259 D DlbQdspGefDriver: setEnabled(): the enabled state is already 1
04-09 00:52:17.935  2184  4365 I WindowManager: cancelAnimation removed leash : Surface(name=Surface(name=a8c03f0 NavigationBar0#87)/@0xf8813ee - animation-leash of insets_animation#5213)/@0x9839703
04-09 00:52:17.935  1375  1982 D AudioFlinger: moveEffectChain_l: successful move of session 0 from srcThread 0xb4000070b954abc0 to dstThread 0xb4000070a3839980 (2 effects moved, 1 effects started)
04-09 00:52:17.936  1375  1982 D APM_AudioPolicyManager: setOutputDevices output 21 device {AUDIO_DEVICE_OUT_SPEAKER, @:} delayMs 0 force 0 requiresMuteCheck 0
04-09 00:52:17.937  1375  1982 D APM_AudioPolicyManager: setOutputDevices() prevDevice {AUDIO_DEVICE_OUT_SPEAKER, @:}
04-09 00:52:17.937  1375  1982 D APM_AudioPolicyManager: checkAndSetVolume: set volumeSource 4 volume index 70 for device 0x2, volumeDb = -22.722857
04-09 00:52:17.937  2184  4365 D WindowManager: wms.Input focus has changed to Window{345a973 u0 com.suno.android/com.suno.android.MainActivity} display=0 updateInputWindows = true
04-09 00:52:17.937  2184  4365 I MultiSenceManagerInternalStub: getInstance
04-09 00:52:17.938  1375  1981 D AudioFlingerImpl: setGameParameters keyvalue: flags=8;volume_change=7
