04-09 00:52:14.643  1265  1749 E SDM     : HWCSession::GetClientTargetProperty: GetClinetTargetProperty interface enter
04-09 00:52:14.643  1296  1296 E ANDR-PERF-DATA-POOL: EventDataPool is Full
04-09 00:52:14.643  1296  1296 E ANDR-PERF-MPCTL: perf request submission limit reached.
04-09 00:52:14.651  1265  1749 E SDM     : HWCSession::GetClientTargetProperty: GetClinetTargetProperty interface enter
04-09 00:52:14.652  1296  1296 E ANDR-PERF-DATA-POOL: EventDataPool is Full
04-09 00:52:14.652  1296  1296 E ANDR-PERF-MPCTL: perf request submission limit reached.
04-09 00:52:14.652  2184  2506 W AccessibilityWindowsPopulator: Windows change within in 2 frames continuously over 500 ms and notify windows changed immediately
04-09 00:52:14.660  1265  1749 E SDM     : HWCSession::GetClientTargetProperty: GetClinetTargetProperty interface enter
04-09 00:52:14.660  1296  1296 E ANDR-PERF-DATA-POOL: EventDataPool is Full
04-09 00:52:14.660  1296  1296 E ANDR-PERF-MPCTL: perf request submission limit reached.
04-09 00:52:14.668  1265  1749 E SDM     : HWCSession::GetClientTargetProperty: GetClinetTargetProperty interface enter
04-09 00:52:14.668  1296  1296 E ANDR-PERF-DATA-POOL: EventDataPool is Full
04-09 00:52:14.668  1296  1296 E ANDR-PERF-MPCTL: perf request submission limit reached.
04-09 00:52:14.677  1265  1749 E SDM     : HWCSession::GetClientTargetProperty: GetClinetTargetProperty interface enter
04-09 00:52:14.677  1296  1296 E ANDR-PERF-DATA-POOL: EventDataPool is Full
04-09 00:52:14.677  1296  1296 E ANDR-PERF-MPCTL: perf request submission limit reached.
04-09 00:52:14.682 24685 24685 I Capacitor/Console: File:  - Line 349 - Msg: [object Object]
04-09 00:52:14.684 24685 24685 V Capacitor/Plugin: To native (Capacitor plugin): callbackId: 30436800, pluginId: ScreenTime, methodName: consumePendingNavigation
04-09 00:52:14.684 24685 24685 V Capacitor: callback: 30436800, pluginId: ScreenTime, methodName: consumePendingNavigation, methodData: {}
04-09 00:52:14.685  1265  1749 E SDM     : HWCSession::GetClientTargetProperty: GetClinetTargetProperty interface enter
04-09 00:52:14.685  1296  1296 E ANDR-PERF-DATA-POOL: EventDataPool is Full
04-09 00:52:14.685  1296  1296 E ANDR-PERF-MPCTL: perf request submission limit reached.
04-09 00:52:14.688 24685 25261 D BlearnScreenTime: consume_pending_navigation_empty
04-09 00:52:14.692 24685 24685 I Capacitor/Console: File:  - Line 333 - Msg: undefined
04-09 00:52:14.693  1265  1749 E SDM     : HWCSession::GetClientTargetProperty: GetClinetTargetProperty interface enter
04-09 00:52:14.694  1296  1296 E ANDR-PERF-DATA-POOL: EventDataPool is Full
04-09 00:52:14.694  1296  1296 E ANDR-PERF-MPCTL: perf request submission limit reached.
04-09 00:52:14.702  1265  1749 E SDM     : HWCSession::GetClientTargetProperty: GetClinetTargetProperty interface enter
04-09 00:52:14.702  1296  1296 E ANDR-PERF-DATA-POOL: EventDataPool is Full
04-09 00:52:14.702  1296  1296 E ANDR-PERF-MPCTL: perf request submission limit reached.
04-09 00:52:14.710  1265  1749 E SDM     : HWCSession::GetClientTargetProperty: GetClinetTargetProperty interface enter
04-09 00:52:14.710  1296  1296 E ANDR-PERF-DATA-POOL: EventDataPool is Full
04-09 00:52:14.710  1296  1296 E ANDR-PERF-MPCTL: perf request submission limit reached.
04-09 00:52:14.718  1265  1749 E SDM     : HWCSession::GetClientTargetProperty: GetClinetTargetProperty interface enter
04-09 00:52:14.719  1296  1296 E ANDR-PERF-DATA-POOL: EventDataPool is Full
04-09 00:52:14.719  1296  1296 E ANDR-PERF-MPCTL: perf request submission limit reached.
04-09 00:52:14.727  1265  1749 E SDM     : HWCSession::GetClientTargetProperty: GetClinetTargetProperty interface enter
04-09 00:52:14.727  1296  1296 E ANDR-PERF-DATA-POOL: EventDataPool is Full
04-09 00:52:14.727  1296  1296 E ANDR-PERF-MPCTL: perf request submission limit reached.
04-09 00:52:14.735 24685 24685 I Capacitor/Console: File:  - Line 349 - Msg: [object Object]
04-09 00:52:14.735  1265  1749 E SDM     : HWCSession::GetClientTargetProperty: GetClinetTargetProperty interface enter
04-09 00:52:14.735  1296  1296 E ANDR-PERF-DATA-POOL: EventDataPool is Full
04-09 00:52:14.735  1296  1296 E ANDR-PERF-MPCTL: perf request submission limit reached.
04-09 00:52:14.736 24685 24685 V Capacitor/Plugin: To native (Capacitor plugin): callbackId: 82983392, pluginId: ScreenTime, methodName: consumePendingNavigation
04-09 00:52:14.736 24685 24685 V Capacitor: callback: 82983392, pluginId: ScreenTime, methodName: consumePendingNavigation, methodData: {}
04-09 00:52:14.737 24685 24829 D BlearnScreenTime: consume_pending_navigation_empty
04-09 00:52:14.738 24685 24685 I Capacitor/Console: File:  - Line 333 - Msg: undefined
04-09 00:52:14.744  1265  1749 E SDM     : HWCSession::GetClientTargetProperty: GetClinetTargetProperty interface enter
04-09 00:52:14.744  1296  1296 E ANDR-PERF-DATA-POOL: EventDataPool is Full
04-09 00:52:14.744  1296  1296 E ANDR-PERF-MPCTL: perf request submission limit reached.
04-09 00:52:14.752  1265  1749 E SDM     : HWCSession::GetClientTargetProperty: GetClinetTargetProperty interface enter
04-09 00:52:14.752  1296  1296 E ANDR-PERF-DATA-POOL: EventDataPool is Full
04-09 00:52:14.752  1296  1296 E ANDR-PERF-MPCTL: perf request submission limit reached.
04-09 00:52:14.760  1265  1749 E SDM     : HWCSession::GetClientTargetProperty: GetClinetTargetProperty interface enter
04-09 00:52:14.760  1296  1296 E ANDR-PERF-DATA-POOL: EventDataPool is Full
04-09 00:52:14.760  1296  1296 E ANDR-PERF-MPCTL: perf request submission limit reached.
04-09 00:52:14.768  1265  1749 E SDM     : HWCSession::GetClientTargetProperty: GetClinetTargetProperty interface enter
04-09 00:52:14.769  1296  1296 E ANDR-PERF-DATA-POOL: EventDataPool is Full
04-09 00:52:14.769  1296  1296 E ANDR-PERF-MPCTL: perf request submission limit reached.
04-09 00:52:14.772 22435 25733 I Finsky  : [310] VerifyApps: Installer app: com.android.shell
04-09 00:52:14.777  1265  1749 E SDM     : HWCSession::GetClientTargetProperty: GetClinetTargetProperty interface enter
04-09 00:52:14.777  1296  1296 E ANDR-PERF-DATA-POOL: EventDataPool is Full
04-09 00:52:14.777  1296  1296 E ANDR-PERF-MPCTL: perf request submission limit reached.
04-09 00:52:14.782 22435 25733 I Finsky  : [310] Task 7 requested foreground
04-09 00:52:14.783 22435 25733 I Finsky  : [310] Not entering foreground
04-09 00:52:14.783 22435 25733 I Finsky  : [310] VerifyApps: chooseScanResult for package=app.blearn.mobile with timeout=15000ms
04-09 00:52:14.784 22435 22464 I Finsky  : [83] VerifyApps: Starting APK Analysis scan for app.blearn.mobile.
04-09 00:52:14.785  1265  1749 E SDM     : HWCSession::GetClientTargetProperty: GetClinetTargetProperty interface enter
04-09 00:52:14.785  1296  1296 E ANDR-PERF-DATA-POOL: EventDataPool is Full
04-09 00:52:14.785  1296  1296 E ANDR-PERF-MPCTL: perf request submission limit reached.
04-09 00:52:14.787 22435 22464 I Finsky  : [83] Scanning package app.blearn.mobile contents with client side protections. File: [0Phy5G-4eiKimodhvjJ0kRCYQ39AjgW9TutSI9Umyyo]
04-09 00:52:14.794  1265  1749 E SDM     : HWCSession::GetClientTargetProperty: GetClinetTargetProperty interface enter
04-09 00:52:14.794  1296  1296 E ANDR-PERF-DATA-POOL: EventDataPool is Full
04-09 00:52:14.794  1296  1296 E ANDR-PERF-MPCTL: perf request submission limit reached.
04-09 00:52:14.802  1265  1749 E SDM     : HWCSession::GetClientTargetProperty: GetClinetTargetProperty interface enter
04-09 00:52:14.802  1296  1296 E ANDR-PERF-DATA-POOL: EventDataPool is Full
04-09 00:52:14.802  1296  1296 E ANDR-PERF-MPCTL: perf request submission limit reached.
04-09 00:52:14.810  1265  1749 E SDM     : HWCSession::GetClientTargetProperty: GetClinetTargetProperty interface enter
04-09 00:52:14.810  1296  1296 E ANDR-PERF-DATA-POOL: EventDataPool is Full
04-09 00:52:14.810  1296  1296 E ANDR-PERF-MPCTL: perf request submission limit reached.
04-09 00:52:14.819  1265  1749 E SDM     : HWCSession::GetClientTargetProperty: GetClinetTargetProperty interface enter
04-09 00:52:14.819  1296  1296 E ANDR-PERF-DATA-POOL: EventDataPool is Full
04-09 00:52:14.819  1296  1296 E ANDR-PERF-MPCTL: perf request submission limit reached.
04-09 00:52:14.827  1265  1749 E SDM     : HWCSession::GetClientTargetProperty: GetClinetTargetProperty interface enter
04-09 00:52:14.827  1296  1296 E ANDR-PERF-DATA-POOL: EventDataPool is Full
04-09 00:52:14.828  1296  1296 E ANDR-PERF-MPCTL: perf request submission limit reached.
04-09 00:52:14.835  1265  1749 E SDM     : HWCSession::GetClientTargetProperty: GetClinetTargetProperty interface enter
04-09 00:52:14.835  1296  1296 E ANDR-PERF-DATA-POOL: EventDataPool is Full
04-09 00:52:14.835  1296  1296 E ANDR-PERF-MPCTL: perf request submission limit reached.
04-09 00:52:14.844  1265  1749 E SDM     : HWCSession::GetClientTargetProperty: GetClinetTargetProperty interface enter
04-09 00:52:14.844  1296  1296 E ANDR-PERF-DATA-POOL: EventDataPool is Full
04-09 00:52:14.844  1296  1296 E ANDR-PERF-MPCTL: perf request submission limit reached.
04-09 00:52:14.852  1265  1749 E SDM     : HWCSession::GetClientTargetProperty: GetClinetTargetProperty interface enter
04-09 00:52:14.852  1296  1296 E ANDR-PERF-DATA-POOL: EventDataPool is Full
04-09 00:52:14.852  1296  1296 E ANDR-PERF-MPCTL: perf request submission limit reached.
04-09 00:52:14.856 22435 22468 E AbstractLogEventBuilder: The provided ProductIdOrigin 3 is not one of the process-level expected values: 1 or 2
04-09 00:52:14.861  1265  1749 E SDM     : HWCSession::GetClientTargetProperty: GetClinetTargetProperty interface enter
04-09 00:52:14.861  1296  1296 E ANDR-PERF-DATA-POOL: EventDataPool is Full
04-09 00:52:14.861  1296  1296 E ANDR-PERF-MPCTL: perf request submission limit reached.
04-09 00:52:14.869  1265  1749 E SDM     : HWCSession::GetClientTargetProperty: GetClinetTargetProperty interface enter
04-09 00:52:14.869  1296  1296 E ANDR-PERF-DATA-POOL: EventDataPool is Full
04-09 00:52:14.869  1296  1296 E ANDR-PERF-MPCTL: perf request submission limit reached.
04-09 00:52:14.870 22435 14433 I PlayCore: UID: [10165]  PID: [22435] basp : Initiate binding to the service.
04-09 00:52:14.877  1265  1749 E SDM     : HWCSession::GetClientTargetProperty: GetClinetTargetProperty interface enter
04-09 00:52:14.878  1296  1296 E ANDR-PERF-DATA-POOL: EventDataPool is Full
04-09 00:52:14.878  1296  1296 E ANDR-PERF-MPCTL: perf request submission limit reached.
04-09 00:52:14.881  2184  8706 I SmartPower: com.android.vending:com.google.android.finsky.verifier.apkanalysis.service.ApkCont-1->background(0ms) R(become background) adj=-10000.
04-09 00:52:14.881  2184  8706 D CompatibilityChangeReporter: Compat change id reported: 135634846; UID 99045; state: DISABLED
04-09 00:52:14.881  2184  8706 D CompatibilityChangeReporter: Compat change id reported: 177438394; UID 99045; state: DISABLED
04-09 00:52:14.881  2184  8706 D CompatibilityChangeReporter: Compat change id reported: 135772972; UID 99045; state: DISABLED
04-09 00:52:14.881  2184  8706 D CompatibilityChangeReporter: Compat change id reported: 135754954; UID 99045; state: ENABLED
04-09 00:52:14.882  2184  2562 D CompatibilityChangeReporter: Compat change id reported: 143937733; UID 10165; state: ENABLED
04-09 00:52:14.886  1265  1749 E SDM     : HWCSession::GetClientTargetProperty: GetClinetTargetProperty interface enter
04-09 00:52:14.886  1296  1296 E ANDR-PERF-DATA-POOL: EventDataPool is Full
04-09 00:52:14.886  1296  1296 E ANDR-PERF-MPCTL: perf request submission limit reached.
04-09 00:52:14.890 22435 22467 W PackageParser: Unknown element under <manifest>: queries at /data/app/vmdl1940708262.tmp/base.apk Binary XML file line #11
04-09 00:52:14.894  1265  1749 E SDM     : HWCSession::GetClientTargetProperty: GetClinetTargetProperty interface enter
04-09 00:52:14.894  1296  1296 E ANDR-PERF-DATA-POOL: EventDataPool is Full
04-09 00:52:14.894  1296  1296 E ANDR-PERF-MPCTL: perf request submission limit reached.
04-09 00:52:14.896   976   976 D Zygote  : Forked child process 25741
04-09 00:52:14.898  2184  2562 I ActivityManager: Start proc 25741:com.android.vending:com.google.android.finsky.verifier.apkanalysis.service.ApkContentsScanService/u0i45 for service {com.android.vending/com.google.android.finsky.verifier.apkanalysis.service.ApkContentsScanService} caller=com.android.vending
04-09 00:52:14.903  1265  1749 E SDM     : HWCSession::GetClientTargetProperty: GetClinetTargetProperty interface enter
04-09 00:52:14.903  1296  1296 E ANDR-PERF-DATA-POOL: EventDataPool is Full
04-09 00:52:14.903  1296  1296 E ANDR-PERF-MPCTL: perf request submission limit reached.
04-09 00:52:14.903 25741 25741 E Zygote  : process_name_ptr:25741 com.android.vending:com.google.android.finsky.verifier.apkanalysis.service.ApkContentsScanService
04-09 00:52:14.908 25741 25741 I entsScanService: Using CollectorTypeCC GC.
04-09 00:52:14.911  1265  1749 E SDM     : HWCSession::GetClientTargetProperty: GetClinetTargetProperty interface enter
04-09 00:52:14.911  1296  1296 E ANDR-PERF-DATA-POOL: EventDataPool is Full
04-09 00:52:14.911  1296  1296 E ANDR-PERF-MPCTL: perf request submission limit reached.
04-09 00:52:14.915 25741 25741 D nativeloader: Load libframework-connectivity-tiramisu-jni.so using APEX ns com_android_tethering for caller /apex/com.android.tethering/javalib/framework-connectivity-t.jar: ok
04-09 00:52:14.917 25741 25741 I MessageMonitor: Load libmiui_runtime
04-09 00:52:14.919 25741 25741 E entsScanService: Can't find memory status under: /sys/block/zram0/
04-09 00:52:14.919  1265  1749 E SDM     : HWCSession::GetClientTargetProperty: GetClinetTargetProperty interface enter
04-09 00:52:14.919  1296  1296 E ANDR-PERF-DATA-POOL: EventDataPool is Full
04-09 00:52:14.919  1296  1296 E ANDR-PERF-MPCTL: perf request submission limit reached.
04-09 00:52:14.915 25741 25741 W re-initialized>: type=1400 audit(0.0:37971): avc:  denied  { search } for  name="zram0" dev="sysfs" ino=60736 scontext=u:r:isolated_app:s0:c512,c768 tcontext=u:object_r:sysfs_zram:s0 tclass=dir permissive=0
04-09 00:52:14.915 25741 25741 W re-initialized>: type=1400 audit(0.0:37972): avc:  denied  { search } for  name="zram0" dev="sysfs" ino=60736 scontext=u:r:isolated_app:s0:c512,c768 tcontext=u:object_r:sysfs_zram:s0 tclass=dir permissive=0
04-09 00:52:14.925  2184  4175 D SymlinkUtils: attachApplication file op go pass: 0 ms
04-09 00:52:14.927  2184  4175 D CompatibilityChangeReporter: Compat change id reported: 168419799; UID 10165; state: DISABLED
04-09 00:52:14.927  2184  4175 D CompatibilityChangeReporter: Compat change id reported: 273564678; UID 10165; state: DISABLED
04-09 00:52:14.927  2184  4175 D CompatibilityInfo: mCompatibilityFlags - 0
04-09 00:52:14.927  2184  4175 D CompatibilityInfo: applicationDensity - 440
04-09 00:52:14.927  2184  4175 D CompatibilityInfo: applicationScale - 1.0
04-09 00:52:14.927  1265  1749 E SDM     : HWCSession::GetClientTargetProperty: GetClinetTargetProperty interface enter
04-09 00:52:14.928  1296  1296 E ANDR-PERF-DATA-POOL: EventDataPool is Full
04-09 00:52:14.928  1296  1296 E ANDR-PERF-MPCTL: perf request submission limit reached.
04-09 00:52:14.933  2184  2922 I MiuiNetworkPolicy: updateUidState uid = 99045, uidState = 8
04-09 00:52:14.936  1265  1749 E SDM     : HWCSession::GetClientTargetProperty: GetClinetTargetProperty interface enter
04-09 00:52:14.936  1296  1296 E ANDR-PERF-DATA-POOL: EventDataPool is Full
04-09 00:52:14.936  1296  1296 E ANDR-PERF-MPCTL: perf request submission limit reached.
04-09 00:52:14.937 25741 25741 E MQSEventManagerDelegate: failed to get MQSService.
04-09 00:52:14.937 25741 25741 W ActivityThread: registerApplicationScoutThread result:false
04-09 00:52:14.937 25741 25741 I HighMemoryManager: High memory monitor not enabled
04-09 00:52:14.939 25741 25741 D CompatibilityChangeReporter: Compat change id reported: 171979766; UID 99045; state: ENABLED
04-09 00:52:14.939 25741 25741 D CompatibilityChangeReporter: Compat change id reported: 242716250; UID 99045; state: ENABLED
04-09 00:52:14.942  4073  4317 D SoScUtils: monitorTransitionFinished transition:android.os.BinderProxy@3e20633 transaction: android.view.SurfaceControl$Transaction@de0f595 mRequestCloseTransition:null mRequestOpenTransition:null mPairsOpenTransition:null mPairsOpenTransitionNull:null mRequestOpenTriggerTask:-1 mRequestCloseTriggerTask:-1 mOrientationTransition: null mMainStartingTask:-1 mSideStartingTask:-1
04-09 00:52:14.944 24685 24685 I Capacitor/Console: File:  - Line 349 - Msg: [object Object]
04-09 00:52:14.944  1265  1749 E SDM     : HWCSession::GetClientTargetProperty: GetClinetTargetProperty interface enter
04-09 00:52:14.945 24685 24685 V Capacitor/Plugin: To native (Capacitor plugin): callbackId: 30436801, pluginId: ScreenTime, methodName: consumePendingNavigation
04-09 00:52:14.945 24685 24685 V Capacitor: callback: 30436801, pluginId: ScreenTime, methodName: consumePendingNavigation, methodData: {}
04-09 00:52:14.946  1296  1296 E ANDR-PERF-DATA-POOL: EventDataPool is Full
04-09 00:52:14.946  1296  1296 E ANDR-PERF-MPCTL: perf request submission limit reached.
04-09 00:52:14.946 24685 25261 D BlearnScreenTime: consume_pending_navigation_empty
04-09 00:52:14.948 24685 24685 I Capacitor/Console: File:  - Line 333 - Msg: undefined
04-09 00:52:14.950  2184  8706 I Transition: finishTransition: updateLastSurfacePosition tf=Task{787f07b #14404 type=standard A=10030:app.blearn.mobile}
04-09 00:52:14.951  1382  2746 W VsyncModulator: setTransactionSchedule: Unexpected EarlyEnd
04-09 00:52:14.955  4073  4317 D MiuiFullScreenTaskRepository: addOrUpdateFullScreenTaskInfo taskId=14406, topActivity=ComponentInfo{app.blearn.mobile/app.blearn.mobile.BlockingOverlayActivity}
04-09 00:52:14.955  4081  7644 W DynamicDDSService: appName is not found in cache: app.blearn.mobile
04-09 00:52:14.958  2184  3414 D qdgralloc: GetYUVPlaneInfo: Invalid format passed: 0x21
04-09 00:52:14.966  1382  2746 I BpBinder: onLastStrongRef automatically unlinking death recipients: 
04-09 00:52:14.968 24685 24685 D Capacitor: App stopped
04-09 00:52:14.969 24685 24685 D Capacitor: Saving instance state!
04-09 00:52:14.969 24685 24685 D ActivityThread: Fail to check app heapsize due to java.lang.NoSuchMethodException: dalvik.system.VMRuntime.getBlockingGcCountForAlloc []
04-09 00:52:14.978 25741 25741 D nativeloader: Configuring clns-4 for other apk /system/framework/org.apache.http.legacy.jar. target_sdk_version=36, uses_libraries=ALL, library_path=/data/app/~~vPoB7zclv8I3aigaAY44Vw==/com.android.vending-9Roj1N1j3JKEPGqqCc6GbQ==/lib/arm64:/data/app/~~vPoB7zclv8I3aigaAY44Vw==/com.android.vending-9Roj1N1j3JKEPGqqCc6GbQ==/base.apk!/lib/arm64-v8a:/data/app/~~vPoB7zclv8I3aigaAY44Vw==/com.android.vending-9Roj1N1j3JKEPGqqCc6GbQ==/split_config.arm64_v8a.apk!/lib/arm64-v8a:/data/app/~~vPoB7zclv8I3aigaAY44Vw==/com.android.vending-9Roj1N1j3JKEPGqqCc6GbQ==/split_config.de.apk!/lib/arm64-v8a:/data/app/~~vPoB7zclv8I3aigaAY44Vw==/com.android.vending-9Roj1N1j3JKEPGqqCc6GbQ==/split_phonesky_data_loader.apk!/lib/arm64-v8a:/data/app/~~vPoB7zclv8I3aigaAY44Vw==/com.android.vending-9Roj1N1j3JKEPGqqCc6GbQ==/split_phonesky_data_loader.config.arm64_v8a.apk!/lib/arm64-v8a:/data/app/~~vPoB7zclv8I3aigaAY44Vw==/com.android.vending-9Roj1N1j3JKEPGqqCc6GbQ==/split_phonesky_webrtc_native_lib.apk!/lib/arm64-v8a:/data/app/~~vPoB7zclv8I3aigaAY44Vw==/com.a
04-09 00:52:14.978 25741 25741 D nativeloader: Extending system_exposed_libraries: libbinauralrenderer_wrapper.qti.so:libhoaeffects.qti.so:libQOC.qti.so:libmisys_jni.xiaomi.so:libpag.hyperos.so:libffavc.hyperos.so:libxiaomi_modemdumpsdx55_jni.modem.so:libxiaomi_modemdump_jni.modem.so:libmodemsmartengine_jni.modem.so:libupdateprof.qti.so:libthermalclient.qti.so:libQOC.qti.so:libdiag_system.qti.so:libqape.qti.so:libqesdk_ndk_platform.qti.so:liblistenjni.qti.so
04-09 00:52:14.989 24685 24685 I Capacitor/Console: File:  - Line 349 - Msg: [object Object]
04-09 00:52:14.989 24685 24685 V Capacitor/Plugin: To native (Capacitor plugin): callbackId: 82983393, pluginId: ScreenTime, methodName: consumePendingNavigation
04-09 00:52:14.989 24685 24685 V Capacitor: callback: 82983393, pluginId: ScreenTime, methodName: consumePendingNavigation, methodData: {}
04-09 00:52:14.990 24685 24829 D BlearnScreenTime: consume_pending_navigation_empty
04-09 00:52:14.991 24685 24685 I Capacitor/Console: File:  - Line 333 - Msg: undefined
04-09 00:52:15.005 15853 16193 D AudioTrackImpl: [audioTrackData][mute] 37s(f:0 m:37037 s:265 k:37037 z:0) : pid 15853 uid 10518 sessionId 889 sr 48000 ch 2 fmt 1
04-09 00:52:15.006 15853 16193 D AudioTrackImpl: [audioTrackData][zero] 54s(f:0 m:0 s:0 k:0 z:54020) : pid 15853 uid 10518 sessionId 897 sr 48000 ch 2 fmt 1
04-09 00:52:15.108  4073  4073 D ArtChoreographerMonitor: invoke error.
04-09 00:52:15.116 25741 25741 W entsScanService: Failed to find entry 'classes.dex': Entry not found
04-09 00:52:15.117 25741 25741 W entsScanService: Failed to find entry 'classes.dex': Entry not found
04-09 00:52:15.118 25741 25741 W entsScanService: Failed to find entry 'classes.dex': Entry not found
04-09 00:52:15.121 25741 25741 W entsScanService: Failed to find entry 'classes.dex': Entry not found
04-09 00:52:15.122 25741 25741 W entsScanService: Failed to find entry 'classes.dex': Entry not found
04-09 00:52:15.124 25741 25741 W entsScanService: Failed to find entry 'classes.dex': Entry not found
04-09 00:52:15.125 25741 25741 D nativeloader: Configuring clns-5 for other apk /data/app/~~vPoB7zclv8I3aigaAY44Vw==/com.android.vending-9Roj1N1j3JKEPGqqCc6GbQ==/base.apk:/data/app/~~vPoB7zclv8I3aigaAY44Vw==/com.android.vending-9Roj1N1j3JKEPGqqCc6GbQ==/split_config.arm64_v8a.apk:/data/app/~~vPoB7zclv8I3aigaAY44Vw==/com.android.vending-9Roj1N1j3JKEPGqqCc6GbQ==/split_config.de.apk:/data/app/~~vPoB7zclv8I3aigaAY44Vw==/com.android.vending-9Roj1N1j3JKEPGqqCc6GbQ==/split_phonesky_data_loader.apk:/data/app/~~vPoB7zclv8I3aigaAY44Vw==/com.android.vending-9Roj1N1j3JKEPGqqCc6GbQ==/split_phonesky_data_loader.config.arm64_v8a.apk:/data/app/~~vPoB7zclv8I3aigaAY44Vw==/com.android.vending-9Roj1N1j3JKEPGqqCc6GbQ==/split_phonesky_webrtc_native_lib.apk:/data/app/~~vPoB7zclv8I3aigaAY44Vw==/com.android.vending-9Roj1N1j3JKEPGqqCc6GbQ==/split_phonesky_webrtc_native_lib.config.arm64_v8a.apk. target_sdk_version=36, uses_libraries=, library_path=/data/app/~~vPoB7zclv8I3aigaAY44Vw==/com.android.vending-9Roj1N1j3JKEPGqqCc6GbQ==/lib/arm64:/data/app/~~vPoB7zclv8I3aigaAY44Vw==/com.and
04-09 00:52:15.137 25741 25741 E ForceDarkHelperStubImpl: getForceDarkOriginState transact failed , mService: null
04-09 00:52:15.137 25741 25741 I ForceDarkHelperStubImpl: initialize for com.android.vending , ForceDarkOrigin
04-09 00:52:15.139 25741 25741 D nativeloader: Load libforcedarkimpl.so using system ns (caller=/system_ext/framework/miui-framework.jar): ok
04-09 00:52:15.140 25741 25741 D OpenGLRenderer: JNI_OnLoad success
04-09 00:52:15.140 25741 25741 I MiuiForceDarkConfig: setConfig density:2.750000, mainRule:0, secondaryRule:0, tertiaryRule:0
04-09 00:52:15.144  2184  8706 I ActivityManager: Flag disabled. Ignoring finishAttachApplication from uid: 99045. pid: 25741
04-09 00:52:15.148 25741 25741 E FileUtils: err open mi_exception_log errno=2
04-09 00:52:15.148 25741 25741 E FileUtils: err write to mi_exception_log
04-09 00:52:15.155 25741 25741 W SystemServiceRegistry: No service published for: virtualdevice
04-09 00:52:15.156 22435 22435 I PlayCore: UID: [10165]  PID: [22435] basp : ServiceConnectionImpl.onServiceConnected(ComponentInfo{com.android.vending/com.google.android.finsky.verifier.apkanalysis.service.ApkContentsScanService})
04-09 00:52:15.156 22435 14433 I PlayCore: UID: [10165]  PID: [22435] basp : linkToDeath
04-09 00:52:15.176 25741 25757 D nativeloader: Load /data/app/~~vPoB7zclv8I3aigaAY44Vw==/com.android.vending-9Roj1N1j3JKEPGqqCc6GbQ==/split_config.arm64_v8a.apk!/lib/arm64-v8a/libapkanalysis.so using class loader ns clns-5 (caller=/data/app/~~vPoB7zclv8I3aigaAY44Vw==/com.android.vending-9Roj1N1j3JKEPGqqCc6GbQ==/base.apk!classes5.dex): ok
04-09 00:52:15.176 22435 22435 E AbstractLogEventBuilder: The provided ProductIdOrigin 3 is not one of the process-level expected values: 1 or 2
04-09 00:52:15.177 25741 25757 I native  : I0000 00:00:1775688735.177377   25757 zip_archive.cpp:490] +++ Found EOCD at buf+65535
04-09 00:52:15.177 25741 25757 I native  : I0000 00:00:1775688735.177519   25757 zip_archive.cpp:534] +++ num_entries=609dir_size=57570 dir_offset=12521264
04-09 00:52:15.177 25741 25757 I native  : I0000 00:00:1775688735.177572   25757 file_map.cpp:112] MAP: base 0x732adbe000/61458 data 0x732adbef30/57570
04-09 00:52:15.177 25741 25757 I native  : I0000 00:00:1775688735.177877   25757 zip_archive.cpp:695] +++ zip good scan 609 entries
04-09 00:52:15.178 22435 25759 I Finsky  : [314] VerifyApps: Verification package=app.blearn.mobile, id=31, response=0, upload_requested=false, enable_ecm=false
04-09 00:52:15.179 22435 25759 I Finsky  : [314] VerifyApps: PAM result saving to datastore delayed for package: app.blearn.mobile
04-09 00:52:15.242 24685 24685 I Capacitor/Console: File:  - Line 349 - Msg: [object Object]
04-09 00:52:15.242 24685 24685 V Capacitor/Plugin: To native (Capacitor plugin): callbackId: 82983394, pluginId: ScreenTime, methodName: consumePendingNavigation
04-09 00:52:15.242 24685 24685 V Capacitor: callback: 82983394, pluginId: ScreenTime, methodName: consumePendingNavigation, methodData: {}
04-09 00:52:15.243 24685 24829 D BlearnScreenTime: consume_pending_navigation_empty
04-09 00:52:15.244 24685 24685 I Capacitor/Console: File:  - Line 333 - Msg: undefined
04-09 00:52:15.279 24685 24685 I Capacitor/Console: File:  - Line 349 - Msg: [object Object]
04-09 00:52:15.279  2184  2568 I ExtM    : zram userate is low, no need to flush: 39
04-09 00:52:15.279 24685 24685 V Capacitor/Plugin: To native (Capacitor plugin): callbackId: 30436802, pluginId: ScreenTime, methodName: consumePendingNavigation
04-09 00:52:15.279 24685 24685 V Capacitor: callback: 30436802, pluginId: ScreenTime, methodName: consumePendingNavigation, methodData: {}
04-09 00:52:15.280 24685 25261 D BlearnScreenTime: consume_pending_navigation_empty
04-09 00:52:15.281 24685 24685 I Capacitor/Console: File:  - Line 333 - Msg: undefined
04-09 00:52:15.430 22435 22439 I android.vending: Background young concurrent copying GC freed 16MB AllocSpace bytes, 38(2208KB) LOS objects, 25% free, 35MB/47MB, paused 266us,98us total 140.208ms
04-09 00:52:15.496 24685 24685 I Capacitor/Console: File:  - Line 349 - Msg: [object Object]
04-09 00:52:15.498 24685 24685 V Capacitor/Plugin: To native (Capacitor plugin): callbackId: 82983395, pluginId: ScreenTime, methodName: consumePendingNavigation
04-09 00:52:15.498 24685 24685 V Capacitor: callback: 82983395, pluginId: ScreenTime, methodName: consumePendingNavigation, methodData: {}
04-09 00:52:15.499 24685 24829 D BlearnScreenTime: consume_pending_navigation_empty
04-09 00:52:15.501 24685 24685 I Capacitor/Console: File:  - Line 333 - Msg: undefined
04-09 00:52:15.601 25741 25757 I native  : I0000 00:00:1775688735.601056   25757 zip_archive.cpp:783] Closing archive 0xb40000727225a230
04-09 00:52:15.604 22435 14433 I PlayCore: UID: [10165]  PID: [22435] basp : Unbind from service.
04-09 00:52:15.606  2184  8706 I ActivityManager: Killing 25741:com.android.vending:com.google.android.finsky.verifier.apkanalysis.service.ApkContentsScanService/u0a165i45 (adj 0): isolated not needed
04-09 00:52:15.607  2184  8706 I libc    : kill: send 9 to pid 25741 real pid 25741
04-09 00:52:15.607  2184  2566 I libc    : kill: send 9 to pid -25741 real pid -25741
04-09 00:52:15.607  2184  2566 I libc    : kill: send 9 to pid 25741 real pid 25741
04-09 00:52:15.607  1296  1296 E vendor.qti.hardware.perf@2.2-service: Unknown params
04-09 00:52:15.607  1296  1296 E vendor.qti.hardware.perf@2.2-service: Unknown params
04-09 00:52:15.607  1296  1296 E vendor.qti.hardware.perf@2.2-service: Unknown params
04-09 00:52:15.607  1296  1296 E ANDR-PERF-DATA-POOL: EventDataPool is Full
04-09 00:52:15.607  1296  1296 E ANDR-PERF-MPCTL: perf request submission limit reached.
04-09 00:52:15.609  2184  2922 I MiuiNetworkPolicy: updateUidState uid = 99045, uidState = 19
04-09 00:52:15.609 22435 22465 E AbstractLogEventBuilder: The provided ProductIdOrigin 3 is not one of the process-level expected values: 1 or 2
04-09 00:52:15.613  2184  2566 I libc    : kill: send 9 to pid -25741 real pid -25741
04-09 00:52:15.613  2184  2566 I libc    : kill: send 9 to pid 25741 real pid 25741
04-09 00:52:15.619  2184  2566 I libc    : kill: send 9 to pid -25741 real pid -25741
04-09 00:52:15.619  2184  2566 I libc    : kill: send 9 to pid 25741 real pid 25741
04-09 00:52:15.625  2184  2566 I libc    : kill: send 9 to pid -25741 real pid -25741
04-09 00:52:15.625  2184  2566 I libc    : kill: send 9 to pid 25741 real pid 25741
04-09 00:52:15.631  2184  2566 I libc    : kill: send 9 to pid -25741 real pid -25741
04-09 00:52:15.631  2184  2566 I libc    : kill: send 9 to pid 25741 real pid 25741
04-09 00:52:15.636  2184  2566 I libc    : kill: send 9 to pid -25741 real pid -25741
04-09 00:52:15.636  2184  2566 I libc    : kill: send 9 to pid 25741 real pid 25741
04-09 00:52:15.639 22435 19658 I PlayCore: UID: [10165]  PID: [22435] basp : reportBinderDeath
04-09 00:52:15.640 22435 19658 I PlayCore: UID: [10165]  PID: [22435] basp : ApkContentsScanService : Binder has died.
04-09 00:52:15.641   976   976 I Zygote  : Process 25741 exited due to signal 9 (Killed)
04-09 00:52:15.642  8105 23384 I IPCThreadState: oneway function results for code 3 on binder at 0xb4000072723f1040 will be dropped but finished with status UNKNOWN_TRANSACTION
04-09 00:52:15.643  2184  2296 D DisplayManagerService: Drop pending events for gone uid 99045
04-09 00:52:15.643  1296  1296 E vendor.qti.hardware.perf@2.2-service: Unknown params
04-09 00:52:15.643  1296  1296 E vendor.qti.hardware.perf@2.2-service: Unknown params
04-09 00:52:15.643  1296  1296 E vendor.qti.hardware.perf@2.2-service: Unknown params
04-09 00:52:15.643  1296  1296 E ANDR-PERF-DATA-POOL: EventDataPool is Full
04-09 00:52:15.643  1296  1296 E ANDR-PERF-MPCTL: perf request submission limit reached.
04-09 00:52:15.644  2184  2296 I NetworkBoostStatusManager: onUidGone uid: 99045
04-09 00:52:15.644  2184  2566 I libc    : kill: send 9 to pid -25741 real pid -25741
04-09 00:52:15.644  2184  2566 I libprocessgroup: Successfully killed process cgroup uid 99045 pid 25741 in 37ms
04-09 00:52:15.644  2184  2922 I MiuiNetworkPolicy: removeUidState uid = 99045
04-09 00:52:15.645 31703 32184 I IPCThreadState: oneway function results for code 3 on binder at 0xb400007272733760 will be dropped but finished with status UNKNOWN_TRANSACTION
04-09 00:52:15.645  2184  3983 I SLM-SRV-SLSAppLib: SLM_Ai_Mode EVENT_CHECK_GMAE_AI_MODE_STATUS
04-09 00:52:15.645  2184  3983 I SLM-SRV-SLSAppLib: SLM_Ai_Mode checkGameAiModeStatus mGameAiModeCloudControl:false mLinkTurboAiModeSwitch:false mGameAiModeInterfaceReady:false mGameStartBattle:false powerMgrGameUid:0
04-09 00:52:15.646  2184  3982 I NetworkBoostStatusManager: handle: 107
04-09 00:52:15.653  4058  5218 E PhoneAdapter: get ntnphones failed, exception: java.lang.IllegalStateException: Default phones haven't been made yet!
04-09 00:52:15.653  2184  3982 I NetworkBoostStatusManager: isModemSingnalStrengthStatus cellLteSignalRsrp = -109
04-09 00:52:15.653  2184  3982 D SLM-SRV-SLAService: isModemSingnalStrengthStatus = 1
04-09 00:52:15.688  1870  1870 I wificond: station_bandwidth: (
04-09 00:52:15.692  4073  4073 D ArtChoreographerMonitor: invoke error.
04-09 00:52:15.707  1296  1296 E vendor.qti.hardware.perf@2.2-service: Unknown params
04-09 00:52:15.707  1296  1296 E ANDR-PERF-DATA-POOL: EventDataPool is Full
04-09 00:52:15.707  1296  1296 E ANDR-PERF-MPCTL: perf request submission limit reached.
04-09 00:52:15.712  1382  1382 D RefreshRateSelector: Touch Boost
04-09 00:52:15.712  1382  1382 D MI-SF   : mIsSupportAutomodeForMaxFpsSetting is 0(0), getCurrentBrightness() = 898(328), mIsKeepAutoMode 0
04-09 00:52:15.712  1382  1382 D RefreshRateSelector: fixedMode_group: 0, isFindModeGroup 0
04-09 00:52:15.712  1382  1382 D RefreshRateSelector: find max refresh rate:120, mode Group:0
04-09 00:52:15.720  1382  1382 W Layer   : gatherBufferInfo: Received unknown dataspace from gralloc
04-09 00:52:15.720  1382  1382 D RefreshRateSelector: Touch Boost
04-09 00:52:15.720  1382  1382 D MI-SF   : mIsSupportAutomodeForMaxFpsSetting is 0(0), getCurrentBrightness() = 898(328), mIsKeepAutoMode 0
04-09 00:52:15.720  1382  1382 D RefreshRateSelector: fixedMode_group: 0, isFindModeGroup 0
04-09 00:52:15.720  1382  1382 D RefreshRateSelector: find max refresh rate:120, mode Group:0
04-09 00:52:15.721 22435 22439 I android.vending: Background concurrent copying GC freed 12MB AllocSpace bytes, 33(2548KB) LOS objects, 34% free, 44MB/68MB, paused 302us,254us total 285.815ms
04-09 00:52:15.753 24685 24685 I Capacitor/Console: File:  - Line 349 - Msg: [object Object]
04-09 00:52:15.760 24685 24685 V Capacitor/Plugin: To native (Capacitor plugin): callbackId: 82983396, pluginId: ScreenTime, methodName: consumePendingNavigation
04-09 00:52:15.760 24685 24685 V Capacitor: callback: 82983396, pluginId: ScreenTime, methodName: consumePendingNavigation, methodData: {}
04-09 00:52:15.761 24685 24829 D BlearnScreenTime: consume_pending_navigation_empty
04-09 00:52:15.763 24685 24685 I Capacitor/Console: File:  - Line 333 - Msg: undefined
04-09 00:52:15.814  2184  2523 D HeapUsage Monitor: HeapAllocSize : 103MB; monitorSize : 500MB
04-09 00:52:15.833  1314 21380 I QC2Comp : [avcD_167] Stats: Pending(7) i/p-done(3) Works: Q: 25/Done 20|Work-Rate: Q(0.0/s Avg=0.0/s) Done(0.000/s Avg=0.021/s)| Stream: 30.00fps 3.0Mbps
04-09 00:52:15.833  1314 21380 I QC2Comp : Mem-usage:  [In-1D - 7 bufs 20.918 MB] [1D-0 - 11 bufs 0.172 MB] [2D-155 - 19 bufs 27.164 MB]
04-09 00:52:15.833  1314 21380 I QC2Comp : Total Mem-usage: 48.254 MB
04-09 00:52:15.851  4878 19377 I NearbyMediums: No BLE Fast/GATT advertisements found in the latest cycle.
04-09 00:52:15.851  4878 19377 I NearbyMediums: Current Tracked Scanning Clients are : {NearbyConnections.EnvironmentMonitor, NearbySharing}
04-09 00:52:15.868  4073  4073 D ArtChoreographerMonitor: invoke error.
04-09 00:52:15.967 22435 22439 I android.vending: Background young concurrent copying GC freed 16MB AllocSpace bytes, 36(6112KB) LOS objects, 24% free, 51MB/68MB, paused 311us,182us total 104.526ms
04-09 00:52:16.006 15853 16193 D AudioTrackImpl: [audioTrackData][mute] 38s(f:0 m:38038 s:265 k:38038 z:0) : pid 15853 uid 10518 sessionId 889 sr 48000 ch 2 fmt 1
04-09 00:52:16.006 15853 16193 D AudioTrackImpl: [audioTrackData][zero] 55s(f:0 m:0 s:0 k:0 z:55020) : pid 15853 uid 10518 sessionId 897 sr 48000 ch 2 fmt 1
04-09 00:52:16.013 24685 24685 I Capacitor/Console: File:  - Line 349 - Msg: [object Object]
04-09 00:52:16.013 24685 24685 V Capacitor/Plugin: To native (Capacitor plugin): callbackId: 82983397, pluginId: ScreenTime, methodName: consumePendingNavigation
04-09 00:52:16.013 24685 24685 V Capacitor: callback: 82983397, pluginId: ScreenTime, methodName: consumePendingNavigation, methodData: {}
04-09 00:52:16.014 24685 24829 D BlearnScreenTime: consume_pending_navigation_empty
04-09 00:52:16.015 24685 24685 I Capacitor/Console: File:  - Line 333 - Msg: undefined
04-09 00:52:16.120  1314 21393 I QC2Comp : [avcD_168] Stats: Pending(9) i/p-done(5) Works: Q: 7180/Done 7172|Work-Rate: Q(0.0/s Avg=7.5/s) Done(0.000/s Avg=7.505/s)| Stream: 30.00fps 6.2Mbps
04-09 00:52:16.120  1314 21393 I QC2Comp : Mem-usage:  [In-1D - 14 bufs 41.836 MB] [1D-0 - 10 bufs 0.156 MB] [2D-156 - 18 bufs 49.781 MB]
04-09 00:52:16.120  1314 21393 I QC2Comp : Total Mem-usage: 91.773 MB
04-09 00:52:16.204 22435 22439 I android.vending: Background concurrent copying GC freed 14MB AllocSpace bytes, 50(6780KB) LOS objects, 28% free, 61MB/85MB, paused 170us,176us total 236.405ms
04-09 00:52:16.266 24685 24685 I Capacitor/Console: File:  - Line 349 - Msg: [object Object]
04-09 00:52:16.267 24685 24685 V Capacitor/Plugin: To native (Capacitor plugin): callbackId: 82983398, pluginId: ScreenTime, methodName: consumePendingNavigation
04-09 00:52:16.267 24685 24685 V Capacitor: callback: 82983398, pluginId: ScreenTime, methodName: consumePendingNavigation, methodData: {}
04-09 00:52:16.268 24685 24829 D BlearnScreenTime: consume_pending_navigation_empty
04-09 00:52:16.269 24685 24685 I Capacitor/Console: File:  - Line 333 - Msg: undefined
04-09 00:52:16.520 24685 24685 I Capacitor/Console: File:  - Line 349 - Msg: [object Object]
04-09 00:52:16.521 24685 24685 V Capacitor/Plugin: To native (Capacitor plugin): callbackId: 82983399, pluginId: ScreenTime, methodName: consumePendingNavigation
04-09 00:52:16.521 24685 24685 V Capacitor: callback: 82983399, pluginId: ScreenTime, methodName: consumePendingNavigation, methodData: {}
04-09 00:52:16.526 24685 24829 D BlearnScreenTime: consume_pending_navigation_empty
04-09 00:52:16.528 24685 24685 I Capacitor/Console: File:  - Line 333 - Msg: undefined
04-09 00:52:16.780 24685 24685 I Capacitor/Console: File:  - Line 349 - Msg: [object Object]
04-09 00:52:16.781 24685 24685 V Capacitor/Plugin: To native (Capacitor plugin): callbackId: 82983400, pluginId: ScreenTime, methodName: consumePendingNavigation
04-09 00:52:16.781 24685 24685 V Capacitor: callback: 82983400, pluginId: ScreenTime, methodName: consumePendingNavigation, methodData: {}
04-09 00:52:16.785 24685 24829 D BlearnScreenTime: consume_pending_navigation_empty
04-09 00:52:16.788 24685 24685 I Capacitor/Console: File:  - Line 333 - Msg: undefined
04-09 00:52:17.008 15853 16193 D AudioTrackImpl: [audioTrackData][mute] 39s(f:0 m:39039 s:265 k:39039 z:0) : pid 15853 uid 10518 sessionId 889 sr 48000 ch 2 fmt 1
04-09 00:52:17.009 15853 16193 D AudioTrackImpl: [audioTrackData][zero] 56s(f:0 m:0 s:0 k:0 z:56022) : pid 15853 uid 10518 sessionId 897 sr 48000 ch 2 fmt 1
04-09 00:52:17.039 24685 24685 I Capacitor/Console: File:  - Line 349 - Msg: [object Object]
04-09 00:52:17.041 24685 24685 V Capacitor/Plugin: To native (Capacitor plugin): callbackId: 82983401, pluginId: ScreenTime, methodName: consumePendingNavigation
04-09 00:52:17.041 24685 24685 V Capacitor: callback: 82983401, pluginId: ScreenTime, methodName: consumePendingNavigation, methodData: {}
04-09 00:52:17.048 24685 24829 D BlearnScreenTime: consume_pending_navigation_empty
04-09 00:52:17.050 24685 24685 I Capacitor/Console: File:  - Line 333 - Msg: undefined
04-09 00:52:17.056 22435 22439 I android.vending: Background concurrent copying GC freed 5503KB AllocSpace bytes, 19(22MB) LOS objects, 23% free, 79MB/103MB, paused 187us,121us total 298.539ms
04-09 00:52:17.071  1296  1296 E vendor.qti.hardware.perf@2.2-service: Unknown params
04-09 00:52:17.071  1296  1296 E ANDR-PERF-DATA-POOL: EventDataPool is Full
04-09 00:52:17.071  1296  1296 E ANDR-PERF-MPCTL: perf request submission limit reached.
04-09 00:52:17.072  1296  1296 E vendor.qti.hardware.perf@2.2-service: Unknown params
04-09 00:52:17.072  1296  1296 E ANDR-PERF-DATA-POOL: EventDataPool is Full
04-09 00:52:17.072  1296  1296 E ANDR-PERF-MPCTL: perf request submission limit reached.
04-09 00:52:17.076  1265  1749 I SDM     : HWDeviceDRM::UpdateMixerAttributes: Mixer WxH 1080x2400-0 for Peripheral
04-09 00:52:17.076  1265  1749 I SDM     : HWCDisplay::SubmitDisplayConfig: Active configuration changed to: 2
04-09 00:52:17.229 22435 22467 I Finsky  : [86] VerifyApps: FEATURE_8309_THRESHOLDS flag is empty
04-09 00:52:17.230 22435 22467 W Finsky  : [86] No dynamic thresholds found for model raccoon_3_3000001_18.
04-09 00:52:17.245 22435 25759 E AbstractLogEventBuilder: The provided ProductIdOrigin 3 is not one of the process-level expected values: 1 or 2
04-09 00:52:17.245 22435 22467 E AbstractLogEventBuilder: The provided ProductIdOrigin 3 is not one of the process-level expected values: 1 or 2
04-09 00:52:17.246 22435 22467 I Finsky  : [86] VerifyApps: APK Analysis scan finished for app.blearn.mobile. Verdict: SAFE
04-09 00:52:17.247 22435 22453 I Finsky  : [72] Apk Analysis Protection verdict logged: 0.
04-09 00:52:17.248 22435 25759 I Finsky  : [314] Apk Analysis scan verification duration=PT2.463S 
04-09 00:52:17.248 22435 25733 I Finsky  : [310] VerifyApps: ScanResultPicker returned for package=app.blearn.mobile: SAFE
04-09 00:52:17.248 22435 25733 I Finsky  : [310] VerifyApps: chooseScanResult returning verdict SAFE for package=app.blearn.mobile
04-09 00:52:17.248 22435 25733 E AbstractLogEventBuilder: The provided ProductIdOrigin 3 is not one of the process-level expected values: 1 or 2
04-09 00:52:17.249 22435 22464 E AbstractLogEventBuilder: The provided ProductIdOrigin 3 is not one of the process-level expected values: 1 or 2
04-09 00:52:17.250 22435 25733 I Finsky  : [310] VerifyApps AdvancedProtection: Verify AP install started
04-09 00:52:17.250 22435 25733 I Finsky  : [310] VerifyApps AdvancedProtection: Allowing install because there are no Advanced Protection users
04-09 00:52:17.251 22435 22435 I Finsky  : [2] VerifyApps AdvancedProtection: Reported Advanced Protection verification result: ALLOW
04-09 00:52:17.254 22435 25733 I Finsky  : [310] Skipping logging for attempted installation. The source is a system package.
04-09 00:52:17.255 22435 25733 I Finsky  : [310] VerifyApps: Returning package verification result id=31, result=ALLOW
04-09 00:52:17.255  2184  4366 I SmartPower: com.google.android.gms/10163(5411): idle->background(140311ms) R(service create com.google.android.gms/.chimera.GmsBoundBrokerService) adj=0.
04-09 00:52:17.257 22435 22435 I Finsky  : [2] VerifyApps: Install-time verification complete: id=31, package_name=app.blearn.mobile
04-09 00:52:17.262  5411  5411 D BoundBrokerSvc: onBind: Intent { act=com.google.android.gms.safetynet.service.START pkg=com.google.android.gms }
04-09 00:52:17.262  5411  5411 D BoundBrokerSvc: Loading bound service for intent: Intent { act=com.google.android.gms.safetynet.service.START pkg=com.google.android.gms }
04-09 00:52:17.265  2184  2767 I PackageManager: Continuing with installation of file:///data/app/vmdl1940708262.tmp
04-09 00:52:17.265  2184  2922 I MiuiNetworkPolicy: updateUidState uid = 99018, uidState = 6
04-09 00:52:17.282  2184  4366 D ActivityManager: checkAllowBackground: uid=10163 pkg=com.google.android.gms rec=UidRecord{aa25102 u0a163 BFGS change:procadj procs:0 seq(523324,2530)} caps=LCMNFU always=false idle=false
04-09 00:52:17.282 24685 24685 I Capacitor/Console: File:  - Line 349 - Msg: [object Object]
04-09 00:52:17.284 24685 24685 V Capacitor/Plugin: To native (Capacitor plugin): callbackId: 30436803, pluginId: ScreenTime, methodName: consumePendingNavigation
04-09 00:52:17.284 24685 24685 V Capacitor: callback: 30436803, pluginId: ScreenTime, methodName: consumePendingNavigation, methodData: {}
04-09 00:52:17.288 24685 25261 D BlearnScreenTime: consume_pending_navigation_empty
04-09 00:52:17.291 24685 24685 I Capacitor/Console: File:  - Line 333 - Msg: undefined
04-09 00:52:17.292  2184  2817 E KamiOpenBrowserWithUrl: openBrowserWithUrl error :
04-09 00:52:17.292  2184  2817 E KamiOpenBrowserWithUrl: android.content.pm.PackageManager$NameNotFoundException: pm
04-09 00:52:17.292  2184  2817 E KamiOpenBrowserWithUrl: 	at android.app.ApplicationPackageManager.getPackageInfoAsUser(ApplicationPackageManager.java:259)
04-09 00:52:17.292  2184  2817 E KamiOpenBrowserWithUrl: 	at android.app.ApplicationPackageManager.getPackageInfo(ApplicationPackageManager.java:219)
04-09 00:52:17.292  2184  2817 E KamiOpenBrowserWithUrl: 	at android.app.ApplicationPackageManager.getPackageInfo(ApplicationPackageManager.java:213)
04-09 00:52:17.292  2184  2817 E KamiOpenBrowserWithUrl: 	at com.android.server.wm.OpenBrowserWithUrlImpl.openBrowserWithUrl(OpenBrowserWithUrlImpl.java:226)
04-09 00:52:17.292  2184  2817 E KamiOpenBrowserWithUrl: 	at com.android.server.wm.ActivityTaskManagerService.startActivityAsUser(ActivityTaskManagerService.java:1487)
04-09 00:52:17.292  2184  2817 E KamiOpenBrowserWithUrl: 	at com.android.server.wm.ActivityTaskManagerService.startActivityAsUser(ActivityTaskManagerService.java:1450)
04-09 00:52:17.292  2184  2817 E KamiOpenBrowserWithUrl: 	at com.android.server.wm.ActivityTaskManagerService.startActivity(ActivityTaskManagerService.java:1425)
04-09 00:52:17.292  2184  2817 E KamiOpenBrowserWithUrl: 	at com.android.server.am.ActivityManagerService.startActivity(ActivityManagerService.java:3455)
04-09 00:52:17.292  2184  2817 E KamiOpenBrowserWithUrl: 	at com.android.server.pm.PmInjector.installVerify(PmInjector.java:65)
04-09 00:52:17.292  2184  2817 E KamiOpenBrowserWithUrl: 	at com.android.server.pm.PackageManagerServiceImpl.verifyInstallFromShell(PackageManagerServiceImpl.java:1233)
04-09 00:52:17.292  2184  2817 E KamiOpenBrowserWithUrl: 	at com.android.server.pm.PackageManagerServiceImpl.assertValidApkAndInstaller(PackageManagerServiceImpl.java:1172)
04-09 00:52:17.292  2184  2817 E KamiOpenBrowserWithUrl: 	at com.android.server.pm.PackageInstallerSession.installNonStaged(PackageInstallerSession.java:3048)
04-09 00:52:17.292  2184  2817 E KamiOpenBrowserWithUrl: 	at com.android.server.pm.PackageInstallerSession.install(PackageInstallerSession.java:2994)
04-09 00:52:17.292  2184  2817 E KamiOpenBrowserWithUrl: 	at com.android.server.pm.PackageInstallerSession.onVerificationComplete(PackageInstallerSession.java:3090)
04-09 00:52:17.292  2184  2817 E KamiOpenBrowserWithUrl: 	at com.android.server.pm.PackageInstallerSession.lambda$verifyNonStaged$3(PackageInstallerSession.java:2970)
04-09 00:52:17.292  2184  2817 E KamiOpenBrowserWithUrl: 	at com.android.server.pm.PackageInstallerSession.$r8$lambda$tSvsq6urlQWyPw6rsQyJ2WpYOB8(Unknown Source:0)
04-09 00:52:17.292  2184  2817 E KamiOpenBrowserWithUrl: 	at com.android.server.pm.PackageInstallerSession$$ExternalSyntheticLambda2.run(Unknown Source:6)
04-09 00:52:17.292  2184  2817 E KamiOpenBrowserWithUrl: 	at android.os.Handler.handleCallback(Handler.java:958)
04-09 00:52:17.292  2184  2817 E KamiOpenBrowserWithUrl: 	at android.os.Handler.dispatchMessage(Handler.java:99)
04-09 00:52:17.292  2184  2817 E KamiOpenBrowserWithUrl: 	at android.os.Looper.loopOnce(Looper.java:222)
04-09 00:52:17.292  2184  2817 E KamiOpenBrowserWithUrl: 	at android.os.Looper.loop(Looper.java:314)
04-09 00:52:17.292  2184  2817 E KamiOpenBrowserWithUrl: 	at android.os.HandlerThread.run(HandlerThread.java:67)
04-09 00:52:17.301 24685 24685 I Capacitor/Console: File:  - Line 349 - Msg: [object Object]
04-09 00:52:17.303 24685 24685 V Capacitor/Plugin: To native (Capacitor plugin): callbackId: 82983402, pluginId: ScreenTime, methodName: consumePendingNavigation
04-09 00:52:17.303 24685 24685 V Capacitor: callback: 82983402, pluginId: ScreenTime, methodName: consumePendingNavigation, methodData: {}
04-09 00:52:17.304 24685 24829 D BlearnScreenTime: consume_pending_navigation_empty
04-09 00:52:17.305 24685 24685 I Capacitor/Console: File:  - Line 333 - Msg: undefined
04-09 00:52:17.309 24630 25765 D AndroidUtils: MCC MNC = 26202
04-09 00:52:17.320 24630 25765 E AD-PLUGIN-SplashController: Get miui intent sender : null
04-09 00:52:17.321 24630 25767 I Ad      : isPersonalizedAdEnabled getAdSettings: 3
04-09 00:52:17.324 24630 24661 D AndroidUtils: MCC MNC = 26202
04-09 00:52:17.326  8508 11153 E SystemAdContentProvider: query flag: 672
04-09 00:52:17.365 22435 22467 D AudioManager: getMode: mode=0, callApp=com.android.vending
04-09 00:52:17.365 22435 22464 D AudioManager: getMode: mode=0, callApp=com.android.vending
04-09 00:52:17.365 22435 22464 D AudioManager: getMode: mode=0, callApp=com.android.vending
04-09 00:52:17.365 22435 22467 D AudioManager: getMode: mode=0, callApp=com.android.vending
04-09 00:52:17.367  5411  5411 D BoundBrokerSvc: onBind: Intent { act=com.google.android.gms.measurement.START pkg=com.google.android.gms }
04-09 00:52:17.367  5411  5411 D BoundBrokerSvc: Loading bound service for intent: Intent { act=com.google.android.gms.measurement.START pkg=com.google.android.gms }
04-09 00:52:17.404  2184  2817 D WindowManager: Collecting in transition 501: ActivityRecord{f25cdcd u0 com.miui.securitycenter/com.miui.permcenter.install.AdbInstallActivity init visibleRequested:false
04-09 00:52:17.404  2184  2817 D MiuiFreeFormManagerService: activeOrFullscreenFreeformTaskIfNeed startDefaultAr:false
04-09 00:52:17.405 24630 24670 E c       : NameNotFound android.uid.system:1000
04-09 00:52:17.406  4073  4317 D OneHandedController: stopOneHanded state is 0
04-09 00:52:17.407  1382  2742 D MI-SF   : mIsSupportAutomodeForMaxFpsSetting is 0(0), getCurrentBrightness() = 898(328), mIsKeepAutoMode 0
04-09 00:52:17.407  1382  2742 D RefreshRateSelector: fixedMode_group: 0, isFindModeGroup 0
04-09 00:52:17.407  1382  2742 D RefreshRateSelector: find max refresh rate:120, mode Group:0
04-09 00:52:17.407  1296  1296 E vendor.qti.hardware.perf@2.2-service: Unknown params
04-09 00:52:17.407  1296  1296 E ANDR-PERF-DATA-POOL: EventDataPool is Full
04-09 00:52:17.407  1296  1296 E ANDR-PERF-MPCTL: perf request submission limit reached.
04-09 00:52:17.407  1296  1296 E vendor.qti.hardware.perf@2.2-service: Unknown params
04-09 00:52:17.407  1296  1296 E ANDR-PERF-DATA-POOL: EventDataPool is Full
04-09 00:52:17.407  1296  1296 E ANDR-PERF-MPCTL: perf request submission limit reached.
04-09 00:52:17.408 24630 25766 I Ad      : isPersonalizedAdEnabled getAdSettings: 3
04-09 00:52:17.410  2184  2817 D WindowManager: setLockTaskAuth: task=Task{de4d193 #14407 type=standard A=1000:com.miui.securitycenter} mLockTaskAuth=LOCK_TASK_AUTH_PINNABLE
