04-09 02:17:42.681  4110  4626 E ActivityManagerWrapper:  mainTaskId=14404   userId=0   windowMode=1   baseIntent=Intent { act=null flag=268435456 cmp=ComponentInfo{app.blearn.mobile/app.blearn.mobile.MainActivity} }
04-09 02:17:42.683  7377  9067 W AiAiAutofill: On activity pause for ContentSelector{packageName=app.blearn.mobile, activityName=app.blearn.mobile.BlockingOverlayActivity, resourceId=null} completing 0 sessions with 1 remaining.
04-09 02:17:42.684  4110  4626 D WorldCirculate: getWorldCirculateInfo, taskInfo.baseIntent=Intent { flg=0x10000000 cmp=app.blearn.mobile/.MainActivity }, displayId=-1, but get Display failed
04-09 02:17:42.691  2184  2507 D WindowManager: Final targets: [Task{8da65c1 #14411 type=standard A=10282:com.google.android.keep}, Task{35ef566 #14416 type=standard A=10030:app.blearn.mobile.blockingoverlay}]
04-09 02:17:42.697  2184  2507 D WindowManager: Calling onTransitionReady info={id=540 t=CLOSE f=0x0 trk=0 r=[0@Point(0, 0)] c=[{WCT{RemoteToken{aa8588f Task{8da65c1 #14411 type=standard A=10282:com.google.android.keep}}} m=TO_FRONT f=MOVE_TO_TOP leash=Surface(name=Task=14411#5341)/@0xc82f6a8 sb=Rect(0, 0 - 1080, 2400) eb=Rect(0, 0 - 1080, 2400) d=0 endFixedRotation=1},{WCT{RemoteToken{6f082ab Task{35ef566 #14416 type=standard A=10030:app.blearn.mobile.blockingoverlay}}} m=CLOSE f=NONE leash=Surface(name=Task=14416#5590)/@0x6e919c1 sb=Rect(0, 0 - 1080, 2400) eb=Rect(0, 0 - 1080, 2400) d=0}] noAni=[false] df=[false] mk=[true] nc=[0]}, mToken=Token{7770e40 TransitionRecord{5680fc2 id=540 type=CLOSE flags=0x0}}
04-09 02:17:42.717  9898 10194 D BlearnScreenTime: consume_pending_navigation_empty
04-09 02:17:42.717  2184  8507 I Transition: finishTransition: updateLastSurfacePosition tf=Task{35ef566 #14416 type=standard A=10030:app.blearn.mobile.blockingoverlay}
04-09 02:17:42.739  9898  9898 D BlearnAccessibility: event: app.blearn.mobile type=32
04-09 02:17:42.739  9898  9898 D BlearnAccessibility: skip: own package
04-09 02:17:42.754  9898  9898 D BlearnAccessibility: event: app.blearn.mobile type=2048
04-09 02:17:42.754  9898  9898 D BlearnAccessibility: skip: own package
04-09 02:17:42.776  4110  4626 E ActivityManagerWrapper:  mainTaskId=14404   userId=0   windowMode=1   baseIntent=Intent { act=null flag=268435456 cmp=ComponentInfo{app.blearn.mobile/app.blearn.mobile.MainActivity} }
04-09 02:17:42.782  4110  4626 D WorldCirculate: getWorldCirculateInfo, taskInfo.baseIntent=Intent { flg=0x10000000 cmp=app.blearn.mobile/.MainActivity }, displayId=-1, but get Display failed
04-09 02:17:42.794  4110  4626 E ActivityManagerWrapper:  mainTaskId=14404   userId=0   windowMode=1   baseIntent=Intent { act=null flag=268435456 cmp=ComponentInfo{app.blearn.mobile/app.blearn.mobile.MainActivity} }
04-09 02:17:42.795  4110  4626 D WorldCirculate: getWorldCirculateInfo, taskInfo.baseIntent=Intent { flg=0x10000000 cmp=app.blearn.mobile/.MainActivity }, displayId=-1, but get Display failed
04-09 02:17:42.822  9898  9898 D BlearnAccessibility: event: com.google.android.keep type=2048
04-09 02:17:42.825  9898  9898 D BlearnAccessibility: match: app com.google.android.keep
04-09 02:17:42.827  9898  9898 D BlearnAccessibility: skip: cooldown active for app:com.google.android.keep
04-09 02:17:42.852  9898  9898 D BlearnAccessibility: event: com.google.android.keep type=32
04-09 02:17:42.853  9898  9898 D BlearnAccessibility: match: app com.google.android.keep
04-09 02:17:42.855  9898  9898 D BlearnAccessibility: skip: cooldown active for app:com.google.android.keep
04-09 02:17:42.994  9898 10194 D BlearnScreenTime: consume_pending_navigation_empty
04-09 02:17:43.067  9898  9898 D BlearnAccessibility: event: app.blearn.mobile type=32
04-09 02:17:43.067  9898  9898 D BlearnAccessibility: skip: own package
04-09 02:17:43.078  9898  9898 D BlearnAccessibility: event: com.google.android.keep type=2048
04-09 02:17:43.082  9898  9898 D BlearnAccessibility: match: app com.google.android.keep
04-09 02:17:43.087  9898  9898 D BlearnAccessibility: skip: cooldown active for app:com.google.android.keep
04-09 02:17:43.182  9898  9898 D BlearnAccessibility: event: com.google.android.keep type=2048
04-09 02:17:43.187  9898  9898 D BlearnAccessibility: match: app com.google.android.keep
04-09 02:17:43.192  9898  9898 D BlearnAccessibility: skip: cooldown active for app:com.google.android.keep
04-09 02:17:43.254  9898 10194 D BlearnScreenTime: consume_pending_navigation_empty
04-09 02:17:43.283  9898  9898 D BlearnAccessibility: event: com.google.android.keep type=2048
04-09 02:17:43.286  9898  9898 D BlearnAccessibility: match: app com.google.android.keep
04-09 02:17:43.291  9898  9898 D BlearnAccessibility: skip: cooldown active for app:com.google.android.keep
04-09 02:17:43.514  9898 10194 D BlearnScreenTime: consume_pending_navigation_empty
04-09 02:17:43.547  2184  8702 I Transition: finishTransition: updateLastSurfacePosition tf=Task{35ef566 #14416 type=standard A=10030:app.blearn.mobile.blockingoverlay}
04-09 02:17:43.591  2184  8702 I SmartPower: app.blearn.mobile/10030(9898): visible->invisible(1069ms) R(become invisible) adj=200.
04-09 02:17:43.591  2184  8702 I SmartPower: app.blearn.mobile/10030(9898): invisible->background(1ms) R(become background) adj=200.
04-09 02:17:43.602  2184  2741 D WindowManager: Set the mSyncState to SYNC_STATE_READY: Window{44a363e u0 app.blearn.mobile/app.blearn.mobile.BlockingOverlayActivity}
04-09 02:17:43.647  9898  9898 D BlearnAccessibility: event: com.google.android.keep type=2048
04-09 02:17:43.648  9898  9898 D BlearnAccessibility: match: app com.google.android.keep
04-09 02:17:43.649  9898  9898 D BlearnAccessibility: skip: cooldown active for app:com.google.android.keep
04-09 02:17:43.663  4081  7166 W DynamicDDSService: appName is not found in cache: app.blearn.mobile
04-09 02:17:43.666  9898  9898 D BlearnBlockingActivity: onDestroy
04-09 02:17:43.669  2184  8702 D CoreBackPreview: Window{44a363e u0 app.blearn.mobile/app.blearn.mobile.BlockingOverlayActivity}: Setting back callback null
04-09 02:17:43.677  2184  8702 W InputManager-JNI: Input channel object '44a363e app.blearn.mobile/app.blearn.mobile.BlockingOverlayActivity (client)' was disposed without first being removed with the input manager!
04-09 02:17:43.683  2184  8702 W InputManager-JNI: Input channel object 'Letterbox_left_ActivityRecord{b8bfaa8 u0 app.blearn.mobile/.BlockingOverlayActivity t14416} (client)' was disposed without first being removed with the input manager!
04-09 02:17:43.683  2184  8702 W InputManager-JNI: Input channel object 'Letterbox_top_ActivityRecord{b8bfaa8 u0 app.blearn.mobile/.BlockingOverlayActivity t14416} (client)' was disposed without first being removed with the input manager!
04-09 02:17:43.683  2184  8702 W InputManager-JNI: Input channel object 'Letterbox_right_ActivityRecord{b8bfaa8 u0 app.blearn.mobile/.BlockingOverlayActivity t14416} (client)' was disposed without first being removed with the input manager!
04-09 02:17:43.684  2184  8702 W InputManager-JNI: Input channel object 'Letterbox_bottom_ActivityRecord{b8bfaa8 u0 app.blearn.mobile/.BlockingOverlayActivity t14416} (client)' was disposed without first being removed with the input manager!
04-09 02:17:43.696  4110  4626 E ActivityManagerWrapper:  mainTaskId=14404   userId=0   windowMode=1   baseIntent=Intent { act=null flag=268435456 cmp=ComponentInfo{app.blearn.mobile/app.blearn.mobile.MainActivity} }
04-09 02:17:43.697  4110  4626 D WorldCirculate: getWorldCirculateInfo, taskInfo.baseIntent=Intent { flg=0x10000000 cmp=app.blearn.mobile/.MainActivity }, displayId=-1, but get Display failed
04-09 02:17:43.721  9898  9898 D BlearnAccessibility: event: com.android.systemui type=2048
04-09 02:17:43.722  9898  9898 D BlearnAccessibility: skip: package outside conservative text allowlist com.android.systemui
04-09 02:17:43.722  9898  9898 D BlearnOverlay: overlay hidden
04-09 02:17:43.727  9898  9898 D BlearnAccessibility: event: com.google.android.keep type=2048
04-09 02:17:43.728  9898  9898 D BlearnAccessibility: match: app com.google.android.keep
04-09 02:17:43.729  9898  9898 D BlearnAccessibility: skip: cooldown active for app:com.google.android.keep
04-09 02:17:43.864  9898  9898 D BlearnAccessibility: event: com.android.systemui type=2048
04-09 02:17:43.865  9898  9898 D BlearnAccessibility: skip: package outside conservative text allowlist com.android.systemui
04-09 02:17:43.865  9898  9898 D BlearnOverlay: overlay hidden
04-09 02:17:43.899  9898  9898 D BlearnAccessibility: event: com.android.systemui type=2048
04-09 02:17:43.903  9898  9898 D BlearnAccessibility: skip: package outside conservative text allowlist com.android.systemui
04-09 02:17:43.904  9898  9898 D BlearnOverlay: overlay hidden
04-09 02:17:43.965  9898  9898 D BlearnAccessibility: event: com.android.systemui type=2048
04-09 02:17:43.969  9898  9898 D BlearnAccessibility: skip: package outside conservative text allowlist com.android.systemui
04-09 02:17:43.969  9898  9898 D BlearnOverlay: overlay hidden
04-09 02:17:45.739  9898  9906 W p.blearn.mobile: ApkAssets: Deleting an ApkAssets object '<empty> and /system_ext/app/miuisystem/miuisystem.apk' with 2 weak references
04-09 02:17:45.740  9898  9906 W p.blearn.mobile: ApkAssets: Deleting an ApkAssets object '<empty> and /product/priv-app/MiLauncherGlobal/MiLauncherGlobal.apk' with 1 weak references
04-09 02:17:45.740  9898  9906 W p.blearn.mobile: ApkAssets: Deleting an ApkAssets object '<empty> and /system_ext/priv-app/MiuiSystemUI/MiuiSystemUI.apk' with 1 weak references
04-09 02:17:45.741  9898  9906 W p.blearn.mobile: ApkAssets: Deleting an ApkAssets object '/product/overlay/GmsSystemUIOverlay.apk' with 1 weak references
04-09 02:17:45.742  9898  9906 W p.blearn.mobile: ApkAssets: Deleting an ApkAssets object '/product/overlay/SystemUIResCommon_Sys.apk' with 1 weak references
04-09 02:17:45.742  9898  9906 W p.blearn.mobile: ApkAssets: Deleting an ApkAssets object '/product/overlay/DevicesOverlay.apk' with 1 weak references
04-09 02:17:45.742  9898  9906 W p.blearn.mobile: ApkAssets: Deleting an ApkAssets object '/product/overlay/MccMncOverlay.apk' with 1 weak references
04-09 02:17:45.742  9898  9906 W p.blearn.mobile: ApkAssets: Deleting an ApkAssets object '<empty> and /data/app/~~6uKh_ZQMqdV1aJyk5fefrw==/com.google.android.keep-DFHwD7BrqIEBOOv9wIJrog==/base.apk' with 1 weak references
04-09 02:17:45.742  9898  9906 W p.blearn.mobile: ApkAssets: Deleting an ApkAssets object '<empty> and /data/app/~~6uKh_ZQMqdV1aJyk5fefrw==/com.google.android.keep-DFHwD7BrqIEBOOv9wIJrog==/split_config.arm64_v8a.apk' with 1 weak references
04-09 02:17:45.742  9898  9906 W p.blearn.mobile: ApkAssets: Deleting an ApkAssets object '<empty> and /data/app/~~6uKh_ZQMqdV1aJyk5fefrw==/com.google.android.keep-DFHwD7BrqIEBOOv9wIJrog==/split_config.de.apk' with 1 weak references
04-09 02:17:45.742  9898  9906 W p.blearn.mobile: ApkAssets: Deleting an ApkAssets object '<empty> and /data/app/~~6uKh_ZQMqdV1aJyk5fefrw==/com.google.android.keep-DFHwD7BrqIEBOOv9wIJrog==/split_config.xxhdpi.apk' with 1 weak references
04-09 02:17:46.592  2184  3148 I SmartPower: app.blearn.mobile/10030(9898): background->idle(3001ms) R(become invisible) adj=905.
04-09 02:17:46.767  2184  3148 I SmartPower: app.blearn.mobile/10030(9898): idle->background(175ms) R(add to whitelist) adj=0.
04-09 02:17:46.793  9898  9898 D BlearnAccessibility: service connected
