04-09 02:26:05.415 13855 13855 D BlearnAccessibility: skip: missing package
04-09 02:26:05.465 13855 14028 D BlearnScreenTime: consume_pending_navigation_empty
04-09 02:26:05.726 13855 14028 D BlearnScreenTime: consume_pending_navigation_empty
04-09 02:26:05.987 13855 14028 D BlearnScreenTime: consume_pending_navigation_empty
04-09 02:26:06.033  2184  2876 D WindowManager: Collecting in transition 585: ActivityRecord{26be3a6 u0 app.blearn.mobile/.BlockingOverlayActivity t14420} init visibleRequested:true
04-09 02:26:06.049  3988  5131 D MiuiBluetoothLatencyMode: ForegroundInfo{mForegroundPackageName='com.mi.android.globallauncher', mForegroundUid=10082, mForegroundPid=4110, mLastForegroundPackageName='app.blearn.mobile', mLastForegroundUid=10030, mLastForegroundPid=13855, mMultiWindowForegroundPackageName='com.mi.android.globallauncher', mMultiWindowForegroundUid=10082, mFlags=0}
04-09 02:26:06.049  8508 30390 I ProcessMonitor: onForegroundInfoChanged: ForegroundInfo{mForegroundPackageName='com.mi.android.globallauncher', mForegroundUid=10082, mForegroundPid=4110, mLastForegroundPackageName='app.blearn.mobile', mLastForegroundUid=10030, mLastForegroundPid=13855, mMultiWindowForegroundPackageName='com.mi.android.globallauncher', mMultiWindowForegroundUid=10082, mFlags=0}
04-09 02:26:06.050  4073  4317 D MiuiFullScreenTaskRepository: addOrUpdateFullScreenTaskInfo taskId=14420, topActivity=ComponentInfo{app.blearn.mobile/app.blearn.mobile.BlockingOverlayActivity}
04-09 02:26:06.050  9679 16327 D PerfEngineController: ForegroundInfo{mForegroundPackageName='com.mi.android.globallauncher', mForegroundUid=10082, mForegroundPid=4110, mLastForegroundPackageName='app.blearn.mobile', mLastForegroundUid=10030, mLastForegroundPid=13855, mMultiWindowForegroundPackageName='com.mi.android.globallauncher', mMultiWindowForegroundUid=10082, mFlags=0}
04-09 02:26:06.050 12404 32386 I GST     : forePkg: com.mi.android.globallauncher, preForePkg: app.blearn.mobile
04-09 02:26:06.051  8508 30390 I GameBoosterService: onForegroundInfoChanged: Cur=com.mi.android.globallauncher	 last=app.blearn.mobile
04-09 02:26:06.055  8508 30390 D GameBoosterService: onGameStatusChange foreground:ForegroundInfo{mForegroundPackageName='com.mi.android.globallauncher', mForegroundUid=10082, mForegroundPid=4110, mLastForegroundPackageName='app.blearn.mobile', mLastForegroundUid=10030, mLastForegroundPid=13855, mMultiWindowForegroundPackageName='com.mi.android.globallauncher', mMultiWindowForegroundUid=10082, mFlags=0}
04-09 02:26:06.066  8508 30390 I BeautyService: onForegroundInfoChanged: Cur=com.mi.android.globallauncher	 last=app.blearn.mobile
04-09 02:26:06.080  7377  9067 W AiAiAutofill: On activity pause for ContentSelector{packageName=app.blearn.mobile, activityName=app.blearn.mobile.BlockingOverlayActivity, resourceId=null} completing 0 sessions with 1 remaining.
04-09 02:26:06.119  2184  2507 D WindowManager: Final targets: [Task{ee261fc #1 type=home}, Task{41a5194 #14420 type=standard A=10030:app.blearn.mobile.blockingoverlay}, WallpaperWindowToken{eaff2a8 token=android.os.BinderProxy@70a9acb}, WallpaperWindowToken{c990fe8 token=android.os.Binder@51ce50b}]
04-09 02:26:06.135  2184  2507 D WindowManager: Calling onTransitionReady info={id=585 t=OPEN f=0x0 trk=0 r=[0@Point(0, 0)] c=[{WCT{RemoteToken{ceea0bc Task{ee261fc #1 type=home}}} m=TO_FRONT f=SHOW_WALLPAPER|MOVE_TO_TOP leash=Surface(name=Task=1#45)/@0x2d6a2ef sb=Rect(0, 0 - 2400, 1080) eb=Rect(0, 0 - 2400, 1080) d=0 endFixedRotation=0},{WCT{RemoteToken{4fdcb5c Task{41a5194 #14420 type=standard A=10030:app.blearn.mobile.blockingoverlay}}} m=TO_BACK f=NONE leash=Surface(name=Task=14420#5901)/@0xfb0b1e7 sb=Rect(0, 0 - 2400, 1080) eb=Rect(0, 0 - 2400, 1080) d=0},{null m=TO_FRONT f=IS_WALLPAPER leash=Surface(name=Surface(name=WallpaperWindowToken{eaff2a8 token=android.os.BinderProxy@70a9acb}#53)/@0x4fad66 - rotation-leash#5926)/@0x6054ca7 sb=Rect(0, 0 - 2400, 1080) eb=Rect(0, 0 - 1080, 2400) d=0 r=1->0:-1},{null m=TO_FRONT f=IS_WALLPAPER leash=Surface(name=Surface(name=WallpaperWindowToken{c990fe8 token=android.os.Binder@51ce50b}#60)/@0xae34294 - rotation-leash#5927)/@0xdc6b554 sb=Rect(0, 0 - 2400, 1080) eb=Rect(0, 0 - 1080, 2400) d=0 r=1->0:-1}] noAni=[false] df=[false] mk=[true] nc=[0]}, mToken=Token{a98fdf2 TransitionRecord{cd907b7 id=585 type=OPEN flags=0x0}}
04-09 02:26:06.151  4110  4110 D WindowTransitionCompat: printLeash::taskInfo = TaskInfo{userId=0 taskId=14420 displayId=0 isRunning=true baseIntent=Intent { flg=0x30810000 cmp=app.blearn.mobile/.BlockingOverlayActivity } baseActivity=ComponentInfo{app.blearn.mobile/app.blearn.mobile.BlockingOverlayActivity} topActivity=ComponentInfo{app.blearn.mobile/app.blearn.mobile.BlockingOverlayActivity} origActivity=null realActivity=ComponentInfo{app.blearn.mobile/app.blearn.mobile.BlockingOverlayActivity} numActivities=1 lastActiveTime=103037250 supportsSplitScreenMultiWindow=true supportsMultiWindow=true resizeMode=1 isResizeable=true minWidth=-1 minHeight=-1 defaultMinSize=200 token=WCT{android.window.IWindowContainerToken$Stub$Proxy@967212a} topActivityType=1 pictureInPictureParams=null shouldDockBigOverlays=false launchIntoPipHostTaskId=-1 lastParentTaskIdBeforePip=-1 displayCutoutSafeInsets=Rect(94, 0 - 0, 0) topActivityInfo=ActivityInfo{d801b1b app.blearn.mobile.BlockingOverlayActivity} launchCookies=[] positionInParent=Point(0, 0) parentTaskId=-1 isFocused=false isVisible=true isVisibleRequested=false isSleeping=false topActivityInSizeCompat=false topActivityInMiuiSizeCompat=false topActivityEligibleForLetterboxEducation= false topActivityLetterboxed= false isFromDoubleTap= false topActivityLetterboxVerticalPosition= -1 topActivityLetterboxHorizontalPosition= -1 topActivityLetterboxWidth=-1 topActivityLetterboxHeight=-1 locusId=null displayAreaFeatureId=1 cameraCompatControlState=hidden mIsCastMode=false mTopActivityMediaSize=null mTopActivityRecordName=ActivityRecord{26be3a6 u0 app.blearn.mobile/.BlockingOverlayActivity t14420} mTopActivityOrientation=-2 mTopActivityWindowIsNowVisible=true isTranslucent=true isEmbedded=false shouldBeVisible=false isImmersive=false mBehindAppLockPkg=null mOriginatingUid=0}
04-09 02:26:06.152  4110  4110 D TransitionUtil: get key :ComponentInfo{app.blearn.mobile/app.blearn.mobile.BlockingOverlayActivity}#14420
04-09 02:26:06.157  4110  4626 E ActivityManagerWrapper:  mainTaskId=14420   userId=0   windowMode=1   baseIntent=Intent { act=null flag=813760512 cmp=ComponentInfo{app.blearn.mobile/app.blearn.mobile.BlockingOverlayActivity} }
04-09 02:26:06.157  4110  4626 E ActivityManagerWrapper:  mainTaskId=14404   userId=0   windowMode=1   baseIntent=Intent { act=null flag=268435456 cmp=ComponentInfo{app.blearn.mobile/app.blearn.mobile.MainActivity} }
04-09 02:26:06.158  4110  4626 D WorldCirculate: getWorldCirculateInfo, taskInfo.baseIntent=Intent { flg=0x10000000 cmp=app.blearn.mobile/.MainActivity }, displayId=-1, but get Display failed
04-09 02:26:06.167  4110  4110 I WindowElement269ec5d: getClosingWindowAnimParams closingTarget=RemoteAnimationTargetCompat{taskId=14420, mode=1, isTranslucent=false, clipRect=Rect(0, 0 - 0, 0), position=Point(0, 0), sourceContainerBounds=Rect(0, 0 - 2400, 1080), prefixOrderIndex=3, isNotInRecents=false, contentInsets=Rect(0, 0 - 0, 0), activityType=1, packageName=app.blearn.mobile, startBounds=Rect(0, 0 - 2400, 1080), windowType=-1}, closingTargets.homeTarget=RemoteAnimationTargetCompat{taskId=1, mode=0, isTranslucent=false, clipRect=Rect(0, 0 - 0, 0), position=Point(0, 0), sourceContainerBounds=Rect(0, 0 - 2400, 1080), prefixOrderIndex=4, isNotInRecents=false, contentInsets=Rect(0, 0 - 0, 0), activityType=2, packageName=com.mi.android.globallauncher, startBounds=Rect(0, 0 - 2400, 1080), windowType=-1}
04-09 02:26:06.167  4110  4110 I WindowAnimParamsProvider: getClosingWindowAnimParams closingTarget=RemoteAnimationTargetCompat{taskId=14420, mode=1, isTranslucent=false, clipRect=Rect(0, 0 - 0, 0), position=Point(0, 0), sourceContainerBounds=Rect(0, 0 - 2400, 1080), prefixOrderIndex=3, isNotInRecents=false, contentInsets=Rect(0, 0 - 0, 0), activityType=1, packageName=app.blearn.mobile, startBounds=Rect(0, 0 - 2400, 1080), windowType=-1}, closingTargets.homeTarget=RemoteAnimationTargetCompat{taskId=1, mode=0, isTranslucent=false, clipRect=Rect(0, 0 - 0, 0), position=Point(0, 0), sourceContainerBounds=Rect(0, 0 - 2400, 1080), prefixOrderIndex=4, isNotInRecents=false, contentInsets=Rect(0, 0 - 0, 0), activityType=2, packageName=com.mi.android.globallauncher, startBounds=Rect(0, 0 - 2400, 1080), windowType=-1}, closingTargets.secondTarget=null
04-09 02:26:06.167  4110  4110 I WindowAnimParamsProvider: getClosingWindowAnimParams target =RemoteAnimationTargetCompat{taskId=14420, mode=1, isTranslucent=false, clipRect=Rect(0, 0 - 0, 0), position=Point(0, 0), sourceContainerBounds=Rect(0, 0 - 2400, 1080), prefixOrderIndex=3, isNotInRecents=false, contentInsets=Rect(0, 0 - 0, 0), activityType=1, packageName=app.blearn.mobile, startBounds=Rect(0, 0 - 2400, 1080), windowType=-1}
04-09 02:26:06.172  4110  4626 E ActivityManagerWrapper:  mainTaskId=14420   userId=0   windowMode=1   baseIntent=Intent { act=null flag=813760512 cmp=ComponentInfo{app.blearn.mobile/app.blearn.mobile.BlockingOverlayActivity} }
04-09 02:26:06.172  4110  4626 E ActivityManagerWrapper:  mainTaskId=14404   userId=0   windowMode=1   baseIntent=Intent { act=null flag=268435456 cmp=ComponentInfo{app.blearn.mobile/app.blearn.mobile.MainActivity} }
04-09 02:26:06.173  4110  4626 D WorldCirculate: getWorldCirculateInfo, taskInfo.baseIntent=Intent { flg=0x10000000 cmp=app.blearn.mobile/.MainActivity }, displayId=-1, but get Display failed
04-09 02:26:06.177  4110  4110 I WindowAnimParamsProvider: getClosingWindowAnimParams getClosingShortcutIcon target= RemoteAnimationTargetCompat{taskId=14420, mode=1, isTranslucent=false, clipRect=Rect(0, 0 - 0, 0), position=Point(0, 0), sourceContainerBounds=Rect(0, 0 - 2400, 1080), prefixOrderIndex=3, isNotInRecents=false, contentInsets=Rect(0, 0 - 0, 0), activityType=1, packageName=app.blearn.mobile, startBounds=Rect(0, 0 - 2400, 1080), windowType=-1}
04-09 02:26:06.182  4110  4110 E ActivityManagerWrapper:  mainTaskId=14420   userId=0   windowMode=1   baseIntent=Intent { act=null flag=813760512 cmp=ComponentInfo{app.blearn.mobile/app.blearn.mobile.BlockingOverlayActivity} }
04-09 02:26:06.182  4110  4110 E ActivityManagerWrapper:  mainTaskId=14404   userId=0   windowMode=1   baseIntent=Intent { act=null flag=268435456 cmp=ComponentInfo{app.blearn.mobile/app.blearn.mobile.MainActivity} }
04-09 02:26:06.185  4110  4110 D WorldCirculate: getWorldCirculateInfo, taskInfo.baseIntent=Intent { flg=0x10000000 cmp=app.blearn.mobile/.MainActivity }, displayId=-1, but get Display failed
04-09 02:26:06.187  4110  4110 I WindowAnimParamsProvider: getClosingWindowAnimParams getClosingShortcutIcon task after=  [TaskKey{id=14420, stackId=0, baseIntent=Intent { flg=0x30810000 cmp=app.blearn.mobile/.BlockingOverlayActivity }, userId=0, lastActiveTime=103037250, windowingMode=1, isThumbnailBlur=false, isScreening=false, topActivity=ComponentInfo{app.blearn.mobile/app.blearn.mobile.BlockingOverlayActivity}, mHashCode=430509772}, title=Blearn, titleDescription=Blearn, bounds=null, isLaunchTarget=true, isStackTask=true, isSystemApp=false, isDockable=true, baseActivity=ComponentInfo{app.blearn.mobile/app.blearn.mobile.BlockingOverlayActivity}, isLocked=false, isAccessLocked=false, mNeedHide=false, hasMultipleTasks=false, cti1Key=, cti2Key=] 
04-09 02:26:06.187  4110  4110 D WindowAnimParamsProvider: getClosingShortcutIcon:CloseShortcutIconUtils.getCloseShortcutIcon  cn=ComponentInfo{app.blearn.mobile/app.blearn.mobile.BlockingOverlayActivity}   userId=0
04-09 02:26:06.189  4110  4110 D Launcher: getShowingShortcutIcon, ignore component=ComponentInfo{app.blearn.mobile/app.blearn.mobile.BlockingOverlayActivity} className, find result=[Item(id=863 type=0)]
04-09 02:26:06.250 13855 14028 D BlearnScreenTime: consume_pending_navigation_empty
04-09 02:26:06.358 13855 13855 D BlearnAccessibility: event: com.mi.android.globallauncher type=32
04-09 02:26:06.370 13855 13855 D BlearnAccessibility: skip: package outside conservative text allowlist com.mi.android.globallauncher
04-09 02:26:06.371 13855 13855 D BlearnOverlay: overlay hidden
04-09 02:26:06.512 13855 14028 D BlearnScreenTime: consume_pending_navigation_empty
04-09 02:26:06.773 13855 14028 D BlearnScreenTime: consume_pending_navigation_empty
04-09 02:26:06.883  2184  4767 I SmartPower: app.blearn.mobile/10030(13855): visible->invisible(9119ms) R(become invisible) adj=200.
04-09 02:26:06.884  2184  4767 I SmartPower: app.blearn.mobile/10030(13855): invisible->background(0ms) R(become background) adj=200.
04-09 02:26:06.896  2184  8637 D WindowManager: Set the mSyncState to SYNC_STATE_READY: Window{93d4967 u0 app.blearn.mobile/app.blearn.mobile.BlockingOverlayActivity}
04-09 02:26:06.936  4073  4317 D MiuiFullScreenTaskRepository: addOrUpdateFullScreenTaskInfo taskId=14420, topActivity=ComponentInfo{app.blearn.mobile/app.blearn.mobile.BlockingOverlayActivity}
04-09 02:26:06.970  4081  4255 I DynamicDDSService: handleMessage(ACTIVITY_SUSPEND{appInfo=app.blearn.mobile isFullScreen=}true)
04-09 02:26:07.004 13855 13855 D BlearnAccessibility: event: com.android.systemui type=2048
04-09 02:26:07.006 13855 13855 D BlearnAccessibility: skip: package outside conservative text allowlist com.android.systemui
04-09 02:26:07.006 13855 13855 D BlearnOverlay: overlay hidden
04-09 02:26:07.166 13855 13855 D BlearnAccessibility: event: com.android.systemui type=2048
04-09 02:26:07.169 13855 13855 D BlearnAccessibility: skip: package outside conservative text allowlist com.android.systemui
04-09 02:26:07.169 13855 13855 D BlearnOverlay: overlay hidden
04-09 02:26:07.178 13855 13855 D BlearnAccessibility: event: com.android.systemui type=2048
04-09 02:26:07.196 13855 13855 D BlearnAccessibility: skip: package outside conservative text allowlist com.android.systemui
04-09 02:26:07.196 13855 13855 D BlearnOverlay: overlay hidden
04-09 02:26:07.268 13855 13855 D BlearnAccessibility: event: com.android.systemui type=2048
04-09 02:26:07.276 13855 13855 D BlearnAccessibility: skip: package outside conservative text allowlist com.android.systemui
04-09 02:26:07.276 13855 13855 D BlearnOverlay: overlay hidden
04-09 02:26:07.278  4110  4626 E ActivityManagerWrapper:  mainTaskId=14420   userId=0   windowMode=1   baseIntent=Intent { act=null flag=813760512 cmp=ComponentInfo{app.blearn.mobile/app.blearn.mobile.BlockingOverlayActivity} }
04-09 02:26:07.278  4110  4626 E ActivityManagerWrapper:  mainTaskId=14404   userId=0   windowMode=1   baseIntent=Intent { act=null flag=268435456 cmp=ComponentInfo{app.blearn.mobile/app.blearn.mobile.MainActivity} }
04-09 02:26:07.281  4110  4626 D WorldCirculate: getWorldCirculateInfo, taskInfo.baseIntent=Intent { flg=0x10000000 cmp=app.blearn.mobile/.MainActivity }, displayId=-1, but get Display failed
04-09 02:26:07.290  4110  4626 E ActivityManagerWrapper:  mainTaskId=14420   userId=0   windowMode=1   baseIntent=Intent { act=null flag=813760512 cmp=ComponentInfo{app.blearn.mobile/app.blearn.mobile.BlockingOverlayActivity} }
04-09 02:26:07.290  4110  4626 E ActivityManagerWrapper:  mainTaskId=14404   userId=0   windowMode=1   baseIntent=Intent { act=null flag=268435456 cmp=ComponentInfo{app.blearn.mobile/app.blearn.mobile.MainActivity} }
04-09 02:26:07.291  4110  4626 D WorldCirculate: getWorldCirculateInfo, taskInfo.baseIntent=Intent { flg=0x10000000 cmp=app.blearn.mobile/.MainActivity }, displayId=-1, but get Display failed
04-09 02:26:07.380 13855 13855 D BlearnAccessibility: event: com.google.android.keep type=2048
04-09 02:26:07.395 13855 13855 D BlearnAccessibility: match: app com.google.android.keep
04-09 02:26:07.402 13855 13855 D BlearnAccessibility: resolved target app:com.google.android.keep mode=strict deck=null
04-09 02:26:07.403 13855 13855 D BlearnAccessibility: show overlay for app:com.google.android.keep
04-09 02:26:07.403 13855 13855 D BlearnOverlay: overlay hidden
04-09 02:26:07.413  2184  8637 I SmartPower: app.blearn.mobile/10030(13855): background->visible(530ms) R(become visible) adj=200.
04-09 02:26:07.417  2184  8637 D WindowManager: wms.Input focus has changed to Window{5828358 u0 app.blearn.mobile} display=0 updateInputWindows = false
04-09 02:26:07.422  2184  2507 D WindowManager: wms.Focus not requested for window=Window{5828358 u0 app.blearn.mobile} because it has no surface or is not focusable.
04-09 02:26:07.424 13855 13855 D BlearnOverlay: overlay shield shown for app:com.google.android.keep mode=strict
04-09 02:26:07.426  2184  3818 D CoreBackPreview: Window{5828358 u0 app.blearn.mobile}: Setting back callback OnBackInvokedCallbackInfo{mCallback=android.window.IOnBackInvokedCallback$Stub$Proxy@58d116e, mPriority=0, mIsAnimationCallback=false}
04-09 02:26:07.430 13855 13855 W p.blearn.mobile: type=1400 audit(0.0:40094): avc:  denied  { read } for  name="u:object_r:vendor_display_prop:s0" dev="tmpfs" ino=2509 scontext=u:r:untrusted_app:s0:c30,c256,c512,c768 tcontext=u:object_r:vendor_display_prop:s0 tclass=file permissive=0 app=app.blearn.mobile
04-09 02:26:07.443  2184  8637 D WindowManager: wms.finishDrawingLocked: mDrawState=COMMIT_DRAW_PENDING Window{5828358 u0 app.blearn.mobile} in Surface(name=#5950)/@0x174200f
04-09 02:26:07.443 13855 13855 D BlearnAccessibility: event: com.google.android.keep type=32
04-09 02:26:07.444 13855 13855 D BlearnAccessibility: match: app com.google.android.keep
04-09 02:26:07.444  2184  2507 I WindowManager: wms.showSurfaceRobustly mWin:Window{5828358 u0 app.blearn.mobile}
04-09 02:26:07.445 13855 13855 D BlearnAccessibility: skip: overlay_already_visible for app:com.google.android.keep
04-09 02:26:07.446 13855 13855 D BlearnAccessibility: open intervention from overlay for app:com.google.android.keep
04-09 02:26:07.474  2184  8637 D WindowManager: Collecting in transition 589: ActivityRecord{471e046 u0 app.blearn.mobile/.BlockingOverlayActivity init visibleRequested:false
04-09 02:26:07.476  2184  8637 D MiuiFreeFormManagerService: onStartActivityInner as = Task{41a5194 #14420 type=standard A=10030:app.blearn.mobile.blockingoverlay} op = null
04-09 02:26:07.478  2184  8637 D WindowManager: setLockTaskAuth: task=Task{41a5194 #14420 type=standard A=10030:app.blearn.mobile.blockingoverlay} mLockTaskAuth=LOCK_TASK_AUTH_PINNABLE
04-09 02:26:07.479  2184  8637 D PerfStubImpl: perfWarmLaunchBoost: app.blearn.mobile, -1, 1
04-09 02:26:07.480  2184  8637 D WindowManager: Collecting in transition 589: ActivityRecord{471e046 u0 app.blearn.mobile/.BlockingOverlayActivity t-1} init visibleRequested:false
04-09 02:26:07.481  2184  8637 I ActivityTaskManager: START u0 {flg=0x30810000 cmp=app.blearn.mobile/.BlockingOverlayActivity (has extras)} with LAUNCH_SINGLE_TASK from uid 10030 from pid 13855 callingPackage app.blearn.mobile (BAL_ALLOW_VISIBLE_WINDOW) result code=2
04-09 02:26:07.488  2184  8802 I ImeTracker: app.blearn.mobile:303c5f4a: onRequestHide at ORIGIN_SERVER_HIDE_INPUT reason HIDE_UNSPECIFIED_WINDOW
04-09 02:26:07.488  2184  8802 I ImeTracker: app.blearn.mobile:303c5f4a: onCancelled at PHASE_SERVER_SHOULD_HIDE
04-09 02:26:07.491  4073  4073 I FocusedNotifPromptContr: onTopActivityMayChanged: topActivity=app.blearn.mobile
04-09 02:26:07.491  4073  4073 I FocusedNotifPromptContr: topActivityMayChanged: topActivity=app.blearn.mobile
04-09 02:26:07.491  4073  4073 D KeyguardEditorHelper: onTopActivityMayChanged, topActivity=ComponentInfo{app.blearn.mobile/app.blearn.mobile.BlockingOverlayActivity}; mState=IDEL
04-09 02:26:07.491  2184  8637 D PerfStubImpl: perfWarmLaunchBoost: app.blearn.mobile, -1, 1
04-09 02:26:07.492  2184  8637 D WindowManager: Collecting in transition 589: ActivityRecord{26be3a6 u0 app.blearn.mobile/.BlockingOverlayActivity t14420} init visibleRequested:false
04-09 02:26:07.492 23840 23840 I GoogleInputMethodService: GoogleInputMethodService.onStartInput():1444 onStartInput(EditorInfo{EditorInfo{packageName=app.blearn.mobile, inputType=0, inputTypeString=NULL, enableLearning=false, autoCorrection=false, autoComplete=false, imeOptions=0, privateImeOptions=null, actionName=UNSPECIFIED, actionLabel=null, initialSelStart=-1, initialSelEnd=-1, initialCapsMode=0, label=null, fieldId=0, fieldName=null, extras=Bundle[mParcelledData.dataSize=72], hintText=null, hintLocales=[]}}, false)
04-09 02:26:07.493  2184  8464 W PackageConfigPersister: App-specific configuration not found for packageName: app.blearn.mobile and userId: 0
04-09 02:26:07.496  4073  4317 D WindowManagerShell: onActivityRestartAttempt: ComponentInfo{app.blearn.mobile/app.blearn.mobile.BlockingOverlayActivity}
04-09 02:26:07.497  2184  8637 D WindowManager: Collecting in transition 589: ActivityRecord{26be3a6 u0 app.blearn.mobile/.BlockingOverlayActivity t14420} init visibleRequested:true
04-09 02:26:07.499  2184  8637 I PowerManagerServiceImpl: Acquire wakelock: SCREEN_BRIGHT_WAKE_LOCK        'WindowManager/displayId:0' ON_AFTER_RELEASE (uid=1000 pid=2184 pkg=android ws=WorkSource{10030 app.blearn.mobile})
04-09 02:26:07.502  2184  8637 I BLASTSyncEngine: SyncGroup 589:  Unfinished container:ActivityRecord{26be3a6 u0 app.blearn.mobile/.BlockingOverlayActivity t14420}
04-09 02:26:07.502  2184  8637 I BLASTSyncEngine: isActivitySyncFinished isSyncFinished false ActivityRecord{26be3a6 u0 app.blearn.mobile/.BlockingOverlayActivity t14420}
04-09 02:26:07.503  4073  4317 D MiuiFullScreenTaskRepository: setFocusedTask taskId=14420, displayId=0, topActivity=ComponentInfo{app.blearn.mobile/app.blearn.mobile.BlockingOverlayActivity}
04-09 02:26:07.503  4073  4317 D MiuiFullScreenTaskRepository: addOrUpdateFullScreenTaskInfo taskId=14420, topActivity=ComponentInfo{app.blearn.mobile/app.blearn.mobile.BlockingOverlayActivity}
04-09 02:26:07.503  4073  4317 D MiuiDesktopModeController: onFocusTaskChanged newFocus: TaskInfo{userId=0 taskId=14420 displayId=0 isRunning=true baseIntent=Intent { flg=0x30810000 cmp=app.blearn.mobile/.BlockingOverlayActivity } baseActivity=ComponentInfo{app.blearn.mobile/app.blearn.mobile.BlockingOverlayActivity} topActivity=ComponentInfo{app.blearn.mobile/app.blearn.mobile.BlockingOverlayActivity} origActivity=null realActivity=ComponentInfo{app.blearn.mobile/app.blearn.mobile.BlockingOverlayActivity} numActivities=1 lastActiveTime=103038710 supportsSplitScreenMultiWindow=true supportsMultiWindow=true resizeMode=1 isResizeable=true minWidth=-1 minHeight=-1 defaultMinSize=200 token=WCT{android.window.IWindowContainerToken$Stub$Proxy@2086340} topActivityType=1 pictureInPictureParams=null shouldDockBigOverlays=false launchIntoPipHostTaskId=-1 lastParentTaskIdBeforePip=-1 displayCutoutSafeInsets=Rect(0, 94 - 0, 0) topActivityInfo=ActivityInfo{f4ff279 app.blearn.mobile.BlockingOverlayActivity} launchCookies=[] positionInParent=Point(0, 0) parentTaskId=-1 isFocused=true isVisible=false isVisibleRequested=true isSleeping=false topActivityInSizeCompat=false topActivityInMiuiSizeCompat=false topActivityEligibleForLetterboxEducation= false topActivityLetterboxed= false isFromDoubleTap= false topActivityLetterboxVerticalPosition= -1 topActivityLetterboxHorizontalPosition= -1 topActivityLetterboxWidth=-1 topActivityLetterboxHeight=-1 locusId=null displayAreaFeatureId=1 cameraCompatControlState=hidden mIsCastMode=false mTopActivityMediaSize=null mTopActivityRecordName=ActivityRecord{26be3a6 u0 app.blearn.mobile/.BlockingOverlayActivity t14420} mTopActivityOrientation=-1 mTopActivityWindowIsNowVisible=false isTranslucent=false isEmbedded=false shouldBeVisible=true isImmersive=false mBehindAppLockPkg=null mOriginatingUid=0}
04-09 02:26:07.503  4073  4317 D MiuiFreeformModeController: onFocusTaskChanged taskInfo: TaskInfo{userId=0 taskId=14420 displayId=0 isRunning=true baseIntent=Intent { flg=0x30810000 cmp=app.blearn.mobile/.BlockingOverlayActivity } baseActivity=ComponentInfo{app.blearn.mobile/app.blearn.mobile.BlockingOverlayActivity} topActivity=ComponentInfo{app.blearn.mobile/app.blearn.mobile.BlockingOverlayActivity} origActivity=null realActivity=ComponentInfo{app.blearn.mobile/app.blearn.mobile.BlockingOverlayActivity} numActivities=1 lastActiveTime=103038710 supportsSplitScreenMultiWindow=true supportsMultiWindow=true resizeMode=1 isResizeable=true minWidth=-1 minHeight=-1 defaultMinSize=200 token=WCT{android.window.IWindowContainerToken$Stub$Proxy@2086340} topActivityType=1 pictureInPictureParams=null shouldDockBigOverlays=false launchIntoPipHostTaskId=-1 lastParentTaskIdBeforePip=-1 displayCutoutSafeInsets=Rect(0, 94 - 0, 0) topActivityInfo=ActivityInfo{f4ff279 app.blearn.mobile.BlockingOverlayActivity} launchCookies=[] positionInParent=Point(0, 0) parentTaskId=-1 isFocused=true isVisible=false isVisibleRequested=true isSleeping=false topActivityInSizeCompat=false topActivityInMiuiSizeCompat=false topActivityEligibleForLetterboxEducation= false topActivityLetterboxed= false isFromDoubleTap= false topActivityLetterboxVerticalPosition= -1 topActivityLetterboxHorizontalPosition= -1 topActivityLetterboxWidth=-1 topActivityLetterboxHeight=-1 locusId=null displayAreaFeatureId=1 cameraCompatControlState=hidden mIsCastMode=false mTopActivityMediaSize=null mTopActivityRecordName=ActivityRecord{26be3a6 u0 app.blearn.mobile/.BlockingOverlayActivity t14420} mTopActivityOrientation=-1 mTopActivityWindowIsNowVisible=false isTranslucent=false isEmbedded=false shouldBeVisible=true isImmersive=false mBehindAppLockPkg=null mOriginatingUid=0}
04-09 02:26:07.509 13855 13855 D BlearnMainActivity: BlockingOverlayActivity onResume pending navigation for app:com.google.android.keep
04-09 02:26:07.517  3988  5131 D MiuiBluetoothLatencyMode: ForegroundInfo{mForegroundPackageName='app.blearn.mobile', mForegroundUid=10030, mForegroundPid=13855, mLastForegroundPackageName='com.google.android.keep', mLastForegroundUid=10282, mLastForegroundPid=28028, mMultiWindowForegroundPackageName='app.blearn.mobile', mMultiWindowForegroundUid=10030, mFlags=0}
04-09 02:26:07.518  9679 12609 D PerfEngineController: ForegroundInfo{mForegroundPackageName='app.blearn.mobile', mForegroundUid=10030, mForegroundPid=13855, mLastForegroundPackageName='com.google.android.keep', mLastForegroundUid=10282, mLastForegroundPid=28028, mMultiWindowForegroundPackageName='app.blearn.mobile', mMultiWindowForegroundUid=10030, mFlags=0}
04-09 02:26:07.519  8508 28603 I ProcessMonitor: onForegroundInfoChanged: ForegroundInfo{mForegroundPackageName='app.blearn.mobile', mForegroundUid=10030, mForegroundPid=13855, mLastForegroundPackageName='com.google.android.keep', mLastForegroundUid=10282, mLastForegroundPid=28028, mMultiWindowForegroundPackageName='app.blearn.mobile', mMultiWindowForegroundUid=10030, mFlags=0}
04-09 02:26:07.521  8508 28603 I GameBoosterService: onForegroundInfoChanged: Cur=app.blearn.mobile	 last=com.google.android.keep
04-09 02:26:07.521  8508 28603 D GameBoosterService: onGameStatusChange foreground:ForegroundInfo{mForegroundPackageName='app.blearn.mobile', mForegroundUid=10030, mForegroundPid=13855, mLastForegroundPackageName='com.google.android.keep', mLastForegroundUid=10282, mLastForegroundPid=28028, mMultiWindowForegroundPackageName='app.blearn.mobile', mMultiWindowForegroundUid=10030, mFlags=0}
04-09 02:26:07.522 12404 32386 I GST     : forePkg: app.blearn.mobile, preForePkg: com.google.android.keep
04-09 02:26:07.524  2184  8637 D CoreBackPreview: Window{5828358 u0 app.blearn.mobile}: Setting back callback null
04-09 02:26:07.526  8508 28603 I BeautyService: onForegroundInfoChanged: Cur=app.blearn.mobile	 last=com.google.android.keep
04-09 02:26:07.530  2184  8802 W InputManager-JNI: Input channel object '5828358 app.blearn.mobile (client)' was disposed without first being removed with the input manager!
04-09 02:26:07.536  2184  8802 I PowerManagerServiceImpl: Release wakelock: SCREEN_BRIGHT_WAKE_LOCK        'WindowManager/displayId:0' ON_AFTER_RELEASE DISABLED ACQ=-37ms (uid=1000 pid=2184 pkg=android ws=WorkSource{10030 app.blearn.mobile})
04-09 02:26:07.538  2184  8802 I BLASTSyncEngine: SyncGroup 589:  Unfinished container:ActivityRecord{26be3a6 u0 app.blearn.mobile/.BlockingOverlayActivity t14420}
04-09 02:26:07.538  2184  8802 I BLASTSyncEngine: isActivitySyncFinished isSyncFinished false ActivityRecord{26be3a6 u0 app.blearn.mobile/.BlockingOverlayActivity t14420}
04-09 02:26:07.543  2184  8802 I SmartPower: app.blearn.mobile/10030(13855): visible->invisible(130ms) R(become invisible) adj=0.
04-09 02:26:07.544  2184  8802 I SmartPower: app.blearn.mobile/10030(13855): invisible->background(0ms) R(become background) adj=0.
04-09 02:26:07.544 13855 13855 D BlearnOverlay: overlay hidden
04-09 02:26:07.556  4073  5553 D MiuiFreeformModeObserver: activityResumed() intent： Intent { cmp=app.blearn.mobile/.BlockingOverlayActivity (has extras) }
04-09 02:26:07.556  4110  4110 D RecentsImpl: mActivityStateObserver app.blearn.mobile.BlockingOverlayActivity
04-09 02:26:07.557  4110  4110 W RecentsImpl: onResumed className=app.blearn.mobile.BlockingOverlayActivity   mIsInAnotherPro=false   isKeyguardLocked=false   mIsStatusBarExpansion=false   mSecuritySpaceGuideShown=false
04-09 02:26:07.563  2184  8464 I BLASTSyncEngine: SyncGroup 589:  Unfinished container:ActivityRecord{26be3a6 u0 app.blearn.mobile/.BlockingOverlayActivity t14420}
04-09 02:26:07.563  2184  8464 I BLASTSyncEngine: isActivitySyncFinished isSyncFinished false ActivityRecord{26be3a6 u0 app.blearn.mobile/.BlockingOverlayActivity t14420}
04-09 02:26:07.571  2184  8464 D WindowManager: wms.Input focus has changed to Window{93d4967 u0 app.blearn.mobile/app.blearn.mobile.BlockingOverlayActivity} display=0 updateInputWindows = true
04-09 02:26:07.570 13855 13855 W p.blearn.mobile: type=1400 audit(0.0:40095): avc:  denied  { read } for  name="u:object_r:vendor_display_prop:s0" dev="tmpfs" ino=2509 scontext=u:r:untrusted_app:s0:c30,c256,c512,c768 tcontext=u:object_r:vendor_display_prop:s0 tclass=file permissive=0 app=app.blearn.mobile
04-09 02:26:07.580  2184  4183 I BLASTSyncEngine: SyncGroup 589:  Unfinished container:ActivityRecord{26be3a6 u0 app.blearn.mobile/.BlockingOverlayActivity t14420}
04-09 02:26:07.580  2184  4183 I BLASTSyncEngine: isActivitySyncFinished isSyncFinished false ActivityRecord{26be3a6 u0 app.blearn.mobile/.BlockingOverlayActivity t14420}
04-09 02:26:07.585 13855 13855 D BlearnAccessibility: event: app.blearn.mobile type=2048
04-09 02:26:07.585 13855 13855 D BlearnAccessibility: skip: own package during handoff
04-09 02:26:07.585 13855 13855 D BlearnAccessibility: event: app.blearn.mobile type=32
04-09 02:26:07.585 13855 13855 D BlearnAccessibility: skip: own package during handoff
04-09 02:26:07.590  2184  2507 I BLASTSyncEngine: SyncGroup 589:  Unfinished container:ActivityRecord{26be3a6 u0 app.blearn.mobile/.BlockingOverlayActivity t14420}
04-09 02:26:07.590  2184  2507 I BLASTSyncEngine: isActivitySyncFinished isSyncFinished false ActivityRecord{26be3a6 u0 app.blearn.mobile/.BlockingOverlayActivity t14420}
04-09 02:26:07.591  2184  8802 D WindowManager: wms.finishDrawingLocked: mDrawState=COMMIT_DRAW_PENDING Window{93d4967 u0 app.blearn.mobile/app.blearn.mobile.BlockingOverlayActivity} in Surface(name=app.blearn.mobile/app.blearn.mobile.BlockingOverlayActivity#5955)/@0xf028db8
04-09 02:26:07.596  2184  2741 I SmartPower: app.blearn.mobile/10030(13855): background->visible(53ms) R(become visible) adj=0.
04-09 02:26:07.597  2184  2741 I WindowManager: wms.showSurfaceRobustly mWin:Window{93d4967 u0 app.blearn.mobile/app.blearn.mobile.BlockingOverlayActivity}
04-09 02:26:07.598  2184  2741 D WindowManager: Final targets: [Task{41a5194 #14420 type=standard A=10030:app.blearn.mobile.blockingoverlay}, Task{8da65c1 #14411 type=standard A=10282:com.google.android.keep}]
04-09 02:26:07.604  2184  2741 D WindowManager: Calling onTransitionReady info={id=589 t=OPEN f=0x0 trk=0 r=[0@Point(0, 0)] c=[{WCT{RemoteToken{4fdcb5c Task{41a5194 #14420 type=standard A=10030:app.blearn.mobile.blockingoverlay}}} m=TO_FRONT f=MOVE_TO_TOP leash=Surface(name=Task=14420#5901)/@0xfb0b1e7 sb=Rect(0, 0 - 1080, 2400) eb=Rect(0, 0 - 1080, 2400) d=0 endFixedRotation=1},{WCT{RemoteToken{aa8588f Task{8da65c1 #14411 type=standard A=10282:com.google.android.keep}}} m=TO_BACK f=NONE leash=Surface(name=Task=14411#5341)/@0xc82f6a8 sb=Rect(0, 0 - 1080, 2400) eb=Rect(0, 0 - 1080, 2400) d=0}] noAni=[false] df=[false] mk=[true] nc=[0]}, mToken=Token{10d4e8 TransitionRecord{2f60207 id=589 type=OPEN flags=0x0}}
04-09 02:26:07.607 13855 14028 D BlearnScreenTime: consume_pending_navigation app:com.google.android.keep
04-09 02:26:07.609  4073  4317 D MiuiFullScreenTaskRepository: setFocusedTask taskId=14420, displayId=0, topActivity=ComponentInfo{app.blearn.mobile/app.blearn.mobile.BlockingOverlayActivity}
04-09 02:26:07.609  4073  4317 D MiuiFullScreenTaskRepository: addOrUpdateFullScreenTaskInfo taskId=14420, topActivity=ComponentInfo{app.blearn.mobile/app.blearn.mobile.BlockingOverlayActivity}
04-09 02:26:07.626 13855 14028 D BlearnScreenTime: blocking_overlay_dismissed
04-09 02:26:07.627  2184  8802 D WindowManager: Collecting in transition 590: Task{41a5194 #14420 type=standard A=10030:app.blearn.mobile.blockingoverlay} init visibleRequested:true
04-09 02:26:07.630 13855 14007 D Capacitor: Handling local request: https://localhost/blearn-mark.svg
04-09 02:26:07.630  2184  8802 D MiuiFreeFormGestureController: deliverResultForFinishActivity resultTo: null resultFrom: ActivityRecord{26be3a6 u0 app.blearn.mobile/.BlockingOverlayActivity t14420 f}} isInVideoOrGameScene: false intent: Intent { flg=0x30810000 cmp=app.blearn.mobile/.BlockingOverlayActivity (has extras) }
04-09 02:26:07.630  2184  8802 D WindowManager: Collecting in transition 590: Task{41a5194 #14420 type=standard A=10030:app.blearn.mobile.blockingoverlay} init visibleRequested:true
04-09 02:26:07.631  2184  8802 D WindowManager: Collecting in transition 590: ActivityRecord{26be3a6 u0 app.blearn.mobile/.BlockingOverlayActivity t14420 f}} init visibleRequested:true
04-09 02:26:07.646  2184  2507 D WindowManager: wms.Focus not requested for window=Window{93d4967 u0 app.blearn.mobile/app.blearn.mobile.BlockingOverlayActivity} because it has no surface or is not focusable.
04-09 02:26:07.690  4110  4110 I TransitionCallback: clear leash = Surface(name=TL_Surface(name=Task=14420#5901)/@0x542ada5_transition-leash#5930)/@0x2ae25f6, key = ComponentInfo{app.blearn.mobile/app.blearn.mobile.BlockingOverlayActivity}#14420
04-09 02:26:07.696  3988  5131 D MiuiBluetoothLatencyMode: ForegroundInfo{mForegroundPackageName='com.google.android.keep', mForegroundUid=10282, mForegroundPid=28028, mLastForegroundPackageName='app.blearn.mobile', mLastForegroundUid=10030, mLastForegroundPid=13855, mMultiWindowForegroundPackageName='com.google.android.keep', mMultiWindowForegroundUid=10282, mFlags=0}
04-09 02:26:07.696  8508 28603 I ProcessMonitor: onForegroundInfoChanged: ForegroundInfo{mForegroundPackageName='com.google.android.keep', mForegroundUid=10282, mForegroundPid=28028, mLastForegroundPackageName='app.blearn.mobile', mLastForegroundUid=10030, mLastForegroundPid=13855, mMultiWindowForegroundPackageName='com.google.android.keep', mMultiWindowForegroundUid=10282, mFlags=0}
04-09 02:26:07.696  9679 12609 D PerfEngineController: ForegroundInfo{mForegroundPackageName='com.google.android.keep', mForegroundUid=10282, mForegroundPid=28028, mLastForegroundPackageName='app.blearn.mobile', mLastForegroundUid=10030, mLastForegroundPid=13855, mMultiWindowForegroundPackageName='com.google.android.keep', mMultiWindowForegroundUid=10282, mFlags=0}
04-09 02:26:07.702  8508 28603 I GameBoosterService: onForegroundInfoChanged: Cur=com.google.android.keep	 last=app.blearn.mobile
04-09 02:26:07.703 12404 32386 I GST     : forePkg: com.google.android.keep, preForePkg: app.blearn.mobile
04-09 02:26:07.704  8508 28603 D GameBoosterService: onGameStatusChange foreground:ForegroundInfo{mForegroundPackageName='com.google.android.keep', mForegroundUid=10282, mForegroundPid=28028, mLastForegroundPackageName='app.blearn.mobile', mLastForegroundUid=10030, mLastForegroundPid=13855, mMultiWindowForegroundPackageName='com.google.android.keep', mMultiWindowForegroundUid=10282, mFlags=0}
04-09 02:26:07.723  8508 28603 I BeautyService: onForegroundInfoChanged: Cur=com.google.android.keep	 last=app.blearn.mobile
04-09 02:26:07.726 13855 14028 D BlearnScreenTime: pending_navigation_completed
04-09 02:26:07.732  7377  9067 W AiAiAutofill: On activity pause for ContentSelector{packageName=app.blearn.mobile, activityName=app.blearn.mobile.BlockingOverlayActivity, resourceId=null} completing 0 sessions with 1 remaining.
04-09 02:26:07.739  4110  4626 E ActivityManagerWrapper:  mainTaskId=14404   userId=0   windowMode=1   baseIntent=Intent { act=null flag=268435456 cmp=ComponentInfo{app.blearn.mobile/app.blearn.mobile.MainActivity} }
04-09 02:26:07.741 12404 12478 I HeavyPackageIdentify: splitMode: false, splitPackages: null, foregroundPkg: app.blearn.mobile
04-09 02:26:07.747  4110  4626 D WorldCirculate: getWorldCirculateInfo, taskInfo.baseIntent=Intent { flg=0x10000000 cmp=app.blearn.mobile/.MainActivity }, displayId=-1, but get Display failed
04-09 02:26:07.754  2184  2507 D WindowManager: Final targets: [Task{8da65c1 #14411 type=standard A=10282:com.google.android.keep}, Task{41a5194 #14420 type=standard A=10030:app.blearn.mobile.blockingoverlay}]
04-09 02:26:07.760  2184  2507 D WindowManager: Calling onTransitionReady info={id=590 t=CLOSE f=0x0 trk=0 r=[0@Point(0, 0)] c=[{WCT{RemoteToken{aa8588f Task{8da65c1 #14411 type=standard A=10282:com.google.android.keep}}} m=TO_FRONT f=MOVE_TO_TOP leash=Surface(name=Task=14411#5341)/@0xc82f6a8 sb=Rect(0, 0 - 1080, 2400) eb=Rect(0, 0 - 1080, 2400) d=0 endFixedRotation=1},{WCT{RemoteToken{4fdcb5c Task{41a5194 #14420 type=standard A=10030:app.blearn.mobile.blockingoverlay}}} m=CLOSE f=NONE leash=Surface(name=Task=14420#5901)/@0xfb0b1e7 sb=Rect(0, 0 - 1080, 2400) eb=Rect(0, 0 - 1080, 2400) d=0}] noAni=[false] df=[false] mk=[true] nc=[0]}, mToken=Token{5e0b8ea TransitionRecord{e925794 id=590 type=CLOSE flags=0x0}}
04-09 02:26:07.763 13855 13855 D BlearnAccessibility: event: app.blearn.mobile type=2048
04-09 02:26:07.763 13855 13855 D BlearnAccessibility: skip: own package
04-09 02:26:07.790  2184  8802 I Transition: finishTransition: updateLastSurfacePosition tf=Task{41a5194 #14420 type=standard A=10030:app.blearn.mobile.blockingoverlay}
04-09 02:26:07.813  4110  4626 E ActivityManagerWrapper:  mainTaskId=14404   userId=0   windowMode=1   baseIntent=Intent { act=null flag=268435456 cmp=ComponentInfo{app.blearn.mobile/app.blearn.mobile.MainActivity} }
04-09 02:26:07.815  4110  4626 D WorldCirculate: getWorldCirculateInfo, taskInfo.baseIntent=Intent { flg=0x10000000 cmp=app.blearn.mobile/.MainActivity }, displayId=-1, but get Display failed
04-09 02:26:07.828  4110  4626 E ActivityManagerWrapper:  mainTaskId=14404   userId=0   windowMode=1   baseIntent=Intent { act=null flag=268435456 cmp=ComponentInfo{app.blearn.mobile/app.blearn.mobile.MainActivity} }
04-09 02:26:07.840  4110  4626 D WorldCirculate: getWorldCirculateInfo, taskInfo.baseIntent=Intent { flg=0x10000000 cmp=app.blearn.mobile/.MainActivity }, displayId=-1, but get Display failed
04-09 02:26:07.851 13855 14028 D BlearnScreenTime: consume_pending_navigation_empty
04-09 02:26:07.886 13855 13855 D BlearnAccessibility: event: com.google.android.keep type=2048
04-09 02:26:07.893 13855 13855 D BlearnAccessibility: match: app com.google.android.keep
04-09 02:26:07.901 13855 13855 D BlearnAccessibility: skip: cooldown active for app:com.google.android.keep
04-09 02:26:07.904 13855 13855 D BlearnAccessibility: event: com.google.android.keep type=32
04-09 02:26:07.910 13855 13855 D BlearnAccessibility: match: app com.google.android.keep
04-09 02:26:07.911 13855 13855 D BlearnAccessibility: skip: cooldown active for app:com.google.android.keep
04-09 02:26:07.957 13855 13855 D BlearnAccessibility: event: com.google.android.keep type=2048
04-09 02:26:07.959 13855 13855 D BlearnAccessibility: match: app com.google.android.keep
04-09 02:26:07.960 13855 13855 D BlearnAccessibility: skip: cooldown active for app:com.google.android.keep
04-09 02:26:07.960 13855 13855 D BlearnAccessibility: event: com.google.android.keep type=32
04-09 02:26:07.961 13855 13855 D BlearnAccessibility: match: app com.google.android.keep
04-09 02:26:07.962 13855 13855 D BlearnAccessibility: skip: cooldown active for app:com.google.android.keep
04-09 02:26:08.057 13855 13855 D BlearnAccessibility: event: com.google.android.keep type=2048
04-09 02:26:08.058 13855 13855 D BlearnAccessibility: match: app com.google.android.keep
04-09 02:26:08.059 13855 13855 D BlearnAccessibility: skip: cooldown active for app:com.google.android.keep
04-09 02:26:08.130 13855 13855 D BlearnAccessibility: event: app.blearn.mobile type=32
04-09 02:26:08.130 13855 13855 D BlearnAccessibility: skip: own package
04-09 02:26:08.150 13855 14028 D BlearnScreenTime: consume_pending_navigation_empty
04-09 02:26:08.244 13855 13855 D BlearnAccessibility: event: app.blearn.mobile type=32
04-09 02:26:08.244 13855 13855 D BlearnAccessibility: skip: own package
04-09 02:26:08.387 13855 13855 D BlearnAccessibility: event: com.google.android.keep type=2048
04-09 02:26:08.391 13855 13855 D BlearnAccessibility: match: app com.google.android.keep
04-09 02:26:08.392 13855 13855 D BlearnAccessibility: skip: cooldown active for app:com.google.android.keep
04-09 02:26:08.413 13855 14028 D BlearnScreenTime: consume_pending_navigation_empty
04-09 02:26:08.497 13855 13855 D BlearnAccessibility: event: com.google.android.keep type=2048
04-09 02:26:08.502 13855 13855 D BlearnAccessibility: match: app com.google.android.keep
04-09 02:26:08.507 13855 13855 D BlearnAccessibility: skip: cooldown active for app:com.google.android.keep
04-09 02:26:08.597 13855 13855 D BlearnAccessibility: event: com.google.android.keep type=2048
04-09 02:26:08.602 13855 13855 D BlearnAccessibility: match: app com.google.android.keep
04-09 02:26:08.608 13855 13855 D BlearnAccessibility: skip: cooldown active for app:com.google.android.keep
04-09 02:26:08.678  2184  8802 I SmartPower: app.blearn.mobile/10030(13855): visible->invisible(1081ms) R(become invisible) adj=200.
04-09 02:26:08.678  2184  8802 I SmartPower: app.blearn.mobile/10030(13855): invisible->background(0ms) R(become background) adj=200.
04-09 02:26:08.688  2184  8802 I Transition: finishTransition: updateLastSurfacePosition tf=Task{41a5194 #14420 type=standard A=10030:app.blearn.mobile.blockingoverlay}
04-09 02:26:08.695  2184  8693 D WindowManager: Set the mSyncState to SYNC_STATE_READY: Window{93d4967 u0 app.blearn.mobile/app.blearn.mobile.BlockingOverlayActivity}
