04-03 22:10:42.205  4042  4473 E ActivityManagerWrapper:  mainTaskId=13992   userId=0   windowMode=1   baseIntent=Intent { act=null flag=813760512 cmp=ComponentInfo{app.blearn.mobile/app.blearn.mobile.BlockingOverlayActivity} }
04-03 22:10:42.205  4042  4473 E ActivityManagerWrapper:  mainTaskId=13974   userId=0   windowMode=1   baseIntent=Intent { act=android.intent.action.MAIN flag=270532608 cmp=ComponentInfo{app.blearn.mobile/app.blearn.mobile.MainActivity} }
04-03 22:10:42.208  4042  4473 D WorldCirculate: getWorldCirculateInfo, taskInfo.baseIntent=Intent { act=android.intent.action.MAIN cat=[android.intent.category.LAUNCHER] flg=0x10200000 cmp=app.blearn.mobile/.MainActivity }, displayId=-1, but get Display failed
04-03 22:10:42.219  4042  4473 E ActivityManagerWrapper:  mainTaskId=13992   userId=0   windowMode=1   baseIntent=Intent { act=null flag=813760512 cmp=ComponentInfo{app.blearn.mobile/app.blearn.mobile.BlockingOverlayActivity} }
04-03 22:10:42.219  4042  4473 E ActivityManagerWrapper:  mainTaskId=13974   userId=0   windowMode=1   baseIntent=Intent { act=android.intent.action.MAIN flag=270532608 cmp=ComponentInfo{app.blearn.mobile/app.blearn.mobile.MainActivity} }
04-03 22:10:42.220  4042  4473 D WorldCirculate: getWorldCirculateInfo, taskInfo.baseIntent=Intent { act=android.intent.action.MAIN cat=[android.intent.category.LAUNCHER] flg=0x10200000 cmp=app.blearn.mobile/.MainActivity }, displayId=-1, but get Display failed
04-03 22:10:42.448 11615 11615 D BlearnAccessibility: event: com.google.android.gm type=32
04-03 22:10:42.466 11615 11615 D BlearnAccessibility: match: app com.google.android.gm
04-03 22:10:42.467 11615 11615 D BlearnAccessibility: resolved target app:com.google.android.gm mode=learn deck=deck_pizq5ngs
04-03 22:10:42.467 11615 11615 D BlearnAccessibility: show overlay for app:com.google.android.gm
04-03 22:10:42.467 11615 11615 D BlearnOverlay: overlay hidden
04-03 22:10:42.482  1984  4659 I SmartPower: app.blearn.mobile/10570(11615): background->visible(346756ms) R(become visible) adj=200.
04-03 22:10:42.489  1984  4659 D WindowManager: wms.Input focus has changed to Window{9748357 u0 app.blearn.mobile} display=0 updateInputWindows = false
04-03 22:10:42.489  1984  2264 D WindowManager: wms.Focus not requested for window=Window{9748357 u0 app.blearn.mobile} because it has no surface or is not focusable.
04-03 22:10:42.494 11615 11615 D BlearnOverlay: overlay shown for app:com.google.android.gm mode=learn
04-03 22:10:42.498  1984  4659 D CoreBackPreview: Window{9748357 u0 app.blearn.mobile}: Setting back callback OnBackInvokedCallbackInfo{mCallback=android.window.IOnBackInvokedCallback$Stub$Proxy@9ed71dc, mPriority=0, mIsAnimationCallback=false}
04-03 22:10:42.528  1984  2757 D WindowManager: wms.finishDrawingLocked: mDrawState=COMMIT_DRAW_PENDING Window{9748357 u0 app.blearn.mobile} in Surface(name=#14302)/@0xef2b2e5
04-03 22:10:42.530  1984  2264 I WindowManager: wms.showSurfaceRobustly mWin:Window{9748357 u0 app.blearn.mobile}
04-03 22:10:42.533 11615 11615 D BlearnOverlay: overlay metrics for app:com.google.android.gm overlay=[0,94 1080x2306] button=[121,1394 838x137] center=540,1462
04-03 22:10:42.533 11615 11615 D BlearnAccessibility: open intervention from overlay for app:com.google.android.gm
04-03 22:10:42.548  1984  2264 I PowerManagerServiceImpl: Acquire wakelock: SCREEN_BRIGHT_WAKE_LOCK        'WindowManager/displayId:0' ON_AFTER_RELEASE (uid=1000 pid=1984 pkg=android ws=WorkSource{10570 app.blearn.mobile})
04-03 22:10:42.557  1984  2757 D WindowManager: Collecting in transition 1457: ActivityRecord{2c6f047 u0 app.blearn.mobile/.BlockingOverlayActivity init visibleRequested:false
04-03 22:10:42.558  1984  2757 D MiuiFreeFormManagerService: onStartActivityInner as = Task{f9ea88b #13992 type=standard A=10570:app.blearn.mobile.blockingoverlay} op = null
04-03 22:10:42.559  1984  2757 D WindowManager: setLockTaskAuth: task=Task{f9ea88b #13992 type=standard A=10570:app.blearn.mobile.blockingoverlay} mLockTaskAuth=LOCK_TASK_AUTH_PINNABLE
04-03 22:10:42.561  1984  2757 D PerfStubImpl: perfWarmLaunchBoost: app.blearn.mobile, -1, 1
04-03 22:10:42.562  1984  2757 D WindowManager: Collecting in transition 1457: ActivityRecord{2c6f047 u0 app.blearn.mobile/.BlockingOverlayActivity t-1} init visibleRequested:false
04-03 22:10:42.563  1984  2757 I ActivityTaskManager: START u0 {flg=0x30810000 cmp=app.blearn.mobile/.BlockingOverlayActivity (has extras)} with LAUNCH_SINGLE_TASK from uid 10570 from pid 11615 callingPackage app.blearn.mobile (BAL_ALLOW_VISIBLE_WINDOW) result code=2
04-03 22:10:42.569  3986  4187 D MiuiFullScreenTaskRepository: setFocusedTask taskId=13992, displayId=0, topActivity=ComponentInfo{app.blearn.mobile/app.blearn.mobile.BlockingOverlayActivity}
04-03 22:10:42.569  3986  4187 D MiuiFullScreenTaskRepository: addOrUpdateFullScreenTaskInfo taskId=13992, topActivity=ComponentInfo{app.blearn.mobile/app.blearn.mobile.BlockingOverlayActivity}
04-03 22:10:42.569  3986  4187 D MiuiDesktopModeController: onFocusTaskChanged newFocus: TaskInfo{userId=0 taskId=13992 displayId=0 isRunning=true baseIntent=Intent { flg=0x30810000 cmp=app.blearn.mobile/.BlockingOverlayActivity } baseActivity=ComponentInfo{app.blearn.mobile/app.blearn.mobile.BlockingOverlayActivity} topActivity=ComponentInfo{app.blearn.mobile/app.blearn.mobile.BlockingOverlayActivity} origActivity=null realActivity=ComponentInfo{app.blearn.mobile/app.blearn.mobile.BlockingOverlayActivity} numActivities=1 lastActiveTime=187463256 supportsSplitScreenMultiWindow=true supportsMultiWindow=true resizeMode=1 isResizeable=true minWidth=-1 minHeight=-1 defaultMinSize=200 token=WCT{android.window.IWindowContainerToken$Stub$Proxy@ea250cc} topActivityType=1 pictureInPictureParams=null shouldDockBigOverlays=false launchIntoPipHostTaskId=-1 lastParentTaskIdBeforePip=-1 displayCutoutSafeInsets=Rect(0, 94 - 0, 0) topActivityInfo=ActivityInfo{982bf15 app.blearn.mobile.BlockingOverlayActivity} launchCookies=[] positionInParent=Point(0, 0) parentTaskId=-1 isFocused=true isVisible=false isVisibleRequested=false isSleeping=false topActivityInSizeCompat=false topActivityInMiuiSizeCompat=false topActivityEligibleForLetterboxEducation= false topActivityLetterboxed= false isFromDoubleTap= false topActivityLetterboxVerticalPosition= -1 topActivityLetterboxHorizontalPosition= -1 topActivityLetterboxWidth=-1 topActivityLetterboxHeight=-1 locusId=null displayAreaFeatureId=1 cameraCompatControlState=hidden mIsCastMode=false mTopActivityMediaSize=null mTopActivityRecordName=ActivityRecord{723b4e u0 app.blearn.mobile/.BlockingOverlayActivity t13992} mTopActivityOrientation=-2 mTopActivityWindowIsNowVisible=false isTranslucent=true isEmbedded=false shouldBeVisible=true isImmersive=false mBehindAppLockPkg=null mOriginatingUid=0}
04-03 22:10:42.569  3986  4187 D MiuiFreeformModeController: onFocusTaskChanged taskInfo: TaskInfo{userId=0 taskId=13992 displayId=0 isRunning=true baseIntent=Intent { flg=0x30810000 cmp=app.blearn.mobile/.BlockingOverlayActivity } baseActivity=ComponentInfo{app.blearn.mobile/app.blearn.mobile.BlockingOverlayActivity} topActivity=ComponentInfo{app.blearn.mobile/app.blearn.mobile.BlockingOverlayActivity} origActivity=null realActivity=ComponentInfo{app.blearn.mobile/app.blearn.mobile.BlockingOverlayActivity} numActivities=1 lastActiveTime=187463256 supportsSplitScreenMultiWindow=true supportsMultiWindow=true resizeMode=1 isResizeable=true minWidth=-1 minHeight=-1 defaultMinSize=200 token=WCT{android.window.IWindowContainerToken$Stub$Proxy@ea250cc} topActivityType=1 pictureInPictureParams=null shouldDockBigOverlays=false launchIntoPipHostTaskId=-1 lastParentTaskIdBeforePip=-1 displayCutoutSafeInsets=Rect(0, 94 - 0, 0) topActivityInfo=ActivityInfo{982bf15 app.blearn.mobile.BlockingOverlayActivity} launchCookies=[] positionInParent=Point(0, 0) parentTaskId=-1 isFocused=true isVisible=false isVisibleRequested=false isSleeping=false topActivityInSizeCompat=false topActivityInMiuiSizeCompat=false topActivityEligibleForLetterboxEducation= false topActivityLetterboxed= false isFromDoubleTap= false topActivityLetterboxVerticalPosition= -1 topActivityLetterboxHorizontalPosition= -1 topActivityLetterboxWidth=-1 topActivityLetterboxHeight=-1 locusId=null displayAreaFeatureId=1 cameraCompatControlState=hidden mIsCastMode=false mTopActivityMediaSize=null mTopActivityRecordName=ActivityRecord{723b4e u0 app.blearn.mobile/.BlockingOverlayActivity t13992} mTopActivityOrientation=-2 mTopActivityWindowIsNowVisible=false isTranslucent=true isEmbedded=false shouldBeVisible=true isImmersive=false mBehindAppLockPkg=null mOriginatingUid=0}
04-03 22:10:42.570  3986  4187 D WindowManagerShell: onActivityRestartAttempt: ComponentInfo{app.blearn.mobile/app.blearn.mobile.BlockingOverlayActivity}
04-03 22:10:42.571  1984  4725 D PerfStubImpl: perfWarmLaunchBoost: app.blearn.mobile, -1, 1
04-03 22:10:42.574  3986  3986 I FocusedNotifPromptContr: onTopActivityMayChanged: topActivity=app.blearn.mobile
04-03 22:10:42.574  3986  3986 I FocusedNotifPromptContr: topActivityMayChanged: topActivity=app.blearn.mobile
04-03 22:10:42.574  3986  3986 D KeyguardEditorHelper: onTopActivityMayChanged, topActivity=ComponentInfo{app.blearn.mobile/app.blearn.mobile.BlockingOverlayActivity}; mState=IDEL
04-03 22:10:42.574  1984  4725 D WindowManager: Collecting in transition 1457: ActivityRecord{723b4e u0 app.blearn.mobile/.BlockingOverlayActivity t13992} init visibleRequested:false
04-03 22:10:42.577  3986  4187 D MiuiFullScreenTaskRepository: setFocusedTask taskId=13992, displayId=0, topActivity=ComponentInfo{app.blearn.mobile/app.blearn.mobile.BlockingOverlayActivity}
04-03 22:10:42.577  3986  4187 D MiuiFullScreenTaskRepository: addOrUpdateFullScreenTaskInfo taskId=13992, topActivity=ComponentInfo{app.blearn.mobile/app.blearn.mobile.BlockingOverlayActivity}
04-03 22:10:42.577  1984  4725 D WindowManager: Collecting in transition 1457: ActivityRecord{723b4e u0 app.blearn.mobile/.BlockingOverlayActivity t13992} init visibleRequested:true
04-03 22:10:42.580  1984  4725 I BLASTSyncEngine: SyncGroup 1457:  Unfinished container:ActivityRecord{723b4e u0 app.blearn.mobile/.BlockingOverlayActivity t13992}
04-03 22:10:42.580  1984  4725 I BLASTSyncEngine: isActivitySyncFinished isSyncFinished false ActivityRecord{723b4e u0 app.blearn.mobile/.BlockingOverlayActivity t13992}
04-03 22:10:42.582  1984  6633 I ImeTracker: app.blearn.mobile:c3f26cff: onRequestHide at ORIGIN_SERVER_HIDE_INPUT reason HIDE_UNSPECIFIED_WINDOW
04-03 22:10:42.582  1984  6633 I ImeTracker: app.blearn.mobile:c3f26cff: onCancelled at PHASE_SERVER_SHOULD_HIDE
04-03 22:10:42.586  4948  5208 D MiuiBluetoothLatencyMode: ForegroundInfo{mForegroundPackageName='app.blearn.mobile', mForegroundUid=10570, mForegroundPid=11615, mLastForegroundPackageName='com.google.android.gm', mLastForegroundUid=10178, mLastForegroundPid=3181, mMultiWindowForegroundPackageName='app.blearn.mobile', mMultiWindowForegroundUid=10570, mFlags=0}
04-03 22:10:42.586  7472 13391 I ProcessMonitor: onForegroundInfoChanged: ForegroundInfo{mForegroundPackageName='app.blearn.mobile', mForegroundUid=10570, mForegroundPid=11615, mLastForegroundPackageName='com.google.android.gm', mLastForegroundUid=10178, mLastForegroundPid=3181, mMultiWindowForegroundPackageName='app.blearn.mobile', mMultiWindowForegroundUid=10570, mFlags=0}
04-03 22:10:42.586  6836 11815 D PerfEngineController: ForegroundInfo{mForegroundPackageName='app.blearn.mobile', mForegroundUid=10570, mForegroundPid=11615, mLastForegroundPackageName='com.google.android.gm', mLastForegroundUid=10178, mLastForegroundPid=3181, mMultiWindowForegroundPackageName='app.blearn.mobile', mMultiWindowForegroundUid=10570, mFlags=0}
04-03 22:10:42.587  7472 13391 I GameBoosterService: onForegroundInfoChanged: Cur=app.blearn.mobile	 last=com.google.android.gm
04-03 22:10:42.587  7472 13391 D GameBoosterService: onGameStatusChange foreground:ForegroundInfo{mForegroundPackageName='app.blearn.mobile', mForegroundUid=10570, mForegroundPid=11615, mLastForegroundPackageName='com.google.android.gm', mLastForegroundUid=10178, mLastForegroundPid=3181, mMultiWindowForegroundPackageName='app.blearn.mobile', mMultiWindowForegroundUid=10570, mFlags=0}
04-03 22:10:42.588  9868  9883 I GST     : forePkg: app.blearn.mobile, preForePkg: com.google.android.gm
04-03 22:10:42.591  7472 13391 I BeautyService: onForegroundInfoChanged: Cur=app.blearn.mobile	 last=com.google.android.gm
04-03 22:10:42.594  4913  4913 I GoogleInputMethodService: GoogleInputMethodService.onStartInput():1434 onStartInput(EditorInfo{EditorInfo{packageName=app.blearn.mobile, inputType=0, inputTypeString=NULL, enableLearning=false, autoCorrection=false, autoComplete=false, imeOptions=0, privateImeOptions=null, actionName=UNSPECIFIED, actionLabel=null, initialSelStart=-1, initialSelEnd=-1, initialCapsMode=0, label=null, fieldId=0, fieldName=null, extras=Bundle[mParcelledData.dataSize=72], hintText=null, hintLocales=[]}}, false)
04-03 22:10:42.599  1984  2264 I BLASTSyncEngine: SyncGroup 1457:  Unfinished container:ActivityRecord{723b4e u0 app.blearn.mobile/.BlockingOverlayActivity t13992}
04-03 22:10:42.599  1984  2264 I BLASTSyncEngine: isActivitySyncFinished isSyncFinished false ActivityRecord{723b4e u0 app.blearn.mobile/.BlockingOverlayActivity t13992}
04-03 22:10:42.601  1984  4659 W PackageConfigPersister: App-specific configuration not found for packageName: app.blearn.mobile and userId: 0
04-03 22:10:42.605  1305  4891 D MI-SF   : updateScene: module = 258 (TpIdle), value = 0, pkg = app.blearn.mobile, Vrr = 1
04-03 22:10:42.607  1984  2263 I BLASTSyncEngine: SyncGroup 1457:  Unfinished container:ActivityRecord{723b4e u0 app.blearn.mobile/.BlockingOverlayActivity t13992}
04-03 22:10:42.607  1984  2263 I BLASTSyncEngine: isActivitySyncFinished isSyncFinished false ActivityRecord{723b4e u0 app.blearn.mobile/.BlockingOverlayActivity t13992}
04-03 22:10:42.608 11615 11615 D BlearnMainActivity: BlockingOverlayActivity onResume pending navigation for app:com.google.android.gm
04-03 22:10:42.612  1984  5653 I BLASTSyncEngine: SyncGroup 1457:  Unfinished container:ActivityRecord{723b4e u0 app.blearn.mobile/.BlockingOverlayActivity t13992}
04-03 22:10:42.612  1984  5653 I BLASTSyncEngine: isActivitySyncFinished isSyncFinished false ActivityRecord{723b4e u0 app.blearn.mobile/.BlockingOverlayActivity t13992}
04-03 22:10:42.612  1984  4518 D CoreBackPreview: Window{9748357 u0 app.blearn.mobile}: Setting back callback null
04-03 22:10:42.616  1984  4659 I BLASTSyncEngine: SyncGroup 1457:  Unfinished container:ActivityRecord{723b4e u0 app.blearn.mobile/.BlockingOverlayActivity t13992}
04-03 22:10:42.616  1984  4659 I BLASTSyncEngine: isActivitySyncFinished isSyncFinished false ActivityRecord{723b4e u0 app.blearn.mobile/.BlockingOverlayActivity t13992}
04-03 22:10:42.620  1984  5653 W InputManager-JNI: Input channel object '9748357 app.blearn.mobile (client)' was disposed without first being removed with the input manager!
04-03 22:10:42.625  1984  5653 I PowerManagerServiceImpl: Release wakelock: SCREEN_BRIGHT_WAKE_LOCK        'WindowManager/displayId:0' ON_AFTER_RELEASE DISABLED ACQ=-76ms (uid=1000 pid=1984 pkg=android ws=WorkSource{10570 app.blearn.mobile})
04-03 22:10:42.628  1984  5653 I BLASTSyncEngine: SyncGroup 1457:  Unfinished container:ActivityRecord{723b4e u0 app.blearn.mobile/.BlockingOverlayActivity t13992}
04-03 22:10:42.628  1984  5653 I BLASTSyncEngine: isActivitySyncFinished isSyncFinished false ActivityRecord{723b4e u0 app.blearn.mobile/.BlockingOverlayActivity t13992}
04-03 22:10:42.632  1984  5653 I SmartPower: app.blearn.mobile/10570(11615): visible->invisible(149ms) R(become invisible) adj=0.
04-03 22:10:42.632  1984  5653 I SmartPower: app.blearn.mobile/10570(11615): invisible->background(1ms) R(become background) adj=0.
04-03 22:10:42.633 11615 11615 D BlearnOverlay: overlay hidden
04-03 22:10:42.636  3986  4722 D MiuiFreeformModeObserver: activityResumed() intent： Intent { cmp=app.blearn.mobile/.BlockingOverlayActivity (has extras) }
04-03 22:10:42.638  4042  4042 D RecentsImpl: mActivityStateObserver app.blearn.mobile.BlockingOverlayActivity
04-03 22:10:42.639  4042  4042 W RecentsImpl: onResumed className=app.blearn.mobile.BlockingOverlayActivity   mIsInAnotherPro=false   isKeyguardLocked=false   mIsStatusBarExpansion=false   mSecuritySpaceGuideShown=false
04-03 22:10:42.640  1984  4659 I BLASTSyncEngine: SyncGroup 1457:  Unfinished container:ActivityRecord{723b4e u0 app.blearn.mobile/.BlockingOverlayActivity t13992}
04-03 22:10:42.640  1984  4659 I BLASTSyncEngine: isActivitySyncFinished isSyncFinished false ActivityRecord{723b4e u0 app.blearn.mobile/.BlockingOverlayActivity t13992}
04-03 22:10:42.643  1984  4659 D WindowManager: wms.Input focus has changed to Window{77d34b2 u0 app.blearn.mobile/app.blearn.mobile.BlockingOverlayActivity} display=0 updateInputWindows = true
04-03 22:10:42.645 11615 11615 D VRI[BlockingOverlayActivity]: vri.reportNextDraw android.view.ViewRootImpl.performTraversals:4411 android.view.ViewRootImpl.doTraversal:3040 android.view.ViewRootImpl$TraversalRunnable.run:10429 android.view.Choreographer$CallbackRecord.run:1654 android.view.Choreographer$CallbackRecord.run:1663 
04-03 22:10:42.645 11615 11615 D VRI[BlockingOverlayActivity]: vri.Setup new sync=wmsSync-VRI[BlockingOverlayActivity]#6
04-03 22:10:42.668 11615 11615 D VRI[BlockingOverlayActivity]: vri.reportDrawFinished
04-03 22:10:42.668  1984  4659 D WindowManager: wms.finishDrawingLocked: mDrawState=COMMIT_DRAW_PENDING Window{77d34b2 u0 app.blearn.mobile/app.blearn.mobile.BlockingOverlayActivity} in Surface(name=app.blearn.mobile/app.blearn.mobile.BlockingOverlayActivity#14307)/@0xec9f636
04-03 22:10:42.671  1984  2264 I SmartPower: app.blearn.mobile/10570(11615): background->visible(38ms) R(become visible) adj=0.
04-03 22:10:42.671  1984  2264 I WindowManager: wms.showSurfaceRobustly mWin:Window{77d34b2 u0 app.blearn.mobile/app.blearn.mobile.BlockingOverlayActivity}
04-03 22:10:42.672  1984  2264 D WindowManager: Final targets: [Task{f9ea88b #13992 type=standard A=10570:app.blearn.mobile.blockingoverlay}, Task{268384e #13987 type=standard A=10178:com.google.android.gm}]
04-03 22:10:42.672 11615 11615 D VRI[BlockingOverlayActivity]: vri.reportNextDraw android.view.ViewRootImpl.handleResized:2339 android.view.ViewRootImpl.-$$Nest$mhandleResized:0 android.view.ViewRootImpl$ViewRootHandler.handleMessageImpl:6771 android.view.ViewRootImpl$ViewRootHandler.handleMessage:6740 android.os.Handler.dispatchMessage:106 
04-03 22:10:42.672 11615 11615 D BlearnAccessibility: event: app.blearn.mobile type=2048
04-03 22:10:42.672 11615 11615 D BlearnAccessibility: skip: own package during handoff
04-03 22:10:42.672 11615 11615 D BlearnAccessibility: event: app.blearn.mobile type=2048
04-03 22:10:42.673 11615 11615 D BlearnAccessibility: skip: own package during handoff
04-03 22:10:42.673 11615 11615 D VRI[BlockingOverlayActivity]: vri.Setup new sync=wmsSync-VRI[BlockingOverlayActivity]#8
04-03 22:10:42.674  1984  2264 D WindowManager: Calling onTransitionReady info={id=1457 t=OPEN f=0x0 trk=0 r=[0@Point(0, 0)] c=[{WCT{RemoteToken{a106b41 Task{f9ea88b #13992 type=standard A=10570:app.blearn.mobile.blockingoverlay}}} m=TO_FRONT f=MOVE_TO_TOP leash=Surface(name=Task=13992#14257)/@0x13abe5a sb=Rect(0, 0 - 1080, 2400) eb=Rect(0, 0 - 1080, 2400) d=0},{WCT{RemoteToken{6670703 Task{268384e #13987 type=standard A=10178:com.google.android.gm}}} m=TO_BACK f=NONE leash=Surface(name=Task=13987#14090)/@0xfa37749 sb=Rect(0, 0 - 1080, 2400) eb=Rect(0, 0 - 1080, 2400) d=0}] noAni=[false] df=[false] mk=[true] nc=[0]}, mToken=Token{93d960e TransitionRecord{9d42074 id=1457 type=OPEN flags=0x0}}
04-03 22:10:42.677 11615 11615 D VRI[BlockingOverlayActivity]: vri.reportDrawFinished
04-03 22:10:42.680  3986  4187 D MiuiFullScreenTaskRepository: setFocusedTask taskId=13992, displayId=0, topActivity=ComponentInfo{app.blearn.mobile/app.blearn.mobile.BlockingOverlayActivity}
04-03 22:10:42.680  3986  4187 D MiuiFullScreenTaskRepository: addOrUpdateFullScreenTaskInfo taskId=13992, topActivity=ComponentInfo{app.blearn.mobile/app.blearn.mobile.BlockingOverlayActivity}
04-03 22:10:42.684 11615 13307 D BlearnScreenTime: consume_pending_navigation app:com.google.android.gm
04-03 22:10:42.686  4042  4473 W RecentsModel: getRunningTask   taskInfo=TaskInfo{userId=0 taskId=13992 displayId=0 isRunning=true baseIntent=Intent { flg=0x30810000 cmp=app.blearn.mobile/.BlockingOverlayActivity } baseActivity=ComponentInfo{app.blearn.mobile/app.blearn.mobile.BlockingOverlayActivity} topActivity=ComponentInfo{app.blearn.mobile/app.blearn.mobile.BlockingOverlayActivity} origActivity=null realActivity=ComponentInfo{app.blearn.mobile/app.blearn.mobile.BlockingOverlayActivity} numActivities=1 lastActiveTime=187814867 supportsSplitScreenMultiWindow=true supportsMultiWindow=true resizeMode=1 isResizeable=true minWidth=-1 minHeight=-1 defaultMinSize=200 token=WCT{android.window.IWindowContainerToken$Stub$Proxy@bbdb478} topActivityType=1 pictureInPictureParams=null shouldDockBigOverlays=false launchIntoPipHostTaskId=-1 lastParentTaskIdBeforePip=-1 displayCutoutSafeInsets=Rect(0, 94 - 0, 0) topActivityInfo=ActivityInfo{9929751 app.blearn.mobile.BlockingOverlayActivity} launchCookies=[] positionInParent=Point(0, 0) parentTaskId=-1 isFocused=true isVisible=true isVisibleRequested=true isSleeping=false topActivityInSizeCompat=false topActivityInMiuiSizeCompat=false topActivityEligibleForLetterboxEducation= false topActivityLetterboxed= false isFromDoubleTap= false topActivityLetterboxVerticalPosition= -1 topActivityLetterboxHorizontalPosition= -1 topActivityLetterboxWidth=-1 topActivityLetterboxHeight=-1 locusId=null displayAreaFeatureId=1 cameraCompatControlState=hidden mIsCastMode=false mTopActivityMediaSize=null mTopActivityRecordName=ActivityRecord{723b4e u0 app.blearn.mobile/.BlockingOverlayActivity t13992} mTopActivityOrientation=-1 mTopActivityWindowIsNowVisible=true isTranslucent=false isEmbedded=false shouldBeVisible=true isImmersive=false mBehindAppLockPkg=null mOriginatingUid=0}
04-03 22:10:42.694 11615 11615 D BlearnAccessibility: event: app.blearn.mobile type=2048
04-03 22:10:42.694 11615 11615 D BlearnAccessibility: skip: own package during handoff
04-03 22:10:42.701  4042  4473 E ActivityManagerWrapper:  mainTaskId=13992   userId=0   windowMode=1   baseIntent=Intent { act=null flag=813760512 cmp=ComponentInfo{app.blearn.mobile/app.blearn.mobile.BlockingOverlayActivity} }
04-03 22:10:42.701  4042  4473 E ActivityManagerWrapper:  mainTaskId=13974   userId=0   windowMode=1   baseIntent=Intent { act=android.intent.action.MAIN flag=270532608 cmp=ComponentInfo{app.blearn.mobile/app.blearn.mobile.MainActivity} }
04-03 22:10:42.704 11615 11615 D BlearnAccessibility: event: app.blearn.mobile type=32
04-03 22:10:42.704 11615 11615 D BlearnAccessibility: skip: own package during handoff
04-03 22:10:42.713  4042  4473 D WorldCirculate: getWorldCirculateInfo, taskInfo.baseIntent=Intent { act=android.intent.action.MAIN cat=[android.intent.category.LAUNCHER] flg=0x10200000 cmp=app.blearn.mobile/.MainActivity }, displayId=-1, but get Display failed
04-03 22:10:42.725  1984  5653 I ImeTracker: app.blearn.mobile:928f838a: onRequestHide at ORIGIN_SERVER_HIDE_INPUT reason HIDE_UNSPECIFIED_WINDOW
04-03 22:10:42.725  1984  5653 I ImeTracker: app.blearn.mobile:928f838a: onCancelled at PHASE_SERVER_SHOULD_HIDE
04-03 22:10:42.727  4913  4913 I GoogleInputMethodService: GoogleInputMethodService.onStartInput():1434 onStartInput(EditorInfo{EditorInfo{packageName=app.blearn.mobile, inputType=0, inputTypeString=NULL, enableLearning=false, autoCorrection=false, autoComplete=false, imeOptions=12000000, privateImeOptions=null, actionName=UNSPECIFIED, actionLabel=null, initialSelStart=-1, initialSelEnd=-1, initialCapsMode=0, label=null, fieldId=0, fieldName=null, extras=Bundle[mParcelledData.dataSize=72], hintText=null, hintLocales=[]}}, false)
04-03 22:10:42.730  1984  3823 W PackageConfigPersister: App-specific configuration not found for packageName: app.blearn.mobile and userId: 0
04-03 22:10:42.743  4042  4473 W RecentsModel: getRunningTask   taskInfo=TaskInfo{userId=0 taskId=13992 displayId=0 isRunning=true baseIntent=Intent { flg=0x30810000 cmp=app.blearn.mobile/.BlockingOverlayActivity } baseActivity=ComponentInfo{app.blearn.mobile/app.blearn.mobile.BlockingOverlayActivity} topActivity=ComponentInfo{app.blearn.mobile/app.blearn.mobile.BlockingOverlayActivity} origActivity=null realActivity=ComponentInfo{app.blearn.mobile/app.blearn.mobile.BlockingOverlayActivity} numActivities=1 lastActiveTime=187814924 supportsSplitScreenMultiWindow=true supportsMultiWindow=true resizeMode=1 isResizeable=true minWidth=-1 minHeight=-1 defaultMinSize=200 token=WCT{android.window.IWindowContainerToken$Stub$Proxy@66e9e76} topActivityType=1 pictureInPictureParams=null shouldDockBigOverlays=false launchIntoPipHostTaskId=-1 lastParentTaskIdBeforePip=-1 displayCutoutSafeInsets=Rect(0, 94 - 0, 0) topActivityInfo=ActivityInfo{6a59c77 app.blearn.mobile.BlockingOverlayActivity} launchCookies=[] positionInParent=Point(0, 0) parentTaskId=-1 isFocused=true isVisible=true isVisibleRequested=true isSleeping=false topActivityInSizeCompat=false topActivityInMiuiSizeCompat=false topActivityEligibleForLetterboxEducation= false topActivityLetterboxed= false isFromDoubleTap= false topActivityLetterboxVerticalPosition= -1 topActivityLetterboxHorizontalPosition= -1 topActivityLetterboxWidth=-1 topActivityLetterboxHeight=-1 locusId=null displayAreaFeatureId=1 cameraCompatControlState=hidden mIsCastMode=false mTopActivityMediaSize=null mTopActivityRecordName=ActivityRecord{723b4e u0 app.blearn.mobile/.BlockingOverlayActivity t13992} mTopActivityOrientation=-1 mTopActivityWindowIsNowVisible=true isTranslucent=false isEmbedded=false shouldBeVisible=true isImmersive=false mBehindAppLockPkg=null mOriginatingUid=0}
04-03 22:10:42.746 11615 11615 D BlearnAccessibility: event: app.blearn.mobile type=2048
04-03 22:10:42.746 11615 11615 D BlearnAccessibility: skip: own package during handoff
04-03 22:10:42.751  4042  4473 E ActivityManagerWrapper:  mainTaskId=13992   userId=0   windowMode=1   baseIntent=Intent { act=null flag=813760512 cmp=ComponentInfo{app.blearn.mobile/app.blearn.mobile.BlockingOverlayActivity} }
04-03 22:10:42.751  4042  4473 E ActivityManagerWrapper:  mainTaskId=13974   userId=0   windowMode=1   baseIntent=Intent { act=android.intent.action.MAIN flag=270532608 cmp=ComponentInfo{app.blearn.mobile/app.blearn.mobile.MainActivity} }
04-03 22:10:42.754  4042  4473 D WorldCirculate: getWorldCirculateInfo, taskInfo.baseIntent=Intent { act=android.intent.action.MAIN cat=[android.intent.category.LAUNCHER] flg=0x10200000 cmp=app.blearn.mobile/.MainActivity }, displayId=-1, but get Display failed
04-03 22:10:42.774 11615 13278 D Capacitor: Handling local request: https://localhost/blearn-mark.svg
04-03 22:10:42.790  9868  9994 I HeavyPackageIdentify: splitMode: false, splitPackages: null, foregroundPkg: app.blearn.mobile
04-03 22:10:42.820 11615 13307 D BlearnScreenTime: pending_navigation_completed
04-03 22:10:42.828 11615 11615 D BlearnAccessibility: event: app.blearn.mobile type=32
04-03 22:10:42.828 11615 11615 D BlearnAccessibility: skip: own package
04-03 22:10:42.829 11615 13307 D BlearnScreenTime: consume_pending_navigation_empty
04-03 22:10:42.840 11615 11615 D BlearnAccessibility: event: app.blearn.mobile type=2048
04-03 22:10:42.840 11615 11615 D BlearnAccessibility: skip: own package
04-03 22:10:42.840 11615 11615 D BlearnAccessibility: skip: missing package
04-03 22:10:43.018 11615 11615 D BlearnAccessibility: event: app.blearn.mobile type=2048
04-03 22:10:43.018 11615 11615 D BlearnAccessibility: skip: own package
04-03 22:10:43.019 11615 11615 D BlearnAccessibility: event: app.blearn.mobile type=2048
04-03 22:10:43.019 11615 11615 D BlearnAccessibility: skip: own package
04-03 22:10:43.019 11615 11615 D BlearnAccessibility: skip: missing package
04-03 22:10:43.086 11615 13307 D BlearnScreenTime: consume_pending_navigation_empty
04-03 22:10:43.343 11615 13307 D BlearnScreenTime: consume_pending_navigation_empty
04-03 22:10:43.504  1984  6633 I Transition: finishTransition: updateLastSurfacePosition tf=Task{f9ea88b #13992 type=standard A=10570:app.blearn.mobile.blockingoverlay}
04-03 22:10:43.597 11615 13307 D BlearnScreenTime: consume_pending_navigation_empty
04-03 22:10:43.857 11615 13307 D BlearnScreenTime: consume_pending_navigation_empty
04-03 22:10:44.117 11615 13307 D BlearnScreenTime: consume_pending_navigation_empty
04-03 22:10:44.386 11615 13307 D BlearnScreenTime: consume_pending_navigation_empty
04-03 22:10:44.646 11615 13307 D BlearnScreenTime: consume_pending_navigation_empty
04-03 22:10:44.908 11615 13307 D BlearnScreenTime: consume_pending_navigation_empty
04-03 22:10:45.168 11615 13307 D BlearnScreenTime: consume_pending_navigation_empty
04-03 22:10:45.434 11615 13307 D BlearnScreenTime: consume_pending_navigation_empty
04-03 22:10:45.496 11615 11615 D BlearnAccessibility: service connected
04-03 22:10:45.693 11615 13307 D BlearnScreenTime: consume_pending_navigation_empty
04-03 22:10:45.953 11615 13307 D BlearnScreenTime: consume_pending_navigation_empty
04-03 22:10:46.212 11615 13307 D BlearnScreenTime: consume_pending_navigation_empty
04-03 22:10:46.466 11615 13307 D BlearnScreenTime: consume_pending_navigation_empty
04-03 22:10:46.528 11615 11615 D BlearnAccessibility: event: app.blearn.mobile type=2048
04-03 22:10:46.528 11615 11615 D BlearnAccessibility: skip: own package
04-03 22:10:46.528 11615 11615 D BlearnAccessibility: event: app.blearn.mobile type=2048
04-03 22:10:46.528 11615 11615 D BlearnAccessibility: skip: own package
04-03 22:10:46.528 11615 11615 D BlearnAccessibility: skip: missing package
04-03 22:10:46.725 11615 13307 D BlearnScreenTime: consume_pending_navigation_empty
04-03 22:10:46.986 11615 13307 D BlearnScreenTime: consume_pending_navigation_empty
04-03 22:10:47.247 11615 13307 D BlearnScreenTime: consume_pending_navigation_empty
04-03 22:10:47.507 11615 13307 D BlearnScreenTime: consume_pending_navigation_empty
04-03 22:10:47.767 11615 13307 D BlearnScreenTime: consume_pending_navigation_empty
04-03 22:10:48.027 11615 13307 D BlearnScreenTime: consume_pending_navigation_empty
04-03 22:10:48.287 11615 13307 D BlearnScreenTime: consume_pending_navigation_empty
04-03 22:10:48.547 11615 13307 D BlearnScreenTime: consume_pending_navigation_empty
04-03 22:10:48.807 11615 13307 D BlearnScreenTime: consume_pending_navigation_empty
04-03 22:10:49.068 11615 13307 D BlearnScreenTime: consume_pending_navigation_empty
04-03 22:10:49.328 11615 13307 D BlearnScreenTime: consume_pending_navigation_empty
04-03 22:10:49.463 11615 11615 D BlearnAccessibility: service connected
04-03 22:10:49.598 11615 13307 D BlearnScreenTime: consume_pending_navigation_empty
04-03 22:10:49.859 11615 13307 D BlearnScreenTime: consume_pending_navigation_empty
04-03 22:10:50.112 11615 13307 D BlearnScreenTime: consume_pending_navigation_empty
04-03 22:10:50.373 11615 13307 D BlearnScreenTime: consume_pending_navigation_empty
04-03 22:10:50.518 11615 11615 D BlearnAccessibility: event: app.blearn.mobile type=2048
04-03 22:10:50.518 11615 11615 D BlearnAccessibility: skip: own package
04-03 22:10:50.518 11615 11615 D BlearnAccessibility: event: app.blearn.mobile type=2048
04-03 22:10:50.518 11615 11615 D BlearnAccessibility: skip: own package
04-03 22:10:50.518 11615 11615 D BlearnAccessibility: skip: missing package
04-03 22:10:50.633 11615 13307 D BlearnScreenTime: consume_pending_navigation_empty
04-03 22:10:50.895 11615 13307 D BlearnScreenTime: consume_pending_navigation_empty
04-03 22:10:51.058  1984  3082 D MIUIInput: [MotionEvent] publisher action=0x0, deviceId=-1, 94405182, channel '77d34b2 app.blearn.mobile/app.blearn.mobile.BlockingOverlayActivity (server)'
04-03 22:10:51.095  1984  3082 D MIUIInput: [MotionEvent] publisher action=0x1, deviceId=-1, 94405182, channel '77d34b2 app.blearn.mobile/app.blearn.mobile.BlockingOverlayActivity (server)'
04-03 22:10:51.213 11615 13307 D BlearnScreenTime: consume_pending_navigation_empty
04-03 22:10:51.231 11615 11615 D BlearnAccessibility: event: app.blearn.mobile type=2048
04-03 22:10:51.231 11615 11615 D BlearnAccessibility: skip: own package
04-03 22:10:51.362 11615 11615 D BlearnAccessibility: event: app.blearn.mobile type=2048
04-03 22:10:51.362 11615 11615 D BlearnAccessibility: skip: own package
04-03 22:10:51.362 11615 11615 D BlearnAccessibility: event: app.blearn.mobile type=2048
04-03 22:10:51.362 11615 11615 D BlearnAccessibility: skip: own package
04-03 22:10:51.402 11615 13142 W RenderInspector: QueueBuffer time out on app.blearn.mobile/app.blearn.mobile.BlockingOverlayActivity, count=1, avg=40 ms, max=40 ms.
04-03 22:10:51.462 11615 11615 D BlearnAccessibility: event: app.blearn.mobile type=2048
04-03 22:10:51.463 11615 11615 D BlearnAccessibility: skip: own package
04-03 22:10:51.463 11615 11615 D BlearnAccessibility: event: app.blearn.mobile type=2048
04-03 22:10:51.463 11615 11615 D BlearnAccessibility: skip: own package
04-03 22:10:51.467 11615 13307 D BlearnScreenTime: consume_pending_navigation_empty
04-03 22:10:51.519 11615 11615 D BlearnAccessibility: event: app.blearn.mobile type=2048
04-03 22:10:51.519 11615 11615 D BlearnAccessibility: skip: own package
04-03 22:10:51.519 11615 11615 D BlearnAccessibility: skip: missing package
04-03 22:10:51.726 11615 13307 D BlearnScreenTime: consume_pending_navigation_empty
04-03 22:10:51.987 11615 13307 D BlearnScreenTime: consume_pending_navigation_empty
04-03 22:10:52.248 11615 13307 D BlearnScreenTime: consume_pending_navigation_empty
04-03 22:10:52.441  1984  4725 D PerfShielderService: app.blearn.mobile|app.blearn.mobile/app.blearn.mobile.BlockingOverlayActivity|186|94405530614247|93|5|7
04-03 22:10:52.441  5845  7820 W MiuiPerfServiceClient: interceptAndQueuing:11615|app.blearn.mobile|186|93|94405530614247|Slow issue draw commands|7
04-03 22:10:52.508 11615 13307 D BlearnScreenTime: consume_pending_navigation_empty
04-03 22:10:52.763 11615 13307 D BlearnScreenTime: consume_pending_navigation_empty
04-03 22:10:53.022 11615 13307 D BlearnScreenTime: consume_pending_navigation_empty
04-03 22:10:53.283 11615 13307 D BlearnScreenTime: consume_pending_navigation_empty
04-03 22:10:53.510 11615 11615 D BlearnAccessibility: service connected
04-03 22:10:53.537 11615 13307 D BlearnScreenTime: consume_pending_navigation_empty
04-03 22:10:53.796 11615 13307 D BlearnScreenTime: consume_pending_navigation_empty
04-03 22:10:54.056 11615 13307 D BlearnScreenTime: consume_pending_navigation_empty
04-03 22:10:54.316 11615 13307 D BlearnScreenTime: consume_pending_navigation_empty
04-03 22:10:54.500  1984  3082 D MIUIInput: [MotionEvent] publisher action=0x0, deviceId=-1, 94408627, channel '77d34b2 app.blearn.mobile/app.blearn.mobile.BlockingOverlayActivity (server)'
04-03 22:10:54.503  1984  3082 D MIUIInput: [MotionEvent] publisher action=0x1, deviceId=-1, 94408627, channel '77d34b2 app.blearn.mobile/app.blearn.mobile.BlockingOverlayActivity (server)'
04-03 22:10:54.537 11615 11615 D BlearnAccessibility: event: app.blearn.mobile type=2048
04-03 22:10:54.537 11615 11615 D BlearnAccessibility: skip: own package
04-03 22:10:54.537 11615 11615 D BlearnAccessibility: event: app.blearn.mobile type=2048
04-03 22:10:54.537 11615 11615 D BlearnAccessibility: skip: own package
04-03 22:10:54.539 11615 11615 D BlearnAccessibility: skip: missing package
04-03 22:10:54.626 11615 11615 D BlearnAccessibility: event: app.blearn.mobile type=2048
04-03 22:10:54.626 11615 11615 D BlearnAccessibility: skip: own package
04-03 22:10:54.727 11615 11615 D BlearnAccessibility: event: app.blearn.mobile type=2048
04-03 22:10:54.727 11615 11615 D BlearnAccessibility: skip: own package
04-03 22:10:54.865 11615 13307 D BlearnScreenTime: consume_pending_navigation_empty
04-03 22:10:54.973 11615 11615 D BlearnAccessibility: event: app.blearn.mobile type=2048
04-03 22:10:54.973 11615 11615 D BlearnAccessibility: skip: own package
04-03 22:10:54.973 11615 11615 D BlearnAccessibility: event: app.blearn.mobile type=2048
04-03 22:10:54.973 11615 11615 D BlearnAccessibility: skip: own package
04-03 22:10:54.974 11615 11615 D BlearnAccessibility: event: app.blearn.mobile type=2048
04-03 22:10:54.974 11615 11615 D BlearnAccessibility: skip: own package
04-03 22:10:54.974 11615 11615 D BlearnAccessibility: skip: missing package
04-03 22:10:54.974 11615 11615 D BlearnAccessibility: event: app.blearn.mobile type=2048
04-03 22:10:54.974 11615 11615 D BlearnAccessibility: skip: own package
04-03 22:10:54.974 11615 11615 D BlearnAccessibility: skip: missing package
04-03 22:10:55.130 11615 13307 D BlearnScreenTime: consume_pending_navigation_empty
04-03 22:10:55.390 11615 13307 D BlearnScreenTime: consume_pending_navigation_empty
04-03 22:10:55.512 11615 11615 D BlearnAccessibility: event: app.blearn.mobile type=2048
04-03 22:10:55.513 11615 11615 D BlearnAccessibility: skip: own package
04-03 22:10:55.513 11615 11615 D BlearnAccessibility: event: app.blearn.mobile type=2048
04-03 22:10:55.513 11615 11615 D BlearnAccessibility: skip: own package
04-03 22:10:55.513 11615 11615 D BlearnAccessibility: skip: missing package
04-03 22:10:55.651 11615 13307 D BlearnScreenTime: consume_pending_navigation_empty
04-03 22:10:55.909 11615 13307 D BlearnScreenTime: consume_pending_navigation_empty
04-03 22:10:56.168 11615 13307 D BlearnScreenTime: consume_pending_navigation_empty
04-03 22:10:56.422 11615 13307 D BlearnScreenTime: consume_pending_navigation_empty
04-03 22:10:56.681 11615 13307 D BlearnScreenTime: consume_pending_navigation_empty
04-03 22:10:56.941 11615 13307 D BlearnScreenTime: consume_pending_navigation_empty
04-03 22:10:57.200 11615 13307 D BlearnScreenTime: consume_pending_navigation_empty
04-03 22:10:57.454 11615 13307 D BlearnScreenTime: consume_pending_navigation_empty
04-03 22:10:57.473 11615 11615 D BlearnAccessibility: service connected
04-03 22:10:57.714 11615 13307 D BlearnScreenTime: consume_pending_navigation_empty
04-03 22:10:57.984 11615 13307 D BlearnScreenTime: consume_pending_navigation_empty
04-03 22:10:58.076 11615 11615 D BlearnAccessibility: event: com.android.systemui type=2048
04-03 22:10:58.091 11615 11615 D BlearnAccessibility: skip: package outside conservative text allowlist com.android.systemui
04-03 22:10:58.242 11615 13307 D BlearnScreenTime: consume_pending_navigation_empty
04-03 22:10:58.502 11615 13307 D BlearnScreenTime: consume_pending_navigation_empty
04-03 22:10:58.520 11615 11615 D BlearnAccessibility: event: app.blearn.mobile type=2048
04-03 22:10:58.520 11615 11615 D BlearnAccessibility: skip: own package
04-03 22:10:58.520 11615 11615 D BlearnAccessibility: event: app.blearn.mobile type=2048
04-03 22:10:58.520 11615 11615 D BlearnAccessibility: skip: own package
04-03 22:10:58.520 11615 11615 D BlearnAccessibility: skip: missing package
04-03 22:10:58.762 11615 13307 D BlearnScreenTime: consume_pending_navigation_empty
04-03 22:10:59.011  1984  3082 D MIUIInput: [MotionEvent] publisher action=0x0, deviceId=-1, 94413139, channel '77d34b2 app.blearn.mobile/app.blearn.mobile.BlockingOverlayActivity (server)'
04-03 22:10:59.018  1984  3082 D MIUIInput: [MotionEvent] publisher action=0x1, deviceId=-1, 94413139, channel '77d34b2 app.blearn.mobile/app.blearn.mobile.BlockingOverlayActivity (server)'
04-03 22:10:59.025 11615 13307 D BlearnScreenTime: consume_pending_navigation_empty
04-03 22:10:59.159 11615 11615 D BlearnAccessibility: event: app.blearn.mobile type=2048
04-03 22:10:59.159 11615 11615 D BlearnAccessibility: skip: own package
04-03 22:10:59.189 11615 11615 D BlearnAccessibility: event: app.blearn.mobile type=2048
04-03 22:10:59.189 11615 11615 D BlearnAccessibility: skip: own package
04-03 22:10:59.189 11615 11615 D BlearnAccessibility: event: app.blearn.mobile type=2048
04-03 22:10:59.189 11615 11615 D BlearnAccessibility: skip: own package
04-03 22:10:59.190 11615 11615 D BlearnAccessibility: event: app.blearn.mobile type=2048
04-03 22:10:59.190 11615 11615 D BlearnAccessibility: skip: own package
04-03 22:10:59.190 11615 11615 D BlearnAccessibility: skip: missing package
04-03 22:10:59.284 11615 13307 D BlearnScreenTime: consume_pending_navigation_empty
04-03 22:10:59.526 11615 11615 D BlearnAccessibility: event: app.blearn.mobile type=2048
04-03 22:10:59.526 11615 11615 D BlearnAccessibility: skip: own package
04-03 22:10:59.526 11615 11615 D BlearnAccessibility: event: app.blearn.mobile type=2048
04-03 22:10:59.526 11615 11615 D BlearnAccessibility: skip: own package
04-03 22:10:59.526 11615 11615 D BlearnAccessibility: skip: missing package
04-03 22:10:59.544 11615 13307 D BlearnScreenTime: consume_pending_navigation_empty
04-03 22:10:59.804 11615 13307 D BlearnScreenTime: consume_pending_navigation_empty
04-03 22:11:00.064 11615 13307 D BlearnScreenTime: consume_pending_navigation_empty
04-03 22:11:00.324 11615 13307 D BlearnScreenTime: consume_pending_navigation_empty
04-03 22:11:00.445 11615 13142 W RenderInspector: QueueBuffer time out on app.blearn.mobile/app.blearn.mobile.BlockingOverlayActivity, count=1, avg=29 ms, max=29 ms.
04-03 22:11:00.584 11615 13307 D BlearnScreenTime: consume_pending_navigation_empty
04-03 22:11:00.844 11615 13307 D BlearnScreenTime: consume_pending_navigation_empty
04-03 22:11:01.104 11615 13307 D BlearnScreenTime: consume_pending_navigation_empty
04-03 22:11:01.363 11615 13307 D BlearnScreenTime: consume_pending_navigation_empty
04-03 22:11:01.623 11615 13307 D BlearnScreenTime: consume_pending_navigation_empty
04-03 22:11:01.882 11615 13307 D BlearnScreenTime: consume_pending_navigation_empty
04-03 22:11:02.142 11615 13307 D BlearnScreenTime: consume_pending_navigation_empty
04-03 22:11:02.402 11615 13307 D BlearnScreenTime: consume_pending_navigation_empty
04-03 22:11:02.661 11615 13307 D BlearnScreenTime: consume_pending_navigation_empty
04-03 22:11:02.920 11615 13307 D BlearnScreenTime: consume_pending_navigation_empty
04-03 22:11:03.175 11615 13307 D BlearnScreenTime: consume_pending_navigation_empty
04-03 22:11:03.428 11615 13307 D BlearnScreenTime: consume_pending_navigation_empty
04-03 22:11:03.530 11615 11615 D BlearnAccessibility: service connected
04-03 22:11:03.681 11615 13307 D BlearnScreenTime: consume_pending_navigation_empty
04-03 22:11:03.940 11615 13307 D BlearnScreenTime: consume_pending_navigation_empty
04-03 22:11:04.199 11615 13307 D BlearnScreenTime: consume_pending_navigation_empty
04-03 22:11:04.454 11615 13307 D BlearnScreenTime: consume_pending_navigation_empty
04-03 22:11:04.521 11615 11615 D BlearnAccessibility: event: app.blearn.mobile type=2048
04-03 22:11:04.522 11615 11615 D BlearnAccessibility: skip: own package
04-03 22:11:04.522 11615 11615 D BlearnAccessibility: event: app.blearn.mobile type=2048
04-03 22:11:04.522 11615 11615 D BlearnAccessibility: skip: own package
04-03 22:11:04.522 11615 11615 D BlearnAccessibility: skip: missing package
04-03 22:11:04.523  1984  3082 D MIUIInput: [MotionEvent] publisher action=0x0, deviceId=-1, 94418651, channel '77d34b2 app.blearn.mobile/app.blearn.mobile.BlockingOverlayActivity (server)'
04-03 22:11:04.528  1984  3082 D MIUIInput: [MotionEvent] publisher action=0x1, deviceId=-1, 94418651, channel '77d34b2 app.blearn.mobile/app.blearn.mobile.BlockingOverlayActivity (server)'
04-03 22:11:04.650 11615 11615 D BlearnAccessibility: event: app.blearn.mobile type=2048
04-03 22:11:04.650 11615 11615 D BlearnAccessibility: skip: own package
04-03 22:11:04.749 11615 11615 D BlearnAccessibility: event: app.blearn.mobile type=2048
04-03 22:11:04.749 11615 11615 D BlearnAccessibility: skip: own package
04-03 22:11:04.818 11615 13307 D BlearnScreenTime: consume_pending_navigation_empty
04-03 22:11:04.922 11615 11615 D BlearnAccessibility: event: app.blearn.mobile type=2048
04-03 22:11:04.922 11615 11615 D BlearnAccessibility: skip: own package
04-03 22:11:04.922 11615 11615 D BlearnAccessibility: event: app.blearn.mobile type=2048
04-03 22:11:04.922 11615 11615 D BlearnAccessibility: skip: own package
04-03 22:11:04.923 11615 11615 D BlearnAccessibility: event: app.blearn.mobile type=2048
04-03 22:11:04.923 11615 11615 D BlearnAccessibility: skip: own package
04-03 22:11:04.923 11615 11615 D BlearnAccessibility: skip: missing package
04-03 22:11:04.923 11615 11615 D BlearnAccessibility: event: app.blearn.mobile type=2048
04-03 22:11:04.923 11615 11615 D BlearnAccessibility: skip: own package
04-03 22:11:04.923 11615 11615 D BlearnAccessibility: skip: missing package
04-03 22:11:05.081 11615 13307 D BlearnScreenTime: consume_pending_navigation_empty
04-03 22:11:05.341 11615 13307 D BlearnScreenTime: consume_pending_navigation_empty
04-03 22:11:05.522 11615 11615 D BlearnAccessibility: event: app.blearn.mobile type=2048
04-03 22:11:05.522 11615 11615 D BlearnAccessibility: skip: own package
04-03 22:11:05.522 11615 11615 D BlearnAccessibility: event: app.blearn.mobile type=2048
04-03 22:11:05.522 11615 11615 D BlearnAccessibility: skip: own package
04-03 22:11:05.522 11615 11615 D BlearnAccessibility: skip: missing package
04-03 22:11:05.601 11615 13307 D BlearnScreenTime: consume_pending_navigation_empty
04-03 22:11:05.862 11615 13307 D BlearnScreenTime: consume_pending_navigation_empty
04-03 22:11:06.121 11615 13307 D BlearnScreenTime: consume_pending_navigation_empty
04-03 22:11:06.380 11615 13307 D BlearnScreenTime: consume_pending_navigation_empty
04-03 22:11:06.639 11615 13307 D BlearnScreenTime: consume_pending_navigation_empty
04-03 22:11:06.893 11615 13307 D BlearnScreenTime: consume_pending_navigation_empty
04-03 22:11:07.151 11615 13307 D BlearnScreenTime: consume_pending_navigation_empty
04-03 22:11:07.410 11615 13307 D BlearnScreenTime: consume_pending_navigation_empty
04-03 22:11:07.466 11615 11615 D BlearnAccessibility: service connected
04-03 22:11:07.670 11615 13307 D BlearnScreenTime: consume_pending_navigation_empty
04-03 22:11:07.930 11615 13307 D BlearnScreenTime: consume_pending_navigation_empty
04-03 22:11:08.189 11615 13307 D BlearnScreenTime: consume_pending_navigation_empty
04-03 22:11:08.452  1984  3082 D MIUIInput: [MotionEvent] publisher action=0x0, deviceId=-1, 94422579, channel '77d34b2 app.blearn.mobile/app.blearn.mobile.BlockingOverlayActivity (server)'
04-03 22:11:08.452 11615 13307 D BlearnScreenTime: consume_pending_navigation_empty
04-03 22:11:08.454  1984  3082 D MIUIInput: [MotionEvent] publisher action=0x1, deviceId=-1, 94422579, channel '77d34b2 app.blearn.mobile/app.blearn.mobile.BlockingOverlayActivity (server)'
04-03 22:11:08.560 11615 11615 D BlearnAccessibility: event: app.blearn.mobile type=2048
04-03 22:11:08.560 11615 11615 D BlearnAccessibility: skip: own package
04-03 22:11:08.560 11615 11615 D BlearnAccessibility: event: app.blearn.mobile type=2048
04-03 22:11:08.560 11615 11615 D BlearnAccessibility: skip: own package
04-03 22:11:08.560 11615 11615 D BlearnAccessibility: skip: missing package
04-03 22:11:08.586 11615 11615 D BlearnAccessibility: event: app.blearn.mobile type=2048
04-03 22:11:08.586 11615 11615 D BlearnAccessibility: skip: own package
04-03 22:11:08.611 11615 11615 D BlearnAccessibility: event: app.blearn.mobile type=2048
04-03 22:11:08.611 11615 11615 D BlearnAccessibility: skip: own package
04-03 22:11:08.612 11615 11615 D BlearnAccessibility: event: app.blearn.mobile type=2048
04-03 22:11:08.612 11615 11615 D BlearnAccessibility: skip: own package
04-03 22:11:08.612 11615 11615 D BlearnAccessibility: event: app.blearn.mobile type=2048
04-03 22:11:08.612 11615 11615 D BlearnAccessibility: skip: own package
04-03 22:11:08.613 11615 11615 D BlearnAccessibility: skip: missing package
04-03 22:11:08.708 11615 13307 D BlearnScreenTime: consume_pending_navigation_empty
04-03 22:11:08.966 11615 13307 D BlearnScreenTime: consume_pending_navigation_empty
04-03 22:11:09.226 11615 13307 D BlearnScreenTime: consume_pending_navigation_empty
04-03 22:11:09.480 11615 13307 D BlearnScreenTime: consume_pending_navigation_empty
04-03 22:11:09.739 11615 13307 D BlearnScreenTime: consume_pending_navigation_empty
04-03 22:11:09.998 11615 13307 D BlearnScreenTime: consume_pending_navigation_empty
04-03 22:11:10.258 11615 13307 D BlearnScreenTime: consume_pending_navigation_empty
04-03 22:11:10.512 11615 13307 D BlearnScreenTime: consume_pending_navigation_empty
04-03 22:11:10.529 11615 11615 D BlearnAccessibility: service connected
04-03 22:11:10.768 11615 13307 D BlearnScreenTime: consume_pending_navigation_empty
04-03 22:11:11.026 11615 13307 D BlearnScreenTime: consume_pending_navigation_empty
04-03 22:11:11.286 11615 13307 D BlearnScreenTime: consume_pending_navigation_empty
04-03 22:11:11.520 11615 11615 D BlearnAccessibility: event: app.blearn.mobile type=2048
04-03 22:11:11.520 11615 11615 D BlearnAccessibility: skip: own package
04-03 22:11:11.520 11615 11615 D BlearnAccessibility: event: app.blearn.mobile type=2048
04-03 22:11:11.520 11615 11615 D BlearnAccessibility: skip: own package
04-03 22:11:11.521 11615 11615 D BlearnAccessibility: skip: missing package
04-03 22:11:11.546 11615 13307 D BlearnScreenTime: consume_pending_navigation_empty
04-03 22:11:11.806 11615 13307 D BlearnScreenTime: consume_pending_navigation_empty
04-03 22:11:12.065 11615 13307 D BlearnScreenTime: consume_pending_navigation_empty
04-03 22:11:12.325 11615 13307 D BlearnScreenTime: consume_pending_navigation_empty
04-03 22:11:12.339  1984  3082 D MIUIInput: [MotionEvent] publisher action=0x0, deviceId=-1, 94426467, channel '77d34b2 app.blearn.mobile/app.blearn.mobile.BlockingOverlayActivity (server)'
