04-03 22:11:12.341  1984  3082 D MIUIInput: [MotionEvent] publisher action=0x1, deviceId=-1, 94426467, channel '77d34b2 app.blearn.mobile/app.blearn.mobile.BlockingOverlayActivity (server)'
04-03 22:11:12.453 11615 11615 D BlearnAccessibility: event: app.blearn.mobile type=2048
04-03 22:11:12.453 11615 11615 D BlearnAccessibility: skip: own package
04-03 22:11:12.552 11615 11615 D BlearnAccessibility: event: app.blearn.mobile type=2048
04-03 22:11:12.553 11615 11615 D BlearnAccessibility: skip: own package
04-03 22:11:12.634 11615 13307 D BlearnScreenTime: consume_pending_navigation_empty
04-03 22:11:12.734 11615 11615 D BlearnAccessibility: event: app.blearn.mobile type=2048
04-03 22:11:12.734 11615 11615 D BlearnAccessibility: skip: own package
04-03 22:11:12.735 11615 11615 D BlearnAccessibility: event: app.blearn.mobile type=2048
04-03 22:11:12.735 11615 11615 D BlearnAccessibility: skip: own package
04-03 22:11:12.735 11615 11615 D BlearnAccessibility: event: app.blearn.mobile type=2048
04-03 22:11:12.735 11615 11615 D BlearnAccessibility: skip: own package
04-03 22:11:12.736 11615 11615 D BlearnAccessibility: event: app.blearn.mobile type=2048
04-03 22:11:12.736 11615 11615 D BlearnAccessibility: skip: own package
04-03 22:11:12.736 11615 11615 D BlearnAccessibility: skip: missing package
04-03 22:11:12.904 11615 11615 D BlearnAccessibility: event: app.blearn.mobile type=2048
04-03 22:11:12.904 11615 11615 D BlearnAccessibility: skip: own package
04-03 22:11:12.904 11615 11615 D BlearnAccessibility: event: app.blearn.mobile type=2048
04-03 22:11:12.904 11615 11615 D BlearnAccessibility: skip: own package
04-03 22:11:12.904 11615 11615 D BlearnAccessibility: skip: missing package
04-03 22:11:12.904 11615 11615 D BlearnAccessibility: event: app.blearn.mobile type=2048
04-03 22:11:12.904 11615 13307 D BlearnScreenTime: consume_pending_navigation_empty
04-03 22:11:12.904 11615 11615 D BlearnAccessibility: skip: own package
04-03 22:11:12.904 11615 11615 D BlearnAccessibility: skip: missing package
04-03 22:11:13.163 11615 13307 D BlearnScreenTime: consume_pending_navigation_empty
04-03 22:11:13.424 11615 13307 D BlearnScreenTime: consume_pending_navigation_empty
04-03 22:11:13.684 11615 13307 D BlearnScreenTime: consume_pending_navigation_empty
04-03 22:11:13.942 11615 13307 D BlearnScreenTime: consume_pending_navigation_empty
04-03 22:11:14.201 11615 13307 D BlearnScreenTime: consume_pending_navigation_empty
04-03 22:11:14.455 11615 13307 D BlearnScreenTime: consume_pending_navigation_empty
04-03 22:11:14.714 11615 13307 D BlearnScreenTime: consume_pending_navigation_empty
04-03 22:11:14.972 11615 13307 D BlearnScreenTime: consume_pending_navigation_empty
04-03 22:11:15.231 11615 13307 D BlearnScreenTime: consume_pending_navigation_empty
04-03 22:11:15.475 11615 11615 D BlearnAccessibility: service connected
04-03 22:11:15.485 11615 13307 D BlearnScreenTime: consume_pending_navigation_empty
04-03 22:11:15.743 11615 13307 D BlearnScreenTime: consume_pending_navigation_empty
04-03 22:11:16.002 11615 13307 D BlearnScreenTime: consume_pending_navigation_empty
04-03 22:11:16.261 11615 13307 D BlearnScreenTime: consume_pending_navigation_empty
04-03 22:11:16.482  1984  3082 D MIUIInput: [MotionEvent] publisher action=0x0, deviceId=-1, 94430610, channel '77d34b2 app.blearn.mobile/app.blearn.mobile.BlockingOverlayActivity (server)'
04-03 22:11:16.485  1984  3082 D MIUIInput: [MotionEvent] publisher action=0x1, deviceId=-1, 94430610, channel '77d34b2 app.blearn.mobile/app.blearn.mobile.BlockingOverlayActivity (server)'
04-03 22:11:16.524 11615 11615 D BlearnAccessibility: event: app.blearn.mobile type=2048
04-03 22:11:16.524 11615 11615 D BlearnAccessibility: skip: own package
04-03 22:11:16.525 11615 11615 D BlearnAccessibility: event: app.blearn.mobile type=2048
04-03 22:11:16.525 11615 11615 D BlearnAccessibility: skip: own package
04-03 22:11:16.525 11615 11615 D BlearnAccessibility: skip: missing package
04-03 22:11:16.526 11615 13307 D BlearnScreenTime: consume_pending_navigation_empty
04-03 22:11:16.601 11615 11615 D BlearnAccessibility: event: app.blearn.mobile type=2048
04-03 22:11:16.601 11615 11615 D BlearnAccessibility: skip: own package
04-03 22:11:16.628 11615 11615 D BlearnAccessibility: event: app.blearn.mobile type=2048
04-03 22:11:16.629 11615 11615 D BlearnAccessibility: skip: own package
04-03 22:11:16.630 11615 11615 D BlearnAccessibility: event: app.blearn.mobile type=2048
04-03 22:11:16.630 11615 11615 D BlearnAccessibility: skip: own package
04-03 22:11:16.630 11615 11615 D BlearnAccessibility: event: app.blearn.mobile type=2048
04-03 22:11:16.630 11615 11615 D BlearnAccessibility: skip: own package
04-03 22:11:16.630 11615 11615 D BlearnAccessibility: skip: missing package
04-03 22:11:16.782 11615 13307 D BlearnScreenTime: consume_pending_navigation_empty
04-03 22:11:17.040 11615 13307 D BlearnScreenTime: consume_pending_navigation_empty
04-03 22:11:17.299 11615 13307 D BlearnScreenTime: consume_pending_navigation_empty
04-03 22:11:17.559 11615 13307 D BlearnScreenTime: consume_pending_navigation_empty
04-03 22:11:17.818 11615 13307 D BlearnScreenTime: consume_pending_navigation_empty
04-03 22:11:18.076 11615 13307 D BlearnScreenTime: consume_pending_navigation_empty
04-03 22:11:18.334 11615 13307 D BlearnScreenTime: consume_pending_navigation_empty
04-03 22:11:18.593 11615 13307 D BlearnScreenTime: consume_pending_navigation_empty
04-03 22:11:18.852 11615 13307 D BlearnScreenTime: consume_pending_navigation_empty
04-03 22:11:19.110 11615 13307 D BlearnScreenTime: consume_pending_navigation_empty
04-03 22:11:19.369 11615 13307 D BlearnScreenTime: consume_pending_navigation_empty
04-03 22:11:19.555 11615 11615 D BlearnAccessibility: service connected
04-03 22:11:19.628 11615 13307 D BlearnScreenTime: consume_pending_navigation_empty
04-03 22:11:19.886 11615 13307 D BlearnScreenTime: consume_pending_navigation_empty
04-03 22:11:20.145 11615 13307 D BlearnScreenTime: consume_pending_navigation_empty
04-03 22:11:20.404 11615 13307 D BlearnScreenTime: consume_pending_navigation_empty
04-03 22:11:20.522 11615 11615 D BlearnAccessibility: event: app.blearn.mobile type=2048
04-03 22:11:20.523 11615 11615 D BlearnAccessibility: skip: own package
04-03 22:11:20.523 11615 11615 D BlearnAccessibility: event: app.blearn.mobile type=2048
04-03 22:11:20.523 11615 11615 D BlearnAccessibility: skip: own package
04-03 22:11:20.523 11615 11615 D BlearnAccessibility: skip: missing package
04-03 22:11:20.627  1984  3082 D MIUIInput: [MotionEvent] publisher action=0x0, deviceId=-1, 94434755, channel '77d34b2 app.blearn.mobile/app.blearn.mobile.BlockingOverlayActivity (server)'
04-03 22:11:20.631  1984  3082 D MIUIInput: [MotionEvent] publisher action=0x1, deviceId=-1, 94434755, channel '77d34b2 app.blearn.mobile/app.blearn.mobile.BlockingOverlayActivity (server)'
04-03 22:11:20.742 11615 11615 D BlearnAccessibility: event: app.blearn.mobile type=2048
04-03 22:11:20.742 11615 11615 D BlearnAccessibility: skip: own package
04-03 22:11:20.843 11615 11615 D BlearnAccessibility: event: app.blearn.mobile type=2048
04-03 22:11:20.843 11615 11615 D BlearnAccessibility: skip: own package
04-03 22:11:20.916 11615 13307 D BlearnScreenTime: consume_pending_navigation_empty
04-03 22:11:21.013 11615 11615 D BlearnAccessibility: event: app.blearn.mobile type=2048
04-03 22:11:21.013 11615 11615 D BlearnAccessibility: skip: own package
04-03 22:11:21.013 11615 11615 D BlearnAccessibility: event: app.blearn.mobile type=2048
04-03 22:11:21.013 11615 11615 D BlearnAccessibility: skip: own package
04-03 22:11:21.014 11615 11615 D BlearnAccessibility: event: app.blearn.mobile type=2048
04-03 22:11:21.014 11615 11615 D BlearnAccessibility: skip: own package
04-03 22:11:21.014 11615 11615 D BlearnAccessibility: event: app.blearn.mobile type=2048
04-03 22:11:21.014 11615 11615 D BlearnAccessibility: skip: own package
04-03 22:11:21.014 11615 11615 D BlearnAccessibility: skip: missing package
04-03 22:11:21.174 11615 13307 D BlearnScreenTime: consume_pending_navigation_empty
04-03 22:11:21.174 11615 11615 D BlearnAccessibility: event: app.blearn.mobile type=2048
04-03 22:11:21.174 11615 11615 D BlearnAccessibility: skip: own package
04-03 22:11:21.175 11615 11615 D BlearnAccessibility: skip: missing package
04-03 22:11:21.433 11615 13307 D BlearnScreenTime: consume_pending_navigation_empty
04-03 22:11:21.526 11615 11615 D BlearnAccessibility: event: app.blearn.mobile type=2048
04-03 22:11:21.526 11615 11615 D BlearnAccessibility: skip: own package
04-03 22:11:21.527 11615 11615 D BlearnAccessibility: event: app.blearn.mobile type=2048
04-03 22:11:21.527 11615 11615 D BlearnAccessibility: skip: own package
04-03 22:11:21.527 11615 11615 D BlearnAccessibility: skip: missing package
04-03 22:11:21.692 11615 13307 D BlearnScreenTime: consume_pending_navigation_empty
04-03 22:11:21.952 11615 13307 D BlearnScreenTime: consume_pending_navigation_empty
04-03 22:11:22.210 11615 13307 D BlearnScreenTime: consume_pending_navigation_empty
04-03 22:11:22.464 11615 13307 D BlearnScreenTime: consume_pending_navigation_empty
04-03 22:11:22.722 11615 13307 D BlearnScreenTime: consume_pending_navigation_empty
04-03 22:11:22.981 11615 13307 D BlearnScreenTime: consume_pending_navigation_empty
04-03 22:11:23.239 11615 13307 D BlearnScreenTime: consume_pending_navigation_empty
04-03 22:11:23.498 11615 13307 D BlearnScreenTime: consume_pending_navigation_empty
04-03 22:11:23.757 11615 13307 D BlearnScreenTime: consume_pending_navigation_empty
04-03 22:11:24.015 11615 13307 D BlearnScreenTime: consume_pending_navigation_empty
04-03 22:11:24.274 11615 13307 D BlearnScreenTime: consume_pending_navigation_empty
04-03 22:11:24.467 11615 11615 D BlearnAccessibility: service connected
04-03 22:11:24.533 11615 13307 D BlearnScreenTime: consume_pending_navigation_empty
04-03 22:11:24.792 11615 13307 D BlearnScreenTime: consume_pending_navigation_empty
04-03 22:11:25.051 11615 13307 D BlearnScreenTime: consume_pending_navigation_empty
04-03 22:11:25.191 11615 11615 D BlearnAccessibility: event: com.android.systemui type=2048
04-03 22:11:25.206 11615 11615 D BlearnAccessibility: skip: package outside conservative text allowlist com.android.systemui
04-03 22:11:25.309 11615 13307 D BlearnScreenTime: consume_pending_navigation_empty
04-03 22:11:25.452  1984  3082 D MIUIInput: [MotionEvent] publisher action=0x0, deviceId=-1, 94439580, channel '77d34b2 app.blearn.mobile/app.blearn.mobile.BlockingOverlayActivity (server)'
04-03 22:11:25.454  1984  3082 D MIUIInput: [MotionEvent] publisher action=0x1, deviceId=-1, 94439580, channel '77d34b2 app.blearn.mobile/app.blearn.mobile.BlockingOverlayActivity (server)'
04-03 22:11:25.518 11615 11615 D BlearnAccessibility: event: app.blearn.mobile type=2048
04-03 22:11:25.518 11615 11615 D BlearnAccessibility: skip: own package
04-03 22:11:25.518 11615 11615 D BlearnAccessibility: event: app.blearn.mobile type=2048
04-03 22:11:25.518 11615 11615 D BlearnAccessibility: skip: own package
04-03 22:11:25.518 11615 11615 D BlearnAccessibility: skip: missing package
04-03 22:11:25.570 11615 11615 D BlearnAccessibility: event: app.blearn.mobile type=2048
04-03 22:11:25.570 11615 11615 D BlearnAccessibility: skip: own package
04-03 22:11:25.571 11615 13307 D BlearnScreenTime: consume_pending_navigation_empty
04-03 22:11:25.602 11615 11615 D BlearnAccessibility: event: app.blearn.mobile type=2048
04-03 22:11:25.602 11615 11615 D BlearnAccessibility: skip: own package
04-03 22:11:25.602 11615 11615 D BlearnAccessibility: event: app.blearn.mobile type=2048
04-03 22:11:25.602 11615 11615 D BlearnAccessibility: skip: own package
04-03 22:11:25.603 11615 11615 D BlearnAccessibility: event: app.blearn.mobile type=2048
04-03 22:11:25.603 11615 11615 D BlearnAccessibility: skip: own package
04-03 22:11:25.603 11615 11615 D BlearnAccessibility: skip: missing package
04-03 22:11:25.830 11615 13307 D BlearnScreenTime: consume_pending_navigation_empty
04-03 22:11:26.088 11615 13307 D BlearnScreenTime: consume_pending_navigation_empty
04-03 22:11:26.348 11615 13307 D BlearnScreenTime: consume_pending_navigation_empty
04-03 22:11:26.607 11615 13307 D BlearnScreenTime: consume_pending_navigation_empty
04-03 22:11:26.867 11615 13307 D BlearnScreenTime: consume_pending_navigation_empty
04-03 22:11:27.126 11615 13307 D BlearnScreenTime: consume_pending_navigation_empty
04-03 22:11:27.384 11615 13307 D BlearnScreenTime: consume_pending_navigation_empty
04-03 22:11:27.445 11615 13142 W RenderInspector: QueueBuffer time out on app.blearn.mobile/app.blearn.mobile.BlockingOverlayActivity, count=1, avg=20 ms, max=20 ms.
04-03 22:11:27.643 11615 13307 D BlearnScreenTime: consume_pending_navigation_empty
04-03 22:11:27.902 11615 13307 D BlearnScreenTime: consume_pending_navigation_empty
04-03 22:11:28.161 11615 13307 D BlearnScreenTime: consume_pending_navigation_empty
04-03 22:11:28.419 11615 13307 D BlearnScreenTime: consume_pending_navigation_empty
04-03 22:11:28.677 11615 13307 D BlearnScreenTime: consume_pending_navigation_empty
04-03 22:11:28.935 11615 13307 D BlearnScreenTime: consume_pending_navigation_empty
04-03 22:11:29.189 11615 13307 D BlearnScreenTime: consume_pending_navigation_empty
04-03 22:11:29.444 11615 13307 D BlearnScreenTime: consume_pending_navigation_empty
04-03 22:11:29.602 11615 11615 D BlearnAccessibility: service connected
04-03 22:11:29.700 11615 13307 D BlearnScreenTime: consume_pending_navigation_empty
04-03 22:11:29.953 11615 13307 D BlearnScreenTime: consume_pending_navigation_empty
04-03 22:11:30.211 11615 13307 D BlearnScreenTime: consume_pending_navigation_empty
04-03 22:11:30.464 11615 13307 D BlearnScreenTime: consume_pending_navigation_empty
04-03 22:11:30.533 11615 11615 D BlearnAccessibility: event: app.blearn.mobile type=2048
04-03 22:11:30.533 11615 11615 D BlearnAccessibility: skip: own package
04-03 22:11:30.533 11615 11615 D BlearnAccessibility: event: app.blearn.mobile type=2048
04-03 22:11:30.533 11615 11615 D BlearnAccessibility: skip: own package
04-03 22:11:30.533 11615 11615 D BlearnAccessibility: skip: missing package
04-03 22:11:30.722 11615 13307 D BlearnScreenTime: consume_pending_navigation_empty
04-03 22:11:30.981 11615 13307 D BlearnScreenTime: consume_pending_navigation_empty
04-03 22:11:31.239 11615 13307 D BlearnScreenTime: consume_pending_navigation_empty
04-03 22:11:31.395  1984  3082 D MIUIInput: [MotionEvent] publisher action=0x0, deviceId=-1, 94445522, channel '77d34b2 app.blearn.mobile/app.blearn.mobile.BlockingOverlayActivity (server)'
04-03 22:11:31.399  1984  3082 D MIUIInput: [MotionEvent] publisher action=0x1, deviceId=-1, 94445522, channel '77d34b2 app.blearn.mobile/app.blearn.mobile.BlockingOverlayActivity (server)'
04-03 22:11:31.517 11615 11615 D BlearnAccessibility: event: app.blearn.mobile type=2048
04-03 22:11:31.517 11615 11615 D BlearnAccessibility: skip: own package
04-03 22:11:31.616 11615 11615 D BlearnAccessibility: event: app.blearn.mobile type=2048
04-03 22:11:31.616 11615 11615 D BlearnAccessibility: skip: own package
04-03 22:11:31.691 11615 13307 D BlearnScreenTime: consume_pending_navigation_empty
04-03 22:11:31.792 11615 11615 D BlearnAccessibility: event: app.blearn.mobile type=2048
04-03 22:11:31.792 11615 11615 D BlearnAccessibility: skip: own package
04-03 22:11:31.792 11615 11615 D BlearnAccessibility: event: app.blearn.mobile type=2048
04-03 22:11:31.792 11615 11615 D BlearnAccessibility: skip: own package
04-03 22:11:31.792 11615 11615 D BlearnAccessibility: event: app.blearn.mobile type=2048
04-03 22:11:31.792 11615 11615 D BlearnAccessibility: skip: own package
04-03 22:11:31.793 11615 11615 D BlearnAccessibility: event: app.blearn.mobile type=2048
04-03 22:11:31.793 11615 11615 D BlearnAccessibility: skip: own package
04-03 22:11:31.793 11615 11615 D BlearnAccessibility: skip: missing package
04-03 22:11:31.794 11615 11615 D BlearnAccessibility: event: app.blearn.mobile type=2048
04-03 22:11:31.794 11615 11615 D BlearnAccessibility: skip: own package
04-03 22:11:31.794 11615 11615 D BlearnAccessibility: skip: missing package
04-03 22:11:31.893 11615 11615 D BlearnAccessibility: event: app.blearn.mobile type=2048
04-03 22:11:31.893 11615 11615 D BlearnAccessibility: skip: own package
04-03 22:11:31.950 11615 13307 D BlearnScreenTime: consume_pending_navigation_empty
04-03 22:11:31.951 11615 11615 D BlearnAccessibility: event: app.blearn.mobile type=2048
04-03 22:11:31.951 11615 11615 D BlearnAccessibility: skip: own package
04-03 22:11:31.951 11615 11615 D BlearnAccessibility: skip: missing package
04-03 22:11:32.209 11615 13307 D BlearnScreenTime: consume_pending_navigation_empty
04-03 22:11:32.463 11615 13307 D BlearnScreenTime: consume_pending_navigation_empty
04-03 22:11:32.521 11615 11615 D BlearnAccessibility: event: app.blearn.mobile type=2048
04-03 22:11:32.521 11615 11615 D BlearnAccessibility: skip: own package
04-03 22:11:32.521 11615 11615 D BlearnAccessibility: event: app.blearn.mobile type=2048
04-03 22:11:32.521 11615 11615 D BlearnAccessibility: skip: own package
04-03 22:11:32.521 11615 11615 D BlearnAccessibility: skip: missing package
04-03 22:11:32.722 11615 13307 D BlearnScreenTime: consume_pending_navigation_empty
04-03 22:11:32.980 11615 13307 D BlearnScreenTime: consume_pending_navigation_empty
04-03 22:11:33.239 11615 13307 D BlearnScreenTime: consume_pending_navigation_empty
04-03 22:11:33.498 11615 13307 D BlearnScreenTime: consume_pending_navigation_empty
04-03 22:11:33.757 11615 13307 D BlearnScreenTime: consume_pending_navigation_empty
04-03 22:11:34.015 11615 13307 D BlearnScreenTime: consume_pending_navigation_empty
04-03 22:11:34.274 11615 13307 D BlearnScreenTime: consume_pending_navigation_empty
04-03 22:11:34.533 11615 13307 D BlearnScreenTime: consume_pending_navigation_empty
04-03 22:11:34.791 11615 13307 D BlearnScreenTime: consume_pending_navigation_empty
04-03 22:11:35.049 11615 13307 D BlearnScreenTime: consume_pending_navigation_empty
04-03 22:11:35.308 11615 13307 D BlearnScreenTime: consume_pending_navigation_empty
04-03 22:11:35.475 11615 11615 D BlearnAccessibility: service connected
04-03 22:11:35.566 11615 13307 D BlearnScreenTime: consume_pending_navigation_empty
04-03 22:11:35.825 11615 13307 D BlearnScreenTime: consume_pending_navigation_empty
04-03 22:11:36.084 11615 13307 D BlearnScreenTime: consume_pending_navigation_empty
04-03 22:11:36.343 11615 13307 D BlearnScreenTime: consume_pending_navigation_empty
04-03 22:11:36.460  1984  3082 D MIUIInput: [MotionEvent] publisher action=0x0, deviceId=-1, 94450588, channel '77d34b2 app.blearn.mobile/app.blearn.mobile.BlockingOverlayActivity (server)'
04-03 22:11:36.462  1984  3082 D MIUIInput: [MotionEvent] publisher action=0x1, deviceId=-1, 94450588, channel '77d34b2 app.blearn.mobile/app.blearn.mobile.BlockingOverlayActivity (server)'
04-03 22:11:36.561 11615 11615 D BlearnAccessibility: event: app.blearn.mobile type=2048
04-03 22:11:36.561 11615 11615 D BlearnAccessibility: skip: own package
04-03 22:11:36.561 11615 11615 D BlearnAccessibility: event: app.blearn.mobile type=2048
04-03 22:11:36.561 11615 11615 D BlearnAccessibility: skip: own package
04-03 22:11:36.561 11615 11615 D BlearnAccessibility: skip: missing package
04-03 22:11:36.577 11615 11615 D BlearnAccessibility: event: app.blearn.mobile type=2048
04-03 22:11:36.577 11615 11615 D BlearnAccessibility: skip: own package
04-03 22:11:36.597 11615 13307 D BlearnScreenTime: consume_pending_navigation_empty
04-03 22:11:36.610 11615 11615 D BlearnAccessibility: event: app.blearn.mobile type=2048
04-03 22:11:36.610 11615 11615 D BlearnAccessibility: skip: own package
04-03 22:11:36.610 11615 11615 D BlearnAccessibility: event: app.blearn.mobile type=2048
04-03 22:11:36.610 11615 11615 D BlearnAccessibility: skip: own package
04-03 22:11:36.610 11615 11615 D BlearnAccessibility: event: app.blearn.mobile type=2048
04-03 22:11:36.610 11615 11615 D BlearnAccessibility: skip: own package
04-03 22:11:36.610 11615 11615 D BlearnAccessibility: skip: missing package
04-03 22:11:36.855 11615 13307 D BlearnScreenTime: consume_pending_navigation_empty
04-03 22:11:37.113 11615 13307 D BlearnScreenTime: consume_pending_navigation_empty
04-03 22:11:37.372 11615 13307 D BlearnScreenTime: consume_pending_navigation_empty
04-03 22:11:37.632 11615 13307 D BlearnScreenTime: consume_pending_navigation_empty
04-03 22:11:37.890 11615 13307 D BlearnScreenTime: consume_pending_navigation_empty
04-03 22:11:38.149 11615 13307 D BlearnScreenTime: consume_pending_navigation_empty
04-03 22:11:38.407 11615 13307 D BlearnScreenTime: consume_pending_navigation_empty
04-03 22:11:38.450 11615 13142 W RenderInspector: QueueBuffer time out on app.blearn.mobile/app.blearn.mobile.BlockingOverlayActivity, count=1, avg=17 ms, max=17 ms.
04-03 22:11:38.518 11615 11615 D BlearnAccessibility: service connected
04-03 22:11:38.666 11615 13307 D BlearnScreenTime: consume_pending_navigation_empty
04-03 22:11:38.924 11615 13307 D BlearnScreenTime: consume_pending_navigation_empty
04-03 22:11:39.182 11615 13307 D BlearnScreenTime: consume_pending_navigation_empty
04-03 22:11:39.442 11615 13307 D BlearnScreenTime: consume_pending_navigation_empty
04-03 22:11:39.507  1984  3082 D MIUIInput: [MotionEvent] publisher action=0x0, deviceId=-1, 94453634, channel '77d34b2 app.blearn.mobile/app.blearn.mobile.BlockingOverlayActivity (server)'
04-03 22:11:39.511  1984  3082 D MIUIInput: [MotionEvent] publisher action=0x1, deviceId=-1, 94453634, channel '77d34b2 app.blearn.mobile/app.blearn.mobile.BlockingOverlayActivity (server)'
04-03 22:11:39.520 11615 11615 D BlearnAccessibility: event: app.blearn.mobile type=2048
04-03 22:11:39.520 11615 11615 D BlearnAccessibility: skip: own package
04-03 22:11:39.521 11615 11615 D BlearnAccessibility: event: app.blearn.mobile type=2048
04-03 22:11:39.521 11615 11615 D BlearnAccessibility: skip: own package
04-03 22:11:39.521 11615 11615 D BlearnAccessibility: skip: missing package
04-03 22:11:39.620 11615 11615 D BlearnAccessibility: event: app.blearn.mobile type=2048
04-03 22:11:39.620 11615 11615 D BlearnAccessibility: skip: own package
04-03 22:11:39.718 11615 11615 D BlearnAccessibility: event: app.blearn.mobile type=2048
04-03 22:11:39.718 11615 11615 D BlearnAccessibility: skip: own package
04-03 22:11:39.780 11615 13307 D BlearnScreenTime: consume_pending_navigation_empty
04-03 22:11:39.880 11615 11615 D BlearnAccessibility: event: app.blearn.mobile type=2048
04-03 22:11:39.880 11615 11615 D BlearnAccessibility: skip: own package
04-03 22:11:39.880 11615 11615 D BlearnAccessibility: event: app.blearn.mobile type=2048
04-03 22:11:39.880 11615 11615 D BlearnAccessibility: skip: own package
04-03 22:11:39.881 11615 11615 D BlearnAccessibility: event: app.blearn.mobile type=2048
04-03 22:11:39.881 11615 11615 D BlearnAccessibility: skip: own package
04-03 22:11:39.881 11615 11615 D BlearnAccessibility: event: app.blearn.mobile type=2048
04-03 22:11:39.881 11615 11615 D BlearnAccessibility: skip: own package
04-03 22:11:39.882 11615 11615 D BlearnAccessibility: skip: missing package
04-03 22:11:40.036 11615 11615 D BlearnAccessibility: event: app.blearn.mobile type=2048
04-03 22:11:40.036 11615 11615 D BlearnAccessibility: skip: own package
04-03 22:11:40.036 11615 11615 D BlearnAccessibility: skip: missing package
04-03 22:11:40.038 11615 13307 D BlearnScreenTime: consume_pending_navigation_empty
04-03 22:11:40.257 11615 11615 D BlearnAccessibility: event: com.android.systemui type=2048
04-03 22:11:40.274 11615 11615 D BlearnAccessibility: skip: package outside conservative text allowlist com.android.systemui
04-03 22:11:40.296 11615 13307 D BlearnScreenTime: consume_pending_navigation_empty
04-03 22:11:40.523 11615 11615 D BlearnAccessibility: event: app.blearn.mobile type=2048
04-03 22:11:40.523 11615 11615 D BlearnAccessibility: skip: own package
04-03 22:11:40.523 11615 11615 D BlearnAccessibility: event: app.blearn.mobile type=2048
04-03 22:11:40.523 11615 11615 D BlearnAccessibility: skip: own package
04-03 22:11:40.523 11615 11615 D BlearnAccessibility: skip: missing package
04-03 22:11:40.556 11615 13307 D BlearnScreenTime: consume_pending_navigation_empty
04-03 22:11:40.811 11615 13307 D BlearnScreenTime: consume_pending_navigation_empty
04-03 22:11:41.069 11615 13307 D BlearnScreenTime: consume_pending_navigation_empty
04-03 22:11:41.327 11615 13307 D BlearnScreenTime: consume_pending_navigation_empty
04-03 22:11:41.585 11615 13307 D BlearnScreenTime: consume_pending_navigation_empty
04-03 22:11:41.843 11615 13307 D BlearnScreenTime: consume_pending_navigation_empty
04-03 22:11:42.102 11615 13307 D BlearnScreenTime: consume_pending_navigation_empty
04-03 22:11:42.361 11615 13307 D BlearnScreenTime: consume_pending_navigation_empty
04-03 22:11:42.478 11615 11615 D BlearnAccessibility: service connected
04-03 22:11:42.619 11615 13307 D BlearnScreenTime: consume_pending_navigation_empty
04-03 22:11:42.877 11615 13307 D BlearnScreenTime: consume_pending_navigation_empty
04-03 22:11:43.136 11615 13307 D BlearnScreenTime: consume_pending_navigation_empty
04-03 22:11:43.272 11615 11615 D BlearnAccessibility: event: com.android.systemui type=2048
04-03 22:11:43.294 11615 11615 D BlearnAccessibility: skip: package outside conservative text allowlist com.android.systemui
04-03 22:11:43.394 11615 13307 D BlearnScreenTime: consume_pending_navigation_empty
04-03 22:11:43.474  1984  3082 D MIUIInput: [MotionEvent] publisher action=0x0, deviceId=-1, 94457602, channel '77d34b2 app.blearn.mobile/app.blearn.mobile.BlockingOverlayActivity (server)'
04-03 22:11:43.477  1984  3082 D MIUIInput: [MotionEvent] publisher action=0x1, deviceId=-1, 94457602, channel '77d34b2 app.blearn.mobile/app.blearn.mobile.BlockingOverlayActivity (server)'
04-03 22:11:43.528 11615 11615 D BlearnAccessibility: event: app.blearn.mobile type=2048
04-03 22:11:43.528 11615 11615 D BlearnAccessibility: skip: own package
04-03 22:11:43.529 11615 11615 D BlearnAccessibility: event: app.blearn.mobile type=2048
04-03 22:11:43.529 11615 11615 D BlearnAccessibility: skip: own package
04-03 22:11:43.529 11615 11615 D BlearnAccessibility: skip: missing package
04-03 22:11:43.597 11615 11615 D BlearnAccessibility: event: app.blearn.mobile type=2048
04-03 22:11:43.597 11615 11615 D BlearnAccessibility: skip: own package
04-03 22:11:43.636 11615 11615 D BlearnAccessibility: event: app.blearn.mobile type=2048
04-03 22:11:43.636 11615 11615 D BlearnAccessibility: skip: own package
04-03 22:11:43.639 11615 11615 D BlearnAccessibility: event: app.blearn.mobile type=2048
04-03 22:11:43.639 11615 11615 D BlearnAccessibility: skip: own package
04-03 22:11:43.639 11615 11615 D BlearnAccessibility: event: app.blearn.mobile type=2048
04-03 22:11:43.639 11615 11615 D BlearnAccessibility: skip: own package
04-03 22:11:43.639 11615 11615 D BlearnAccessibility: skip: missing package
04-03 22:11:43.647 11615 13307 D BlearnScreenTime: consume_pending_navigation_empty
04-03 22:11:43.905 11615 13307 D BlearnScreenTime: consume_pending_navigation_empty
04-03 22:11:44.164 11615 13307 D BlearnScreenTime: consume_pending_navigation_empty
04-03 22:11:44.424 11615 13307 D BlearnScreenTime: consume_pending_navigation_empty
04-03 22:11:44.684 11615 13307 D BlearnScreenTime: consume_pending_navigation_empty
04-03 22:11:44.942 11615 13307 D BlearnScreenTime: consume_pending_navigation_empty
04-03 22:11:45.201 11615 13307 D BlearnScreenTime: consume_pending_navigation_empty
04-03 22:11:45.438 11615 13142 W RenderInspector: QueueBuffer time out on app.blearn.mobile/app.blearn.mobile.BlockingOverlayActivity, count=1, avg=17 ms, max=17 ms.
04-03 22:11:45.454 11615 13307 D BlearnScreenTime: consume_pending_navigation_empty
04-03 22:11:45.712 11615 13307 D BlearnScreenTime: consume_pending_navigation_empty
04-03 22:11:45.971 11615 13307 D BlearnScreenTime: consume_pending_navigation_empty
04-03 22:11:46.230 11615 13307 D BlearnScreenTime: consume_pending_navigation_empty
04-03 22:11:46.484 11615 13307 D BlearnScreenTime: consume_pending_navigation_empty
04-03 22:11:46.648 11615 11615 D BlearnAccessibility: service connected
04-03 22:11:46.742 11615 13307 D BlearnScreenTime: consume_pending_navigation_empty
04-03 22:11:47.000 11615 13307 D BlearnScreenTime: consume_pending_navigation_empty
04-03 22:11:47.259 11615 13307 D BlearnScreenTime: consume_pending_navigation_empty
04-03 22:11:47.518 11615 13307 D BlearnScreenTime: consume_pending_navigation_empty
04-03 22:11:47.522 11615 11615 D BlearnAccessibility: event: app.blearn.mobile type=2048
04-03 22:11:47.523 11615 11615 D BlearnAccessibility: skip: own package
04-03 22:11:47.523 11615 11615 D BlearnAccessibility: event: app.blearn.mobile type=2048
04-03 22:11:47.523 11615 11615 D BlearnAccessibility: skip: own package
04-03 22:11:47.523 11615 11615 D BlearnAccessibility: skip: missing package
04-03 22:11:47.776 11615 13307 D BlearnScreenTime: consume_pending_navigation_empty
04-03 22:11:48.030 11615 13307 D BlearnScreenTime: consume_pending_navigation_empty
04-03 22:11:48.283 11615 13307 D BlearnScreenTime: consume_pending_navigation_empty
04-03 22:11:48.315  1984  3082 D MIUIInput: [MotionEvent] publisher action=0x0, deviceId=-1, 94462443, channel '77d34b2 app.blearn.mobile/app.blearn.mobile.BlockingOverlayActivity (server)'
04-03 22:11:48.317  1984  3082 D MIUIInput: [MotionEvent] publisher action=0x1, deviceId=-1, 94462443, channel '77d34b2 app.blearn.mobile/app.blearn.mobile.BlockingOverlayActivity (server)'
04-03 22:11:48.424 11615 11615 D BlearnAccessibility: event: app.blearn.mobile type=2048
04-03 22:11:48.424 11615 11615 D BlearnAccessibility: skip: own package
04-03 22:11:48.525 11615 11615 D BlearnAccessibility: event: app.blearn.mobile type=2048
04-03 22:11:48.525 11615 11615 D BlearnAccessibility: skip: own package
04-03 22:11:48.592 11615 13307 D BlearnScreenTime: consume_pending_navigation_empty
04-03 22:11:48.692 11615 11615 D BlearnAccessibility: event: app.blearn.mobile type=2048
04-03 22:11:48.692 11615 11615 D BlearnAccessibility: skip: own package
04-03 22:11:48.693 11615 11615 D BlearnAccessibility: event: app.blearn.mobile type=2048
04-03 22:11:48.693 11615 11615 D BlearnAccessibility: skip: own package
04-03 22:11:48.694 11615 11615 D BlearnAccessibility: event: app.blearn.mobile type=2048
04-03 22:11:48.694 11615 11615 D BlearnAccessibility: skip: own package
04-03 22:11:48.694 11615 11615 D BlearnAccessibility: event: app.blearn.mobile type=2048
04-03 22:11:48.694 11615 11615 D BlearnAccessibility: skip: own package
04-03 22:11:48.694 11615 11615 D BlearnAccessibility: skip: missing package
04-03 22:11:48.851 11615 13307 D BlearnScreenTime: consume_pending_navigation_empty
04-03 22:11:48.856 11615 11615 D BlearnAccessibility: event: app.blearn.mobile type=2048
04-03 22:11:48.856 11615 11615 D BlearnAccessibility: skip: own package
04-03 22:11:48.856 11615 11615 D BlearnAccessibility: event: app.blearn.mobile type=2048
04-03 22:11:48.856 11615 11615 D BlearnAccessibility: skip: own package
04-03 22:11:48.857 11615 11615 D BlearnAccessibility: skip: missing package
04-03 22:11:48.857 11615 11615 D BlearnAccessibility: event: app.blearn.mobile type=2048
04-03 22:11:48.857 11615 11615 D BlearnAccessibility: skip: own package
04-03 22:11:48.857 11615 11615 D BlearnAccessibility: skip: missing package
04-03 22:11:49.110 11615 13307 D BlearnScreenTime: consume_pending_navigation_empty
04-03 22:11:49.369 11615 13307 D BlearnScreenTime: consume_pending_navigation_empty
04-03 22:11:49.628 11615 13307 D BlearnScreenTime: consume_pending_navigation_empty
04-03 22:11:49.882 11615 13307 D BlearnScreenTime: consume_pending_navigation_empty
04-03 22:11:50.140 11615 13307 D BlearnScreenTime: consume_pending_navigation_empty
04-03 22:11:50.398 11615 13307 D BlearnScreenTime: consume_pending_navigation_empty
04-03 22:11:50.656 11615 13307 D BlearnScreenTime: consume_pending_navigation_empty
04-03 22:11:50.915 11615 13307 D BlearnScreenTime: consume_pending_navigation_empty
04-03 22:11:51.174 11615 13307 D BlearnScreenTime: consume_pending_navigation_empty
04-03 22:11:51.444 11615 13307 D BlearnScreenTime: consume_pending_navigation_empty
04-03 22:11:51.481 11615 11615 D BlearnAccessibility: service connected
04-03 22:11:51.702 11615 13307 D BlearnScreenTime: consume_pending_navigation_empty
04-03 22:11:51.961 11615 13307 D BlearnScreenTime: consume_pending_navigation_empty
04-03 22:11:52.220 11615 13307 D BlearnScreenTime: consume_pending_navigation_empty
04-03 22:11:52.300 11615 11615 D BlearnAccessibility: event: com.android.systemui type=2048
04-03 22:11:52.315 11615 11615 D BlearnAccessibility: skip: package outside conservative text allowlist com.android.systemui
04-03 22:11:52.473 11615 13307 D BlearnScreenTime: consume_pending_navigation_empty
04-03 22:11:52.516 11615 11615 D BlearnAccessibility: event: app.blearn.mobile type=2048
04-03 22:11:52.516 11615 11615 D BlearnAccessibility: skip: own package
04-03 22:11:52.517 11615 11615 D BlearnAccessibility: event: app.blearn.mobile type=2048
04-03 22:11:52.517 11615 11615 D BlearnAccessibility: skip: own package
04-03 22:11:52.517 11615 11615 D BlearnAccessibility: skip: missing package
04-03 22:11:52.572  1984  3082 D MIUIInput: [MotionEvent] publisher action=0x0, deviceId=-1, 94466699, channel '77d34b2 app.blearn.mobile/app.blearn.mobile.BlockingOverlayActivity (server)'
04-03 22:11:52.578  1984  3082 D MIUIInput: [MotionEvent] publisher action=0x1, deviceId=-1, 94466699, channel '77d34b2 app.blearn.mobile/app.blearn.mobile.BlockingOverlayActivity (server)'
04-03 22:11:52.709 11615 11615 D BlearnAccessibility: event: app.blearn.mobile type=2048
04-03 22:11:52.709 11615 11615 D BlearnAccessibility: skip: own package
04-03 22:11:52.726 11615 13307 D BlearnScreenTime: consume_pending_navigation_empty
04-03 22:11:52.728 11615 11615 D BlearnAccessibility: event: app.blearn.mobile type=2048
04-03 22:11:52.728 11615 11615 D BlearnAccessibility: skip: own package
04-03 22:11:52.729 11615 11615 D BlearnAccessibility: event: app.blearn.mobile type=2048
04-03 22:11:52.729 11615 11615 D BlearnAccessibility: skip: own package
04-03 22:11:52.729 11615 11615 D BlearnAccessibility: event: app.blearn.mobile type=2048
04-03 22:11:52.729 11615 11615 D BlearnAccessibility: skip: own package
04-03 22:11:52.739 11615 11615 D BlearnAccessibility: skip: missing package
04-03 22:11:52.985 11615 13307 D BlearnScreenTime: consume_pending_navigation_empty
04-03 22:11:53.244 11615 13307 D BlearnScreenTime: consume_pending_navigation_empty
04-03 22:11:53.438  1984  6565 D PerfShielderService: app.blearn.mobile|app.blearn.mobile/app.blearn.mobile.BlockingOverlayActivity|108|94466867322088|62|5|3
04-03 22:11:53.439  5845 30988 W MiuiPerfServiceClient: interceptAndQueuing:11615|app.blearn.mobile|108|62|94466867322088|Slow issue draw commands|3
04-03 22:11:53.503 11615 13307 D BlearnScreenTime: consume_pending_navigation_empty
04-03 22:11:53.522 11615 11615 D BlearnAccessibility: event: app.blearn.mobile type=2048
04-03 22:11:53.522 11615 11615 D BlearnAccessibility: skip: own package
04-03 22:11:53.522 11615 11615 D BlearnAccessibility: event: app.blearn.mobile type=2048
04-03 22:11:53.522 11615 11615 D BlearnAccessibility: skip: own package
04-03 22:11:53.522 11615 11615 D BlearnAccessibility: skip: missing package
04-03 22:11:53.763 11615 13307 D BlearnScreenTime: consume_pending_navigation_empty
04-03 22:11:54.023 11615 13307 D BlearnScreenTime: consume_pending_navigation_empty
04-03 22:11:54.282 11615 13307 D BlearnScreenTime: consume_pending_navigation_empty
04-03 22:11:54.438 11615 13142 W RenderInspector: QueueBuffer time out on app.blearn.mobile/app.blearn.mobile.BlockingOverlayActivity, count=1, avg=28 ms, max=28 ms.
04-03 22:11:54.541 11615 13307 D BlearnScreenTime: consume_pending_navigation_empty
04-03 22:11:54.799 11615 13307 D BlearnScreenTime: consume_pending_navigation_empty
04-03 22:11:55.058 11615 13307 D BlearnScreenTime: consume_pending_navigation_empty
04-03 22:11:55.317 11615 13307 D BlearnScreenTime: consume_pending_navigation_empty
04-03 22:11:55.505 11615 11615 D BlearnAccessibility: service connected
04-03 22:11:55.576 11615 13307 D BlearnScreenTime: consume_pending_navigation_empty
04-03 22:11:55.834 11615 13307 D BlearnScreenTime: consume_pending_navigation_empty
04-03 22:11:56.093 11615 13307 D BlearnScreenTime: consume_pending_navigation_empty
04-03 22:11:56.351 11615 13307 D BlearnScreenTime: consume_pending_navigation_empty
04-03 22:11:56.528 11615 11615 D BlearnAccessibility: event: app.blearn.mobile type=2048
04-03 22:11:56.528 11615 11615 D BlearnAccessibility: skip: own package
04-03 22:11:56.528 11615 11615 D BlearnAccessibility: event: app.blearn.mobile type=2048
04-03 22:11:56.528 11615 11615 D BlearnAccessibility: skip: own package
04-03 22:11:56.528 11615 11615 D BlearnAccessibility: skip: missing package
04-03 22:11:56.531  1984  3082 D MIUIInput: [MotionEvent] publisher action=0x0, deviceId=-1, 94470659, channel '77d34b2 app.blearn.mobile/app.blearn.mobile.BlockingOverlayActivity (server)'
04-03 22:11:56.534  1984  3082 D MIUIInput: [MotionEvent] publisher action=0x1, deviceId=-1, 94470659, channel '77d34b2 app.blearn.mobile/app.blearn.mobile.BlockingOverlayActivity (server)'
04-03 22:11:56.736 11615 11615 D BlearnAccessibility: event: app.blearn.mobile type=2048
04-03 22:11:56.736 11615 11615 D BlearnAccessibility: skip: own package
04-03 22:11:56.940 11615 13307 D BlearnScreenTime: consume_pending_navigation_empty
04-03 22:11:57.189 11615 11615 D BlearnAccessibility: event: app.blearn.mobile type=2048
04-03 22:11:57.189 11615 11615 D BlearnAccessibility: skip: own package
04-03 22:11:57.189 11615 11615 D BlearnAccessibility: event: app.blearn.mobile type=2048
04-03 22:11:57.189 11615 11615 D BlearnAccessibility: skip: own package
04-03 22:11:57.189 11615 11615 D BlearnAccessibility: skip: missing package
04-03 22:11:57.189 11615 11615 D BlearnAccessibility: event: app.blearn.mobile type=2048
04-03 22:11:57.189 11615 11615 D BlearnAccessibility: skip: own package
04-03 22:11:57.189 11615 11615 D BlearnAccessibility: skip: missing package
04-03 22:11:57.207 11615 13307 D BlearnScreenTime: consume_pending_navigation_empty
04-03 22:11:57.460 11615 13307 D BlearnScreenTime: consume_pending_navigation_empty
04-03 22:11:57.525 11615 11615 D BlearnAccessibility: event: app.blearn.mobile type=2048
04-03 22:11:57.525 11615 11615 D BlearnAccessibility: skip: own package
04-03 22:11:57.527 11615 11615 D BlearnAccessibility: event: app.blearn.mobile type=2048
04-03 22:11:57.527 11615 11615 D BlearnAccessibility: skip: own package
04-03 22:11:57.527 11615 11615 D BlearnAccessibility: skip: missing package
04-03 22:11:57.725 11615 13307 D BlearnScreenTime: consume_pending_navigation_empty
04-03 22:11:57.978 11615 13307 D BlearnScreenTime: consume_pending_navigation_empty
04-03 22:11:58.237 11615 13307 D BlearnScreenTime: consume_pending_navigation_empty
04-03 22:11:58.438  1984  2757 D PerfShielderService: app.blearn.mobile|app.blearn.mobile/app.blearn.mobile.BlockingOverlayActivity|392|94471160704742|75|5|20
04-03 22:11:58.438  5845 30988 W MiuiPerfServiceClient: interceptAndQueuing:11615|app.blearn.mobile|392|75|94471160704742|Slow issue draw commands|20
04-03 22:11:58.491 11615 13307 D BlearnScreenTime: consume_pending_navigation_empty
04-03 22:11:58.749 11615 13307 D BlearnScreenTime: consume_pending_navigation_empty
04-03 22:11:59.007 11615 13307 D BlearnScreenTime: consume_pending_navigation_empty
04-03 22:11:59.261 11615 13307 D BlearnScreenTime: consume_pending_navigation_empty
04-03 22:11:59.514 11615 13307 D BlearnScreenTime: consume_pending_navigation_empty
04-03 22:11:59.536 11615 11615 D BlearnAccessibility: service connected
04-03 22:11:59.772 11615 13307 D BlearnScreenTime: consume_pending_navigation_empty
04-03 22:12:00.030 11615 13307 D BlearnScreenTime: consume_pending_navigation_empty
04-03 22:12:00.107 11615 11615 D BlearnAccessibility: event: com.android.systemui type=2048
04-03 22:12:00.122 11615 11615 D BlearnAccessibility: skip: package outside conservative text allowlist com.android.systemui
04-03 22:12:00.287 11615 13307 D BlearnScreenTime: consume_pending_navigation_empty
04-03 22:12:00.518 11615 11615 D BlearnAccessibility: event: app.blearn.mobile type=2048
04-03 22:12:00.518 11615 11615 D BlearnAccessibility: skip: own package
04-03 22:12:00.519 11615 11615 D BlearnAccessibility: event: app.blearn.mobile type=2048
04-03 22:12:00.519 11615 11615 D BlearnAccessibility: skip: own package
04-03 22:12:00.520 11615 11615 D BlearnAccessibility: skip: missing package
04-03 22:12:00.546 11615 13307 D BlearnScreenTime: consume_pending_navigation_empty
04-03 22:12:00.805 11615 13307 D BlearnScreenTime: consume_pending_navigation_empty
04-03 22:12:01.063 11615 13307 D BlearnScreenTime: consume_pending_navigation_empty
04-03 22:12:01.322 11615 13307 D BlearnScreenTime: consume_pending_navigation_empty
04-03 22:12:01.524 11615 11615 D BlearnAccessibility: event: app.blearn.mobile type=2048
04-03 22:12:01.524 11615 11615 D BlearnAccessibility: skip: own package
04-03 22:12:01.525 11615 11615 D BlearnAccessibility: event: app.blearn.mobile type=2048
04-03 22:12:01.525 11615 11615 D BlearnAccessibility: skip: own package
04-03 22:12:01.525 11615 11615 D BlearnAccessibility: skip: missing package
04-03 22:12:01.581 11615 13307 D BlearnScreenTime: consume_pending_navigation_empty
04-03 22:12:01.839 11615 13307 D BlearnScreenTime: consume_pending_navigation_empty
04-03 22:12:02.098 11615 13307 D BlearnScreenTime: consume_pending_navigation_empty
04-03 22:12:02.357 11615 13307 D BlearnScreenTime: consume_pending_navigation_empty
04-03 22:12:02.614 11615 13307 D BlearnScreenTime: consume_pending_navigation_empty
04-03 22:12:02.873 11615 13307 D BlearnScreenTime: consume_pending_navigation_empty
04-03 22:12:03.131 11615 13307 D BlearnScreenTime: consume_pending_navigation_empty
04-03 22:12:03.390 11615 13307 D BlearnScreenTime: consume_pending_navigation_empty
04-03 22:12:03.523 11615 11615 D BlearnAccessibility: service connected
04-03 22:12:03.648 11615 13307 D BlearnScreenTime: consume_pending_navigation_empty
04-03 22:12:03.901 11615 13307 D BlearnScreenTime: consume_pending_navigation_empty
04-03 22:12:04.159 11615 13307 D BlearnScreenTime: consume_pending_navigation_empty
04-03 22:12:04.353 11615 11615 D BlearnAccessibility: event: com.android.systemui type=2048
04-03 22:12:04.370 11615 11615 D BlearnAccessibility: skip: package outside conservative text allowlist com.android.systemui
04-03 22:12:04.413 11615 13307 D BlearnScreenTime: consume_pending_navigation_empty
04-03 22:12:04.529 11615 11615 D BlearnAccessibility: event: app.blearn.mobile type=2048
04-03 22:12:04.529 11615 11615 D BlearnAccessibility: skip: own package
04-03 22:12:04.529 11615 11615 D BlearnAccessibility: event: app.blearn.mobile type=2048
04-03 22:12:04.529 11615 11615 D BlearnAccessibility: skip: own package
04-03 22:12:04.529 11615 11615 D BlearnAccessibility: skip: missing package
04-03 22:12:04.670 11615 13307 D BlearnScreenTime: consume_pending_navigation_empty
04-03 22:12:04.929 11615 13307 D BlearnScreenTime: consume_pending_navigation_empty
04-03 22:12:05.188 11615 13307 D BlearnScreenTime: consume_pending_navigation_empty
04-03 22:12:05.442 11615 13307 D BlearnScreenTime: consume_pending_navigation_empty
04-03 22:12:05.515 11615 11615 D BlearnAccessibility: event: app.blearn.mobile type=2048
04-03 22:12:05.515 11615 11615 D BlearnAccessibility: skip: own package
04-03 22:12:05.515 11615 11615 D BlearnAccessibility: event: app.blearn.mobile type=2048
04-03 22:12:05.515 11615 11615 D BlearnAccessibility: skip: own package
04-03 22:12:05.515 11615 11615 D BlearnAccessibility: skip: missing package
04-03 22:12:05.700 11615 13307 D BlearnScreenTime: consume_pending_navigation_empty
04-03 22:12:05.962 11615 13307 D BlearnScreenTime: consume_pending_navigation_empty
04-03 22:12:06.220 11615 13307 D BlearnScreenTime: consume_pending_navigation_empty
04-03 22:12:06.474 11615 13307 D BlearnScreenTime: consume_pending_navigation_empty
04-03 22:12:06.733 11615 13307 D BlearnScreenTime: consume_pending_navigation_empty
04-03 22:12:06.990 11615 13307 D BlearnScreenTime: consume_pending_navigation_empty
04-03 22:12:07.244 11615 13307 D BlearnScreenTime: consume_pending_navigation_empty
04-03 22:12:07.498 11615 13307 D BlearnScreenTime: consume_pending_navigation_empty
04-03 22:12:07.523 11615 11615 D BlearnAccessibility: service connected
04-03 22:12:07.756 11615 13307 D BlearnScreenTime: consume_pending_navigation_empty
04-03 22:12:08.014 11615 13307 D BlearnScreenTime: consume_pending_navigation_empty
04-03 22:12:08.272 11615 13307 D BlearnScreenTime: consume_pending_navigation_empty
04-03 22:12:08.521 11615 11615 D BlearnAccessibility: event: app.blearn.mobile type=2048
04-03 22:12:08.521 11615 11615 D BlearnAccessibility: skip: own package
04-03 22:12:08.521 11615 11615 D BlearnAccessibility: event: app.blearn.mobile type=2048
04-03 22:12:08.521 11615 11615 D BlearnAccessibility: skip: own package
04-03 22:12:08.521 11615 11615 D BlearnAccessibility: skip: missing package
04-03 22:12:08.530 11615 13307 D BlearnScreenTime: consume_pending_navigation_empty
04-03 22:12:08.789 11615 13307 D BlearnScreenTime: consume_pending_navigation_empty
04-03 22:12:09.048 11615 13307 D BlearnScreenTime: consume_pending_navigation_empty
04-03 22:12:09.305 11615 13307 D BlearnScreenTime: consume_pending_navigation_empty
04-03 22:12:09.527 11615 11615 D BlearnAccessibility: event: app.blearn.mobile type=2048
04-03 22:12:09.527 11615 11615 D BlearnAccessibility: skip: own package
04-03 22:12:09.527 11615 11615 D BlearnAccessibility: event: app.blearn.mobile type=2048
04-03 22:12:09.527 11615 11615 D BlearnAccessibility: skip: own package
04-03 22:12:09.527 11615 11615 D BlearnAccessibility: skip: missing package
04-03 22:12:09.564 11615 13307 D BlearnScreenTime: consume_pending_navigation_empty
04-03 22:12:09.823 11615 13307 D BlearnScreenTime: consume_pending_navigation_empty
04-03 22:12:10.081 11615 13307 D BlearnScreenTime: consume_pending_navigation_empty
04-03 22:12:10.340 11615 13307 D BlearnScreenTime: consume_pending_navigation_empty
04-03 22:12:10.598 11615 13307 D BlearnScreenTime: consume_pending_navigation_empty
04-03 22:12:10.857 11615 13307 D BlearnScreenTime: consume_pending_navigation_empty
04-03 22:12:11.115 11615 13307 D BlearnScreenTime: consume_pending_navigation_empty
04-03 22:12:11.374 11615 13307 D BlearnScreenTime: consume_pending_navigation_empty
04-03 22:12:11.530 11615 11615 D BlearnAccessibility: service connected
04-03 22:12:11.632 11615 13307 D BlearnScreenTime: consume_pending_navigation_empty
04-03 22:12:11.891 11615 13307 D BlearnScreenTime: consume_pending_navigation_empty
04-03 22:12:12.149 11615 13307 D BlearnScreenTime: consume_pending_navigation_empty
04-03 22:12:12.407 11615 13307 D BlearnScreenTime: consume_pending_navigation_empty
04-03 22:12:12.530 11615 11615 D BlearnAccessibility: event: app.blearn.mobile type=2048
04-03 22:12:12.530 11615 11615 D BlearnAccessibility: skip: own package
04-03 22:12:12.531 11615 11615 D BlearnAccessibility: event: app.blearn.mobile type=2048
04-03 22:12:12.531 11615 11615 D BlearnAccessibility: skip: own package
04-03 22:12:12.531 11615 11615 D BlearnAccessibility: skip: missing package
04-03 22:12:12.665 11615 13307 D BlearnScreenTime: consume_pending_navigation_empty
04-03 22:12:12.924 11615 13307 D BlearnScreenTime: consume_pending_navigation_empty
04-03 22:12:13.182 11615 13307 D BlearnScreenTime: consume_pending_navigation_empty
04-03 22:12:13.437 11615 13307 D BlearnScreenTime: consume_pending_navigation_empty
04-03 22:12:13.518 11615 11615 D BlearnAccessibility: event: app.blearn.mobile type=2048
04-03 22:12:13.518 11615 11615 D BlearnAccessibility: skip: own package
04-03 22:12:13.518 11615 11615 D BlearnAccessibility: event: app.blearn.mobile type=2048
04-03 22:12:13.518 11615 11615 D BlearnAccessibility: skip: own package
04-03 22:12:13.518 11615 11615 D BlearnAccessibility: skip: missing package
04-03 22:12:13.696 11615 13307 D BlearnScreenTime: consume_pending_navigation_empty
04-03 22:12:13.954 11615 13307 D BlearnScreenTime: consume_pending_navigation_empty
04-03 22:12:14.212 11615 13307 D BlearnScreenTime: consume_pending_navigation_empty
04-03 22:12:14.466 11615 13307 D BlearnScreenTime: consume_pending_navigation_empty
04-03 22:12:14.724 11615 13307 D BlearnScreenTime: consume_pending_navigation_empty
04-03 22:12:14.982 11615 13307 D BlearnScreenTime: consume_pending_navigation_empty
04-03 22:12:15.236 11615 13307 D BlearnScreenTime: consume_pending_navigation_empty
04-03 22:12:15.489 11615 13307 D BlearnScreenTime: consume_pending_navigation_empty
04-03 22:12:15.529 11615 11615 D BlearnAccessibility: service connected
04-03 22:12:15.747 11615 13307 D BlearnScreenTime: consume_pending_navigation_empty
04-03 22:12:16.006 11615 13307 D BlearnScreenTime: consume_pending_navigation_empty
04-03 22:12:16.264 11615 13307 D BlearnScreenTime: consume_pending_navigation_empty
04-03 22:12:16.522 11615 13307 D BlearnScreenTime: consume_pending_navigation_empty
04-03 22:12:16.526 11615 11615 D BlearnAccessibility: event: app.blearn.mobile type=2048
04-03 22:12:16.526 11615 11615 D BlearnAccessibility: skip: own package
04-03 22:12:16.526 11615 11615 D BlearnAccessibility: event: app.blearn.mobile type=2048
04-03 22:12:16.526 11615 11615 D BlearnAccessibility: skip: own package
04-03 22:12:16.526 11615 11615 D BlearnAccessibility: skip: missing package
04-03 22:12:16.781 11615 13307 D BlearnScreenTime: consume_pending_navigation_empty
04-03 22:12:17.040 11615 13307 D BlearnScreenTime: consume_pending_navigation_empty
