--------- beginning of system
04-01 15:59:08.495  1931  7215 W MIUIInput: Input event injection from package: null action ACTION_DOWN
--------- beginning of main
04-01 15:59:08.496  1931  2882 D MIUIInput: [MotionEvent] publisher action=0x0, deviceId=-1, 24475695, channel '83c18d9 StatusBar (server)'
04-01 15:59:08.496  1931  2882 D MIUIInput: [MotionEvent] publisher action=0x4, deviceId=-1, 24475695, channel '9830ee7 NavigationBar0 (server)'
04-01 15:59:08.496  1931  2882 D MIUIInput: [MotionEvent] publisher action=0x0, deviceId=-1, 24475695, channel '[Gesture Monitor] miui-gesture (server)'
04-01 15:59:08.497  1931  2318 I whetstone.activity: Power Event callback listener is empty for resId=64
04-01 15:59:08.497  1931  2318 D BatteryStatsManagerStub: notifyEvent for resId=64 used 0ms
04-01 15:59:08.497  1413  2768 D RefreshRateSelector: Touch Boost
04-01 15:59:08.497  1413  2768 D MI-SF   : mIsSupportAutomodeForMaxFpsSetting is 0(0), getCurrentBrightness() = 764(328), mIsKeepAutoMode 0
04-01 15:59:08.497  1413  2768 D RefreshRateSelector: fixedMode_group: 0, isFindModeGroup 0
04-01 15:59:08.497  1413  2768 D RefreshRateSelector: find max refresh rate:120, mode Group:0
04-01 15:59:08.498  1254  1254 E vendor.qti.hardware.perf@2.2-service: Unknown params
04-01 15:59:08.501  1254  1254 E vendor.qti.hardware.perf@2.2-service: Unknown params
04-01 15:59:08.501  1254  1254 E ANDR-PERF-HINTEXT: Offload new thread from FpsUpdatePreAction
04-01 15:59:08.502  1246  1496 I SDM     : HWDeviceDRM::UpdateMixerAttributes: Mixer WxH 1080x2400-0 for Peripheral
04-01 15:59:08.502  1246  1496 I SDM     : HWCDisplay::SubmitDisplayConfig: Active configuration changed to: 0
04-01 15:59:08.504  1254  1407 E ANDR-PERF-UTIL: Failed to read /proc/sys/kernel/sched_min_granularity_ns
04-01 15:59:08.504  1254  1407 E ANDR-PERF-OPTSHANDLER: Failed to read /proc/sys/kernel/sched_min_granularity_ns
04-01 15:59:08.504  1254  1407 E ANDR-PERF-RESOURCEQS: Failed to apply optimization [3, 54]
04-01 15:59:08.500  1254  1254 W perf@2.2-servic: type=1400 audit(0.0:11470): avc:  denied  { read } for  name="sched_min_granularity_ns" dev="proc" ino=3021132 scontext=u:r:vendor_hal_perf_default:s0 tcontext=u:object_r:proc_sched:s0 tclass=file permissive=0
04-01 15:59:08.520  1109  5267 D vendor.qti.bluetooth@1.0-wake_lock: Release wakelock is released 
04-01 15:59:08.534  4019  4019 I FocusedNotifPromptView: update icon rect Rect(180, 32 - 224, 76)
04-01 15:59:08.534  4019  4019 I FocusedNotifPromptView: rect is empty
04-01 15:59:08.584  4019  4019 V ControlCenterWindowViewImpl: handleMotionEvent: ACTION_DOWN, isExpandable: true, isPanelEnabled: true, lifecycleState: CREATED, external: true, blockTouch: false, ignoreExternal: false, isInMainPanel: true, isAttachedToWindow: true
04-01 15:59:08.603  4019  4019 V MainPanelTouchController: handleMotionEvent ACTION_DOWN true false true MODE_NORMAL false
04-01 15:59:08.604  1931  7215 W MIUIInput: Input event injection from package: null action ACTION_UP
04-01 15:59:08.604  1931  2882 D MIUIInput: [MotionEvent] publisher action=0x1, deviceId=-1, 24475695, channel '83c18d9 StatusBar (server)'
04-01 15:59:08.604  1931  2882 D MIUIInput: [MotionEvent] publisher action=0x1, deviceId=-1, 24475695, channel '[Gesture Monitor] miui-gesture (server)'
04-01 15:59:08.605  4019  4019 V ControlCenterWindowViewImpl: handleMotionEvent: ACTION_UP, isExpandable: true, isPanelEnabled: true, lifecycleState: CREATED, external: true, blockTouch: false, ignoreExternal: false, isInMainPanel: true, isAttachedToWindow: true
04-01 15:59:08.605  4019  4019 V MainPanelTouchController: handleMotionEvent ACTION_UP true true true MODE_NORMAL false
04-01 15:59:08.605  1931  2318 I whetstone.activity: Power Event callback listener is empty for resId=64
04-01 15:59:08.605  1931  2318 D BatteryStatsManagerStub: notifyEvent for resId=64 used 0ms
04-01 15:59:08.605  4019  4019 V ControlCenterExpandController: on expand finished 0.0 0 false
04-01 15:59:08.613  4019  4019 D ArtChoreographerMonitor: invoke error.
04-01 15:59:08.618  4019  4019 D BlurController: show blur false true true
04-01 15:59:08.619  4019  4019 D ControlCenterExpandController: check anim finished, drag true, statusBar true, blur false, secPanel true, header true, spread true
04-01 15:59:08.622  4019  4019 I BlurController: blur animated to 0.0 0.0 true false
04-01 15:59:08.622  4019  4019 V BlurController: updating the same blur ratio 0.0
04-01 15:59:08.622  4019  4019 D BlurController: updating 0.0 false false
04-01 15:59:08.624  4019  4019 D NCSwitchController: cc setBlurRatio=0.0, switching=false, fromNc=false, switchedToCC=false
04-01 15:59:08.624  4019  4019 D backgroundBlur: enablePassWindowBlur disable miui.systemui.controlcenter.windowview.ControlCenterWindowViewImpl
04-01 15:59:08.625  4019  4019 D BlurController: blur animate complete false
04-01 15:59:08.629  4019  4019 D ControlCenterExpandController: check anim finished, drag true, statusBar true, blur true, secPanel true, header true, spread true
04-01 15:59:08.631  4019  4019 D BlurController: post update blur ratio for surface control is not valid. 0.0 0.0
04-01 15:59:08.631  4019  4019 D NCSwitchController: cc setBlurRatio=0.0, switching=false, fromNc=false, switchedToCC=false
04-01 15:59:08.631  4019  4019 D backgroundBlur: enablePassWindowBlur disable miui.systemui.controlcenter.windowview.ControlCenterWindowViewImpl
04-01 15:59:08.798  4019  4019 D ArtChoreographerMonitor: invoke error.
04-01 15:59:08.954  1109  5528 I vendor.qti.bluetooth@1.0-ibs_handler: ProcessIbsCmd: Received IBS_WAKE_IND: 0xFD
04-01 15:59:08.954  1109  5528 D vendor.qti.bluetooth@1.0-ibs_handler: SerialClockVote: vote for UART CLK ON
04-01 15:59:08.955  1109  5528 D vendor.qti.bluetooth@1.0-wake_lock: Acquire wakelock is acquired 
04-01 15:59:08.955  1109  5528 I vendor.qti.bluetooth@1.0-ibs_handler: ProcessIbsCmd: Writing IBS_WAKE_ACK
04-01 15:59:08.957  4969  5531 I bt_stack: [INFO:btm_ble_gap.cc(3528)] btm_ble_process_adv_pkt_cont Data Complete 6f:cc:49:c9:b1:0f
04-01 15:59:08.996  1109  5528 I vendor.qti.bluetooth@1.0-ibs_handler: ProcessIbsCmd: Received IBS_SLEEP_IND: 0xFE
04-01 15:59:08.996  1109  5528 D vendor.qti.bluetooth@1.0-ibs_handler: SerialClockVote: vote for UART CLK OFF
04-01 15:59:09.147  1109  5267 D vendor.qti.bluetooth@1.0-wake_lock: Release wakelock is released 
04-01 15:59:09.599  1254  1254 E vendor.qti.hardware.perf@2.2-service: Unknown params
04-01 15:59:09.600  1254  1254 E vendor.qti.hardware.perf@2.2-service: Unknown params
04-01 15:59:09.603  1246  1496 I SDM     : HWDeviceDRM::UpdateMixerAttributes: Mixer WxH 1080x2400-0 for Peripheral
04-01 15:59:09.603  1246  1496 I SDM     : HWCDisplay::SubmitDisplayConfig: Active configuration changed to: 2
04-01 15:59:09.609  1899  1899 I wificond: station_bandwidth: P
04-01 15:59:10.189  1109  5528 I vendor.qti.bluetooth@1.0-ibs_handler: ProcessIbsCmd: Received IBS_WAKE_IND: 0xFD
04-01 15:59:10.189  1109  5528 D vendor.qti.bluetooth@1.0-ibs_handler: SerialClockVote: vote for UART CLK ON
04-01 15:59:10.190  1109  5528 D vendor.qti.bluetooth@1.0-wake_lock: Acquire wakelock is acquired 
04-01 15:59:10.190  1109  5528 I vendor.qti.bluetooth@1.0-ibs_handler: ProcessIbsCmd: Writing IBS_WAKE_ACK
04-01 15:59:10.191  4969  5531 I bt_stack: [INFO:btm_ble_gap.cc(3528)] btm_ble_process_adv_pkt_cont Data Complete 7f:23:b6:78:e3:70
04-01 15:59:10.192  4969  5531 I bt_stack: [INFO:btm_ble_gap.cc(3528)] btm_ble_process_adv_pkt_cont Data Complete 7f:23:b6:78:e3:70
04-01 15:59:10.192  4969  5531 D bt_btm_ble: bool parse_adv_audio_uuids_from_adv_pkt(const uint8_t *, size_t, uint8_t): tmap_cap_pts: false
04-01 15:59:10.193  4969  5244 D BluetoothRemoteDevices:  getMappingAddr null
04-01 15:59:10.193  4969  5244 D BluetoothAdapterService: getIdentityAddress null retruning 7F:23:B6:78:E3:70
04-01 15:59:10.197  4883 15229 I NearbyDiscovery: (REDACTED) BloomFilterAdvManager: Detected bloom filter but too far away, ignoring. %sm, %s
04-01 15:59:10.232  1109  5528 I vendor.qti.bluetooth@1.0-ibs_handler: ProcessIbsCmd: Received IBS_SLEEP_IND: 0xFE
04-01 15:59:10.233  1109  5528 D vendor.qti.bluetooth@1.0-ibs_handler: SerialClockVote: vote for UART CLK OFF
04-01 15:59:10.384  1109  5267 D vendor.qti.bluetooth@1.0-wake_lock: Release wakelock is released 
04-01 15:59:10.848  1109  5528 I vendor.qti.bluetooth@1.0-ibs_handler: ProcessIbsCmd: Received IBS_WAKE_IND: 0xFD
04-01 15:59:10.848  1109  5528 D vendor.qti.bluetooth@1.0-ibs_handler: SerialClockVote: vote for UART CLK ON
04-01 15:59:10.849  1109  5528 D vendor.qti.bluetooth@1.0-wake_lock: Acquire wakelock is acquired 
04-01 15:59:10.849  1109  5528 I vendor.qti.bluetooth@1.0-ibs_handler: ProcessIbsCmd: Writing IBS_WAKE_ACK
04-01 15:59:10.851  4969  5531 I bt_stack: [INFO:btm_ble_gap.cc(3528)] btm_ble_process_adv_pkt_cont Data Complete 7f:23:b6:78:e3:70
04-01 15:59:10.852  4969  5531 I bt_stack: [INFO:btm_ble_gap.cc(3528)] btm_ble_process_adv_pkt_cont Data Complete 7f:23:b6:78:e3:70
04-01 15:59:10.852  4969  5531 D bt_btm_ble: bool parse_adv_audio_uuids_from_adv_pkt(const uint8_t *, size_t, uint8_t): tmap_cap_pts: false
04-01 15:59:10.854  4969  5244 D BluetoothRemoteDevices:  getMappingAddr null
04-01 15:59:10.854  4969  5244 D BluetoothAdapterService: getIdentityAddress null retruning 7F:23:B6:78:E3:70
04-01 15:59:10.859  4883 15229 I NearbyDiscovery: (REDACTED) BloomFilterAdvManager: Detected bloom filter but too far away, ignoring. %sm, %s
04-01 15:59:10.891  1109  5528 I vendor.qti.bluetooth@1.0-ibs_handler: ProcessIbsCmd: Received IBS_SLEEP_IND: 0xFE
04-01 15:59:10.891  1109  5528 D vendor.qti.bluetooth@1.0-ibs_handler: SerialClockVote: vote for UART CLK OFF
04-01 15:59:11.041  1109  5267 D vendor.qti.bluetooth@1.0-wake_lock: Release wakelock is released 
04-01 15:59:11.566  1109  5528 I vendor.qti.bluetooth@1.0-ibs_handler: ProcessIbsCmd: Received IBS_WAKE_IND: 0xFD
04-01 15:59:11.566  1109  5528 D vendor.qti.bluetooth@1.0-ibs_handler: SerialClockVote: vote for UART CLK ON
04-01 15:59:11.567  1109  5528 D vendor.qti.bluetooth@1.0-wake_lock: Acquire wakelock is acquired 
04-01 15:59:11.568  1109  5528 I vendor.qti.bluetooth@1.0-ibs_handler: ProcessIbsCmd: Writing IBS_WAKE_ACK
04-01 15:59:11.569  4969  5531 I bt_stack: [INFO:btm_ble_gap.cc(3528)] btm_ble_process_adv_pkt_cont Data Complete 46:61:fd:16:0c:22
04-01 15:59:11.570  4969  5531 I bt_stack: [INFO:btm_ble_gap.cc(3528)] btm_ble_process_adv_pkt_cont Data Complete 46:61:fd:16:0c:22
04-01 15:59:11.570  4969  5531 D bt_btm_ble: bool parse_adv_audio_uuids_from_adv_pkt(const uint8_t *, size_t, uint8_t): tmap_cap_pts: false
04-01 15:59:11.571  4969  5244 D BluetoothAdapterService: getIdentityAddress null retruning 46:61:FD:16:0C:22
04-01 15:59:11.576  4883 15229 I NearbyDiscovery: (REDACTED) BloomFilterAdvManager: Detected bloom filter but too far away, ignoring. %sm, %s
04-01 15:59:11.609  1109  5528 I vendor.qti.bluetooth@1.0-ibs_handler: ProcessIbsCmd: Received IBS_SLEEP_IND: 0xFE
04-01 15:59:11.609  1109  5528 D vendor.qti.bluetooth@1.0-ibs_handler: SerialClockVote: vote for UART CLK OFF
04-01 15:59:11.760  1109  5267 D vendor.qti.bluetooth@1.0-wake_lock: Release wakelock is released 
04-01 15:59:11.812  3991  3991 D DynamicService:  ACTION_BATTERY_CHANGED change,USB plug = 2
04-01 15:59:11.812  3991  3991 D DynamicService_WifiBt:  ACTION_BATTERY_CHANGED change,USB plug = 2
04-01 15:59:11.816  1931  1931 D UiModeManager: updateConfigurationLocked: mDockState=0; mCarMode=false; mCar=false; mPowerSave=false; mOverrideNightModeOn=false; mOverrideNightModeOff=false; mComputedNightMode=true; mNightMode=2; uiMode=33
04-01 15:59:11.818  3961  3961 D DeviceStatisticsService: onReceive: action= android.intent.action.BATTERY_CHANGED
04-01 15:59:11.819  6817  7165 D PowerCheckerService: onBatteryChanged, mBatteryLevel = 81, status = 2, level = 81, plug = 2, scale = 100
04-01 15:59:11.820  6988  6988 I PowerUtils: getSurfaceTemprature temp: 29
04-01 15:59:11.821  6988  6988 I PowerSaveService: onReceive: android.intent.action.BATTERY_CHANGED
04-01 15:59:11.822  6988  6988 I PowerNoticeUI: handleBatteryChanged oldPlugType 2 mPlugType 2 oldBatteryLevel 81 mBatteryLevel 81 temperature 280
04-01 15:59:11.824  6817  8427 D PowerKeeper.Thermal: mBatteryTemperature: 28
04-01 15:59:11.824  3961  3961 V DeviceStatisticsService: chargerType=2 batteryLevel=81 totalBatteryCapacity=3866600
04-01 15:59:11.824  3961  3961 D DeviceInfoHidlClient: isRadioOn()=true
04-01 15:59:11.824  3961  3961 I DeviceInfoHidlClient: isPowerInfoNeverSent=false batteryLevel=81 batteryLevelIndex=3 chargingMode=2 totalCapacity=3866600 powerSaveMode=false
04-01 15:59:11.826  3977  3977 D QtiCarrierConfigHelper: WARNING, no carrier configs on phone Id: 1
04-01 15:59:11.826  6988  8886 I android_os_HwBinder: HwBinder: Starting thread pool for getting: vendor.xiaomi.hardware.micharge@1.0::IMiCharge/default
04-01 15:59:11.827  6988  6988 I ChargerBatteryIntelligenceReceiver: onBatteryChanged temperature：28,plugType:2
04-01 15:59:11.827  1285  1296 I vendor.xiaomi.hardware.micharge@1.0-service: ReadFilePathValue path = /sys/class/qcom-battery/night_charging value = 0
04-01 15:59:11.828  6988  8886 I ChargeProtectionUtils: getNightChargingState: 0
04-01 15:59:12.311  1931  2365 I SmartPower: com.facebook.appmanager/10141(10241): idle->background(48490ms) R(broadcast start Intent { act=android.intent.action.BATTERY_CHANGED flg=0x60000010 (has extras) }) adj=905.
04-01 15:59:12.314  1931  2365 I SmartPower: com.xiaomi.discover/10121(15017): idle->background(50034ms) R(broadcast start Intent { act=android.intent.action.BATTERY_CHANGED flg=0x60000010 (has extras) }) adj=905.
04-01 15:59:12.317  1931  2365 I SmartPower: com.android.chrome/10171(15878): idle->background(49943ms) R(broadcast start Intent { act=android.intent.action.BATTERY_CHANGED flg=0x60000010 (has extras) }) adj=915.
04-01 15:59:12.320  1931  2365 I SmartPower: com.digibites.accubattery/10422(15909): idle->background(57014ms) R(broadcast start Intent { act=android.intent.action.BATTERY_CHANGED flg=0x60000010 (has extras) }) adj=200.
04-01 15:59:12.323  1931  2365 I SmartPower: com.microsoft.teams/10242(17220): idle->background(57014ms) R(broadcast start Intent { act=android.intent.action.BATTERY_CHANGED flg=0x60000010 (has extras) }) adj=935.
04-01 15:59:12.325  1931  2365 I SmartPower: com.miui.android.fashiongallery/10229(22232): idle->background(50032ms) R(broadcast start Intent { act=android.intent.action.BATTERY_CHANGED flg=0x60000010 (has extras) }) adj=925.
04-01 15:59:12.556  1931  4458 D ActivityManager: checkAllowBackground: uid=10163 pkg=com.google.android.gms rec=UidRecord{875802d u0a163 BFGS change:procadj procs:0 seq(299613,985)} caps=LCMNFU always=false idle=false
04-01 15:59:12.567  4883 22690 I NetworkScheduler.Stats: (REDACTED) Task %s/%s started execution. cause:%s exec_start_elapsed_seconds: %s
04-01 15:59:12.572  4883 22919 I NetworkScheduler.Stats: (REDACTED) Task %s/%s finished executing. cause:%s result: %s elapsed_millis: %s uptime_millis: %s exec_start_elapsed_seconds: %s
04-01 15:59:12.589  1931  8587 D ActivityManager: checkAllowBackground: uid=10163 pkg=com.google.android.gms rec=UidRecord{875802d u0a163 BFGS change:procadj procs:0 seq(299623,985)} caps=LCMNFU always=false idle=false
04-01 15:59:12.628  1899  1899 I wificond: station_bandwidth: P
04-01 15:59:12.639  4019  4019 D ArtChoreographerMonitor: invoke error.
04-01 15:59:12.670  1254  1254 E vendor.qti.hardware.perf@2.2-service: Unknown params
04-01 15:59:12.818  4019  4019 D ArtChoreographerMonitor: invoke error.
04-01 15:59:12.916  1109  5528 I vendor.qti.bluetooth@1.0-ibs_handler: ProcessIbsCmd: Received IBS_WAKE_IND: 0xFD
04-01 15:59:12.917  1109  5528 D vendor.qti.bluetooth@1.0-ibs_handler: SerialClockVote: vote for UART CLK ON
04-01 15:59:12.917  1109  5528 D vendor.qti.bluetooth@1.0-wake_lock: Acquire wakelock is acquired 
04-01 15:59:12.917  1109  5528 I vendor.qti.bluetooth@1.0-ibs_handler: ProcessIbsCmd: Writing IBS_WAKE_ACK
04-01 15:59:12.919  4969  5531 I bt_stack: [INFO:btm_ble_gap.cc(3528)] btm_ble_process_adv_pkt_cont Data Complete 6f:cc:49:c9:b1:0f
04-01 15:59:12.959  1109  5528 I vendor.qti.bluetooth@1.0-ibs_handler: ProcessIbsCmd: Received IBS_SLEEP_IND: 0xFE
04-01 15:59:12.959  1109  5528 D vendor.qti.bluetooth@1.0-ibs_handler: SerialClockVote: vote for UART CLK OFF
04-01 15:59:13.110  1109  5267 D vendor.qti.bluetooth@1.0-wake_lock: Release wakelock is released 
04-01 15:59:13.573  1109  5528 I vendor.qti.bluetooth@1.0-ibs_handler: ProcessIbsCmd: Received IBS_WAKE_IND: 0xFD
04-01 15:59:13.573  1109  5528 D vendor.qti.bluetooth@1.0-ibs_handler: SerialClockVote: vote for UART CLK ON
04-01 15:59:13.574  1109  5528 D vendor.qti.bluetooth@1.0-wake_lock: Acquire wakelock is acquired 
04-01 15:59:13.574  1109  5528 I vendor.qti.bluetooth@1.0-ibs_handler: ProcessIbsCmd: Writing IBS_WAKE_ACK
04-01 15:59:13.576  4969  5531 I bt_stack: [INFO:btm_ble_gap.cc(3528)] btm_ble_process_adv_pkt_cont Data Complete 46:61:fd:16:0c:22
04-01 15:59:13.616  1109  5528 I vendor.qti.bluetooth@1.0-ibs_handler: ProcessIbsCmd: Received IBS_SLEEP_IND: 0xFE
04-01 15:59:13.616  1109  5528 D vendor.qti.bluetooth@1.0-ibs_handler: SerialClockVote: vote for UART CLK OFF
04-01 15:59:13.720 23046 23046 I Capacitor/Console: File:  - Line 349 - Msg: [object Object]
04-01 15:59:13.724 23046 23046 V Capacitor/Plugin: To native (Capacitor plugin): callbackId: 97311457, pluginId: ScreenTime, methodName: consumePendingNavigation
04-01 15:59:13.724 23046 23046 V Capacitor: callback: 97311457, pluginId: ScreenTime, methodName: consumePendingNavigation, methodData: {}
04-01 15:59:13.731 23046 23143 D BlearnScreenTime: consume_pending_navigation_empty
04-01 15:59:13.735 23046 23046 I Capacitor/Console: File:  - Line 333 - Msg: undefined
04-01 15:59:13.766  1109  5267 D vendor.qti.bluetooth@1.0-wake_lock: Release wakelock is released 
04-01 15:59:13.843 23380 23380 W BpBinder: Linking to death on android.gui.ISurfaceComposer but there are no threads (yet?) listening to incoming transactions. See ProcessState::startThreadPool and ProcessState::setThreadPoolMaxThreadCount. Generally you should setup the binder threadpool before other initialization steps.
04-01 15:59:13.848  5908 12461 W MediaProvider: isAppCloneUserPair for user 0: false
04-01 15:59:13.850 23380 23380 W ProcessState: Extra binder thread started, but 0 threads requested. Do not use *startThreadPool when zero threads are requested.
04-01 15:59:14.212  1931  4128 D SLM-SRV-SLAService: checktemp temperature = 29471 temperature_average = 29310 isPerformanceMode = false thermal_enable_slm = true
04-01 15:59:14.661  1931  8587 I ActivityManager: Broadcasting: Intent { act=android.intent.action.MEDIA_SCANNER_SCAN_FILE dat=file:///... flg=0x400000 }
04-01 15:59:14.661  1931  8587 I ActivityManager: Broadcast action android.intent.action.MEDIA_SCANNER_SCAN_FILE forcing include-background
04-01 15:59:14.661  1931  8587 D ActivityManager: checkAllowBackground: uid=10219 pkg=com.google.android.providers.media.module rec=UidRecord{13e0cf5 u0a219 PER  change:procadj procs:0 seq(299553,888)} caps=LCMNFU always=true idle=false
04-01 15:59:14.661  1931  8587 I ActivityManager: App 10219/com.google.android.providers.media.module targets O+, restricted
04-01 15:59:14.661  1931  8587 D ActivityManager: checkAllowBackground: uid=10219 pkg=com.google.android.providers.media.module startMode=2 onallowlist=false onallowlist(ei)=false
04-01 15:59:14.662  1931  8587 D ActivityManager: checkAllowBackground: uid=1000 pkg=com.miui.securitycore rec=UidRecord{32d667d 1000 PER  fgServices allowlist change:procadj procs:0 seq(299609,297765)} caps=LCMNFU always=true idle=false
04-01 15:59:14.662  1931  8587 I ActivityManager: App 1000/com.miui.securitycore targets O+, restricted
04-01 15:59:14.662  1931  8587 D ActivityManager: checkAllowBackground: uid=1000 pkg=com.miui.securitycore startMode=2 onallowlist=true onallowlist(ei)=true
04-01 15:59:14.662  1931  8587 I ActivityManager: Enqueued broadcast Intent { act=android.intent.action.MEDIA_SCANNER_SCAN_FILE dat=file:///... flg=0x400000 }: 0
04-01 15:59:14.662  1931  2365 D ActivityManager: checkAllowBackground: uid=10219 pkg=com.google.android.providers.media.module rec=UidRecord{13e0cf5 u0a219 PER  change:procadj procs:0 seq(299553,888)} caps=LCMNFU always=true idle=false
04-01 15:59:14.662  1931  2365 I ActivityManager: App 10219/com.google.android.providers.media.module targets O+, restricted
04-01 15:59:14.662  1931  2365 D ActivityManager: checkAllowBackground: uid=10219 pkg=com.google.android.providers.media.module startMode=2 onallowlist=false onallowlist(ei)=false
04-01 15:59:14.665  5908  5908 I MediaServiceV2: Creating work for intent Intent { act=android.intent.action.MEDIA_SCANNER_SCAN_FILE dat=file:///... flg=0x1400010 cmp=com.google.android.providers.media.module/com.android.providers.media.MediaServiceV2 }
04-01 15:59:14.665  5908  5908 I MediaServiceV2: Work enqueued for intent: Intent { act=android.intent.action.MEDIA_SCANNER_SCAN_FILE dat=file:///... flg=0x1400010 cmp=com.google.android.providers.media.module/com.android.providers.media.MediaServiceV2 }
04-01 15:59:14.667  1931  2365 D ActivityManager: checkAllowBackground: uid=1000 pkg=com.miui.securitycore rec=UidRecord{32d667d 1000 PER  fgServices allowlist change:procadj procs:0 seq(299609,297765)} caps=LCMNFU always=true idle=false
04-01 15:59:14.667  1931  2365 I ActivityManager: App 1000/com.miui.securitycore targets O+, restricted
04-01 15:59:14.667  1931  2365 D ActivityManager: checkAllowBackground: uid=1000 pkg=com.miui.securitycore startMode=2 onallowlist=true onallowlist(ei)=true
04-01 15:59:14.670 23380 23380 I DoViGenericTag: Logger Terminated
04-01 15:59:14.671  1931  2012 I ActivityManager: Broadcast completed: result=0
04-01 15:59:14.683  5908  6085 D WM-SystemJobScheduler: Scheduling work ID 1c4e089d-b1c3-4657-b9f3-f287c490bcb6Job ID 10818
04-01 15:59:14.684  1931  8587 D ActivityManager: checkAllowBackground: uid=10219 pkg=com.google.android.providers.media.module rec=UidRecord{13e0cf5 u0a219 PER  change:procadj procs:0 seq(299625,888)} caps=LCMNFU always=false idle=false
04-01 15:59:14.690  1931  8587 I whetstone.activity: Power Event callback listener is empty for resId=256
04-01 15:59:14.690  1931  8587 D BatteryStatsManagerStub: notifyEvent for resId=256 used 1ms
04-01 15:59:14.691  5908  6085 D WM-GreedyScheduler: Ignoring {WorkSpec: 32d8ab03-23d9-40ba-b7b8-55fbb9b873b7}. Requires device idle.
04-01 15:59:14.691  5908  6085 D WM-GreedyScheduler: Starting work for 1c4e089d-b1c3-4657-b9f3-f287c490bcb6
04-01 15:59:14.692  5908  5908 D WM-SystemJobService: onStartJob for WorkGenerationalId(workSpecId=1c4e089d-b1c3-4657-b9f3-f287c490bcb6, generation=0)
04-01 15:59:14.693  5908  6085 D WM-Processor: Processor: processing WorkGenerationalId(workSpecId=1c4e089d-b1c3-4657-b9f3-f287c490bcb6, generation=0)
04-01 15:59:14.693  5908  6085 D WM-Processor: Work WorkGenerationalId(workSpecId=1c4e089d-b1c3-4657-b9f3-f287c490bcb6, generation=0) is already enqueued for processing
04-01 15:59:14.696  5908  5908 D WM-WorkerWrapper: Starting work for com.android.providers.media.MediaServiceV2
04-01 15:59:14.696  5908 23387 I MediaServiceV2: Work initiated for action [ android.intent.action.MEDIA_SCANNER_SCAN_FILE ]
04-01 15:59:14.714  5908 23387 I MediaServiceV2: Work ended for action [ android.intent.action.MEDIA_SCANNER_SCAN_FILE ]
04-01 15:59:14.716  5908  6002 I WM-WorkerWrapper: Worker result SUCCESS for Work [ id=1c4e089d-b1c3-4657-b9f3-f287c490bcb6, tags={ com.android.providers.media.MediaServiceV2 } ]
04-01 15:59:14.719  5908  5908 D WM-Processor: Processor 1c4e089d-b1c3-4657-b9f3-f287c490bcb6 executed; reschedule = false
04-01 15:59:14.719  5908  5908 D WM-SystemJobService: 1c4e089d-b1c3-4657-b9f3-f287c490bcb6 executed on JobScheduler
04-01 15:59:14.721  1931  8587 I whetstone.activity: Power Event callback listener is empty for resId=256
04-01 15:59:14.721  1931  8587 D BatteryStatsManagerStub: notifyEvent for resId=256 used 0ms
04-01 15:59:14.727  5908  6002 D WM-GreedyScheduler: Cancelling work ID 1c4e089d-b1c3-4657-b9f3-f287c490bcb6
04-01 15:59:14.729  5908  6002 D WM-GreedyScheduler: Ignoring {WorkSpec: 32d8ab03-23d9-40ba-b7b8-55fbb9b873b7}. Requires device idle.
04-01 15:59:14.738  5908  6079 D WM-SystemJobScheduler: Scheduling work ID 313321e8-d1e8-433f-afdc-c4006cabecd1Job ID 10819
04-01 15:59:14.738  1931  4458 D ActivityManager: checkAllowBackground: uid=10219 pkg=com.google.android.providers.media.module rec=UidRecord{13e0cf5 u0a219 PER  change:procadj procs:0 seq(299629,888)} caps=LCMNFU always=false idle=false
04-01 15:59:14.739  1931  4458 D ActivityManager: checkAllowBackground: uid=1000 pkg=android rec=UidRecord{32d667d 1000 PER  fgServices allowlist change:procadj procs:0 seq(299627,297765)} caps=LCMNFU always=false idle=false
04-01 15:59:14.741  5908  6079 D WM-GreedyScheduler: Ignoring {WorkSpec: 32d8ab03-23d9-40ba-b7b8-55fbb9b873b7}. Requires device idle.
04-01 15:59:15.313  1931  3244 I SmartPower: com.facebook.appmanager/10141(10241): background->idle(3002ms) R(broadcast start Intent { act=android.intent.action.BATTERY_CHANGED flg=0x60000010 (has extras) }) adj=905.
04-01 15:59:15.315  1931  3244 I SmartPower: com.xiaomi.discover/10121(15017): background->idle(3000ms) R(broadcast start Intent { act=android.intent.action.BATTERY_CHANGED flg=0x60000010 (has extras) }) adj=905.
04-01 15:59:15.317  1931  3244 I SmartPower: com.android.chrome/10171(15878): background->idle(3000ms) R(broadcast start Intent { act=android.intent.action.BATTERY_CHANGED flg=0x60000010 (has extras) }) adj=905.
04-01 15:59:15.321  1931  3244 I SmartPower: com.digibites.accubattery/10422(15909): background->idle(3000ms) R(broadcast start Intent { act=android.intent.action.BATTERY_CHANGED flg=0x60000010 (has extras) }) adj=200.
04-01 15:59:15.323  1931  3244 I SmartPower: com.microsoft.teams/10242(17220): background->idle(3000ms) R(broadcast start Intent { act=android.intent.action.BATTERY_CHANGED flg=0x60000010 (has extras) }) adj=935.
04-01 15:59:15.326  1931  3244 I SmartPower: com.miui.android.fashiongallery/10229(22232): background->idle(3002ms) R(broadcast start Intent { act=android.intent.action.BATTERY_CHANGED flg=0x60000010 (has extras) }) adj=925.
04-01 15:59:15.361  1931  2916 D MiuiNetworkPolicy: updateLimit mLimitEnabled=true,enabled=false,mNetworkPriorityMode=255,mThermalForceMode=0
04-01 15:59:15.363  1931  2916 I MiuiNetworkPolicy: getDisableLimitTimeout when thermal mode is:0
04-01 15:59:15.650  1899  1899 I wificond: station_bandwidth: P
04-01 15:59:16.036  4969  5232 I BtGatt.ScanManager: msg.what = MSG_CHECK_SCAN_STATUS, msg.arg1 = CHECK_BACKGROUND_TIMEOUT
04-01 15:59:16.231  5908  5908 D WM-DelayedWorkTracker: Scheduling work 313321e8-d1e8-433f-afdc-c4006cabecd1
04-01 15:59:16.231  5908  5908 D WM-GreedyScheduler: Starting tracking for 313321e8-d1e8-433f-afdc-c4006cabecd1
04-01 15:59:16.234  5908  6085 D WM-ConstraintTracker: BatteryNotLowTracker: initial state = true
04-01 15:59:16.234  5908  6085 D WM-BrdcstRcvrCnstrntTrc: BatteryNotLowTracker: registering receiver
04-01 15:59:16.238  5908  6085 D WM-GreedyScheduler: Constraints met: Scheduling work ID WorkGenerationalId(workSpecId=313321e8-d1e8-433f-afdc-c4006cabecd1, generation=0)
04-01 15:59:16.241  5908  6085 D WM-Processor: Processor: processing WorkGenerationalId(workSpecId=313321e8-d1e8-433f-afdc-c4006cabecd1, generation=0)
04-01 15:59:16.245  5908  5908 D WM-WorkerWrapper: Starting work for com.android.providers.media.photopicker.sync.ProactiveSyncWorker
04-01 15:59:16.247  5908 23389 I PSyncWorker: Starting proactive picker sync from sync source: 1
04-01 15:59:16.247  5908 23389 I PickerSyncTracker: Created new sync future java.util.concurrent.CompletableFuture@75480c4[Not completed, 1 dependents]. Future map: {313321e8-d1e8-433f-afdc-c4006cabecd1=java.util.concurrent.CompletableFuture@75480c4[Not completed, 1 dependents]}
04-01 15:59:16.248  5908 23389 D PickerSyncController: syncAllMediaFromProvider() LOCAL, auth=com.android.providers.media.photopicker, retry=true
04-01 15:59:16.248  5908 23389 D PickerSyncController: getSyncRequestParams() LOCAL, auth=com.android.providers.media.photopicker
04-01 15:59:16.265  5908 23389 D PickerSyncController:    Latest ID/Gen=a9d769f4a5dc255f:external_primary/531334
04-01 15:59:16.265  5908 23389 D PickerSyncController:    Cached ID/Gen=a9d769f4a5dc255f:external_primary/531325
04-01 15:59:16.266  5908 23389 D PickerSyncController:    RESULT=SyncRequestParams{type=MEDIA_INCREMENTAL, gen=531325, latest=Bundle[{last_media_sync_generation=531334, media_collection_id=a9d769f4a5dc255f:external_primary}], pageSize=1000}
04-01 15:59:16.266  5908 23389 I PickerSyncController: Executing SyncAdd. isLocal: true. authority: com.android.providers.media.photopicker
04-01 15:59:16.266  5908 23389 D PickerSyncLockManager: Trying to acquire lock com.android.providers.media.photopicker.sync.CloseableReentrantLock@50cc0f6[Unlocked]. Lock Name = CLOUD_PROVIDER_LOCK. Threads that may be waiting to acquire this lock = [] with timeout.
04-01 15:59:16.266  5908 23389 D CloseableReentrantLock: Successfully acquired lock com.android.providers.media.photopicker.sync.CloseableReentrantLock@50cc0f6[Locked by thread pool-2-thread-46]. Lock Name = CLOUD_PROVIDER_LOCK. Threads that may be waiting to acquire this lock = []
04-01 15:59:16.266  5908 23389 D CloseableReentrantLock: Successfully released lock com.android.providers.media.photopicker.sync.CloseableReentrantLock@50cc0f6[Unlocked]. Lock Name = CLOUD_PROVIDER_LOCK. Threads that may be waiting to acquire this lock = []
04-01 15:59:16.266  5908 23389 D ExternalDbFacade: Token received for queryMedia = null
04-01 15:59:16.279  5908 23389 D PickerSyncLockManager: Trying to acquire lock com.android.providers.media.photopicker.sync.CloseableReentrantLock@50cc0f6[Unlocked]. Lock Name = CLOUD_PROVIDER_LOCK. Threads that may be waiting to acquire this lock = [] with timeout.
04-01 15:59:16.279  5908 23389 D CloseableReentrantLock: Successfully acquired lock com.android.providers.media.photopicker.sync.CloseableReentrantLock@50cc0f6[Locked by thread pool-2-thread-46]. Lock Name = CLOUD_PROVIDER_LOCK. Threads that may be waiting to acquire this lock = []
04-01 15:59:16.279  5908 23389 D PickerSyncController: Saving next page token: 1775051954000|1000084418 for key: local_provider:media_add:resume
04-01 15:59:16.279  5908 23389 D CloseableReentrantLock: Successfully released lock com.android.providers.media.photopicker.sync.CloseableReentrantLock@50cc0f6[Unlocked]. Lock Name = CLOUD_PROVIDER_LOCK. Threads that may be waiting to acquire this lock = []
04-01 15:59:16.280  5908 23389 D PickerNotificationSender: Sending a notification for media update
04-01 15:59:16.281  5908 23389 D PickerNotificationSender: Sending a notification for merged album media update Favorites
04-01 15:59:16.281  5908 23389 D PickerNotificationSender: Sending a notification for album media update Favorites
04-01 15:59:16.281  5908 23389 D PickerNotificationSender: Sending a notification for merged album media update Videos
04-01 15:59:16.281  5908 23389 D PickerNotificationSender: Sending a notification for album media update Videos
04-01 15:59:16.282  5908 23389 D ExternalDbFacade: Token received for queryMedia = 1775051954000|1000084418
04-01 15:59:16.292  5908 23389 D PickerSyncLockManager: Trying to acquire lock com.android.providers.media.photopicker.sync.CloseableReentrantLock@50cc0f6[Unlocked]. Lock Name = CLOUD_PROVIDER_LOCK. Threads that may be waiting to acquire this lock = [] with timeout.
04-01 15:59:16.292  5908 23389 D CloseableReentrantLock: Successfully acquired lock com.android.providers.media.photopicker.sync.CloseableReentrantLock@50cc0f6[Locked by thread pool-2-thread-46]. Lock Name = CLOUD_PROVIDER_LOCK. Threads that may be waiting to acquire this lock = []
04-01 15:59:16.292  5908 23389 D PickerSyncController: Clearing next page token for key: local_provider:media_add:resume
04-01 15:59:16.292  5908 23389 D CloseableReentrantLock: Successfully released lock com.android.providers.media.photopicker.sync.CloseableReentrantLock@50cc0f6[Unlocked]. Lock Name = CLOUD_PROVIDER_LOCK. Threads that may be waiting to acquire this lock = []
04-01 15:59:16.292  5908 23389 D PickerNotificationSender: Sending a notification for media update
04-01 15:59:16.293  5908 23389 D PickerNotificationSender: Sending a notification for merged album media update Favorites
04-01 15:59:16.293  5908 23389 D PickerNotificationSender: Sending a notification for album media update Favorites
04-01 15:59:16.293  5908 23389 D PickerNotificationSender: Sending a notification for merged album media update Videos
04-01 15:59:16.293  5908 23389 D PickerNotificationSender: Sending a notification for album media update Videos
04-01 15:59:16.294  5908 23389 I PickerSyncController: Paged sync successful. QueryArgs: Bundle[{android.provider.extra.PAGE_TOKEN=1775051954000|1000084418, android.provider.extra.SYNC_GENERATION=531325, android.provider.extra.PAGE_SIZE=1000}] Total Rows: 1
04-01 15:59:16.294  5908 23389 I PickerSyncController: Executing SyncRemove. isLocal: true. authority: com.android.providers.media.photopicker
04-01 15:59:16.294  5908 23389 D PickerSyncLockManager: Trying to acquire lock com.android.providers.media.photopicker.sync.CloseableReentrantLock@50cc0f6[Unlocked]. Lock Name = CLOUD_PROVIDER_LOCK. Threads that may be waiting to acquire this lock = [] with timeout.
04-01 15:59:16.294  5908 23389 D CloseableReentrantLock: Successfully acquired lock com.android.providers.media.photopicker.sync.CloseableReentrantLock@50cc0f6[Locked by thread pool-2-thread-46]. Lock Name = CLOUD_PROVIDER_LOCK. Threads that may be waiting to acquire this lock = []
04-01 15:59:16.294  5908 23389 D CloseableReentrantLock: Successfully released lock com.android.providers.media.photopicker.sync.CloseableReentrantLock@50cc0f6[Unlocked]. Lock Name = CLOUD_PROVIDER_LOCK. Threads that may be waiting to acquire this lock = []
04-01 15:59:16.295  5908 23389 D PickerSyncLockManager: Trying to acquire lock com.android.providers.media.photopicker.sync.CloseableReentrantLock@50cc0f6[Unlocked]. Lock Name = CLOUD_PROVIDER_LOCK. Threads that may be waiting to acquire this lock = [] with timeout.
04-01 15:59:16.295  5908 23389 D CloseableReentrantLock: Successfully acquired lock com.android.providers.media.photopicker.sync.CloseableReentrantLock@50cc0f6[Locked by thread pool-2-thread-46]. Lock Name = CLOUD_PROVIDER_LOCK. Threads that may be waiting to acquire this lock = []
04-01 15:59:16.295  5908 23389 D PickerSyncController: Clearing next page token for key: local_provider:media_remove:resume
04-01 15:59:16.295  5908 23389 D CloseableReentrantLock: Successfully released lock com.android.providers.media.photopicker.sync.CloseableReentrantLock@50cc0f6[Unlocked]. Lock Name = CLOUD_PROVIDER_LOCK. Threads that may be waiting to acquire this lock = []
04-01 15:59:16.295  5908 23389 D PickerNotificationSender: Sending a notification for media update
04-01 15:59:16.296  5908 23389 D PickerNotificationSender: Sending a notification for merged album media update Favorites
04-01 15:59:16.296  5908 23389 D PickerNotificationSender: Sending a notification for album media update Favorites
04-01 15:59:16.296  5908 23389 D PickerNotificationSender: Sending a notification for merged album media update Videos
04-01 15:59:16.296  5908 23389 D PickerNotificationSender: Sending a notification for album media update Videos
04-01 15:59:16.297  5908 23389 I PickerSyncController: Paged sync successful. QueryArgs: Bundle[{android.provider.extra.PAGE_TOKEN=1775051954000|1000084418, android.provider.extra.SYNC_GENERATION=531325, android.provider.extra.PAGE_SIZE=1000}] Total Rows: 0
04-01 15:59:16.297  5908 23389 I PickerSyncTracker: Marked sync future complete for work id: 313321e8-d1e8-433f-afdc-c4006cabecd1. Future map: {}
04-01 15:59:16.297  5908 23389 I PSyncWorker: Completed picker proactive sync complete from local provider.
04-01 15:59:16.300  5908  6002 I WM-WorkerWrapper: Worker result SUCCESS for Work [ id=313321e8-d1e8-433f-afdc-c4006cabecd1, tags={ com.android.providers.media.photopicker.sync.ProactiveSyncWorker } ]
04-01 15:59:16.302  5908  5908 D WM-Processor: Processor 313321e8-d1e8-433f-afdc-c4006cabecd1 executed; reschedule = false
04-01 15:59:16.302  5908  5908 D WM-GreedyScheduler: Stopping tracking for WorkGenerationalId(workSpecId=313321e8-d1e8-433f-afdc-c4006cabecd1, generation=0)
04-01 15:59:16.307  1931  4458 D ActivityManager: checkAllowBackground: uid=1000 pkg=android rec=UidRecord{32d667d 1000 PER  fgServices allowlist change:procadj procs:0 seq(299627,297765)} caps=LCMNFU always=false idle=false
04-01 15:59:16.308  5908  6002 D WM-GreedyScheduler: Cancelling work ID 313321e8-d1e8-433f-afdc-c4006cabecd1
04-01 15:59:16.310  5908  6002 D WM-GreedyScheduler: Ignoring {WorkSpec: 32d8ab03-23d9-40ba-b7b8-55fbb9b873b7}. Requires device idle.
04-01 15:59:16.310  5908  6002 D WM-BrdcstRcvrCnstrntTrc: BatteryNotLowTracker: unregistering receiver
04-01 15:59:16.819  1109  5528 I vendor.qti.bluetooth@1.0-ibs_handler: ProcessIbsCmd: Received IBS_WAKE_IND: 0xFD
04-01 15:59:16.819  1109  5528 D vendor.qti.bluetooth@1.0-ibs_handler: SerialClockVote: vote for UART CLK ON
04-01 15:59:16.821  1109  5528 D vendor.qti.bluetooth@1.0-wake_lock: Acquire wakelock is acquired 
04-01 15:59:16.821  1109  5528 I vendor.qti.bluetooth@1.0-ibs_handler: ProcessIbsCmd: Writing IBS_WAKE_ACK
04-01 15:59:16.823  4969  5531 I bt_stack: [INFO:btm_ble_gap.cc(3528)] btm_ble_process_adv_pkt_cont Data Complete 7f:23:b6:78:e3:70
04-01 15:59:16.823  4969  5531 I bt_stack: [INFO:btm_ble_gap.cc(3528)] btm_ble_process_adv_pkt_cont Data Complete 7f:23:b6:78:e3:70
04-01 15:59:16.823  4969  5531 D bt_btm_ble: bool parse_adv_audio_uuids_from_adv_pkt(const uint8_t *, size_t, uint8_t): tmap_cap_pts: false
04-01 15:59:16.824  4969  5244 D BluetoothRemoteDevices:  getMappingAddr null
04-01 15:59:16.825  4969  5244 D BluetoothAdapterService: getIdentityAddress null retruning 7F:23:B6:78:E3:70
04-01 15:59:16.830  4883 15229 I NearbyDiscovery: (REDACTED) BloomFilterAdvManager: Detected bloom filter but too far away, ignoring. %sm, %s
04-01 15:59:16.844  4969  5531 I bt_stack: [INFO:btm_ble_gap.cc(3528)] btm_ble_process_adv_pkt_cont Data Complete 6f:cc:49:c9:b1:0f
04-01 15:59:16.882  1109  5528 I vendor.qti.bluetooth@1.0-ibs_handler: ProcessIbsCmd: Received IBS_SLEEP_IND: 0xFE
04-01 15:59:16.882  1109  5528 D vendor.qti.bluetooth@1.0-ibs_handler: SerialClockVote: vote for UART CLK OFF
04-01 15:59:17.033  1109  5267 D vendor.qti.bluetooth@1.0-wake_lock: Release wakelock is released 
04-01 15:59:18.600 15909 17072 V U.Notification: Posting new notification, elapsed=16076
04-01 15:59:18.605  1931  4085 I NetworkBoostStatusManager: handle: 107
04-01 15:59:18.612  3991  4846 E PhoneAdapter: get ntnphones failed, exception: java.lang.IllegalStateException: Default phones haven't been made yet!
04-01 15:59:18.613  1931  4085 D SLM-SRV-SLAService: isModemSingnalStrengthStatus = 0
04-01 15:59:18.672  1899  1899 I wificond: station_bandwidth: P
04-01 15:59:18.681  1931  2950 D ConnectivityService: NetReassign [no changes] [c 1] [a 0] [i 5]
04-01 15:59:18.698  4019  4019 D ArtChoreographerMonitor: invoke error.
04-01 15:59:18.730  1254  1254 E vendor.qti.hardware.perf@2.2-service: Unknown params
04-01 15:59:18.807  1109  5528 I vendor.qti.bluetooth@1.0-ibs_handler: ProcessIbsCmd: Received IBS_WAKE_IND: 0xFD
04-01 15:59:18.807  1109  5528 D vendor.qti.bluetooth@1.0-ibs_handler: SerialClockVote: vote for UART CLK ON
04-01 15:59:18.808  1109  5528 D vendor.qti.bluetooth@1.0-wake_lock: Acquire wakelock is acquired 
04-01 15:59:18.808  1109  5528 I vendor.qti.bluetooth@1.0-ibs_handler: ProcessIbsCmd: Writing IBS_WAKE_ACK
04-01 15:59:18.810  4969  5531 I bt_stack: [INFO:btm_ble_gap.cc(3528)] btm_ble_process_adv_pkt_cont Data Complete 7f:23:b6:78:e3:70
04-01 15:59:18.825  4969  5531 I bt_stack: [INFO:btm_ble_gap.cc(3528)] btm_ble_process_adv_pkt_cont Data Complete 6f:cc:49:c9:b1:0f
04-01 15:59:18.864  1109  5528 I vendor.qti.bluetooth@1.0-ibs_handler: ProcessIbsCmd: Received IBS_SLEEP_IND: 0xFE
04-01 15:59:18.864  1109  5528 D vendor.qti.bluetooth@1.0-ibs_handler: SerialClockVote: vote for UART CLK OFF
04-01 15:59:18.880  4019  4019 D ArtChoreographerMonitor: invoke error.
04-01 15:59:18.975  1931  2916 I MiuiNetworkPolicy: updateUidState uid = 10118, uidState = 19
04-01 15:59:19.014  1109  5267 D vendor.qti.bluetooth@1.0-wake_lock: Release wakelock is released 
04-01 15:59:19.117  1931  2861 W ActivityManagerServiceImpl: Sending non-protected broadcast miui.intent.action.CYCLE_CHECK from system uid 1000 pkg android. Callers=com.android.server.am.ActivityManagerService.checkBroadcastFromSystem:15246 com.android.server.am.ActivityManagerService.broadcastIntentLockedTraced:16076 com.android.server.am.ActivityManagerService.broadcastIntentLocked:15304 com.android.server.am.ActivityManagerService.broadcastIntentInPackage:16309 com.android.server.am.ActivityManagerService$LocalService.broadcastIntentInPackage:19055 
04-01 15:59:19.118  1931  2861 D AlarmManager: mBroadcastRefCount -> 1
04-01 15:59:19.121  1931 18150 I AppSearchIcing: icing-search-engine.cc:2327: Persisting data to disk with mode 3
04-01 15:59:19.123  1931  2014 D ActivityManager: checkAllowBackground: uid=1000 pkg=android rec=UidRecord{32d667d 1000 PER  fgServices allowlist change:procadj procs:0 seq(299627,297765)} caps=LCMNFU always=false idle=false
04-01 15:59:19.124  1931  1931 D AlarmManager: mBroadcastRefCount -> 0
04-01 15:59:19.125  1931  1931 D AlarmManager: mPendingIntent -> PendingIntent{3224d42: PendingIntentRecord{c313153 android broadcastIntent}}
04-01 15:59:19.128  1931  2014 I android_os_HwBinder: HwBinder: Starting thread pool for getting: vendor.xiaomi.hardware.micharge@1.0::IMiCharge/default
04-01 15:59:19.131  1285  1296 I vendor.xiaomi.hardware.micharge@1.0-service: ReadFilePathValue path = /sys/class/power_supply/battery/temp value = 280
04-01 15:59:19.134  1931  2014 I android_os_HwBinder: HwBinder: Starting thread pool for getting: vendor.xiaomi.hardware.micharge@1.0::IMiCharge/default
04-01 15:59:19.135  1285  1296 I vendor.xiaomi.hardware.micharge@1.0-service: ReadFilePathValue path = /sys/class/power_supply/battery/charge_control_limit value = 0
04-01 15:59:19.148  1931 18150 I AppSearchIcing: icing-search-engine.cc:2340: PersistToDisk completed.
04-01 15:59:19.344  1931  4458 W ProcessStats: Tracking association SourceState{c7aa938 system/1000 BFgs #54775} whose proc state 4 is better than process ProcessState{9194d11 com.google.android.inputmethod.latin/10179 pkg=com.google.android.inputmethod.latin} proc state 6 (11 skipped)
04-01 15:59:19.393  5288  5288 D BoundBrokerSvc: onUnbind: Intent { act=com.google.android.gms.common.BIND_SHARED_PREFS pkg=com.google.android.gms }
04-01 15:59:19.603  1254 23376 E ANDR-PERF-HINTEXT: Offload new thread from switchToNewFps
04-01 15:59:19.740 23046 23046 I Capacitor/Console: File:  - Line 349 - Msg: [object Object]
04-01 15:59:19.744 23046 23046 V Capacitor/Plugin: To native (Capacitor plugin): callbackId: 97311458, pluginId: ScreenTime, methodName: consumePendingNavigation
04-01 15:59:19.744 23046 23046 V Capacitor: callback: 97311458, pluginId: ScreenTime, methodName: consumePendingNavigation, methodData: {}
04-01 15:59:19.759 23046 23143 D BlearnScreenTime: consume_pending_navigation_empty
04-01 15:59:19.768 23046 23046 I Capacitor/Console: File:  - Line 333 - Msg: undefined
04-01 15:59:20.366  1931  2916 D MiuiNetworkPolicy: updateLimit mLimitEnabled=false,enabled=true,mNetworkPriorityMode=255,mThermalForceMode=0
04-01 15:59:20.367  1931  2916 I MiuiNetworkPolicy: getEnableLimitTimeout when thermal mode is:0
04-01 15:59:20.518  1931  7215 D ActivityManager: checkAllowBackground: uid=10191 pkg=com.google.android.apps.photos rec=UidRecord{12c5108 u0a191 CEM  bg:+1h47m40s765ms idle change:procadj procs:0 seq(299562,201477)} caps=------ always=false idle=true
04-01 15:59:20.527  1931  2916 I MiuiNetworkPolicy: updateUidState uid = 10191, uidState = 8
04-01 15:59:20.532  1931  7215 I SmartPower: com.google.android.apps.photos/10191(21547): idle->background(42840ms) R(service create com.google.android.apps.photos/androidx.work.impl.background.systemjob.SystemJobService) adj=0.
04-01 15:59:20.537  1931  7215 I whetstone.activity: Power Event callback listener is empty for resId=256
04-01 15:59:20.537  1931  7215 D BatteryStatsManagerStub: notifyEvent for resId=256 used 1ms
04-01 15:59:20.551  1931  7215 D ConnectivityService: requestNetwork for uid/pid:10191/21547 activeRequest: null callbackRequest: 1912 [NetworkRequest [ REQUEST id=1913, [ Capabilities: INTERNET&NOT_RESTRICTED&TRUSTED&NOT_VCN_MANAGED Uid: 10191 RequestorUid: 10191 RequestorPkg: com.google.android.apps.photos UnderlyingNetworks: Null] ]] callback flags: 0 order: 2147483647 isUidTracked: false declaredMethods: AVAIL|LOST|NC|BLK
04-01 15:59:20.556  1931  2918 D WifiNetworkFactory: got request NetworkRequest [ REQUEST id=1913, [ Capabilities: INTERNET&NOT_RESTRICTED&TRUSTED&NOT_VCN_MANAGED Uid: 10191 RequestorUid: 10191 RequestorPkg: com.google.android.apps.photos UnderlyingNetworks: Null] ]
04-01 15:59:20.556  1931  2918 D UntrustedWifiNetworkFactory: got request NetworkRequest [ REQUEST id=1913, [ Capabilities: INTERNET&NOT_RESTRICTED&TRUSTED&NOT_VCN_MANAGED Uid: 10191 RequestorUid: 10191 RequestorPkg: com.google.android.apps.photos UnderlyingNetworks: Null] ]
04-01 15:59:20.556  1931  2918 D OemPaidWifiNetworkFactory: got request NetworkRequest [ REQUEST id=1913, [ Capabilities: INTERNET&NOT_RESTRICTED&TRUSTED&NOT_VCN_MANAGED Uid: 10191 RequestorUid: 10191 RequestorPkg: com.google.android.apps.photos UnderlyingNetworks: Null] ]
04-01 15:59:20.556  1931  2918 D MultiInternetWifiNetworkFactory: got request NetworkRequest [ REQUEST id=1913, [ Capabilities: INTERNET&NOT_RESTRICTED&TRUSTED&NOT_VCN_MANAGED Uid: 10191 RequestorUid: 10191 RequestorPkg: com.google.android.apps.photos UnderlyingNetworks: Null] ]
04-01 15:59:20.557  1931  2950 D ConnectivityService: NetReassign [1913 : null → 109] [c 2] [a 1] [i 2]
04-01 15:59:20.587  1931  7215 I whetstone.activity: Power Event callback listener is empty for resId=256
04-01 15:59:20.587  1931  7215 D BatteryStatsManagerStub: notifyEvent for resId=256 used 0ms
04-01 15:59:20.591  1931  2916 I MiuiNetworkPolicy: updateUidState uid = 10191, uidState = 10
04-01 15:59:20.597  1931  2916 I MiuiNetworkPolicy: updateUidState uid = 10191, uidState = 19
04-01 15:59:20.831  1109  5528 I vendor.qti.bluetooth@1.0-ibs_handler: ProcessIbsCmd: Received IBS_WAKE_IND: 0xFD
04-01 15:59:20.832  1109  5528 D vendor.qti.bluetooth@1.0-ibs_handler: SerialClockVote: vote for UART CLK ON
04-01 15:59:20.832  1109  5528 D vendor.qti.bluetooth@1.0-wake_lock: Acquire wakelock is acquired 
04-01 15:59:20.833  1109  5528 I vendor.qti.bluetooth@1.0-ibs_handler: ProcessIbsCmd: Writing IBS_WAKE_ACK
04-01 15:59:20.835  4969  5531 I bt_stack: [INFO:btm_ble_gap.cc(3528)] btm_ble_process_adv_pkt_cont Data Complete 6f:cc:49:c9:b1:0f
04-01 15:59:20.871  5250 22872 V ContactsTaskScheduler: [ContactsPackageMonitor] Thread[Worker-18,5,main] stopping...
04-01 15:59:20.874  1109  5528 I vendor.qti.bluetooth@1.0-ibs_handler: ProcessIbsCmd: Received IBS_SLEEP_IND: 0xFE
04-01 15:59:20.874  1109  5528 D vendor.qti.bluetooth@1.0-ibs_handler: SerialClockVote: vote for UART CLK OFF
04-01 15:59:21.025  1109  5267 D vendor.qti.bluetooth@1.0-wake_lock: Release wakelock is released 
04-01 15:59:21.694  1899  1899 I wificond: station_bandwidth: P
04-01 15:59:21.700  4019  4019 D ArtChoreographerMonitor: invoke error.
04-01 15:59:21.724  1254  1254 E vendor.qti.hardware.perf@2.2-service: Unknown params
04-01 15:59:21.876  4019  4019 D ArtChoreographerMonitor: invoke error.
04-01 15:59:22.473  1931  2335 D HeapUsage Monitor: HeapAllocSize : 116MB; monitorSize : 500MB
04-01 15:59:23.436  1109  5528 I vendor.qti.bluetooth@1.0-ibs_handler: ProcessIbsCmd: Received IBS_WAKE_IND: 0xFD
04-01 15:59:23.436  1109  5528 D vendor.qti.bluetooth@1.0-ibs_handler: SerialClockVote: vote for UART CLK ON
04-01 15:59:23.438  1109  5528 D vendor.qti.bluetooth@1.0-wake_lock: Acquire wakelock is acquired 
04-01 15:59:23.438  1109  5528 I vendor.qti.bluetooth@1.0-ibs_handler: ProcessIbsCmd: Writing IBS_WAKE_ACK
04-01 15:59:23.439  4969  5531 I bt_stack: [INFO:btm_ble_gap.cc(3528)] btm_ble_process_adv_pkt_cont Data Complete 7f:23:b6:78:e3:70
04-01 15:59:23.440  4969  5531 I bt_stack: [INFO:btm_ble_gap.cc(3528)] btm_ble_process_adv_pkt_cont Data Complete 7f:23:b6:78:e3:70
04-01 15:59:23.440  4969  5531 D bt_btm_ble: bool parse_adv_audio_uuids_from_adv_pkt(const uint8_t *, size_t, uint8_t): tmap_cap_pts: false
04-01 15:59:23.442  4969  5244 D BluetoothRemoteDevices:  getMappingAddr null
04-01 15:59:23.442  4969  5244 D BluetoothAdapterService: getIdentityAddress null retruning 7F:23:B6:78:E3:70
04-01 15:59:23.448  4883 15229 I NearbyDiscovery: (REDACTED) BloomFilterAdvManager: Detected bloom filter but too far away, ignoring. %sm, %s
04-01 15:59:23.479  1109  5528 I vendor.qti.bluetooth@1.0-ibs_handler: ProcessIbsCmd: Received IBS_SLEEP_IND: 0xFE
04-01 15:59:23.479  1109  5528 D vendor.qti.bluetooth@1.0-ibs_handler: SerialClockVote: vote for UART CLK OFF
04-01 15:59:23.535  1931  3244 I SmartPower: com.google.android.apps.photos/10191(21547): background->idle(3002ms) R(service create com.google.android.apps.photos/androidx.work.impl.background.systemjob.SystemJobService) adj=905.
04-01 15:59:23.630  1109  5267 D vendor.qti.bluetooth@1.0-wake_lock: Release wakelock is released 
