04-01 16:12:28.146  1931  2859 W BatteryExternalStatsWorker: error reading Bluetooth stats: 11
04-01 16:12:28.154  1109  5528 I vendor.qti.bluetooth@1.0-ibs_handler: ProcessIbsCmd: Received IBS_WAKE_IND: 0xFD
04-01 16:12:28.154  1109  5528 D vendor.qti.bluetooth@1.0-ibs_handler: SerialClockVote: vote for UART CLK ON
04-01 16:12:28.155  1109  5528 D vendor.qti.bluetooth@1.0-wake_lock: Acquire wakelock is acquired 
04-01 16:12:28.155  1109  5528 I vendor.qti.bluetooth@1.0-ibs_handler: ProcessIbsCmd: Writing IBS_WAKE_ACK
04-01 16:12:28.156  4969  5531 I bt_stack: [INFO:btm_ble_gap.cc(3528)] btm_ble_process_adv_pkt_cont Data Complete 46:61:fd:16:0c:22
04-01 16:12:28.157  4969  5531 I bt_stack: [INFO:btm_ble_gap.cc(3528)] btm_ble_process_adv_pkt_cont Data Complete 46:61:fd:16:0c:22
04-01 16:12:28.157  4969  5531 D bt_btm_ble: bool parse_adv_audio_uuids_from_adv_pkt(const uint8_t *, size_t, uint8_t): tmap_cap_pts: false
04-01 16:12:28.158  4969  5244 D BluetoothAdapterService: getIdentityAddress null retruning 46:61:FD:16:0C:22
04-01 16:12:28.162  4883 15229 I NearbyDiscovery: (REDACTED) BloomFilterAdvManager: Detected bloom filter but too far away, ignoring. %sm, %s
04-01 16:12:28.195  1109  5528 I vendor.qti.bluetooth@1.0-ibs_handler: ProcessIbsCmd: Received IBS_SLEEP_IND: 0xFE
04-01 16:12:28.196  1109  5528 D vendor.qti.bluetooth@1.0-ibs_handler: SerialClockVote: vote for UART CLK OFF
04-01 16:12:28.247 15909 17072 V U.Notification: Posting new notification, elapsed=16071
04-01 16:12:28.346  1109  5267 D vendor.qti.bluetooth@1.0-wake_lock: Release wakelock is released 
04-01 16:12:28.710  1413  1413 D MI-SF   : mIsSupportAutomodeForMaxFpsSetting is 0(0), getCurrentBrightness() = 981(328), mIsKeepAutoMode 0
04-01 16:12:28.710  1413  1413 D RefreshRateSelector: fixedMode_group: 0, isFindModeGroup 0
04-01 16:12:28.710  1413  1413 D RefreshRateSelector: find max refresh rate:120, mode Group:0
04-01 16:12:29.578  1931  2916 D MiuiNetworkPolicy: updateLimit mLimitEnabled=true,enabled=false,mNetworkPriorityMode=255,mThermalForceMode=0
04-01 16:12:29.580  1931  2916 I MiuiNetworkPolicy: getDisableLimitTimeout when thermal mode is:0
04-01 16:12:29.621  1931  2844 W ProcessStats: Tracking association SourceState{4d7bf2a com.xiaomi.mi_connect_service/1000 Fgs #57453} whose proc state 3 is better than process ProcessState{9245394 com.miui.analytics/10094 pkg=com.miui.analytics} proc state 5 (4 skipped)
04-01 16:12:30.065  1899  1899 I wificond: station_bandwidth: 
04-01 16:12:30.072  3945  5257 D QCNEJ/WlanStaInfoRelay: Received action: android.net.wifi.RSSI_CHANGED
04-01 16:12:30.075  1931  1931 W JobService: onNetworkChanged() not implemented in com.android.server.content.SyncJobService. Must override in a subclass.
04-01 16:12:30.076 15991 15991 W JobService: onNetworkChanged() not implemented in androidx.work.impl.background.systemjob.SystemJobService. Must override in a subclass.
04-01 16:12:30.078  9449  9710 W Settings: Setting device_provisioned has moved from android.provider.Settings.Secure to android.provider.Settings.Global.
04-01 16:12:30.078  9449  9710 I JoyoseCloudControlManager3: network metered changed, network metered: false, deviceProvisioned: true, scAllowConn: true, try to setNetworkAccessEnabled: true
04-01 16:12:30.080  6976  8121 I NetBusNetworkMonitor: onCapabilitiesChanged isPrimary = true
04-01 16:12:30.082  1931  3244 I SmartPower: com.google.android.apps.messaging/10167(18300): background->idle(3001ms) R(content provider start ContentProviderRecord{73b4454 u0 com.google.android.apps.messaging/.shared.datamodel.provider.sharedstorage.SharedStorageProvider}) adj=200.
04-01 16:12:30.082 18449 18499 I BugleRcsEngine: handleMessage processing message:[NOTIFY_UPTIME_IGNORE_STATE_CHANGED] with [non-null]:RcsEngineImpl reference [CONTEXT log_prefix="RcsEngineImpl[DUAL_REG]:[3cf2e2d2-8d57]>Handler" thread_id=98 ]
04-01 16:12:30.083 18449 18499 I BugleRcsEngine: Cannot use CS.apk as it's battery optimized [CONTEXT thread_id=98 ]
04-01 16:12:30.084 18449 18488 I BugleRcsEngine: Connected state: [1], networkType: [WIFI] [CONTEXT thread_id=90 ]
04-01 16:12:30.084  4019  4019 D ArtChoreographerMonitor: invoke error.
04-01 16:12:30.084  6976  8121 I NetBusNetworkMonitor: gateway=192.*.*.1
04-01 16:12:30.086  1931  3868 I ClipboardServiceI: checkProviderWakePathForClipboard: primaryClip is null
04-01 16:12:30.090  6976  8121 I NetBusNetworkMonitor: addConnectNetworkInterface mediumType:256, detail:NetworkDetailInfo{mIsConnected=false, mIsSupportTdls=true, mNetworkType=0, mIpAddress=192.*.*.140, mIfName=wlan0, mGateway=192.*.*.1, mNetmask=255.*.*.0, mSsid=F**C9}
04-01 16:12:30.090  6976  8121 I NetBusNetworkMonitor: onCapabilitiesChanged handle=471557132301, mediumType=256, ifName=wlan0
04-01 16:12:30.092 18449 18499 I BugleRcsEngine: Rcs is enabled from user settings: true [CONTEXT log_prefix="ProvisioningEngineDataRetriever" thread_id=98 ]
04-01 16:12:30.093  1931  4085 I NetworkBoostStatusManager: handle: 102
04-01 16:12:30.093  1931  4085 I NetworkBoostStatusManager: interfaceOnCapabilitiesChanged interface name:wlan0
04-01 16:12:30.093  1931  4085 I NetworkBoostStatusManager: handle: 104
04-01 16:12:30.093  1931  4085 I NetworkBoostStatusManager: SmartDNS onAvailable WIFI master.
04-01 16:12:30.094  1931  4085 I NetworkBoostStatusManager: SmartDNS push DnsReslover a relationship, netid 109 name "Flybox-82C9"
04-01 16:12:30.095  1931  4085 W System.err: java.lang.NoSuchMethodException: android.net.ConnectivityManager.setResloverInterfaceIdAndNetid [int, class java.lang.String]
04-01 16:12:30.095  1931  4085 W System.err: 	at java.lang.Class.getMethod(Class.java:2934)
04-01 16:12:30.095  1931  4085 W System.err: 	at java.lang.Class.getDeclaredMethod(Class.java:2913)
04-01 16:12:30.095  1931  4085 W System.err: 	at com.xiaomi.NetworkBoost.StatusManager.setResloverInterfaceIdAndNetid(StatusManager.java:1651)
04-01 16:12:30.095  1931  4085 W System.err: 	at com.xiaomi.NetworkBoost.StatusManager.setSmartDNSInterface(StatusManager.java:1616)
04-01 16:12:30.095  1931  4085 W System.err: 	at com.xiaomi.NetworkBoost.StatusManager.-$$Nest$msetSmartDNSInterface(Unknown Source:0)
04-01 16:12:30.095  1931  4085 W System.err: 	at com.xiaomi.NetworkBoost.StatusManager$InternalHandler.handleMessage(StatusManager.java:591)
04-01 16:12:30.095  1931  4085 W System.err: 	at android.os.Handler.dispatchMessage(Handler.java:106)
04-01 16:12:30.095  1931  4085 W System.err: 	at android.os.Looper.loopOnce(Looper.java:222)
04-01 16:12:30.095  1931  4085 W System.err: 	at android.os.Looper.loop(Looper.java:314)
04-01 16:12:30.095  1931  4085 W System.err: 	at android.os.HandlerThread.run(HandlerThread.java:67)
04-01 16:12:30.255  4019  4019 D ArtChoreographerMonitor: invoke error.
04-01 16:12:30.321 25658 25658 I Capacitor/Console: File:  - Line 349 - Msg: [object Object]
04-01 16:12:30.322 25658 25658 V Capacitor/Plugin: To native (Capacitor plugin): callbackId: 25110882, pluginId: ScreenTime, methodName: consumePendingNavigation
04-01 16:12:30.323 25658 25658 V Capacitor: callback: 25110882, pluginId: ScreenTime, methodName: consumePendingNavigation, methodData: {}
04-01 16:12:30.325 25658 25742 D BlearnScreenTime: consume_pending_navigation_empty
04-01 16:12:30.326 25658 25658 I Capacitor/Console: File:  - Line 333 - Msg: undefined
04-01 16:12:30.584  4883 12603 I NearbySharing: Network state changed: NetworkState(isRestricted=false, isOnline=true, isCongested=false, isMetered=false, isWifiConnected=true)
04-01 16:12:32.124  1109  5528 I vendor.qti.bluetooth@1.0-ibs_handler: ProcessIbsCmd: Received IBS_WAKE_IND: 0xFD
04-01 16:12:32.124  1109  5528 D vendor.qti.bluetooth@1.0-ibs_handler: SerialClockVote: vote for UART CLK ON
04-01 16:12:32.125  1109  5528 D vendor.qti.bluetooth@1.0-wake_lock: Acquire wakelock is acquired 
04-01 16:12:32.125  1109  5528 I vendor.qti.bluetooth@1.0-ibs_handler: ProcessIbsCmd: Writing IBS_WAKE_ACK
04-01 16:12:32.127  4969  5531 I bt_stack: [INFO:btm_ble_gap.cc(3528)] btm_ble_process_adv_pkt_cont Data Complete 46:61:fd:16:0c:22
04-01 16:12:32.127  4969  5531 I bt_stack: [INFO:btm_ble_gap.cc(3528)] btm_ble_process_adv_pkt_cont Data Complete 46:61:fd:16:0c:22
04-01 16:12:32.127  4969  5531 D bt_btm_ble: bool parse_adv_audio_uuids_from_adv_pkt(const uint8_t *, size_t, uint8_t): tmap_cap_pts: false
04-01 16:12:32.128  4969  5244 D BluetoothAdapterService: getIdentityAddress null retruning 46:61:FD:16:0C:22
04-01 16:12:32.132  4883 15229 I NearbyDiscovery: (REDACTED) BloomFilterAdvManager: Detected bloom filter but too far away, ignoring. %sm, %s
04-01 16:12:32.166  1109  5528 I vendor.qti.bluetooth@1.0-ibs_handler: ProcessIbsCmd: Received IBS_SLEEP_IND: 0xFE
04-01 16:12:32.166  1109  5528 D vendor.qti.bluetooth@1.0-ibs_handler: SerialClockVote: vote for UART CLK OFF
04-01 16:12:32.316  1109  5267 D vendor.qti.bluetooth@1.0-wake_lock: Release wakelock is released 
04-01 16:12:33.086  1899  1899 I wificond: station_bandwidth: 
04-01 16:12:33.092  3945  5257 D QCNEJ/WlanStaInfoRelay: Received action: android.net.wifi.RSSI_CHANGED
04-01 16:12:33.096  1931  1931 W JobService: onNetworkChanged() not implemented in com.android.server.content.SyncJobService. Must override in a subclass.
04-01 16:12:33.097 15991 15991 W JobService: onNetworkChanged() not implemented in androidx.work.impl.background.systemjob.SystemJobService. Must override in a subclass.
04-01 16:12:33.098  1931  4085 I NetworkBoostStatusManager: handle: 102
04-01 16:12:33.099  1931  4085 I NetworkBoostStatusManager: interfaceOnCapabilitiesChanged interface name:wlan0
04-01 16:12:33.099  1931  4085 I NetworkBoostStatusManager: handle: 104
04-01 16:12:33.100  1931  4085 I NetworkBoostStatusManager: SmartDNS onAvailable WIFI master.
04-01 16:12:33.101  6976  8121 I NetBusNetworkMonitor: onCapabilitiesChanged isPrimary = true
04-01 16:12:33.102  9449  9710 W Settings: Setting device_provisioned has moved from android.provider.Settings.Secure to android.provider.Settings.Global.
04-01 16:12:33.102  9449  9710 I JoyoseCloudControlManager3: network metered changed, network metered: false, deviceProvisioned: true, scAllowConn: true, try to setNetworkAccessEnabled: true
04-01 16:12:33.105  1931  4085 I NetworkBoostStatusManager: SmartDNS push DnsReslover a relationship, netid 109 name "Flybox-82C9"
04-01 16:12:33.105  1931  4085 W System.err: java.lang.NoSuchMethodException: android.net.ConnectivityManager.setResloverInterfaceIdAndNetid [int, class java.lang.String]
04-01 16:12:33.105  1931  4085 W System.err: 	at java.lang.Class.getMethod(Class.java:2934)
04-01 16:12:33.105  1931  4085 W System.err: 	at java.lang.Class.getDeclaredMethod(Class.java:2913)
04-01 16:12:33.105  1931  4085 W System.err: 	at com.xiaomi.NetworkBoost.StatusManager.setResloverInterfaceIdAndNetid(StatusManager.java:1651)
04-01 16:12:33.105  1931  4085 W System.err: 	at com.xiaomi.NetworkBoost.StatusManager.setSmartDNSInterface(StatusManager.java:1616)
04-01 16:12:33.105  1931  4085 W System.err: 	at com.xiaomi.NetworkBoost.StatusManager.-$$Nest$msetSmartDNSInterface(Unknown Source:0)
04-01 16:12:33.105  1931  4085 W System.err: 	at com.xiaomi.NetworkBoost.StatusManager$InternalHandler.handleMessage(StatusManager.java:591)
04-01 16:12:33.105  1931  4085 W System.err: 	at android.os.Handler.dispatchMessage(Handler.java:106)
04-01 16:12:33.105  1931  4085 W System.err: 	at android.os.Looper.loopOnce(Looper.java:222)
04-01 16:12:33.105  1931  4085 W System.err: 	at android.os.Looper.loop(Looper.java:314)
04-01 16:12:33.105  1931  4085 W System.err: 	at android.os.HandlerThread.run(HandlerThread.java:67)
04-01 16:12:33.106  6976  8121 I NetBusNetworkMonitor: gateway=192.*.*.1
04-01 16:12:33.106 18449 18499 I BugleRcsEngine: handleMessage processing message:[NOTIFY_UPTIME_IGNORE_STATE_CHANGED] with [non-null]:RcsEngineImpl reference [CONTEXT log_prefix="RcsEngineImpl[DUAL_REG]:[3cf2e2d2-8d57]>Handler" thread_id=98 ]
04-01 16:12:33.108  4019  4019 D ArtChoreographerMonitor: invoke error.
04-01 16:12:33.108 18449 18488 I BugleRcsEngine: Connected state: [1], networkType: [WIFI] [CONTEXT thread_id=90 ]
04-01 16:12:33.108 18449 18499 I BugleRcsEngine: Cannot use CS.apk as it's battery optimized [CONTEXT thread_id=98 ]
04-01 16:12:33.110  1931  4438 I ClipboardServiceI: checkProviderWakePathForClipboard: primaryClip is null
04-01 16:12:33.111  6976  8121 I NetBusNetworkMonitor: addConnectNetworkInterface mediumType:256, detail:NetworkDetailInfo{mIsConnected=false, mIsSupportTdls=true, mNetworkType=0, mIpAddress=192.*.*.140, mIfName=wlan0, mGateway=192.*.*.1, mNetmask=255.*.*.0, mSsid=F**C9}
04-01 16:12:33.111  1931  4438 I SmartPower: com.google.android.apps.messaging/10167(18300): idle->background(3035ms) R(content provider start ContentProviderRecord{73b4454 u0 com.google.android.apps.messaging/.shared.datamodel.provider.sharedstorage.SharedStorageProvider}) adj=200.
04-01 16:12:33.111  6976  8121 I NetBusNetworkMonitor: onCapabilitiesChanged handle=471557132301, mediumType=256, ifName=wlan0
04-01 16:12:33.115 18449 18499 I BugleRcsEngine: Rcs is enabled from user settings: true [CONTEXT log_prefix="ProvisioningEngineDataRetriever" thread_id=98 ]
04-01 16:12:33.280  4019  4019 D ArtChoreographerMonitor: invoke error.
04-01 16:12:33.509  1109  5528 I vendor.qti.bluetooth@1.0-ibs_handler: ProcessIbsCmd: Received IBS_WAKE_IND: 0xFD
04-01 16:12:33.509  1109  5528 D vendor.qti.bluetooth@1.0-ibs_handler: SerialClockVote: vote for UART CLK ON
04-01 16:12:33.510  1109  5528 D vendor.qti.bluetooth@1.0-wake_lock: Acquire wakelock is acquired 
04-01 16:12:33.510  1109  5528 I vendor.qti.bluetooth@1.0-ibs_handler: ProcessIbsCmd: Writing IBS_WAKE_ACK
04-01 16:12:33.512  4969  5531 I bt_stack: [INFO:btm_ble_gap.cc(3528)] btm_ble_process_adv_pkt_cont Data Complete 59:0c:aa:52:6e:7e
04-01 16:12:33.513  4969  5531 I bt_stack: [INFO:btm_ble_gap.cc(3528)] btm_ble_process_adv_pkt_cont Data Complete 59:0c:aa:52:6e:7e
04-01 16:12:33.513  4969  5531 D bt_btm_ble: bool parse_adv_audio_uuids_from_adv_pkt(const uint8_t *, size_t, uint8_t): tmap_cap_pts: false
04-01 16:12:33.514  4969  5244 D BluetoothRemoteDevices:  getMappingAddr null
04-01 16:12:33.514  4969  5244 D BluetoothAdapterService: getIdentityAddress null retruning 59:0C:AA:52:6E:7E
04-01 16:12:33.517  4883 15229 I NearbyDiscovery: (REDACTED) BloomFilterAdvManager: Detected bloom filter but too far away, ignoring. %sm, %s
04-01 16:12:33.551  1109  5528 I vendor.qti.bluetooth@1.0-ibs_handler: ProcessIbsCmd: Received IBS_SLEEP_IND: 0xFE
04-01 16:12:33.551  1109  5528 D vendor.qti.bluetooth@1.0-ibs_handler: SerialClockVote: vote for UART CLK OFF
04-01 16:12:33.612  4883 12603 I NearbySharing: Network state changed: NetworkState(isRestricted=false, isOnline=true, isCongested=false, isMetered=false, isWifiConnected=true)
04-01 16:12:33.702  1109  5267 D vendor.qti.bluetooth@1.0-wake_lock: Release wakelock is released 
04-01 16:12:34.584  1931  2916 D MiuiNetworkPolicy: updateLimit mLimitEnabled=false,enabled=true,mNetworkPriorityMode=255,mThermalForceMode=0
04-01 16:12:34.585  1931  2916 I MiuiNetworkPolicy: getEnableLimitTimeout when thermal mode is:0
04-01 16:12:34.876  1931  4128 D SLM-SRV-SLAService: checktemp temperature = 31812 temperature_average = 31457 isPerformanceMode = false thermal_enable_slm = true
04-01 16:12:35.489  1109  5528 I vendor.qti.bluetooth@1.0-ibs_handler: ProcessIbsCmd: Received IBS_WAKE_IND: 0xFD
04-01 16:12:35.489  1109  5528 D vendor.qti.bluetooth@1.0-ibs_handler: SerialClockVote: vote for UART CLK ON
04-01 16:12:35.489  1109  5528 D vendor.qti.bluetooth@1.0-wake_lock: Acquire wakelock is acquired 
04-01 16:12:35.490  1109  5528 I vendor.qti.bluetooth@1.0-ibs_handler: ProcessIbsCmd: Writing IBS_WAKE_ACK
04-01 16:12:35.491  4969  5531 I bt_stack: [INFO:btm_ble_gap.cc(3528)] btm_ble_process_adv_pkt_cont Data Complete 59:0c:aa:52:6e:7e
04-01 16:12:35.530  1109  5528 I vendor.qti.bluetooth@1.0-ibs_handler: ProcessIbsCmd: Received IBS_SLEEP_IND: 0xFE
04-01 16:12:35.530  1109  5528 D vendor.qti.bluetooth@1.0-ibs_handler: SerialClockVote: vote for UART CLK OFF
04-01 16:12:35.681  1109  5267 D vendor.qti.bluetooth@1.0-wake_lock: Release wakelock is released 
04-01 16:12:36.108  1899  1899 I wificond: station_bandwidth: 
04-01 16:12:36.112  1931  3244 I SmartPower: com.google.android.apps.messaging/10167(18300): background->idle(3001ms) R(content provider start ContentProviderRecord{73b4454 u0 com.google.android.apps.messaging/.shared.datamodel.provider.sharedstorage.SharedStorageProvider}) adj=200.
04-01 16:12:36.328 25658 25658 I Capacitor/Console: File:  - Line 349 - Msg: [object Object]
04-01 16:12:36.328 25658 25658 V Capacitor/Plugin: To native (Capacitor plugin): callbackId: 25110883, pluginId: ScreenTime, methodName: consumePendingNavigation
04-01 16:12:36.329 25658 25658 V Capacitor: callback: 25110883, pluginId: ScreenTime, methodName: consumePendingNavigation, methodData: {}
04-01 16:12:36.330 25658 25742 D BlearnScreenTime: consume_pending_navigation_empty
04-01 16:12:36.335 25658 25658 I Capacitor/Console: File:  - Line 333 - Msg: undefined
04-01 16:12:38.026 15827 16180 I PlayCommon: [92] Preparing logs for uploading
04-01 16:12:38.045 15827 16180 I PlayCommon: [92] Connecting to server: https://play.googleapis.com/play/log?format=raw&proto_v2=true
04-01 16:12:38.391 15827 16180 I PlayCommon: [92] Successfully uploaded logs.
04-01 16:12:39.125  1899  1899 I wificond: station_bandwidth: 
04-01 16:12:39.132  3945  5257 D QCNEJ/WlanStaInfoRelay: Received action: android.net.wifi.RSSI_CHANGED
04-01 16:12:39.135  1931  1931 W JobService: onNetworkChanged() not implemented in com.android.server.content.SyncJobService. Must override in a subclass.
04-01 16:12:39.136 15991 15991 W JobService: onNetworkChanged() not implemented in androidx.work.impl.background.systemjob.SystemJobService. Must override in a subclass.
04-01 16:12:39.138  1931  4085 I NetworkBoostStatusManager: handle: 102
04-01 16:12:39.139  1931  4085 I NetworkBoostStatusManager: interfaceOnCapabilitiesChanged interface name:wlan0
04-01 16:12:39.139  1931  4085 I NetworkBoostStatusManager: handle: 104
04-01 16:12:39.139  4019  4019 D ArtChoreographerMonitor: invoke error.
04-01 16:12:39.139  1931  4085 I NetworkBoostStatusManager: SmartDNS onAvailable WIFI master.
04-01 16:12:39.141  1931  4085 I NetworkBoostStatusManager: SmartDNS push DnsReslover a relationship, netid 109 name "Flybox-82C9"
04-01 16:12:39.141  1931  4085 W System.err: java.lang.NoSuchMethodException: android.net.ConnectivityManager.setResloverInterfaceIdAndNetid [int, class java.lang.String]
04-01 16:12:39.141  1931  4085 W System.err: 	at java.lang.Class.getMethod(Class.java:2934)
04-01 16:12:39.141  1931  4085 W System.err: 	at java.lang.Class.getDeclaredMethod(Class.java:2913)
04-01 16:12:39.141  1931  4085 W System.err: 	at com.xiaomi.NetworkBoost.StatusManager.setResloverInterfaceIdAndNetid(StatusManager.java:1651)
04-01 16:12:39.141  1931  4085 W System.err: 	at com.xiaomi.NetworkBoost.StatusManager.setSmartDNSInterface(StatusManager.java:1616)
04-01 16:12:39.141  1931  4085 W System.err: 	at com.xiaomi.NetworkBoost.StatusManager.-$$Nest$msetSmartDNSInterface(Unknown Source:0)
04-01 16:12:39.141  1931  4085 W System.err: 	at com.xiaomi.NetworkBoost.StatusManager$InternalHandler.handleMessage(StatusManager.java:591)
04-01 16:12:39.141  1931  4085 W System.err: 	at android.os.Handler.dispatchMessage(Handler.java:106)
04-01 16:12:39.141  1931  4085 W System.err: 	at android.os.Looper.loopOnce(Looper.java:222)
04-01 16:12:39.141  1931  4085 W System.err: 	at android.os.Looper.loop(Looper.java:314)
04-01 16:12:39.141  1931  4085 W System.err: 	at android.os.HandlerThread.run(HandlerThread.java:67)
04-01 16:12:39.144  6976  8121 I NetBusNetworkMonitor: onCapabilitiesChanged isPrimary = true
04-01 16:12:39.144  9449  9710 W Settings: Setting device_provisioned has moved from android.provider.Settings.Secure to android.provider.Settings.Global.
04-01 16:12:39.144  9449  9710 I JoyoseCloudControlManager3: network metered changed, network metered: false, deviceProvisioned: true, scAllowConn: true, try to setNetworkAccessEnabled: true
04-01 16:12:39.144  6976  8121 I NetBusNetworkMonitor: gateway=192.*.*.1
04-01 16:12:39.151 18449 18499 I BugleRcsEngine: handleMessage processing message:[NOTIFY_UPTIME_IGNORE_STATE_CHANGED] with [non-null]:RcsEngineImpl reference [CONTEXT log_prefix="RcsEngineImpl[DUAL_REG]:[3cf2e2d2-8d57]>Handler" thread_id=98 ]
04-01 16:12:39.152 18449 18499 I BugleRcsEngine: Cannot use CS.apk as it's battery optimized [CONTEXT thread_id=98 ]
04-01 16:12:39.152  6976  8121 I NetBusNetworkMonitor: addConnectNetworkInterface mediumType:256, detail:NetworkDetailInfo{mIsConnected=false, mIsSupportTdls=true, mNetworkType=0, mIpAddress=192.*.*.140, mIfName=wlan0, mGateway=192.*.*.1, mNetmask=255.*.*.0, mSsid=F**C9}
04-01 16:12:39.152  6976  8121 I NetBusNetworkMonitor: onCapabilitiesChanged handle=471557132301, mediumType=256, ifName=wlan0
04-01 16:12:39.152 18449 18488 I BugleRcsEngine: Connected state: [1], networkType: [WIFI] [CONTEXT thread_id=90 ]
04-01 16:12:39.154  1931  2007 I ClipboardServiceI: checkProviderWakePathForClipboard: primaryClip is null
04-01 16:12:39.154  1931  2007 I SmartPower: com.google.android.apps.messaging/10167(18300): idle->background(3043ms) R(content provider start ContentProviderRecord{73b4454 u0 com.google.android.apps.messaging/.shared.datamodel.provider.sharedstorage.SharedStorageProvider}) adj=200.
04-01 16:12:39.159 18449 18499 I BugleRcsEngine: Rcs is enabled from user settings: true [CONTEXT log_prefix="ProvisioningEngineDataRetriever" thread_id=98 ]
04-01 16:12:39.309  4019  4019 D ArtChoreographerMonitor: invoke error.
04-01 16:12:39.648  4883 12603 I NearbySharing: Network state changed: NetworkState(isRestricted=false, isOnline=true, isCongested=false, isMetered=false, isWifiConnected=true)
04-01 16:12:40.083  1109  5528 I vendor.qti.bluetooth@1.0-ibs_handler: ProcessIbsCmd: Received IBS_WAKE_IND: 0xFD
04-01 16:12:40.083  1109  5528 D vendor.qti.bluetooth@1.0-ibs_handler: SerialClockVote: vote for UART CLK ON
04-01 16:12:40.084  1109  5528 D vendor.qti.bluetooth@1.0-wake_lock: Acquire wakelock is acquired 
04-01 16:12:40.084  1109  5528 I vendor.qti.bluetooth@1.0-ibs_handler: ProcessIbsCmd: Writing IBS_WAKE_ACK
04-01 16:12:40.086  4969  5531 I bt_stack: [INFO:btm_ble_gap.cc(3528)] btm_ble_process_adv_pkt_cont Data Complete 46:61:fd:16:0c:22
04-01 16:12:40.086  4969  5531 I bt_stack: [INFO:btm_ble_gap.cc(3528)] btm_ble_process_adv_pkt_cont Data Complete 46:61:fd:16:0c:22
04-01 16:12:40.086  4969  5531 D bt_btm_ble: bool parse_adv_audio_uuids_from_adv_pkt(const uint8_t *, size_t, uint8_t): tmap_cap_pts: false
04-01 16:12:40.088  4969  5244 D BluetoothAdapterService: getIdentityAddress null retruning 46:61:FD:16:0C:22
04-01 16:12:40.092  4883 15229 I NearbyDiscovery: (REDACTED) BloomFilterAdvManager: Detected bloom filter but too far away, ignoring. %sm, %s
04-01 16:12:40.093  4883 25400 I NearbyDiscovery: (REDACTED) loadFastPairModule: checkFeaturesAreAvailable:%d
04-01 16:12:40.093  4883 25400 I NearbyDiscovery: loadFastPairModule: FastPair module is downloaded. [CONTEXT service_id=265 ]
04-01 16:12:40.125  1109  5528 I vendor.qti.bluetooth@1.0-ibs_handler: ProcessIbsCmd: Received IBS_SLEEP_IND: 0xFE
04-01 16:12:40.125  1109  5528 D vendor.qti.bluetooth@1.0-ibs_handler: SerialClockVote: vote for UART CLK OFF
04-01 16:12:40.275  1109  5267 D vendor.qti.bluetooth@1.0-wake_lock: Release wakelock is released 
04-01 16:12:42.150  1899  1899 I wificond: station_bandwidth: 
04-01 16:12:42.155  1931  3244 I SmartPower: com.google.android.apps.messaging/10167(18300): background->idle(3001ms) R(content provider start ContentProviderRecord{73b4454 u0 com.google.android.apps.messaging/.shared.datamodel.provider.sharedstorage.SharedStorageProvider}) adj=200.
04-01 16:12:42.157  4019  4019 D ArtChoreographerMonitor: invoke error.
04-01 16:12:42.220 25658 25658 W Capacitor/Console: File: https://localhost/assets/useManualLearningCloudSync-C-MCV5XQ.js - Line 1 - Msg: Manual learning cloud sync failed: Error: learning cloud save timed out after 90000ms
04-01 16:12:42.331  4019  4019 D ArtChoreographerMonitor: invoke error.
04-01 16:12:42.336 25658 25658 I Capacitor/Console: File:  - Line 349 - Msg: [object Object]
04-01 16:12:42.337 25658 25658 V Capacitor/Plugin: To native (Capacitor plugin): callbackId: 25110884, pluginId: ScreenTime, methodName: consumePendingNavigation
04-01 16:12:42.337 25658 25658 V Capacitor: callback: 25110884, pluginId: ScreenTime, methodName: consumePendingNavigation, methodData: {}
04-01 16:12:42.342 25658 25742 D BlearnScreenTime: consume_pending_navigation_empty
04-01 16:12:42.347 25658 25658 I Capacitor/Console: File:  - Line 333 - Msg: undefined
04-01 16:12:43.391  1254  1254 E vendor.qti.hardware.perf@2.2-service: Unknown params
04-01 16:12:43.393  1254  1254 E vendor.qti.hardware.perf@2.2-service: Unknown params
04-01 16:12:43.396  1246  1496 I SDM     : HWDeviceDRM::UpdateMixerAttributes: Mixer WxH 1080x2400-0 for Peripheral
04-01 16:12:43.396  1246  1496 I SDM     : HWCDisplay::SubmitDisplayConfig: Active configuration changed to: 2
04-01 16:12:44.200  5897  5904 W .miui.analytics: Reducing the number of considered missed Gc histogram windows from 265 to 100
04-01 16:12:44.324 15909 17072 V U.Notification: Posting new notification, elapsed=16076
04-01 16:12:44.589  1109  5528 I vendor.qti.bluetooth@1.0-ibs_handler: ProcessIbsCmd: Received IBS_WAKE_IND: 0xFD
04-01 16:12:44.589  1109  5528 D vendor.qti.bluetooth@1.0-ibs_handler: SerialClockVote: vote for UART CLK ON
04-01 16:12:44.590  1109  5528 D vendor.qti.bluetooth@1.0-wake_lock: Acquire wakelock is acquired 
04-01 16:12:44.590  1109  5528 I vendor.qti.bluetooth@1.0-ibs_handler: ProcessIbsCmd: Writing IBS_WAKE_ACK
04-01 16:12:44.592  4969  5531 I bt_stack: [INFO:btm_ble_gap.cc(3528)] btm_ble_process_adv_pkt_cont Data Complete 46:61:fd:16:0c:22
04-01 16:12:44.592  4969  5531 I bt_stack: [INFO:btm_ble_gap.cc(3528)] btm_ble_process_adv_pkt_cont Data Complete 46:61:fd:16:0c:22
04-01 16:12:44.592  4969  5531 D bt_btm_ble: bool parse_adv_audio_uuids_from_adv_pkt(const uint8_t *, size_t, uint8_t): tmap_cap_pts: false
04-01 16:12:44.593  4969  5244 D BluetoothAdapterService: getIdentityAddress null retruning 46:61:FD:16:0C:22
04-01 16:12:44.599  4883 15229 I NearbyDiscovery: (REDACTED) BloomFilterAdvManager: Detected bloom filter but too far away, ignoring. %sm, %s
04-01 16:12:44.633  1109  5528 I vendor.qti.bluetooth@1.0-ibs_handler: ProcessIbsCmd: Received IBS_SLEEP_IND: 0xFE
04-01 16:12:44.634  1109  5528 D vendor.qti.bluetooth@1.0-ibs_handler: SerialClockVote: vote for UART CLK OFF
04-01 16:12:44.784  1109  5267 D vendor.qti.bluetooth@1.0-wake_lock: Release wakelock is released 
04-01 16:12:44.890  1931  4128 D SLM-SRV-SLAService: checktemp temperature = 31629 temperature_average = 31483 isPerformanceMode = false thermal_enable_slm = true
04-01 16:12:45.173  1899  1899 I wificond: station_bandwidth: 
04-01 16:12:45.180  4019  4019 D ArtChoreographerMonitor: invoke error.
04-01 16:12:45.209  1254  1254 E vendor.qti.hardware.perf@2.2-service: Unknown params
04-01 16:12:45.362  4019  4019 D ArtChoreographerMonitor: invoke error.
04-01 16:12:45.781 26221 26221 W BpBinder: Linking to death on android.gui.ISurfaceComposer but there are no threads (yet?) listening to incoming transactions. See ProcessState::startThreadPool and ProcessState::setThreadPoolMaxThreadCount. Generally you should setup the binder threadpool before other initialization steps.
04-01 16:12:45.783  5908  6411 W MediaProvider: isAppCloneUserPair for user 0: false
04-01 16:12:45.793 26221 26221 W ProcessState: Extra binder thread started, but 0 threads requested. Do not use *startThreadPool when zero threads are requested.
04-01 16:12:45.833  1931  2007 D ActivityManager: checkAllowBackground: uid=10163 pkg=com.google.android.gms rec=UidRecord{875802d u0a163 BFGS change:procadj procs:0 seq(313878,985)} caps=LCMNFU always=false idle=false
04-01 16:12:45.840  1931  4223 W ProcessStats: Tracking association SourceState{c7aa938 system/1000 BFgs #57460} whose proc state 4 is better than process ProcessState{9194d11 com.google.android.inputmethod.latin/10179 pkg=com.google.android.inputmethod.latin} proc state 6 (4 skipped)
04-01 16:12:45.841  1931  4223 I SmartPower: com.google.android.gms/10163(5288): idle->background(48668ms) R(service create com.google.android.gms/.ipa.base.IpaGcmTaskService) adj=0.
04-01 16:12:45.848  4883 25400 I NetworkScheduler.Stats: (REDACTED) Task %s/%s started execution. cause:%s exec_start_elapsed_seconds: %s
04-01 16:12:45.852  4883 25539 I NetworkScheduler.Stats: (REDACTED) Task %s/%s finished executing. cause:%s result: %s elapsed_millis: %s uptime_millis: %s exec_start_elapsed_seconds: %s
04-01 16:12:45.859  1931  2007 D ActivityManager: checkAllowBackground: uid=10163 pkg=com.google.android.gms rec=UidRecord{875802d u0a163 BFGS change:procadj procs:0 seq(313888,985)} caps=LCMNFU always=false idle=false
04-01 16:12:46.638  1931  2007 I ActivityManager: Broadcasting: Intent { act=android.intent.action.MEDIA_SCANNER_SCAN_FILE dat=file:///... flg=0x400000 }
04-01 16:12:46.638  1931  2007 I ActivityManager: Broadcast action android.intent.action.MEDIA_SCANNER_SCAN_FILE forcing include-background
04-01 16:12:46.638  1931  2007 D ActivityManager: checkAllowBackground: uid=10219 pkg=com.google.android.providers.media.module rec=UidRecord{13e0cf5 u0a219 PER  change:procadj procs:0 seq(313811,888)} caps=LCMNFU always=true idle=false
04-01 16:12:46.638  1931  2007 I ActivityManager: App 10219/com.google.android.providers.media.module targets O+, restricted
04-01 16:12:46.638  1931  2007 D ActivityManager: checkAllowBackground: uid=10219 pkg=com.google.android.providers.media.module startMode=2 onallowlist=false onallowlist(ei)=false
04-01 16:12:46.638  1931  2007 D ActivityManager: checkAllowBackground: uid=1000 pkg=com.miui.securitycore rec=UidRecord{32d667d 1000 PER  fgServices change:procadj procs:0 seq(313863,309125)} caps=LCMNFU always=true idle=false
04-01 16:12:46.638  1931  2007 I ActivityManager: App 1000/com.miui.securitycore targets O+, restricted
04-01 16:12:46.638  1931  2007 D ActivityManager: checkAllowBackground: uid=1000 pkg=com.miui.securitycore startMode=2 onallowlist=false onallowlist(ei)=false
04-01 16:12:46.639  1931  2007 I ActivityManager: Enqueued broadcast Intent { act=android.intent.action.MEDIA_SCANNER_SCAN_FILE dat=file:///... flg=0x400000 }: 0
04-01 16:12:46.639  1931  2365 D ActivityManager: checkAllowBackground: uid=10219 pkg=com.google.android.providers.media.module rec=UidRecord{13e0cf5 u0a219 PER  change:procadj procs:0 seq(313811,888)} caps=LCMNFU always=true idle=false
04-01 16:12:46.639  1931  2365 I ActivityManager: App 10219/com.google.android.providers.media.module targets O+, restricted
04-01 16:12:46.639  1931  2365 D ActivityManager: checkAllowBackground: uid=10219 pkg=com.google.android.providers.media.module startMode=2 onallowlist=false onallowlist(ei)=false
04-01 16:12:46.641  5908  5908 I MediaServiceV2: Creating work for intent Intent { act=android.intent.action.MEDIA_SCANNER_SCAN_FILE dat=file:///... flg=0x1400010 cmp=com.google.android.providers.media.module/com.android.providers.media.MediaServiceV2 }
04-01 16:12:46.642  5908  5908 I MediaServiceV2: Work enqueued for intent: Intent { act=android.intent.action.MEDIA_SCANNER_SCAN_FILE dat=file:///... flg=0x1400010 cmp=com.google.android.providers.media.module/com.android.providers.media.MediaServiceV2 }
04-01 16:12:46.643  1931  2365 D ActivityManager: checkAllowBackground: uid=1000 pkg=com.miui.securitycore rec=UidRecord{32d667d 1000 PER  fgServices change:procadj procs:0 seq(313863,309125)} caps=LCMNFU always=true idle=false
04-01 16:12:46.643  1931  2365 I ActivityManager: App 1000/com.miui.securitycore targets O+, restricted
04-01 16:12:46.643  1931  2365 D ActivityManager: checkAllowBackground: uid=1000 pkg=com.miui.securitycore startMode=2 onallowlist=false onallowlist(ei)=false
04-01 16:12:46.647 26221 26221 I DoViGenericTag: Logger Terminated
04-01 16:12:46.647  1931  2012 I ActivityManager: Broadcast completed: result=0
04-01 16:12:46.657  5908  6079 D WM-SystemJobScheduler: Scheduling work ID 24352c7d-e21e-48eb-878b-336aba684d34Job ID 10838
04-01 16:12:46.658  1931  2007 D ActivityManager: checkAllowBackground: uid=10219 pkg=com.google.android.providers.media.module rec=UidRecord{13e0cf5 u0a219 PER  change:procadj procs:0 seq(313890,888)} caps=LCMNFU always=false idle=false
04-01 16:12:46.660  1931  2007 I whetstone.activity: Power Event callback listener is empty for resId=256
04-01 16:12:46.660  1931  2007 D BatteryStatsManagerStub: notifyEvent for resId=256 used 0ms
04-01 16:12:46.661  5908  6079 D WM-GreedyScheduler: Ignoring {WorkSpec: 32d8ab03-23d9-40ba-b7b8-55fbb9b873b7}. Requires device idle.
04-01 16:12:46.661  5908  6079 D WM-GreedyScheduler: Starting work for 24352c7d-e21e-48eb-878b-336aba684d34
04-01 16:12:46.661  5908  6079 D WM-Processor: Processor: processing WorkGenerationalId(workSpecId=24352c7d-e21e-48eb-878b-336aba684d34, generation=0)
04-01 16:12:46.664  5908  5908 D WM-WorkerWrapper: Starting work for com.android.providers.media.MediaServiceV2
04-01 16:12:46.665  5908 26230 I MediaServiceV2: Work initiated for action [ android.intent.action.MEDIA_SCANNER_SCAN_FILE ]
04-01 16:12:46.665  5908  5908 D WM-SystemJobService: onStartJob for WorkGenerationalId(workSpecId=24352c7d-e21e-48eb-878b-336aba684d34, generation=0)
04-01 16:12:46.666  5908  6092 D WM-Processor: Work WorkGenerationalId(workSpecId=24352c7d-e21e-48eb-878b-336aba684d34, generation=0) is already enqueued for processing
04-01 16:12:46.685  5908 26230 I MediaServiceV2: Work ended for action [ android.intent.action.MEDIA_SCANNER_SCAN_FILE ]
04-01 16:12:46.686  5908  6085 I WM-WorkerWrapper: Worker result SUCCESS for Work [ id=24352c7d-e21e-48eb-878b-336aba684d34, tags={ com.android.providers.media.MediaServiceV2 } ]
04-01 16:12:46.687  5908  5908 D WM-Processor: Processor 24352c7d-e21e-48eb-878b-336aba684d34 executed; reschedule = false
04-01 16:12:46.687  5908  5908 D WM-SystemJobService: 24352c7d-e21e-48eb-878b-336aba684d34 executed on JobScheduler
04-01 16:12:46.688  1931  2007 I whetstone.activity: Power Event callback listener is empty for resId=256
04-01 16:12:46.688  1931  2007 D BatteryStatsManagerStub: notifyEvent for resId=256 used 0ms
04-01 16:12:46.691  5908  6085 D WM-GreedyScheduler: Cancelling work ID 24352c7d-e21e-48eb-878b-336aba684d34
04-01 16:12:46.693  5908  6085 D WM-GreedyScheduler: Ignoring {WorkSpec: 32d8ab03-23d9-40ba-b7b8-55fbb9b873b7}. Requires device idle.
04-01 16:12:46.703  5908  6085 D WM-SystemJobScheduler: Scheduling work ID 27cc49cd-4704-4bc5-9d3c-db4b5ccf3cfaJob ID 10839
04-01 16:12:46.704  1931  6035 D ActivityManager: checkAllowBackground: uid=10219 pkg=com.google.android.providers.media.module rec=UidRecord{13e0cf5 u0a219 PER  change:procadj procs:0 seq(313894,888)} caps=LCMNFU always=false idle=false
04-01 16:12:46.706  5908  6085 D WM-GreedyScheduler: Ignoring {WorkSpec: 32d8ab03-23d9-40ba-b7b8-55fbb9b873b7}. Requires device idle.
04-01 16:12:47.238  1931  2384 I ExtM    : zram userate is low, no need to flush: 28
