04-01 16:06:05.276  4969  5531 D bt_btm_ble: bool parse_adv_audio_uuids_from_adv_pkt(const uint8_t *, size_t, uint8_t): tmap_cap_pts: false
04-01 16:06:05.277  4969  5244 D BluetoothRemoteDevices:  getMappingAddr null
04-01 16:06:05.277  4969  5244 D BluetoothAdapterService: getIdentityAddress null retruning 7F:23:B6:78:E3:70
04-01 16:06:05.282  4883 15229 I NearbyDiscovery: (REDACTED) BloomFilterAdvManager: Detected bloom filter but too far away, ignoring. %sm, %s
04-01 16:06:05.316  1109  5528 I vendor.qti.bluetooth@1.0-ibs_handler: ProcessIbsCmd: Received IBS_SLEEP_IND: 0xFE
04-01 16:06:05.316  1109  5528 D vendor.qti.bluetooth@1.0-ibs_handler: SerialClockVote: vote for UART CLK OFF
04-01 16:06:05.466  1109  5267 D vendor.qti.bluetooth@1.0-wake_lock: Release wakelock is released 
04-01 16:06:05.787  1931  2916 D MiuiNetworkPolicy: updateLimit mLimitEnabled=false,enabled=true,mNetworkPriorityMode=255,mThermalForceMode=0
04-01 16:06:05.788  1931  2916 I MiuiNetworkPolicy: getEnableLimitTimeout when thermal mode is:0
04-01 16:06:06.271  4019  4409 I QAWController: Re-creating the QAW client to avoid stale.
04-01 16:06:06.289  1413  2768 D MI-SF   : mIsSupportAutomodeForMaxFpsSetting is 0(0), getCurrentBrightness() = 604(328), mIsKeepAutoMode 0
04-01 16:06:06.290  1413  2768 D RefreshRateSelector: fixedMode_group: 0, isFindModeGroup 0
04-01 16:06:06.290  1413  2768 D RefreshRateSelector: find max refresh rate:120, mode Group:0
04-01 16:06:06.290  1254  1254 E vendor.qti.hardware.perf@2.2-service: Unknown params
04-01 16:06:06.290  1254  1254 E vendor.qti.hardware.perf@2.2-service: Unknown params
04-01 16:06:06.293  4019  4409 W ContextImpl: Calling a method in the system process without a qualified user: android.app.ContextImpl.bindService:1999 android.content.ContextWrapper.bindService:872 android.service.quickaccesswallet.QuickAccessWalletClientImpl.lambda$connectInternal$2:369 android.service.quickaccesswallet.QuickAccessWalletClientImpl.$r8$lambda$xqGx39K5PyGhxgPjBT-OfB2yTag:0 android.service.quickaccesswallet.QuickAccessWalletClientImpl$$ExternalSyntheticLambda7.run:6 
04-01 16:06:06.295  1413  1413 D MI-SF   : mIsSupportAutomodeForMaxFpsSetting is 0(0), getCurrentBrightness() = 604(328), mIsKeepAutoMode 0
04-01 16:06:06.295  1413  1413 D RefreshRateSelector: fixedMode_group: 0, isFindModeGroup 0
04-01 16:06:06.295  1413  1413 D RefreshRateSelector: find max refresh rate:120, mode Group:0
04-01 16:06:06.296  1246  1496 I SDM     : HWDeviceDRM::UpdateMixerAttributes: Mixer WxH 1080x2400-0 for Peripheral
04-01 16:06:06.297  1246  1496 I SDM     : HWCDisplay::SubmitDisplayConfig: Active configuration changed to: 0
04-01 16:06:06.297  1931  5054 I SmartPower: com.s_payment.mobiles_bezahlen/10338(7300): idle->background(165931ms) R(service create com.s_payment.mobiles_bezahlen/de.starfinanz.payment.mobilepayment.wallet.PaymentQuickAccessWalletService) adj=200.
04-01 16:06:06.321  1413  1413 D MI-SF   : mIsSupportAutomodeForMaxFpsSetting is 0(0), getCurrentBrightness() = 604(328), mIsKeepAutoMode 0
04-01 16:06:06.321  1413  1413 D RefreshRateSelector: fixedMode_group: 0, isFindModeGroup 0
04-01 16:06:06.321  1413  1413 D RefreshRateSelector: find max refresh rate:120, mode Group:0
04-01 16:06:06.347  1413  1750 W EventThreadInspector: slow VSync-app on display(4630946480857061762) count=1, avg=30 ms, max=30 ms.
04-01 16:06:06.478 24350 24350 I Capacitor/Console: File:  - Line 349 - Msg: [object Object]
04-01 16:06:06.479 24350 24350 V Capacitor/Plugin: To native (Capacitor plugin): callbackId: 24298684, pluginId: ScreenTime, methodName: consumePendingNavigation
04-01 16:06:06.479 24350 24350 V Capacitor: callback: 24298684, pluginId: ScreenTime, methodName: consumePendingNavigation, methodData: {}
04-01 16:06:06.480 24350 24431 D BlearnScreenTime: consume_pending_navigation_empty
04-01 16:06:06.481 24350 24350 I Capacitor/Console: File:  - Line 333 - Msg: undefined
04-01 16:06:06.483  1254  1254 E vendor.qti.hardware.perf@2.2-service: Unknown params
04-01 16:06:06.509  1899  1899 I wificond: station_bandwidth: 
04-01 16:06:06.655  7300  7300 E FileUtils: err write to mi_exception_log
04-01 16:06:06.665  4019  4409 I QuickAccessWalletTile: Successfully retrieved wallet cards.
04-01 16:06:06.694  7300  7346 W obiles_bezahlen: Reducing the number of considered missed Gc histogram windows from 240 to 100
04-01 16:06:07.313  1931  2384 I ExtM    : zram userate is low, no need to flush: 27
04-01 16:06:08.033  1254  1254 E vendor.qti.hardware.perf@2.2-service: Unknown params
04-01 16:06:08.034  1254  1254 E vendor.qti.hardware.perf@2.2-service: Unknown params
04-01 16:06:08.038  1246  1496 I SDM     : HWDeviceDRM::UpdateMixerAttributes: Mixer WxH 1080x2400-0 for Peripheral
04-01 16:06:08.038  1246  1496 I SDM     : HWCDisplay::SubmitDisplayConfig: Active configuration changed to: 2
04-01 16:06:09.298  1931  3244 I SmartPower: com.s_payment.mobiles_bezahlen/10338(7300): background->idle(3002ms) R(service create com.s_payment.mobiles_bezahlen/de.starfinanz.payment.mobilepayment.wallet.PaymentQuickAccessWalletService) adj=200.
04-01 16:06:09.528  1899  1899 I wificond: station_bandwidth: 
04-01 16:06:10.329  1931  2384 I ExtM    : zram userate is low, no need to flush: 27
04-01 16:06:10.521  1413  2768 D MI-SF   : mIsSupportAutomodeForMaxFpsSetting is 0(0), getCurrentBrightness() = 604(328), mIsKeepAutoMode 0
04-01 16:06:10.521  1413  2768 D RefreshRateSelector: fixedMode_group: 0, isFindModeGroup 0
04-01 16:06:10.521  1413  2768 D RefreshRateSelector: find max refresh rate:120, mode Group:0
04-01 16:06:10.522  1254  1254 E vendor.qti.hardware.perf@2.2-service: Unknown params
04-01 16:06:10.522  1254  1254 E vendor.qti.hardware.perf@2.2-service: Unknown params
04-01 16:06:10.526  1246  1496 I SDM     : HWDeviceDRM::UpdateMixerAttributes: Mixer WxH 1080x2400-0 for Peripheral
04-01 16:06:10.526  1246  1496 I SDM     : HWCDisplay::SubmitDisplayConfig: Active configuration changed to: 0
04-01 16:06:10.554  1413  1413 D MI-SF   : mIsSupportAutomodeForMaxFpsSetting is 0(0), getCurrentBrightness() = 604(328), mIsKeepAutoMode 0
04-01 16:06:10.554  1413  1413 D RefreshRateSelector: fixedMode_group: 0, isFindModeGroup 0
04-01 16:06:10.554  1413  1413 D RefreshRateSelector: find max refresh rate:120, mode Group:0
04-01 16:06:10.582  1413  1750 W EventThreadInspector: slow VSync-app on display(4630946480857061762) count=1, avg=35 ms, max=35 ms.
04-01 16:06:10.728  1254  1254 E vendor.qti.hardware.perf@2.2-service: Unknown params
04-01 16:06:10.812  1931  4157 D ActivityManager: checkAllowBackground: uid=10163 pkg=com.google.android.gms rec=UidRecord{875802d u0a163 BFGS change:procadj procs:0 seq(304581,985)} caps=LCMNFU always=false idle=false
04-01 16:06:10.816  1931  5054 W ProcessStats: Tracking association SourceState{c7aa938 system/1000 BFgs #55469} whose proc state 4 is better than process ProcessState{9194d11 com.google.android.inputmethod.latin/10179 pkg=com.google.android.inputmethod.latin} proc state 6 (11 skipped)
04-01 16:06:10.825  4883 24081 I NetworkScheduler.Stats: (REDACTED) Task %s/%s started execution. cause:%s exec_start_elapsed_seconds: %s
04-01 16:06:10.831  4883 24479 I NetworkScheduler.Stats: (REDACTED) Task %s/%s finished executing. cause:%s result: %s elapsed_millis: %s uptime_millis: %s exec_start_elapsed_seconds: %s
04-01 16:06:10.854  1931  4157 D ActivityManager: checkAllowBackground: uid=10163 pkg=com.google.android.gms rec=UidRecord{875802d u0a163 BFGS change:procadj procs:0 seq(304591,985)} caps=LCMNFU always=false idle=false
04-01 16:06:11.368  1931  2384 I ExtM    : zram userate is low, no need to flush: 27
04-01 16:06:11.560  1254  1254 E vendor.qti.hardware.perf@2.2-service: Unknown params
04-01 16:06:11.793 24350 24379 W RenderInspector: QueueBuffer time out on app.blearn.mobile/app.blearn.mobile.MainActivity, count=1, avg=10 ms, max=10 ms.
04-01 16:06:11.809  3991  3991 D DynamicService:  ACTION_BATTERY_CHANGED change,USB plug = 2
04-01 16:06:11.810  3991  3991 D DynamicService_WifiBt:  ACTION_BATTERY_CHANGED change,USB plug = 2
04-01 16:06:11.816  3977  3977 D QtiCarrierConfigHelper: WARNING, no carrier configs on phone Id: 1
04-01 16:06:11.817  3961  3961 D DeviceStatisticsService: onReceive: action= android.intent.action.BATTERY_CHANGED
04-01 16:06:11.817  1931  1931 D UiModeManager: updateConfigurationLocked: mDockState=0; mCarMode=false; mCar=false; mPowerSave=false; mOverrideNightModeOn=false; mOverrideNightModeOff=false; mComputedNightMode=true; mNightMode=2; uiMode=33
04-01 16:06:11.820  6988  6988 I PowerUtils: getSurfaceTemprature temp: 30
04-01 16:06:11.820  6817  8427 D PowerKeeper.Thermal: mBatteryTemperature: 28
04-01 16:06:11.820  6817  7165 D PowerCheckerService: onBatteryChanged, mBatteryLevel = 81, status = 2, level = 81, plug = 2, scale = 100
04-01 16:06:11.821  6988  6988 I PowerSaveService: onReceive: android.intent.action.BATTERY_CHANGED
04-01 16:06:11.822  3961  3961 V DeviceStatisticsService: chargerType=2 batteryLevel=81 totalBatteryCapacity=3880200
04-01 16:06:11.823  6988  6988 I PowerNoticeUI: handleBatteryChanged oldPlugType 2 mPlugType 2 oldBatteryLevel 81 mBatteryLevel 81 temperature 280
04-01 16:06:11.823  6988  6988 I ChargerBatteryIntelligenceReceiver: onBatteryChanged temperature：28,plugType:2
04-01 16:06:11.827  6988  9388 I android_os_HwBinder: HwBinder: Starting thread pool for getting: vendor.xiaomi.hardware.micharge@1.0::IMiCharge/default
04-01 16:06:11.829  1285  1296 I vendor.xiaomi.hardware.micharge@1.0-service: ReadFilePathValue path = /sys/class/qcom-battery/night_charging value = 0
04-01 16:06:11.830  6988  9388 I ChargeProtectionUtils: getNightChargingState: 0
04-01 16:06:12.215  1254  1254 E vendor.qti.hardware.perf@2.2-service: Unknown params
04-01 16:06:12.308  1931  2365 I SmartPower: com.facebook.appmanager/10141(10241): idle->background(33485ms) R(broadcast start Intent { act=android.intent.action.BATTERY_CHANGED flg=0x60000010 (has extras) }) adj=905.
04-01 16:06:12.309  1931  2365 I SmartPower: com.xiaomi.discover/10121(15017): idle->background(35264ms) R(broadcast start Intent { act=android.intent.action.BATTERY_CHANGED flg=0x60000010 (has extras) }) adj=905.
04-01 16:06:12.310  1931  2365 I SmartPower: com.android.chrome/10171(15878): idle->background(35169ms) R(broadcast start Intent { act=android.intent.action.BATTERY_CHANGED flg=0x60000010 (has extras) }) adj=915.
04-01 16:06:12.311  1931  2365 I SmartPower: com.digibites.accubattery/10422(15909): idle->background(57006ms) R(broadcast start Intent { act=android.intent.action.BATTERY_CHANGED flg=0x60000010 (has extras) }) adj=200.
04-01 16:06:12.312  1931  2365 I SmartPower: com.microsoft.teams/10242(17220): idle->background(57007ms) R(broadcast start Intent { act=android.intent.action.BATTERY_CHANGED flg=0x60000010 (has extras) }) adj=935.
04-01 16:06:12.315  1931  2365 I SmartPower: com.miui.android.fashiongallery/10229(22232): idle->background(35217ms) R(broadcast start Intent { act=android.intent.action.BATTERY_CHANGED flg=0x60000010 (has extras) }) adj=925.
04-01 16:06:12.351  1254  1254 E vendor.qti.hardware.perf@2.2-service: Unknown params
04-01 16:06:12.482 24350 24350 I Capacitor/Console: File:  - Line 349 - Msg: [object Object]
04-01 16:06:12.483 24350 24350 V Capacitor/Plugin: To native (Capacitor plugin): callbackId: 24298685, pluginId: ScreenTime, methodName: consumePendingNavigation
04-01 16:06:12.483 24350 24350 V Capacitor: callback: 24298685, pluginId: ScreenTime, methodName: consumePendingNavigation, methodData: {}
04-01 16:06:12.485 24350 24431 D BlearnScreenTime: consume_pending_navigation_empty
04-01 16:06:12.487 24350 24350 I Capacitor/Console: File:  - Line 333 - Msg: undefined
04-01 16:06:12.557  1899  1899 I wificond: station_bandwidth: 
04-01 16:06:13.193  1254  1254 E vendor.qti.hardware.perf@2.2-service: Unknown params
04-01 16:06:13.316  1254  1254 E vendor.qti.hardware.perf@2.2-service: Unknown params
04-01 16:06:13.818  1931  3244 I SmartPower: com.google.android.gms/10163(5288): background->idle(30734ms) R(service create com.google.android.gms/.ipa.base.IpaGcmTaskService) adj=600.
04-01 16:06:14.576  1931  4128 D SLM-SRV-SLAService: checktemp temperature = 30485 temperature_average = 29417 isPerformanceMode = false thermal_enable_slm = true
04-01 16:06:14.997  1254  1254 E vendor.qti.hardware.perf@2.2-service: Unknown params
04-01 16:06:14.998  1254  1254 E vendor.qti.hardware.perf@2.2-service: Unknown params
04-01 16:06:15.001  1246  1496 I SDM     : HWDeviceDRM::UpdateMixerAttributes: Mixer WxH 1080x2400-0 for Peripheral
04-01 16:06:15.001  1246  1496 I SDM     : HWCDisplay::SubmitDisplayConfig: Active configuration changed to: 2
04-01 16:06:15.309  1931  3244 I SmartPower: com.facebook.appmanager/10141(10241): background->idle(3001ms) R(broadcast start Intent { act=android.intent.action.BATTERY_CHANGED flg=0x60000010 (has extras) }) adj=905.
04-01 16:06:15.309  1931  3244 I SmartPower: com.xiaomi.discover/10121(15017): background->idle(3000ms) R(broadcast start Intent { act=android.intent.action.BATTERY_CHANGED flg=0x60000010 (has extras) }) adj=905.
04-01 16:06:15.311  1931  3244 I SmartPower: com.android.chrome/10171(15878): background->idle(3001ms) R(broadcast start Intent { act=android.intent.action.BATTERY_CHANGED flg=0x60000010 (has extras) }) adj=915.
04-01 16:06:15.312  1931  3244 I SmartPower: com.digibites.accubattery/10422(15909): background->idle(3001ms) R(broadcast start Intent { act=android.intent.action.BATTERY_CHANGED flg=0x60000010 (has extras) }) adj=200.
04-01 16:06:15.313  1931  3244 I SmartPower: com.microsoft.teams/10242(17220): background->idle(3001ms) R(broadcast start Intent { act=android.intent.action.BATTERY_CHANGED flg=0x60000010 (has extras) }) adj=935.
04-01 16:06:15.316  1931  3244 I SmartPower: com.miui.android.fashiongallery/10229(22232): background->idle(3001ms) R(broadcast start Intent { act=android.intent.action.BATTERY_CHANGED flg=0x60000010 (has extras) }) adj=925.
04-01 16:06:15.571  1899  1899 I wificond: station_bandwidth: 
04-01 16:06:16.207  1413  2768 D MI-SF   : mIsSupportAutomodeForMaxFpsSetting is 0(0), getCurrentBrightness() = 604(328), mIsKeepAutoMode 0
04-01 16:06:16.207  1413  2768 D RefreshRateSelector: fixedMode_group: 0, isFindModeGroup 0
04-01 16:06:16.207  1413  2768 D RefreshRateSelector: find max refresh rate:120, mode Group:0
04-01 16:06:16.207  1254  1254 E vendor.qti.hardware.perf@2.2-service: Unknown params
04-01 16:06:16.208  1254  1254 E vendor.qti.hardware.perf@2.2-service: Unknown params
04-01 16:06:16.216  1246  1496 I SDM     : HWDeviceDRM::UpdateMixerAttributes: Mixer WxH 1080x2400-0 for Peripheral
04-01 16:06:16.216  1246  1496 I SDM     : HWCDisplay::SubmitDisplayConfig: Active configuration changed to: 0
04-01 16:06:16.243  4969  5232 I BtGatt.ScanManager: msg.what = MSG_CHECK_SCAN_STATUS, msg.arg1 = CHECK_BACKGROUND_TIMEOUT
04-01 16:06:16.258  1413  1413 D MI-SF   : mIsSupportAutomodeForMaxFpsSetting is 0(0), getCurrentBrightness() = 604(328), mIsKeepAutoMode 0
04-01 16:06:16.259  1413  1413 D RefreshRateSelector: fixedMode_group: 0, isFindModeGroup 0
04-01 16:06:16.259  1413  1413 D RefreshRateSelector: find max refresh rate:120, mode Group:0
04-01 16:06:16.294 24350 24379 W RenderInspector: DequeueBuffer time out on app.blearn.mobile/app.blearn.mobile.MainActivity, count=1, avg=15 ms, max=15 ms.
04-01 16:06:17.592  1254  1254 E vendor.qti.hardware.perf@2.2-service: Unknown params
04-01 16:06:18.490 24350 24350 I Capacitor/Console: File:  - Line 349 - Msg: [object Object]
04-01 16:06:18.491 24350 24350 V Capacitor/Plugin: To native (Capacitor plugin): callbackId: 24298686, pluginId: ScreenTime, methodName: consumePendingNavigation
04-01 16:06:18.491 24350 24350 V Capacitor: callback: 24298686, pluginId: ScreenTime, methodName: consumePendingNavigation, methodData: {}
04-01 16:06:18.494 24350 24431 D BlearnScreenTime: consume_pending_navigation_empty
04-01 16:06:18.578 15909 17072 V U.Notification: Posting new notification, elapsed=16061
04-01 16:06:18.587  1899  1899 I wificond: station_bandwidth: 
04-01 16:06:18.827 24350 24350 I Capacitor/Console: File:  - Line 333 - Msg: undefined
04-01 16:06:18.840  1254  1254 E vendor.qti.hardware.perf@2.2-service: Unknown params
04-01 16:06:18.883  1931  4085 I NetworkBoostStatusManager: handle: 107
04-01 16:06:18.888  3991  5645 E PhoneAdapter: get ntnphones failed, exception: java.lang.IllegalStateException: Default phones haven't been made yet!
04-01 16:06:18.888  1931  4085 D SLM-SRV-SLAService: isModemSingnalStrengthStatus = 0
04-01 16:06:19.297  1931  2861 W ActivityManagerServiceImpl: Sending non-protected broadcast miui.intent.action.CYCLE_CHECK from system uid 1000 pkg android. Callers=com.android.server.am.ActivityManagerService.checkBroadcastFromSystem:15246 com.android.server.am.ActivityManagerService.broadcastIntentLockedTraced:16076 com.android.server.am.ActivityManagerService.broadcastIntentLocked:15304 com.android.server.am.ActivityManagerService.broadcastIntentInPackage:16309 com.android.server.am.ActivityManagerService$LocalService.broadcastIntentInPackage:19055 
04-01 16:06:19.298  1931  2861 D AlarmManager: mBroadcastRefCount -> 1
04-01 16:06:19.310  1931  2916 I MiuiNetworkPolicy: updateUidState uid = 10109, uidState = 19
04-01 16:06:19.311  1931  2916 I MiuiNetworkPolicy: updateUidState uid = 10087, uidState = 19
04-01 16:06:19.315  1931  2014 D ActivityManager: checkAllowBackground: uid=1000 pkg=android rec=UidRecord{32d667d 1000 PER  fgServices allowlist change:procadj procs:0 seq(304675,302903)} caps=LCMNFU always=false idle=false
04-01 16:06:19.317  1931  1931 D AlarmManager: mBroadcastRefCount -> 0
04-01 16:06:19.317  1931  1931 D AlarmManager: mPendingIntent -> PendingIntent{3224d42: PendingIntentRecord{c313153 android broadcastIntent}}
04-01 16:06:19.319  1931  2014 I android_os_HwBinder: HwBinder: Starting thread pool for getting: vendor.xiaomi.hardware.micharge@1.0::IMiCharge/default
04-01 16:06:19.323  1285  1296 I vendor.xiaomi.hardware.micharge@1.0-service: ReadFilePathValue path = /sys/class/power_supply/battery/temp value = 280
04-01 16:06:19.325  1931  2014 I android_os_HwBinder: HwBinder: Starting thread pool for getting: vendor.xiaomi.hardware.micharge@1.0::IMiCharge/default
04-01 16:06:19.326  1285  1296 I vendor.xiaomi.hardware.micharge@1.0-service: ReadFilePathValue path = /sys/class/power_supply/battery/charge_control_limit value = 0
04-01 16:06:19.921  1931  6035 D PerfShielderService: app.blearn.mobile|app.blearn.mobile/app.blearn.mobile.MainActivity|71|24906141141694|65|2|2
04-01 16:06:19.922  6014  7885 W MiuiPerfServiceClient: interceptAndQueuing:24350|app.blearn.mobile|71|65|24906141141694|Slow handle animation|2
04-01 16:06:20.845  1931  6466 D ActivityManager: checkAllowBackground: uid=10163 pkg=com.google.android.gms rec=UidRecord{875802d u0a163 BFGS change:procadj procs:0 seq(304638,985)} caps=LCMNFU always=false idle=false
04-01 16:06:20.848  1931  6466 I SmartPower: com.google.android.gms/10163(5288): idle->background(7029ms) R(service create com.google.android.gms/.chimera.GmsIntentOperationService) adj=0.
04-01 16:06:20.859  1931  4157 D ActivityManager: checkAllowBackground: uid=10163 pkg=com.google.android.gms rec=UidRecord{875802d u0a163 BFGS change:procadj procs:0 seq(304638,985)} caps=LCMNFU always=false idle=false
04-01 16:06:20.865  5288 24644 I GmscoreIpa: Starting mediastore instant index [CONTEXT service_id=255 ]
04-01 16:06:20.878  1931  4157 I ClipboardServiceI: checkProviderWakePathForClipboard: primaryClip is null
04-01 16:06:21.602  1899  1899 I wificond: station_bandwidth: 
04-01 16:06:21.608 15991 15991 W JobService: onNetworkChanged() not implemented in androidx.work.impl.background.systemjob.SystemJobService. Must override in a subclass.
04-01 16:06:21.610  1931  4085 I NetworkBoostStatusManager: handle: 102
04-01 16:06:21.610  1931  4085 I NetworkBoostStatusManager: interfaceOnCapabilitiesChanged interface name:wlan0
04-01 16:06:21.610  1931  4085 I NetworkBoostStatusManager: handle: 104
04-01 16:06:21.610  1931  4085 I NetworkBoostStatusManager: SmartDNS onAvailable WIFI master.
04-01 16:06:21.611  1931  4085 I NetworkBoostStatusManager: SmartDNS push DnsReslover a relationship, netid 109 name "Flybox-82C9"
04-01 16:06:21.611  1931  4085 W System.err: java.lang.NoSuchMethodException: android.net.ConnectivityManager.setResloverInterfaceIdAndNetid [int, class java.lang.String]
04-01 16:06:21.612  1931  4085 W System.err: 	at java.lang.Class.getMethod(Class.java:2934)
04-01 16:06:21.612  1931  4085 W System.err: 	at java.lang.Class.getDeclaredMethod(Class.java:2913)
04-01 16:06:21.612  1931  4085 W System.err: 	at com.xiaomi.NetworkBoost.StatusManager.setResloverInterfaceIdAndNetid(StatusManager.java:1651)
04-01 16:06:21.612  1931  4085 W System.err: 	at com.xiaomi.NetworkBoost.StatusManager.setSmartDNSInterface(StatusManager.java:1616)
04-01 16:06:21.612  1931  4085 W System.err: 	at com.xiaomi.NetworkBoost.StatusManager.-$$Nest$msetSmartDNSInterface(Unknown Source:0)
04-01 16:06:21.612  1931  4085 W System.err: 	at com.xiaomi.NetworkBoost.StatusManager$InternalHandler.handleMessage(StatusManager.java:591)
04-01 16:06:21.612  1931  4085 W System.err: 	at android.os.Handler.dispatchMessage(Handler.java:106)
04-01 16:06:21.612  1931  4085 W System.err: 	at android.os.Looper.loopOnce(Looper.java:222)
04-01 16:06:21.612  1931  4085 W System.err: 	at android.os.Looper.loop(Looper.java:314)
04-01 16:06:21.612  1931  4085 W System.err: 	at android.os.HandlerThread.run(HandlerThread.java:67)
04-01 16:06:21.619  9449  9710 W Settings: Setting device_provisioned has moved from android.provider.Settings.Secure to android.provider.Settings.Global.
04-01 16:06:21.619  9449  9710 I JoyoseCloudControlManager3: network metered changed, network metered: false, deviceProvisioned: true, scAllowConn: true, try to setNetworkAccessEnabled: true
04-01 16:06:21.621  6976  8121 I NetBusNetworkMonitor: onCapabilitiesChanged isPrimary = true
04-01 16:06:21.623  6976  8121 I NetBusNetworkMonitor: gateway=192.*.*.1
04-01 16:06:21.629 18449 18499 I BugleRcsEngine: handleMessage processing message:[NOTIFY_UPTIME_IGNORE_STATE_CHANGED] with [non-null]:RcsEngineImpl reference [CONTEXT log_prefix="RcsEngineImpl[DUAL_REG]:[3cf2e2d2-8d57]>Handler" thread_id=98 ]
04-01 16:06:21.631 18449 18499 I BugleRcsEngine: Cannot use CS.apk as it's battery optimized [CONTEXT thread_id=98 ]
04-01 16:06:21.632 18449 18488 I BugleRcsEngine: Connected state: [1], networkType: [WIFI] [CONTEXT thread_id=90 ]
04-01 16:06:21.632  6976  8121 I NetBusNetworkMonitor: addConnectNetworkInterface mediumType:256, detail:NetworkDetailInfo{mIsConnected=false, mIsSupportTdls=true, mNetworkType=0, mIpAddress=192.*.*.140, mIfName=wlan0, mGateway=192.*.*.1, mNetmask=255.*.*.0, mSsid=F**C9}
04-01 16:06:21.632  6976  8121 I NetBusNetworkMonitor: onCapabilitiesChanged handle=471557132301, mediumType=256, ifName=wlan0
04-01 16:06:21.633  1931  6035 I ClipboardServiceI: checkProviderWakePathForClipboard: primaryClip is null
04-01 16:06:21.633  1931  6035 I SmartPower: com.google.android.apps.messaging/10167(18300): idle->background(18138ms) R(content provider start ContentProviderRecord{73b4454 u0 com.google.android.apps.messaging/.shared.datamodel.provider.sharedstorage.SharedStorageProvider}) adj=200.
04-01 16:06:21.640 18449 18499 I BugleRcsEngine: Rcs is enabled from user settings: true [CONTEXT log_prefix="ProvisioningEngineDataRetriever" thread_id=98 ]
04-01 16:06:22.124  4883 21863 I NearbySharing: Network state changed: NetworkState(isRestricted=false, isOnline=true, isCongested=false, isMetered=false, isWifiConnected=true)
04-01 16:06:22.498  1931  2335 D HeapUsage Monitor: HeapAllocSize : 117MB; monitorSize : 500MB
04-01 16:06:22.769 24350 24350 E Capacitor/Console: File: https://localhost/assets/firebase-shared-u_kSYnvb.js - Line 225 - Msg: [2026-04-01T14:06:22.768Z]  @firebase/firestore: Firestore (12.10.0): FirebaseError: [code=resource-exhausted]: Quota exceeded.
04-01 16:06:22.769 24350 24350 E Capacitor/Console: File: https://localhost/assets/firebase-shared-u_kSYnvb.js - Line 225 - Msg: [2026-04-01T14:06:22.768Z]  @firebase/firestore: Firestore (12.10.0): Using maximum backoff delay to prevent overloading the backend.
04-01 16:06:23.316  1931  2001 D HighMemoryManager: Java Memory used=108M max=512M. is system: true
04-01 16:06:23.316  1931  2001 V HighMemoryManager: Check mem usage finished! Next check delay: 0
04-01 16:06:23.849  1931  3244 I SmartPower: com.google.android.gms/10163(5288): background->idle(3001ms) R(service create com.google.android.gms/.chimera.GmsIntentOperationService) adj=500.
04-01 16:06:24.503  6976  8348 I com.xiaomi.dm: update fcm token
04-01 16:06:24.503  6976  8348 E com.xiaomi.dm: not login yet
04-01 16:06:24.505  6976  8348 I com.xiaomi.dm: update fcm token failed, code:-3, reason:
04-01 16:06:24.505  6976  8348 I com.xiaomi.dm: delay sending fcm token to server
04-01 16:06:24.581  1931  4128 D SLM-SRV-SLAService: checktemp temperature = 30499 temperature_average = 29702 isPerformanceMode = false thermal_enable_slm = true
04-01 16:06:24.625  1899  1899 I wificond: station_bandwidth: 
04-01 16:06:24.632 15991 15991 W JobService: onNetworkChanged() not implemented in androidx.work.impl.background.systemjob.SystemJobService. Must override in a subclass.
04-01 16:06:24.634  1931  4085 I NetworkBoostStatusManager: handle: 102
04-01 16:06:24.634  1931  4085 I NetworkBoostStatusManager: interfaceOnCapabilitiesChanged interface name:wlan0
04-01 16:06:24.634  1931  4085 I NetworkBoostStatusManager: handle: 104
04-01 16:06:24.634  1931  4085 I NetworkBoostStatusManager: SmartDNS onAvailable WIFI master.
04-01 16:06:24.634  1931  3244 I SmartPower: com.google.android.apps.messaging/10167(18300): background->idle(3001ms) R(content provider start ContentProviderRecord{73b4454 u0 com.google.android.apps.messaging/.shared.datamodel.provider.sharedstorage.SharedStorageProvider}) adj=200.
04-01 16:06:24.635  1931  4085 I NetworkBoostStatusManager: SmartDNS push DnsReslover a relationship, netid 109 name "Flybox-82C9"
04-01 16:06:24.635  1931  4085 W System.err: java.lang.NoSuchMethodException: android.net.ConnectivityManager.setResloverInterfaceIdAndNetid [int, class java.lang.String]
04-01 16:06:24.635  1931  4085 W System.err: 	at java.lang.Class.getMethod(Class.java:2934)
04-01 16:06:24.635  1931  4085 W System.err: 	at java.lang.Class.getDeclaredMethod(Class.java:2913)
04-01 16:06:24.635  1931  4085 W System.err: 	at com.xiaomi.NetworkBoost.StatusManager.setResloverInterfaceIdAndNetid(StatusManager.java:1651)
04-01 16:06:24.635  1931  4085 W System.err: 	at com.xiaomi.NetworkBoost.StatusManager.setSmartDNSInterface(StatusManager.java:1616)
04-01 16:06:24.635  1931  4085 W System.err: 	at com.xiaomi.NetworkBoost.StatusManager.-$$Nest$msetSmartDNSInterface(Unknown Source:0)
04-01 16:06:24.635  1931  4085 W System.err: 	at com.xiaomi.NetworkBoost.StatusManager$InternalHandler.handleMessage(StatusManager.java:591)
04-01 16:06:24.635  1931  4085 W System.err: 	at android.os.Handler.dispatchMessage(Handler.java:106)
04-01 16:06:24.635  1931  4085 W System.err: 	at android.os.Looper.loopOnce(Looper.java:222)
04-01 16:06:24.635  1931  4085 W System.err: 	at android.os.Looper.loop(Looper.java:314)
04-01 16:06:24.635  1931  4085 W System.err: 	at android.os.HandlerThread.run(HandlerThread.java:67)
04-01 16:06:24.640  6976  8121 I NetBusNetworkMonitor: onCapabilitiesChanged isPrimary = true
04-01 16:06:24.642  9449  9710 W Settings: Setting device_provisioned has moved from android.provider.Settings.Secure to android.provider.Settings.Global.
04-01 16:06:24.642  9449  9710 I JoyoseCloudControlManager3: network metered changed, network metered: false, deviceProvisioned: true, scAllowConn: true, try to setNetworkAccessEnabled: true
04-01 16:06:24.646  6976  8121 I NetBusNetworkMonitor: gateway=192.*.*.1
04-01 16:06:24.649 18449 18499 I BugleRcsEngine: handleMessage processing message:[NOTIFY_UPTIME_IGNORE_STATE_CHANGED] with [non-null]:RcsEngineImpl reference [CONTEXT log_prefix="RcsEngineImpl[DUAL_REG]:[3cf2e2d2-8d57]>Handler" thread_id=98 ]
04-01 16:06:24.654 18449 18499 I BugleRcsEngine: Cannot use CS.apk as it's battery optimized [CONTEXT thread_id=98 ]
04-01 16:06:24.654  6976  8121 I NetBusNetworkMonitor: addConnectNetworkInterface mediumType:256, detail:NetworkDetailInfo{mIsConnected=false, mIsSupportTdls=true, mNetworkType=0, mIpAddress=192.*.*.140, mIfName=wlan0, mGateway=192.*.*.1, mNetmask=255.*.*.0, mSsid=F**C9}
04-01 16:06:24.654  6976  8121 I NetBusNetworkMonitor: onCapabilitiesChanged handle=471557132301, mediumType=256, ifName=wlan0
04-01 16:06:24.655  1931  6518 I ClipboardServiceI: checkProviderWakePathForClipboard: primaryClip is null
04-01 16:06:24.655 18449 18488 I BugleRcsEngine: Connected state: [1], networkType: [WIFI] [CONTEXT thread_id=90 ]
04-01 16:06:24.658 18449 18499 I BugleRcsEngine: Rcs is enabled from user settings: true [CONTEXT log_prefix="ProvisioningEngineDataRetriever" thread_id=98 ]
04-01 16:06:24.829 24350 24350 I Capacitor/Console: File:  - Line 349 - Msg: [object Object]
04-01 16:06:24.830 24350 24350 V Capacitor/Plugin: To native (Capacitor plugin): callbackId: 24298687, pluginId: ScreenTime, methodName: consumePendingNavigation
04-01 16:06:24.830 24350 24350 V Capacitor: callback: 24298687, pluginId: ScreenTime, methodName: consumePendingNavigation, methodData: {}
04-01 16:06:24.832 24350 24431 D BlearnScreenTime: consume_pending_navigation_empty
04-01 16:06:24.834 24350 24350 I Capacitor/Console: File:  - Line 333 - Msg: undefined
04-01 16:06:25.146  4883 12603 I NearbySharing: Network state changed: NetworkState(isRestricted=false, isOnline=true, isCongested=false, isMetered=false, isWifiConnected=true)
04-01 16:06:25.837  1109  5528 I vendor.qti.bluetooth@1.0-ibs_handler: ProcessIbsCmd: Received IBS_WAKE_IND: 0xFD
04-01 16:06:25.837  1109  5528 D vendor.qti.bluetooth@1.0-ibs_handler: SerialClockVote: vote for UART CLK ON
04-01 16:06:25.838  1109  5528 D vendor.qti.bluetooth@1.0-wake_lock: Acquire wakelock is acquired 
04-01 16:06:25.838  1109  5528 I vendor.qti.bluetooth@1.0-ibs_handler: ProcessIbsCmd: Writing IBS_WAKE_ACK
04-01 16:06:25.839  4969  5531 I bt_stack: [INFO:btm_ble_gap.cc(3528)] btm_ble_process_adv_pkt_cont Data Complete 46:61:fd:16:0c:22
04-01 16:06:25.840  4969  5531 I bt_stack: [INFO:btm_ble_gap.cc(3528)] btm_ble_process_adv_pkt_cont Data Complete 46:61:fd:16:0c:22
04-01 16:06:25.840  4969  5531 D bt_btm_ble: bool parse_adv_audio_uuids_from_adv_pkt(const uint8_t *, size_t, uint8_t): tmap_cap_pts: false
04-01 16:06:25.841  4969  5244 D BluetoothAdapterService: getIdentityAddress null retruning 46:61:FD:16:0C:22
04-01 16:06:25.846  4883 15229 I NearbyDiscovery: (REDACTED) BloomFilterAdvManager: Detected bloom filter but too far away, ignoring. %sm, %s
04-01 16:06:25.850  4883 24479 I NearbyDiscovery: (REDACTED) loadFastPairModule: checkFeaturesAreAvailable:%d
04-01 16:06:25.851  4883 24479 I NearbyDiscovery: loadFastPairModule: FastPair module is downloaded. [CONTEXT service_id=265 ]
04-01 16:06:25.878  1109  5528 I vendor.qti.bluetooth@1.0-ibs_handler: ProcessIbsCmd: Received IBS_SLEEP_IND: 0xFE
04-01 16:06:25.879  1109  5528 D vendor.qti.bluetooth@1.0-ibs_handler: SerialClockVote: vote for UART CLK OFF
04-01 16:06:25.892  1931  6518 W ProcessStats: Tracking association SourceState{c7aa938 system/1000 BFgs #55481} whose proc state 4 is better than process ProcessState{9194d11 com.google.android.inputmethod.latin/10179 pkg=com.google.android.inputmethod.latin} proc state 6 (9 skipped)
04-01 16:06:26.030  1109  5267 D vendor.qti.bluetooth@1.0-wake_lock: Release wakelock is released 
04-01 16:06:27.462  4019  4019 D ArtChoreographerMonitor: invoke error.
04-01 16:06:27.486  1413  1413 D MI-SF   : mIsSupportAutomodeForMaxFpsSetting is 0(0), getCurrentBrightness() = 604(328), mIsKeepAutoMode 0
04-01 16:06:27.486  1413  1413 D RefreshRateSelector: fixedMode_group: 0, isFindModeGroup 0
04-01 16:06:27.486  1413  1413 D RefreshRateSelector: find max refresh rate:120, mode Group:0
04-01 16:06:27.641  1899  1899 I wificond: station_bandwidth: 
04-01 16:06:27.642  4019  4019 D ArtChoreographerMonitor: invoke error.
04-01 16:06:27.650  3945  5257 D QCNEJ/WlanStaInfoRelay: Received action: android.net.wifi.RSSI_CHANGED
04-01 16:06:27.653 15991 15991 W JobService: onNetworkChanged() not implemented in androidx.work.impl.background.systemjob.SystemJobService. Must override in a subclass.
04-01 16:06:27.657  9449  9710 W Settings: Setting device_provisioned has moved from android.provider.Settings.Secure to android.provider.Settings.Global.
04-01 16:06:27.657  9449  9710 I JoyoseCloudControlManager3: network metered changed, network metered: false, deviceProvisioned: true, scAllowConn: true, try to setNetworkAccessEnabled: true
04-01 16:06:27.658  6976  8121 I NetBusNetworkMonitor: onCapabilitiesChanged isPrimary = true
04-01 16:06:27.665 18449 18499 I BugleRcsEngine: handleMessage processing message:[NOTIFY_UPTIME_IGNORE_STATE_CHANGED] with [non-null]:RcsEngineImpl reference [CONTEXT log_prefix="RcsEngineImpl[DUAL_REG]:[3cf2e2d2-8d57]>Handler" thread_id=98 ]
04-01 16:06:27.665 18449 18488 I BugleRcsEngine: Connected state: [1], networkType: [WIFI] [CONTEXT thread_id=90 ]
04-01 16:06:27.665 18449 18499 I BugleRcsEngine: Cannot use CS.apk as it's battery optimized [CONTEXT thread_id=98 ]
04-01 16:06:27.666  6976  8121 I NetBusNetworkMonitor: gateway=192.*.*.1
04-01 16:06:27.670  1931  5054 I ClipboardServiceI: checkProviderWakePathForClipboard: primaryClip is null
04-01 16:06:27.670  1931  5054 I SmartPower: com.google.android.apps.messaging/10167(18300): idle->background(3036ms) R(content provider start ContentProviderRecord{73b4454 u0 com.google.android.apps.messaging/.shared.datamodel.provider.sharedstorage.SharedStorageProvider}) adj=200.
04-01 16:06:27.671  1931  4085 I NetworkBoostStatusManager: handle: 102
04-01 16:06:27.671  1931  4085 I NetworkBoostStatusManager: interfaceOnCapabilitiesChanged interface name:wlan0
04-01 16:06:27.671  1931  4085 I NetworkBoostStatusManager: handle: 104
04-01 16:06:27.672  1931  4085 I NetworkBoostStatusManager: SmartDNS onAvailable WIFI master.
04-01 16:06:27.673  1931  4085 I NetworkBoostStatusManager: SmartDNS push DnsReslover a relationship, netid 109 name "Flybox-82C9"
04-01 16:06:27.673  1931  4085 W System.err: java.lang.NoSuchMethodException: android.net.ConnectivityManager.setResloverInterfaceIdAndNetid [int, class java.lang.String]
04-01 16:06:27.673  6976  8121 I NetBusNetworkMonitor: addConnectNetworkInterface mediumType:256, detail:NetworkDetailInfo{mIsConnected=false, mIsSupportTdls=true, mNetworkType=0, mIpAddress=192.*.*.140, mIfName=wlan0, mGateway=192.*.*.1, mNetmask=255.*.*.0, mSsid=F**C9}
04-01 16:06:27.673  1931  4085 W System.err: 	at java.lang.Class.getMethod(Class.java:2934)
04-01 16:06:27.673  6976  8121 I NetBusNetworkMonitor: onCapabilitiesChanged handle=471557132301, mediumType=256, ifName=wlan0
04-01 16:06:27.673  1931  4085 W System.err: 	at java.lang.Class.getDeclaredMethod(Class.java:2913)
04-01 16:06:27.673  1931  4085 W System.err: 	at com.xiaomi.NetworkBoost.StatusManager.setResloverInterfaceIdAndNetid(StatusManager.java:1651)
04-01 16:06:27.673  1931  4085 W System.err: 	at com.xiaomi.NetworkBoost.StatusManager.setSmartDNSInterface(StatusManager.java:1616)
04-01 16:06:27.673  1931  4085 W System.err: 	at com.xiaomi.NetworkBoost.StatusManager.-$$Nest$msetSmartDNSInterface(Unknown Source:0)
04-01 16:06:27.673  1931  4085 W System.err: 	at com.xiaomi.NetworkBoost.StatusManager$InternalHandler.handleMessage(StatusManager.java:591)
04-01 16:06:27.673  1931  4085 W System.err: 	at android.os.Handler.dispatchMessage(Handler.java:106)
04-01 16:06:27.673  1931  4085 W System.err: 	at android.os.Looper.loopOnce(Looper.java:222)
04-01 16:06:27.673  1931  4085 W System.err: 	at android.os.Looper.loop(Looper.java:314)
04-01 16:06:27.673  1931  4085 W System.err: 	at android.os.HandlerThread.run(HandlerThread.java:67)
04-01 16:06:27.674 18449 18499 I BugleRcsEngine: Rcs is enabled from user settings: true [CONTEXT log_prefix="ProvisioningEngineDataRetriever" thread_id=98 ]
04-01 16:06:27.676  4019  4019 D ArtChoreographerMonitor: invoke error.
04-01 16:06:27.850  4019  4019 D ArtChoreographerMonitor: invoke error.
04-01 16:06:27.880  1931  6035 I SmartPower: com.google.android.gms/10163(5288): idle->background(4031ms) R(service destroy com.google.android.gms/.chimera.GmsIntentOperationService) adj=500.
04-01 16:06:28.163  4883 12603 I NearbySharing: Network state changed: NetworkState(isRestricted=false, isOnline=true, isCongested=false, isMetered=false, isWifiConnected=true)
04-01 16:06:28.689  1413  1413 D MI-SF   : mIsSupportAutomodeForMaxFpsSetting is 0(0), getCurrentBrightness() = 604(328), mIsKeepAutoMode 0
04-01 16:06:28.689  1413  1413 D RefreshRateSelector: fixedMode_group: 0, isFindModeGroup 0
04-01 16:06:28.689  1413  1413 D RefreshRateSelector: find max refresh rate:120, mode Group:0
04-01 16:06:29.094  1109  5528 I vendor.qti.bluetooth@1.0-ibs_handler: ProcessIbsCmd: Received IBS_WAKE_IND: 0xFD
04-01 16:06:29.095  1109  5528 D vendor.qti.bluetooth@1.0-ibs_handler: SerialClockVote: vote for UART CLK ON
04-01 16:06:29.095  1109  5528 D vendor.qti.bluetooth@1.0-wake_lock: Acquire wakelock is acquired 
04-01 16:06:29.095  1109  5528 I vendor.qti.bluetooth@1.0-ibs_handler: ProcessIbsCmd: Writing IBS_WAKE_ACK
04-01 16:06:29.097  4969  5531 I bt_stack: [INFO:btm_ble_gap.cc(3528)] btm_ble_process_adv_pkt_cont Data Complete 46:61:fd:16:0c:22
04-01 16:06:29.097  4969  5531 I bt_stack: [INFO:btm_ble_gap.cc(3528)] btm_ble_process_adv_pkt_cont Data Complete 46:61:fd:16:0c:22
04-01 16:06:29.097  4969  5531 D bt_btm_ble: bool parse_adv_audio_uuids_from_adv_pkt(const uint8_t *, size_t, uint8_t): tmap_cap_pts: false
04-01 16:06:29.098  4969  5244 D BluetoothAdapterService: getIdentityAddress null retruning 46:61:FD:16:0C:22
04-01 16:06:29.101  4883 15229 I NearbyDiscovery: (REDACTED) BloomFilterAdvManager: Detected bloom filter but too far away, ignoring. %sm, %s
04-01 16:06:29.137  1109  5528 I vendor.qti.bluetooth@1.0-ibs_handler: ProcessIbsCmd: Received IBS_SLEEP_IND: 0xFE
04-01 16:06:29.137  1109  5528 D vendor.qti.bluetooth@1.0-ibs_handler: SerialClockVote: vote for UART CLK OFF
04-01 16:06:29.287  1109  5267 D vendor.qti.bluetooth@1.0-wake_lock: Release wakelock is released 
04-01 16:06:29.575 24350 24350 W Capacitor/Console: File: https://localhost/assets/GlobalRuntimeManagers-CzBwc6I8.js - Line 2 - Msg: Learning cloud sync save failed: Error: learning cloud save timed out after 12000ms
04-01 16:06:30.664  1899  1899 I wificond: station_bandwidth: 
04-01 16:06:30.672  1931  3244 I SmartPower: com.google.android.apps.messaging/10167(18300): background->idle(3001ms) R(content provider start ContentProviderRecord{73b4454 u0 com.google.android.apps.messaging/.shared.datamodel.provider.sharedstorage.SharedStorageProvider}) adj=200.
04-01 16:06:30.674 15991 15991 W JobService: onNetworkChanged() not implemented in androidx.work.impl.background.systemjob.SystemJobService. Must override in a subclass.
04-01 16:06:30.676  4019  4019 D ArtChoreographerMonitor: invoke error.
04-01 16:06:30.678  9449  9710 W Settings: Setting device_provisioned has moved from android.provider.Settings.Secure to android.provider.Settings.Global.
04-01 16:06:30.678  9449  9710 I JoyoseCloudControlManager3: network metered changed, network metered: false, deviceProvisioned: true, scAllowConn: true, try to setNetworkAccessEnabled: true
04-01 16:06:30.679  6976  8121 I NetBusNetworkMonitor: onCapabilitiesChanged isPrimary = true
04-01 16:06:30.685  1931  4085 I NetworkBoostStatusManager: handle: 102
04-01 16:06:30.685  1931  4085 I NetworkBoostStatusManager: interfaceOnCapabilitiesChanged interface name:wlan0
04-01 16:06:30.685  1931  4085 I NetworkBoostStatusManager: handle: 104
04-01 16:06:30.685  1931  4085 I NetworkBoostStatusManager: SmartDNS onAvailable WIFI master.
04-01 16:06:30.686 18449 18499 I BugleRcsEngine: handleMessage processing message:[NOTIFY_UPTIME_IGNORE_STATE_CHANGED] with [non-null]:RcsEngineImpl reference [CONTEXT log_prefix="RcsEngineImpl[DUAL_REG]:[3cf2e2d2-8d57]>Handler" thread_id=98 ]
04-01 16:06:30.688 18449 18488 I BugleRcsEngine: Connected state: [1], networkType: [WIFI] [CONTEXT thread_id=90 ]
04-01 16:06:30.688  6976  8121 I NetBusNetworkMonitor: gateway=192.*.*.1
04-01 16:06:30.689 18449 18499 I BugleRcsEngine: Cannot use CS.apk as it's battery optimized [CONTEXT thread_id=98 ]
04-01 16:06:30.689  1931  4085 I NetworkBoostStatusManager: SmartDNS push DnsReslover a relationship, netid 109 name "Flybox-82C9"
04-01 16:06:30.689  1931  4085 W System.err: java.lang.NoSuchMethodException: android.net.ConnectivityManager.setResloverInterfaceIdAndNetid [int, class java.lang.String]
04-01 16:06:30.689  1931  4085 W System.err: 	at java.lang.Class.getMethod(Class.java:2934)
04-01 16:06:30.689  1931  4085 W System.err: 	at java.lang.Class.getDeclaredMethod(Class.java:2913)
04-01 16:06:30.689  1931  4085 W System.err: 	at com.xiaomi.NetworkBoost.StatusManager.setResloverInterfaceIdAndNetid(StatusManager.java:1651)
04-01 16:06:30.689  1931  4085 W System.err: 	at com.xiaomi.NetworkBoost.StatusManager.setSmartDNSInterface(StatusManager.java:1616)
04-01 16:06:30.689  1931  4085 W System.err: 	at com.xiaomi.NetworkBoost.StatusManager.-$$Nest$msetSmartDNSInterface(Unknown Source:0)
04-01 16:06:30.689  1931  4085 W System.err: 	at com.xiaomi.NetworkBoost.StatusManager$InternalHandler.handleMessage(StatusManager.java:591)
04-01 16:06:30.689  1931  4085 W System.err: 	at android.os.Handler.dispatchMessage(Handler.java:106)
04-01 16:06:30.689  1931  4085 W System.err: 	at android.os.Looper.loopOnce(Looper.java:222)
04-01 16:06:30.689  1931  4085 W System.err: 	at android.os.Looper.loop(Looper.java:314)
04-01 16:06:30.689  1931  4085 W System.err: 	at android.os.HandlerThread.run(HandlerThread.java:67)
04-01 16:06:30.689  1931  6466 I ClipboardServiceI: checkProviderWakePathForClipboard: primaryClip is null
04-01 16:06:30.693  6976  8121 I NetBusNetworkMonitor: addConnectNetworkInterface mediumType:256, detail:NetworkDetailInfo{mIsConnected=false, mIsSupportTdls=true, mNetworkType=0, mIpAddress=192.*.*.140, mIfName=wlan0, mGateway=192.*.*.1, mNetmask=255.*.*.0, mSsid=F**C9}
04-01 16:06:30.694  6976  8121 I NetBusNetworkMonitor: onCapabilitiesChanged handle=471557132301, mediumType=256, ifName=wlan0
04-01 16:06:30.695 18449 18499 I BugleRcsEngine: Rcs is enabled from user settings: true [CONTEXT log_prefix="ProvisioningEngineDataRetriever" thread_id=98 ]
04-01 16:06:30.800  1931  2916 D MiuiNetworkPolicy: updateLimit mLimitEnabled=true,enabled=false,mNetworkPriorityMode=255,mThermalForceMode=0
04-01 16:06:30.800  1931  2916 I MiuiNetworkPolicy: getDisableLimitTimeout when thermal mode is:0
04-01 16:06:30.835 24350 24350 I Capacitor/Console: File:  - Line 349 - Msg: [object Object]
04-01 16:06:30.836 24350 24350 V Capacitor/Plugin: To native (Capacitor plugin): callbackId: 24298688, pluginId: ScreenTime, methodName: consumePendingNavigation
04-01 16:06:30.836 24350 24350 V Capacitor: callback: 24298688, pluginId: ScreenTime, methodName: consumePendingNavigation, methodData: {}
04-01 16:06:30.839 24350 24431 D BlearnScreenTime: consume_pending_navigation_empty
04-01 16:06:30.842 24350 24350 I Capacitor/Console: File:  - Line 333 - Msg: undefined
04-01 16:06:30.850  4019  4019 D ArtChoreographerMonitor: invoke error.
04-01 16:06:30.881  1931  3244 I SmartPower: com.google.android.gms/10163(5288): background->idle(3001ms) R(service destroy com.google.android.gms/.chimera.GmsIntentOperationService) adj=600.
04-01 16:06:31.184  4883 12603 I NearbySharing: Network state changed: NetworkState(isRestricted=false, isOnline=true, isCongested=false, isMetered=false, isWifiConnected=true)
04-01 16:06:33.684  1899  1899 I wificond: station_bandwidth: 
04-01 16:06:33.689 15991 15991 W JobService: onNetworkChanged() not implemented in androidx.work.impl.background.systemjob.SystemJobService. Must override in a subclass.
04-01 16:06:33.690  1931  4085 I NetworkBoostStatusManager: handle: 102
04-01 16:06:33.691  1931  4085 I NetworkBoostStatusManager: interfaceOnCapabilitiesChanged interface name:wlan0
04-01 16:06:33.691  1931  4085 I NetworkBoostStatusManager: handle: 104
04-01 16:06:33.692  1931  4085 I NetworkBoostStatusManager: SmartDNS onAvailable WIFI master.
04-01 16:06:33.693  1931  4085 I NetworkBoostStatusManager: SmartDNS push DnsReslover a relationship, netid 109 name "Flybox-82C9"
04-01 16:06:33.694  1931  4085 W System.err: java.lang.NoSuchMethodException: android.net.ConnectivityManager.setResloverInterfaceIdAndNetid [int, class java.lang.String]
04-01 16:06:33.694  1931  4085 W System.err: 	at java.lang.Class.getMethod(Class.java:2934)
04-01 16:06:33.694  1931  4085 W System.err: 	at java.lang.Class.getDeclaredMethod(Class.java:2913)
04-01 16:06:33.694  1931  4085 W System.err: 	at com.xiaomi.NetworkBoost.StatusManager.setResloverInterfaceIdAndNetid(StatusManager.java:1651)
04-01 16:06:33.694  1931  4085 W System.err: 	at com.xiaomi.NetworkBoost.StatusManager.setSmartDNSInterface(StatusManager.java:1616)
04-01 16:06:33.694  1931  4085 W System.err: 	at com.xiaomi.NetworkBoost.StatusManager.-$$Nest$msetSmartDNSInterface(Unknown Source:0)
04-01 16:06:33.694  1931  4085 W System.err: 	at com.xiaomi.NetworkBoost.StatusManager$InternalHandler.handleMessage(StatusManager.java:591)
04-01 16:06:33.694  1931  4085 W System.err: 	at android.os.Handler.dispatchMessage(Handler.java:106)
04-01 16:06:33.694  1931  4085 W System.err: 	at android.os.Looper.loopOnce(Looper.java:222)
04-01 16:06:33.694  1931  4085 W System.err: 	at android.os.Looper.loop(Looper.java:314)
04-01 16:06:33.694  1931  4085 W System.err: 	at android.os.HandlerThread.run(HandlerThread.java:67)
04-01 16:06:33.696  6976  8121 I NetBusNetworkMonitor: onCapabilitiesChanged isPrimary = true
04-01 16:06:33.696  4019  4019 D ArtChoreographerMonitor: invoke error.
04-01 16:06:33.696  6976  8121 I NetBusNetworkMonitor: gateway=192.*.*.1
04-01 16:06:33.697  9449  9710 W Settings: Setting device_provisioned has moved from android.provider.Settings.Secure to android.provider.Settings.Global.
04-01 16:06:33.698  9449  9710 I JoyoseCloudControlManager3: network metered changed, network metered: false, deviceProvisioned: true, scAllowConn: true, try to setNetworkAccessEnabled: true
04-01 16:06:33.702  6976  8121 I NetBusNetworkMonitor: addConnectNetworkInterface mediumType:256, detail:NetworkDetailInfo{mIsConnected=false, mIsSupportTdls=true, mNetworkType=0, mIpAddress=192.*.*.140, mIfName=wlan0, mGateway=192.*.*.1, mNetmask=255.*.*.0, mSsid=F**C9}
04-01 16:06:33.702  6976  8121 I NetBusNetworkMonitor: onCapabilitiesChanged handle=471557132301, mediumType=256, ifName=wlan0
04-01 16:06:33.705 18449 18499 I BugleRcsEngine: handleMessage processing message:[NOTIFY_UPTIME_IGNORE_STATE_CHANGED] with [non-null]:RcsEngineImpl reference [CONTEXT log_prefix="RcsEngineImpl[DUAL_REG]:[3cf2e2d2-8d57]>Handler" thread_id=98 ]
04-01 16:06:33.705 18449 18488 I BugleRcsEngine: Connected state: [1], networkType: [WIFI] [CONTEXT thread_id=90 ]
04-01 16:06:33.705 18449 18499 I BugleRcsEngine: Cannot use CS.apk as it's battery optimized [CONTEXT thread_id=98 ]
04-01 16:06:33.710  1931  4157 I ClipboardServiceI: checkProviderWakePathForClipboard: primaryClip is null
04-01 16:06:33.710  1931  4157 I SmartPower: com.google.android.apps.messaging/10167(18300): idle->background(3039ms) R(content provider start ContentProviderRecord{73b4454 u0 com.google.android.apps.messaging/.shared.datamodel.provider.sharedstorage.SharedStorageProvider}) adj=200.
04-01 16:06:33.712 18449 18499 I BugleRcsEngine: Rcs is enabled from user settings: true [CONTEXT log_prefix="ProvisioningEngineDataRetriever" thread_id=98 ]
04-01 16:06:33.815  1931  2916 I MiuiNetworkPolicy: updateUidState uid = 10118, uidState = 19
04-01 16:06:33.869  4019  4019 D ArtChoreographerMonitor: invoke error.
04-01 16:06:33.954  1931 18150 I AppSearchIcing: icing-search-engine.cc:2327: Persisting data to disk with mode 3
04-01 16:06:33.974  1931 18150 I AppSearchIcing: icing-search-engine.cc:2340: PersistToDisk completed.
04-01 16:06:34.204  4883 12603 I NearbySharing: Network state changed: NetworkState(isRestricted=false, isOnline=true, isCongested=false, isMetered=false, isWifiConnected=true)
04-01 16:06:34.239  1931  6074 I SmartPower: com.google.android.gms/10163(5288): idle->background(3358ms) R(service unbind com.google.android.gms/.chimera.GmsInternalBoundBrokerService) adj=600.
04-01 16:06:34.240  5288  5288 D BoundBrokerSvc: onUnbind: Intent { act=com.google.android.gms.common.BIND_SHARED_PREFS pkg=com.google.android.gms }
04-01 16:06:34.592  1931  4128 D SLM-SRV-SLAService: checktemp temperature = 30647 temperature_average = 30033 isPerformanceMode = false thermal_enable_slm = true
04-01 16:06:34.653 15909 17072 V U.Notification: Posting new notification, elapsed=16075
04-01 16:06:35.352  1931  4157 D ActivityManager: checkAllowBackground: uid=10191 pkg=com.google.android.apps.photos rec=UidRecord{12c5108 u0a191 CEM  bg:+1h54m55s599ms idle change:procadj procs:0 seq(304724,201477)} caps=------ always=false idle=true
04-01 16:06:35.361  1931  2916 I MiuiNetworkPolicy: updateUidState uid = 10191, uidState = 8
04-01 16:06:35.364  1931  4157 I SmartPower: com.google.android.apps.photos/10191(21547): idle->background(40079ms) R(service create com.google.android.apps.photos/androidx.work.impl.background.systemjob.SystemJobService) adj=0.
04-01 16:06:35.367  1931  4157 I whetstone.activity: Power Event callback listener is empty for resId=256
