04-01 16:02:49.276  1931  2916 I MiuiNetworkPolicy: getEnableLimitTimeout when thermal mode is:0
04-01 16:02:49.576 15909 17072 V U.Notification: Posting new notification, elapsed=16066
04-01 16:02:49.813 20316 20376 E msys    : E[N WCIHTTPImplNetworkSession]WCIHTTPTaskImplCreateRegular(556)=>[I] http/task/regular/create/start
04-01 16:02:49.813 20316 20376 E msys    : E[N WCIHTTPImplNetworkSession]WCIHTTPTaskImplCreateRegular(591)=>[I] http/task/regular/create/execute
04-01 16:02:49.814 20316 20376 E msys    : E[N WCIHTTPImplNetworkSession]WCIHTTPTaskImplCreateRegular(614)=>[I] http/task/regular/create/success
04-01 16:02:50.137  1899  1899 I wificond: station_bandwidth: P
04-01 16:02:50.581 23046 23046 I Capacitor/Console: File:  - Line 349 - Msg: [object Object]
04-01 16:02:50.581 23046 23046 V Capacitor/Plugin: To native (Capacitor plugin): callbackId: 97311489, pluginId: ScreenTime, methodName: consumePendingNavigation
04-01 16:02:50.582 23046 23046 V Capacitor: callback: 97311489, pluginId: ScreenTime, methodName: consumePendingNavigation, methodData: {}
04-01 16:02:50.583 23046 23143 D BlearnScreenTime: consume_pending_navigation_empty
04-01 16:02:50.586  1413  2768 D MI-SF   : mIsSupportAutomodeForMaxFpsSetting is 0(0), getCurrentBrightness() = 764(328), mIsKeepAutoMode 0
04-01 16:02:50.586  1413  2768 D RefreshRateSelector: fixedMode_group: 0, isFindModeGroup 0
04-01 16:02:50.586  1413  2768 D RefreshRateSelector: find max refresh rate:120, mode Group:0
04-01 16:02:50.586  1254  1254 E vendor.qti.hardware.perf@2.2-service: Unknown params
04-01 16:02:50.587  1254  1254 E vendor.qti.hardware.perf@2.2-service: Unknown params
04-01 16:02:50.595  1246  1496 I SDM     : HWDeviceDRM::UpdateMixerAttributes: Mixer WxH 1080x2400-0 for Peripheral
04-01 16:02:50.595  1246  1496 I SDM     : HWCDisplay::SubmitDisplayConfig: Active configuration changed to: 0
04-01 16:02:50.624  1413  1413 D MI-SF   : mIsSupportAutomodeForMaxFpsSetting is 0(0), getCurrentBrightness() = 764(328), mIsKeepAutoMode 0
04-01 16:02:50.624  1413  1413 D RefreshRateSelector: fixedMode_group: 0, isFindModeGroup 0
04-01 16:02:50.624  1413  1413 D RefreshRateSelector: find max refresh rate:120, mode Group:0
04-01 16:02:50.958 23046 23046 I Capacitor/Console: File:  - Line 333 - Msg: undefined
04-01 16:02:50.976  1254  1254 E vendor.qti.hardware.perf@2.2-service: Unknown params
04-01 16:02:51.283  1109  5528 I vendor.qti.bluetooth@1.0-ibs_handler: ProcessIbsCmd: Received IBS_WAKE_IND: 0xFD
04-01 16:02:51.283  1109  5528 D vendor.qti.bluetooth@1.0-ibs_handler: SerialClockVote: vote for UART CLK ON
04-01 16:02:51.284  1109  5528 D vendor.qti.bluetooth@1.0-wake_lock: Acquire wakelock is acquired 
04-01 16:02:51.284  1109  5528 I vendor.qti.bluetooth@1.0-ibs_handler: ProcessIbsCmd: Writing IBS_WAKE_ACK
04-01 16:02:51.286  4969  5531 I bt_stack: [INFO:btm_ble_gap.cc(3528)] btm_ble_process_adv_pkt_cont Data Complete 7f:23:b6:78:e3:70
04-01 16:02:51.286  4969  5531 I bt_stack: [INFO:btm_ble_gap.cc(3528)] btm_ble_process_adv_pkt_cont Data Complete 7f:23:b6:78:e3:70
04-01 16:02:51.286  4969  5531 D bt_btm_ble: bool parse_adv_audio_uuids_from_adv_pkt(const uint8_t *, size_t, uint8_t): tmap_cap_pts: false
04-01 16:02:51.287  4969  5244 D BluetoothRemoteDevices:  getMappingAddr null
04-01 16:02:51.287  4969  5244 D BluetoothAdapterService: getIdentityAddress null retruning 7F:23:B6:78:E3:70
04-01 16:02:51.292  4883 15229 I NearbyDiscovery: (REDACTED) BloomFilterAdvManager: Detected bloom filter but too far away, ignoring. %sm, %s
04-01 16:02:51.325  1109  5528 I vendor.qti.bluetooth@1.0-ibs_handler: ProcessIbsCmd: Received IBS_SLEEP_IND: 0xFE
04-01 16:02:51.325  1109  5528 D vendor.qti.bluetooth@1.0-ibs_handler: SerialClockVote: vote for UART CLK OFF
04-01 16:02:51.476  1109  5267 D vendor.qti.bluetooth@1.0-wake_lock: Release wakelock is released 
04-01 16:02:51.586  1254  1254 E vendor.qti.hardware.perf@2.2-service: Unknown params
04-01 16:02:52.484  1931  2335 D HeapUsage Monitor: HeapAllocSize : 114MB; monitorSize : 500MB
04-01 16:02:53.151  1899  1899 I wificond: station_bandwidth: P
04-01 16:02:54.412  1931  4128 D SLM-SRV-SLAService: checktemp temperature = 30291 temperature_average = 29679 isPerformanceMode = false thermal_enable_slm = true
04-01 16:02:56.166  1899  1899 I wificond: station_bandwidth: P
04-01 16:02:56.173  1931  2950 D ConnectivityService: NetReassign [no changes] [c 1] [a 0] [i 3]
04-01 16:02:56.585  1109  5528 I vendor.qti.bluetooth@1.0-ibs_handler: ProcessIbsCmd: Received IBS_WAKE_IND: 0xFD
04-01 16:02:56.585  1109  5528 D vendor.qti.bluetooth@1.0-ibs_handler: SerialClockVote: vote for UART CLK ON
04-01 16:02:56.586  1109  5528 D vendor.qti.bluetooth@1.0-wake_lock: Acquire wakelock is acquired 
04-01 16:02:56.586  1109  5528 I vendor.qti.bluetooth@1.0-ibs_handler: ProcessIbsCmd: Writing IBS_WAKE_ACK
04-01 16:02:56.588  4969  5531 I bt_stack: [INFO:btm_ble_gap.cc(3528)] btm_ble_process_adv_pkt_cont Data Complete 46:61:fd:16:0c:22
04-01 16:02:56.589  4969  5531 I bt_stack: [INFO:btm_ble_gap.cc(3528)] btm_ble_process_adv_pkt_cont Data Complete 46:61:fd:16:0c:22
04-01 16:02:56.589  4969  5531 D bt_btm_ble: bool parse_adv_audio_uuids_from_adv_pkt(const uint8_t *, size_t, uint8_t): tmap_cap_pts: false
04-01 16:02:56.590  4969  5244 D BluetoothAdapterService: getIdentityAddress null retruning 46:61:FD:16:0C:22
04-01 16:02:56.594  1931  2001 D HighMemoryManager: Java Memory used=97M max=512M. is system: true
04-01 16:02:56.594  1931  2001 V HighMemoryManager: Check mem usage finished! Next check delay: 0
04-01 16:02:56.595  4883 15229 I NearbyDiscovery: (REDACTED) BloomFilterAdvManager: Detected bloom filter but too far away, ignoring. %sm, %s
04-01 16:02:56.604  4883 15229 I NearbyDiscovery: (REDACTED) %s
04-01 16:02:56.605  4883 15229 I NearbyDiscovery: (REDACTED) %s
04-01 16:02:56.606  4883 15229 I NearbyDiscovery: (REDACTED) %s
04-01 16:02:56.627  1109  5528 I vendor.qti.bluetooth@1.0-ibs_handler: ProcessIbsCmd: Received IBS_SLEEP_IND: 0xFE
04-01 16:02:56.627  1109  5528 D vendor.qti.bluetooth@1.0-ibs_handler: SerialClockVote: vote for UART CLK OFF
04-01 16:02:56.777  1109  5267 D vendor.qti.bluetooth@1.0-wake_lock: Release wakelock is released 
04-01 16:02:56.959 23046 23046 I Capacitor/Console: File:  - Line 349 - Msg: [object Object]
04-01 16:02:56.960 23046 23046 V Capacitor/Plugin: To native (Capacitor plugin): callbackId: 97311490, pluginId: ScreenTime, methodName: consumePendingNavigation
04-01 16:02:56.960 23046 23046 V Capacitor: callback: 97311490, pluginId: ScreenTime, methodName: consumePendingNavigation, methodData: {}
04-01 16:02:56.963 23046 23143 D BlearnScreenTime: consume_pending_navigation_empty
04-01 16:02:56.965 23046 23046 I Capacitor/Console: File:  - Line 333 - Msg: undefined
04-01 16:02:57.939  1109  5528 I vendor.qti.bluetooth@1.0-ibs_handler: ProcessIbsCmd: Received IBS_WAKE_IND: 0xFD
04-01 16:02:57.939  1109  5528 D vendor.qti.bluetooth@1.0-ibs_handler: SerialClockVote: vote for UART CLK ON
04-01 16:02:57.939  1109  5528 D vendor.qti.bluetooth@1.0-wake_lock: Acquire wakelock is acquired 
04-01 16:02:57.940  1109  5528 I vendor.qti.bluetooth@1.0-ibs_handler: ProcessIbsCmd: Writing IBS_WAKE_ACK
04-01 16:02:57.941  4969  5531 I bt_stack: [INFO:btm_ble_gap.cc(3528)] btm_ble_process_adv_pkt_cont Data Complete 7f:23:b6:78:e3:70
04-01 16:02:57.943  4969  5531 I bt_stack: [INFO:btm_ble_gap.cc(3528)] btm_ble_process_adv_pkt_cont Data Complete 7f:23:b6:78:e3:70
04-01 16:02:57.943  4969  5531 D bt_btm_ble: bool parse_adv_audio_uuids_from_adv_pkt(const uint8_t *, size_t, uint8_t): tmap_cap_pts: false
04-01 16:02:57.944  4969  5244 D BluetoothRemoteDevices:  getMappingAddr null
04-01 16:02:57.944  4969  5244 D BluetoothAdapterService: getIdentityAddress null retruning 7F:23:B6:78:E3:70
04-01 16:02:57.949  4883 15229 I NearbyDiscovery: (REDACTED) BloomFilterAdvManager: Detected bloom filter but too far away, ignoring. %sm, %s
04-01 16:02:57.981  1109  5528 I vendor.qti.bluetooth@1.0-ibs_handler: ProcessIbsCmd: Received IBS_SLEEP_IND: 0xFE
04-01 16:02:57.981  1109  5528 D vendor.qti.bluetooth@1.0-ibs_handler: SerialClockVote: vote for UART CLK OFF
04-01 16:02:58.131  1109  5267 D vendor.qti.bluetooth@1.0-wake_lock: Release wakelock is released 
04-01 16:02:59.179  1899  1899 I wificond: station_bandwidth: P
04-01 16:02:59.186  1931  2950 D ConnectivityService: NetReassign [no changes] [c 0] [a 1] [i 2]
04-01 16:02:59.229  1931  2844 W ProcessStats: Tracking association SourceState{4d7bf2a com.xiaomi.mi_connect_service/1000 Fgs #54967} whose proc state 3 is better than process ProcessState{9245394 com.miui.analytics/10094 pkg=com.miui.analytics} proc state 5 (5 skipped)
04-01 16:02:59.258  1109  5528 I vendor.qti.bluetooth@1.0-ibs_handler: ProcessIbsCmd: Received IBS_WAKE_IND: 0xFD
04-01 16:02:59.258  1109  5528 D vendor.qti.bluetooth@1.0-ibs_handler: SerialClockVote: vote for UART CLK ON
04-01 16:02:59.258  1109  5528 D vendor.qti.bluetooth@1.0-wake_lock: Acquire wakelock is acquired 
04-01 16:02:59.258  1109  5528 I vendor.qti.bluetooth@1.0-ibs_handler: ProcessIbsCmd: Writing IBS_WAKE_ACK
04-01 16:02:59.260  4969  5531 I bt_stack: [INFO:btm_ble_gap.cc(3528)] btm_ble_process_adv_pkt_cont Data Complete 7f:23:b6:78:e3:70
04-01 16:02:59.261  4969  5531 I bt_stack: [INFO:btm_ble_gap.cc(3528)] btm_ble_process_adv_pkt_cont Data Complete 7f:23:b6:78:e3:70
04-01 16:02:59.261  4969  5531 D bt_btm_ble: bool parse_adv_audio_uuids_from_adv_pkt(const uint8_t *, size_t, uint8_t): tmap_cap_pts: false
04-01 16:02:59.262  4969  5244 D BluetoothRemoteDevices:  getMappingAddr null
04-01 16:02:59.262  4969  5244 D BluetoothAdapterService: getIdentityAddress null retruning 7F:23:B6:78:E3:70
04-01 16:02:59.281  4883 15229 I NearbyDiscovery: (REDACTED) BloomFilterAdvManager: Detected bloom filter but too far away, ignoring. %sm, %s
04-01 16:02:59.300  1109  5528 I vendor.qti.bluetooth@1.0-ibs_handler: ProcessIbsCmd: Received IBS_SLEEP_IND: 0xFE
04-01 16:02:59.300  1109  5528 D vendor.qti.bluetooth@1.0-ibs_handler: SerialClockVote: vote for UART CLK OFF
04-01 16:02:59.450  1109  5267 D vendor.qti.bluetooth@1.0-wake_lock: Release wakelock is released 
04-01 16:02:59.661  1931  2861 W ActivityManagerServiceImpl: Sending non-protected broadcast miui.extm.action.mark from system uid 1000 pkg android. Callers=com.android.server.am.ActivityManagerService.checkBroadcastFromSystem:15246 com.android.server.am.ActivityManagerService.broadcastIntentLockedTraced:16076 com.android.server.am.ActivityManagerService.broadcastIntentLocked:15304 com.android.server.am.ActivityManagerService.broadcastIntentInPackage:16309 com.android.server.am.ActivityManagerService$LocalService.broadcastIntentInPackage:19055 
04-01 16:02:59.661  1931  2861 D AlarmManager: mBroadcastRefCount -> 1
04-01 16:02:59.669  1931  1931 I ExtM    : mark duration up to 2m , try to mark.
04-01 16:02:59.669  1931  1931 D MFZ     : Start Mark
04-01 16:02:59.670  1931  3768 D ExtM    : Start marking ...
04-01 16:02:59.671  1931  3768 W ExtM    : Mark thread start 
04-01 16:02:59.673   677 23785 D vold    : mark task started
04-01 16:02:59.677 23787 23787 D vold    :  mark Pid = 23787
04-01 16:02:59.678 23787 23787 E vold    : maxCpuFreq=2400000
04-01 16:02:59.678 23787 23787 E vold    : maxCpuFreq=2400000
04-01 16:02:59.678 23787 23787 D vold    : set cpu affinity policy success
04-01 16:02:59.745  1931  1931 D MFZ     : Mark Finshed ! idle_stats: 4 1310 19 125 48 2387 52 24 709 80200
04-01 16:02:59.746  1931  1931 D ActivityManager: checkAllowBackground: uid=1000 pkg=android rec=UidRecord{32d667d 1000 PER  fgServices allowlist change:procadj procs:0 seq(301390,297765)} caps=LCMNFU always=false idle=false
04-01 16:02:59.746  1931  1931 E FileUtils: err write to mi_exception_log
04-01 16:02:59.746  1931  1931 D AlarmManager: mBroadcastRefCount -> 0
04-01 16:02:59.746  1931  1931 D AlarmManager: mPendingIntent -> PendingIntent{ee84159: PendingIntentRecord{7d26cc1 android broadcastIntent}}
04-01 16:02:59.805 23787 23787 D vold    :  success write all > /sys/block/zram0/idle
04-01 16:03:00.000  1931  2861 D ActivityManager: checkAllowBackground: uid=1000 pkg=android rec=UidRecord{32d667d 1000 PER  fgServices allowlist change:procadj procs:0 seq(301390,297765)} caps=LCMNFU always=false idle=false
04-01 16:03:00.001  1931  2861 D AlarmManager: mBroadcastRefCount -> 1
04-01 16:03:00.005  1931  1931 D AlarmManager: mBroadcastRefCount -> 0
04-01 16:03:00.005  1931  1931 D AlarmManager: mPendingIntent -> null
04-01 16:03:00.005  4019  4019 D MiuiClockController: fixed clock timezone, clockTimezone is null mCurrentTimezone is Europe/Paris
04-01 16:03:00.006  4019  4019 I MiuiDualClock: update local timeZone:Europe/Paris
04-01 16:03:00.006  4019  4019 D MiuiDualClock: miui dual clock time update: 16:03
04-01 16:03:00.007  4019  4019 D MiuiDualClock: miui dual clock time update: 16:03
04-01 16:03:00.007  4019  4019 D MiuiClockController: Listener updateTime
04-01 16:03:00.008  4019  4019 D MiuiDualClock: miui dual clock time update: 16:03
04-01 16:03:00.008  4019  4019 D MiuiDualClock: miui dual clock time update: 16:03
04-01 16:03:00.008  4019  4019 E AnimationHelper: updateTime mToAod:false mHasNotification: true, mClockType: dual
04-01 16:03:00.009  4019  4019 D MiuiDualClock: miui dual clock time update: 16:03
04-01 16:03:00.010  4019  4019 D MiuiDualClock: miui dual clock time update: 16:03
04-01 16:03:00.012  4019  4019 D ArtChoreographerMonitor: invoke error.
04-01 16:03:00.013  1931  3801 I ClipboardServiceI: checkProviderWakePathForClipboard: primaryClip is null
04-01 16:03:00.018  4019 13505 I MiuiDualClock: get city name: Paris, from: content://com.android.settings.provider.MiuiSettingsDataProvider/zone_info
04-01 16:03:00.176   677 23785 D vold    : mark process has been finished in normal with status: 0
04-01 16:03:00.176   677 23785 D vold    :  listener->onFinished 
04-01 16:03:00.176  1931  3801 W ExtM    : Mark finished with status: 0
04-01 16:03:00.201  4019  4019 D ArtChoreographerMonitor: invoke error.
04-01 16:03:02.193  1899  1899 I wificond: station_bandwidth: P
04-01 16:03:02.203 15991 15991 W JobService: onNetworkChanged() not implemented in androidx.work.impl.background.systemjob.SystemJobService. Must override in a subclass.
04-01 16:03:02.209  1931  4085 I NetworkBoostStatusManager: handle: 102
04-01 16:03:02.210  1931  4085 I NetworkBoostStatusManager: interfaceOnCapabilitiesChanged interface name:wlan0
04-01 16:03:02.210  1931  4085 I NetworkBoostStatusManager: handle: 104
04-01 16:03:02.210  1931  4085 I NetworkBoostStatusManager: SmartDNS onAvailable WIFI master.
04-01 16:03:02.218  9449  9710 W Settings: Setting device_provisioned has moved from android.provider.Settings.Secure to android.provider.Settings.Global.
04-01 16:03:02.224  1931  2950 D ConnectivityService: NetReassign [no changes] [c 0] [a 0] [i 0]
04-01 16:03:02.230  6976  8121 I NetBusNetworkMonitor: onCapabilitiesChanged isPrimary = true
04-01 16:03:02.234  6976  8121 I NetBusNetworkMonitor: gateway=192.*.*.1
04-01 16:03:02.240  6976  8121 I NetBusNetworkMonitor: addConnectNetworkInterface mediumType:256, detail:NetworkDetailInfo{mIsConnected=false, mIsSupportTdls=true, mNetworkType=0, mIpAddress=192.*.*.140, mIfName=wlan0, mGateway=192.*.*.1, mNetmask=255.*.*.0, mSsid=F**C9}
04-01 16:03:02.240  6976  8121 I NetBusNetworkMonitor: onCapabilitiesChanged handle=471557132301, mediumType=256, ifName=wlan0
04-01 16:03:02.241  1931  4085 I NetworkBoostStatusManager: SmartDNS push DnsReslover a relationship, netid 109 name "Flybox-82C9"
04-01 16:03:02.257  9449  9710 I JoyoseCloudControlManager3: network metered changed, network metered: false, deviceProvisioned: true, scAllowConn: true, try to setNetworkAccessEnabled: true
04-01 16:03:02.259  1931  4085 W System.err: java.lang.NoSuchMethodException: android.net.ConnectivityManager.setResloverInterfaceIdAndNetid [int, class java.lang.String]
04-01 16:03:02.259  1931  4085 W System.err: 	at java.lang.Class.getMethod(Class.java:2934)
04-01 16:03:02.259  1931  4085 W System.err: 	at java.lang.Class.getDeclaredMethod(Class.java:2913)
04-01 16:03:02.259  1931  4085 W System.err: 	at com.xiaomi.NetworkBoost.StatusManager.setResloverInterfaceIdAndNetid(StatusManager.java:1651)
04-01 16:03:02.259  1931  4085 W System.err: 	at com.xiaomi.NetworkBoost.StatusManager.setSmartDNSInterface(StatusManager.java:1616)
04-01 16:03:02.259  1931  4085 W System.err: 	at com.xiaomi.NetworkBoost.StatusManager.-$$Nest$msetSmartDNSInterface(Unknown Source:0)
04-01 16:03:02.259  1931  4085 W System.err: 	at com.xiaomi.NetworkBoost.StatusManager$InternalHandler.handleMessage(StatusManager.java:591)
04-01 16:03:02.259  1931  4085 W System.err: 	at android.os.Handler.dispatchMessage(Handler.java:106)
04-01 16:03:02.259  1931  4085 W System.err: 	at android.os.Looper.loopOnce(Looper.java:222)
04-01 16:03:02.259  1931  4085 W System.err: 	at android.os.Looper.loop(Looper.java:314)
04-01 16:03:02.259  1931  4085 W System.err: 	at android.os.HandlerThread.run(HandlerThread.java:67)
04-01 16:03:02.270 18449 18499 I BugleRcsEngine: handleMessage processing message:[NOTIFY_UPTIME_IGNORE_STATE_CHANGED] with [non-null]:RcsEngineImpl reference [CONTEXT log_prefix="RcsEngineImpl[DUAL_REG]:[3cf2e2d2-8d57]>Handler" thread_id=98 ]
04-01 16:03:02.270 18449 18488 I BugleRcsEngine: Connected state: [1], networkType: [WIFI] [CONTEXT thread_id=90 ]
04-01 16:03:02.273 18449 18499 I BugleRcsEngine: Cannot use CS.apk as it's battery optimized [CONTEXT thread_id=98 ]
04-01 16:03:02.277  1931  2384 I ExtM    : zram userate is low, no need to flush: 27
04-01 16:03:02.278  1931  4157 I ClipboardServiceI: checkProviderWakePathForClipboard: primaryClip is null
04-01 16:03:02.278  1931  4157 I SmartPower: com.google.android.apps.messaging/10167(18300): idle->background(278457ms) R(content provider start ContentProviderRecord{73b4454 u0 com.google.android.apps.messaging/.shared.datamodel.provider.sharedstorage.SharedStorageProvider}) adj=200.
04-01 16:03:02.313 18449 18499 I BugleRcsEngine: Rcs is enabled from user settings: true [CONTEXT log_prefix="ProvisioningEngineDataRetriever" thread_id=98 ]
04-01 16:03:02.731  4883 12603 I NearbySharing: Network state changed: NetworkState(isRestricted=false, isOnline=true, isCongested=false, isMetered=false, isWifiConnected=true)
04-01 16:03:02.972 23046 23046 I Capacitor/Console: File:  - Line 349 - Msg: [object Object]
04-01 16:03:02.973 23046 23046 V Capacitor/Plugin: To native (Capacitor plugin): callbackId: 97311491, pluginId: ScreenTime, methodName: consumePendingNavigation
04-01 16:03:02.973 23046 23046 V Capacitor: callback: 97311491, pluginId: ScreenTime, methodName: consumePendingNavigation, methodData: {}
04-01 16:03:02.974 23046 23143 D BlearnScreenTime: consume_pending_navigation_empty
04-01 16:03:03.002 23046 23046 I Capacitor/Console: File:  - Line 333 - Msg: undefined
04-01 16:03:03.208  1254  1254 E vendor.qti.hardware.perf@2.2-service: Unknown params
04-01 16:03:04.416  1931  4128 D SLM-SRV-SLAService: checktemp temperature = 30379 temperature_average = 29918 isPerformanceMode = false thermal_enable_slm = true
04-01 16:03:04.657 23046 23046 E Capacitor/Console: File: https://localhost/assets/firebase-shared-u_kSYnvb.js - Line 225 - Msg: [2026-04-01T14:03:04.655Z]  @firebase/firestore: Firestore (12.10.0): FirebaseError: [code=resource-exhausted]: Write stream exhausted maximum allowed queued writes.
04-01 16:03:04.657 23046 23046 E Capacitor/Console: File: https://localhost/assets/firebase-shared-u_kSYnvb.js - Line 225 - Msg: [2026-04-01T14:03:04.655Z]  @firebase/firestore: Firestore (12.10.0): Using maximum backoff delay to prevent overloading the backend.
04-01 16:03:04.809 15909 16253 I S.FlushReqestGen: Queueing async flush of data to disk for 2 listeners.
04-01 16:03:04.837 15909 16060 I S.FlushReqestGen: Async flush done.
04-01 16:03:04.838 15909 16060 D U/AsyncTaskHelper: r8lambdaeKjHpdWvaEhsTIzu7XkVhl4aiT4$3@b430007 finished, thread=ATH-3. Queue time: 0ms. Run real=28 cpu=17 ms
04-01 16:03:05.210  1899  1899 I wificond: station_bandwidth: P
04-01 16:03:05.215 15991 15991 W JobService: onNetworkChanged() not implemented in androidx.work.impl.background.systemjob.SystemJobService. Must override in a subclass.
04-01 16:03:05.216  1931  4085 I NetworkBoostStatusManager: handle: 102
04-01 16:03:05.216  1931  4085 I NetworkBoostStatusManager: interfaceOnCapabilitiesChanged interface name:wlan0
04-01 16:03:05.217  1931  4085 I NetworkBoostStatusManager: handle: 104
04-01 16:03:05.217  1931  4085 I NetworkBoostStatusManager: SmartDNS onAvailable WIFI master.
04-01 16:03:05.217  1931  4085 I NetworkBoostStatusManager: SmartDNS push DnsReslover a relationship, netid 109 name "Flybox-82C9"
04-01 16:03:05.218  1931  4085 W System.err: java.lang.NoSuchMethodException: android.net.ConnectivityManager.setResloverInterfaceIdAndNetid [int, class java.lang.String]
04-01 16:03:05.218  1931  4085 W System.err: 	at java.lang.Class.getMethod(Class.java:2934)
04-01 16:03:05.218  1931  4085 W System.err: 	at java.lang.Class.getDeclaredMethod(Class.java:2913)
04-01 16:03:05.218  1931  4085 W System.err: 	at com.xiaomi.NetworkBoost.StatusManager.setResloverInterfaceIdAndNetid(StatusManager.java:1651)
04-01 16:03:05.218  1931  4085 W System.err: 	at com.xiaomi.NetworkBoost.StatusManager.setSmartDNSInterface(StatusManager.java:1616)
04-01 16:03:05.218  1931  4085 W System.err: 	at com.xiaomi.NetworkBoost.StatusManager.-$$Nest$msetSmartDNSInterface(Unknown Source:0)
04-01 16:03:05.219  1931  4085 W System.err: 	at com.xiaomi.NetworkBoost.StatusManager$InternalHandler.handleMessage(StatusManager.java:591)
04-01 16:03:05.219  1931  4085 W System.err: 	at android.os.Handler.dispatchMessage(Handler.java:106)
04-01 16:03:05.219  1931  4085 W System.err: 	at android.os.Looper.loopOnce(Looper.java:222)
04-01 16:03:05.219  1931  4085 W System.err: 	at android.os.Looper.loop(Looper.java:314)
04-01 16:03:05.219  1931  4085 W System.err: 	at android.os.HandlerThread.run(HandlerThread.java:67)
04-01 16:03:05.224  9449  9710 W Settings: Setting device_provisioned has moved from android.provider.Settings.Secure to android.provider.Settings.Global.
04-01 16:03:05.225  9449  9710 I JoyoseCloudControlManager3: network metered changed, network metered: false, deviceProvisioned: true, scAllowConn: true, try to setNetworkAccessEnabled: true
04-01 16:03:05.225  6976  8121 I NetBusNetworkMonitor: onCapabilitiesChanged isPrimary = true
04-01 16:03:05.226  6976  8121 I NetBusNetworkMonitor: gateway=192.*.*.1
04-01 16:03:05.233 18449 18488 I BugleRcsEngine: Connected state: [1], networkType: [WIFI] [CONTEXT thread_id=90 ]
04-01 16:03:05.233 18449 18499 I BugleRcsEngine: handleMessage processing message:[NOTIFY_UPTIME_IGNORE_STATE_CHANGED] with [non-null]:RcsEngineImpl reference [CONTEXT log_prefix="RcsEngineImpl[DUAL_REG]:[3cf2e2d2-8d57]>Handler" thread_id=98 ]
04-01 16:03:05.233  6976  8121 I NetBusNetworkMonitor: addConnectNetworkInterface mediumType:256, detail:NetworkDetailInfo{mIsConnected=false, mIsSupportTdls=true, mNetworkType=0, mIpAddress=192.*.*.140, mIfName=wlan0, mGateway=192.*.*.1, mNetmask=255.*.*.0, mSsid=F**C9}
04-01 16:03:05.234  6976  8121 I NetBusNetworkMonitor: onCapabilitiesChanged handle=471557132301, mediumType=256, ifName=wlan0
04-01 16:03:05.234 18449 18499 I BugleRcsEngine: Cannot use CS.apk as it's battery optimized [CONTEXT thread_id=98 ]
04-01 16:03:05.235  1931  4157 I ClipboardServiceI: checkProviderWakePathForClipboard: primaryClip is null
04-01 16:03:05.241 18449 18499 I BugleRcsEngine: Rcs is enabled from user settings: true [CONTEXT log_prefix="ProvisioningEngineDataRetriever" thread_id=98 ]
04-01 16:03:05.279  1931  3244 I SmartPower: com.google.android.apps.messaging/10167(18300): background->idle(3000ms) R(content provider start ContentProviderRecord{73b4454 u0 com.google.android.apps.messaging/.shared.datamodel.provider.sharedstorage.SharedStorageProvider}) adj=200.
04-01 16:03:05.289  1931  2384 I ExtM    : zram userate is low, no need to flush: 27
04-01 16:03:05.643 15909 17072 V U.Notification: Posting new notification, elapsed=16067
04-01 16:03:05.648  1157  3401 I sensors-hal: handle_sns_std_sensor_event:57, light_event: ts=28055137964385, lux: 287.0, extra_info=22298 
04-01 16:03:05.729  4883 12603 I NearbySharing: Network state changed: NetworkState(isRestricted=false, isOnline=true, isCongested=false, isMetered=false, isWifiConnected=true)
04-01 16:03:06.168  1254  1254 E vendor.qti.hardware.perf@2.2-service: Unknown params
04-01 16:03:06.170  1254  1254 E vendor.qti.hardware.perf@2.2-service: Unknown params
04-01 16:03:06.174  1246  1496 I SDM     : HWDeviceDRM::UpdateMixerAttributes: Mixer WxH 1080x2400-0 for Peripheral
04-01 16:03:06.174  1246  1496 I SDM     : HWCDisplay::SubmitDisplayConfig: Active configuration changed to: 2
04-01 16:03:07.115  1109  5528 I vendor.qti.bluetooth@1.0-ibs_handler: ProcessIbsCmd: Received IBS_WAKE_IND: 0xFD
04-01 16:03:07.115  1109  5528 D vendor.qti.bluetooth@1.0-ibs_handler: SerialClockVote: vote for UART CLK ON
04-01 16:03:07.116  1109  5528 D vendor.qti.bluetooth@1.0-wake_lock: Acquire wakelock is acquired 
04-01 16:03:07.116  1109  5528 I vendor.qti.bluetooth@1.0-ibs_handler: ProcessIbsCmd: Writing IBS_WAKE_ACK
04-01 16:03:07.118  4969  5531 I bt_stack: [INFO:btm_ble_gap.cc(3528)] btm_ble_process_adv_pkt_cont Data Complete 7f:23:b6:78:e3:70
04-01 16:03:07.118  4969  5531 I bt_stack: [INFO:btm_ble_gap.cc(3528)] btm_ble_process_adv_pkt_cont Data Complete 7f:23:b6:78:e3:70
04-01 16:03:07.118  4969  5531 D bt_btm_ble: bool parse_adv_audio_uuids_from_adv_pkt(const uint8_t *, size_t, uint8_t): tmap_cap_pts: false
04-01 16:03:07.120  4969  5244 D BluetoothRemoteDevices:  getMappingAddr null
04-01 16:03:07.120  4969  5244 D BluetoothAdapterService: getIdentityAddress null retruning 7F:23:B6:78:E3:70
04-01 16:03:07.124  4883 15229 I NearbyDiscovery: (REDACTED) BloomFilterAdvManager: Detected bloom filter but too far away, ignoring. %sm, %s
04-01 16:03:07.125  4883 23533 I NearbyDiscovery: (REDACTED) loadFastPairModule: checkFeaturesAreAvailable:%d
04-01 16:03:07.125  4883 23533 I NearbyDiscovery: loadFastPairModule: FastPair module is downloaded. [CONTEXT service_id=265 ]
04-01 16:03:07.157  1109  5528 I vendor.qti.bluetooth@1.0-ibs_handler: ProcessIbsCmd: Received IBS_SLEEP_IND: 0xFE
04-01 16:03:07.157  1109  5528 D vendor.qti.bluetooth@1.0-ibs_handler: SerialClockVote: vote for UART CLK OFF
04-01 16:03:07.307  1109  5267 D vendor.qti.bluetooth@1.0-wake_lock: Release wakelock is released 
04-01 16:03:07.923  1109  5528 I vendor.qti.bluetooth@1.0-ibs_handler: ProcessIbsCmd: Received IBS_WAKE_IND: 0xFD
04-01 16:03:07.924  1109  5528 D vendor.qti.bluetooth@1.0-ibs_handler: SerialClockVote: vote for UART CLK ON
04-01 16:03:07.924  1109  5528 D vendor.qti.bluetooth@1.0-wake_lock: Acquire wakelock is acquired 
04-01 16:03:07.924  1109  5528 I vendor.qti.bluetooth@1.0-ibs_handler: ProcessIbsCmd: Writing IBS_WAKE_ACK
04-01 16:03:07.926  4969  5531 I bt_stack: [INFO:btm_ble_gap.cc(3528)] btm_ble_process_adv_pkt_cont Data Complete 7f:23:b6:78:e3:70
04-01 16:03:07.926  4969  5531 I bt_stack: [INFO:btm_ble_gap.cc(3528)] btm_ble_process_adv_pkt_cont Data Complete 7f:23:b6:78:e3:70
04-01 16:03:07.926  4969  5531 D bt_btm_ble: bool parse_adv_audio_uuids_from_adv_pkt(const uint8_t *, size_t, uint8_t): tmap_cap_pts: false
04-01 16:03:07.927  4969  5244 D BluetoothRemoteDevices:  getMappingAddr null
04-01 16:03:07.927  4969  5244 D BluetoothAdapterService: getIdentityAddress null retruning 7F:23:B6:78:E3:70
04-01 16:03:07.931  4883 15229 I NearbyDiscovery: (REDACTED) BloomFilterAdvManager: Detected bloom filter but too far away, ignoring. %sm, %s
04-01 16:03:07.965  1109  5528 I vendor.qti.bluetooth@1.0-ibs_handler: ProcessIbsCmd: Received IBS_SLEEP_IND: 0xFE
04-01 16:03:07.965  1109  5528 D vendor.qti.bluetooth@1.0-ibs_handler: SerialClockVote: vote for UART CLK OFF
04-01 16:03:08.116  1109  5267 D vendor.qti.bluetooth@1.0-wake_lock: Release wakelock is released 
04-01 16:03:08.231  1899  1899 I wificond: station_bandwidth: P
04-01 16:03:08.237  4019  4019 D ArtChoreographerMonitor: invoke error.
04-01 16:03:08.240 15991 15991 W JobService: onNetworkChanged() not implemented in androidx.work.impl.background.systemjob.SystemJobService. Must override in a subclass.
04-01 16:03:08.246  1931  4085 I NetworkBoostStatusManager: handle: 102
04-01 16:03:08.246  1931  4085 I NetworkBoostStatusManager: interfaceOnCapabilitiesChanged interface name:wlan0
04-01 16:03:08.246  6976  8121 I NetBusNetworkMonitor: onCapabilitiesChanged isPrimary = true
04-01 16:03:08.246  9449  9710 W Settings: Setting device_provisioned has moved from android.provider.Settings.Secure to android.provider.Settings.Global.
04-01 16:03:08.246  9449  9710 I JoyoseCloudControlManager3: network metered changed, network metered: false, deviceProvisioned: true, scAllowConn: true, try to setNetworkAccessEnabled: true
04-01 16:03:08.246  1931  4085 I NetworkBoostStatusManager: handle: 104
04-01 16:03:08.247  1931  4085 I NetworkBoostStatusManager: SmartDNS onAvailable WIFI master.
04-01 16:03:08.247  1931  4085 I NetworkBoostStatusManager: SmartDNS push DnsReslover a relationship, netid 109 name "Flybox-82C9"
04-01 16:03:08.247  6976  8121 I NetBusNetworkMonitor: gateway=192.*.*.1
04-01 16:03:08.248  1931  4085 W System.err: java.lang.NoSuchMethodException: android.net.ConnectivityManager.setResloverInterfaceIdAndNetid [int, class java.lang.String]
04-01 16:03:08.248  1931  4085 W System.err: 	at java.lang.Class.getMethod(Class.java:2934)
04-01 16:03:08.248  1931  4085 W System.err: 	at java.lang.Class.getDeclaredMethod(Class.java:2913)
04-01 16:03:08.248  1931  4085 W System.err: 	at com.xiaomi.NetworkBoost.StatusManager.setResloverInterfaceIdAndNetid(StatusManager.java:1651)
04-01 16:03:08.248  1931  4085 W System.err: 	at com.xiaomi.NetworkBoost.StatusManager.setSmartDNSInterface(StatusManager.java:1616)
04-01 16:03:08.248  1931  4085 W System.err: 	at com.xiaomi.NetworkBoost.StatusManager.-$$Nest$msetSmartDNSInterface(Unknown Source:0)
04-01 16:03:08.248  1931  4085 W System.err: 	at com.xiaomi.NetworkBoost.StatusManager$InternalHandler.handleMessage(StatusManager.java:591)
04-01 16:03:08.248  1931  4085 W System.err: 	at android.os.Handler.dispatchMessage(Handler.java:106)
04-01 16:03:08.248  1931  4085 W System.err: 	at android.os.Looper.loopOnce(Looper.java:222)
04-01 16:03:08.248  1931  4085 W System.err: 	at android.os.Looper.loop(Looper.java:314)
04-01 16:03:08.248  1931  4085 W System.err: 	at android.os.HandlerThread.run(HandlerThread.java:67)
04-01 16:03:08.256 18449 18499 I BugleRcsEngine: handleMessage processing message:[NOTIFY_UPTIME_IGNORE_STATE_CHANGED] with [non-null]:RcsEngineImpl reference [CONTEXT log_prefix="RcsEngineImpl[DUAL_REG]:[3cf2e2d2-8d57]>Handler" thread_id=98 ]
04-01 16:03:08.257 18449 18499 I BugleRcsEngine: Cannot use CS.apk as it's battery optimized [CONTEXT thread_id=98 ]
04-01 16:03:08.257  6976  8121 I NetBusNetworkMonitor: addConnectNetworkInterface mediumType:256, detail:NetworkDetailInfo{mIsConnected=false, mIsSupportTdls=true, mNetworkType=0, mIpAddress=192.*.*.140, mIfName=wlan0, mGateway=192.*.*.1, mNetmask=255.*.*.0, mSsid=F**C9}
04-01 16:03:08.257  6976  8121 I NetBusNetworkMonitor: onCapabilitiesChanged handle=471557132301, mediumType=256, ifName=wlan0
04-01 16:03:08.258 18449 18488 I BugleRcsEngine: Connected state: [1], networkType: [WIFI] [CONTEXT thread_id=90 ]
04-01 16:03:08.258  1931  8587 I ClipboardServiceI: checkProviderWakePathForClipboard: primaryClip is null
04-01 16:03:08.258  1931  8587 I SmartPower: com.google.android.apps.messaging/10167(18300): idle->background(2980ms) R(content provider start ContentProviderRecord{73b4454 u0 com.google.android.apps.messaging/.shared.datamodel.provider.sharedstorage.SharedStorageProvider}) adj=200.
04-01 16:03:08.260  1254  1254 E vendor.qti.hardware.perf@2.2-service: Unknown params
04-01 16:03:08.263 18449 18499 I BugleRcsEngine: Rcs is enabled from user settings: true [CONTEXT log_prefix="ProvisioningEngineDataRetriever" thread_id=98 ]
04-01 16:03:08.264  1931  2950 D ConnectivityService: NetReassign [no changes] [c 0] [a 0] [i 2]
04-01 16:03:08.420  4019  4019 D ArtChoreographerMonitor: invoke error.
04-01 16:03:08.752  4883 21863 I NearbySharing: Network state changed: NetworkState(isRestricted=false, isOnline=true, isCongested=false, isMetered=false, isWifiConnected=true)
04-01 16:03:09.678  1931  2844 W ProcessStats: Tracking association SourceState{4d7bf2a com.xiaomi.mi_connect_service/1000 Fgs #54974} whose proc state 3 is better than process ProcessState{9245394 com.miui.analytics/10094 pkg=com.miui.analytics} proc state 5 (9 skipped)
04-01 16:03:11.012  1931  8587 I SmartPower: com.google.android.googlequicksearchbox:googleapp/10168(17673): idle->background(617845ms) R(service create com.google.android.googlequicksearchbox/com.google.frameworks.client.data.android.server.tiktok.search.GoogleappProcessEndpointService) adj=0.
04-01 16:03:11.012  1931  2916 I MiuiNetworkPolicy: updateUidState uid = 99011, uidState = 10
04-01 16:03:11.023 17673 17673 I fbzq    : (REDACTED) Created gRPC endpoint for service %s
04-01 16:03:11.030  1931  2916 I MiuiNetworkPolicy: updateUidState uid = 99011, uidState = 19
04-01 16:03:11.083  1931  8587 D FileUtils: Rounded bytes from 7539810304 to 8000000000
04-01 16:03:11.126 17618 18010 V ClearcutMetricXmitter: Transmission is done.
04-01 16:03:11.250  1899  1899 I wificond: station_bandwidth: P
04-01 16:03:11.257  4019  4019 D ArtChoreographerMonitor: invoke error.
04-01 16:03:11.260  1931  3244 I SmartPower: com.google.android.apps.messaging/10167(18300): background->idle(3001ms) R(content provider start ContentProviderRecord{73b4454 u0 com.google.android.apps.messaging/.shared.datamodel.provider.sharedstorage.SharedStorageProvider}) adj=200.
04-01 16:03:11.282  1254  1254 E vendor.qti.hardware.perf@2.2-service: Unknown params
04-01 16:03:11.435  4019  4019 D ArtChoreographerMonitor: invoke error.
04-01 16:03:11.785  3991  3991 D DynamicService:  ACTION_BATTERY_CHANGED change,USB plug = 2
04-01 16:03:11.786  3991  3991 D DynamicService_WifiBt:  ACTION_BATTERY_CHANGED change,USB plug = 2
04-01 16:03:11.794  1931  1931 D UiModeManager: updateConfigurationLocked: mDockState=0; mCarMode=false; mCar=false; mPowerSave=false; mOverrideNightModeOn=false; mOverrideNightModeOff=false; mComputedNightMode=true; mNightMode=2; uiMode=33
04-01 16:03:11.794  3977  3977 D QtiCarrierConfigHelper: WARNING, no carrier configs on phone Id: 1
04-01 16:03:11.796  3961  3961 D DeviceStatisticsService: onReceive: action= android.intent.action.BATTERY_CHANGED
04-01 16:03:11.797  6817  7165 D PowerCheckerService: onBatteryChanged, mBatteryLevel = 81, status = 2, level = 81, plug = 2, scale = 100
04-01 16:03:11.797  6817  8427 D PowerKeeper.Thermal: mBatteryTemperature: 28
04-01 16:03:11.798  6988  6988 I PowerUtils: getSurfaceTemprature temp: 30
04-01 16:03:11.798  6988  6988 I PowerSaveService: onReceive: android.intent.action.BATTERY_CHANGED
04-01 16:03:11.799  6988  6988 I PowerNoticeUI: handleBatteryChanged oldPlugType 2 mPlugType 2 oldBatteryLevel 81 mBatteryLevel 81 temperature 280
04-01 16:03:11.799  3961  3961 V DeviceStatisticsService: chargerType=2 batteryLevel=81 totalBatteryCapacity=3876500
04-01 16:03:11.799  3961  3961 D DeviceInfoHidlClient: isRadioOn()=true
04-01 16:03:11.799  3961  3961 I DeviceInfoHidlClient: isPowerInfoNeverSent=false batteryLevel=81 batteryLevelIndex=3 chargingMode=2 totalCapacity=3876500 powerSaveMode=false
04-01 16:03:11.799  6988  6988 I ChargerBatteryIntelligenceReceiver: onBatteryChanged temperature：28,plugType:2
04-01 16:03:11.801  6988 14868 I android_os_HwBinder: HwBinder: Starting thread pool for getting: vendor.xiaomi.hardware.micharge@1.0::IMiCharge/default
04-01 16:03:11.802  1285  1296 I vendor.xiaomi.hardware.micharge@1.0-service: ReadFilePathValue path = /sys/class/qcom-battery/night_charging value = 0
04-01 16:03:11.803  6988 14868 I ChargeProtectionUtils: getNightChargingState: 0
04-01 16:03:12.280  1931  2365 I SmartPower: com.facebook.appmanager/10141(10241): idle->background(56990ms) R(broadcast start Intent { act=android.intent.action.BATTERY_CHANGED flg=0x60000010 (has extras) }) adj=915.
04-01 16:03:12.282  1931  2365 I SmartPower: com.xiaomi.discover/10121(15017): idle->background(56989ms) R(broadcast start Intent { act=android.intent.action.BATTERY_CHANGED flg=0x60000010 (has extras) }) adj=905.
04-01 16:03:12.284  1931  2365 I SmartPower: com.android.chrome/10171(15878): idle->background(56990ms) R(broadcast start Intent { act=android.intent.action.BATTERY_CHANGED flg=0x60000010 (has extras) }) adj=905.
04-01 16:03:12.285  1931  2365 I SmartPower: com.digibites.accubattery/10422(15909): idle->background(56989ms) R(broadcast start Intent { act=android.intent.action.BATTERY_CHANGED flg=0x60000010 (has extras) }) adj=200.
04-01 16:03:12.287  1931  2365 I SmartPower: com.microsoft.teams/10242(17220): idle->background(56989ms) R(broadcast start Intent { act=android.intent.action.BATTERY_CHANGED flg=0x60000010 (has extras) }) adj=905.
04-01 16:03:12.289  1931  2365 I SmartPower: com.miui.android.fashiongallery/10229(22232): idle->background(56989ms) R(broadcast start Intent { act=android.intent.action.BATTERY_CHANGED flg=0x60000010 (has extras) }) adj=905.
04-01 16:03:13.062  1109  5528 I vendor.qti.bluetooth@1.0-ibs_handler: ProcessIbsCmd: Received IBS_WAKE_IND: 0xFD
04-01 16:03:13.062  1109  5528 D vendor.qti.bluetooth@1.0-ibs_handler: SerialClockVote: vote for UART CLK ON
04-01 16:03:13.063  1109  5528 D vendor.qti.bluetooth@1.0-wake_lock: Acquire wakelock is acquired 
04-01 16:03:13.063  1109  5528 I vendor.qti.bluetooth@1.0-ibs_handler: ProcessIbsCmd: Writing IBS_WAKE_ACK
04-01 16:03:13.065  4969  5531 I bt_stack: [INFO:btm_ble_gap.cc(3528)] btm_ble_process_adv_pkt_cont Data Complete 7f:23:b6:78:e3:70
04-01 16:03:13.065  4969  5531 I bt_stack: [INFO:btm_ble_gap.cc(3528)] btm_ble_process_adv_pkt_cont Data Complete 7f:23:b6:78:e3:70
04-01 16:03:13.065  4969  5531 D bt_btm_ble: bool parse_adv_audio_uuids_from_adv_pkt(const uint8_t *, size_t, uint8_t): tmap_cap_pts: false
04-01 16:03:13.066  4969  5244 D BluetoothRemoteDevices:  getMappingAddr null
04-01 16:03:13.066  4969  5244 D BluetoothAdapterService: getIdentityAddress null retruning 7F:23:B6:78:E3:70
04-01 16:03:13.072  4883 15229 I NearbyDiscovery: (REDACTED) BloomFilterAdvManager: Detected bloom filter but too far away, ignoring. %sm, %s
04-01 16:03:13.104  1109  5528 I vendor.qti.bluetooth@1.0-ibs_handler: ProcessIbsCmd: Received IBS_SLEEP_IND: 0xFE
04-01 16:03:13.104  1109  5528 D vendor.qti.bluetooth@1.0-ibs_handler: SerialClockVote: vote for UART CLK OFF
04-01 16:03:13.255  1109  5267 D vendor.qti.bluetooth@1.0-wake_lock: Release wakelock is released 
04-01 16:03:13.819  1109  5528 I vendor.qti.bluetooth@1.0-ibs_handler: ProcessIbsCmd: Received IBS_WAKE_IND: 0xFD
04-01 16:03:13.820  1109  5528 D vendor.qti.bluetooth@1.0-ibs_handler: SerialClockVote: vote for UART CLK ON
04-01 16:03:13.820  1109  5528 D vendor.qti.bluetooth@1.0-wake_lock: Acquire wakelock is acquired 
04-01 16:03:13.820  1109  5528 I vendor.qti.bluetooth@1.0-ibs_handler: ProcessIbsCmd: Writing IBS_WAKE_ACK
04-01 16:03:13.821  4969  5531 I bt_stack: [INFO:btm_ble_gap.cc(3528)] btm_ble_process_adv_pkt_cont Data Complete 46:61:fd:16:0c:22
04-01 16:03:13.822  4969  5531 I bt_stack: [INFO:btm_ble_gap.cc(3528)] btm_ble_process_adv_pkt_cont Data Complete 46:61:fd:16:0c:22
04-01 16:03:13.822  4969  5531 D bt_btm_ble: bool parse_adv_audio_uuids_from_adv_pkt(const uint8_t *, size_t, uint8_t): tmap_cap_pts: false
04-01 16:03:13.823  4969  5244 D BluetoothAdapterService: getIdentityAddress null retruning 46:61:FD:16:0C:22
04-01 16:03:13.828  4883 15229 I NearbyDiscovery: (REDACTED) BloomFilterAdvManager: Detected bloom filter but too far away, ignoring. %sm, %s
04-01 16:03:13.861  1109  5528 I vendor.qti.bluetooth@1.0-ibs_handler: ProcessIbsCmd: Received IBS_SLEEP_IND: 0xFE
04-01 16:03:13.861  1109  5528 D vendor.qti.bluetooth@1.0-ibs_handler: SerialClockVote: vote for UART CLK OFF
04-01 16:03:14.012  1109  5267 D vendor.qti.bluetooth@1.0-wake_lock: Release wakelock is released 
04-01 16:03:14.015  1931  3244 I SmartPower: com.google.android.googlequicksearchbox:googleapp/10168(17673): background->idle(3002ms) R(service create com.google.android.googlequicksearchbox/com.google.frameworks.client.data.android.server.tiktok.search.GoogleappProcessEndpointService) adj=800.
04-01 16:03:14.271  1899  1899 I wificond: station_bandwidth: P
04-01 16:03:14.277  4019  4019 D ArtChoreographerMonitor: invoke error.
04-01 16:03:14.279  1931  2916 D MiuiNetworkPolicy: updateLimit mLimitEnabled=true,enabled=false,mNetworkPriorityMode=255,mThermalForceMode=0
04-01 16:03:14.279  1931  2916 I MiuiNetworkPolicy: getDisableLimitTimeout when thermal mode is:0
04-01 16:03:14.281  1931  2950 D ConnectivityService: NetReassign [no changes] [c 1] [a 1] [i 4]
04-01 16:03:14.297  1254  1254 E vendor.qti.hardware.perf@2.2-service: Unknown params
04-01 16:03:14.424  1931  4128 D SLM-SRV-SLAService: checktemp temperature = 30754 temperature_average = 30146 isPerformanceMode = false thermal_enable_slm = true
04-01 16:03:14.453  4019  4019 D ArtChoreographerMonitor: invoke error.
04-01 16:03:15.048  1413  2768 D MI-SF   : mIsSupportAutomodeForMaxFpsSetting is 0(0), getCurrentBrightness() = 764(328), mIsKeepAutoMode 0
04-01 16:03:15.048  1413  2768 D RefreshRateSelector: fixedMode_group: 0, isFindModeGroup 0
04-01 16:03:15.048  1413  2768 D RefreshRateSelector: find max refresh rate:120, mode Group:0
04-01 16:03:15.049  1254  1254 E vendor.qti.hardware.perf@2.2-service: Unknown params
04-01 16:03:15.049  1254  1254 E vendor.qti.hardware.perf@2.2-service: Unknown params
04-01 16:03:15.054  1413  1413 D MI-SF   : mIsSupportAutomodeForMaxFpsSetting is 0(0), getCurrentBrightness() = 764(328), mIsKeepAutoMode 0
04-01 16:03:15.054  1413  1413 D RefreshRateSelector: fixedMode_group: 0, isFindModeGroup 0
04-01 16:03:15.054  1413  1413 D RefreshRateSelector: find max refresh rate:120, mode Group:0
04-01 16:03:15.057  1246  1496 I SDM     : HWDeviceDRM::UpdateMixerAttributes: Mixer WxH 1080x2400-0 for Peripheral
04-01 16:03:15.057  1246  1496 I SDM     : HWCDisplay::SubmitDisplayConfig: Active configuration changed to: 0
04-01 16:03:15.064  1109  5528 I vendor.qti.bluetooth@1.0-ibs_handler: ProcessIbsCmd: Received IBS_WAKE_IND: 0xFD
04-01 16:03:15.065  1109  5528 D vendor.qti.bluetooth@1.0-ibs_handler: SerialClockVote: vote for UART CLK ON
04-01 16:03:15.066  1109  5528 D vendor.qti.bluetooth@1.0-wake_lock: Acquire wakelock is acquired 
04-01 16:03:15.066  1109  5528 I vendor.qti.bluetooth@1.0-ibs_handler: ProcessIbsCmd: Writing IBS_WAKE_ACK
04-01 16:03:15.067  4969  5531 I bt_stack: [INFO:btm_ble_gap.cc(3528)] btm_ble_process_adv_pkt_cont Data Complete 7f:23:b6:78:e3:70
04-01 16:03:15.067  4969  5531 I bt_stack: [INFO:btm_ble_gap.cc(3528)] btm_ble_process_adv_pkt_cont Data Complete 7f:23:b6:78:e3:70
04-01 16:03:15.067  4969  5531 D bt_btm_ble: bool parse_adv_audio_uuids_from_adv_pkt(const uint8_t *, size_t, uint8_t): tmap_cap_pts: false
04-01 16:03:15.068  4969  5244 D BluetoothRemoteDevices:  getMappingAddr null
04-01 16:03:15.068  4969  5244 D BluetoothAdapterService: getIdentityAddress null retruning 7F:23:B6:78:E3:70
04-01 16:03:15.072  4883 15229 I NearbyDiscovery: (REDACTED) BloomFilterAdvManager: Detected bloom filter but too far away, ignoring. %sm, %s
04-01 16:03:15.098  1413  1413 D MI-SF   : mIsSupportAutomodeForMaxFpsSetting is 0(0), getCurrentBrightness() = 764(328), mIsKeepAutoMode 0
04-01 16:03:15.099  1413  1413 D RefreshRateSelector: fixedMode_group: 0, isFindModeGroup 0
04-01 16:03:15.099  1413  1413 D RefreshRateSelector: find max refresh rate:120, mode Group:0
04-01 16:03:15.106  1109  5528 I vendor.qti.bluetooth@1.0-ibs_handler: ProcessIbsCmd: Received IBS_SLEEP_IND: 0xFE
04-01 16:03:15.107  1109  5528 D vendor.qti.bluetooth@1.0-ibs_handler: SerialClockVote: vote for UART CLK OFF
04-01 16:03:15.120  1413  1750 W EventThreadInspector: slow VSync-app on display(4630946480857061762) count=1, avg=33 ms, max=33 ms.
04-01 16:03:15.257  1109  5267 D vendor.qti.bluetooth@1.0-wake_lock: Release wakelock is released 
04-01 16:03:15.281  1931  3244 I SmartPower: com.facebook.appmanager/10141(10241): background->idle(3001ms) R(broadcast start Intent { act=android.intent.action.BATTERY_CHANGED flg=0x60000010 (has extras) }) adj=915.
04-01 16:03:15.282  1931  3244 I SmartPower: com.xiaomi.discover/10121(15017): background->idle(3001ms) R(broadcast start Intent { act=android.intent.action.BATTERY_CHANGED flg=0x60000010 (has extras) }) adj=905.
04-01 16:03:15.285  1931  3244 I SmartPower: com.android.chrome/10171(15878): background->idle(3001ms) R(broadcast start Intent { act=android.intent.action.BATTERY_CHANGED flg=0x60000010 (has extras) }) adj=905.
04-01 16:03:15.285  1931  3244 I SmartPower: com.digibites.accubattery/10422(15909): background->idle(3000ms) R(broadcast start Intent { act=android.intent.action.BATTERY_CHANGED flg=0x60000010 (has extras) }) adj=200.
04-01 16:03:15.288  1931  3244 I SmartPower: com.microsoft.teams/10242(17220): background->idle(3000ms) R(broadcast start Intent { act=android.intent.action.BATTERY_CHANGED flg=0x60000010 (has extras) }) adj=905.
04-01 16:03:15.289  1931  3244 I SmartPower: com.miui.android.fashiongallery/10229(22232): background->idle(3000ms) R(broadcast start Intent { act=android.intent.action.BATTERY_CHANGED flg=0x60000010 (has extras) }) adj=905.
04-01 16:03:15.412 23046 23046 I Capacitor/Console: File:  - Line 349 - Msg: [object Object]
04-01 16:03:15.413 23046 23046 V Capacitor/Plugin: To native (Capacitor plugin): callbackId: 97311492, pluginId: ScreenTime, methodName: consumePendingNavigation
04-01 16:03:15.413 23046 23046 V Capacitor: callback: 97311492, pluginId: ScreenTime, methodName: consumePendingNavigation, methodData: {}
04-01 16:03:15.415 23046 23143 D BlearnScreenTime: consume_pending_navigation_empty
04-01 16:03:15.418 23046 23046 I Capacitor/Console: File:  - Line 333 - Msg: undefined
04-01 16:03:15.419  1254  1254 E vendor.qti.hardware.perf@2.2-service: Unknown params
04-01 16:03:15.715  1109  5528 I vendor.qti.bluetooth@1.0-ibs_handler: ProcessIbsCmd: Received IBS_WAKE_IND: 0xFD
04-01 16:03:15.715  1109  5528 D vendor.qti.bluetooth@1.0-ibs_handler: SerialClockVote: vote for UART CLK ON
04-01 16:03:15.715  1109  5528 D vendor.qti.bluetooth@1.0-wake_lock: Acquire wakelock is acquired 
04-01 16:03:15.716  1109  5528 I vendor.qti.bluetooth@1.0-ibs_handler: ProcessIbsCmd: Writing IBS_WAKE_ACK
04-01 16:03:15.717  4969  5531 I bt_stack: [INFO:btm_ble_gap.cc(3528)] btm_ble_process_adv_pkt_cont Data Complete 7f:23:b6:78:e3:70
04-01 16:03:15.756  1109  5528 I vendor.qti.bluetooth@1.0-ibs_handler: ProcessIbsCmd: Received IBS_SLEEP_IND: 0xFE
04-01 16:03:15.756  1109  5528 D vendor.qti.bluetooth@1.0-ibs_handler: SerialClockVote: vote for UART CLK OFF
04-01 16:03:15.907  1109  5267 D vendor.qti.bluetooth@1.0-wake_lock: Release wakelock is released 
04-01 16:03:16.026  1254  1254 E vendor.qti.hardware.perf@2.2-service: Unknown params
04-01 16:03:16.194  4969  5232 I BtGatt.ScanManager: msg.what = MSG_CHECK_SCAN_STATUS, msg.arg1 = CHECK_BACKGROUND_TIMEOUT
04-01 16:03:16.784  3586  3586 I wpa_supplicant: wlan0: PMKSA-CACHE-REMOVED 48:41:7b:6e:82:d4 0
04-01 16:03:16.797  3586  3586 I wpa_supplicant: wlan0: PMKSA-CACHE-ADDED 48:41:7b:6e:82:d4 0
04-01 16:03:16.813  1171  3527 E WifiHAL : Received fatal event, sending alert
04-01 16:03:16.816  1931  3800 W WifiVendorHal: onDebugErrorAlert 4099
04-01 16:03:16.821  1171  3527 I WifiHAL : send oem msg of len : 140 to apps
04-01 16:03:16.822  1171  3527 I WifiHAL : event received NL80211_CMD_VENDOR, vendor_id = 0x1374, subcmd = 0x33
04-01 16:03:16.822  1171  3527 I WifiHAL : event received NL80211_CMD_VENDOR, vendor_id = 0x1374, subcmd = 0xa5
04-01 16:03:16.823  1948  1948 I cnss-daemon: nl80211 response handler invoked
04-01 16:03:16.824  1948  1948 I cnss-daemon: nl80211_response_handler: cmd 103, vendorID 4980, subcmd 51  received
04-01 16:03:16.825  1948  1948 I cnss-daemon: nl80211 response handler invoked
04-01 16:03:16.825  1948  1948 I cnss-daemon: nl80211_response_handler: cmd 103, vendorID 4980, subcmd 165  received
04-01 16:03:16.825  1948  1948 I cnss-daemon: nl80211 response handler invoked
04-01 16:03:16.825  1948  1948 I cnss-daemon: nl80211_response_handler: cmd 103, vendorID 4980, subcmd 165  received
04-01 16:03:16.832  1171  3527 I WifiHAL : event received NL80211_CMD_VENDOR, vendor_id = 0x1374, subcmd = 0xa5
04-01 16:03:16.834  3923  4174 D IpClient/wlan0: interfaceLinkStateChanged: ifindex 24 up
04-01 16:03:16.835  3923  4174 D IpClient/wlan0: interfaceLinkStateChanged: ifindex 24 up
04-01 16:03:16.835  3923  4174 I IpClient.wlan0: M or O bit detected
04-01 16:03:16.837  3586  3586 I wpa_supplicant: wlan0: Associated with 48:41:7b:6e:82:d4
04-01 16:03:16.837  3586  3586 I wpa_supplicant: wlan0: CTRL-EVENT-SUBNET-STATUS-UPDATE status=0
04-01 16:03:16.838   640   640 I hwservicemanager: getTransport: Cannot find entry android.hardware.wifi.supplicant@1.4::ISupplicant/default in either framework or device VINTF manifest.
04-01 16:03:16.853  1931  2918 I WifiClientModeImpl[45235:wlan0]: Update current security type to 4
04-01 16:03:16.858 15991 15991 W JobService: onNetworkChanged() not implemented in androidx.work.impl.background.systemjob.SystemJobService. Must override in a subclass.
