--------- beginning of main
04-01 16:11:06.869 25658 25658 E FileUtils: err write to mi_exception_log
04-01 16:11:06.869 25658 25658 E FileUtils: err write to mi_exception_log
04-01 16:11:06.872  1254  1254 E vendor.qti.hardware.perf@2.2-service: Unknown params
--------- beginning of system
04-01 16:11:06.984  1931  6035 W MIUIInput: Input event injection from package: null action ACTION_DOWN
04-01 16:11:06.985  1931  2882 D MIUIInput: [MotionEvent] publisher action=0x0, deviceId=-1, 25194184, channel '20bd89f app.blearn.mobile/app.blearn.mobile.MainActivity (server)'
04-01 16:11:06.985  1931  2882 D MIUIInput: [MotionEvent] publisher action=0x4, deviceId=-1, 25194184, channel '9830ee7 NavigationBar0 (server)'
04-01 16:11:06.985  1931  2882 D MIUIInput: [MotionEvent] publisher action=0x0, deviceId=-1, 25194184, channel '[Gesture Monitor] miui-gesture (server)'
04-01 16:11:06.985  1931  2318 I whetstone.activity: Power Event callback listener is empty for resId=64
04-01 16:11:06.986  1931  2318 D BatteryStatsManagerStub: notifyEvent for resId=64 used 1ms
04-01 16:11:06.995 25658 25658 E FileUtils: err write to mi_exception_log
04-01 16:11:06.995  1254  1254 E vendor.qti.hardware.perf@2.2-service: Unknown params
04-01 16:11:06.998  1413  1413 D RefreshRateSelector: Touch Boost
04-01 16:11:06.998  1413  1413 D MI-SF   : mIsSupportAutomodeForMaxFpsSetting is 0(0), getCurrentBrightness() = 838(328), mIsKeepAutoMode 0
04-01 16:11:06.998  1413  1413 D RefreshRateSelector: fixedMode_group: 0, isFindModeGroup 0
04-01 16:11:06.998  1413  1413 D RefreshRateSelector: find max refresh rate:120, mode Group:0
04-01 16:11:07.000  1931  6035 W MIUIInput: Input event injection from package: null action ACTION_UP
04-01 16:11:07.001  1931  2882 D MIUIInput: [MotionEvent] publisher action=0x1, deviceId=-1, 25194184, channel '20bd89f app.blearn.mobile/app.blearn.mobile.MainActivity (server)'
04-01 16:11:07.001  1931  2882 D MIUIInput: [MotionEvent] publisher action=0x1, deviceId=-1, 25194184, channel '[Gesture Monitor] miui-gesture (server)'
04-01 16:11:07.002  1931  2318 I whetstone.activity: Power Event callback listener is empty for resId=64
04-01 16:11:07.002  1931  2318 D BatteryStatsManagerStub: notifyEvent for resId=64 used 0ms
04-01 16:11:07.069 25658 25658 E FileUtils: err write to mi_exception_log
04-01 16:11:07.099  1413  1413 D RefreshRateSelector: Touch Boost
04-01 16:11:07.099  1413  1413 D MI-SF   : mIsSupportAutomodeForMaxFpsSetting is 0(0), getCurrentBrightness() = 838(328), mIsKeepAutoMode 0
04-01 16:11:07.100  1413  1413 D RefreshRateSelector: fixedMode_group: 0, isFindModeGroup 0
04-01 16:11:07.100  1413  1413 D RefreshRateSelector: find max refresh rate:120, mode Group:0
04-01 16:11:07.128  1931  2384 I ExtM    : zram userate is low, no need to flush: 27
04-01 16:11:07.200   638   638 I lowmemorykiller: Kill 'com.google.android.apps.wellbeing' (22011), uid 10166, oom_score_adj 965 to free 60576kB rss, 54900kB swap; reason: cw
04-01 16:11:07.254  1931  5054 I ActivityManager: Process com.google.android.apps.wellbeing (pid 22011) has died: cch+65 CEM 
04-01 16:11:07.254  1931  2382 I libc    : kill: send 9 to pid -22011 real pid -22011
04-01 16:11:07.254  1931  2382 I libprocessgroup: Successfully killed process cgroup uid 10166 pid 22011 in 1ms
04-01 16:11:07.254  1254  1254 E vendor.qti.hardware.perf@2.2-service: Unknown params
04-01 16:11:07.254  1254  1254 E vendor.qti.hardware.perf@2.2-service: Unknown params
04-01 16:11:07.254  1254  1254 E vendor.qti.hardware.perf@2.2-service: Unknown params
04-01 16:11:07.256  1931  3215 E ProcessManager: error write exception log
04-01 16:11:07.256  1931  2012 I NetworkBoostStatusManager: onUidGone uid: 10166
04-01 16:11:07.257  6854  7058 I IPCThreadState: oneway function results for code 3 on binder at 0xb400007c89eb1f80 will be dropped but finished with status UNKNOWN_TRANSACTION
04-01 16:11:07.257  1931  2012 D DisplayManagerService: Drop pending events for gone uid 10166
04-01 16:11:07.258  1931  2916 I MiuiNetworkPolicy: removeUidState uid = 10166
04-01 16:11:07.259  7935  8899 I IPCThreadState: oneway function results for code 3 on binder at 0xb400007c8a02d520 will be dropped but finished with status UNKNOWN_TRANSACTION
04-01 16:11:07.260  1931  4128 I SLM-SRV-SLSAppLib: SLM_Ai_Mode EVENT_CHECK_GMAE_AI_MODE_STATUS
04-01 16:11:07.260  1931  4128 I SLM-SRV-SLSAppLib: SLM_Ai_Mode checkGameAiModeStatus mGameAiModeCloudControl:false mLinkTurboAiModeSwitch:false mGameAiModeInterfaceReady:false mGameStartBattle:false powerMgrGameUid:0
04-01 16:11:07.261   976   976 I Zygote  : Process 22011 exited due to signal 9 (Killed)
04-01 16:11:07.287 17644 17667 I efti    : (REDACTED) appOpsListener %s %s
04-01 16:11:07.288 17644 17667 I efti    : (REDACTED) Ignoring irrelevant audio permission changes for package %s
04-01 16:11:07.443   638   638 I lowmemorykiller: Kill 'com.google.android.inputmethod.latin:train' (29422), uid 10179, oom_score_adj 965 to free 58908kB rss, 59580kB swap; reason: cw
04-01 16:11:07.485  1772  1772 I adbd    : Remote process closed the socket (on MSG_PEEK)
04-01 16:11:07.485  1931  2950 D ConnectivityService: releasing NetworkRequest [ REQUEST id=1679, [ Capabilities: INTERNET&NOT_RESTRICTED&TRUSTED&NOT_VCN_MANAGED Uid: 10179 RequestorUid: 10179 RequestorPkg: com.google.android.inputmethod.latin UnderlyingNetworks: Null] ] (release request)
04-01 16:11:07.485  1931  9038 I ActivityManager: Process com.google.android.inputmethod.latin:train (pid 29422) has died: cch+65 CEM 
04-01 16:11:07.486  1931  2382 I libc    : kill: send 9 to pid -29422 real pid -29422
04-01 16:11:07.486  1931  2382 I libprocessgroup: Successfully killed process cgroup uid 10179 pid 29422 in 0ms
04-01 16:11:07.486  1254  1254 E vendor.qti.hardware.perf@2.2-service: Unknown params
04-01 16:11:07.486  1254  1254 E vendor.qti.hardware.perf@2.2-service: Unknown params
04-01 16:11:07.486  1254  1254 E vendor.qti.hardware.perf@2.2-service: Unknown params
04-01 16:11:07.488  1931  3215 E ProcessManager: error write exception log
04-01 16:11:07.488   976   976 I Zygote  : Process 29422 exited due to signal 9 (Killed)
04-01 16:11:07.489  6854  7058 I IPCThreadState: oneway function results for code 3 on binder at 0xb400007c89eb1f80 will be dropped but finished with status UNKNOWN_TRANSACTION
04-01 16:11:07.490  7935  8899 I IPCThreadState: oneway function results for code 3 on binder at 0xb400007c8a02d520 will be dropped but finished with status UNKNOWN_TRANSACTION
04-01 16:11:07.533  1931  2384 I ExtM    : zram userate is low, no need to flush: 27
04-01 16:11:07.590  1109  5528 I vendor.qti.bluetooth@1.0-ibs_handler: ProcessIbsCmd: Received IBS_WAKE_IND: 0xFD
04-01 16:11:07.590  1109  5528 D vendor.qti.bluetooth@1.0-ibs_handler: SerialClockVote: vote for UART CLK ON
04-01 16:11:07.591  1109  5528 D vendor.qti.bluetooth@1.0-wake_lock: Acquire wakelock is acquired 
04-01 16:11:07.591  1109  5528 I vendor.qti.bluetooth@1.0-ibs_handler: ProcessIbsCmd: Writing IBS_WAKE_ACK
04-01 16:11:07.593  4969  5531 I bt_stack: [INFO:btm_ble_gap.cc(3528)] btm_ble_process_adv_pkt_cont Data Complete 46:61:fd:16:0c:22
04-01 16:11:07.594  4969  5531 I bt_stack: [INFO:btm_ble_gap.cc(3528)] btm_ble_process_adv_pkt_cont Data Complete 46:61:fd:16:0c:22
04-01 16:11:07.594  4969  5531 D bt_btm_ble: bool parse_adv_audio_uuids_from_adv_pkt(const uint8_t *, size_t, uint8_t): tmap_cap_pts: false
04-01 16:11:07.596  4969  5244 D BluetoothAdapterService: getIdentityAddress null retruning 46:61:FD:16:0C:22
04-01 16:11:07.600  4883 15229 I NearbyDiscovery: (REDACTED) BloomFilterAdvManager: Detected bloom filter but too far away, ignoring. %sm, %s
04-01 16:11:07.632  1109  5528 I vendor.qti.bluetooth@1.0-ibs_handler: ProcessIbsCmd: Received IBS_SLEEP_IND: 0xFE
04-01 16:11:07.633  1109  5528 D vendor.qti.bluetooth@1.0-ibs_handler: SerialClockVote: vote for UART CLK OFF
04-01 16:11:07.783  1109  5267 D vendor.qti.bluetooth@1.0-wake_lock: Release wakelock is released 
04-01 16:11:07.805  1254  1254 E vendor.qti.hardware.perf@2.2-service: Unknown params
04-01 16:11:07.805  1931  2007 D PerfShielderService: app.blearn.mobile|app.blearn.mobile/app.blearn.mobile.MainActivity|1245|25194561880543|470|5|42
04-01 16:11:07.806  6014 16438 W MiuiPerfServiceClient: interceptAndQueuing:25658|app.blearn.mobile|1245|470|25194561880543|Slow issue draw commands|42
04-01 16:11:07.905 15909 17072 V U.Notification: Posting new notification, elapsed=16092
04-01 16:11:07.945 16308 26087 D BufferPoolAccessor2.0: evictor expired: 1, evicted: 0
04-01 16:11:07.946  1254  1254 E vendor.qti.hardware.perf@2.2-service: Unknown params
04-01 16:11:08.504  1899  1899 I wificond: station_bandwidth: 
04-01 16:11:08.511 15991 15991 W JobService: onNetworkChanged() not implemented in androidx.work.impl.background.systemjob.SystemJobService. Must override in a subclass.
04-01 16:11:08.512  1931  4085 I NetworkBoostStatusManager: handle: 102
04-01 16:11:08.512  1931  4085 I NetworkBoostStatusManager: interfaceOnCapabilitiesChanged interface name:wlan0
04-01 16:11:08.512  1931  4085 I NetworkBoostStatusManager: handle: 104
04-01 16:11:08.513  1931  4085 I NetworkBoostStatusManager: SmartDNS onAvailable WIFI master.
04-01 16:11:08.515  1931  4085 I NetworkBoostStatusManager: SmartDNS push DnsReslover a relationship, netid 109 name "Flybox-82C9"
04-01 16:11:08.515  1931  4085 W System.err: java.lang.NoSuchMethodException: android.net.ConnectivityManager.setResloverInterfaceIdAndNetid [int, class java.lang.String]
04-01 16:11:08.515  1931  4085 W System.err: 	at java.lang.Class.getMethod(Class.java:2934)
04-01 16:11:08.515  1931  4085 W System.err: 	at java.lang.Class.getDeclaredMethod(Class.java:2913)
04-01 16:11:08.515  1931  4085 W System.err: 	at com.xiaomi.NetworkBoost.StatusManager.setResloverInterfaceIdAndNetid(StatusManager.java:1651)
04-01 16:11:08.515  1931  4085 W System.err: 	at com.xiaomi.NetworkBoost.StatusManager.setSmartDNSInterface(StatusManager.java:1616)
04-01 16:11:08.515  1931  4085 W System.err: 	at com.xiaomi.NetworkBoost.StatusManager.-$$Nest$msetSmartDNSInterface(Unknown Source:0)
04-01 16:11:08.515  1931  4085 W System.err: 	at com.xiaomi.NetworkBoost.StatusManager$InternalHandler.handleMessage(StatusManager.java:591)
04-01 16:11:08.515  1931  4085 W System.err: 	at android.os.Handler.dispatchMessage(Handler.java:106)
04-01 16:11:08.515  1931  4085 W System.err: 	at android.os.Looper.loopOnce(Looper.java:222)
04-01 16:11:08.515  1931  4085 W System.err: 	at android.os.Looper.loop(Looper.java:314)
04-01 16:11:08.515  1931  4085 W System.err: 	at android.os.HandlerThread.run(HandlerThread.java:67)
04-01 16:11:08.519  6976  8121 I NetBusNetworkMonitor: onCapabilitiesChanged isPrimary = true
04-01 16:11:08.519  9449  9710 W Settings: Setting device_provisioned has moved from android.provider.Settings.Secure to android.provider.Settings.Global.
04-01 16:11:08.520  9449  9710 I JoyoseCloudControlManager3: network metered changed, network metered: false, deviceProvisioned: true, scAllowConn: true, try to setNetworkAccessEnabled: true
04-01 16:11:08.524  6976  8121 I NetBusNetworkMonitor: gateway=192.*.*.1
04-01 16:11:08.527  6976  8121 I NetBusNetworkMonitor: addConnectNetworkInterface mediumType:256, detail:NetworkDetailInfo{mIsConnected=false, mIsSupportTdls=true, mNetworkType=0, mIpAddress=192.*.*.140, mIfName=wlan0, mGateway=192.*.*.1, mNetmask=255.*.*.0, mSsid=F**C9}
04-01 16:11:08.528  6976  8121 I NetBusNetworkMonitor: onCapabilitiesChanged handle=471557132301, mediumType=256, ifName=wlan0
04-01 16:11:08.529  1931  2916 I MiuiNetworkPolicy: updateUidState uid = 10133, uidState = 19
04-01 16:11:08.529 18449 18499 I BugleRcsEngine: handleMessage processing message:[NOTIFY_UPTIME_IGNORE_STATE_CHANGED] with [non-null]:RcsEngineImpl reference [CONTEXT log_prefix="RcsEngineImpl[DUAL_REG]:[3cf2e2d2-8d57]>Handler" thread_id=98 ]
04-01 16:11:08.530 18449 18499 I BugleRcsEngine: Cannot use CS.apk as it's battery optimized [CONTEXT thread_id=98 ]
04-01 16:11:08.530 18449 18488 I BugleRcsEngine: Connected state: [1], networkType: [WIFI] [CONTEXT thread_id=90 ]
04-01 16:11:08.531  1931  2859 I ClipboardServiceI: checkProviderWakePathForClipboard: primaryClip is null
04-01 16:11:08.536 18449 18499 I BugleRcsEngine: Rcs is enabled from user settings: true [CONTEXT log_prefix="ProvisioningEngineDataRetriever" thread_id=98 ]
04-01 16:11:08.549  1931  3244 I SmartPower: com.google.android.apps.messaging/10167(18300): background->idle(3000ms) R(content provider start ContentProviderRecord{73b4454 u0 com.google.android.apps.messaging/.shared.datamodel.provider.sharedstorage.SharedStorageProvider}) adj=200.
04-01 16:11:08.691  1931  3244 I SmartPower: com.android.vending/10165(15827): background->idle(3002ms) R(service unbind com.android.vending/com.google.android.finsky.scheduler.process.mainimpl.PhoneskyJobServiceMain) adj=700.
04-01 16:11:08.723   708 25919 I keystore2: system/security/keystore2/src/watchdog.rs:319 - Watchdog thread idle -> terminating. Have a great day.
04-01 16:11:08.770  1254  1254 E vendor.qti.hardware.perf@2.2-service: Unknown params
04-01 16:11:08.843  5288  5288 D BoundBrokerSvc: onUnbind: Intent { act=com.google.android.gms.safetynet.service.START pkg=com.google.android.gms }
04-01 16:11:08.850  5288  5288 D BoundBrokerSvc: onUnbind: Intent { act=com.google.android.gms.measurement.START pkg=com.google.android.gms }
04-01 16:11:08.855  1931  2916 I MiuiNetworkPolicy: updateUidState uid = 10381, uidState = 5
04-01 16:11:08.857  1931  2916 I MiuiNetworkPolicy: updateUidState uid = 10163, uidState = 5
04-01 16:11:08.858  4969  5232 I BtGatt.ScanManager: msg.what = MSG_IMPORTANCE_CHANGE, msg.arg1 = IMPORTANCE_CHANGE
04-01 16:11:08.896  1254  1254 E vendor.qti.hardware.perf@2.2-service: Unknown params
04-01 16:11:09.027  4883 12603 I NearbySharing: Network state changed: NetworkState(isRestricted=false, isOnline=true, isCongested=false, isMetered=false, isWifiConnected=true)
04-01 16:11:09.052  1254  1254 E vendor.qti.hardware.perf@2.2-service: Unknown params
04-01 16:11:09.179 25658 25658 E Capacitor/Console: File: https://localhost/assets/firebase-shared-u_kSYnvb.js - Line 225 - Msg: [2026-04-01T14:11:09.175Z]  @firebase/firestore: Firestore (12.10.0): FirebaseError: [code=resource-exhausted]: Quota exceeded.
04-01 16:11:09.180 25658 25658 E Capacitor/Console: File: https://localhost/assets/firebase-shared-u_kSYnvb.js - Line 225 - Msg: [2026-04-01T14:11:09.175Z]  @firebase/firestore: Firestore (12.10.0): Using maximum backoff delay to prevent overloading the backend.
04-01 16:11:09.329  1931  2916 D MiuiNetworkPolicy: updateLimit mLimitEnabled=false,enabled=true,mNetworkPriorityMode=255,mThermalForceMode=0
04-01 16:11:09.330  1931  2916 I MiuiNetworkPolicy: getEnableLimitTimeout when thermal mode is:0
04-01 16:11:09.614 26158 26158 W BpBinder: Linking to death on android.gui.ISurfaceComposer but there are no threads (yet?) listening to incoming transactions. See ProcessState::startThreadPool and ProcessState::setThreadPoolMaxThreadCount. Generally you should setup the binder threadpool before other initialization steps.
04-01 16:11:09.642  5908  6386 W MediaProvider: isAppCloneUserPair for user 0: false
04-01 16:11:09.663 26158 26158 W ProcessState: Extra binder thread started, but 0 threads requested. Do not use *startThreadPool when zero threads are requested.
04-01 16:11:09.735  1931  2007 D ActivityManager: checkAllowBackground: uid=10163 pkg=com.google.android.gms rec=UidRecord{875802d u0a163 BFGS change:procadj procs:0 seq(313124,985)} caps=LCMNFU always=false idle=false
04-01 16:11:09.747  4883 25539 I NetworkScheduler.Stats: (REDACTED) Task %s/%s started execution. cause:%s exec_start_elapsed_seconds: %s
04-01 16:11:09.755  4883 25400 I NetworkScheduler.Stats: (REDACTED) Task %s/%s finished executing. cause:%s result: %s elapsed_millis: %s uptime_millis: %s exec_start_elapsed_seconds: %s
04-01 16:11:09.771  1931  3868 D ActivityManager: checkAllowBackground: uid=10163 pkg=com.google.android.gms rec=UidRecord{875802d u0a163 BFGS change:procadj procs:0 seq(313136,985)} caps=LCMNFU always=false idle=false
04-01 16:11:09.986  1413  1749 D MI-SF   : mIsSupportAutomodeForMaxFpsSetting is 0(0), getCurrentBrightness() = 838(328), mIsKeepAutoMode 0
04-01 16:11:09.986  1413  1749 D RefreshRateSelector: fixedMode_group: 0, isFindModeGroup 0
04-01 16:11:09.987  1413  1749 D RefreshRateSelector: find max refresh rate:120, mode Group:0
04-01 16:11:10.302  1931  2007 W ProcessStats: Tracking association SourceState{c7aa938 system/1000 BFgs #57338} whose proc state 4 is better than process ProcessState{9194d11 com.google.android.inputmethod.latin/10179 pkg=com.google.android.inputmethod.latin} proc state 6 (353 skipped)
04-01 16:11:10.370  1254  1254 E vendor.qti.hardware.perf@2.2-service: Unknown params
04-01 16:11:10.371  1254  1254 E vendor.qti.hardware.perf@2.2-service: Unknown params
04-01 16:11:10.379  1246  1496 I SDM     : HWDeviceDRM::UpdateMixerAttributes: Mixer WxH 1080x2400-0 for Peripheral
04-01 16:11:10.380  1246  1496 I SDM     : HWCDisplay::SubmitDisplayConfig: Active configuration changed to: 2
04-01 16:11:10.538  4883  4883 D BoundBrokerSvc: onUnbind: Intent { act=com.google.android.gms.auth.aang.events.services.START dat=chimera-action:/... cmp=com.google.android.gms/.chimera.PersistentApiService }
04-01 16:11:10.552  1931  2007 I ActivityManager: Broadcasting: Intent { act=android.intent.action.MEDIA_SCANNER_SCAN_FILE dat=file:///... flg=0x400000 }
04-01 16:11:10.553  1931  2007 I ActivityManager: Broadcast action android.intent.action.MEDIA_SCANNER_SCAN_FILE forcing include-background
04-01 16:11:10.553  1931  2007 D ActivityManager: checkAllowBackground: uid=10219 pkg=com.google.android.providers.media.module rec=UidRecord{13e0cf5 u0a219 PER  change:procadj procs:0 seq(313059,888)} caps=LCMNFU always=true idle=false
04-01 16:11:10.553  1931  2007 I ActivityManager: App 10219/com.google.android.providers.media.module targets O+, restricted
04-01 16:11:10.553  1931  2007 D ActivityManager: checkAllowBackground: uid=10219 pkg=com.google.android.providers.media.module startMode=2 onallowlist=false onallowlist(ei)=false
04-01 16:11:10.553  1931  2007 D ActivityManager: checkAllowBackground: uid=1000 pkg=com.miui.securitycore rec=UidRecord{32d667d 1000 PER  fgServices allowlist change:procadj procs:0 seq(313111,309125)} caps=LCMNFU always=true idle=false
04-01 16:11:10.553  1931  2007 I ActivityManager: App 1000/com.miui.securitycore targets O+, restricted
04-01 16:11:10.553  1931  2007 D ActivityManager: checkAllowBackground: uid=1000 pkg=com.miui.securitycore startMode=2 onallowlist=true onallowlist(ei)=true
04-01 16:11:10.554  1931  2365 D ActivityManager: checkAllowBackground: uid=10219 pkg=com.google.android.providers.media.module rec=UidRecord{13e0cf5 u0a219 PER  change:procadj procs:0 seq(313059,888)} caps=LCMNFU always=true idle=false
04-01 16:11:10.554  1931  2365 I ActivityManager: App 10219/com.google.android.providers.media.module targets O+, restricted
04-01 16:11:10.554  1931  2365 D ActivityManager: checkAllowBackground: uid=10219 pkg=com.google.android.providers.media.module startMode=2 onallowlist=false onallowlist(ei)=false
04-01 16:11:10.555  1931  2007 I ActivityManager: Enqueued broadcast Intent { act=android.intent.action.MEDIA_SCANNER_SCAN_FILE dat=file:///... flg=0x400000 }: 0
04-01 16:11:10.563 26158 26158 I DoViGenericTag: Logger Terminated
04-01 16:11:10.564  5908  5908 I MediaServiceV2: Creating work for intent Intent { act=android.intent.action.MEDIA_SCANNER_SCAN_FILE dat=file:///... flg=0x1400010 cmp=com.google.android.providers.media.module/com.android.providers.media.MediaServiceV2 }
04-01 16:11:10.565  5908  5908 I MediaServiceV2: Work enqueued for intent: Intent { act=android.intent.action.MEDIA_SCANNER_SCAN_FILE dat=file:///... flg=0x1400010 cmp=com.google.android.providers.media.module/com.android.providers.media.MediaServiceV2 }
04-01 16:11:10.566  1931  2365 D ActivityManager: checkAllowBackground: uid=1000 pkg=com.miui.securitycore rec=UidRecord{32d667d 1000 PER  fgServices allowlist change:procadj procs:0 seq(313111,309125)} caps=LCMNFU always=true idle=false
04-01 16:11:10.567  1931  2365 I ActivityManager: App 1000/com.miui.securitycore targets O+, restricted
04-01 16:11:10.567  1931  2365 D ActivityManager: checkAllowBackground: uid=1000 pkg=com.miui.securitycore startMode=2 onallowlist=true onallowlist(ei)=true
04-01 16:11:10.594  5908  6002 D WM-SystemJobScheduler: Scheduling work ID 433d01c6-af31-434b-bbfd-2b4daf2da00aJob ID 10836
04-01 16:11:10.595  1931  2012 I ActivityManager: Broadcast completed: result=0
04-01 16:11:10.596  1931  3868 D ActivityManager: checkAllowBackground: uid=10219 pkg=com.google.android.providers.media.module rec=UidRecord{13e0cf5 u0a219 PER  change:procadj procs:0 seq(313152,888)} caps=LCMNFU always=false idle=false
04-01 16:11:10.601  1931  3868 I whetstone.activity: Power Event callback listener is empty for resId=256
04-01 16:11:10.601  1931  3868 D BatteryStatsManagerStub: notifyEvent for resId=256 used 0ms
04-01 16:11:10.603  5908  6002 D WM-GreedyScheduler: Ignoring {WorkSpec: 32d8ab03-23d9-40ba-b7b8-55fbb9b873b7}. Requires device idle.
04-01 16:11:10.603  5908  6002 D WM-GreedyScheduler: Starting work for 433d01c6-af31-434b-bbfd-2b4daf2da00a
04-01 16:11:10.604  5908  6002 D WM-Processor: Processor: processing WorkGenerationalId(workSpecId=433d01c6-af31-434b-bbfd-2b4daf2da00a, generation=0)
04-01 16:11:10.604  5908  5908 D WM-SystemJobService: onStartJob for WorkGenerationalId(workSpecId=433d01c6-af31-434b-bbfd-2b4daf2da00a, generation=0)
04-01 16:11:10.615  5908  5908 D WM-WorkerWrapper: Starting work for com.android.providers.media.MediaServiceV2
04-01 16:11:10.615  5908  6002 D WM-Processor: Work WorkGenerationalId(workSpecId=433d01c6-af31-434b-bbfd-2b4daf2da00a, generation=0) is already enqueued for processing
04-01 16:11:10.616  5908 26169 I MediaServiceV2: Work initiated for action [ android.intent.action.MEDIA_SCANNER_SCAN_FILE ]
04-01 16:11:10.650  5908 26169 I MediaServiceV2: Work ended for action [ android.intent.action.MEDIA_SCANNER_SCAN_FILE ]
04-01 16:11:10.651  5908  6092 I WM-WorkerWrapper: Worker result SUCCESS for Work [ id=433d01c6-af31-434b-bbfd-2b4daf2da00a, tags={ com.android.providers.media.MediaServiceV2 } ]
04-01 16:11:10.652  5908  5908 D WM-Processor: Processor 433d01c6-af31-434b-bbfd-2b4daf2da00a executed; reschedule = false
04-01 16:11:10.652  5908  5908 D WM-SystemJobService: 433d01c6-af31-434b-bbfd-2b4daf2da00a executed on JobScheduler
04-01 16:11:10.653  1931  2007 I whetstone.activity: Power Event callback listener is empty for resId=256
04-01 16:11:10.653  1931  2007 D BatteryStatsManagerStub: notifyEvent for resId=256 used 0ms
04-01 16:11:10.666  5908  6092 D WM-SystemJobScheduler: Scheduling work ID eb2efbbf-6c13-41b8-81ca-3cd06a7d5453Job ID 10837
04-01 16:11:10.667  1931  2007 D ActivityManager: checkAllowBackground: uid=10219 pkg=com.google.android.providers.media.module rec=UidRecord{13e0cf5 u0a219 PER  change:procadj procs:0 seq(313156,888)} caps=LCMNFU always=false idle=false
04-01 16:11:10.668  1931  2007 D ActivityManager: checkAllowBackground: uid=1000 pkg=android rec=UidRecord{32d667d 1000 PER  fgServices allowlist change:procadj procs:0 seq(313154,309125)} caps=LCMNFU always=false idle=false
04-01 16:11:10.670  5908  6092 D WM-GreedyScheduler: Ignoring {WorkSpec: 32d8ab03-23d9-40ba-b7b8-55fbb9b873b7}. Requires device idle.
04-01 16:11:10.671  5908  6092 D WM-GreedyScheduler: Cancelling work ID 433d01c6-af31-434b-bbfd-2b4daf2da00a
04-01 16:11:10.673  5908  6092 D WM-GreedyScheduler: Ignoring {WorkSpec: 32d8ab03-23d9-40ba-b7b8-55fbb9b873b7}. Requires device idle.
04-01 16:11:11.069  1931  2384 I ExtM    : zram userate is low, no need to flush: 27
04-01 16:11:11.173  5288  5288 D BoundBrokerSvc: onUnbind: Intent { act=com.google.android.gms.auth.cryptauth.cryptauthservice.START dat=chimera-action:/... cmp=com.google.android.gms/.chimera.GmsBoundBrokerService }
04-01 16:11:11.273  1413  2768 D MI-SF   : mIsSupportAutomodeForMaxFpsSetting is 0(0), getCurrentBrightness() = 838(328), mIsKeepAutoMode 0
04-01 16:11:11.273  1413  2768 D RefreshRateSelector: fixedMode_group: 0, isFindModeGroup 0
04-01 16:11:11.273  1413  2768 D RefreshRateSelector: find max refresh rate:120, mode Group:0
04-01 16:11:11.274  1254  1254 E vendor.qti.hardware.perf@2.2-service: Unknown params
04-01 16:11:11.275  1254  1254 E vendor.qti.hardware.perf@2.2-service: Unknown params
04-01 16:11:11.283  1246  1496 I SDM     : HWDeviceDRM::UpdateMixerAttributes: Mixer WxH 1080x2400-0 for Peripheral
04-01 16:11:11.283  1246  1496 I SDM     : HWCDisplay::SubmitDisplayConfig: Active configuration changed to: 0
04-01 16:11:11.324  1413  1413 D MI-SF   : mIsSupportAutomodeForMaxFpsSetting is 0(0), getCurrentBrightness() = 838(328), mIsKeepAutoMode 0
04-01 16:11:11.324  1413  1413 D RefreshRateSelector: fixedMode_group: 0, isFindModeGroup 0
04-01 16:11:11.324  1413  1413 D RefreshRateSelector: find max refresh rate:120, mode Group:0
04-01 16:11:11.348  1413  1750 W EventThreadInspector: slow VSync-app on display(4630946480857061762) count=1, avg=37 ms, max=37 ms.
04-01 16:11:11.525  1899  1899 I wificond: station_bandwidth: 
04-01 16:11:11.807  3991  3991 D DynamicService:  ACTION_BATTERY_CHANGED change,USB plug = 2
04-01 16:11:11.807  3991  3991 D DynamicService_WifiBt:  ACTION_BATTERY_CHANGED change,USB plug = 2
04-01 16:11:11.808  1931  1931 D UiModeManager: updateConfigurationLocked: mDockState=0; mCarMode=false; mCar=false; mPowerSave=false; mOverrideNightModeOn=false; mOverrideNightModeOff=false; mComputedNightMode=true; mNightMode=2; uiMode=33
04-01 16:11:11.811  6988  6988 I PowerUtils: getSurfaceTemprature temp: 31
04-01 16:11:11.814  6988  6988 I PowerSaveService: onReceive: android.intent.action.BATTERY_CHANGED
04-01 16:11:11.815  6817  7165 D PowerCheckerService: onBatteryChanged, mBatteryLevel = 81, status = 2, level = 81, plug = 2, scale = 100
04-01 16:11:11.819  3961  3961 D DeviceStatisticsService: onReceive: action= android.intent.action.BATTERY_CHANGED
04-01 16:11:11.820  3961  3961 V DeviceStatisticsService: chargerType=2 batteryLevel=81 totalBatteryCapacity=3880200
04-01 16:11:11.820  3961  3961 D DeviceInfoHidlClient: isRadioOn()=true
04-01 16:11:11.820  3961  3961 I DeviceInfoHidlClient: isPowerInfoNeverSent=false batteryLevel=81 batteryLevelIndex=3 chargingMode=2 totalCapacity=3880200 powerSaveMode=false
04-01 16:11:11.820  6988  6988 I PowerNoticeUI: handleBatteryChanged oldPlugType 2 mPlugType 2 oldBatteryLevel 81 mBatteryLevel 81 temperature 280
04-01 16:11:11.824  6817  8427 D PowerKeeper.Thermal: mBatteryTemperature: 28
04-01 16:11:11.826  6988  6988 I ChargerBatteryIntelligenceReceiver: onBatteryChanged temperature：28,plugType:2
04-01 16:11:11.829  3977  3977 D QtiCarrierConfigHelper: WARNING, no carrier configs on phone Id: 1
04-01 16:11:11.831  6988  9388 I android_os_HwBinder: HwBinder: Starting thread pool for getting: vendor.xiaomi.hardware.micharge@1.0::IMiCharge/default
04-01 16:11:11.835  1285  1296 I vendor.xiaomi.hardware.micharge@1.0-service: ReadFilePathValue path = /sys/class/qcom-battery/night_charging value = 0
04-01 16:11:11.835  6988  9388 I ChargeProtectionUtils: getNightChargingState: 0
04-01 16:11:12.153  5908  5908 D WM-DelayedWorkTracker: Scheduling work eb2efbbf-6c13-41b8-81ca-3cd06a7d5453
04-01 16:11:12.154  5908  5908 D WM-GreedyScheduler: Starting tracking for eb2efbbf-6c13-41b8-81ca-3cd06a7d5453
04-01 16:11:12.156  5908  6002 D WM-ConstraintTracker: BatteryNotLowTracker: initial state = true
04-01 16:11:12.156  5908  6002 D WM-BrdcstRcvrCnstrntTrc: BatteryNotLowTracker: registering receiver
04-01 16:11:12.159  1931  2861 D AlarmManager: mBroadcastRefCount -> 1
04-01 16:11:12.159  5908  6092 D WM-GreedyScheduler: Constraints met: Scheduling work ID WorkGenerationalId(workSpecId=eb2efbbf-6c13-41b8-81ca-3cd06a7d5453, generation=0)
04-01 16:11:12.161  5908  6092 D WM-Processor: Processor: processing WorkGenerationalId(workSpecId=eb2efbbf-6c13-41b8-81ca-3cd06a7d5453, generation=0)
04-01 16:11:12.164  5908  5908 D WM-WorkerWrapper: Starting work for com.android.providers.media.photopicker.sync.ProactiveSyncWorker
04-01 16:11:12.165  5908 26173 I PSyncWorker: Starting proactive picker sync from sync source: 1
04-01 16:11:12.165  1931  1931 D ActivityManager: checkAllowBackground: uid=1000 pkg=android rec=UidRecord{32d667d 1000 PER  fgServices allowlist change:procadj procs:0 seq(313242,309125)} caps=LCMNFU always=false idle=false
04-01 16:11:12.165  5908 26173 I PickerSyncTracker: Created new sync future java.util.concurrent.CompletableFuture@a24e0ed[Not completed, 1 dependents]. Future map: {eb2efbbf-6c13-41b8-81ca-3cd06a7d5453=java.util.concurrent.CompletableFuture@a24e0ed[Not completed, 1 dependents]}
04-01 16:11:12.165  5908 26173 D PickerSyncController: syncAllMediaFromProvider() LOCAL, auth=com.android.providers.media.photopicker, retry=true
04-01 16:11:12.165  5908 26173 D PickerSyncController: getSyncRequestParams() LOCAL, auth=com.android.providers.media.photopicker
04-01 16:11:12.165  1931  2844 D ActivityManager: checkAllowBackground: uid=10219 pkg=com.google.android.providers.media.module rec=UidRecord{13e0cf5 u0a219 PER  change:procadj procs:0 seq(313190,888)} caps=LCMNFU always=false idle=false
04-01 16:11:12.165  1931  1931 D AlarmManager: mBroadcastRefCount -> 0
04-01 16:11:12.165  1931  1931 D AlarmManager: mPendingIntent -> null
04-01 16:11:12.171  1931  2844 I whetstone.activity: Power Event callback listener is empty for resId=256
04-01 16:11:12.171  1931  2844 D BatteryStatsManagerStub: notifyEvent for resId=256 used 0ms
04-01 16:11:12.173  5908  5908 D WM-SystemJobService: onStartJob for WorkGenerationalId(workSpecId=eb2efbbf-6c13-41b8-81ca-3cd06a7d5453, generation=0)
04-01 16:11:12.174  5908  6002 D WM-Processor: Work WorkGenerationalId(workSpecId=eb2efbbf-6c13-41b8-81ca-3cd06a7d5453, generation=0) is already enqueued for processing
04-01 16:11:12.221 25658 25658 I Capacitor/Console: File:  - Line 349 - Msg: [object Object]
04-01 16:11:12.221 25658 25658 V Capacitor/Plugin: To native (Capacitor plugin): callbackId: 25110869, pluginId: ScreenTime, methodName: consumePendingNavigation
04-01 16:11:12.221 25658 25658 V Capacitor: callback: 25110869, pluginId: ScreenTime, methodName: consumePendingNavigation, methodData: {}
04-01 16:11:12.223 25658 25742 D BlearnScreenTime: consume_pending_navigation_empty
04-01 16:11:12.225 25658 25658 I Capacitor/Console: File:  - Line 333 - Msg: undefined
04-01 16:11:12.232  1254  1254 E vendor.qti.hardware.perf@2.2-service: Unknown params
04-01 16:11:12.303  1931  2365 I SmartPower: com.facebook.appmanager/10141(10241): idle->background(23953ms) R(broadcast start Intent { act=android.intent.action.BATTERY_CHANGED flg=0x60000010 (has extras) }) adj=915.
04-01 16:11:12.305  1931  2365 I SmartPower: com.xiaomi.discover/10121(15017): idle->background(25634ms) R(broadcast start Intent { act=android.intent.action.BATTERY_CHANGED flg=0x60000010 (has extras) }) adj=905.
04-01 16:11:12.308  1931  2365 I SmartPower: com.android.chrome/10171(15878): idle->background(7052ms) R(broadcast start Intent { act=android.intent.action.BATTERY_CHANGED flg=0x60000010 (has extras) }) adj=700.
04-01 16:11:12.311  1931  2365 I SmartPower: com.digibites.accubattery/10422(15909): idle->background(57017ms) R(broadcast start Intent { act=android.intent.action.BATTERY_CHANGED flg=0x60000010 (has extras) }) adj=200.
04-01 16:11:12.315  1931  2365 I SmartPower: com.microsoft.teams/10242(17220): idle->background(57019ms) R(broadcast start Intent { act=android.intent.action.BATTERY_CHANGED flg=0x60000010 (has extras) }) adj=935.
04-01 16:11:12.318  1931  2365 I SmartPower: com.miui.android.fashiongallery/10229(22232): idle->background(25611ms) R(broadcast start Intent { act=android.intent.action.BATTERY_CHANGED flg=0x60000010 (has extras) }) adj=925.
04-01 16:11:12.521  5908 26173 D PickerSyncController:    Latest ID/Gen=a9d769f4a5dc255f:external_primary/531415
04-01 16:11:12.521  5908 26173 D PickerSyncController:    Cached ID/Gen=a9d769f4a5dc255f:external_primary/531406
04-01 16:11:12.521  5908 26173 D PickerSyncController:    RESULT=SyncRequestParams{type=MEDIA_INCREMENTAL, gen=531406, latest=Bundle[{last_media_sync_generation=531415, media_collection_id=a9d769f4a5dc255f:external_primary}], pageSize=1000}
04-01 16:11:12.521  5908 26173 I PickerSyncController: Executing SyncAdd. isLocal: true. authority: com.android.providers.media.photopicker
04-01 16:11:12.521  5908 26173 D PickerSyncLockManager: Trying to acquire lock com.android.providers.media.photopicker.sync.CloseableReentrantLock@50cc0f6[Unlocked]. Lock Name = CLOUD_PROVIDER_LOCK. Threads that may be waiting to acquire this lock = [] with timeout.
04-01 16:11:12.522  5908 26173 D CloseableReentrantLock: Successfully acquired lock com.android.providers.media.photopicker.sync.CloseableReentrantLock@50cc0f6[Locked by thread pool-2-thread-64]. Lock Name = CLOUD_PROVIDER_LOCK. Threads that may be waiting to acquire this lock = []
04-01 16:11:12.522  5908 26173 D CloseableReentrantLock: Successfully released lock com.android.providers.media.photopicker.sync.CloseableReentrantLock@50cc0f6[Unlocked]. Lock Name = CLOUD_PROVIDER_LOCK. Threads that may be waiting to acquire this lock = []
04-01 16:11:12.522  5908 26173 D ExternalDbFacade: Token received for queryMedia = null
04-01 16:11:12.536  5908 26173 D PickerSyncLockManager: Trying to acquire lock com.android.providers.media.photopicker.sync.CloseableReentrantLock@50cc0f6[Unlocked]. Lock Name = CLOUD_PROVIDER_LOCK. Threads that may be waiting to acquire this lock = [] with timeout.
04-01 16:11:12.536  5908 26173 D CloseableReentrantLock: Successfully acquired lock com.android.providers.media.photopicker.sync.CloseableReentrantLock@50cc0f6[Locked by thread pool-2-thread-64]. Lock Name = CLOUD_PROVIDER_LOCK. Threads that may be waiting to acquire this lock = []
04-01 16:11:12.536  5908 26173 D PickerSyncController: Saving next page token: 1775052670000|1000084427 for key: local_provider:media_add:resume
04-01 16:11:12.536  5908 26173 D CloseableReentrantLock: Successfully released lock com.android.providers.media.photopicker.sync.CloseableReentrantLock@50cc0f6[Unlocked]. Lock Name = CLOUD_PROVIDER_LOCK. Threads that may be waiting to acquire this lock = []
04-01 16:11:12.537  5908 26173 D PickerNotificationSender: Sending a notification for media update
04-01 16:11:12.537  5908 26173 D PickerNotificationSender: Sending a notification for merged album media update Favorites
04-01 16:11:12.537  5908 26173 D PickerNotificationSender: Sending a notification for album media update Favorites
04-01 16:11:12.537  5908 26173 D PickerNotificationSender: Sending a notification for merged album media update Videos
04-01 16:11:12.537  5908 26173 D PickerNotificationSender: Sending a notification for album media update Videos
04-01 16:11:12.538  5908 26173 D ExternalDbFacade: Token received for queryMedia = 1775052670000|1000084427
04-01 16:11:12.548  5908 26173 D PickerSyncLockManager: Trying to acquire lock com.android.providers.media.photopicker.sync.CloseableReentrantLock@50cc0f6[Unlocked]. Lock Name = CLOUD_PROVIDER_LOCK. Threads that may be waiting to acquire this lock = [] with timeout.
04-01 16:11:12.549  5908 26173 D CloseableReentrantLock: Successfully acquired lock com.android.providers.media.photopicker.sync.CloseableReentrantLock@50cc0f6[Locked by thread pool-2-thread-64]. Lock Name = CLOUD_PROVIDER_LOCK. Threads that may be waiting to acquire this lock = []
04-01 16:11:12.549  5908 26173 D PickerSyncController: Clearing next page token for key: local_provider:media_add:resume
04-01 16:11:12.549  5908 26173 D CloseableReentrantLock: Successfully released lock com.android.providers.media.photopicker.sync.CloseableReentrantLock@50cc0f6[Unlocked]. Lock Name = CLOUD_PROVIDER_LOCK. Threads that may be waiting to acquire this lock = []
04-01 16:11:12.549  5908 26173 D PickerNotificationSender: Sending a notification for media update
04-01 16:11:12.549  5908 26173 D PickerNotificationSender: Sending a notification for merged album media update Favorites
04-01 16:11:12.549  5908 26173 D PickerNotificationSender: Sending a notification for album media update Favorites
04-01 16:11:12.550  5908 26173 D PickerNotificationSender: Sending a notification for merged album media update Videos
04-01 16:11:12.550  5908 26173 D PickerNotificationSender: Sending a notification for album media update Videos
04-01 16:11:12.551  5908 26173 I PickerSyncController: Paged sync successful. QueryArgs: Bundle[{android.provider.extra.PAGE_TOKEN=1775052670000|1000084427, android.provider.extra.SYNC_GENERATION=531406, android.provider.extra.PAGE_SIZE=1000}] Total Rows: 1
04-01 16:11:12.551  5908 26173 I PickerSyncController: Executing SyncRemove. isLocal: true. authority: com.android.providers.media.photopicker
04-01 16:11:12.551  5908 26173 D PickerSyncLockManager: Trying to acquire lock com.android.providers.media.photopicker.sync.CloseableReentrantLock@50cc0f6[Unlocked]. Lock Name = CLOUD_PROVIDER_LOCK. Threads that may be waiting to acquire this lock = [] with timeout.
04-01 16:11:12.551  5908 26173 D CloseableReentrantLock: Successfully acquired lock com.android.providers.media.photopicker.sync.CloseableReentrantLock@50cc0f6[Locked by thread pool-2-thread-64]. Lock Name = CLOUD_PROVIDER_LOCK. Threads that may be waiting to acquire this lock = []
04-01 16:11:12.551  5908 26173 D CloseableReentrantLock: Successfully released lock com.android.providers.media.photopicker.sync.CloseableReentrantLock@50cc0f6[Unlocked]. Lock Name = CLOUD_PROVIDER_LOCK. Threads that may be waiting to acquire this lock = []
04-01 16:11:12.553  5908 26173 D PickerSyncLockManager: Trying to acquire lock com.android.providers.media.photopicker.sync.CloseableReentrantLock@50cc0f6[Unlocked]. Lock Name = CLOUD_PROVIDER_LOCK. Threads that may be waiting to acquire this lock = [] with timeout.
04-01 16:11:12.553  5908 26173 D CloseableReentrantLock: Successfully acquired lock com.android.providers.media.photopicker.sync.CloseableReentrantLock@50cc0f6[Locked by thread pool-2-thread-64]. Lock Name = CLOUD_PROVIDER_LOCK. Threads that may be waiting to acquire this lock = []
04-01 16:11:12.553  5908 26173 D PickerSyncController: Clearing next page token for key: local_provider:media_remove:resume
04-01 16:11:12.553  5908 26173 D CloseableReentrantLock: Successfully released lock com.android.providers.media.photopicker.sync.CloseableReentrantLock@50cc0f6[Unlocked]. Lock Name = CLOUD_PROVIDER_LOCK. Threads that may be waiting to acquire this lock = []
04-01 16:11:12.553  5908 26173 D PickerNotificationSender: Sending a notification for media update
04-01 16:11:12.554  5908 26173 D PickerNotificationSender: Sending a notification for merged album media update Favorites
04-01 16:11:12.554  5908 26173 D PickerNotificationSender: Sending a notification for album media update Favorites
04-01 16:11:12.554  5908 26173 D PickerNotificationSender: Sending a notification for merged album media update Videos
04-01 16:11:12.554  5908 26173 D PickerNotificationSender: Sending a notification for album media update Videos
04-01 16:11:12.555  5908 26173 I PickerSyncController: Paged sync successful. QueryArgs: Bundle[{android.provider.extra.PAGE_TOKEN=1775052670000|1000084427, android.provider.extra.SYNC_GENERATION=531406, android.provider.extra.PAGE_SIZE=1000}] Total Rows: 0
04-01 16:11:12.557  5908 26173 I PickerSyncTracker: Marked sync future complete for work id: eb2efbbf-6c13-41b8-81ca-3cd06a7d5453. Future map: {}
04-01 16:11:12.557  5908 26173 I PSyncWorker: Completed picker proactive sync complete from local provider.
04-01 16:11:12.558  5908  6092 I WM-WorkerWrapper: Worker result SUCCESS for Work [ id=eb2efbbf-6c13-41b8-81ca-3cd06a7d5453, tags={ com.android.providers.media.photopicker.sync.ProactiveSyncWorker } ]
04-01 16:11:12.561  5908  5908 D WM-Processor: Processor eb2efbbf-6c13-41b8-81ca-3cd06a7d5453 executed; reschedule = false
04-01 16:11:12.561  5908  5908 D WM-GreedyScheduler: Stopping tracking for WorkGenerationalId(workSpecId=eb2efbbf-6c13-41b8-81ca-3cd06a7d5453, generation=0)
04-01 16:11:12.561  5908  5908 D WM-SystemJobService: eb2efbbf-6c13-41b8-81ca-3cd06a7d5453 executed on JobScheduler
04-01 16:11:12.562  1931  3868 I whetstone.activity: Power Event callback listener is empty for resId=256
04-01 16:11:12.562  1931  3868 D BatteryStatsManagerStub: notifyEvent for resId=256 used 1ms
04-01 16:11:12.564  5908  6092 D WM-GreedyScheduler: Cancelling work ID eb2efbbf-6c13-41b8-81ca-3cd06a7d5453
04-01 16:11:12.566  5908  6092 D WM-GreedyScheduler: Ignoring {WorkSpec: 32d8ab03-23d9-40ba-b7b8-55fbb9b873b7}. Requires device idle.
04-01 16:11:12.567  5908  6092 D WM-BrdcstRcvrCnstrntTrc: BatteryNotLowTracker: unregistering receiver
04-01 16:11:13.090 25658 25658 W Capacitor/Console: File: https://localhost/assets/firebaseLearningSyncService-BW7z7kjL.js - Line 2 - Msg: Skipping oversized learning cloud mutation document (42466719 bytes); relying on snapshot reload instead.
04-01 16:11:13.251  1931  3868 W BatteryExternalStatsWorker: error reading Bluetooth stats: 11
04-01 16:11:13.252  1931  2384 I ExtM    : zram userate is low, no need to flush: 27
04-01 16:11:13.268  1254  1254 E vendor.qti.hardware.perf@2.2-service: Unknown params
04-01 16:11:13.282  1931  2007 D TelephonyManager: requestModemActivityInfo: Sending result to app: ModemActivityInfo{ mTimestamp=28542772 mSleepTimeMs=26138009 mIdleTimeMs=411224 mActivityStatsTechSpecificInfo=[{mRat=UNKNOWN,mFrequencyRange=UNKNOWN,mTxTimeMs[]=[18117, 6019, 769, 2404, 2309],mRxTimeMs=1924205}]}
04-01 16:11:13.304   707  2463 E android.system.suspend-service: Error opening kernel wakelock stats for: wakeup58 (../../devices/virtual/misc/msm_wmapro/wakeup58): Permission denied
04-01 16:11:13.300   707   707 W binder:707_6: type=1400 audit(0.0:11743): avc:  denied  { open } for  path="/sys/devices/virtual/misc/msm_wmapro/wakeup58" dev="sysfs" ino=101243 scontext=u:r:system_suspend:s0 tcontext=u:object_r:sysfs:s0 tclass=dir permissive=0
04-01 16:11:13.305   707  2463 E android.system.suspend-service: Error opening kernel wakelock stats for: wakeup48 (../../devices/virtual/misc/msm_amrwb/wakeup48): Permission denied
04-01 16:11:13.300   707   707 W binder:707_6: type=1400 audit(0.0:11744): avc:  denied  { open } for  path="/sys/devices/virtual/misc/msm_amrwb/wakeup48" dev="sysfs" ino=100850 scontext=u:r:system_suspend:s0 tcontext=u:object_r:sysfs:s0 tclass=dir permissive=0
04-01 16:11:13.300   707   707 W binder:707_6: type=1400 audit(0.0:11745): avc:  denied  { open } for  path="/sys/devices/platform/soc/soc:qcom,smp2p-modem/wakeup/wakeup4" dev="sysfs" ino=56070 scontext=u:r:system_suspend:s0 tcontext=u:object_r:sysfs:s0 tclass=dir permissive=0
04-01 16:11:13.305   707  2463 E android.system.suspend-service: Error opening kernel wakelock stats for: wakeup4 (../../devices/platform/soc/soc:qcom,smp2p-modem/wakeup/wakeup4): Permission denied
04-01 16:11:13.307   707  2463 E android.system.suspend-service: Error opening kernel wakelock stats for: wakeup28 (../../devices/platform/soc/4080000.qcom,mss/wakeup/wakeup28): Permission denied
04-01 16:11:13.300   707   707 W binder:707_6: type=1400 audit(0.0:11746): avc:  denied  { open } for  path="/sys/devices/platform/soc/4080000.qcom,mss/wakeup/wakeup28" dev="sysfs" ino=73720 scontext=u:r:system_suspend:s0 tcontext=u:object_r:sysfs:s0 tclass=dir permissive=0
04-01 16:11:13.304   707   707 W binder:707_6: type=1400 audit(0.0:11747): avc:  denied  { open } for  path="/sys/devices/virtual/misc/msm_qcelp/wakeup56" dev="sysfs" ino=101167 scontext=u:r:system_suspend:s0 tcontext=u:object_r:sysfs:s0 tclass=dir permissive=0
04-01 16:11:13.308   707  2463 E android.system.suspend-service: Error opening kernel wakelock stats for: wakeup18 (../../devices/platform/soc/soc:qcom,trustedvm@d0800000/wakeup/wakeup18): Permission denied
04-01 16:11:13.308   707  2463 E android.system.suspend-service: Error opening kernel wakelock stats for: wakeup46 (../../devices/virtual/misc/msm_alac/wakeup46): Permission denied
04-01 16:11:13.308   707  2463 E android.system.suspend-service: Error opening kernel wakelock stats for: wakeup2 (../../devices/platform/soc/soc:qcom,smp2p-adsp/wakeup/wakeup2): Permission denied
04-01 16:11:13.309   707  2463 E android.system.suspend-service: Error opening kernel wakelock stats for: wakeup36 (../../devices/platform/soc/aab0000.qcom,venus/subsys7/wakeup/wakeup36): Permission denied
04-01 16:11:13.311   707  2463 E android.system.suspend-service: Error opening kernel wakelock stats for: wakeup26 (../../devices/platform/soc/soc:qcom,wpss@8a00000/wakeup/wakeup26): Permission denied
04-01 16:11:13.311   707  2463 E android.system.suspend-service: Error opening kernel wakelock stats for: wakeup54 (../../devices/virtual/misc/msm_mp3/wakeup54): Permission denied
04-01 16:11:13.312   707  2463 E android.system.suspend-service: Error opening kernel wakelock stats for: wakeup16 (../../devices/platform/soc/1e00000.qcom,ipa/wakeup/wakeup16): Permission denied
04-01 16:11:13.315   707  2463 E android.system.suspend-service: Error opening kernel wakelock stats for: wakeup24 (../../devices/platform/soc/3700000.qcom,lpass/wakeup/wakeup24): Permission denied
04-01 16:11:13.315   707  2463 E android.system.suspend-service: Error opening kernel wakelock stats for: wakeup52 (../../devices/virtual/misc/msm_g711alaw/wakeup52): Permission denied
04-01 16:11:13.315   707  2463 E android.system.suspend-service: Error opening kernel wakelock stats for: wakeup9 (../../devices/platform/soc/88e0000.qcom,msm-eud/wakeup/wakeup9): Permission denied
04-01 16:11:13.316   707  2463 E android.system.suspend-service: Error opening kernel wakelock stats for: wakeup14 (../../devices/platform/soc/c440000.qcom,spmi/spmi-0/spmi0-00/c440000.qcom,spmi:qcom,pmk8350@0:rtc@6100/rtc/rtc0/wakeup14): Permission denied
04-01 16:11:13.316   707  2463 E android.system.suspend-service: Error opening kernel wakelock stats for: wakeup42 (../../devices/platform/soc/17a10040.qcom,wcn6750/wakeup/wakeup42): Permission denied
04-01 16:11:13.317   707  2463 E android.system.suspend-service: Error opening kernel wakelock stats for: wakeup32 (../../devices/platform/soc/99c000.qcom,qup_uart/wakeup/wakeup32): Permission denied
04-01 16:11:13.317   707  2463 E android.system.suspend-service: Error opening kernel wakelock stats for: wakeup60 (../../devices/platform/goodix_ts.0/wakeup/wakeup60): Permission denied
04-01 16:11:13.318   707  2463 E android.system.suspend-service: Error opening kernel wakelock stats for: wakeup22 (../../devices/platform/soc/soc:qcom,kgsl-hyp/wakeup/wakeup22): Permission denied
04-01 16:11:13.319   707  2463 E android.system.suspend-service: Error opening kernel wakelock stats for: wakeup50 (../../devices/virtual/misc/msm_ape/wakeup50): Permission denied
04-01 16:11:13.319   707  2463 E android.system.suspend-service: Error opening kernel wakelock stats for: wakeup7 (../../devices/platform/soc/soc:qcom,pmic_glink/wakeup/wakeup7): Permission denied
04-01 16:11:13.319   707  2463 E android.system.suspend-service: Error opening kernel wakelock stats for: wakeup12 (../../devices/platform/soc/soc:md_testing_mode/wakeup/wakeup12): Permission denied
04-01 16:11:13.321   707  2463 E android.system.suspend-service: Error opening kernel wakelock stats for: wakeup30 (../../devices/platform/soc/a300000.qcom,turing/wakeup/wakeup30): Permission denied
04-01 16:11:13.321   707  2463 E android.system.suspend-service: Error opening kernel wakelock stats for: wakeup59 (../../devices/platform/soc/a94000.spi/spi_master/spi0/spi0.0/wakeup/wakeup59): Permission denied
04-01 16:11:13.321   707  2463 E android.system.suspend-service: Error opening kernel wakelock stats for: wakeup20 (../../devices/platform/soc/soc:qcom,ipa_fws/wakeup/wakeup20): Permission denied
04-01 16:11:13.322   707  2463 E android.system.suspend-service: Error opening kernel wakelock stats for: wakeup49 (../../devices/virtual/misc/msm_amrwbplus/wakeup49): Permission denied
04-01 16:11:13.322   707  2463 E android.system.suspend-service: Error opening kernel wakelock stats for: wakeup5 (../../devices/platform/soc/soc:qcom,smp2p-wpss/wakeup/wakeup5): Permission denied
04-01 16:11:13.322   707  2463 E android.system.suspend-service: Error opening kernel wakelock stats for: wakeup10 (../../devices/virtual/fastrpc/adsprpc-smd/wakeup10): Permission denied
04-01 16:11:13.323   707  2463 E android.system.suspend-service: Error opening kernel wakelock stats for: wakeup29 (../../devices/platform/soc/4080000.qcom,mss/subsys5/wakeup/wakeup29): Permission denied
04-01 16:11:13.324   707  2463 E android.system.suspend-service: Error opening kernel wakelock stats for: wakeup57 (../../devices/virtual/misc/msm_wma/wakeup57): Permission denied
04-01 16:11:13.324   707  2463 E android.system.suspend-service: Error opening kernel wakelock stats for: wakeup19 (../../devices/platform/soc/soc:qcom,trustedvm@d0800000/subsys0/wakeup/wakeup19): Permission denied
04-01 16:11:13.324   707  2463 E android.system.suspend-service: Error opening kernel wakelock stats for: wakeup47 (../../devices/virtual/misc/msm_amrnb/wakeup47): Permission denied
04-01 16:11:13.324   707  2463 E android.system.suspend-service: Error opening kernel wakelock stats for: wakeup3 (../../devices/platform/soc/soc:qcom,smp2p-nsp/wakeup/wakeup3): Permission denied
04-01 16:11:13.325   707  2463 E android.system.suspend-service: Error opening kernel wakelock stats for: wakeup135 (../../devices/platform/dummy_hcd.0/usb1/wakeup/wakeup135): Permission denied
