04-01 16:03:23.592  1109  5528 I vendor.qti.bluetooth@1.0-ibs_handler: ProcessIbsCmd: Received IBS_WAKE_IND: 0xFD
04-01 16:03:23.592  1109  5528 D vendor.qti.bluetooth@1.0-ibs_handler: SerialClockVote: vote for UART CLK ON
04-01 16:03:23.593  1109  5528 D vendor.qti.bluetooth@1.0-wake_lock: Acquire wakelock is acquired 
04-01 16:03:23.593  1109  5528 I vendor.qti.bluetooth@1.0-ibs_handler: ProcessIbsCmd: Writing IBS_WAKE_ACK
04-01 16:03:23.594  4969  5531 I bt_stack: [INFO:btm_ble_gap.cc(3528)] btm_ble_process_adv_pkt_cont Data Complete 46:61:fd:16:0c:22
04-01 16:03:23.595  4969  5531 I bt_stack: [INFO:btm_ble_gap.cc(3528)] btm_ble_process_adv_pkt_cont Data Complete 46:61:fd:16:0c:22
04-01 16:03:23.595  4969  5531 D bt_btm_ble: bool parse_adv_audio_uuids_from_adv_pkt(const uint8_t *, size_t, uint8_t): tmap_cap_pts: false
04-01 16:03:23.595  4969  5244 D BluetoothAdapterService: getIdentityAddress null retruning 46:61:FD:16:0C:22
04-01 16:03:23.598  4883 15229 I NearbyDiscovery: (REDACTED) BloomFilterAdvManager: Detected bloom filter but too far away, ignoring. %sm, %s
04-01 16:03:23.634  1109  5528 I vendor.qti.bluetooth@1.0-ibs_handler: ProcessIbsCmd: Received IBS_SLEEP_IND: 0xFE
04-01 16:03:23.634  1109  5528 D vendor.qti.bluetooth@1.0-ibs_handler: SerialClockVote: vote for UART CLK OFF
04-01 16:03:23.785  1109  5267 D vendor.qti.bluetooth@1.0-wake_lock: Release wakelock is released 
04-01 16:03:24.428  1931  4128 D SLM-SRV-SLAService: checktemp temperature = 30735 temperature_average = 30336 isPerformanceMode = false thermal_enable_slm = true
04-01 16:03:26.175  1931  2823 W ProcessStats: Tracking association SourceState{c7aa938 system/1000 BFgs #54985} whose proc state 4 is better than process ProcessState{9194d11 com.google.android.inputmethod.latin/10179 pkg=com.google.android.inputmethod.latin} proc state 6 (15 skipped)
04-01 16:03:26.368  1899  1899 I wificond: station_bandwidth: 
04-01 16:03:26.377 15991 15991 W JobService: onNetworkChanged() not implemented in androidx.work.impl.background.systemjob.SystemJobService. Must override in a subclass.
04-01 16:03:26.380  1931  4085 I NetworkBoostStatusManager: handle: 102
04-01 16:03:26.380  1931  4085 I NetworkBoostStatusManager: interfaceOnCapabilitiesChanged interface name:wlan0
04-01 16:03:26.380  1931  4085 I NetworkBoostStatusManager: handle: 104
04-01 16:03:26.381  1931  4085 I NetworkBoostStatusManager: SmartDNS onAvailable WIFI master.
04-01 16:03:26.382  1931  4085 I NetworkBoostStatusManager: SmartDNS push DnsReslover a relationship, netid 109 name "Flybox-82C9"
04-01 16:03:26.382  1931  4085 W System.err: java.lang.NoSuchMethodException: android.net.ConnectivityManager.setResloverInterfaceIdAndNetid [int, class java.lang.String]
04-01 16:03:26.382  1931  4085 W System.err: 	at java.lang.Class.getMethod(Class.java:2934)
04-01 16:03:26.382  1931  4085 W System.err: 	at java.lang.Class.getDeclaredMethod(Class.java:2913)
04-01 16:03:26.382  1931  4085 W System.err: 	at com.xiaomi.NetworkBoost.StatusManager.setResloverInterfaceIdAndNetid(StatusManager.java:1651)
04-01 16:03:26.382  1931  4085 W System.err: 	at com.xiaomi.NetworkBoost.StatusManager.setSmartDNSInterface(StatusManager.java:1616)
04-01 16:03:26.382  1931  4085 W System.err: 	at com.xiaomi.NetworkBoost.StatusManager.-$$Nest$msetSmartDNSInterface(Unknown Source:0)
04-01 16:03:26.382  1931  4085 W System.err: 	at com.xiaomi.NetworkBoost.StatusManager$InternalHandler.handleMessage(StatusManager.java:591)
04-01 16:03:26.382  1931  4085 W System.err: 	at android.os.Handler.dispatchMessage(Handler.java:106)
04-01 16:03:26.382  1931  4085 W System.err: 	at android.os.Looper.loopOnce(Looper.java:222)
04-01 16:03:26.382  1931  4085 W System.err: 	at android.os.Looper.loop(Looper.java:314)
04-01 16:03:26.382  1931  4085 W System.err: 	at android.os.HandlerThread.run(HandlerThread.java:67)
04-01 16:03:26.385  6976  8121 I NetBusNetworkMonitor: onCapabilitiesChanged isPrimary = true
04-01 16:03:26.386  9449  9710 W Settings: Setting device_provisioned has moved from android.provider.Settings.Secure to android.provider.Settings.Global.
04-01 16:03:26.386  9449  9710 I JoyoseCloudControlManager3: network metered changed, network metered: false, deviceProvisioned: true, scAllowConn: true, try to setNetworkAccessEnabled: true
04-01 16:03:26.387  6976  8121 I NetBusNetworkMonitor: gateway=192.*.*.1
04-01 16:03:26.394 18449 18499 I BugleRcsEngine: handleMessage processing message:[NOTIFY_UPTIME_IGNORE_STATE_CHANGED] with [non-null]:RcsEngineImpl reference [CONTEXT log_prefix="RcsEngineImpl[DUAL_REG]:[3cf2e2d2-8d57]>Handler" thread_id=98 ]
04-01 16:03:26.394 18449 18488 I BugleRcsEngine: Connected state: [1], networkType: [WIFI] [CONTEXT thread_id=90 ]
04-01 16:03:26.395 18449 18499 I BugleRcsEngine: Cannot use CS.apk as it's battery optimized [CONTEXT thread_id=98 ]
04-01 16:03:26.397  1931  6518 I ClipboardServiceI: checkProviderWakePathForClipboard: primaryClip is null
04-01 16:03:26.397  1931  6518 I SmartPower: com.google.android.apps.messaging/10167(18300): idle->background(6512ms) R(content provider start ContentProviderRecord{73b4454 u0 com.google.android.apps.messaging/.shared.datamodel.provider.sharedstorage.SharedStorageProvider}) adj=200.
04-01 16:03:26.397  6976  8121 I NetBusNetworkMonitor: addConnectNetworkInterface mediumType:256, detail:NetworkDetailInfo{mIsConnected=false, mIsSupportTdls=true, mNetworkType=0, mIpAddress=192.*.*.140, mIfName=wlan0, mGateway=192.*.*.1, mNetmask=255.*.*.0, mSsid=F**C9}
04-01 16:03:26.397  6976  8121 I NetBusNetworkMonitor: onCapabilitiesChanged handle=471557132301, mediumType=256, ifName=wlan0
04-01 16:03:26.401 18449 18499 I BugleRcsEngine: Rcs is enabled from user settings: true [CONTEXT log_prefix="ProvisioningEngineDataRetriever" thread_id=98 ]
04-01 16:03:26.892  4883 21863 I NearbySharing: Network state changed: NetworkState(isRestricted=false, isOnline=true, isCongested=false, isMetered=false, isWifiConnected=true)
04-01 16:03:27.431 23046 23046 I Capacitor/Console: File:  - Line 349 - Msg: [object Object]
04-01 16:03:27.435 23046 23046 V Capacitor/Plugin: To native (Capacitor plugin): callbackId: 97311494, pluginId: ScreenTime, methodName: consumePendingNavigation
04-01 16:03:27.435 23046 23046 V Capacitor: callback: 97311494, pluginId: ScreenTime, methodName: consumePendingNavigation, methodData: {}
04-01 16:03:27.438 23046 23143 D BlearnScreenTime: consume_pending_navigation_empty
04-01 16:03:27.442 23046 23046 I Capacitor/Console: File:  - Line 333 - Msg: undefined
04-01 16:03:27.453  4019  4019 D ArtChoreographerMonitor: invoke error.
04-01 16:03:27.479  1254  1254 E vendor.qti.hardware.perf@2.2-service: Unknown params
04-01 16:03:27.481  1413  2768 D MI-SF   : mIsSupportAutomodeForMaxFpsSetting is 0(0), getCurrentBrightness() = 764(328), mIsKeepAutoMode 0
04-01 16:03:27.481  1413  2768 D RefreshRateSelector: fixedMode_group: 0, isFindModeGroup 0
04-01 16:03:27.481  1413  2768 D RefreshRateSelector: find max refresh rate:120, mode Group:0
04-01 16:03:27.484  1254  1254 E vendor.qti.hardware.perf@2.2-service: Unknown params
04-01 16:03:27.497  1413  1413 D MI-SF   : mIsSupportAutomodeForMaxFpsSetting is 0(0), getCurrentBrightness() = 764(328), mIsKeepAutoMode 0
04-01 16:03:27.497  1413  1413 D RefreshRateSelector: fixedMode_group: 0, isFindModeGroup 0
04-01 16:03:27.497  1413  1413 D RefreshRateSelector: find max refresh rate:120, mode Group:0
04-01 16:03:27.497  1254  1254 E vendor.qti.hardware.perf@2.2-service: Unknown params
04-01 16:03:27.645  4019  4019 D ArtChoreographerMonitor: invoke error.
04-01 16:03:29.001  1109  5528 I vendor.qti.bluetooth@1.0-ibs_handler: ProcessIbsCmd: Received IBS_WAKE_IND: 0xFD
04-01 16:03:29.001  1109  5528 D vendor.qti.bluetooth@1.0-ibs_handler: SerialClockVote: vote for UART CLK ON
04-01 16:03:29.002  1109  5528 D vendor.qti.bluetooth@1.0-wake_lock: Acquire wakelock is acquired 
04-01 16:03:29.002  1109  5528 I vendor.qti.bluetooth@1.0-ibs_handler: ProcessIbsCmd: Writing IBS_WAKE_ACK
04-01 16:03:29.003  4969  5531 I bt_stack: [INFO:btm_ble_gap.cc(3528)] btm_ble_process_adv_pkt_cont Data Complete 7f:23:b6:78:e3:70
04-01 16:03:29.005  4969  5531 I bt_stack: [INFO:btm_ble_gap.cc(3528)] btm_ble_process_adv_pkt_cont Data Complete 7f:23:b6:78:e3:70
04-01 16:03:29.005  4969  5531 D bt_btm_ble: bool parse_adv_audio_uuids_from_adv_pkt(const uint8_t *, size_t, uint8_t): tmap_cap_pts: false
04-01 16:03:29.006  4969  5244 D BluetoothRemoteDevices:  getMappingAddr null
04-01 16:03:29.006  4969  5244 D BluetoothAdapterService: getIdentityAddress null retruning 7F:23:B6:78:E3:70
04-01 16:03:29.009  4883 15229 I NearbyDiscovery: (REDACTED) BloomFilterAdvManager: Detected bloom filter but too far away, ignoring. %sm, %s
04-01 16:03:29.043  1109  5528 I vendor.qti.bluetooth@1.0-ibs_handler: ProcessIbsCmd: Received IBS_SLEEP_IND: 0xFE
04-01 16:03:29.043  1109  5528 D vendor.qti.bluetooth@1.0-ibs_handler: SerialClockVote: vote for UART CLK OFF
04-01 16:03:29.194  1109  5267 D vendor.qti.bluetooth@1.0-wake_lock: Release wakelock is released 
04-01 16:03:29.391  1899  1899 I wificond: station_bandwidth: 
04-01 16:03:29.399  1931  3244 I SmartPower: com.google.android.apps.messaging/10167(18300): background->idle(3002ms) R(content provider start ContentProviderRecord{73b4454 u0 com.google.android.apps.messaging/.shared.datamodel.provider.sharedstorage.SharedStorageProvider}) adj=200.
04-01 16:03:29.924  1157  3401 I sensors-hal: handle_sns_std_sensor_event:57, light_event: ts=28079413966289, lux: 235.0, extra_info=18712 
04-01 16:03:30.186  1109  5528 I vendor.qti.bluetooth@1.0-ibs_handler: ProcessIbsCmd: Received IBS_WAKE_IND: 0xFD
04-01 16:03:30.186  1109  5528 D vendor.qti.bluetooth@1.0-ibs_handler: SerialClockVote: vote for UART CLK ON
04-01 16:03:30.187  1109  5528 D vendor.qti.bluetooth@1.0-wake_lock: Acquire wakelock is acquired 
04-01 16:03:30.187  1109  5528 I vendor.qti.bluetooth@1.0-ibs_handler: ProcessIbsCmd: Writing IBS_WAKE_ACK
04-01 16:03:30.188  4969  5531 I bt_stack: [INFO:btm_ble_gap.cc(3528)] btm_ble_process_adv_pkt_cont Data Complete 46:61:fd:16:0c:22
04-01 16:03:30.227  1109  5528 I vendor.qti.bluetooth@1.0-ibs_handler: ProcessIbsCmd: Received IBS_SLEEP_IND: 0xFE
04-01 16:03:30.227  1109  5528 D vendor.qti.bluetooth@1.0-ibs_handler: SerialClockVote: vote for UART CLK OFF
04-01 16:03:30.378  1109  5267 D vendor.qti.bluetooth@1.0-wake_lock: Release wakelock is released 
04-01 16:03:30.478 23046 23046 E Capacitor/Console: File: https://localhost/assets/firebase-shared-u_kSYnvb.js - Line 225 - Msg: [2026-04-01T14:03:30.477Z]  @firebase/firestore: Firestore (12.10.0): FirebaseError: [code=resource-exhausted]: Write stream exhausted maximum allowed queued writes.
04-01 16:03:30.479 23046 23046 E Capacitor/Console: File: https://localhost/assets/firebase-shared-u_kSYnvb.js - Line 225 - Msg: [2026-04-01T14:03:30.477Z]  @firebase/firestore: Firestore (12.10.0): Using maximum backoff delay to prevent overloading the backend.
04-01 16:03:30.927  1931  2425 I AutomaticBrightnessController: AmbientLux=234.96753, mAmbientDarkeningThreshold=117.483765, mAmbientBrighteningThreshold=334.96753, mAmbientBrighteningSmallThreshold=334.96753
04-01 16:03:30.927  1931  2425 I AutomaticBrightnessController: updateAutoBrightness: mScreenAutoBrightness=0.18645306, newScreenAutoBrightness=0.13089083 (checkedAutoBrightness=537), mAmbientLux=234.96753, mUseDaemonSensorInProgress=false
04-01 16:03:30.928  1931  2425 D DisplayPowerControllerImpl: updateBrightnessChangeStatus: animating: true, displayState: 2, slowChange: true, appliedDimming: false, appliedLowPower: false, currentBrightness: 0.18645306, currentSdrBrightness: 0.18645306, targetBrightness: 0.13089083, targetSdrBrightness: 0.13089083, previousDisplayPolicy: 3, currentDisplayPolicy: 3
04-01 16:03:30.933  1931  2425 I DisplayPowerController[0]: BrightnessEvent: disp=0, physDisp=local:4630946480857061762, brt=0.13089083, initBrt=0.18645306, rcmdBrt=0.13089083, preBrt=0.18645306, lux=234.96753, preLux=497.27252, hbmMax=0.49975574, hbmMode=off, rbcStrength=50, thrmMax=1.0, powerFactor=1.0, wasShortTermModelActive=false, flags=, reason=automatic, autoBrightness=true, strategy=
04-01 16:03:30.937  1931  2321 D TAG     : Remove previously redundant display event 0/4 to 10171/15878
04-01 16:03:30.937  1931  2321 D TAG     : Remove previously redundant display event 0/4 to 10273/19191
04-01 16:03:30.937  1931  2321 D TAG     : Remove previously redundant display event 0/4 to 10165/15827
04-01 16:03:30.937  1931  2321 D TAG     : Remove previously redundant display event 0/4 to 10171/15878
04-01 16:03:30.937  1931  2321 D TAG     : Remove previously redundant display event 0/4 to 10273/19191
04-01 16:03:30.938  1931  1931 I BrightnessSynchronizer: [969] New Update 0.13089083(f) set brightness values:  34(i)
04-01 16:03:30.939  1931  1931 I BrightnessSynchronizer: New PendingUpdate: {[970] 0.13089083(f), mUpdatedTypes=0, mConfirmedTypes=0, mTimeUpdated=0}, prev=null
04-01 16:03:30.942  1931  1931 I BrightnessSynchronizer: Swallowing update of 34(i) by update: {[969] 0.13089083(f), mUpdatedTypes=1, mConfirmedTypes=1, mTimeUpdated=24738139}
04-01 16:03:30.943  1931  1931 I BrightnessSynchronizer: Completed Update: {[969] 0.13089083(f), mUpdatedTypes=1, mConfirmedTypes=1, mTimeUpdated=24738139}
04-01 16:03:32.408  1899  1899 I wificond: station_bandwidth: 
04-01 16:03:32.413 15991 15991 W JobService: onNetworkChanged() not implemented in androidx.work.impl.background.systemjob.SystemJobService. Must override in a subclass.
04-01 16:03:32.414  1931  4085 I NetworkBoostStatusManager: handle: 102
04-01 16:03:32.414  1931  4085 I NetworkBoostStatusManager: interfaceOnCapabilitiesChanged interface name:wlan0
04-01 16:03:32.414  1931  4085 I NetworkBoostStatusManager: handle: 104
04-01 16:03:32.415  1931  4085 I NetworkBoostStatusManager: SmartDNS onAvailable WIFI master.
04-01 16:03:32.415  1931  4085 I NetworkBoostStatusManager: SmartDNS push DnsReslover a relationship, netid 109 name "Flybox-82C9"
04-01 16:03:32.416  1931  4085 W System.err: java.lang.NoSuchMethodException: android.net.ConnectivityManager.setResloverInterfaceIdAndNetid [int, class java.lang.String]
04-01 16:03:32.416  1931  4085 W System.err: 	at java.lang.Class.getMethod(Class.java:2934)
04-01 16:03:32.416  1931  4085 W System.err: 	at java.lang.Class.getDeclaredMethod(Class.java:2913)
04-01 16:03:32.416  1931  4085 W System.err: 	at com.xiaomi.NetworkBoost.StatusManager.setResloverInterfaceIdAndNetid(StatusManager.java:1651)
04-01 16:03:32.416  1931  4085 W System.err: 	at com.xiaomi.NetworkBoost.StatusManager.setSmartDNSInterface(StatusManager.java:1616)
04-01 16:03:32.416  1931  4085 W System.err: 	at com.xiaomi.NetworkBoost.StatusManager.-$$Nest$msetSmartDNSInterface(Unknown Source:0)
04-01 16:03:32.416  1931  4085 W System.err: 	at com.xiaomi.NetworkBoost.StatusManager$InternalHandler.handleMessage(StatusManager.java:591)
04-01 16:03:32.416  1931  4085 W System.err: 	at android.os.Handler.dispatchMessage(Handler.java:106)
04-01 16:03:32.416  1931  4085 W System.err: 	at android.os.Looper.loopOnce(Looper.java:222)
04-01 16:03:32.416  1931  4085 W System.err: 	at android.os.Looper.loop(Looper.java:314)
04-01 16:03:32.416  1931  4085 W System.err: 	at android.os.HandlerThread.run(HandlerThread.java:67)
04-01 16:03:32.420  6976  8121 I NetBusNetworkMonitor: onCapabilitiesChanged isPrimary = true
04-01 16:03:32.421  9449  9710 W Settings: Setting device_provisioned has moved from android.provider.Settings.Secure to android.provider.Settings.Global.
04-01 16:03:32.421  9449  9710 I JoyoseCloudControlManager3: network metered changed, network metered: false, deviceProvisioned: true, scAllowConn: true, try to setNetworkAccessEnabled: true
04-01 16:03:32.422  6976  8121 I NetBusNetworkMonitor: gateway=192.*.*.1
04-01 16:03:32.428 18449 18499 I BugleRcsEngine: handleMessage processing message:[NOTIFY_UPTIME_IGNORE_STATE_CHANGED] with [non-null]:RcsEngineImpl reference [CONTEXT log_prefix="RcsEngineImpl[DUAL_REG]:[3cf2e2d2-8d57]>Handler" thread_id=98 ]
04-01 16:03:32.429 18449 18499 I BugleRcsEngine: Cannot use CS.apk as it's battery optimized [CONTEXT thread_id=98 ]
04-01 16:03:32.429 18449 18488 I BugleRcsEngine: Connected state: [1], networkType: [WIFI] [CONTEXT thread_id=90 ]
04-01 16:03:32.431  1931  6013 I ClipboardServiceI: checkProviderWakePathForClipboard: primaryClip is null
04-01 16:03:32.431  1931  6013 I SmartPower: com.google.android.apps.messaging/10167(18300): idle->background(3032ms) R(content provider start ContentProviderRecord{73b4454 u0 com.google.android.apps.messaging/.shared.datamodel.provider.sharedstorage.SharedStorageProvider}) adj=200.
04-01 16:03:32.431  6976  8121 I NetBusNetworkMonitor: addConnectNetworkInterface mediumType:256, detail:NetworkDetailInfo{mIsConnected=false, mIsSupportTdls=true, mNetworkType=0, mIpAddress=192.*.*.140, mIfName=wlan0, mGateway=192.*.*.1, mNetmask=255.*.*.0, mSsid=F**C9}
04-01 16:03:32.432  6976  8121 I NetBusNetworkMonitor: onCapabilitiesChanged handle=471557132301, mediumType=256, ifName=wlan0
04-01 16:03:32.436 18449 18499 I BugleRcsEngine: Rcs is enabled from user settings: true [CONTEXT log_prefix="ProvisioningEngineDataRetriever" thread_id=98 ]
04-01 16:03:32.464  6976  7017 W connect_service: Reducing the number of considered missed Gc histogram windows from 377 to 100
04-01 16:03:32.835  1109  5528 I vendor.qti.bluetooth@1.0-ibs_handler: ProcessIbsCmd: Received IBS_WAKE_IND: 0xFD
04-01 16:03:32.836  1109  5528 D vendor.qti.bluetooth@1.0-ibs_handler: SerialClockVote: vote for UART CLK ON
04-01 16:03:32.836  1109  5528 D vendor.qti.bluetooth@1.0-wake_lock: Acquire wakelock is acquired 
04-01 16:03:32.836  1109  5528 I vendor.qti.bluetooth@1.0-ibs_handler: ProcessIbsCmd: Writing IBS_WAKE_ACK
04-01 16:03:32.838  4969  5531 I bt_stack: [INFO:btm_ble_gap.cc(3528)] btm_ble_process_adv_pkt_cont Data Complete 7f:23:b6:78:e3:70
04-01 16:03:32.838  4969  5531 I bt_stack: [INFO:btm_ble_gap.cc(3528)] btm_ble_process_adv_pkt_cont Data Complete 7f:23:b6:78:e3:70
04-01 16:03:32.839  4969  5531 D bt_btm_ble: bool parse_adv_audio_uuids_from_adv_pkt(const uint8_t *, size_t, uint8_t): tmap_cap_pts: false
04-01 16:03:32.839  4969  5244 D BluetoothRemoteDevices:  getMappingAddr null
04-01 16:03:32.839  4969  5244 D BluetoothAdapterService: getIdentityAddress null retruning 7F:23:B6:78:E3:70
04-01 16:03:32.842  4883 15229 I NearbyDiscovery: (REDACTED) BloomFilterAdvManager: Detected bloom filter but too far away, ignoring. %sm, %s
04-01 16:03:32.878  1109  5528 I vendor.qti.bluetooth@1.0-ibs_handler: ProcessIbsCmd: Received IBS_SLEEP_IND: 0xFE
04-01 16:03:32.878  1109  5528 D vendor.qti.bluetooth@1.0-ibs_handler: SerialClockVote: vote for UART CLK OFF
04-01 16:03:32.923  4883 21863 I NearbySharing: Network state changed: NetworkState(isRestricted=false, isOnline=true, isCongested=false, isMetered=false, isWifiConnected=true)
04-01 16:03:33.028  1109  5267 D vendor.qti.bluetooth@1.0-wake_lock: Release wakelock is released 
04-01 16:03:33.748 15827 15907 I Finsky  : [59] Stats for Executor: LightweightExecutor vbl@8700efc[Running, pool size = 4, active threads = 0, queued tasks = 0, completed tasks = 1174]
04-01 16:03:33.748 15827 15907 I Finsky  : [59] Stats for Executor: BlockingExecutor vbl@be561e7[Running, pool size = 0, active threads = 0, queued tasks = 0, completed tasks = 250]
04-01 16:03:33.748 15827 15907 I Finsky  : [59] Stats for Executor: bgExecutor vbl@b16bb5c[Running, pool size = 4, active threads = 0, queued tasks = 0, completed tasks = 2961]
04-01 16:03:33.800  1157  3401 I sensors-hal: handle_sns_std_sensor_event:57, light_event: ts=28083289975456, lux: 174.0, extra_info=13883 
04-01 16:03:34.004  1157  3401 I sensors-hal: handle_sns_std_sensor_event:57, light_event: ts=28083493972800, lux: 57.1, extra_info=5475 
04-01 16:03:34.164  1109  5528 I vendor.qti.bluetooth@1.0-ibs_handler: ProcessIbsCmd: Received IBS_WAKE_IND: 0xFD
04-01 16:03:34.164  1109  5528 D vendor.qti.bluetooth@1.0-ibs_handler: SerialClockVote: vote for UART CLK ON
04-01 16:03:34.165  1109  5528 D vendor.qti.bluetooth@1.0-wake_lock: Acquire wakelock is acquired 
04-01 16:03:34.165  1109  5528 I vendor.qti.bluetooth@1.0-ibs_handler: ProcessIbsCmd: Writing IBS_WAKE_ACK
04-01 16:03:34.166  4969  5531 I bt_stack: [INFO:btm_ble_gap.cc(3528)] btm_ble_process_adv_pkt_cont Data Complete 7f:23:b6:78:e3:70
04-01 16:03:34.206  1109  5528 I vendor.qti.bluetooth@1.0-ibs_handler: ProcessIbsCmd: Received IBS_SLEEP_IND: 0xFE
04-01 16:03:34.206  1109  5528 D vendor.qti.bluetooth@1.0-ibs_handler: SerialClockVote: vote for UART CLK OFF
04-01 16:03:34.208  1157  3401 I sensors-hal: handle_sns_std_sensor_event:57, light_event: ts=28083697966029, lux: 117.3, extra_info=9931 
04-01 16:03:34.356  1109  5267 D vendor.qti.bluetooth@1.0-wake_lock: Release wakelock is released 
04-01 16:03:34.413  1157  3401 I sensors-hal: handle_sns_std_sensor_event:57, light_event: ts=28083901965039, lux: 53.2, extra_info=5098 
04-01 16:03:34.435  1931  4128 D SLM-SRV-SLAService: checktemp temperature = 30808 temperature_average = 30494 isPerformanceMode = false thermal_enable_slm = true
04-01 16:03:34.616  1157  3401 I sensors-hal: handle_sns_std_sensor_event:57, light_event: ts=28084106068789, lux: 65.7, extra_info=5954 
04-01 16:03:34.820  1157  3401 I sensors-hal: handle_sns_std_sensor_event:57, light_event: ts=28084309979414, lux: 142.3, extra_info=11528 
04-01 16:03:34.824  1109  5528 I vendor.qti.bluetooth@1.0-ibs_handler: ProcessIbsCmd: Received IBS_WAKE_IND: 0xFD
04-01 16:03:34.824  1109  5528 D vendor.qti.bluetooth@1.0-ibs_handler: SerialClockVote: vote for UART CLK ON
04-01 16:03:34.825  1109  5528 D vendor.qti.bluetooth@1.0-wake_lock: Acquire wakelock is acquired 
04-01 16:03:34.825  1109  5528 I vendor.qti.bluetooth@1.0-ibs_handler: ProcessIbsCmd: Writing IBS_WAKE_ACK
04-01 16:03:34.827  4969  5531 I bt_stack: [INFO:btm_ble_gap.cc(3528)] btm_ble_process_adv_pkt_cont Data Complete 46:61:fd:16:0c:22
04-01 16:03:34.828  4969  5531 I bt_stack: [INFO:btm_ble_gap.cc(3528)] btm_ble_process_adv_pkt_cont Data Complete 46:61:fd:16:0c:22
04-01 16:03:34.828  4969  5531 D bt_btm_ble: bool parse_adv_audio_uuids_from_adv_pkt(const uint8_t *, size_t, uint8_t): tmap_cap_pts: false
04-01 16:03:34.828  4969  5531 I bt_stack: [INFO:btm_ble_gap.cc(3528)] btm_ble_process_adv_pkt_cont Data Complete 7f:23:b6:78:e3:70
04-01 16:03:34.829  4969  5531 I bt_stack: [INFO:btm_ble_gap.cc(3528)] btm_ble_process_adv_pkt_cont Data Complete 7f:23:b6:78:e3:70
04-01 16:03:34.829  4969  5244 D BluetoothAdapterService: getIdentityAddress null retruning 46:61:FD:16:0C:22
04-01 16:03:34.829  4969  5531 D bt_btm_ble: bool parse_adv_audio_uuids_from_adv_pkt(const uint8_t *, size_t, uint8_t): tmap_cap_pts: false
04-01 16:03:34.832  4969  5244 D BluetoothRemoteDevices:  getMappingAddr null
04-01 16:03:34.832  4969  5244 D BluetoothAdapterService: getIdentityAddress null retruning 7F:23:B6:78:E3:70
04-01 16:03:34.834  4883 15229 I NearbyDiscovery: (REDACTED) BloomFilterAdvManager: Detected bloom filter but too far away, ignoring. %sm, %s
04-01 16:03:34.835  4883 15229 I NearbyDiscovery: (REDACTED) BloomFilterAdvManager: Detected bloom filter but too far away, ignoring. %sm, %s
04-01 16:03:34.867  1109  5528 I vendor.qti.bluetooth@1.0-ibs_handler: ProcessIbsCmd: Received IBS_SLEEP_IND: 0xFE
04-01 16:03:34.867  1109  5528 D vendor.qti.bluetooth@1.0-ibs_handler: SerialClockVote: vote for UART CLK OFF
04-01 16:03:35.018  1109  5267 D vendor.qti.bluetooth@1.0-wake_lock: Release wakelock is released 
04-01 16:03:35.024  1157  3401 I sensors-hal: handle_sns_std_sensor_event:57, light_event: ts=28084513965196, lux: 78.2, extra_info=6716 
04-01 16:03:35.229  1157  3401 I sensors-hal: handle_sns_std_sensor_event:57, light_event: ts=28084717964987, lux: 44.2, extra_info=4050 
04-01 16:03:35.429  1899  1899 I wificond: station_bandwidth: 
04-01 16:03:35.432  1157  3401 I sensors-hal: handle_sns_std_sensor_event:57, light_event: ts=28084921964727, lux: 199.0, extra_info=15846 
04-01 16:03:35.432  1931  3244 I SmartPower: com.google.android.apps.messaging/10167(18300): background->idle(3001ms) R(content provider start ContentProviderRecord{73b4454 u0 com.google.android.apps.messaging/.shared.datamodel.provider.sharedstorage.SharedStorageProvider}) adj=200.
04-01 16:03:35.436  4019  4019 D ArtChoreographerMonitor: invoke error.
04-01 16:03:35.458  1254  1254 E vendor.qti.hardware.perf@2.2-service: Unknown params
04-01 16:03:35.585  1109  5528 I vendor.qti.bluetooth@1.0-ibs_handler: ProcessIbsCmd: Received IBS_WAKE_IND: 0xFD
04-01 16:03:35.585  1109  5528 D vendor.qti.bluetooth@1.0-ibs_handler: SerialClockVote: vote for UART CLK ON
04-01 16:03:35.586  1109  5528 D vendor.qti.bluetooth@1.0-wake_lock: Acquire wakelock is acquired 
04-01 16:03:35.586  1109  5528 I vendor.qti.bluetooth@1.0-ibs_handler: ProcessIbsCmd: Writing IBS_WAKE_ACK
04-01 16:03:35.587  4969  5531 I bt_stack: [INFO:btm_ble_gap.cc(3528)] btm_ble_process_adv_pkt_cont Data Complete 46:61:fd:16:0c:22
04-01 16:03:35.587  4969  5531 I bt_stack: [INFO:btm_ble_gap.cc(3528)] btm_ble_process_adv_pkt_cont Data Complete 46:61:fd:16:0c:22
04-01 16:03:35.587  4969  5531 D bt_btm_ble: bool parse_adv_audio_uuids_from_adv_pkt(const uint8_t *, size_t, uint8_t): tmap_cap_pts: false
04-01 16:03:35.588  4969  5244 D BluetoothAdapterService: getIdentityAddress null retruning 46:61:FD:16:0C:22
04-01 16:03:35.593  4883 15229 I NearbyDiscovery: (REDACTED) BloomFilterAdvManager: Detected bloom filter but too far away, ignoring. %sm, %s
04-01 16:03:35.612  4019  4019 D ArtChoreographerMonitor: invoke error.
04-01 16:03:35.626  1109  5528 I vendor.qti.bluetooth@1.0-ibs_handler: ProcessIbsCmd: Received IBS_SLEEP_IND: 0xFE
04-01 16:03:35.627  1109  5528 D vendor.qti.bluetooth@1.0-ibs_handler: SerialClockVote: vote for UART CLK OFF
04-01 16:03:35.636  1157  3401 I sensors-hal: handle_sns_std_sensor_event:57, light_event: ts=28085125978373, lux: 244.7, extra_info=19455 
04-01 16:03:35.777  1109  5267 D vendor.qti.bluetooth@1.0-wake_lock: Release wakelock is released 
04-01 16:03:37.499  1254 23845 E ANDR-PERF-HINTEXT: Offload new thread from switchToNewFps
04-01 16:03:37.787 15909 17072 V U.Notification: Posting new notification, elapsed=16070
04-01 16:03:38.451  1899  1899 I wificond: station_bandwidth: 
04-01 16:03:38.459  4019  4019 D ArtChoreographerMonitor: invoke error.
04-01 16:03:38.478  1254  1254 E vendor.qti.hardware.perf@2.2-service: Unknown params
04-01 16:03:38.629  4019  4019 D ArtChoreographerMonitor: invoke error.
04-01 16:03:38.791  1109  5528 I vendor.qti.bluetooth@1.0-ibs_handler: ProcessIbsCmd: Received IBS_WAKE_IND: 0xFD
04-01 16:03:38.792  1109  5528 D vendor.qti.bluetooth@1.0-ibs_handler: SerialClockVote: vote for UART CLK ON
04-01 16:03:38.792  1109  5528 D vendor.qti.bluetooth@1.0-wake_lock: Acquire wakelock is acquired 
04-01 16:03:38.793  1109  5528 I vendor.qti.bluetooth@1.0-ibs_handler: ProcessIbsCmd: Writing IBS_WAKE_ACK
04-01 16:03:38.794  4969  5531 I bt_stack: [INFO:btm_ble_gap.cc(3528)] btm_ble_process_adv_pkt_cont Data Complete 7f:23:b6:78:e3:70
04-01 16:03:38.833  1109  5528 I vendor.qti.bluetooth@1.0-ibs_handler: ProcessIbsCmd: Received IBS_SLEEP_IND: 0xFE
04-01 16:03:38.834  1109  5528 D vendor.qti.bluetooth@1.0-ibs_handler: SerialClockVote: vote for UART CLK OFF
04-01 16:03:38.984  1109  5267 D vendor.qti.bluetooth@1.0-wake_lock: Release wakelock is released 
04-01 16:03:39.274 15827 15907 I Finsky  : [59] Stats for Executor: GrpcBackgroundExecutor vbl@851fa8e[Running, pool size = 4, active threads = 0, queued tasks = 0, completed tasks = 6]
04-01 16:03:40.772 23046 23046 I Capacitor/Console: File:  - Line 349 - Msg: [object Object]
04-01 16:03:40.774 23046 23046 V Capacitor/Plugin: To native (Capacitor plugin): callbackId: 97311495, pluginId: ScreenTime, methodName: consumePendingNavigation
04-01 16:03:40.774 23046 23046 V Capacitor: callback: 97311495, pluginId: ScreenTime, methodName: consumePendingNavigation, methodData: {}
04-01 16:03:40.776 23046 23143 D BlearnScreenTime: consume_pending_navigation_empty
04-01 16:03:40.781 23046 23046 I Capacitor/Console: File:  - Line 333 - Msg: undefined
04-01 16:03:40.809  1109  5528 I vendor.qti.bluetooth@1.0-ibs_handler: ProcessIbsCmd: Received IBS_WAKE_IND: 0xFD
04-01 16:03:40.809  1109  5528 D vendor.qti.bluetooth@1.0-ibs_handler: SerialClockVote: vote for UART CLK ON
04-01 16:03:40.809  1109  5528 D vendor.qti.bluetooth@1.0-wake_lock: Acquire wakelock is acquired 
04-01 16:03:40.809  1109  5528 I vendor.qti.bluetooth@1.0-ibs_handler: ProcessIbsCmd: Writing IBS_WAKE_ACK
04-01 16:03:40.811  4969  5531 I bt_stack: [INFO:btm_ble_gap.cc(3528)] btm_ble_process_adv_pkt_cont Data Complete 7f:23:b6:78:e3:70
04-01 16:03:40.812  4969  5531 I bt_stack: [INFO:btm_ble_gap.cc(3528)] btm_ble_process_adv_pkt_cont Data Complete 7f:23:b6:78:e3:70
04-01 16:03:40.812  4969  5531 D bt_btm_ble: bool parse_adv_audio_uuids_from_adv_pkt(const uint8_t *, size_t, uint8_t): tmap_cap_pts: false
04-01 16:03:40.812  4969  5531 I bt_stack: [INFO:btm_ble_gap.cc(3528)] btm_ble_process_adv_pkt_cont Data Complete 46:61:fd:16:0c:22
04-01 16:03:40.813  4969  5531 I bt_stack: [INFO:btm_ble_gap.cc(3528)] btm_ble_process_adv_pkt_cont Data Complete 46:61:fd:16:0c:22
04-01 16:03:40.813  4969  5531 D bt_btm_ble: bool parse_adv_audio_uuids_from_adv_pkt(const uint8_t *, size_t, uint8_t): tmap_cap_pts: false
04-01 16:03:40.813  4969  5244 D BluetoothRemoteDevices:  getMappingAddr null
04-01 16:03:40.813  4969  5244 D BluetoothAdapterService: getIdentityAddress null retruning 7F:23:B6:78:E3:70
04-01 16:03:40.815  4969  5244 D BluetoothAdapterService: getIdentityAddress null retruning 46:61:FD:16:0C:22
04-01 16:03:40.818  4883 15229 I NearbyDiscovery: (REDACTED) BloomFilterAdvManager: Detected bloom filter but too far away, ignoring. %sm, %s
04-01 16:03:40.821  4883 15229 I NearbyDiscovery: (REDACTED) BloomFilterAdvManager: Detected bloom filter but too far away, ignoring. %sm, %s
04-01 16:03:40.835 23876 23876 W BpBinder: Linking to death on android.gui.ISurfaceComposer but there are no threads (yet?) listening to incoming transactions. See ProcessState::startThreadPool and ProcessState::setThreadPoolMaxThreadCount. Generally you should setup the binder threadpool before other initialization steps.
04-01 16:03:40.837  5908  6411 W MediaProvider: isAppCloneUserPair for user 0: false
04-01 16:03:40.840 23876 23876 W ProcessState: Extra binder thread started, but 0 threads requested. Do not use *startThreadPool when zero threads are requested.
04-01 16:03:40.853  1109  5528 I vendor.qti.bluetooth@1.0-ibs_handler: ProcessIbsCmd: Received IBS_SLEEP_IND: 0xFE
04-01 16:03:40.853  1109  5528 D vendor.qti.bluetooth@1.0-ibs_handler: SerialClockVote: vote for UART CLK OFF
04-01 16:03:40.906  1931  6013 D ActivityManager: checkAllowBackground: uid=10163 pkg=com.google.android.gms rec=UidRecord{875802d u0a163 BFGS change:procadj procs:0 seq(301679,985)} caps=LCMNFU always=false idle=false
04-01 16:03:40.915  1931  8587 W ProcessStats: Tracking association SourceState{c7aa938 system/1000 BFgs #54991} whose proc state 4 is better than process ProcessState{9194d11 com.google.android.inputmethod.latin/10179 pkg=com.google.android.inputmethod.latin} proc state 6 (5 skipped)
04-01 16:03:40.916  1931  8587 I SmartPower: com.google.android.gms/10163(5288): idle->background(70937ms) R(service create com.google.android.gms/.ipa.base.IpaGcmTaskService) adj=0.
04-01 16:03:40.926  4883 23533 I NetworkScheduler.Stats: (REDACTED) Task %s/%s started execution. cause:%s exec_start_elapsed_seconds: %s
04-01 16:03:40.930  4883 23811 I NetworkScheduler.Stats: (REDACTED) Task %s/%s finished executing. cause:%s result: %s elapsed_millis: %s uptime_millis: %s exec_start_elapsed_seconds: %s
04-01 16:03:40.944  1931  6068 D ActivityManager: checkAllowBackground: uid=10163 pkg=com.google.android.gms rec=UidRecord{875802d u0a163 BFGS change:procadj procs:0 seq(301689,985)} caps=LCMNFU always=false idle=false
04-01 16:03:41.003  1109  5267 D vendor.qti.bluetooth@1.0-wake_lock: Release wakelock is released 
04-01 16:03:41.471  1899  1899 I wificond: station_bandwidth: 
04-01 16:03:41.476  4019  4019 D ArtChoreographerMonitor: invoke error.
04-01 16:03:41.504  1254  1254 E vendor.qti.hardware.perf@2.2-service: Unknown params
04-01 16:03:41.659  4019  4019 D ArtChoreographerMonitor: invoke error.
04-01 16:03:41.704  1931  6068 I ActivityManager: Broadcasting: Intent { act=android.intent.action.MEDIA_SCANNER_SCAN_FILE dat=file:///... flg=0x400000 }
04-01 16:03:41.704  1931  6068 I ActivityManager: Broadcast action android.intent.action.MEDIA_SCANNER_SCAN_FILE forcing include-background
04-01 16:03:41.705  1931  6068 D ActivityManager: checkAllowBackground: uid=10219 pkg=com.google.android.providers.media.module rec=UidRecord{13e0cf5 u0a219 PER  change:procadj procs:0 seq(301614,888)} caps=LCMNFU always=true idle=false
04-01 16:03:41.705  1931  6068 I ActivityManager: App 10219/com.google.android.providers.media.module targets O+, restricted
04-01 16:03:41.705  1931  6068 D ActivityManager: checkAllowBackground: uid=10219 pkg=com.google.android.providers.media.module startMode=2 onallowlist=false onallowlist(ei)=false
04-01 16:03:41.705  1931  6068 D ActivityManager: checkAllowBackground: uid=1000 pkg=com.miui.securitycore rec=UidRecord{32d667d 1000 PER  fgServices change:procadj procs:0 seq(301670,297765)} caps=LCMNFU always=true idle=false
04-01 16:03:41.705  1931  6068 I ActivityManager: App 1000/com.miui.securitycore targets O+, restricted
04-01 16:03:41.705  1931  6068 D ActivityManager: checkAllowBackground: uid=1000 pkg=com.miui.securitycore startMode=2 onallowlist=false onallowlist(ei)=false
04-01 16:03:41.705  1931  6068 I ActivityManager: Enqueued broadcast Intent { act=android.intent.action.MEDIA_SCANNER_SCAN_FILE dat=file:///... flg=0x400000 }: 0
04-01 16:03:41.705  1931  2365 D ActivityManager: checkAllowBackground: uid=10219 pkg=com.google.android.providers.media.module rec=UidRecord{13e0cf5 u0a219 PER  change:procadj procs:0 seq(301614,888)} caps=LCMNFU always=true idle=false
04-01 16:03:41.705  1931  2365 I ActivityManager: App 10219/com.google.android.providers.media.module targets O+, restricted
04-01 16:03:41.705  1931  2365 D ActivityManager: checkAllowBackground: uid=10219 pkg=com.google.android.providers.media.module startMode=2 onallowlist=false onallowlist(ei)=false
04-01 16:03:41.709  5908  5908 I MediaServiceV2: Creating work for intent Intent { act=android.intent.action.MEDIA_SCANNER_SCAN_FILE dat=file:///... flg=0x1400010 cmp=com.google.android.providers.media.module/com.android.providers.media.MediaServiceV2 }
04-01 16:03:41.710  5908  5908 I MediaServiceV2: Work enqueued for intent: Intent { act=android.intent.action.MEDIA_SCANNER_SCAN_FILE dat=file:///... flg=0x1400010 cmp=com.google.android.providers.media.module/com.android.providers.media.MediaServiceV2 }
04-01 16:03:41.712  1931  2365 D ActivityManager: checkAllowBackground: uid=1000 pkg=com.miui.securitycore rec=UidRecord{32d667d 1000 PER  fgServices change:procadj procs:0 seq(301670,297765)} caps=LCMNFU always=true idle=false
04-01 16:03:41.712  1931  2365 I ActivityManager: App 1000/com.miui.securitycore targets O+, restricted
04-01 16:03:41.712  1931  2365 D ActivityManager: checkAllowBackground: uid=1000 pkg=com.miui.securitycore startMode=2 onallowlist=false onallowlist(ei)=false
04-01 16:03:41.718  1931  2012 I ActivityManager: Broadcast completed: result=0
04-01 16:03:41.720 23876 23876 I DoViGenericTag: Logger Terminated
04-01 16:03:41.732  5908  6085 D WM-SystemJobScheduler: Scheduling work ID c52547ab-6cef-4604-85ab-d1e9df82fbd6Job ID 10830
04-01 16:03:41.733  1931  6068 D ActivityManager: checkAllowBackground: uid=10219 pkg=com.google.android.providers.media.module rec=UidRecord{13e0cf5 u0a219 PER  change:procadj procs:0 seq(301691,888)} caps=LCMNFU always=false idle=false
04-01 16:03:41.741  1931  6068 I whetstone.activity: Power Event callback listener is empty for resId=256
04-01 16:03:41.742  1931  6068 D BatteryStatsManagerStub: notifyEvent for resId=256 used 0ms
04-01 16:03:41.746  5908  5908 D WM-SystemJobService: onStartJob for WorkGenerationalId(workSpecId=c52547ab-6cef-4604-85ab-d1e9df82fbd6, generation=0)
04-01 16:03:41.746  5908  6085 D WM-GreedyScheduler: Ignoring {WorkSpec: 32d8ab03-23d9-40ba-b7b8-55fbb9b873b7}. Requires device idle.
04-01 16:03:41.746  5908  6085 D WM-GreedyScheduler: Starting work for c52547ab-6cef-4604-85ab-d1e9df82fbd6
04-01 16:03:41.749  5908  6085 D WM-Processor: Processor: processing WorkGenerationalId(workSpecId=c52547ab-6cef-4604-85ab-d1e9df82fbd6, generation=0)
04-01 16:03:41.750  5908  6085 D WM-Processor: Work WorkGenerationalId(workSpecId=c52547ab-6cef-4604-85ab-d1e9df82fbd6, generation=0) is already enqueued for processing
04-01 16:03:41.753  5908  5908 D WM-WorkerWrapper: Starting work for com.android.providers.media.MediaServiceV2
04-01 16:03:41.754  5908 23895 I MediaServiceV2: Work initiated for action [ android.intent.action.MEDIA_SCANNER_SCAN_FILE ]
04-01 16:03:41.778  5908 23895 I MediaServiceV2: Work ended for action [ android.intent.action.MEDIA_SCANNER_SCAN_FILE ]
04-01 16:03:41.779  5908  6092 I WM-WorkerWrapper: Worker result SUCCESS for Work [ id=c52547ab-6cef-4604-85ab-d1e9df82fbd6, tags={ com.android.providers.media.MediaServiceV2 } ]
04-01 16:03:41.780  5908  5908 D WM-Processor: Processor c52547ab-6cef-4604-85ab-d1e9df82fbd6 executed; reschedule = false
04-01 16:03:41.781  5908  5908 D WM-SystemJobService: c52547ab-6cef-4604-85ab-d1e9df82fbd6 executed on JobScheduler
04-01 16:03:41.781  1931  6068 I whetstone.activity: Power Event callback listener is empty for resId=256
04-01 16:03:41.781  1931  6068 D BatteryStatsManagerStub: notifyEvent for resId=256 used 0ms
04-01 16:03:41.787  5908  6092 D WM-GreedyScheduler: Cancelling work ID c52547ab-6cef-4604-85ab-d1e9df82fbd6
04-01 16:03:41.789  5908  6092 D WM-GreedyScheduler: Ignoring {WorkSpec: 32d8ab03-23d9-40ba-b7b8-55fbb9b873b7}. Requires device idle.
04-01 16:03:41.799  5908  6002 D WM-SystemJobScheduler: Scheduling work ID 66065bbc-7a58-4da4-a38a-361b996efc03Job ID 10831
04-01 16:03:41.800  1931  6899 D ActivityManager: checkAllowBackground: uid=10219 pkg=com.google.android.providers.media.module rec=UidRecord{13e0cf5 u0a219 PER  change:procadj procs:0 seq(301695,888)} caps=LCMNFU always=false idle=false
04-01 16:03:41.801  1931  6899 D ActivityManager: checkAllowBackground: uid=1000 pkg=android rec=UidRecord{32d667d 1000 PER  fgServices change:procadj procs:0 seq(301693,297765)} caps=LCMNFU always=false idle=false
04-01 16:03:41.802  5908  6002 D WM-GreedyScheduler: Ignoring {WorkSpec: 32d8ab03-23d9-40ba-b7b8-55fbb9b873b7}. Requires device idle.
