04-01 16:12:06.283 25658 25658 V Capacitor/Plugin: To native (Capacitor plugin): callbackId: 25110878, pluginId: ScreenTime, methodName: consumePendingNavigation
04-01 16:12:06.283 25658 25658 V Capacitor: callback: 25110878, pluginId: ScreenTime, methodName: consumePendingNavigation, methodData: {}
04-01 16:12:06.285 25658 25742 D BlearnScreenTime: consume_pending_navigation_empty
04-01 16:12:06.291 25658 25658 I Capacitor/Console: File:  - Line 333 - Msg: undefined
04-01 16:12:06.857  1174  1282 D mrmd-cert: Second Stage:rotate key compare count:7
04-01 16:12:07.799  1931  3244 I SmartPower: android.process.acore/10060(5250): background->idle(3000ms) R(content provider start ContentProviderRecord{4d2d6b5 u0 com.android.providers.contacts/.ContactsProvider2}) adj=200.
04-01 16:12:08.328  1109  5528 I vendor.qti.bluetooth@1.0-ibs_handler: ProcessIbsCmd: Received IBS_WAKE_IND: 0xFD
04-01 16:12:08.328  1109  5528 D vendor.qti.bluetooth@1.0-ibs_handler: SerialClockVote: vote for UART CLK ON
04-01 16:12:08.328  1109  5528 D vendor.qti.bluetooth@1.0-wake_lock: Acquire wakelock is acquired 
04-01 16:12:08.329  1109  5528 I vendor.qti.bluetooth@1.0-ibs_handler: ProcessIbsCmd: Writing IBS_WAKE_ACK
04-01 16:12:08.330  4969  5531 I bt_stack: [INFO:btm_ble_gap.cc(3528)] btm_ble_process_adv_pkt_cont Data Complete 46:61:fd:16:0c:22
04-01 16:12:08.331  4969  5531 I bt_stack: [INFO:btm_ble_gap.cc(3528)] btm_ble_process_adv_pkt_cont Data Complete 46:61:fd:16:0c:22
04-01 16:12:08.331  4969  5531 D bt_btm_ble: bool parse_adv_audio_uuids_from_adv_pkt(const uint8_t *, size_t, uint8_t): tmap_cap_pts: false
04-01 16:12:08.332  4969  5244 D BluetoothAdapterService: getIdentityAddress null retruning 46:61:FD:16:0C:22
04-01 16:12:08.337  4883 15229 I NearbyDiscovery: (REDACTED) BloomFilterAdvManager: Detected bloom filter but too far away, ignoring. %sm, %s
04-01 16:12:08.369  1109  5528 I vendor.qti.bluetooth@1.0-ibs_handler: ProcessIbsCmd: Received IBS_SLEEP_IND: 0xFE
04-01 16:12:08.369  1109  5528 D vendor.qti.bluetooth@1.0-ibs_handler: SerialClockVote: vote for UART CLK OFF
04-01 16:12:08.520  1109  5267 D vendor.qti.bluetooth@1.0-wake_lock: Release wakelock is released 
04-01 16:12:08.935  1899  1899 I wificond: station_bandwidth: 
04-01 16:12:08.942  1931  1931 W JobService: onNetworkChanged() not implemented in com.android.server.content.SyncJobService. Must override in a subclass.
04-01 16:12:08.943  4019  4019 D ArtChoreographerMonitor: invoke error.
04-01 16:12:08.943 15991 15991 W JobService: onNetworkChanged() not implemented in androidx.work.impl.background.systemjob.SystemJobService. Must override in a subclass.
04-01 16:12:08.948  1931  4085 I NetworkBoostStatusManager: handle: 102
04-01 16:12:08.948  1931  4085 I NetworkBoostStatusManager: interfaceOnCapabilitiesChanged interface name:wlan0
04-01 16:12:08.948  1931  4085 I NetworkBoostStatusManager: handle: 104
04-01 16:12:08.948  1931  4085 I NetworkBoostStatusManager: SmartDNS onAvailable WIFI master.
04-01 16:12:08.950  1931  4085 I NetworkBoostStatusManager: SmartDNS push DnsReslover a relationship, netid 109 name "Flybox-82C9"
04-01 16:12:08.950  1931  4085 W System.err: java.lang.NoSuchMethodException: android.net.ConnectivityManager.setResloverInterfaceIdAndNetid [int, class java.lang.String]
04-01 16:12:08.950  1931  4085 W System.err: 	at java.lang.Class.getMethod(Class.java:2934)
04-01 16:12:08.950  1931  4085 W System.err: 	at java.lang.Class.getDeclaredMethod(Class.java:2913)
04-01 16:12:08.950  1931  4085 W System.err: 	at com.xiaomi.NetworkBoost.StatusManager.setResloverInterfaceIdAndNetid(StatusManager.java:1651)
04-01 16:12:08.950  1931  4085 W System.err: 	at com.xiaomi.NetworkBoost.StatusManager.setSmartDNSInterface(StatusManager.java:1616)
04-01 16:12:08.950  1931  4085 W System.err: 	at com.xiaomi.NetworkBoost.StatusManager.-$$Nest$msetSmartDNSInterface(Unknown Source:0)
04-01 16:12:08.950  1931  4085 W System.err: 	at com.xiaomi.NetworkBoost.StatusManager$InternalHandler.handleMessage(StatusManager.java:591)
04-01 16:12:08.950  1931  4085 W System.err: 	at android.os.Handler.dispatchMessage(Handler.java:106)
04-01 16:12:08.950  1931  4085 W System.err: 	at android.os.Looper.loopOnce(Looper.java:222)
04-01 16:12:08.950  1931  4085 W System.err: 	at android.os.Looper.loop(Looper.java:314)
04-01 16:12:08.950  1931  4085 W System.err: 	at android.os.HandlerThread.run(HandlerThread.java:67)
04-01 16:12:08.956  6976  8121 I NetBusNetworkMonitor: onCapabilitiesChanged isPrimary = true
04-01 16:12:08.958  9449  9710 W Settings: Setting device_provisioned has moved from android.provider.Settings.Secure to android.provider.Settings.Global.
04-01 16:12:08.958  9449  9710 I JoyoseCloudControlManager3: network metered changed, network metered: false, deviceProvisioned: true, scAllowConn: true, try to setNetworkAccessEnabled: true
04-01 16:12:08.959  6976  8121 I NetBusNetworkMonitor: gateway=192.*.*.1
04-01 16:12:08.964  6976  8121 I NetBusNetworkMonitor: addConnectNetworkInterface mediumType:256, detail:NetworkDetailInfo{mIsConnected=false, mIsSupportTdls=true, mNetworkType=0, mIpAddress=192.*.*.140, mIfName=wlan0, mGateway=192.*.*.1, mNetmask=255.*.*.0, mSsid=F**C9}
04-01 16:12:08.964  6976  8121 I NetBusNetworkMonitor: onCapabilitiesChanged handle=471557132301, mediumType=256, ifName=wlan0
04-01 16:12:08.967 18449 18499 I BugleRcsEngine: handleMessage processing message:[NOTIFY_UPTIME_IGNORE_STATE_CHANGED] with [non-null]:RcsEngineImpl reference [CONTEXT log_prefix="RcsEngineImpl[DUAL_REG]:[3cf2e2d2-8d57]>Handler" thread_id=98 ]
04-01 16:12:08.968 18449 18488 I BugleRcsEngine: Connected state: [1], networkType: [WIFI] [CONTEXT thread_id=90 ]
04-01 16:12:08.968 18449 18499 I BugleRcsEngine: Cannot use CS.apk as it's battery optimized [CONTEXT thread_id=98 ]
04-01 16:12:08.972  1931  5054 I ClipboardServiceI: checkProviderWakePathForClipboard: primaryClip is null
04-01 16:12:08.972  1931  5054 I SmartPower: com.google.android.apps.messaging/10167(18300): idle->background(27216ms) R(content provider start ContentProviderRecord{73b4454 u0 com.google.android.apps.messaging/.shared.datamodel.provider.sharedstorage.SharedStorageProvider}) adj=200.
04-01 16:12:08.974 18449 18499 I BugleRcsEngine: Rcs is enabled from user settings: true [CONTEXT log_prefix="ProvisioningEngineDataRetriever" thread_id=98 ]
04-01 16:12:09.120  4019  4019 D ArtChoreographerMonitor: invoke error.
04-01 16:12:09.464  4883 21863 I NearbySharing: Network state changed: NetworkState(isRestricted=false, isOnline=true, isCongested=false, isMetered=false, isWifiConnected=true)
04-01 16:12:11.067  1109  5528 I vendor.qti.bluetooth@1.0-ibs_handler: ProcessIbsCmd: Received IBS_WAKE_IND: 0xFD
04-01 16:12:11.067  1109  5528 D vendor.qti.bluetooth@1.0-ibs_handler: SerialClockVote: vote for UART CLK ON
04-01 16:12:11.068  1109  5528 D vendor.qti.bluetooth@1.0-wake_lock: Acquire wakelock is acquired 
04-01 16:12:11.068  1109  5528 I vendor.qti.bluetooth@1.0-ibs_handler: ProcessIbsCmd: Writing IBS_WAKE_ACK
04-01 16:12:11.069  4969  5531 I bt_stack: [INFO:btm_ble_gap.cc(3528)] btm_ble_process_adv_pkt_cont Data Complete 46:61:fd:16:0c:22
04-01 16:12:11.069  4969  5531 I bt_stack: [INFO:btm_ble_gap.cc(3528)] btm_ble_process_adv_pkt_cont Data Complete 46:61:fd:16:0c:22
04-01 16:12:11.070  4969  5531 D bt_btm_ble: bool parse_adv_audio_uuids_from_adv_pkt(const uint8_t *, size_t, uint8_t): tmap_cap_pts: false
04-01 16:12:11.071  4969  5244 D BluetoothAdapterService: getIdentityAddress null retruning 46:61:FD:16:0C:22
04-01 16:12:11.076  4883 15229 I NearbyDiscovery: (REDACTED) BloomFilterAdvManager: Detected bloom filter but too far away, ignoring. %sm, %s
04-01 16:12:11.108  1109  5528 I vendor.qti.bluetooth@1.0-ibs_handler: ProcessIbsCmd: Received IBS_SLEEP_IND: 0xFE
04-01 16:12:11.109  1109  5528 D vendor.qti.bluetooth@1.0-ibs_handler: SerialClockVote: vote for UART CLK OFF
04-01 16:12:11.259  1109  5267 D vendor.qti.bluetooth@1.0-wake_lock: Release wakelock is released 
04-01 16:12:11.795  3991  3991 D DynamicService:  ACTION_BATTERY_CHANGED change,USB plug = 2
04-01 16:12:11.797  3991  3991 D DynamicService_WifiBt:  ACTION_BATTERY_CHANGED change,USB plug = 2
04-01 16:12:11.807  1931  1931 D UiModeManager: updateConfigurationLocked: mDockState=0; mCarMode=false; mCar=false; mPowerSave=false; mOverrideNightModeOn=false; mOverrideNightModeOff=false; mComputedNightMode=true; mNightMode=2; uiMode=33
04-01 16:12:11.808  3977  3977 D QtiCarrierConfigHelper: WARNING, no carrier configs on phone Id: 1
04-01 16:12:11.809  3961  3961 D DeviceStatisticsService: onReceive: action= android.intent.action.BATTERY_CHANGED
04-01 16:12:11.811  3961  3961 V DeviceStatisticsService: chargerType=2 batteryLevel=81 totalBatteryCapacity=3874000
04-01 16:12:11.811  3961  3961 D DeviceInfoHidlClient: isRadioOn()=true
04-01 16:12:11.811  3961  3961 I DeviceInfoHidlClient: isPowerInfoNeverSent=false batteryLevel=81 batteryLevelIndex=3 chargingMode=2 totalCapacity=3874000 powerSaveMode=false
04-01 16:12:11.812  6817  7165 D PowerCheckerService: onBatteryChanged, mBatteryLevel = 81, status = 2, level = 81, plug = 2, scale = 100
04-01 16:12:11.812  6988  6988 I PowerUtils: getSurfaceTemprature temp: 31
04-01 16:12:11.812  6817  8427 D PowerKeeper.Thermal: mBatteryTemperature: 29
04-01 16:12:11.815  6988  6988 I PowerSaveService: onReceive: android.intent.action.BATTERY_CHANGED
04-01 16:12:11.815  6988  6988 I PowerNoticeUI: handleBatteryChanged oldPlugType 2 mPlugType 2 oldBatteryLevel 81 mBatteryLevel 81 temperature 290
04-01 16:12:11.816  6988  6988 I ChargerBatteryIntelligenceReceiver: onBatteryChanged temperature：29,plugType:2
04-01 16:12:11.816  6988 14868 I android_os_HwBinder: HwBinder: Starting thread pool for getting: vendor.xiaomi.hardware.micharge@1.0::IMiCharge/default
04-01 16:12:11.817  1285  1296 I vendor.xiaomi.hardware.micharge@1.0-service: ReadFilePathValue path = /sys/class/qcom-battery/night_charging value = 0
04-01 16:12:11.818  6988 14868 I ChargeProtectionUtils: getNightChargingState: 0
04-01 16:12:11.957  1899  1899 I wificond: station_bandwidth: 
04-01 16:12:11.962  4019  4019 D ArtChoreographerMonitor: invoke error.
04-01 16:12:11.972  1931  3244 I SmartPower: com.google.android.apps.messaging/10167(18300): background->idle(3000ms) R(content provider start ContentProviderRecord{73b4454 u0 com.google.android.apps.messaging/.shared.datamodel.provider.sharedstorage.SharedStorageProvider}) adj=200.
04-01 16:12:12.134  4019  4019 D ArtChoreographerMonitor: invoke error.
04-01 16:12:12.178 15909 17072 V U.Notification: Posting new notification, elapsed=16072
04-01 16:12:12.289 25658 25658 I Capacitor/Console: File:  - Line 349 - Msg: [object Object]
04-01 16:12:12.290 25658 25658 V Capacitor/Plugin: To native (Capacitor plugin): callbackId: 25110879, pluginId: ScreenTime, methodName: consumePendingNavigation
04-01 16:12:12.290 25658 25658 V Capacitor: callback: 25110879, pluginId: ScreenTime, methodName: consumePendingNavigation, methodData: {}
04-01 16:12:12.291  1931  2365 I SmartPower: com.facebook.appmanager/10141(10241): idle->background(45907ms) R(broadcast start Intent { act=android.intent.action.BATTERY_CHANGED flg=0x60000010 (has extras) }) adj=915.
04-01 16:12:12.293  1931  2365 I SmartPower: com.xiaomi.discover/10121(15017): idle->background(45907ms) R(broadcast start Intent { act=android.intent.action.BATTERY_CHANGED flg=0x60000010 (has extras) }) adj=905.
04-01 16:12:12.294 25658 25742 D BlearnScreenTime: consume_pending_navigation_empty
04-01 16:12:12.296  1931  2365 I SmartPower: com.android.chrome/10171(15878): idle->background(45908ms) R(broadcast start Intent { act=android.intent.action.BATTERY_CHANGED flg=0x60000010 (has extras) }) adj=900.
04-01 16:12:12.298 25658 25658 I Capacitor/Console: File:  - Line 333 - Msg: undefined
04-01 16:12:12.299  1931  2365 I SmartPower: com.digibites.accubattery/10422(15909): idle->background(45909ms) R(broadcast start Intent { act=android.intent.action.BATTERY_CHANGED flg=0x60000010 (has extras) }) adj=200.
04-01 16:12:12.302  1931  2365 I SmartPower: com.microsoft.teams/10242(17220): idle->background(45909ms) R(broadcast start Intent { act=android.intent.action.BATTERY_CHANGED flg=0x60000010 (has extras) }) adj=905.
04-01 16:12:12.304  1931  2365 I SmartPower: com.miui.android.fashiongallery/10229(22232): idle->background(45908ms) R(broadcast start Intent { act=android.intent.action.BATTERY_CHANGED flg=0x60000010 (has extras) }) adj=905.
04-01 16:12:14.299  1931  3244 D IntervalStats: Unable to parse usage stats packages: [1762]
04-01 16:12:14.860  1931  4128 D SLM-SRV-SLAService: checktemp temperature = 31311 temperature_average = 31415 isPerformanceMode = false thermal_enable_slm = true
04-01 16:12:14.976  1899  1899 I wificond: station_bandwidth: 
04-01 16:12:14.981  1931  1931 W JobService: onNetworkChanged() not implemented in com.android.server.content.SyncJobService. Must override in a subclass.
04-01 16:12:14.982 15991 15991 W JobService: onNetworkChanged() not implemented in androidx.work.impl.background.systemjob.SystemJobService. Must override in a subclass.
04-01 16:12:14.983  1931  4085 I NetworkBoostStatusManager: handle: 102
04-01 16:12:14.984  1931  4085 I NetworkBoostStatusManager: interfaceOnCapabilitiesChanged interface name:wlan0
04-01 16:12:14.984  1931  4085 I NetworkBoostStatusManager: handle: 104
04-01 16:12:14.984  1931  4085 I NetworkBoostStatusManager: SmartDNS onAvailable WIFI master.
04-01 16:12:14.984  4019  4019 D ArtChoreographerMonitor: invoke error.
04-01 16:12:14.985  1931  4085 I NetworkBoostStatusManager: SmartDNS push DnsReslover a relationship, netid 109 name "Flybox-82C9"
04-01 16:12:14.985  1931  4085 W System.err: java.lang.NoSuchMethodException: android.net.ConnectivityManager.setResloverInterfaceIdAndNetid [int, class java.lang.String]
04-01 16:12:14.985  1931  4085 W System.err: 	at java.lang.Class.getMethod(Class.java:2934)
04-01 16:12:14.985  1931  4085 W System.err: 	at java.lang.Class.getDeclaredMethod(Class.java:2913)
04-01 16:12:14.985  1931  4085 W System.err: 	at com.xiaomi.NetworkBoost.StatusManager.setResloverInterfaceIdAndNetid(StatusManager.java:1651)
04-01 16:12:14.985  1931  4085 W System.err: 	at com.xiaomi.NetworkBoost.StatusManager.setSmartDNSInterface(StatusManager.java:1616)
04-01 16:12:14.986  1931  4085 W System.err: 	at com.xiaomi.NetworkBoost.StatusManager.-$$Nest$msetSmartDNSInterface(Unknown Source:0)
04-01 16:12:14.986  1931  4085 W System.err: 	at com.xiaomi.NetworkBoost.StatusManager$InternalHandler.handleMessage(StatusManager.java:591)
04-01 16:12:14.986  1931  4085 W System.err: 	at android.os.Handler.dispatchMessage(Handler.java:106)
04-01 16:12:14.986  1931  4085 W System.err: 	at android.os.Looper.loopOnce(Looper.java:222)
04-01 16:12:14.986  1931  4085 W System.err: 	at android.os.Looper.loop(Looper.java:314)
04-01 16:12:14.986  1931  4085 W System.err: 	at android.os.HandlerThread.run(HandlerThread.java:67)
04-01 16:12:14.992  6976  8121 I NetBusNetworkMonitor: onCapabilitiesChanged isPrimary = true
04-01 16:12:14.993  6976  8121 I NetBusNetworkMonitor: gateway=192.*.*.1
04-01 16:12:14.994  9449  9710 W Settings: Setting device_provisioned has moved from android.provider.Settings.Secure to android.provider.Settings.Global.
04-01 16:12:14.995  9449  9710 I JoyoseCloudControlManager3: network metered changed, network metered: false, deviceProvisioned: true, scAllowConn: true, try to setNetworkAccessEnabled: true
04-01 16:12:15.001 18449 18499 I BugleRcsEngine: handleMessage processing message:[NOTIFY_UPTIME_IGNORE_STATE_CHANGED] with [non-null]:RcsEngineImpl reference [CONTEXT log_prefix="RcsEngineImpl[DUAL_REG]:[3cf2e2d2-8d57]>Handler" thread_id=98 ]
04-01 16:12:15.001 18449 18499 I BugleRcsEngine: Cannot use CS.apk as it's battery optimized [CONTEXT thread_id=98 ]
04-01 16:12:15.002 18449 18488 I BugleRcsEngine: Connected state: [1], networkType: [WIFI] [CONTEXT thread_id=90 ]
04-01 16:12:15.005  6976  8121 I NetBusNetworkMonitor: addConnectNetworkInterface mediumType:256, detail:NetworkDetailInfo{mIsConnected=false, mIsSupportTdls=true, mNetworkType=0, mIpAddress=192.*.*.140, mIfName=wlan0, mGateway=192.*.*.1, mNetmask=255.*.*.0, mSsid=F**C9}
04-01 16:12:15.005  6976  8121 I NetBusNetworkMonitor: onCapabilitiesChanged handle=471557132301, mediumType=256, ifName=wlan0
04-01 16:12:15.012  1931  4602 I ClipboardServiceI: checkProviderWakePathForClipboard: primaryClip is null
04-01 16:12:15.012  1931  4602 I SmartPower: com.google.android.apps.messaging/10167(18300): idle->background(3040ms) R(content provider start ContentProviderRecord{73b4454 u0 com.google.android.apps.messaging/.shared.datamodel.provider.sharedstorage.SharedStorageProvider}) adj=200.
04-01 16:12:15.017 18449 18499 I BugleRcsEngine: Rcs is enabled from user settings: true [CONTEXT log_prefix="ProvisioningEngineDataRetriever" thread_id=98 ]
04-01 16:12:15.160  4019  4019 D ArtChoreographerMonitor: invoke error.
04-01 16:12:15.293  1931  3244 I SmartPower: com.facebook.appmanager/10141(10241): background->idle(3002ms) R(broadcast start Intent { act=android.intent.action.BATTERY_CHANGED flg=0x60000010 (has extras) }) adj=915.
04-01 16:12:15.293  1931  3244 I SmartPower: com.xiaomi.discover/10121(15017): background->idle(3000ms) R(broadcast start Intent { act=android.intent.action.BATTERY_CHANGED flg=0x60000010 (has extras) }) adj=905.
04-01 16:12:15.297  1931  3244 I SmartPower: com.android.chrome/10171(15878): background->idle(3000ms) R(broadcast start Intent { act=android.intent.action.BATTERY_CHANGED flg=0x60000010 (has extras) }) adj=900.
04-01 16:12:15.301  1931  3244 I SmartPower: com.digibites.accubattery/10422(15909): background->idle(3003ms) R(broadcast start Intent { act=android.intent.action.BATTERY_CHANGED flg=0x60000010 (has extras) }) adj=200.
04-01 16:12:15.303  1931  3244 I SmartPower: com.microsoft.teams/10242(17220): background->idle(3002ms) R(broadcast start Intent { act=android.intent.action.BATTERY_CHANGED flg=0x60000010 (has extras) }) adj=905.
04-01 16:12:15.306  1931  3244 I SmartPower: com.miui.android.fashiongallery/10229(22232): background->idle(3002ms) R(broadcast start Intent { act=android.intent.action.BATTERY_CHANGED flg=0x60000010 (has extras) }) adj=905.
04-01 16:12:15.501  4883 21863 I NearbySharing: Network state changed: NetworkState(isRestricted=false, isOnline=true, isCongested=false, isMetered=false, isWifiConnected=true)
04-01 16:12:15.618  1109  5528 I vendor.qti.bluetooth@1.0-ibs_handler: ProcessIbsCmd: Received IBS_WAKE_IND: 0xFD
04-01 16:12:15.618  1109  5528 D vendor.qti.bluetooth@1.0-ibs_handler: SerialClockVote: vote for UART CLK ON
04-01 16:12:15.619  1109  5528 D vendor.qti.bluetooth@1.0-wake_lock: Acquire wakelock is acquired 
04-01 16:12:15.619  1109  5528 I vendor.qti.bluetooth@1.0-ibs_handler: ProcessIbsCmd: Writing IBS_WAKE_ACK
04-01 16:12:15.621  4969  5531 I bt_stack: [INFO:btm_ble_gap.cc(3528)] btm_ble_process_adv_pkt_cont Data Complete 59:0c:aa:52:6e:7e
04-01 16:12:15.621  4969  5531 I bt_stack: [INFO:btm_ble_gap.cc(3528)] btm_ble_process_adv_pkt_cont Data Complete 59:0c:aa:52:6e:7e
04-01 16:12:15.621  4969  5531 D bt_btm_ble: bool parse_adv_audio_uuids_from_adv_pkt(const uint8_t *, size_t, uint8_t): tmap_cap_pts: false
04-01 16:12:15.623  4969  5244 D BluetoothRemoteDevices:  getMappingAddr null
04-01 16:12:15.623  4969  5244 D BluetoothAdapterService: getIdentityAddress null retruning 59:0C:AA:52:6E:7E
04-01 16:12:15.629  4883 15229 I NearbyDiscovery: (REDACTED) BloomFilterAdvManager: Detected bloom filter but too far away, ignoring. %sm, %s
04-01 16:12:15.660  1109  5528 I vendor.qti.bluetooth@1.0-ibs_handler: ProcessIbsCmd: Received IBS_SLEEP_IND: 0xFE
04-01 16:12:15.660  1109  5528 D vendor.qti.bluetooth@1.0-ibs_handler: SerialClockVote: vote for UART CLK OFF
04-01 16:12:15.810  1109  5267 D vendor.qti.bluetooth@1.0-wake_lock: Release wakelock is released 
04-01 16:12:16.488  4969  5232 I BtGatt.ScanManager: msg.what = MSG_CHECK_SCAN_STATUS, msg.arg1 = CHECK_BACKGROUND_TIMEOUT
04-01 16:12:16.974  1931  2001 D HighMemoryManager: Java Memory used=105M max=512M. is system: true
04-01 16:12:16.974  1931  2001 V HighMemoryManager: Check mem usage finished! Next check delay: 0
04-01 16:12:17.366  1157  3401 I sensors-hal: handle_sns_std_sensor_event:57, light_event: ts=28606855961469, lux: 701.0, extra_info=54250 
04-01 16:12:17.622  1109  5528 I vendor.qti.bluetooth@1.0-ibs_handler: ProcessIbsCmd: Received IBS_WAKE_IND: 0xFD
04-01 16:12:17.622  1109  5528 D vendor.qti.bluetooth@1.0-ibs_handler: SerialClockVote: vote for UART CLK ON
04-01 16:12:17.623  1109  5528 D vendor.qti.bluetooth@1.0-wake_lock: Acquire wakelock is acquired 
04-01 16:12:17.623  1109  5528 I vendor.qti.bluetooth@1.0-ibs_handler: ProcessIbsCmd: Writing IBS_WAKE_ACK
04-01 16:12:17.625  4969  5531 I bt_stack: [INFO:btm_ble_gap.cc(3528)] btm_ble_process_adv_pkt_cont Data Complete 59:0c:aa:52:6e:7e
04-01 16:12:17.625  4969  5531 I bt_stack: [INFO:btm_ble_gap.cc(3528)] btm_ble_process_adv_pkt_cont Data Complete 59:0c:aa:52:6e:7e
04-01 16:12:17.625  4969  5531 D bt_btm_ble: bool parse_adv_audio_uuids_from_adv_pkt(const uint8_t *, size_t, uint8_t): tmap_cap_pts: false
04-01 16:12:17.626  4969  5244 D BluetoothRemoteDevices:  getMappingAddr null
04-01 16:12:17.626  4969  5244 D BluetoothAdapterService: getIdentityAddress null retruning 59:0C:AA:52:6E:7E
04-01 16:12:17.630  4883 15229 I NearbyDiscovery: (REDACTED) BloomFilterAdvManager: Detected bloom filter but too far away, ignoring. %sm, %s
04-01 16:12:17.664  1109  5528 I vendor.qti.bluetooth@1.0-ibs_handler: ProcessIbsCmd: Received IBS_SLEEP_IND: 0xFE
04-01 16:12:17.664  1109  5528 D vendor.qti.bluetooth@1.0-ibs_handler: SerialClockVote: vote for UART CLK OFF
04-01 16:12:17.814  1109  5267 D vendor.qti.bluetooth@1.0-wake_lock: Release wakelock is released 
04-01 16:12:17.994  1899  1899 I wificond: station_bandwidth: 
04-01 16:12:18.001  1931  1931 W JobService: onNetworkChanged() not implemented in com.android.server.content.SyncJobService. Must override in a subclass.
04-01 16:12:18.001  3945  5257 D QCNEJ/WlanStaInfoRelay: Received action: android.net.wifi.RSSI_CHANGED
04-01 16:12:18.005  1931  4085 I NetworkBoostStatusManager: handle: 102
04-01 16:12:18.005  1931  4085 I NetworkBoostStatusManager: interfaceOnCapabilitiesChanged interface name:wlan0
04-01 16:12:18.005  1931  4085 I NetworkBoostStatusManager: handle: 104
04-01 16:12:18.006  1931  4085 I NetworkBoostStatusManager: SmartDNS onAvailable WIFI master.
04-01 16:12:18.006  9449  9710 W Settings: Setting device_provisioned has moved from android.provider.Settings.Secure to android.provider.Settings.Global.
04-01 16:12:18.006  9449  9710 I JoyoseCloudControlManager3: network metered changed, network metered: false, deviceProvisioned: true, scAllowConn: true, try to setNetworkAccessEnabled: true
04-01 16:12:18.009 18449 18499 I BugleRcsEngine: handleMessage processing message:[NOTIFY_UPTIME_IGNORE_STATE_CHANGED] with [non-null]:RcsEngineImpl reference [CONTEXT log_prefix="RcsEngineImpl[DUAL_REG]:[3cf2e2d2-8d57]>Handler" thread_id=98 ]
04-01 16:12:18.009 15991 15991 W JobService: onNetworkChanged() not implemented in androidx.work.impl.background.systemjob.SystemJobService. Must override in a subclass.
04-01 16:12:18.010  1931  4085 I NetworkBoostStatusManager: SmartDNS push DnsReslover a relationship, netid 109 name "Flybox-82C9"
04-01 16:12:18.010  1931  4085 W System.err: java.lang.NoSuchMethodException: android.net.ConnectivityManager.setResloverInterfaceIdAndNetid [int, class java.lang.String]
04-01 16:12:18.010 18449 18499 I BugleRcsEngine: Cannot use CS.apk as it's battery optimized [CONTEXT thread_id=98 ]
04-01 16:12:18.010 18449 18488 I BugleRcsEngine: Connected state: [1], networkType: [WIFI] [CONTEXT thread_id=90 ]
04-01 16:12:18.010  1931  4085 W System.err: 	at java.lang.Class.getMethod(Class.java:2934)
04-01 16:12:18.010  1931  4085 W System.err: 	at java.lang.Class.getDeclaredMethod(Class.java:2913)
04-01 16:12:18.010  1931  4085 W System.err: 	at com.xiaomi.NetworkBoost.StatusManager.setResloverInterfaceIdAndNetid(StatusManager.java:1651)
04-01 16:12:18.010  1931  4085 W System.err: 	at com.xiaomi.NetworkBoost.StatusManager.setSmartDNSInterface(StatusManager.java:1616)
04-01 16:12:18.010  1931  4085 W System.err: 	at com.xiaomi.NetworkBoost.StatusManager.-$$Nest$msetSmartDNSInterface(Unknown Source:0)
04-01 16:12:18.010  1931  4085 W System.err: 	at com.xiaomi.NetworkBoost.StatusManager$InternalHandler.handleMessage(StatusManager.java:591)
04-01 16:12:18.010  1931  4085 W System.err: 	at android.os.Handler.dispatchMessage(Handler.java:106)
04-01 16:12:18.010  1931  4085 W System.err: 	at android.os.Looper.loopOnce(Looper.java:222)
04-01 16:12:18.010  1931  4085 W System.err: 	at android.os.Looper.loop(Looper.java:314)
04-01 16:12:18.010  1931  4085 W System.err: 	at android.os.HandlerThread.run(HandlerThread.java:67)
04-01 16:12:18.011  6976  8121 I NetBusNetworkMonitor: onCapabilitiesChanged isPrimary = true
04-01 16:12:18.012  1931  2007 I ClipboardServiceI: checkProviderWakePathForClipboard: primaryClip is null
04-01 16:12:18.012  1931  3244 I SmartPower: com.google.android.apps.messaging/10167(18300): background->idle(3000ms) R(content provider start ContentProviderRecord{73b4454 u0 com.google.android.apps.messaging/.shared.datamodel.provider.sharedstorage.SharedStorageProvider}) adj=200.
04-01 16:12:18.013  6976  8121 I NetBusNetworkMonitor: gateway=192.*.*.1
04-01 16:12:18.016  4019  4019 D ArtChoreographerMonitor: invoke error.
04-01 16:12:18.019 18449 18499 I BugleRcsEngine: Rcs is enabled from user settings: true [CONTEXT log_prefix="ProvisioningEngineDataRetriever" thread_id=98 ]
04-01 16:12:18.019  6976  8121 I NetBusNetworkMonitor: addConnectNetworkInterface mediumType:256, detail:NetworkDetailInfo{mIsConnected=false, mIsSupportTdls=true, mNetworkType=0, mIpAddress=192.*.*.140, mIfName=wlan0, mGateway=192.*.*.1, mNetmask=255.*.*.0, mSsid=F**C9}
04-01 16:12:18.019  6976  8121 I NetBusNetworkMonitor: onCapabilitiesChanged handle=471557132301, mediumType=256, ifName=wlan0
04-01 16:12:18.189  4019  4019 D ArtChoreographerMonitor: invoke error.
04-01 16:12:18.298 25658 25658 I Capacitor/Console: File:  - Line 349 - Msg: [object Object]
04-01 16:12:18.302 25658 25658 V Capacitor/Plugin: To native (Capacitor plugin): callbackId: 25110880, pluginId: ScreenTime, methodName: consumePendingNavigation
04-01 16:12:18.302 25658 25658 V Capacitor: callback: 25110880, pluginId: ScreenTime, methodName: consumePendingNavigation, methodData: {}
04-01 16:12:18.305 25658 25742 D BlearnScreenTime: consume_pending_navigation_empty
04-01 16:12:18.309 25658 25658 I Capacitor/Console: File:  - Line 333 - Msg: undefined
04-01 16:12:18.369  1931  2425 I AutomaticBrightnessController: AmbientLux=700.98755, mAmbientDarkeningThreshold=350.49377, mAmbientBrighteningThreshold=800.98755, mAmbientBrighteningSmallThreshold=800.98755
04-01 16:12:18.369  1931  2425 I AutomaticBrightnessController: updateAutoBrightness: mScreenAutoBrightness=0.20451124, newScreenAutoBrightness=0.2392822 (checkedAutoBrightness=981), mAmbientLux=700.98755, mUseDaemonSensorInProgress=false
04-01 16:12:18.370  1931  2425 D DisplayPowerControllerImpl: updateBrightnessChangeStatus: animating: true, displayState: 2, slowChange: true, appliedDimming: false, appliedLowPower: false, currentBrightness: 0.20451124, currentSdrBrightness: 0.20451124, targetBrightness: 0.2392822, targetSdrBrightness: 0.2392822, previousDisplayPolicy: 3, currentDisplayPolicy: 3
04-01 16:12:18.373  1931  2425 I DisplayPowerController[0]: BrightnessEvent: disp=0, physDisp=local:4630946480857061762, brt=0.2392822, initBrt=0.20451124, rcmdBrt=0.2392822, preBrt=0.20451124, lux=700.98755, preLux=555.1875, hbmMax=0.49975574, hbmMode=off, rbcStrength=50, thrmMax=1.0, powerFactor=1.0, wasShortTermModelActive=false, flags=, reason=automatic, autoBrightness=true, strategy=
04-01 16:12:18.374  1931  2321 D TAG     : Remove previously redundant display event 0/4 to 10165/15827
04-01 16:12:18.374  1931  2321 D TAG     : Remove previously redundant display event 0/4 to 10171/15878
04-01 16:12:18.374  1931  2321 D TAG     : Remove previously redundant display event 0/4 to 10171/16308
04-01 16:12:18.374  1931  2425 D DisplayPowerControllerImpl: updateBrightnessChangeStatus: animating: true, displayState: 2, slowChange: true, appliedDimming: false, appliedLowPower: false, currentBrightness: 0.20452832, currentSdrBrightness: 0.20452832, targetBrightness: 0.2392822, targetSdrBrightness: 0.2392822, previousDisplayPolicy: 3, currentDisplayPolicy: 3
04-01 16:12:18.382  1931  1931 I BrightnessSynchronizer: [977] New Update 0.2392822(f) set brightness values:  62(i)
04-01 16:12:18.383  1931  1931 I BrightnessSynchronizer: New PendingUpdate: {[978] 0.2392822(f), mUpdatedTypes=0, mConfirmedTypes=0, mTimeUpdated=0}, prev=null
04-01 16:12:18.388  1931  1931 I BrightnessSynchronizer: Swallowing update of 62(i) by update: {[977] 0.2392822(f), mUpdatedTypes=1, mConfirmedTypes=1, mTimeUpdated=25265583}
04-01 16:12:18.388  1931  1931 I BrightnessSynchronizer: Completed Update: {[977] 0.2392822(f), mUpdatedTypes=1, mConfirmedTypes=1, mTimeUpdated=25265583}
04-01 16:12:18.515  4883 21863 I NearbySharing: Network state changed: NetworkState(isRestricted=false, isOnline=true, isCongested=false, isMetered=false, isWifiConnected=true)
04-01 16:12:19.242  1931  4085 I NetworkBoostStatusManager: handle: 107
04-01 16:12:19.249  3991  4854 E PhoneAdapter: get ntnphones failed, exception: java.lang.IllegalStateException: Default phones haven't been made yet!
04-01 16:12:19.250  1931  4085 D SLM-SRV-SLAService: isModemSingnalStrengthStatus = 0
04-01 16:12:19.609  1931  2861 W ActivityManagerServiceImpl: Sending non-protected broadcast miui.intent.action.CYCLE_CHECK from system uid 1000 pkg android. Callers=com.android.server.am.ActivityManagerService.checkBroadcastFromSystem:15246 com.android.server.am.ActivityManagerService.broadcastIntentLockedTraced:16076 com.android.server.am.ActivityManagerService.broadcastIntentLocked:15304 com.android.server.am.ActivityManagerService.broadcastIntentInPackage:16309 com.android.server.am.ActivityManagerService$LocalService.broadcastIntentInPackage:19055 
04-01 16:12:19.609  1931  2861 D AlarmManager: mBroadcastRefCount -> 1
04-01 16:12:19.611  1931  2365 W ProcessStats: Tracking association SourceState{4d7bf2a com.xiaomi.mi_connect_service/1000 Fgs #57447} whose proc state 3 is better than process ProcessState{9245394 com.miui.analytics/10094 pkg=com.miui.analytics} proc state 5 (16 skipped)
04-01 16:12:19.616  1931  2014 D ActivityManager: checkAllowBackground: uid=1000 pkg=android rec=UidRecord{32d667d 1000 PER  fgServices allowlist change:procadj procs:0 seq(313773,309125)} caps=LCMNFU always=false idle=false
04-01 16:12:19.616  1931  1931 D AlarmManager: mBroadcastRefCount -> 0
04-01 16:12:19.616  1931  1931 D AlarmManager: mPendingIntent -> PendingIntent{3224d42: PendingIntentRecord{c313153 android broadcastIntent}}
04-01 16:12:19.619  1931  2014 I android_os_HwBinder: HwBinder: Starting thread pool for getting: vendor.xiaomi.hardware.micharge@1.0::IMiCharge/default
04-01 16:12:19.623  1285  1296 I vendor.xiaomi.hardware.micharge@1.0-service: ReadFilePathValue path = /sys/class/power_supply/battery/temp value = 290
04-01 16:12:19.625  1931  2014 I android_os_HwBinder: HwBinder: Starting thread pool for getting: vendor.xiaomi.hardware.micharge@1.0::IMiCharge/default
04-01 16:12:19.627  1285  1296 I vendor.xiaomi.hardware.micharge@1.0-service: ReadFilePathValue path = /sys/class/power_supply/battery/charge_control_limit value = 0
04-01 16:12:19.878  1254  1254 E vendor.qti.hardware.perf@2.2-service: Unknown params
04-01 16:12:21.010  1899  1899 I wificond: station_bandwidth: 
04-01 16:12:21.018  3945  5257 D QCNEJ/WlanStaInfoRelay: Received action: android.net.wifi.RSSI_CHANGED
04-01 16:12:21.018  1931  1931 W JobService: onNetworkChanged() not implemented in com.android.server.content.SyncJobService. Must override in a subclass.
04-01 16:12:21.020 15991 15991 W JobService: onNetworkChanged() not implemented in androidx.work.impl.background.systemjob.SystemJobService. Must override in a subclass.
04-01 16:12:21.027  6976  8121 I NetBusNetworkMonitor: onCapabilitiesChanged isPrimary = true
04-01 16:12:21.028  1931  4085 I NetworkBoostStatusManager: handle: 102
04-01 16:12:21.029  9449  9710 W Settings: Setting device_provisioned has moved from android.provider.Settings.Secure to android.provider.Settings.Global.
04-01 16:12:21.029  6976  8121 I NetBusNetworkMonitor: gateway=192.*.*.1
04-01 16:12:21.029  1931  4085 I NetworkBoostStatusManager: interfaceOnCapabilitiesChanged interface name:wlan0
04-01 16:12:21.029  1931  4085 I NetworkBoostStatusManager: handle: 104
04-01 16:12:21.030  1931  4085 I NetworkBoostStatusManager: SmartDNS onAvailable WIFI master.
04-01 16:12:21.031  9449  9710 I JoyoseCloudControlManager3: network metered changed, network metered: false, deviceProvisioned: true, scAllowConn: true, try to setNetworkAccessEnabled: true
04-01 16:12:21.033  1931  4085 I NetworkBoostStatusManager: SmartDNS push DnsReslover a relationship, netid 109 name "Flybox-82C9"
04-01 16:12:21.033  1931  4085 W System.err: java.lang.NoSuchMethodException: android.net.ConnectivityManager.setResloverInterfaceIdAndNetid [int, class java.lang.String]
04-01 16:12:21.033  1931  4085 W System.err: 	at java.lang.Class.getMethod(Class.java:2934)
04-01 16:12:21.033  1931  4085 W System.err: 	at java.lang.Class.getDeclaredMethod(Class.java:2913)
04-01 16:12:21.033  1931  4085 W System.err: 	at com.xiaomi.NetworkBoost.StatusManager.setResloverInterfaceIdAndNetid(StatusManager.java:1651)
04-01 16:12:21.033  1931  4085 W System.err: 	at com.xiaomi.NetworkBoost.StatusManager.setSmartDNSInterface(StatusManager.java:1616)
04-01 16:12:21.033  1931  4085 W System.err: 	at com.xiaomi.NetworkBoost.StatusManager.-$$Nest$msetSmartDNSInterface(Unknown Source:0)
04-01 16:12:21.033  1931  4085 W System.err: 	at com.xiaomi.NetworkBoost.StatusManager$InternalHandler.handleMessage(StatusManager.java:591)
04-01 16:12:21.033  1931  4085 W System.err: 	at android.os.Handler.dispatchMessage(Handler.java:106)
04-01 16:12:21.033  1931  4085 W System.err: 	at android.os.Looper.loopOnce(Looper.java:222)
04-01 16:12:21.033  1931  4085 W System.err: 	at android.os.Looper.loop(Looper.java:314)
04-01 16:12:21.033  1931  4085 W System.err: 	at android.os.HandlerThread.run(HandlerThread.java:67)
04-01 16:12:21.036  4019  4019 D ArtChoreographerMonitor: invoke error.
04-01 16:12:21.036 18449 18499 I BugleRcsEngine: handleMessage processing message:[NOTIFY_UPTIME_IGNORE_STATE_CHANGED] with [non-null]:RcsEngineImpl reference [CONTEXT log_prefix="RcsEngineImpl[DUAL_REG]:[3cf2e2d2-8d57]>Handler" thread_id=98 ]
04-01 16:12:21.036  6976  8121 I NetBusNetworkMonitor: addConnectNetworkInterface mediumType:256, detail:NetworkDetailInfo{mIsConnected=false, mIsSupportTdls=true, mNetworkType=0, mIpAddress=192.*.*.140, mIfName=wlan0, mGateway=192.*.*.1, mNetmask=255.*.*.0, mSsid=F**C9}
04-01 16:12:21.037  6976  8121 I NetBusNetworkMonitor: onCapabilitiesChanged handle=471557132301, mediumType=256, ifName=wlan0
04-01 16:12:21.037 18449 18488 I BugleRcsEngine: Connected state: [1], networkType: [WIFI] [CONTEXT thread_id=90 ]
04-01 16:12:21.038 18449 18499 I BugleRcsEngine: Cannot use CS.apk as it's battery optimized [CONTEXT thread_id=98 ]
04-01 16:12:21.041  1931  2007 I ClipboardServiceI: checkProviderWakePathForClipboard: primaryClip is null
04-01 16:12:21.041  1931  2007 I SmartPower: com.google.android.apps.messaging/10167(18300): idle->background(3029ms) R(content provider start ContentProviderRecord{73b4454 u0 com.google.android.apps.messaging/.shared.datamodel.provider.sharedstorage.SharedStorageProvider}) adj=200.
04-01 16:12:21.044 18449 18499 I BugleRcsEngine: Rcs is enabled from user settings: true [CONTEXT log_prefix="ProvisioningEngineDataRetriever" thread_id=98 ]
04-01 16:12:21.209  4019  4019 D ArtChoreographerMonitor: invoke error.
04-01 16:12:21.535  4883 12603 I NearbySharing: Network state changed: NetworkState(isRestricted=false, isOnline=true, isCongested=false, isMetered=false, isWifiConnected=true)
04-01 16:12:22.518  1931  2335 D HeapUsage Monitor: HeapAllocSize : 111MB; monitorSize : 500MB
04-01 16:12:23.516  6817 32148 D MiSight::  sendEvent id=905001001
04-01 16:12:23.517  6817 32148 D MiSightJni: MiSight: Java_com_miui_misight_MiSight_nativeSendEvent enter called. '{"time":"16:12:23","broadTemp":29996,"packageName":"app.blearn.mobile","scenarioName":"normal"}'
04-01 16:12:23.517  6817 32148 D MiEvent : MiEvent: this 0x7c55a434e0, paylod=0xb400007c8a160e80
04-01 16:12:23.518  6817 32148 D MiEvent : flatten EventId 905001001 -t 1775052743 -paraList {"broadTemp":29996,"packageName":"app.blearn.mobile","scenarioName":"normal","time":"16:12:23"}
04-01 16:12:23.518  6817 32148 D MiEvent : report:EventId 905001001 -t 1775052743 -paraList {"broadTemp":29996,"packageName":"app.blearn.mobile","scenarioName":"normal","time":"16:12:23"} success
04-01 16:12:23.518  6817 32148 D MiEvent : ~MiEvent: this 0x7c55a434e0, paylod=0xb400007c8a160e80
04-01 16:12:23.519  1900  2137 I misight : OnEvent EventPrivacyCompliance event=905001001
04-01 16:12:23.523  1900  2137 D misight : ProcessEvent devVersion==OS2.0.14.0.UMSEUXM,faultLevel=2,prv=3 region=eea
04-01 16:12:23.524  1900  2137 I misight : OnEvent EventStorageManager event=905001001,3
04-01 16:12:23.524  1900  2137 D misight : ProcessNewDayEvent event happen time 1775052743, last=1775052143,start time=1774994400,next day =1775080800, interval=28657
04-01 16:12:23.524  1900  2137 D misight : ProcessNewDayEvent clock=28013, curClock=28613, interval=28657
04-01 16:12:23.524  1900  2137 D misight : Execute start execute sql /data/miuilog/misight/event.db:select id,event_id,daily_cnt,over_cnt,hour_cnt,next_expire_time,last_happen_time,last_log_time from event_daily where event_id = '905001001' limit 1
04-01 16:12:23.529  1900  2137 D misight : DetectDropByTime event 905001001 parser maxCnt=200 lastTime=1775052143 same=0, overCnt=0,dailyCnt=41,hourCnt=2
04-01 16:12:23.529  1900  2137 D misight : IsPluginInPipeline not find plugin EventLogProcessor
04-01 16:12:23.529  1900  2137 D misight : CheckAndGetLogTime plugin log catch not exist, no check upload xml
04-01 16:12:23.529  1900  2137 D misight : Execute start execute sql /data/miuilog/misight/event.db:update event_daily set  daily_cnt=42, hour_cnt=3, next_expire_time=1775055143, over_cnt=0, last_happen_time=1775052743, last_log_time=0  where id = '5'
04-01 16:12:23.532  1900  2137 D misight : Execute start execute sql /data/miuilog/misight/event.db:select id,occured_cnt from event_info where event_id = '905001001' and version_id = '5' and param_list = '{"broadTemp":29996,"packageName":"app.blearn.mobile","scenarioName":"normal","time":"16:12:23"}' and time_id = '117' limit 1
04-01 16:12:23.550  1900  2137 D misight : Execute start execute sql /data/miuilog/misight/event.db:insert into event_info (event_id,version_id,occured_cnt,first_time,param_list,expire,visible,time_id)  values ( 905001001,5,1,1775052743,'{"broadTemp":29996,"packageName":"app.blearn.mobile","scenarioName":"normal","time":"16:12:23"}',0,0,117) 
04-01 16:12:23.552  1900  2137 I misight : OnEvent EventInfoPack event 905001001
04-01 16:12:24.023  1899  1899 I wificond: station_bandwidth: 
04-01 16:12:24.029  9449  9710 W Settings: Setting device_provisioned has moved from android.provider.Settings.Secure to android.provider.Settings.Global.
04-01 16:12:24.029  9449  9710 I JoyoseCloudControlManager3: network metered changed, network metered: false, deviceProvisioned: true, scAllowConn: true, try to setNetworkAccessEnabled: true
04-01 16:12:24.034  6976  8121 I NetBusNetworkMonitor: onCapabilitiesChanged isPrimary = true
04-01 16:12:24.034 18449 18499 I BugleRcsEngine: handleMessage processing message:[NOTIFY_UPTIME_IGNORE_STATE_CHANGED] with [non-null]:RcsEngineImpl reference [CONTEXT log_prefix="RcsEngineImpl[DUAL_REG]:[3cf2e2d2-8d57]>Handler" thread_id=98 ]
04-01 16:12:24.034 18449 18488 I BugleRcsEngine: Connected state: [1], networkType: [WIFI] [CONTEXT thread_id=90 ]
04-01 16:12:24.036 18449 18499 I BugleRcsEngine: Cannot use CS.apk as it's battery optimized [CONTEXT thread_id=98 ]
04-01 16:12:24.037  1931  4602 I ClipboardServiceI: checkProviderWakePathForClipboard: primaryClip is null
04-01 16:12:24.037  6976  8121 I NetBusNetworkMonitor: gateway=192.*.*.1
04-01 16:12:24.041  1931  1931 W JobService: onNetworkChanged() not implemented in com.android.server.content.SyncJobService. Must override in a subclass.
04-01 16:12:24.042  1931  3244 I SmartPower: com.google.android.apps.messaging/10167(18300): background->idle(3001ms) R(content provider start ContentProviderRecord{73b4454 u0 com.google.android.apps.messaging/.shared.datamodel.provider.sharedstorage.SharedStorageProvider}) adj=200.
04-01 16:12:24.043 18449 18499 I BugleRcsEngine: Rcs is enabled from user settings: true [CONTEXT log_prefix="ProvisioningEngineDataRetriever" thread_id=98 ]
04-01 16:12:24.043 15991 15991 W JobService: onNetworkChanged() not implemented in androidx.work.impl.background.systemjob.SystemJobService. Must override in a subclass.
04-01 16:12:24.044  6976  8121 I NetBusNetworkMonitor: addConnectNetworkInterface mediumType:256, detail:NetworkDetailInfo{mIsConnected=false, mIsSupportTdls=true, mNetworkType=0, mIpAddress=192.*.*.140, mIfName=wlan0, mGateway=192.*.*.1, mNetmask=255.*.*.0, mSsid=F**C9}
04-01 16:12:24.044  6976  8121 I NetBusNetworkMonitor: onCapabilitiesChanged handle=471557132301, mediumType=256, ifName=wlan0
04-01 16:12:24.048  1931  4085 I NetworkBoostStatusManager: handle: 102
04-01 16:12:24.048  1931  4085 I NetworkBoostStatusManager: interfaceOnCapabilitiesChanged interface name:wlan0
04-01 16:12:24.048  1931  4085 I NetworkBoostStatusManager: handle: 104
04-01 16:12:24.048  1931  4085 I NetworkBoostStatusManager: SmartDNS onAvailable WIFI master.
04-01 16:12:24.049  1931  4085 I NetworkBoostStatusManager: SmartDNS push DnsReslover a relationship, netid 109 name "Flybox-82C9"
04-01 16:12:24.049  1931  4085 W System.err: java.lang.NoSuchMethodException: android.net.ConnectivityManager.setResloverInterfaceIdAndNetid [int, class java.lang.String]
04-01 16:12:24.049  1931  4085 W System.err: 	at java.lang.Class.getMethod(Class.java:2934)
04-01 16:12:24.049  1931  4085 W System.err: 	at java.lang.Class.getDeclaredMethod(Class.java:2913)
04-01 16:12:24.049  1931  4085 W System.err: 	at com.xiaomi.NetworkBoost.StatusManager.setResloverInterfaceIdAndNetid(StatusManager.java:1651)
04-01 16:12:24.049  1931  4085 W System.err: 	at com.xiaomi.NetworkBoost.StatusManager.setSmartDNSInterface(StatusManager.java:1616)
04-01 16:12:24.049  1931  4085 W System.err: 	at com.xiaomi.NetworkBoost.StatusManager.-$$Nest$msetSmartDNSInterface(Unknown Source:0)
04-01 16:12:24.049  1931  4085 W System.err: 	at com.xiaomi.NetworkBoost.StatusManager$InternalHandler.handleMessage(StatusManager.java:591)
04-01 16:12:24.049  1931  4085 W System.err: 	at android.os.Handler.dispatchMessage(Handler.java:106)
04-01 16:12:24.049  1931  4085 W System.err: 	at android.os.Looper.loopOnce(Looper.java:222)
04-01 16:12:24.049  1931  4085 W System.err: 	at android.os.Looper.loop(Looper.java:314)
04-01 16:12:24.049  1931  4085 W System.err: 	at android.os.HandlerThread.run(HandlerThread.java:67)
04-01 16:12:24.092  6988  8888 W MIUISafety-Monitor: checkRunningOp end for all cost 7ms, should sync = false
04-01 16:12:24.310 25658 25658 I Capacitor/Console: File:  - Line 349 - Msg: [object Object]
04-01 16:12:24.311 25658 25658 V Capacitor/Plugin: To native (Capacitor plugin): callbackId: 25110881, pluginId: ScreenTime, methodName: consumePendingNavigation
04-01 16:12:24.311 25658 25658 V Capacitor: callback: 25110881, pluginId: ScreenTime, methodName: consumePendingNavigation, methodData: {}
04-01 16:12:24.316 25658 25742 D BlearnScreenTime: consume_pending_navigation_empty
04-01 16:12:24.317 25658 25658 I Capacitor/Console: File:  - Line 333 - Msg: undefined
04-01 16:12:24.535  4883 12603 I NearbySharing: Network state changed: NetworkState(isRestricted=false, isOnline=true, isCongested=false, isMetered=false, isWifiConnected=true)
04-01 16:12:24.868  1931  4128 D SLM-SRV-SLAService: checktemp temperature = 31452 temperature_average = 31415 isPerformanceMode = false thermal_enable_slm = true
04-01 16:12:24.897 25658 25658 E Capacitor/Console: File: https://localhost/assets/firebase-shared-u_kSYnvb.js - Line 225 - Msg: [2026-04-01T14:12:24.896Z]  @firebase/firestore: Firestore (12.10.0): FirebaseError: [code=resource-exhausted]: Quota exceeded.
04-01 16:12:24.897 25658 25658 E Capacitor/Console: File: https://localhost/assets/firebase-shared-u_kSYnvb.js - Line 225 - Msg: [2026-04-01T14:12:24.896Z]  @firebase/firestore: Firestore (12.10.0): Using maximum backoff delay to prevent overloading the backend.
04-01 16:12:27.043  1899  1899 I wificond: station_bandwidth: 
04-01 16:12:27.050  1931  1931 W JobService: onNetworkChanged() not implemented in com.android.server.content.SyncJobService. Must override in a subclass.
04-01 16:12:27.051 15991 15991 W JobService: onNetworkChanged() not implemented in androidx.work.impl.background.systemjob.SystemJobService. Must override in a subclass.
04-01 16:12:27.058  1931  4085 I NetworkBoostStatusManager: handle: 102
04-01 16:12:27.058  1931  4085 I NetworkBoostStatusManager: interfaceOnCapabilitiesChanged interface name:wlan0
04-01 16:12:27.058  1931  4085 I NetworkBoostStatusManager: handle: 104
04-01 16:12:27.060  1931  4085 I NetworkBoostStatusManager: SmartDNS onAvailable WIFI master.
04-01 16:12:27.062  6976  8121 I NetBusNetworkMonitor: onCapabilitiesChanged isPrimary = true
04-01 16:12:27.062  9449  9710 W Settings: Setting device_provisioned has moved from android.provider.Settings.Secure to android.provider.Settings.Global.
04-01 16:12:27.062  9449  9710 I JoyoseCloudControlManager3: network metered changed, network metered: false, deviceProvisioned: true, scAllowConn: true, try to setNetworkAccessEnabled: true
04-01 16:12:27.064  1931  4085 I NetworkBoostStatusManager: SmartDNS push DnsReslover a relationship, netid 109 name "Flybox-82C9"
04-01 16:12:27.064  6976  8121 I NetBusNetworkMonitor: gateway=192.*.*.1
04-01 16:12:27.064  1931  4085 W System.err: java.lang.NoSuchMethodException: android.net.ConnectivityManager.setResloverInterfaceIdAndNetid [int, class java.lang.String]
04-01 16:12:27.064  1931  4085 W System.err: 	at java.lang.Class.getMethod(Class.java:2934)
04-01 16:12:27.064  1931  4085 W System.err: 	at java.lang.Class.getDeclaredMethod(Class.java:2913)
04-01 16:12:27.064  1931  4085 W System.err: 	at com.xiaomi.NetworkBoost.StatusManager.setResloverInterfaceIdAndNetid(StatusManager.java:1651)
04-01 16:12:27.064  1931  4085 W System.err: 	at com.xiaomi.NetworkBoost.StatusManager.setSmartDNSInterface(StatusManager.java:1616)
04-01 16:12:27.064  1931  4085 W System.err: 	at com.xiaomi.NetworkBoost.StatusManager.-$$Nest$msetSmartDNSInterface(Unknown Source:0)
04-01 16:12:27.064  1931  4085 W System.err: 	at com.xiaomi.NetworkBoost.StatusManager$InternalHandler.handleMessage(StatusManager.java:591)
04-01 16:12:27.064  1931  4085 W System.err: 	at android.os.Handler.dispatchMessage(Handler.java:106)
04-01 16:12:27.064  1931  4085 W System.err: 	at android.os.Looper.loopOnce(Looper.java:222)
04-01 16:12:27.064  1931  4085 W System.err: 	at android.os.Looper.loop(Looper.java:314)
04-01 16:12:27.064  1931  4085 W System.err: 	at android.os.HandlerThread.run(HandlerThread.java:67)
04-01 16:12:27.071 18449 18499 I BugleRcsEngine: handleMessage processing message:[NOTIFY_UPTIME_IGNORE_STATE_CHANGED] with [non-null]:RcsEngineImpl reference [CONTEXT log_prefix="RcsEngineImpl[DUAL_REG]:[3cf2e2d2-8d57]>Handler" thread_id=98 ]
04-01 16:12:27.072 18449 18499 I BugleRcsEngine: Cannot use CS.apk as it's battery optimized [CONTEXT thread_id=98 ]
04-01 16:12:27.072 18449 18488 I BugleRcsEngine: Connected state: [1], networkType: [WIFI] [CONTEXT thread_id=90 ]
04-01 16:12:27.072  6976  8121 I NetBusNetworkMonitor: addConnectNetworkInterface mediumType:256, detail:NetworkDetailInfo{mIsConnected=false, mIsSupportTdls=true, mNetworkType=0, mIpAddress=192.*.*.140, mIfName=wlan0, mGateway=192.*.*.1, mNetmask=255.*.*.0, mSsid=F**C9}
04-01 16:12:27.073  6976  8121 I NetBusNetworkMonitor: onCapabilitiesChanged handle=471557132301, mediumType=256, ifName=wlan0
04-01 16:12:27.074  1931  4438 I ClipboardServiceI: checkProviderWakePathForClipboard: primaryClip is null
04-01 16:12:27.074  1931  4438 I SmartPower: com.google.android.apps.messaging/10167(18300): idle->background(3032ms) R(content provider start ContentProviderRecord{73b4454 u0 com.google.android.apps.messaging/.shared.datamodel.provider.sharedstorage.SharedStorageProvider}) adj=200.
04-01 16:12:27.077 18449 18499 I BugleRcsEngine: Rcs is enabled from user settings: true [CONTEXT log_prefix="ProvisioningEngineDataRetriever" thread_id=98 ]
04-01 16:12:27.493  4019  4019 D ArtChoreographerMonitor: invoke error.
04-01 16:12:27.508  1413  1413 D MI-SF   : mIsSupportAutomodeForMaxFpsSetting is 0(0), getCurrentBrightness() = 981(328), mIsKeepAutoMode 0
04-01 16:12:27.508  1413  1413 D RefreshRateSelector: fixedMode_group: 0, isFindModeGroup 0
04-01 16:12:27.508  1413  1413 D RefreshRateSelector: find max refresh rate:120, mode Group:0
04-01 16:12:27.568  4883 12603 I NearbySharing: Network state changed: NetworkState(isRestricted=false, isOnline=true, isCongested=false, isMetered=false, isWifiConnected=true)
04-01 16:12:27.669  4019  4019 D ArtChoreographerMonitor: invoke error.
