04-01 16:11:35.699  1931  2348 W ProcessStats: Tracking association SourceState{c7aa938 system/1000 BFgs #57392} whose proc state 4 is better than process ProcessState{9194d11 com.google.android.inputmethod.latin/10179 pkg=com.google.android.inputmethod.latin} proc state 6 (24 skipped)
04-01 16:11:35.706  1899  1899 I wificond: station_bandwidth: 
04-01 16:11:35.711  4019  4019 D ArtChoreographerMonitor: invoke error.
04-01 16:11:35.881  4019  4019 D ArtChoreographerMonitor: invoke error.
04-01 16:11:36.247 25658 25658 I Capacitor/Console: File:  - Line 349 - Msg: [object Object]
04-01 16:11:36.251 25658 25658 V Capacitor/Plugin: To native (Capacitor plugin): callbackId: 25110873, pluginId: ScreenTime, methodName: consumePendingNavigation
04-01 16:11:36.251 25658 25658 V Capacitor: callback: 25110873, pluginId: ScreenTime, methodName: consumePendingNavigation, methodData: {}
04-01 16:11:36.254 25658 25742 D BlearnScreenTime: consume_pending_navigation_empty
04-01 16:11:36.257 25658 25658 I Capacitor/Console: File:  - Line 333 - Msg: undefined
04-01 16:11:37.651 26002 26007 W System  : A resource failed to call close. 
04-01 16:11:38.066  1109  5528 I vendor.qti.bluetooth@1.0-ibs_handler: ProcessIbsCmd: Received IBS_WAKE_IND: 0xFD
04-01 16:11:38.066  1109  5528 D vendor.qti.bluetooth@1.0-ibs_handler: SerialClockVote: vote for UART CLK ON
04-01 16:11:38.067  1109  5528 D vendor.qti.bluetooth@1.0-wake_lock: Acquire wakelock is acquired 
04-01 16:11:38.067  1109  5528 I vendor.qti.bluetooth@1.0-ibs_handler: ProcessIbsCmd: Writing IBS_WAKE_ACK
04-01 16:11:38.069  4969  5531 I bt_stack: [INFO:btm_ble_gap.cc(3528)] btm_ble_process_adv_pkt_cont Data Complete 46:61:fd:16:0c:22
04-01 16:11:38.069  4969  5531 I bt_stack: [INFO:btm_ble_gap.cc(3528)] btm_ble_process_adv_pkt_cont Data Complete 46:61:fd:16:0c:22
04-01 16:11:38.070  4969  5531 D bt_btm_ble: bool parse_adv_audio_uuids_from_adv_pkt(const uint8_t *, size_t, uint8_t): tmap_cap_pts: false
04-01 16:11:38.071  4969  5244 D BluetoothAdapterService: getIdentityAddress null retruning 46:61:FD:16:0C:22
04-01 16:11:38.076  4883 15229 I NearbyDiscovery: (REDACTED) BloomFilterAdvManager: Detected bloom filter but too far away, ignoring. %sm, %s
04-01 16:11:38.108  1109  5528 I vendor.qti.bluetooth@1.0-ibs_handler: ProcessIbsCmd: Received IBS_SLEEP_IND: 0xFE
04-01 16:11:38.108  1109  5528 D vendor.qti.bluetooth@1.0-ibs_handler: SerialClockVote: vote for UART CLK OFF
04-01 16:11:38.259  1109  5267 D vendor.qti.bluetooth@1.0-wake_lock: Release wakelock is released 
04-01 16:11:38.726  1899  1899 I wificond: station_bandwidth: 
04-01 16:11:38.736  3945  5257 D QCNEJ/WlanStaInfoRelay: Received action: android.net.wifi.RSSI_CHANGED
04-01 16:11:38.738  4019  4019 D ArtChoreographerMonitor: invoke error.
04-01 16:11:38.740 15991 15991 W JobService: onNetworkChanged() not implemented in androidx.work.impl.background.systemjob.SystemJobService. Must override in a subclass.
04-01 16:11:38.744  1931  4085 I NetworkBoostStatusManager: handle: 102
04-01 16:11:38.745  1931  4085 I NetworkBoostStatusManager: interfaceOnCapabilitiesChanged interface name:wlan0
04-01 16:11:38.745  1931  4085 I NetworkBoostStatusManager: handle: 104
04-01 16:11:38.745  1931  4085 I NetworkBoostStatusManager: SmartDNS onAvailable WIFI master.
04-01 16:11:38.745  9449  9710 W Settings: Setting device_provisioned has moved from android.provider.Settings.Secure to android.provider.Settings.Global.
04-01 16:11:38.746  9449  9710 I JoyoseCloudControlManager3: network metered changed, network metered: false, deviceProvisioned: true, scAllowConn: true, try to setNetworkAccessEnabled: true
04-01 16:11:38.746  1931  4085 I NetworkBoostStatusManager: SmartDNS push DnsReslover a relationship, netid 109 name "Flybox-82C9"
04-01 16:11:38.746  1931  4085 W System.err: java.lang.NoSuchMethodException: android.net.ConnectivityManager.setResloverInterfaceIdAndNetid [int, class java.lang.String]
04-01 16:11:38.746  1931  4085 W System.err: 	at java.lang.Class.getMethod(Class.java:2934)
04-01 16:11:38.747  1931  4085 W System.err: 	at java.lang.Class.getDeclaredMethod(Class.java:2913)
04-01 16:11:38.747  1931  4085 W System.err: 	at com.xiaomi.NetworkBoost.StatusManager.setResloverInterfaceIdAndNetid(StatusManager.java:1651)
04-01 16:11:38.747  1931  4085 W System.err: 	at com.xiaomi.NetworkBoost.StatusManager.setSmartDNSInterface(StatusManager.java:1616)
04-01 16:11:38.747  1931  4085 W System.err: 	at com.xiaomi.NetworkBoost.StatusManager.-$$Nest$msetSmartDNSInterface(Unknown Source:0)
04-01 16:11:38.747  1931  4085 W System.err: 	at com.xiaomi.NetworkBoost.StatusManager$InternalHandler.handleMessage(StatusManager.java:591)
04-01 16:11:38.747  1931  4085 W System.err: 	at android.os.Handler.dispatchMessage(Handler.java:106)
04-01 16:11:38.747  1931  4085 W System.err: 	at android.os.Looper.loopOnce(Looper.java:222)
04-01 16:11:38.747  1931  4085 W System.err: 	at android.os.Looper.loop(Looper.java:314)
04-01 16:11:38.747  1931  4085 W System.err: 	at android.os.HandlerThread.run(HandlerThread.java:67)
04-01 16:11:38.748  6976  8121 I NetBusNetworkMonitor: onCapabilitiesChanged isPrimary = true
04-01 16:11:38.752 18449 18499 I BugleRcsEngine: handleMessage processing message:[NOTIFY_UPTIME_IGNORE_STATE_CHANGED] with [non-null]:RcsEngineImpl reference [CONTEXT log_prefix="RcsEngineImpl[DUAL_REG]:[3cf2e2d2-8d57]>Handler" thread_id=98 ]
04-01 16:11:38.752 18449 18488 I BugleRcsEngine: Connected state: [1], networkType: [WIFI] [CONTEXT thread_id=90 ]
04-01 16:11:38.752 18449 18499 I BugleRcsEngine: Cannot use CS.apk as it's battery optimized [CONTEXT thread_id=98 ]
04-01 16:11:38.756  1931  2007 I ClipboardServiceI: checkProviderWakePathForClipboard: primaryClip is null
04-01 16:11:38.756  1931  2007 I SmartPower: com.google.android.apps.messaging/10167(18300): idle->background(6067ms) R(content provider start ContentProviderRecord{73b4454 u0 com.google.android.apps.messaging/.shared.datamodel.provider.sharedstorage.SharedStorageProvider}) adj=200.
04-01 16:11:38.758  6976  8121 I NetBusNetworkMonitor: gateway=192.*.*.1
04-01 16:11:38.759 18449 18499 I BugleRcsEngine: Rcs is enabled from user settings: true [CONTEXT log_prefix="ProvisioningEngineDataRetriever" thread_id=98 ]
04-01 16:11:38.761  6976  8121 I NetBusNetworkMonitor: addConnectNetworkInterface mediumType:256, detail:NetworkDetailInfo{mIsConnected=false, mIsSupportTdls=true, mNetworkType=0, mIpAddress=192.*.*.140, mIfName=wlan0, mGateway=192.*.*.1, mNetmask=255.*.*.0, mSsid=F**C9}
04-01 16:11:38.761  6976  8121 I NetBusNetworkMonitor: onCapabilitiesChanged handle=471557132301, mediumType=256, ifName=wlan0
04-01 16:11:38.929  4019  4019 D ArtChoreographerMonitor: invoke error.
04-01 16:11:39.258  4883 12603 I NearbySharing: Network state changed: NetworkState(isRestricted=false, isOnline=true, isCongested=false, isMetered=false, isWifiConnected=true)
04-01 16:11:39.763  1931  2007 D ActivityManager: checkAllowBackground: uid=10163 pkg=com.google.android.gms rec=UidRecord{875802d u0a163 BFGS change:procadj procs:0 seq(313459,985)} caps=LCMNFU always=false idle=false
04-01 16:11:39.776  1931  5054 D ActivityManager: checkAllowBackground: uid=10163 pkg=com.google.android.gms rec=UidRecord{875802d u0a163 BFGS change:procadj procs:0 seq(313463,985)} caps=LCMNFU always=false idle=false
04-01 16:11:39.783  5288 26185 I GmscoreIpa: Starting mediastore instant index [CONTEXT service_id=255 ]
04-01 16:11:39.807  1931  6518 I ClipboardServiceI: checkProviderWakePathForClipboard: primaryClip is null
04-01 16:11:40.042 15909 17072 V U.Notification: Posting new notification, elapsed=16070
04-01 16:11:41.752  1899  1899 I wificond: station_bandwidth: 
04-01 16:11:41.757  1931  3244 I SmartPower: com.google.android.apps.messaging/10167(18300): background->idle(3000ms) R(content provider start ContentProviderRecord{73b4454 u0 com.google.android.apps.messaging/.shared.datamodel.provider.sharedstorage.SharedStorageProvider}) adj=200.
04-01 16:11:41.757 15991 15991 W JobService: onNetworkChanged() not implemented in androidx.work.impl.background.systemjob.SystemJobService. Must override in a subclass.
04-01 16:11:41.759  1931  4085 I NetworkBoostStatusManager: handle: 102
04-01 16:11:41.759  1931  4085 I NetworkBoostStatusManager: interfaceOnCapabilitiesChanged interface name:wlan0
04-01 16:11:41.759  1931  4085 I NetworkBoostStatusManager: handle: 104
04-01 16:11:41.759  1931  4085 I NetworkBoostStatusManager: SmartDNS onAvailable WIFI master.
04-01 16:11:41.760  1931  4085 I NetworkBoostStatusManager: SmartDNS push DnsReslover a relationship, netid 109 name "Flybox-82C9"
04-01 16:11:41.760  1931  4085 W System.err: java.lang.NoSuchMethodException: android.net.ConnectivityManager.setResloverInterfaceIdAndNetid [int, class java.lang.String]
04-01 16:11:41.761  1931  4085 W System.err: 	at java.lang.Class.getMethod(Class.java:2934)
04-01 16:11:41.761  1931  4085 W System.err: 	at java.lang.Class.getDeclaredMethod(Class.java:2913)
04-01 16:11:41.761  1931  4085 W System.err: 	at com.xiaomi.NetworkBoost.StatusManager.setResloverInterfaceIdAndNetid(StatusManager.java:1651)
04-01 16:11:41.761  1931  4085 W System.err: 	at com.xiaomi.NetworkBoost.StatusManager.setSmartDNSInterface(StatusManager.java:1616)
04-01 16:11:41.761  1931  4085 W System.err: 	at com.xiaomi.NetworkBoost.StatusManager.-$$Nest$msetSmartDNSInterface(Unknown Source:0)
04-01 16:11:41.761  1931  4085 W System.err: 	at com.xiaomi.NetworkBoost.StatusManager$InternalHandler.handleMessage(StatusManager.java:591)
04-01 16:11:41.761  1931  4085 W System.err: 	at android.os.Handler.dispatchMessage(Handler.java:106)
04-01 16:11:41.761  1931  4085 W System.err: 	at android.os.Looper.loopOnce(Looper.java:222)
04-01 16:11:41.761  1931  4085 W System.err: 	at android.os.Looper.loop(Looper.java:314)
04-01 16:11:41.762  1931  4085 W System.err: 	at android.os.HandlerThread.run(HandlerThread.java:67)
04-01 16:11:41.762  4019  4019 D ArtChoreographerMonitor: invoke error.
04-01 16:11:41.766  6976  8121 I NetBusNetworkMonitor: onCapabilitiesChanged isPrimary = true
04-01 16:11:41.767  9449  9710 W Settings: Setting device_provisioned has moved from android.provider.Settings.Secure to android.provider.Settings.Global.
04-01 16:11:41.767  6976  8121 I NetBusNetworkMonitor: gateway=192.*.*.1
04-01 16:11:41.767  9449  9710 I JoyoseCloudControlManager3: network metered changed, network metered: false, deviceProvisioned: true, scAllowConn: true, try to setNetworkAccessEnabled: true
04-01 16:11:41.773  6976  8121 I NetBusNetworkMonitor: addConnectNetworkInterface mediumType:256, detail:NetworkDetailInfo{mIsConnected=false, mIsSupportTdls=true, mNetworkType=0, mIpAddress=192.*.*.140, mIfName=wlan0, mGateway=192.*.*.1, mNetmask=255.*.*.0, mSsid=F**C9}
04-01 16:11:41.774  6976  8121 I NetBusNetworkMonitor: onCapabilitiesChanged handle=471557132301, mediumType=256, ifName=wlan0
04-01 16:11:41.775 18449 18488 I BugleRcsEngine: Connected state: [1], networkType: [WIFI] [CONTEXT thread_id=90 ]
04-01 16:11:41.776 18449 18499 I BugleRcsEngine: handleMessage processing message:[NOTIFY_UPTIME_IGNORE_STATE_CHANGED] with [non-null]:RcsEngineImpl reference [CONTEXT log_prefix="RcsEngineImpl[DUAL_REG]:[3cf2e2d2-8d57]>Handler" thread_id=98 ]
04-01 16:11:41.776 18449 18499 I BugleRcsEngine: Cannot use CS.apk as it's battery optimized [CONTEXT thread_id=98 ]
04-01 16:11:41.777  1931  2007 I ClipboardServiceI: checkProviderWakePathForClipboard: primaryClip is null
04-01 16:11:41.780 18449 18499 I BugleRcsEngine: Rcs is enabled from user settings: true [CONTEXT log_prefix="ProvisioningEngineDataRetriever" thread_id=98 ]
04-01 16:11:41.938  4019  4019 D ArtChoreographerMonitor: invoke error.
04-01 16:11:42.257 25658 25658 I Capacitor/Console: File:  - Line 349 - Msg: [object Object]
04-01 16:11:42.258 25658 25658 V Capacitor/Plugin: To native (Capacitor plugin): callbackId: 25110874, pluginId: ScreenTime, methodName: consumePendingNavigation
04-01 16:11:42.258 25658 25658 V Capacitor: callback: 25110874, pluginId: ScreenTime, methodName: consumePendingNavigation, methodData: {}
04-01 16:11:42.260 25658 25742 D BlearnScreenTime: consume_pending_navigation_empty
04-01 16:11:42.264 25658 25658 I Capacitor/Console: File:  - Line 333 - Msg: undefined
04-01 16:11:42.272  4883 12603 I NearbySharing: Network state changed: NetworkState(isRestricted=false, isOnline=true, isCongested=false, isMetered=false, isWifiConnected=true)
04-01 16:11:43.340  1109  5528 I vendor.qti.bluetooth@1.0-ibs_handler: ProcessIbsCmd: Received IBS_WAKE_IND: 0xFD
04-01 16:11:43.340  1109  5528 D vendor.qti.bluetooth@1.0-ibs_handler: SerialClockVote: vote for UART CLK ON
04-01 16:11:43.341  1109  5528 D vendor.qti.bluetooth@1.0-wake_lock: Acquire wakelock is acquired 
04-01 16:11:43.341  1109  5528 I vendor.qti.bluetooth@1.0-ibs_handler: ProcessIbsCmd: Writing IBS_WAKE_ACK
04-01 16:11:43.342  4969  5531 I bt_stack: [INFO:btm_ble_gap.cc(3528)] btm_ble_process_adv_pkt_cont Data Complete 46:61:fd:16:0c:22
04-01 16:11:43.382  1109  5528 I vendor.qti.bluetooth@1.0-ibs_handler: ProcessIbsCmd: Received IBS_SLEEP_IND: 0xFE
04-01 16:11:43.382  1109  5528 D vendor.qti.bluetooth@1.0-ibs_handler: SerialClockVote: vote for UART CLK OFF
04-01 16:11:43.484  1931  2916 I MiuiNetworkPolicy: updateUidState uid = 10118, uidState = 19
04-01 16:11:43.532  1109  5267 D vendor.qti.bluetooth@1.0-wake_lock: Release wakelock is released 
04-01 16:11:43.626  1931 18150 I AppSearchIcing: icing-search-engine.cc:2327: Persisting data to disk with mode 3
04-01 16:11:43.657  1931 18150 I AppSearchIcing: icing-search-engine.cc:2340: PersistToDisk completed.
04-01 16:11:43.910  1931  5054 I ClipboardServiceI: checkProviderWakePathForClipboard: primaryClip is null
04-01 16:11:43.910  1931  5054 I SmartPower: com.google.process.gservices/10163(6474): idle->background(40689ms) R(content provider start ContentProviderRecord{7260e74 u0 com.google.android.gsf/.gservices.GservicesProvider}) adj=100.
04-01 16:11:44.772  1899  1899 I wificond: station_bandwidth: 
04-01 16:11:44.831  1931  4128 D SLM-SRV-SLAService: checktemp temperature = 31471 temperature_average = 31093 isPerformanceMode = false thermal_enable_slm = true
04-01 16:11:45.194  1931  5054 D ActivityManager: checkAllowBackground: uid=10191 pkg=com.google.android.apps.photos rec=UidRecord{12c5108 u0a191 CEM  bg:+2h0m5s441ms idle change:procadj procs:0 seq(313393,201477)} caps=------ always=false idle=true
04-01 16:11:45.201  1931  2916 I MiuiNetworkPolicy: updateUidState uid = 10191, uidState = 8
04-01 16:11:45.209  1931  5054 I whetstone.activity: Power Event callback listener is empty for resId=256
04-01 16:11:45.209  1931  5054 D BatteryStatsManagerStub: notifyEvent for resId=256 used 0ms
04-01 16:11:45.227  1931  5054 D ConnectivityService: requestNetwork for uid/pid:10191/21547 activeRequest: null callbackRequest: 1940 [NetworkRequest [ REQUEST id=1941, [ Capabilities: INTERNET&NOT_RESTRICTED&TRUSTED&NOT_VCN_MANAGED Uid: 10191 RequestorUid: 10191 RequestorPkg: com.google.android.apps.photos UnderlyingNetworks: Null] ]] callback flags: 0 order: 2147483647 isUidTracked: false declaredMethods: AVAIL|LOST|NC|BLK
04-01 16:11:45.231  1931  2918 D WifiNetworkFactory: got request NetworkRequest [ REQUEST id=1941, [ Capabilities: INTERNET&NOT_RESTRICTED&TRUSTED&NOT_VCN_MANAGED Uid: 10191 RequestorUid: 10191 RequestorPkg: com.google.android.apps.photos UnderlyingNetworks: Null] ]
04-01 16:11:45.231  1931  2918 D UntrustedWifiNetworkFactory: got request NetworkRequest [ REQUEST id=1941, [ Capabilities: INTERNET&NOT_RESTRICTED&TRUSTED&NOT_VCN_MANAGED Uid: 10191 RequestorUid: 10191 RequestorPkg: com.google.android.apps.photos UnderlyingNetworks: Null] ]
04-01 16:11:45.232  1931  2918 D OemPaidWifiNetworkFactory: got request NetworkRequest [ REQUEST id=1941, [ Capabilities: INTERNET&NOT_RESTRICTED&TRUSTED&NOT_VCN_MANAGED Uid: 10191 RequestorUid: 10191 RequestorPkg: com.google.android.apps.photos UnderlyingNetworks: Null] ]
04-01 16:11:45.232  1931  2918 D MultiInternetWifiNetworkFactory: got request NetworkRequest [ REQUEST id=1941, [ Capabilities: INTERNET&NOT_RESTRICTED&TRUSTED&NOT_VCN_MANAGED Uid: 10191 RequestorUid: 10191 RequestorPkg: com.google.android.apps.photos UnderlyingNetworks: Null] ]
04-01 16:11:45.232  1931  2950 D ConnectivityService: NetReassign [1941 : null → 109] [c 1] [a 1] [i 3]
04-01 16:11:45.293  1931  5054 I whetstone.activity: Power Event callback listener is empty for resId=256
04-01 16:11:45.293  1931  5054 D BatteryStatsManagerStub: notifyEvent for resId=256 used 0ms
04-01 16:11:45.298  1931  2916 I MiuiNetworkPolicy: updateUidState uid = 10191, uidState = 10
04-01 16:11:45.307  1931  2916 I MiuiNetworkPolicy: updateUidState uid = 10191, uidState = 19
04-01 16:11:45.396  5250 25481 V ContactsTaskScheduler: [ContactsPackageMonitor] Thread[Worker-20,5,main] stopping...
04-01 16:11:45.611  1931  2861 I SmartPower: com.google.android.gms.unstable/10163(12211): idle->background(48727ms) R(alarm start) adj=800.
04-01 16:11:45.612  1931  2861 I SmartPower: com.google.android.gms:snet/10163(23091): idle->background(48726ms) R(alarm start) adj=800.
04-01 16:11:45.612  1931  2861 I SmartPower: com.google.process.gapps/10163(20652): idle->background(48727ms) R(alarm start) adj=945.
04-01 16:11:45.613  1931  2861 D AlarmManager: mBroadcastRefCount -> 1
04-01 16:11:45.615  1931  2861 I whetstone.activity: Power Event callback listener is empty for resId=128
04-01 16:11:45.615  1931  2861 D BatteryStatsManagerStub: notifyEvent for resId=128 used 0ms
04-01 16:11:45.623  1931  1931 D AlarmManager: mBroadcastRefCount -> 0
04-01 16:11:45.623  1931  1931 D AlarmManager: mPendingIntent -> PendingIntent{f21a310: PendingIntentRecord{157d6ec com.google.android.gms/com.google.android.gms.location_base broadcastIntent}}
04-01 16:11:45.631  1157  1157 I sensors-hal: batch:242, android.sensor.significant_motion/172, period=1000000, max_latency=0
04-01 16:11:45.631  1157  1157 I sensors-hal: set_config:63, sample_period_ns is adjusted to 0 based on min/max delay_ns
04-01 16:11:45.631  1157  1157 I sensors-hal: batch:251, android.sensor.significant_motion/172, period=1000000, max_latency=0 request completed
04-01 16:11:45.640  1157  1157 I sensors-hal: batch:242, android.sensor.accelerometer/11, period=20000000, max_latency=2147483647000
04-01 16:11:45.640  1157  1157 I sensors-hal: set_config:63, sample_period_ns is adjusted to 20000000 based on min/max delay_ns
04-01 16:11:45.640  1157  1157 I sensors-hal: batch:251, android.sensor.accelerometer/11, period=20000000, max_latency=2147483647000 request completed
04-01 16:11:45.641  1931  3868 I SensorService: 	>>> actuating h/w activate handle=0xb enabled=1
04-01 16:11:45.641  1157  1157 I sensors-hal: activate:209, android.sensor.accelerometer/11 en=1
04-01 16:11:45.641  1157  1157 I sensors-hal: get_qmi_debug_flag:282, support_qmi_debug : false
04-01 16:11:45.642  1094  1209 E minksocket: MinkIPC_QRTR_Service: client with node 1 port 4c1f went down
04-01 16:11:45.643  1094  1209 E minksocket: MinkIPC_QRTR_Service: client with node 1 port 4c20 went down
04-01 16:11:45.644  1094  1209 E minksocket: MinkIPC_QRTR_Service: client with node 1 port 4c21 went down
04-01 16:11:45.644  1094  1209 E minksocket: MinkIPC_QRTR_Service: client with node 1 port 4c22 went down
04-01 16:11:45.662  1157  1157 I sensors-hal: send_sensor_config_request:457, dt=accel, asked batch_period_us : 2147483647 adjusted_us : 200000000
04-01 16:11:45.662  1157  1157 I sensors-hal: send_sync_sensor_request:364, send sync request
04-01 16:11:45.662  1157  1157 I sensors-hal: send_sync_sensor_request:390, wait for notification of response
04-01 16:11:45.663  1157 26192 I sensors-hal: ssc_conn_resp_cb:689, resp_value = 0
04-01 16:11:45.663  1157  1157 I sensors-hal: send_sync_sensor_request:396, takes 1 ms to receive the response with 0
04-01 16:11:45.663  1157  1157 I sensors-hal: activate:220, android.sensor.accelerometer/11 en=1 completed
04-01 16:11:45.668  1157 26192 I sensors-hal: handle_indication_realtime:471,  SCHED_FIFO(10) for qmi_cbk
04-01 16:11:45.675  1157  1157 I sensors-hal: batch:242, android.sensor.accelerometer/11, period=20000000, max_latency=0
04-01 16:11:45.675  1157  1157 I sensors-hal: set_config:63, sample_period_ns is adjusted to 20000000 based on min/max delay_ns
04-01 16:11:45.675  1157  1157 I sensors-hal: send_sync_sensor_request:364, send sync request
04-01 16:11:45.675  1157  1157 I sensors-hal: send_sync_sensor_request:390, wait for notification of response
04-01 16:11:45.676  1157 26192 I sensors-hal: ssc_conn_resp_cb:689, resp_value = 0
04-01 16:11:45.676  1157  1157 I sensors-hal: send_sync_sensor_request:396, takes 1 ms to receive the response with 0
04-01 16:11:45.676  1157  1157 I sensors-hal: batch:251, android.sensor.accelerometer/11, period=20000000, max_latency=0 request completed
04-01 16:11:45.676  1157  1157 I sensors-hal: flush:271, android.sensor.accelerometer/11
04-01 16:11:45.676  1157  1157 I sensors-hal: send_sync_sensor_request:364, send sync request
04-01 16:11:45.676  1157  1157 I sensors-hal: send_sync_sensor_request:390, wait for notification of response
04-01 16:11:45.677  1157 26192 I sensors-hal: ssc_conn_resp_cb:689, resp_value = 0
04-01 16:11:45.677  1157  1157 I sensors-hal: send_sync_sensor_request:396, takes 0 ms to receive the response with 0
04-01 16:11:45.677  1157  1157 I sensors-hal: flush:277, android.sensor.accelerometer/11 completed
04-01 16:11:46.557  1109  5528 I vendor.qti.bluetooth@1.0-ibs_handler: ProcessIbsCmd: Received IBS_WAKE_IND: 0xFD
04-01 16:11:46.558  1109  5528 D vendor.qti.bluetooth@1.0-ibs_handler: SerialClockVote: vote for UART CLK ON
04-01 16:11:46.558  1109  5528 D vendor.qti.bluetooth@1.0-wake_lock: Acquire wakelock is acquired 
04-01 16:11:46.558  1109  5528 I vendor.qti.bluetooth@1.0-ibs_handler: ProcessIbsCmd: Writing IBS_WAKE_ACK
04-01 16:11:46.560  4969  5531 I bt_stack: [INFO:btm_ble_gap.cc(3528)] btm_ble_process_adv_pkt_cont Data Complete 46:61:fd:16:0c:22
04-01 16:11:46.561  4969  5531 I bt_stack: [INFO:btm_ble_gap.cc(3528)] btm_ble_process_adv_pkt_cont Data Complete 46:61:fd:16:0c:22
04-01 16:11:46.561  4969  5531 D bt_btm_ble: bool parse_adv_audio_uuids_from_adv_pkt(const uint8_t *, size_t, uint8_t): tmap_cap_pts: false
04-01 16:11:46.562  4969  5244 D BluetoothAdapterService: getIdentityAddress null retruning 46:61:FD:16:0C:22
04-01 16:11:46.567  4883 15229 I NearbyDiscovery: (REDACTED) BloomFilterAdvManager: Detected bloom filter but too far away, ignoring. %sm, %s
04-01 16:11:46.599  1109  5528 I vendor.qti.bluetooth@1.0-ibs_handler: ProcessIbsCmd: Received IBS_SLEEP_IND: 0xFE
04-01 16:11:46.599  1109  5528 D vendor.qti.bluetooth@1.0-ibs_handler: SerialClockVote: vote for UART CLK OFF
04-01 16:11:46.750  1109  5267 D vendor.qti.bluetooth@1.0-wake_lock: Release wakelock is released 
04-01 16:11:46.814  1931  3868 W ProcessStats: Tracking association SourceState{c7aa938 system/1000 BFgs #57411} whose proc state 4 is better than process ProcessState{9194d11 com.google.android.inputmethod.latin/10179 pkg=com.google.android.inputmethod.latin} proc state 6 (13 skipped)
04-01 16:11:47.789  1899  1899 I wificond: station_bandwidth: 
04-01 16:11:48.206  1931  3244 I SmartPower: com.google.android.apps.photos/10191(21547): background->idle(49049ms) R(service create com.google.android.apps.photos/androidx.work.impl.background.systemjob.SystemJobService) adj=905.
04-01 16:11:48.263 25658 25658 I Capacitor/Console: File:  - Line 349 - Msg: [object Object]
04-01 16:11:48.264 25658 25658 V Capacitor/Plugin: To native (Capacitor plugin): callbackId: 25110875, pluginId: ScreenTime, methodName: consumePendingNavigation
04-01 16:11:48.264 25658 25658 V Capacitor: callback: 25110875, pluginId: ScreenTime, methodName: consumePendingNavigation, methodData: {}
04-01 16:11:48.266 25658 25742 D BlearnScreenTime: consume_pending_navigation_empty
04-01 16:11:48.270 25658 25658 I Capacitor/Console: File:  - Line 333 - Msg: undefined
04-01 16:11:48.614  1931  3244 I SmartPower: com.google.android.gms.unstable/10163(12211): background->idle(3002ms) R(alarm start) adj=800.
04-01 16:11:48.614  1931  3244 I SmartPower: com.google.process.gservices/10163(6474): background->idle(4704ms) R(alarm start) adj=100.
04-01 16:11:48.614  1931  3244 I SmartPower: com.google.android.gms/10163(5288): background->idle(55482ms) R(alarm start) adj=600.
04-01 16:11:48.614  1931  3244 I SmartPower: com.google.android.gms:snet/10163(23091): background->idle(3003ms) R(alarm start) adj=800.
04-01 16:11:48.615  1931  3244 I SmartPower: com.google.process.gapps/10163(20652): background->idle(3002ms) R(alarm start) adj=945.
04-01 16:11:49.096  1157  1157 I sensors-hal: batch:242, android.sensor.accelerometer/11, period=20000000, max_latency=2147483647000
04-01 16:11:49.096  1157  1157 I sensors-hal: set_config:63, sample_period_ns is adjusted to 20000000 based on min/max delay_ns
04-01 16:11:49.096  1157  1157 I sensors-hal: send_sensor_config_request:457, dt=accel, asked batch_period_us : 2147483647 adjusted_us : 200000000
04-01 16:11:49.096  1157  1157 I sensors-hal: send_sync_sensor_request:364, send sync request
04-01 16:11:49.097  1157  1157 I sensors-hal: send_sync_sensor_request:390, wait for notification of response
04-01 16:11:49.098  1157 26192 I sensors-hal: ssc_conn_resp_cb:689, resp_value = 0
04-01 16:11:49.098  1157  1157 I sensors-hal: send_sync_sensor_request:396, takes 1 ms to receive the response with 0
04-01 16:11:49.098  1157  1157 I sensors-hal: batch:251, android.sensor.accelerometer/11, period=20000000, max_latency=2147483647000 request completed
04-01 16:11:49.100  1157  1157 I sensors-hal: batch:242, android.sensor.light/51, period=200000000, max_latency=0
04-01 16:11:49.100  1157  1157 I sensors-hal: set_config:68, no need to adjust sample_period_ns due to on_change_sp_enabled = 1 or reporting_mode = 2
04-01 16:11:49.100  1157  1157 I sensors-hal: batch:251, android.sensor.light/51, period=200000000, max_latency=0 request completed
04-01 16:11:49.167  1931  5054 D ActivityManager: checkAllowBackground: uid=10163 pkg=com.google.android.gms rec=UidRecord{875802d u0a163 BFGS change:procadj procs:0 seq(313504,985)} caps=LCMNFU always=false idle=false
04-01 16:11:49.231  1931  4085 I NetworkBoostStatusManager: handle: 107
04-01 16:11:49.239  3991  4854 E PhoneAdapter: get ntnphones failed, exception: java.lang.IllegalStateException: Default phones haven't been made yet!
04-01 16:11:49.240  1931  4085 D SLM-SRV-SLAService: isModemSingnalStrengthStatus = 0
04-01 16:11:49.595  1931  2861 W ActivityManagerServiceImpl: Sending non-protected broadcast miui.intent.action.CYCLE_CHECK from system uid 1000 pkg android. Callers=com.android.server.am.ActivityManagerService.checkBroadcastFromSystem:15246 com.android.server.am.ActivityManagerService.broadcastIntentLockedTraced:16076 com.android.server.am.ActivityManagerService.broadcastIntentLocked:15304 com.android.server.am.ActivityManagerService.broadcastIntentInPackage:16309 com.android.server.am.ActivityManagerService$LocalService.broadcastIntentInPackage:19055 
04-01 16:11:49.596  1931  2861 D AlarmManager: mBroadcastRefCount -> 1
04-01 16:11:49.608  1931  2014 D ActivityManager: checkAllowBackground: uid=1000 pkg=android rec=UidRecord{32d667d 1000 PER  fgServices allowlist change:procadj procs:0 seq(313582,309125)} caps=LCMNFU always=false idle=false
04-01 16:11:49.610  1931  1931 D AlarmManager: mBroadcastRefCount -> 0
04-01 16:11:49.610  1931  1931 D AlarmManager: mPendingIntent -> PendingIntent{3224d42: PendingIntentRecord{c313153 android broadcastIntent}}
04-01 16:11:49.614  1931  2014 I android_os_HwBinder: HwBinder: Starting thread pool for getting: vendor.xiaomi.hardware.micharge@1.0::IMiCharge/default
04-01 16:11:49.618  1285  1296 I vendor.xiaomi.hardware.micharge@1.0-service: ReadFilePathValue path = /sys/class/power_supply/battery/temp value = 290
04-01 16:11:49.620  1931  2014 I android_os_HwBinder: HwBinder: Starting thread pool for getting: vendor.xiaomi.hardware.micharge@1.0::IMiCharge/default
04-01 16:11:49.621  1285  1296 I vendor.xiaomi.hardware.micharge@1.0-service: ReadFilePathValue path = /sys/class/power_supply/battery/charge_control_limit value = 0
04-01 16:11:50.807  1899  1899 I wificond: station_bandwidth: 
04-01 16:11:52.516  1931  2335 D HeapUsage Monitor: HeapAllocSize : 113MB; monitorSize : 500MB
04-01 16:11:53.828  1899  1899 I wificond: station_bandwidth: 
04-01 16:11:53.833  4019  4019 D ArtChoreographerMonitor: invoke error.
04-01 16:11:54.007  4019  4019 D ArtChoreographerMonitor: invoke error.
04-01 16:11:54.168  1931  2861 I SmartPower: com.google.android.gms.unstable/10163(12211): idle->background(5554ms) R(alarm start) adj=800.
04-01 16:11:54.169  1931  2861 I SmartPower: com.google.process.gservices/10163(6474): idle->background(5554ms) R(alarm start) adj=700.
04-01 16:11:54.169  1931  2861 I SmartPower: com.google.android.gms/10163(5288): idle->background(5555ms) R(alarm start) adj=600.
04-01 16:11:54.169  1931  2861 I SmartPower: com.google.android.gms:snet/10163(23091): idle->background(5555ms) R(alarm start) adj=800.
04-01 16:11:54.169  1931  2861 I SmartPower: com.google.process.gapps/10163(20652): idle->background(5555ms) R(alarm start) adj=945.
04-01 16:11:54.172  1931  2861 D AlarmManager: mBroadcastRefCount -> 1
04-01 16:11:54.175  1931  2861 I whetstone.activity: Power Event callback listener is empty for resId=128
04-01 16:11:54.175  1931  2861 D BatteryStatsManagerStub: notifyEvent for resId=128 used 0ms
04-01 16:11:54.182  1931  1931 D AlarmManager: mBroadcastRefCount -> 0
04-01 16:11:54.183  1931  1931 D AlarmManager: mPendingIntent -> PendingIntent{483c24b: PendingIntentRecord{157d6ec com.google.android.gms/com.google.android.gms.location_base broadcastIntent}}
04-01 16:11:54.188  1157  1157 I sensors-hal: batch:242, android.sensor.accelerometer/11, period=20000000, max_latency=0
04-01 16:11:54.188  1157  1157 I sensors-hal: set_config:63, sample_period_ns is adjusted to 20000000 based on min/max delay_ns
04-01 16:11:54.188  1157  1157 I sensors-hal: send_sync_sensor_request:364, send sync request
04-01 16:11:54.188  1157  1157 I sensors-hal: send_sync_sensor_request:390, wait for notification of response
04-01 16:11:54.189  1157 26192 I sensors-hal: ssc_conn_resp_cb:689, resp_value = 0
04-01 16:11:54.189  1157  1157 I sensors-hal: send_sync_sensor_request:396, takes 1 ms to receive the response with 0
04-01 16:11:54.189  1157  1157 I sensors-hal: batch:251, android.sensor.accelerometer/11, period=20000000, max_latency=0 request completed
04-01 16:11:54.190  1157  1157 I sensors-hal: flush:271, android.sensor.accelerometer/11
04-01 16:11:54.190  1157  1157 I sensors-hal: send_sync_sensor_request:364, send sync request
04-01 16:11:54.190  1157  1157 I sensors-hal: send_sync_sensor_request:390, wait for notification of response
04-01 16:11:54.192  1157 26192 I sensors-hal: ssc_conn_resp_cb:689, resp_value = 0
04-01 16:11:54.192  1157  1157 I sensors-hal: send_sync_sensor_request:396, takes 2 ms to receive the response with 0
04-01 16:11:54.192  1157  1157 I sensors-hal: flush:277, android.sensor.accelerometer/11 completed
04-01 16:11:54.270 25658 25658 I Capacitor/Console: File:  - Line 349 - Msg: [object Object]
04-01 16:11:54.270 25658 25658 V Capacitor/Plugin: To native (Capacitor plugin): callbackId: 25110876, pluginId: ScreenTime, methodName: consumePendingNavigation
04-01 16:11:54.270 25658 25658 V Capacitor: callback: 25110876, pluginId: ScreenTime, methodName: consumePendingNavigation, methodData: {}
04-01 16:11:54.272 25658 25742 D BlearnScreenTime: consume_pending_navigation_empty
04-01 16:11:54.276 25658 25658 I Capacitor/Console: File:  - Line 333 - Msg: undefined
04-01 16:11:54.838  1931  4128 D SLM-SRV-SLAService: checktemp temperature = 31387 temperature_average = 31307 isPerformanceMode = false thermal_enable_slm = true
04-01 16:11:54.894  1931  2916 I MiuiNetworkPolicy: updateUidState uid = 10213, uidState = 19
04-01 16:11:55.811  1109  5528 I vendor.qti.bluetooth@1.0-ibs_handler: ProcessIbsCmd: Received IBS_WAKE_IND: 0xFD
04-01 16:11:55.812  1109  5528 D vendor.qti.bluetooth@1.0-ibs_handler: SerialClockVote: vote for UART CLK ON
04-01 16:11:55.813  1109  5528 D vendor.qti.bluetooth@1.0-wake_lock: Acquire wakelock is acquired 
04-01 16:11:55.813  1109  5528 I vendor.qti.bluetooth@1.0-ibs_handler: ProcessIbsCmd: Writing IBS_WAKE_ACK
04-01 16:11:55.814  4969  5531 I bt_stack: [INFO:btm_ble_gap.cc(3528)] btm_ble_process_adv_pkt_cont Data Complete 46:61:fd:16:0c:22
04-01 16:11:55.815  4969  5531 I bt_stack: [INFO:btm_ble_gap.cc(3528)] btm_ble_process_adv_pkt_cont Data Complete 46:61:fd:16:0c:22
04-01 16:11:55.815  4969  5531 D bt_btm_ble: bool parse_adv_audio_uuids_from_adv_pkt(const uint8_t *, size_t, uint8_t): tmap_cap_pts: false
04-01 16:11:55.816  4969  5244 D BluetoothAdapterService: getIdentityAddress null retruning 46:61:FD:16:0C:22
04-01 16:11:55.821  4883 15229 I NearbyDiscovery: (REDACTED) BloomFilterAdvManager: Detected bloom filter but too far away, ignoring. %sm, %s
04-01 16:11:55.854  1109  5528 I vendor.qti.bluetooth@1.0-ibs_handler: ProcessIbsCmd: Received IBS_SLEEP_IND: 0xFE
04-01 16:11:55.854  1109  5528 D vendor.qti.bluetooth@1.0-ibs_handler: SerialClockVote: vote for UART CLK OFF
04-01 16:11:56.004  1109  5267 D vendor.qti.bluetooth@1.0-wake_lock: Release wakelock is released 
04-01 16:11:56.105 15909 17072 V U.Notification: Posting new notification, elapsed=16062
04-01 16:11:56.191  5288  5288 D BoundBrokerSvc: onUnbind: Intent { act=com.google.android.gms.common.BIND_SHARED_PREFS pkg=com.google.android.gms }
04-01 16:11:56.846  1899  1899 I wificond: station_bandwidth: 
04-01 16:11:56.852  4019  4019 D ArtChoreographerMonitor: invoke error.
04-01 16:11:57.023  4019  4019 D ArtChoreographerMonitor: invoke error.
04-01 16:11:57.172  1931  3244 I SmartPower: com.google.android.gms.unstable/10163(12211): background->idle(3004ms) R(alarm start) adj=800.
04-01 16:11:57.172  1931  3244 I SmartPower: com.google.process.gservices/10163(6474): background->idle(3004ms) R(alarm start) adj=700.
04-01 16:11:57.172  1931  3244 I SmartPower: com.google.android.gms/10163(5288): background->idle(3003ms) R(alarm start) adj=600.
04-01 16:11:57.173  1931  3244 I SmartPower: com.google.android.gms:snet/10163(23091): background->idle(3003ms) R(alarm start) adj=800.
04-01 16:11:57.173  1931  3244 I SmartPower: com.google.process.gapps/10163(20652): background->idle(3004ms) R(alarm start) adj=945.
04-01 16:11:57.622  1157  1157 I sensors-hal: batch:242, android.sensor.accelerometer/11, period=20000000, max_latency=2147483647000
04-01 16:11:57.622  1157  1157 I sensors-hal: set_config:63, sample_period_ns is adjusted to 20000000 based on min/max delay_ns
04-01 16:11:57.622  1157  1157 I sensors-hal: send_sensor_config_request:457, dt=accel, asked batch_period_us : 2147483647 adjusted_us : 200000000
04-01 16:11:57.622  1157  1157 I sensors-hal: send_sync_sensor_request:364, send sync request
04-01 16:11:57.622  1157  1157 I sensors-hal: send_sync_sensor_request:390, wait for notification of response
04-01 16:11:57.623  1157 26192 I sensors-hal: ssc_conn_resp_cb:689, resp_value = 0
04-01 16:11:57.623  1157  1157 I sensors-hal: send_sync_sensor_request:396, takes 0 ms to receive the response with 0
04-01 16:11:57.623  1157  1157 I sensors-hal: batch:251, android.sensor.accelerometer/11, period=20000000, max_latency=2147483647000 request completed
04-01 16:11:57.664  1931  5054 W AppOps  : Noting op not finished: uid 10163 pkg com.google.android.gms code 113 startTime of in progress event=1775051865426
04-01 16:11:57.669  1931  5054 D ActivityManager: checkAllowBackground: uid=10163 pkg=com.google.android.gms rec=UidRecord{875802d u0a163 BFGS change:procadj procs:0 seq(313590,985)} caps=LCMNFU always=false idle=false
04-01 16:11:57.673  1931  5054 W AppOps  : Noting op not finished: uid 10163 pkg com.google.android.gms code 113 startTime of in progress event=1775051865426
04-01 16:11:57.678  1931  2007 D ActivityManager: checkAllowBackground: uid=10163 pkg=com.google.android.gms rec=UidRecord{875802d u0a163 BFGS change:procadj procs:0 seq(313590,985)} caps=LCMNFU always=false idle=false
04-01 16:11:57.680  1931  5054 W ProcessStats: Tracking association SourceState{c7aa938 system/1000 BFgs #57422} whose proc state 4 is better than process ProcessState{9194d11 com.google.android.inputmethod.latin/10179 pkg=com.google.android.inputmethod.latin} proc state 6 (10 skipped)
04-01 16:11:57.682  1931  5054 W AppOps  : Noting op not finished: uid 10163 pkg com.google.android.gms code 113 startTime of in progress event=1775051865426
04-01 16:11:57.692  1931  3868 I SensorService: 	>>> actuating h/w activate handle=0xb enabled=0
04-01 16:11:57.692  1157  1157 I sensors-hal: activate:209, android.sensor.accelerometer/11 en=0
04-01 16:11:57.693  1094  1209 E minksocket: MinkIPC_QRTR_Service: client with node 1 port 4c23 went down
04-01 16:11:57.693  1157  1157 I sensors-hal: activate:220, android.sensor.accelerometer/11 en=0 completed
04-01 16:11:57.696  1931  2007 D ActivityManager: checkAllowBackground: uid=10163 pkg=com.google.android.gms rec=UidRecord{875802d u0a163 BFGS change:procadj procs:0 seq(313594,985)} caps=LCMNFU always=false idle=false
04-01 16:11:57.815  1109  5528 I vendor.qti.bluetooth@1.0-ibs_handler: ProcessIbsCmd: Received IBS_WAKE_IND: 0xFD
04-01 16:11:57.815  1109  5528 D vendor.qti.bluetooth@1.0-ibs_handler: SerialClockVote: vote for UART CLK ON
04-01 16:11:57.816  1109  5528 D vendor.qti.bluetooth@1.0-wake_lock: Acquire wakelock is acquired 
04-01 16:11:57.816  1109  5528 I vendor.qti.bluetooth@1.0-ibs_handler: ProcessIbsCmd: Writing IBS_WAKE_ACK
04-01 16:11:57.817  4969  5531 I bt_stack: [INFO:btm_ble_gap.cc(3528)] btm_ble_process_adv_pkt_cont Data Complete 59:0c:aa:52:6e:7e
04-01 16:11:57.857  1109  5528 I vendor.qti.bluetooth@1.0-ibs_handler: ProcessIbsCmd: Received IBS_SLEEP_IND: 0xFE
04-01 16:11:57.857  1109  5528 D vendor.qti.bluetooth@1.0-ibs_handler: SerialClockVote: vote for UART CLK OFF
04-01 16:11:58.007  1109  5267 D vendor.qti.bluetooth@1.0-wake_lock: Release wakelock is released 
04-01 16:11:58.581  1931  2916 I MiuiNetworkPolicy: updateUidState uid = 10109, uidState = 19
04-01 16:11:58.845  1931  2843 I UsageStatsService: User[0] Flushing usage stats to disk
04-01 16:11:59.566  1931  2916 D MiuiNetworkPolicy: updateLimit mLimitEnabled=true,enabled=false,mNetworkPriorityMode=255,mThermalForceMode=0
04-01 16:11:59.567  1931  2916 I MiuiNetworkPolicy: getDisableLimitTimeout when thermal mode is:0
04-01 16:11:59.867  1899  1899 I wificond: station_bandwidth: 
04-01 16:11:59.874  4019  4019 D ArtChoreographerMonitor: invoke error.
04-01 16:12:00.001  1931  2861 D ActivityManager: checkAllowBackground: uid=1000 pkg=android rec=UidRecord{32d667d 1000 PER  fgServices change:procadj procs:0 seq(313674,309125)} caps=LCMNFU always=false idle=false
04-01 16:12:00.002  1931  2861 D AlarmManager: mBroadcastRefCount -> 1
04-01 16:12:00.005  1931  1931 D AlarmManager: mBroadcastRefCount -> 0
04-01 16:12:00.005  1931  1931 D AlarmManager: mPendingIntent -> null
04-01 16:12:00.006  4019  4019 D MiuiClockController: fixed clock timezone, clockTimezone is null mCurrentTimezone is Europe/Paris
04-01 16:12:00.006  4019  4019 I MiuiDualClock: update local timeZone:Europe/Paris
04-01 16:12:00.007  4019  4019 D MiuiDualClock: miui dual clock time update: 16:12
04-01 16:12:00.007  4019  4019 D MiuiDualClock: miui dual clock time update: 16:12
04-01 16:12:00.008  4019  4019 D MiuiClockController: Listener updateTime
04-01 16:12:00.008  4019  4019 D MiuiDualClock: miui dual clock time update: 16:12
04-01 16:12:00.009  4019  4019 D MiuiDualClock: miui dual clock time update: 16:12
04-01 16:12:00.009  4019  4019 E AnimationHelper: updateTime mToAod:false mHasNotification: true, mClockType: dual
04-01 16:12:00.010  1931  2007 I ClipboardServiceI: checkProviderWakePathForClipboard: primaryClip is null
04-01 16:12:00.011  4019  4019 D MiuiDualClock: miui dual clock time update: 16:12
04-01 16:12:00.013  4019  4019 D MiuiDualClock: miui dual clock time update: 16:12
04-01 16:12:00.016  4019 13505 I MiuiDualClock: get city name: Paris, from: content://com.android.settings.provider.MiuiSettingsDataProvider/zone_info
04-01 16:12:00.212  4019  4019 D ArtChoreographerMonitor: invoke error.
04-01 16:12:00.276 25658 25658 I Capacitor/Console: File:  - Line 349 - Msg: [object Object]
04-01 16:12:00.277 25658 25658 V Capacitor/Plugin: To native (Capacitor plugin): callbackId: 25110877, pluginId: ScreenTime, methodName: consumePendingNavigation
04-01 16:12:00.277 25658 25658 V Capacitor: callback: 25110877, pluginId: ScreenTime, methodName: consumePendingNavigation, methodData: {}
04-01 16:12:00.279 25658 25742 D BlearnScreenTime: consume_pending_navigation_empty
04-01 16:12:00.282 25658 25658 I Capacitor/Console: File:  - Line 333 - Msg: undefined
04-01 16:12:01.792  1109  5528 I vendor.qti.bluetooth@1.0-ibs_handler: ProcessIbsCmd: Received IBS_WAKE_IND: 0xFD
04-01 16:12:01.793  1109  5528 D vendor.qti.bluetooth@1.0-ibs_handler: SerialClockVote: vote for UART CLK ON
04-01 16:12:01.793  1109  5528 D vendor.qti.bluetooth@1.0-wake_lock: Acquire wakelock is acquired 
04-01 16:12:01.793  1109  5528 I vendor.qti.bluetooth@1.0-ibs_handler: ProcessIbsCmd: Writing IBS_WAKE_ACK
04-01 16:12:01.795  4969  5531 I bt_stack: [INFO:btm_ble_gap.cc(3528)] btm_ble_process_adv_pkt_cont Data Complete 59:0c:aa:52:6e:7e
04-01 16:12:01.796  4969  5531 I bt_stack: [INFO:btm_ble_gap.cc(3528)] btm_ble_process_adv_pkt_cont Data Complete 59:0c:aa:52:6e:7e
04-01 16:12:01.797  4969  5531 D bt_btm_ble: bool parse_adv_audio_uuids_from_adv_pkt(const uint8_t *, size_t, uint8_t): tmap_cap_pts: false
04-01 16:12:01.797  4969  5244 D BluetoothRemoteDevices:  getMappingAddr null
04-01 16:12:01.798  4969  5244 D BluetoothAdapterService: getIdentityAddress null retruning 59:0C:AA:52:6E:7E
04-01 16:12:01.804  4883 15229 I NearbyDiscovery: (REDACTED) BloomFilterAdvManager: Detected bloom filter but too far away, ignoring. %sm, %s
04-01 16:12:01.834  1109  5528 I vendor.qti.bluetooth@1.0-ibs_handler: ProcessIbsCmd: Received IBS_SLEEP_IND: 0xFE
04-01 16:12:01.834  1109  5528 D vendor.qti.bluetooth@1.0-ibs_handler: SerialClockVote: vote for UART CLK OFF
04-01 16:12:01.985  1109  5267 D vendor.qti.bluetooth@1.0-wake_lock: Release wakelock is released 
04-01 16:12:02.272  1931  2916 I MiuiNetworkPolicy: updateUidState uid = 90007, uidState = 15
04-01 16:12:02.274  1931  2916 I MiuiNetworkPolicy: updateUidState uid = 10171, uidState = 15
04-01 16:12:02.274  1931  2916 I MiuiNetworkPolicy: updateUidState uid = 10165, uidState = 15
04-01 16:12:02.275  1931  2916 I MiuiNetworkPolicy: updateUidState uid = 10133, uidState = 19
04-01 16:12:02.892  1899  1899 I wificond: station_bandwidth: 
04-01 16:12:02.898  4019  4019 D ArtChoreographerMonitor: invoke error.
04-01 16:12:03.072  4019  4019 D ArtChoreographerMonitor: invoke error.
04-01 16:12:03.786  1109  5528 I vendor.qti.bluetooth@1.0-ibs_handler: ProcessIbsCmd: Received IBS_WAKE_IND: 0xFD
04-01 16:12:03.786  1109  5528 D vendor.qti.bluetooth@1.0-ibs_handler: SerialClockVote: vote for UART CLK ON
04-01 16:12:03.787  1109  5528 D vendor.qti.bluetooth@1.0-wake_lock: Acquire wakelock is acquired 
04-01 16:12:03.788  1109  5528 I vendor.qti.bluetooth@1.0-ibs_handler: ProcessIbsCmd: Writing IBS_WAKE_ACK
04-01 16:12:03.789  4969  5531 I bt_stack: [INFO:btm_ble_gap.cc(3528)] btm_ble_process_adv_pkt_cont Data Complete 59:0c:aa:52:6e:7e
04-01 16:12:03.790  4969  5531 I bt_stack: [INFO:btm_ble_gap.cc(3528)] btm_ble_process_adv_pkt_cont Data Complete 59:0c:aa:52:6e:7e
04-01 16:12:03.790  4969  5531 D bt_btm_ble: bool parse_adv_audio_uuids_from_adv_pkt(const uint8_t *, size_t, uint8_t): tmap_cap_pts: false
04-01 16:12:03.791  4969  5244 D BluetoothRemoteDevices:  getMappingAddr null
04-01 16:12:03.792  4969  5244 D BluetoothAdapterService: getIdentityAddress null retruning 59:0C:AA:52:6E:7E
04-01 16:12:03.797  4883 15229 I NearbyDiscovery: (REDACTED) BloomFilterAdvManager: Detected bloom filter but too far away, ignoring. %sm, %s
04-01 16:12:03.829  1109  5528 I vendor.qti.bluetooth@1.0-ibs_handler: ProcessIbsCmd: Received IBS_SLEEP_IND: 0xFE
04-01 16:12:03.829  1109  5528 D vendor.qti.bluetooth@1.0-ibs_handler: SerialClockVote: vote for UART CLK OFF
04-01 16:12:03.979  1109  5267 D vendor.qti.bluetooth@1.0-wake_lock: Release wakelock is released 
04-01 16:12:04.570  1931  2916 D MiuiNetworkPolicy: updateLimit mLimitEnabled=false,enabled=true,mNetworkPriorityMode=255,mThermalForceMode=0
04-01 16:12:04.571  1931  2916 I MiuiNetworkPolicy: getEnableLimitTimeout when thermal mode is:0
04-01 16:12:04.654  1931  2861 D ActivityManager: checkAllowBackground: uid=1000 pkg=com.miui.powerkeeper rec=UidRecord{32d667d 1000 PER  fgServices change:procadj procs:0 seq(313674,309125)} caps=LCMNFU always=false idle=false
04-01 16:12:04.656  1931  2861 D ActivityManager: checkAllowBackground: uid=1000 pkg=com.miui.misightservice rec=UidRecord{32d667d 1000 PER  fgServices change:procadj procs:0 seq(313674,309125)} caps=LCMNFU always=false idle=false
04-01 16:12:04.657  1931  2861 D AlarmManager: mBroadcastRefCount -> 1
04-01 16:12:04.663  1931  2861 D AlarmManager: mBroadcastRefCount -> 2
04-01 16:12:04.670  1931  2861 D AlarmManager: mBroadcastRefCount -> 3
04-01 16:12:04.673  6817  6817 I PowerKeeperBackgroundService: onStartCommand()
04-01 16:12:04.673  1931  1931 D ActivityManager: checkAllowBackground: uid=1000 pkg=android rec=UidRecord{32d667d 1000 PER  fgServices change:procadj procs:0 seq(313676,309125)} caps=LCMNFU always=false idle=false
04-01 16:12:04.674  1931  2844 D ActivityManager: checkAllowBackground: uid=1000 pkg=android rec=UidRecord{32d667d 1000 PER  fgServices change:procadj procs:0 seq(313676,309125)} caps=LCMNFU always=false idle=false
04-01 16:12:04.674  1931  1931 D AlarmManager: mBroadcastRefCount -> 2
04-01 16:12:04.674  1931  1931 D AlarmManager: mPendingIntent -> null
04-01 16:12:04.675  1931  1931 D AlarmManager: mBroadcastRefCount -> 1
04-01 16:12:04.675  1931  1931 D AlarmManager: mPendingIntent -> PendingIntent{510de8b: PendingIntentRecord{f58c5d1 com.miui.misightservice startService}}
04-01 16:12:04.675  1931  1931 D AlarmManager: mBroadcastRefCount -> 0
04-01 16:12:04.675  6817  6817 I PowerKeeperService: onAlarm
04-01 16:12:04.675  1931  1931 D AlarmManager: mPendingIntent -> PendingIntent{fc957df: PendingIntentRecord{6fa8c2c com.miui.powerkeeper startService}}
04-01 16:12:04.685  1931  2844 I whetstone.activity: Power Event callback listener is empty for resId=256
04-01 16:12:04.685  1931  2844 D BatteryStatsManagerStub: notifyEvent for resId=256 used 0ms
04-01 16:12:04.696  1931  3767 D ActivityManager: checkAllowBackground: uid=10308 pkg=com.whatsapp rec=UidRecord{c421823 u0a308 CEM  bg:+13m58s726ms idle change:procadj procs:0 seq(313615,297657)} caps=------ always=false idle=true
04-01 16:12:04.700  1931  2916 I MiuiNetworkPolicy: updateUidState uid = 10308, uidState = 8
04-01 16:12:04.763 20316 20316 E FileUtils: err write to mi_exception_log
04-01 16:12:04.797  1931  2916 I MiuiNetworkPolicy: updateUidState uid = 10060, uidState = 8
04-01 16:12:04.797  1931  2007 I ClipboardServiceI: checkProviderWakePathForClipboard: primaryClip is null
04-01 16:12:04.798  1931  2007 I SmartPower: android.process.acore/10060(5250): idle->background(78144ms) R(content provider start ContentProviderRecord{4d2d6b5 u0 com.android.providers.contacts/.ContactsProvider2}) adj=200.
04-01 16:12:04.799 20316 26198 I ActivityThread: installProviderAuthoritiesLocked allowBlocking com.android.contacts
04-01 16:12:04.848  1931  4128 D SLM-SRV-SLAService: checktemp temperature = 31311 temperature_average = 31447 isPerformanceMode = false thermal_enable_slm = true
04-01 16:12:04.860 15909 16253 I S.FlushReqestGen: Queueing async flush of data to disk for 2 listeners.
04-01 16:12:04.885 15909 16058 I S.FlushReqestGen: Async flush done.
04-01 16:12:04.885 15909 16058 D U/AsyncTaskHelper: r8lambdaeKjHpdWvaEhsTIzu7XkVhl4aiT4$3@93e2553 finished, thread=ATH-1. Queue time: 0ms. Run real=25 cpu=17 ms
04-01 16:12:05.069  1109  5528 I vendor.qti.bluetooth@1.0-ibs_handler: ProcessIbsCmd: Received IBS_WAKE_IND: 0xFD
04-01 16:12:05.069  1109  5528 D vendor.qti.bluetooth@1.0-ibs_handler: SerialClockVote: vote for UART CLK ON
04-01 16:12:05.070  1109  5528 D vendor.qti.bluetooth@1.0-wake_lock: Acquire wakelock is acquired 
04-01 16:12:05.070  1109  5528 I vendor.qti.bluetooth@1.0-ibs_handler: ProcessIbsCmd: Writing IBS_WAKE_ACK
04-01 16:12:05.071  4969  5531 I bt_stack: [INFO:btm_ble_gap.cc(3528)] btm_ble_process_adv_pkt_cont Data Complete 46:61:fd:16:0c:22
04-01 16:12:05.072  4969  5531 I bt_stack: [INFO:btm_ble_gap.cc(3528)] btm_ble_process_adv_pkt_cont Data Complete 46:61:fd:16:0c:22
04-01 16:12:05.072  4969  5531 D bt_btm_ble: bool parse_adv_audio_uuids_from_adv_pkt(const uint8_t *, size_t, uint8_t): tmap_cap_pts: false
04-01 16:12:05.073  4969  5244 D BluetoothAdapterService: getIdentityAddress null retruning 46:61:FD:16:0C:22
04-01 16:12:05.079  4883 15229 I NearbyDiscovery: (REDACTED) BloomFilterAdvManager: Detected bloom filter but too far away, ignoring. %sm, %s
04-01 16:12:05.111  1109  5528 I vendor.qti.bluetooth@1.0-ibs_handler: ProcessIbsCmd: Received IBS_SLEEP_IND: 0xFE
04-01 16:12:05.111  1109  5528 D vendor.qti.bluetooth@1.0-ibs_handler: SerialClockVote: vote for UART CLK OFF
04-01 16:12:05.261  1109  5267 D vendor.qti.bluetooth@1.0-wake_lock: Release wakelock is released 
04-01 16:12:05.913  1899  1899 I wificond: station_bandwidth: 
04-01 16:12:06.283 25658 25658 I Capacitor/Console: File:  - Line 349 - Msg: [object Object]
