04-01 15:59:59.083  4969  5531 I bt_stack: [INFO:btm_ble_gap.cc(3528)] btm_ble_process_adv_pkt_cont Data Complete 7f:23:b6:78:e3:70
04-01 15:59:59.084  4969  5531 I bt_stack: [INFO:btm_ble_gap.cc(3528)] btm_ble_process_adv_pkt_cont Data Complete 7f:23:b6:78:e3:70
04-01 15:59:59.084  4969  5531 D bt_btm_ble: bool parse_adv_audio_uuids_from_adv_pkt(const uint8_t *, size_t, uint8_t): tmap_cap_pts: false
04-01 15:59:59.084  4969  5244 D BluetoothAdapterService: getIdentityAddress null retruning 46:61:FD:16:0C:22
04-01 15:59:59.086  4969  5244 D BluetoothRemoteDevices:  getMappingAddr null
04-01 15:59:59.087  4969  5244 D BluetoothAdapterService: getIdentityAddress null retruning 7F:23:B6:78:E3:70
04-01 15:59:59.090  4883 15229 I NearbyDiscovery: (REDACTED) BloomFilterAdvManager: Detected bloom filter but too far away, ignoring. %sm, %s
04-01 15:59:59.090  4883 22690 I NearbyDiscovery: (REDACTED) loadFastPairModule: checkFeaturesAreAvailable:%d
04-01 15:59:59.090  4883 22690 I NearbyDiscovery: loadFastPairModule: FastPair module is downloaded. [CONTEXT service_id=265 ]
04-01 15:59:59.091  4883 15229 I NearbyDiscovery: (REDACTED) BloomFilterAdvManager: Detected bloom filter but too far away, ignoring. %sm, %s
04-01 15:59:59.122  1109  5528 I vendor.qti.bluetooth@1.0-ibs_handler: ProcessIbsCmd: Received IBS_SLEEP_IND: 0xFE
04-01 15:59:59.122  1109  5528 D vendor.qti.bluetooth@1.0-ibs_handler: SerialClockVote: vote for UART CLK OFF
04-01 15:59:59.154  1931  2844 W ProcessStats: Tracking association SourceState{4d7bf2a com.xiaomi.mi_connect_service/1000 Fgs #54807} whose proc state 3 is better than process ProcessState{9245394 com.miui.analytics/10094 pkg=com.miui.analytics} proc state 5 (10 skipped)
04-01 15:59:59.273  1109  5267 D vendor.qti.bluetooth@1.0-wake_lock: Release wakelock is released 
04-01 15:59:59.631  1931  3244 I SmartPower: com.google.android.gms.unstable/10163(12211): background->idle(3005ms) R(alarm start) adj=800.
04-01 15:59:59.632  1931  3244 I SmartPower: com.google.process.gservices/10163(6474): background->idle(3005ms) R(alarm start) adj=945.
04-01 15:59:59.634  1931  3244 I SmartPower: com.google.android.gms/10163(5288): background->idle(3006ms) R(alarm start) adj=600.
04-01 15:59:59.634  1931  3244 I SmartPower: com.google.android.gms:snet/10163(23091): background->idle(3006ms) R(alarm start) adj=800.
04-01 15:59:59.635  1931  3244 I SmartPower: com.google.process.gapps/10163(20652): background->idle(3006ms) R(alarm start) adj=955.
04-01 16:00:00.001  1931  2861 D ActivityManager: checkAllowBackground: uid=1000 pkg=android rec=UidRecord{32d667d 1000 PER  fgServices change:procadj procs:0 seq(300009,297765)} caps=LCMNFU always=false idle=false
04-01 16:00:00.002  1931  2861 D AlarmManager: mBroadcastRefCount -> 1
04-01 16:00:00.004  1931  1931 D AlarmManager: mBroadcastRefCount -> 0
04-01 16:00:00.004  1931  1931 D AlarmManager: mPendingIntent -> null
04-01 16:00:00.006  4019  4019 D MiuiClockController: fixed clock timezone, clockTimezone is null mCurrentTimezone is Europe/Paris
04-01 16:00:00.006  4019  4019 I MiuiDualClock: update local timeZone:Europe/Paris
04-01 16:00:00.006  4019  4019 D MiuiDualClock: miui dual clock time update: 16:00
04-01 16:00:00.007  4019  4019 D MiuiDualClock: miui dual clock time update: 16:00
04-01 16:00:00.007  4019  4019 D MiuiClockController: Listener updateTime
04-01 16:00:00.007  4019  4019 D MiuiDualClock: miui dual clock time update: 16:00
04-01 16:00:00.008  4019  4019 D MiuiDualClock: miui dual clock time update: 16:00
04-01 16:00:00.008  4019  4019 E AnimationHelper: updateTime mToAod:false mHasNotification: true, mClockType: dual
04-01 16:00:00.009  4019  4019 D MiuiDualClock: miui dual clock time update: 16:00
04-01 16:00:00.009  4019  4019 D MiuiDualClock: miui dual clock time update: 16:00
04-01 16:00:00.011  1931  7215 I ClipboardServiceI: checkProviderWakePathForClipboard: primaryClip is null
04-01 16:00:00.014  4019  4019 D ArtChoreographerMonitor: invoke error.
04-01 16:00:00.021  4019 13505 I MiuiDualClock: get city name: Paris, from: content://com.android.settings.provider.MiuiSettingsDataProvider/zone_info
04-01 16:00:00.037  1157  1157 I sensors-hal: batch:242, android.sensor.accelerometer/11, period=16666000, max_latency=0
04-01 16:00:00.038  1157  1157 I sensors-hal: set_config:63, sample_period_ns is adjusted to 16666000 based on min/max delay_ns
04-01 16:00:00.038  1157  1157 I sensors-hal: batch:251, android.sensor.accelerometer/11, period=16666000, max_latency=0 request completed
04-01 16:00:00.048  1254  1254 E vendor.qti.hardware.perf@2.2-service: Unknown params
04-01 16:00:00.079  1931  7215 W AppOps  : Noting op not finished: uid 10163 pkg com.google.android.gms code 113 startTime of in progress event=1775051865426
04-01 16:00:00.082  1931  7215 D ActivityManager: checkAllowBackground: uid=10163 pkg=com.google.android.gms rec=UidRecord{875802d u0a163 BFGS change:procadj procs:0 seq(299973,985)} caps=LCMNFU always=false idle=false
04-01 16:00:00.085  1931  7215 W AppOps  : Noting op not finished: uid 10163 pkg com.google.android.gms code 113 startTime of in progress event=1775051865426
04-01 16:00:00.091  1931  4157 D ActivityManager: checkAllowBackground: uid=10163 pkg=com.google.android.gms rec=UidRecord{875802d u0a163 BFGS change:procadj procs:0 seq(300011,985)} caps=LCMNFU always=false idle=false
04-01 16:00:00.093  1931  4458 W AppOps  : Noting op not finished: uid 10163 pkg com.google.android.gms code 113 startTime of in progress event=1775051865426
04-01 16:00:00.105  1157  1157 I sensors-hal: batch:242, android.sensor.accelerometer/11, period=16666000, max_latency=0
04-01 16:00:00.105  1157  1157 I sensors-hal: set_config:63, sample_period_ns is adjusted to 16666000 based on min/max delay_ns
04-01 16:00:00.105  1157  1157 I sensors-hal: batch:251, android.sensor.accelerometer/11, period=16666000, max_latency=0 request completed
04-01 16:00:00.106  1931  4458 D ActivityManager: checkAllowBackground: uid=10163 pkg=com.google.android.gms rec=UidRecord{875802d u0a163 BFGS change:procadj procs:0 seq(300013,985)} caps=LCMNFU always=false idle=false
04-01 16:00:00.220  4019  4019 D ArtChoreographerMonitor: invoke error.
04-01 16:00:00.415  1109  5528 I vendor.qti.bluetooth@1.0-ibs_handler: ProcessIbsCmd: Received IBS_WAKE_IND: 0xFD
04-01 16:00:00.416  1109  5528 D vendor.qti.bluetooth@1.0-ibs_handler: SerialClockVote: vote for UART CLK ON
04-01 16:00:00.417  1109  5528 D vendor.qti.bluetooth@1.0-wake_lock: Acquire wakelock is acquired 
04-01 16:00:00.417  1109  5528 I vendor.qti.bluetooth@1.0-ibs_handler: ProcessIbsCmd: Writing IBS_WAKE_ACK
04-01 16:00:00.419  4969  5531 I bt_stack: [INFO:btm_ble_gap.cc(3528)] btm_ble_process_adv_pkt_cont Data Complete 7f:23:b6:78:e3:70
04-01 16:00:00.420  4969  5531 I bt_stack: [INFO:btm_ble_gap.cc(3528)] btm_ble_process_adv_pkt_cont Data Complete 7f:23:b6:78:e3:70
04-01 16:00:00.420  4969  5531 D bt_btm_ble: bool parse_adv_audio_uuids_from_adv_pkt(const uint8_t *, size_t, uint8_t): tmap_cap_pts: false
04-01 16:00:00.421  4969  5244 D BluetoothRemoteDevices:  getMappingAddr null
04-01 16:00:00.421  4969  5244 D BluetoothAdapterService: getIdentityAddress null retruning 7F:23:B6:78:E3:70
04-01 16:00:00.426  4883 15229 I NearbyDiscovery: (REDACTED) BloomFilterAdvManager: Detected bloom filter but too far away, ignoring. %sm, %s
04-01 16:00:00.460  1109  5528 I vendor.qti.bluetooth@1.0-ibs_handler: ProcessIbsCmd: Received IBS_SLEEP_IND: 0xFE
04-01 16:00:00.460  1109  5528 D vendor.qti.bluetooth@1.0-ibs_handler: SerialClockVote: vote for UART CLK OFF
04-01 16:00:00.610  1109  5267 D vendor.qti.bluetooth@1.0-wake_lock: Release wakelock is released 
04-01 16:00:00.812 15909 16254 I X.DataLogger: Rotate value series. Previous segment: 1775051100000, new segment: 1775052000000, delta: 900000
04-01 16:00:00.823 15909 16063 I M.AppUsageEventManager: Mirror app usage events between 1 Apr 2026 13:44:22 GMT and 1 Apr 2026 14:00:00 GMT
04-01 16:00:00.836 15909 16063 I M.AppUsageEventManager: Mirrored 14 app usage events to new format.
04-01 16:00:00.840 15909 16063 D U/AsyncTaskHelper: onRewardedAdLoadFailed$3@5d1ebc5 finished, thread=ATH-6. Queue time: 1ms. Run real=26 cpu=17 ms
04-01 16:00:00.983  1899  1899 I wificond: station_bandwidth: P
04-01 16:00:01.931 23046 23046 I Capacitor/Console: File:  - Line 349 - Msg: [object Object]
04-01 16:00:01.935 23046 23046 V Capacitor/Plugin: To native (Capacitor plugin): callbackId: 97311465, pluginId: ScreenTime, methodName: consumePendingNavigation
04-01 16:00:01.935 23046 23046 V Capacitor: callback: 97311465, pluginId: ScreenTime, methodName: consumePendingNavigation, methodData: {}
04-01 16:00:01.949 23046 23143 D BlearnScreenTime: consume_pending_navigation_empty
04-01 16:00:01.954 23046 23046 I Capacitor/Console: File:  - Line 333 - Msg: undefined
04-01 16:00:04.007  1899  1899 I wificond: station_bandwidth: P
04-01 16:00:04.014  4019  4019 D ArtChoreographerMonitor: invoke error.
04-01 16:00:04.043  1254  1254 E vendor.qti.hardware.perf@2.2-service: Unknown params
04-01 16:00:04.195  4019  4019 D ArtChoreographerMonitor: invoke error.
04-01 16:00:04.265  1931  4128 D SLM-SRV-SLAService: checktemp temperature = 28673 temperature_average = 29008 isPerformanceMode = false thermal_enable_slm = true
04-01 16:00:04.302  1109  5528 I vendor.qti.bluetooth@1.0-ibs_handler: ProcessIbsCmd: Received IBS_WAKE_IND: 0xFD
04-01 16:00:04.302  1109  5528 D vendor.qti.bluetooth@1.0-ibs_handler: SerialClockVote: vote for UART CLK ON
04-01 16:00:04.303  1109  5528 D vendor.qti.bluetooth@1.0-wake_lock: Acquire wakelock is acquired 
04-01 16:00:04.303  1109  5528 I vendor.qti.bluetooth@1.0-ibs_handler: ProcessIbsCmd: Writing IBS_WAKE_ACK
04-01 16:00:04.305  4969  5531 I bt_stack: [INFO:btm_ble_gap.cc(3528)] btm_ble_process_adv_pkt_cont Data Complete 46:61:fd:16:0c:22
04-01 16:00:04.305  4969  5531 I bt_stack: [INFO:btm_ble_gap.cc(3528)] btm_ble_process_adv_pkt_cont Data Complete 46:61:fd:16:0c:22
04-01 16:00:04.306  4969  5531 D bt_btm_ble: bool parse_adv_audio_uuids_from_adv_pkt(const uint8_t *, size_t, uint8_t): tmap_cap_pts: false
04-01 16:00:04.307  4969  5244 D BluetoothAdapterService: getIdentityAddress null retruning 46:61:FD:16:0C:22
04-01 16:00:04.312  4883 15229 I NearbyDiscovery: (REDACTED) BloomFilterAdvManager: Detected bloom filter but too far away, ignoring. %sm, %s
04-01 16:00:04.344  1109  5528 I vendor.qti.bluetooth@1.0-ibs_handler: ProcessIbsCmd: Received IBS_SLEEP_IND: 0xFE
04-01 16:00:04.344  1109  5528 D vendor.qti.bluetooth@1.0-ibs_handler: SerialClockVote: vote for UART CLK OFF
04-01 16:00:04.495  1109  5267 D vendor.qti.bluetooth@1.0-wake_lock: Release wakelock is released 
04-01 16:00:04.809 15909 16253 I S.FlushReqestGen: Queueing async flush of data to disk for 2 listeners.
04-01 16:00:04.841 15909 16069 I S.FlushReqestGen: Async flush done.
04-01 16:00:04.841 15909 16069 D U/AsyncTaskHelper: r8lambdaeKjHpdWvaEhsTIzu7XkVhl4aiT4$3@d9ece7d finished, thread=ATH-8. Queue time: 0ms. Run real=32 cpu=22 ms
04-01 16:00:05.072  1109  5528 I vendor.qti.bluetooth@1.0-ibs_handler: ProcessIbsCmd: Received IBS_WAKE_IND: 0xFD
04-01 16:00:05.072  1109  5528 D vendor.qti.bluetooth@1.0-ibs_handler: SerialClockVote: vote for UART CLK ON
04-01 16:00:05.073  1109  5528 D vendor.qti.bluetooth@1.0-wake_lock: Acquire wakelock is acquired 
04-01 16:00:05.073  1109  5528 I vendor.qti.bluetooth@1.0-ibs_handler: ProcessIbsCmd: Writing IBS_WAKE_ACK
04-01 16:00:05.075  4969  5531 I bt_stack: [INFO:btm_ble_gap.cc(3528)] btm_ble_process_adv_pkt_cont Data Complete 46:61:fd:16:0c:22
04-01 16:00:05.075  4969  5531 I bt_stack: [INFO:btm_ble_gap.cc(3528)] btm_ble_process_adv_pkt_cont Data Complete 46:61:fd:16:0c:22
04-01 16:00:05.076  4969  5531 D bt_btm_ble: bool parse_adv_audio_uuids_from_adv_pkt(const uint8_t *, size_t, uint8_t): tmap_cap_pts: false
04-01 16:00:05.077  4969  5244 D BluetoothAdapterService: getIdentityAddress null retruning 46:61:FD:16:0C:22
04-01 16:00:05.082  4883 15229 I NearbyDiscovery: (REDACTED) BloomFilterAdvManager: Detected bloom filter but too far away, ignoring. %sm, %s
04-01 16:00:05.115  1109  5528 I vendor.qti.bluetooth@1.0-ibs_handler: ProcessIbsCmd: Received IBS_SLEEP_IND: 0xFE
04-01 16:00:05.115  1109  5528 D vendor.qti.bluetooth@1.0-ibs_handler: SerialClockVote: vote for UART CLK OFF
04-01 16:00:05.266  1109  5267 D vendor.qti.bluetooth@1.0-wake_lock: Release wakelock is released 
04-01 16:00:07.025  1899  1899 I wificond: station_bandwidth: P
04-01 16:00:07.032  4019  4019 D ArtChoreographerMonitor: invoke error.
04-01 16:00:07.067  1254  1254 E vendor.qti.hardware.perf@2.2-service: Unknown params
04-01 16:00:07.218  4019  4019 D ArtChoreographerMonitor: invoke error.
04-01 16:00:07.959 23046 23046 I Capacitor/Console: File:  - Line 349 - Msg: [object Object]
04-01 16:00:07.963 23046 23046 V Capacitor/Plugin: To native (Capacitor plugin): callbackId: 97311466, pluginId: ScreenTime, methodName: consumePendingNavigation
04-01 16:00:07.963 23046 23046 V Capacitor: callback: 97311466, pluginId: ScreenTime, methodName: consumePendingNavigation, methodData: {}
04-01 16:00:07.979 23046 23143 D BlearnScreenTime: consume_pending_navigation_empty
04-01 16:00:07.984 23046 23046 I Capacitor/Console: File:  - Line 333 - Msg: undefined
04-01 16:00:08.353  1109  5528 I vendor.qti.bluetooth@1.0-ibs_handler: ProcessIbsCmd: Received IBS_WAKE_IND: 0xFD
04-01 16:00:08.354  1109  5528 D vendor.qti.bluetooth@1.0-ibs_handler: SerialClockVote: vote for UART CLK ON
04-01 16:00:08.354  1109  5528 D vendor.qti.bluetooth@1.0-wake_lock: Acquire wakelock is acquired 
04-01 16:00:08.355  1109  5528 I vendor.qti.bluetooth@1.0-ibs_handler: ProcessIbsCmd: Writing IBS_WAKE_ACK
04-01 16:00:08.357  4969  5531 I bt_stack: [INFO:btm_ble_gap.cc(3528)] btm_ble_process_adv_pkt_cont Data Complete 46:61:fd:16:0c:22
04-01 16:00:08.396  1109  5528 I vendor.qti.bluetooth@1.0-ibs_handler: ProcessIbsCmd: Received IBS_SLEEP_IND: 0xFE
04-01 16:00:08.396  1109  5528 D vendor.qti.bluetooth@1.0-ibs_handler: SerialClockVote: vote for UART CLK OFF
04-01 16:00:08.547  1109  5267 D vendor.qti.bluetooth@1.0-wake_lock: Release wakelock is released 
04-01 16:00:08.841 15909 17072 V U.Notification: Posting new notification, elapsed=16075
04-01 16:00:10.048  1899  1899 I wificond: station_bandwidth: P
04-01 16:00:10.054  4019  4019 D ArtChoreographerMonitor: invoke error.
04-01 16:00:10.072  1254  1254 E vendor.qti.hardware.perf@2.2-service: Unknown params
04-01 16:00:10.224  4019  4019 D ArtChoreographerMonitor: invoke error.
04-01 16:00:10.307  1109  5528 I vendor.qti.bluetooth@1.0-ibs_handler: ProcessIbsCmd: Received IBS_WAKE_IND: 0xFD
04-01 16:00:10.307  1109  5528 D vendor.qti.bluetooth@1.0-ibs_handler: SerialClockVote: vote for UART CLK ON
04-01 16:00:10.308  1109  5528 D vendor.qti.bluetooth@1.0-wake_lock: Acquire wakelock is acquired 
04-01 16:00:10.309  1109  5528 I vendor.qti.bluetooth@1.0-ibs_handler: ProcessIbsCmd: Writing IBS_WAKE_ACK
04-01 16:00:10.310  4969  5531 I bt_stack: [INFO:btm_ble_gap.cc(3528)] btm_ble_process_adv_pkt_cont Data Complete 6f:cc:49:c9:b1:0f
04-01 16:00:10.310  4969  5531 I bt_stack: [INFO:btm_ble_gap.cc(3528)] btm_ble_process_adv_pkt_cont Data Complete 46:61:fd:16:0c:22
04-01 16:00:10.350  1109  5528 I vendor.qti.bluetooth@1.0-ibs_handler: ProcessIbsCmd: Received IBS_SLEEP_IND: 0xFE
04-01 16:00:10.350  1109  5528 D vendor.qti.bluetooth@1.0-ibs_handler: SerialClockVote: vote for UART CLK OFF
04-01 16:00:10.501  1109  5267 D vendor.qti.bluetooth@1.0-wake_lock: Release wakelock is released 
04-01 16:00:11.794  3991  3991 D DynamicService:  ACTION_BATTERY_CHANGED change,USB plug = 2
04-01 16:00:11.794  3991  3991 D DynamicService_WifiBt:  ACTION_BATTERY_CHANGED change,USB plug = 2
04-01 16:00:11.803  1931  1931 D UiModeManager: updateConfigurationLocked: mDockState=0; mCarMode=false; mCar=false; mPowerSave=false; mOverrideNightModeOn=false; mOverrideNightModeOff=false; mComputedNightMode=true; mNightMode=2; uiMode=33
04-01 16:00:11.805  3977  3977 D QtiCarrierConfigHelper: WARNING, no carrier configs on phone Id: 1
04-01 16:00:11.806  3961  3961 D DeviceStatisticsService: onReceive: action= android.intent.action.BATTERY_CHANGED
04-01 16:00:11.810  3961  3961 V DeviceStatisticsService: chargerType=2 batteryLevel=81 totalBatteryCapacity=3871600
04-01 16:00:11.810  3961  3961 D DeviceInfoHidlClient: isRadioOn()=true
04-01 16:00:11.810  3961  3961 I DeviceInfoHidlClient: isPowerInfoNeverSent=false batteryLevel=81 batteryLevelIndex=3 chargingMode=2 totalCapacity=3871600 powerSaveMode=false
04-01 16:00:11.810  6817  7165 D PowerCheckerService: onBatteryChanged, mBatteryLevel = 81, status = 2, level = 81, plug = 2, scale = 100
04-01 16:00:11.811  6817  8427 D PowerKeeper.Thermal: mBatteryTemperature: 28
04-01 16:00:11.812  6988  6988 I PowerUtils: getSurfaceTemprature temp: 28
04-01 16:00:11.813  6988  6988 I PowerSaveService: onReceive: android.intent.action.BATTERY_CHANGED
04-01 16:00:11.813  6988  6988 I PowerNoticeUI: handleBatteryChanged oldPlugType 2 mPlugType 2 oldBatteryLevel 81 mBatteryLevel 81 temperature 280
04-01 16:00:11.814  6988  6988 I ChargerBatteryIntelligenceReceiver: onBatteryChanged temperature：28,plugType:2
04-01 16:00:11.818  6988  9024 I android_os_HwBinder: HwBinder: Starting thread pool for getting: vendor.xiaomi.hardware.micharge@1.0::IMiCharge/default
04-01 16:00:11.820  1285  1296 I vendor.xiaomi.hardware.micharge@1.0-service: ReadFilePathValue path = /sys/class/qcom-battery/night_charging value = 0
04-01 16:00:11.820  6988  9024 I ChargeProtectionUtils: getNightChargingState: 0
04-01 16:00:12.290  1931  2365 I SmartPower: com.facebook.appmanager/10141(10241): idle->background(56978ms) R(broadcast start Intent { act=android.intent.action.BATTERY_CHANGED flg=0x60000010 (has extras) }) adj=915.
04-01 16:00:12.293  1931  2365 I SmartPower: com.xiaomi.discover/10121(15017): idle->background(56978ms) R(broadcast start Intent { act=android.intent.action.BATTERY_CHANGED flg=0x60000010 (has extras) }) adj=905.
04-01 16:00:12.295  1931  2365 I SmartPower: com.android.chrome/10171(15878): idle->background(56977ms) R(broadcast start Intent { act=android.intent.action.BATTERY_CHANGED flg=0x60000010 (has extras) }) adj=905.
04-01 16:00:12.297  1931  2365 I SmartPower: com.digibites.accubattery/10422(15909): idle->background(56977ms) R(broadcast start Intent { act=android.intent.action.BATTERY_CHANGED flg=0x60000010 (has extras) }) adj=200.
04-01 16:00:12.301  1931  2365 I SmartPower: com.microsoft.teams/10242(17220): idle->background(56978ms) R(broadcast start Intent { act=android.intent.action.BATTERY_CHANGED flg=0x60000010 (has extras) }) adj=905.
04-01 16:00:12.304  1931  2365 I SmartPower: com.miui.android.fashiongallery/10229(22232): idle->background(56977ms) R(broadcast start Intent { act=android.intent.action.BATTERY_CHANGED flg=0x60000010 (has extras) }) adj=905.
04-01 16:00:13.071  1899  1899 I wificond: station_bandwidth: P
04-01 16:00:13.081  4019  4019 D ArtChoreographerMonitor: invoke error.
04-01 16:00:13.084  1931  2950 D ConnectivityService: NetReassign [no changes] [c 1] [a 1] [i 5]
04-01 16:00:13.112  1254  1254 E vendor.qti.hardware.perf@2.2-service: Unknown params
04-01 16:00:13.265  4019  4019 D ArtChoreographerMonitor: invoke error.
04-01 16:00:13.987 23046 23046 I Capacitor/Console: File:  - Line 349 - Msg: [object Object]
04-01 16:00:13.991 23046 23046 V Capacitor/Plugin: To native (Capacitor plugin): callbackId: 97311467, pluginId: ScreenTime, methodName: consumePendingNavigation
04-01 16:00:13.991 23046 23046 V Capacitor: callback: 97311467, pluginId: ScreenTime, methodName: consumePendingNavigation, methodData: {}
04-01 16:00:14.006 23046 23143 D BlearnScreenTime: consume_pending_navigation_empty
04-01 16:00:14.015 23046 23046 I Capacitor/Console: File:  - Line 333 - Msg: undefined
04-01 16:00:14.262  1109  5528 I vendor.qti.bluetooth@1.0-ibs_handler: ProcessIbsCmd: Received IBS_WAKE_IND: 0xFD
04-01 16:00:14.262  1109  5528 D vendor.qti.bluetooth@1.0-ibs_handler: SerialClockVote: vote for UART CLK ON
04-01 16:00:14.263  1109  5528 D vendor.qti.bluetooth@1.0-wake_lock: Acquire wakelock is acquired 
04-01 16:00:14.263  1109  5528 I vendor.qti.bluetooth@1.0-ibs_handler: ProcessIbsCmd: Writing IBS_WAKE_ACK
04-01 16:00:14.265  4969  5531 I bt_stack: [INFO:btm_ble_gap.cc(3528)] btm_ble_process_adv_pkt_cont Data Complete 6f:cc:49:c9:b1:0f
04-01 16:00:14.266  4969  5531 I bt_stack: [INFO:btm_ble_gap.cc(3528)] btm_ble_process_adv_pkt_cont Data Complete 6f:cc:49:c9:b1:0f
04-01 16:00:14.266  4969  5531 D bt_btm_ble: bool parse_adv_audio_uuids_from_adv_pkt(const uint8_t *, size_t, uint8_t): tmap_cap_pts: false
04-01 16:00:14.266  4969  5531 D bt_btm_ble: bool parse_adv_audio_uuids_from_adv_pkt(const uint8_t *, size_t, uint8_t): tmap_cap_pts: false
04-01 16:00:14.267  4969  5244 D BluetoothRemoteDevices:  getMappingAddr null
04-01 16:00:14.267  4969  5244 D BluetoothAdapterService: getIdentityAddress null retruning 6F:CC:49:C9:B1:0F
04-01 16:00:14.273  4883 15229 I NearbyDiscovery: (REDACTED) BloomFilterAdvManager: Detected bloom filter but too far away, ignoring. %sm, %s
04-01 16:00:14.276  1931  4128 D SLM-SRV-SLAService: checktemp temperature = 28531 temperature_average = 28851 isPerformanceMode = false thermal_enable_slm = true
04-01 16:00:14.304  1109  5528 I vendor.qti.bluetooth@1.0-ibs_handler: ProcessIbsCmd: Received IBS_SLEEP_IND: 0xFE
04-01 16:00:14.304  1109  5528 D vendor.qti.bluetooth@1.0-ibs_handler: SerialClockVote: vote for UART CLK OFF
04-01 16:00:14.455  1109  5267 D vendor.qti.bluetooth@1.0-wake_lock: Release wakelock is released 
04-01 16:00:14.911  1109  5528 I vendor.qti.bluetooth@1.0-ibs_handler: ProcessIbsCmd: Received IBS_WAKE_IND: 0xFD
04-01 16:00:14.912  1109  5528 D vendor.qti.bluetooth@1.0-ibs_handler: SerialClockVote: vote for UART CLK ON
04-01 16:00:14.912  1109  5528 D vendor.qti.bluetooth@1.0-wake_lock: Acquire wakelock is acquired 
04-01 16:00:14.913  1109  5528 I vendor.qti.bluetooth@1.0-ibs_handler: ProcessIbsCmd: Writing IBS_WAKE_ACK
04-01 16:00:14.914  4969  5531 I bt_stack: [INFO:btm_ble_gap.cc(3528)] btm_ble_process_adv_pkt_cont Data Complete 7f:23:b6:78:e3:70
04-01 16:00:14.915  4969  5531 I bt_stack: [INFO:btm_ble_gap.cc(3528)] btm_ble_process_adv_pkt_cont Data Complete 7f:23:b6:78:e3:70
04-01 16:00:14.915  4969  5531 D bt_btm_ble: bool parse_adv_audio_uuids_from_adv_pkt(const uint8_t *, size_t, uint8_t): tmap_cap_pts: false
04-01 16:00:14.916  4969  5244 D BluetoothRemoteDevices:  getMappingAddr null
04-01 16:00:14.916  4969  5244 D BluetoothAdapterService: getIdentityAddress null retruning 7F:23:B6:78:E3:70
04-01 16:00:14.921  4883 15229 I NearbyDiscovery: (REDACTED) BloomFilterAdvManager: Detected bloom filter but too far away, ignoring. %sm, %s
04-01 16:00:14.954  1109  5528 I vendor.qti.bluetooth@1.0-ibs_handler: ProcessIbsCmd: Received IBS_SLEEP_IND: 0xFE
04-01 16:00:14.954  1109  5528 D vendor.qti.bluetooth@1.0-ibs_handler: SerialClockVote: vote for UART CLK OFF
04-01 16:00:15.105  1109  5267 D vendor.qti.bluetooth@1.0-wake_lock: Release wakelock is released 
04-01 16:00:15.293  1931  3244 I SmartPower: com.facebook.appmanager/10141(10241): background->idle(3002ms) R(broadcast start Intent { act=android.intent.action.BATTERY_CHANGED flg=0x60000010 (has extras) }) adj=915.
04-01 16:00:15.294  1931  3244 I SmartPower: com.xiaomi.discover/10121(15017): background->idle(3001ms) R(broadcast start Intent { act=android.intent.action.BATTERY_CHANGED flg=0x60000010 (has extras) }) adj=905.
04-01 16:00:15.296  1931  3244 I SmartPower: com.android.chrome/10171(15878): background->idle(3002ms) R(broadcast start Intent { act=android.intent.action.BATTERY_CHANGED flg=0x60000010 (has extras) }) adj=905.
04-01 16:00:15.298  1931  3244 I SmartPower: com.digibites.accubattery/10422(15909): background->idle(3001ms) R(broadcast start Intent { act=android.intent.action.BATTERY_CHANGED flg=0x60000010 (has extras) }) adj=200.
04-01 16:00:15.303  1931  3244 I SmartPower: com.microsoft.teams/10242(17220): background->idle(3001ms) R(broadcast start Intent { act=android.intent.action.BATTERY_CHANGED flg=0x60000010 (has extras) }) adj=905.
04-01 16:00:15.304  1931  3244 I SmartPower: com.miui.android.fashiongallery/10229(22232): background->idle(3001ms) R(broadcast start Intent { act=android.intent.action.BATTERY_CHANGED flg=0x60000010 (has extras) }) adj=905.
04-01 16:00:16.093  1899  1899 I wificond: station_bandwidth: P
04-01 16:00:16.095  4969  5232 I BtGatt.ScanManager: msg.what = MSG_CHECK_SCAN_STATUS, msg.arg1 = CHECK_BACKGROUND_TIMEOUT
04-01 16:00:16.105  1931  2950 D ConnectivityService: NetReassign [no changes] [c 2] [a 1] [i 5]
04-01 16:00:16.251  1109  5528 I vendor.qti.bluetooth@1.0-ibs_handler: ProcessIbsCmd: Received IBS_WAKE_IND: 0xFD
04-01 16:00:16.252  1109  5528 D vendor.qti.bluetooth@1.0-ibs_handler: SerialClockVote: vote for UART CLK ON
04-01 16:00:16.252  1109  5528 D vendor.qti.bluetooth@1.0-wake_lock: Acquire wakelock is acquired 
04-01 16:00:16.253  1109  5528 I vendor.qti.bluetooth@1.0-ibs_handler: ProcessIbsCmd: Writing IBS_WAKE_ACK
04-01 16:00:16.255  4969  5531 I bt_stack: [INFO:btm_ble_gap.cc(3528)] btm_ble_process_adv_pkt_cont Data Complete 6f:cc:49:c9:b1:0f
04-01 16:00:16.255  4969  5531 I bt_stack: [INFO:btm_ble_gap.cc(3528)] btm_ble_process_adv_pkt_cont Data Complete 6f:cc:49:c9:b1:0f
04-01 16:00:16.255  4969  5531 D bt_btm_ble: bool parse_adv_audio_uuids_from_adv_pkt(const uint8_t *, size_t, uint8_t): tmap_cap_pts: false
04-01 16:00:16.255  4969  5531 D bt_btm_ble: bool parse_adv_audio_uuids_from_adv_pkt(const uint8_t *, size_t, uint8_t): tmap_cap_pts: false
04-01 16:00:16.255  4969  5531 D bt_btm_ble: bool parse_adv_audio_uuids_from_adv_pkt(const uint8_t *, size_t, uint8_t): tmap_cap_pts: false
04-01 16:00:16.256  4969  5531 I bt_stack: [INFO:btm_ble_gap.cc(3528)] btm_ble_process_adv_pkt_cont Data Complete 7f:23:b6:78:e3:70
04-01 16:00:16.256  4969  5531 I bt_stack: [INFO:btm_ble_gap.cc(3528)] btm_ble_process_adv_pkt_cont Data Complete 7f:23:b6:78:e3:70
04-01 16:00:16.256  4969  5531 D bt_btm_ble: bool parse_adv_audio_uuids_from_adv_pkt(const uint8_t *, size_t, uint8_t): tmap_cap_pts: false
04-01 16:00:16.257  4969  5244 D BluetoothRemoteDevices:  getMappingAddr null
04-01 16:00:16.257  4969  5244 D BluetoothAdapterService: getIdentityAddress null retruning 6F:CC:49:C9:B1:0F
04-01 16:00:16.260  4969  5244 D BluetoothRemoteDevices:  getMappingAddr null
04-01 16:00:16.261  4969  5244 D BluetoothAdapterService: getIdentityAddress null retruning 7F:23:B6:78:E3:70
04-01 16:00:16.262  4883 15229 I NearbyDiscovery: (REDACTED) BloomFilterAdvManager: Detected bloom filter but too far away, ignoring. %sm, %s
04-01 16:00:16.265  4883 15229 I NearbyDiscovery: (REDACTED) BloomFilterAdvManager: Detected bloom filter but too far away, ignoring. %sm, %s
04-01 16:00:16.294  1109  5528 I vendor.qti.bluetooth@1.0-ibs_handler: ProcessIbsCmd: Received IBS_SLEEP_IND: 0xFE
04-01 16:00:16.294  1109  5528 D vendor.qti.bluetooth@1.0-ibs_handler: SerialClockVote: vote for UART CLK OFF
04-01 16:00:16.445  1109  5267 D vendor.qti.bluetooth@1.0-wake_lock: Release wakelock is released 
04-01 16:00:17.309  1931  7215 W ProcessStats: Tracking association SourceState{c7aa938 system/1000 BFgs #54817} whose proc state 4 is better than process ProcessState{9194d11 com.google.android.inputmethod.latin/10179 pkg=com.google.android.inputmethod.latin} proc state 6 (7 skipped)
04-01 16:00:18.684  1931  4085 I NetworkBoostStatusManager: handle: 107
04-01 16:00:18.692  3991  4846 E PhoneAdapter: get ntnphones failed, exception: java.lang.IllegalStateException: Default phones haven't been made yet!
04-01 16:00:18.693  1931  4085 D SLM-SRV-SLAService: isModemSingnalStrengthStatus = 0
04-01 16:00:19.117  1899  1899 I wificond: station_bandwidth: P
04-01 16:00:19.124  4019  4019 D ArtChoreographerMonitor: invoke error.
04-01 16:00:19.146  1931  2861 W ActivityManagerServiceImpl: Sending non-protected broadcast miui.intent.action.CYCLE_CHECK from system uid 1000 pkg android. Callers=com.android.server.am.ActivityManagerService.checkBroadcastFromSystem:15246 com.android.server.am.ActivityManagerService.broadcastIntentLockedTraced:16076 com.android.server.am.ActivityManagerService.broadcastIntentLocked:15304 com.android.server.am.ActivityManagerService.broadcastIntentInPackage:16309 com.android.server.am.ActivityManagerService$LocalService.broadcastIntentInPackage:19055 
04-01 16:00:19.147  1931  2861 D AlarmManager: mBroadcastRefCount -> 1
04-01 16:00:19.155  1254  1254 E vendor.qti.hardware.perf@2.2-service: Unknown params
04-01 16:00:19.159  1931  2014 D ActivityManager: checkAllowBackground: uid=1000 pkg=android rec=UidRecord{32d667d 1000 PER  fgServices allowlist change:procadj procs:0 seq(300100,297765)} caps=LCMNFU always=false idle=false
04-01 16:00:19.166  1931  1931 D AlarmManager: mBroadcastRefCount -> 0
04-01 16:00:19.166  1931  1931 D AlarmManager: mPendingIntent -> PendingIntent{3224d42: PendingIntentRecord{c313153 android broadcastIntent}}
04-01 16:00:19.166  1931  2014 I android_os_HwBinder: HwBinder: Starting thread pool for getting: vendor.xiaomi.hardware.micharge@1.0::IMiCharge/default
04-01 16:00:19.170  1285  1296 I vendor.xiaomi.hardware.micharge@1.0-service: ReadFilePathValue path = /sys/class/power_supply/battery/temp value = 280
04-01 16:00:19.174  1931  2014 I android_os_HwBinder: HwBinder: Starting thread pool for getting: vendor.xiaomi.hardware.micharge@1.0::IMiCharge/default
04-01 16:00:19.175  1285  1296 I vendor.xiaomi.hardware.micharge@1.0-service: ReadFilePathValue path = /sys/class/power_supply/battery/charge_control_limit value = 0
04-01 16:00:19.307  4019  4019 D ArtChoreographerMonitor: invoke error.
04-01 16:00:20.016 23046 23046 I Capacitor/Console: File:  - Line 349 - Msg: [object Object]
04-01 16:00:20.020 23046 23046 V Capacitor/Plugin: To native (Capacitor plugin): callbackId: 97311468, pluginId: ScreenTime, methodName: consumePendingNavigation
04-01 16:00:20.020 23046 23046 V Capacitor: callback: 97311468, pluginId: ScreenTime, methodName: consumePendingNavigation, methodData: {}
04-01 16:00:20.035 23046 23143 D BlearnScreenTime: consume_pending_navigation_empty
04-01 16:00:20.040 23046 23046 I Capacitor/Console: File:  - Line 333 - Msg: undefined
04-01 16:00:22.140  1899  1899 I wificond: station_bandwidth: P
04-01 16:00:22.147  4019  4019 D ArtChoreographerMonitor: invoke error.
04-01 16:00:22.168  1254  1254 E vendor.qti.hardware.perf@2.2-service: Unknown params
04-01 16:00:22.240  1109  5528 I vendor.qti.bluetooth@1.0-ibs_handler: ProcessIbsCmd: Received IBS_WAKE_IND: 0xFD
04-01 16:00:22.240  1109  5528 D vendor.qti.bluetooth@1.0-ibs_handler: SerialClockVote: vote for UART CLK ON
04-01 16:00:22.241  1109  5528 D vendor.qti.bluetooth@1.0-wake_lock: Acquire wakelock is acquired 
04-01 16:00:22.241  1109  5528 I vendor.qti.bluetooth@1.0-ibs_handler: ProcessIbsCmd: Writing IBS_WAKE_ACK
04-01 16:00:22.243  4969  5531 I bt_stack: [INFO:btm_ble_gap.cc(3528)] btm_ble_process_adv_pkt_cont Data Complete 7f:23:b6:78:e3:70
04-01 16:00:22.243  4969  5531 I bt_stack: [INFO:btm_ble_gap.cc(3528)] btm_ble_process_adv_pkt_cont Data Complete 7f:23:b6:78:e3:70
04-01 16:00:22.244  4969  5531 D bt_btm_ble: bool parse_adv_audio_uuids_from_adv_pkt(const uint8_t *, size_t, uint8_t): tmap_cap_pts: false
04-01 16:00:22.246  4969  5244 D BluetoothRemoteDevices:  getMappingAddr null
04-01 16:00:22.246  4969  5244 D BluetoothAdapterService: getIdentityAddress null retruning 7F:23:B6:78:E3:70
04-01 16:00:22.252  4883 15229 I NearbyDiscovery: (REDACTED) BloomFilterAdvManager: Detected bloom filter but too far away, ignoring. %sm, %s
04-01 16:00:22.282  1109  5528 I vendor.qti.bluetooth@1.0-ibs_handler: ProcessIbsCmd: Received IBS_SLEEP_IND: 0xFE
04-01 16:00:22.283  1109  5528 D vendor.qti.bluetooth@1.0-ibs_handler: SerialClockVote: vote for UART CLK OFF
04-01 16:00:22.321  4019  4019 D ArtChoreographerMonitor: invoke error.
04-01 16:00:22.433  1109  5267 D vendor.qti.bluetooth@1.0-wake_lock: Release wakelock is released 
04-01 16:00:22.476  1931  2335 D HeapUsage Monitor: HeapAllocSize : 108MB; monitorSize : 500MB
04-01 16:00:22.833  1931  2916 D MiuiNetworkPolicy: updateLimit mLimitEnabled=true,enabled=false,mNetworkPriorityMode=255,mThermalForceMode=0
04-01 16:00:22.834  1931  2916 I MiuiNetworkPolicy: getDisableLimitTimeout when thermal mode is:0
04-01 16:00:24.283  1931  4128 D SLM-SRV-SLAService: checktemp temperature = 28494 temperature_average = 28726 isPerformanceMode = false thermal_enable_slm = true
04-01 16:00:24.925 15909 17072 V U.Notification: Posting new notification, elapsed=16083
04-01 16:00:25.162  1899  1899 I wificond: station_bandwidth: P
04-01 16:00:25.169  4019  4019 D ArtChoreographerMonitor: invoke error.
04-01 16:00:25.187  1254  1254 E vendor.qti.hardware.perf@2.2-service: Unknown params
04-01 16:00:25.341  4019  4019 D ArtChoreographerMonitor: invoke error.
04-01 16:00:26.044 23046 23046 I Capacitor/Console: File:  - Line 349 - Msg: [object Object]
04-01 16:00:26.049 23046 23046 V Capacitor/Plugin: To native (Capacitor plugin): callbackId: 97311469, pluginId: ScreenTime, methodName: consumePendingNavigation
04-01 16:00:26.050 23046 23046 V Capacitor: callback: 97311469, pluginId: ScreenTime, methodName: consumePendingNavigation, methodData: {}
04-01 16:00:26.067 23046 23143 D BlearnScreenTime: consume_pending_navigation_empty
04-01 16:00:26.068  1109  5528 I vendor.qti.bluetooth@1.0-ibs_handler: ProcessIbsCmd: Received IBS_WAKE_IND: 0xFD
04-01 16:00:26.068  1109  5528 D vendor.qti.bluetooth@1.0-ibs_handler: SerialClockVote: vote for UART CLK ON
04-01 16:00:26.069  1109  5528 D vendor.qti.bluetooth@1.0-wake_lock: Acquire wakelock is acquired 
04-01 16:00:26.069  1109  5528 I vendor.qti.bluetooth@1.0-ibs_handler: ProcessIbsCmd: Writing IBS_WAKE_ACK
04-01 16:00:26.071  4969  5531 I bt_stack: [INFO:btm_ble_gap.cc(3528)] btm_ble_process_adv_pkt_cont Data Complete 46:61:fd:16:0c:22
04-01 16:00:26.072  4969  5531 I bt_stack: [INFO:btm_ble_gap.cc(3528)] btm_ble_process_adv_pkt_cont Data Complete 46:61:fd:16:0c:22
04-01 16:00:26.072  4969  5531 D bt_btm_ble: bool parse_adv_audio_uuids_from_adv_pkt(const uint8_t *, size_t, uint8_t): tmap_cap_pts: false
04-01 16:00:26.073  4969  5244 D BluetoothAdapterService: getIdentityAddress null retruning 46:61:FD:16:0C:22
04-01 16:00:26.078 23046 23046 I Capacitor/Console: File:  - Line 333 - Msg: undefined
04-01 16:00:26.080  4883 15229 I NearbyDiscovery: (REDACTED) BloomFilterAdvManager: Detected bloom filter but too far away, ignoring. %sm, %s
04-01 16:00:26.111  1109  5528 I vendor.qti.bluetooth@1.0-ibs_handler: ProcessIbsCmd: Received IBS_SLEEP_IND: 0xFE
04-01 16:00:26.111  1109  5528 D vendor.qti.bluetooth@1.0-ibs_handler: SerialClockVote: vote for UART CLK OFF
04-01 16:00:26.261  1109  5267 D vendor.qti.bluetooth@1.0-wake_lock: Release wakelock is released 
04-01 16:00:27.442  4019  4019 D ArtChoreographerMonitor: invoke error.
04-01 16:00:27.470  1254  1254 E vendor.qti.hardware.perf@2.2-service: Unknown params
04-01 16:00:27.473  1413  2768 D MI-SF   : mIsSupportAutomodeForMaxFpsSetting is 0(0), getCurrentBrightness() = 764(328), mIsKeepAutoMode 0
04-01 16:00:27.473  1413  2768 D RefreshRateSelector: fixedMode_group: 0, isFindModeGroup 0
04-01 16:00:27.473  1413  2768 D RefreshRateSelector: find max refresh rate:120, mode Group:0
04-01 16:00:27.474  1254  1254 E vendor.qti.hardware.perf@2.2-service: Unknown params
04-01 16:00:27.475  1254  1254 E ANDR-PERF-HINTEXT: Offload new thread from FpsUpdatePreAction
04-01 16:00:27.477  1254  1407 E ANDR-PERF-UTIL: Failed to read /proc/sys/kernel/sched_min_granularity_ns
04-01 16:00:27.477  1254  1407 E ANDR-PERF-OPTSHANDLER: Failed to read /proc/sys/kernel/sched_min_granularity_ns
04-01 16:00:27.472  1254  1254 W perf@2.2-servic: type=1400 audit(0.0:11476): avc:  denied  { read } for  name="sched_min_granularity_ns" dev="proc" ino=3022165 scontext=u:r:vendor_hal_perf_default:s0 tcontext=u:object_r:proc_sched:s0 tclass=file permissive=0
04-01 16:00:27.491  1413  1413 D MI-SF   : mIsSupportAutomodeForMaxFpsSetting is 0(0), getCurrentBrightness() = 764(328), mIsKeepAutoMode 0
04-01 16:00:27.491  1413  1413 D RefreshRateSelector: fixedMode_group: 0, isFindModeGroup 0
04-01 16:00:27.491  1413  1413 D RefreshRateSelector: find max refresh rate:120, mode Group:0
04-01 16:00:27.495  1246  1496 I SDM     : HWDeviceDRM::UpdateMixerAttributes: Mixer WxH 1080x2400-0 for Peripheral
04-01 16:00:27.495  1246  1496 I SDM     : HWCDisplay::SubmitDisplayConfig: Active configuration changed to: 0
04-01 16:00:27.523  1413  1413 D MI-SF   : mIsSupportAutomodeForMaxFpsSetting is 0(0), getCurrentBrightness() = 764(328), mIsKeepAutoMode 0
04-01 16:00:27.523  1413  1413 D RefreshRateSelector: fixedMode_group: 0, isFindModeGroup 0
04-01 16:00:27.523  1413  1413 D RefreshRateSelector: find max refresh rate:120, mode Group:0
04-01 16:00:27.637  4019  4019 D ArtChoreographerMonitor: invoke error.
04-01 16:00:27.839  1931  2916 D MiuiNetworkPolicy: updateLimit mLimitEnabled=false,enabled=true,mNetworkPriorityMode=255,mThermalForceMode=0
04-01 16:00:27.840  1931  2916 I MiuiNetworkPolicy: getEnableLimitTimeout when thermal mode is:0
04-01 16:00:28.184  1899  1899 I wificond: station_bandwidth: P
04-01 16:00:28.192  4019  4019 D ArtChoreographerMonitor: invoke error.
04-01 16:00:28.218  1254  1254 E vendor.qti.hardware.perf@2.2-service: Unknown params
04-01 16:00:28.369  4019  4019 D ArtChoreographerMonitor: invoke error.
04-01 16:00:28.576  1254  1254 E vendor.qti.hardware.perf@2.2-service: Unknown params
04-01 16:00:28.578  1254  1254 E vendor.qti.hardware.perf@2.2-service: Unknown params
04-01 16:00:28.583  1246  1496 I SDM     : HWDeviceDRM::UpdateMixerAttributes: Mixer WxH 1080x2400-0 for Peripheral
04-01 16:00:28.583  1246  1496 I SDM     : HWCDisplay::SubmitDisplayConfig: Active configuration changed to: 2
04-01 16:00:28.827  1109  5528 I vendor.qti.bluetooth@1.0-ibs_handler: ProcessIbsCmd: Received IBS_WAKE_IND: 0xFD
04-01 16:00:28.828  1109  5528 D vendor.qti.bluetooth@1.0-ibs_handler: SerialClockVote: vote for UART CLK ON
04-01 16:00:28.828  1109  5528 D vendor.qti.bluetooth@1.0-wake_lock: Acquire wakelock is acquired 
04-01 16:00:28.829  1109  5528 I vendor.qti.bluetooth@1.0-ibs_handler: ProcessIbsCmd: Writing IBS_WAKE_ACK
04-01 16:00:28.830  4969  5531 I bt_stack: [INFO:btm_ble_gap.cc(3528)] btm_ble_process_adv_pkt_cont Data Complete 46:61:fd:16:0c:22
04-01 16:00:28.870  1109  5528 I vendor.qti.bluetooth@1.0-ibs_handler: ProcessIbsCmd: Received IBS_SLEEP_IND: 0xFE
04-01 16:00:28.870  1109  5528 D vendor.qti.bluetooth@1.0-ibs_handler: SerialClockVote: vote for UART CLK OFF
04-01 16:00:29.021  1109  5267 D vendor.qti.bluetooth@1.0-wake_lock: Release wakelock is released 
04-01 16:00:29.171  1931  2844 W ProcessStats: Tracking association SourceState{4d7bf2a com.xiaomi.mi_connect_service/1000 Fgs #54819} whose proc state 3 is better than process ProcessState{9245394 com.miui.analytics/10094 pkg=com.miui.analytics} proc state 5 (5 skipped)
04-01 16:00:29.869 23463 23463 W BpBinder: Linking to death on android.gui.ISurfaceComposer but there are no threads (yet?) listening to incoming transactions. See ProcessState::startThreadPool and ProcessState::setThreadPoolMaxThreadCount. Generally you should setup the binder threadpool before other initialization steps.
04-01 16:00:29.872  5908 12461 W MediaProvider: isAppCloneUserPair for user 0: false
04-01 16:00:29.879 23463 23463 W ProcessState: Extra binder thread started, but 0 threads requested. Do not use *startThreadPool when zero threads are requested.
04-01 16:00:29.930  1931  7215 D ActivityManager: checkAllowBackground: uid=10163 pkg=com.google.android.gms rec=UidRecord{875802d u0a163 BFGS change:procadj procs:0 seq(300147,985)} caps=LCMNFU always=false idle=false
04-01 16:00:29.934  1931  4458 I SmartPower: com.google.android.gms/10163(5288): idle->background(30300ms) R(service create com.google.android.gms/.ipa.base.IpaGcmTaskService) adj=0.
04-01 16:00:29.939  4883 23445 I NetworkScheduler.Stats: (REDACTED) Task %s/%s started execution. cause:%s exec_start_elapsed_seconds: %s
04-01 16:00:29.942  4883 22690 I NetworkScheduler.Stats: (REDACTED) Task %s/%s finished executing. cause:%s result: %s elapsed_millis: %s uptime_millis: %s exec_start_elapsed_seconds: %s
04-01 16:00:29.979  1931  4157 D ActivityManager: checkAllowBackground: uid=10163 pkg=com.google.android.gms rec=UidRecord{875802d u0a163 BFGS change:procadj procs:0 seq(300193,985)} caps=LCMNFU always=false idle=false
04-01 16:00:29.981  4883  4883 D BoundBrokerSvc: onRebind: Intent { act=com.google.android.gms.nearby.fastpair.service.TaskSchedulerChimeraService.ACTION_TASK_READY dat=chimera-action:/... cmp=com.google.android.gms/.chimera.PersistentInternalBoundBrokerService }
04-01 16:00:29.986  4883 23445 I NetworkScheduler.Stats: (REDACTED) Task %s/%s started execution. cause:%s exec_start_elapsed_seconds: %s
04-01 16:00:29.986  4883 22690 I NearbyFastPair: (REDACTED) TSS onRunTask: tag = %s
04-01 16:00:29.991  4883  4883 I NearbyDiscovery: (REDACTED) DiscoveryService onStartCommand action: %s
04-01 16:00:29.993  4883 23445 I NetworkScheduler.Stats: (REDACTED) Task %s/%s finished executing. cause:%s result: %s elapsed_millis: %s uptime_millis: %s exec_start_elapsed_seconds: %s
04-01 16:00:29.994  4883  4883 D BoundBrokerSvc: onUnbind: Intent { act=com.google.android.gms.nearby.fastpair.service.TaskSchedulerChimeraService.ACTION_TASK_READY dat=chimera-action:/... cmp=com.google.android.gms/.chimera.PersistentInternalBoundBrokerService }
04-01 16:00:30.001  1931  4157 D ActivityManager: checkAllowBackground: uid=10163 pkg=com.google.android.gms rec=UidRecord{875802d u0a163 BFGS change:procadj procs:0 seq(300199,985)} caps=LCMNFU always=false idle=false
04-01 16:00:30.013  4883 20345 I NearbyFastPair: (REDACTED) SassLogger_logDeviceSettingsChange: event=%s, model=%s, enabled=%s, device type=%s
04-01 16:00:30.703  1931  4157 I ActivityManager: Broadcasting: Intent { act=android.intent.action.MEDIA_SCANNER_SCAN_FILE dat=file:///... flg=0x400000 }
04-01 16:00:30.703  1931  4157 I ActivityManager: Broadcast action android.intent.action.MEDIA_SCANNER_SCAN_FILE forcing include-background
04-01 16:00:30.704  1931  4157 D ActivityManager: checkAllowBackground: uid=10219 pkg=com.google.android.providers.media.module rec=UidRecord{13e0cf5 u0a219 PER  change:procadj procs:0 seq(300127,888)} caps=LCMNFU always=true idle=false
04-01 16:00:30.704  1931  4157 I ActivityManager: App 10219/com.google.android.providers.media.module targets O+, restricted
04-01 16:00:30.704  1931  4157 D ActivityManager: checkAllowBackground: uid=10219 pkg=com.google.android.providers.media.module startMode=2 onallowlist=false onallowlist(ei)=false
04-01 16:00:30.704  1931  4157 D ActivityManager: checkAllowBackground: uid=1000 pkg=com.miui.securitycore rec=UidRecord{32d667d 1000 PER  fgServices change:procadj procs:0 seq(300183,297765)} caps=LCMNFU always=true idle=false
04-01 16:00:30.704  1931  4157 I ActivityManager: App 1000/com.miui.securitycore targets O+, restricted
04-01 16:00:30.704  1931  4157 D ActivityManager: checkAllowBackground: uid=1000 pkg=com.miui.securitycore startMode=2 onallowlist=false onallowlist(ei)=false
04-01 16:00:30.704  1931  4157 I ActivityManager: Enqueued broadcast Intent { act=android.intent.action.MEDIA_SCANNER_SCAN_FILE dat=file:///... flg=0x400000 }: 0
04-01 16:00:30.704  1931  2365 D ActivityManager: checkAllowBackground: uid=10219 pkg=com.google.android.providers.media.module rec=UidRecord{13e0cf5 u0a219 PER  change:procadj procs:0 seq(300127,888)} caps=LCMNFU always=true idle=false
04-01 16:00:30.705  1931  2365 I ActivityManager: App 10219/com.google.android.providers.media.module targets O+, restricted
04-01 16:00:30.705  1931  2365 D ActivityManager: checkAllowBackground: uid=10219 pkg=com.google.android.providers.media.module startMode=2 onallowlist=false onallowlist(ei)=false
04-01 16:00:30.708  5908  5908 I MediaServiceV2: Creating work for intent Intent { act=android.intent.action.MEDIA_SCANNER_SCAN_FILE dat=file:///... flg=0x1400010 cmp=com.google.android.providers.media.module/com.android.providers.media.MediaServiceV2 }
04-01 16:00:30.708  5908  5908 I MediaServiceV2: Work enqueued for intent: Intent { act=android.intent.action.MEDIA_SCANNER_SCAN_FILE dat=file:///... flg=0x1400010 cmp=com.google.android.providers.media.module/com.android.providers.media.MediaServiceV2 }
04-01 16:00:30.711  1931  2365 D ActivityManager: checkAllowBackground: uid=1000 pkg=com.miui.securitycore rec=UidRecord{32d667d 1000 PER  fgServices change:procadj procs:0 seq(300183,297765)} caps=LCMNFU always=true idle=false
04-01 16:00:30.711  1931  2365 I ActivityManager: App 1000/com.miui.securitycore targets O+, restricted
04-01 16:00:30.711  1931  2365 D ActivityManager: checkAllowBackground: uid=1000 pkg=com.miui.securitycore startMode=2 onallowlist=false onallowlist(ei)=false
04-01 16:00:30.716  1931  2012 I ActivityManager: Broadcast completed: result=0
04-01 16:00:30.716 23463 23463 I DoViGenericTag: Logger Terminated
04-01 16:00:30.727  5908  6079 D WM-SystemJobScheduler: Scheduling work ID 84590604-29bc-45d1-8c13-f41a64c4d3aaJob ID 10820
04-01 16:00:30.727  1931  4157 D ActivityManager: checkAllowBackground: uid=10219 pkg=com.google.android.providers.media.module rec=UidRecord{13e0cf5 u0a219 PER  change:procadj procs:0 seq(300201,888)} caps=LCMNFU always=false idle=false
04-01 16:00:30.733  1931  4157 I whetstone.activity: Power Event callback listener is empty for resId=256
04-01 16:00:30.733  1931  4157 D BatteryStatsManagerStub: notifyEvent for resId=256 used 0ms
04-01 16:00:30.734  5908  6079 D WM-GreedyScheduler: Ignoring {WorkSpec: 32d8ab03-23d9-40ba-b7b8-55fbb9b873b7}. Requires device idle.
04-01 16:00:30.734  5908  6079 D WM-GreedyScheduler: Starting work for 84590604-29bc-45d1-8c13-f41a64c4d3aa
04-01 16:00:30.735  5908  5908 D WM-SystemJobService: onStartJob for WorkGenerationalId(workSpecId=84590604-29bc-45d1-8c13-f41a64c4d3aa, generation=0)
04-01 16:00:30.736  5908  6079 D WM-Processor: Processor: processing WorkGenerationalId(workSpecId=84590604-29bc-45d1-8c13-f41a64c4d3aa, generation=0)
04-01 16:00:30.737  5908  6079 D WM-Processor: Work WorkGenerationalId(workSpecId=84590604-29bc-45d1-8c13-f41a64c4d3aa, generation=0) is already enqueued for processing
04-01 16:00:30.739  5908  5908 D WM-WorkerWrapper: Starting work for com.android.providers.media.MediaServiceV2
04-01 16:00:30.739  5908 23471 I MediaServiceV2: Work initiated for action [ android.intent.action.MEDIA_SCANNER_SCAN_FILE ]
04-01 16:00:30.763  5908 23471 I MediaServiceV2: Work ended for action [ android.intent.action.MEDIA_SCANNER_SCAN_FILE ]
04-01 16:00:30.764  5908  6092 I WM-WorkerWrapper: Worker result SUCCESS for Work [ id=84590604-29bc-45d1-8c13-f41a64c4d3aa, tags={ com.android.providers.media.MediaServiceV2 } ]
04-01 16:00:30.765  5908  5908 D WM-Processor: Processor 84590604-29bc-45d1-8c13-f41a64c4d3aa executed; reschedule = false
04-01 16:00:30.765  5908  5908 D WM-SystemJobService: 84590604-29bc-45d1-8c13-f41a64c4d3aa executed on JobScheduler
04-01 16:00:30.765  1931  7215 I whetstone.activity: Power Event callback listener is empty for resId=256
04-01 16:00:30.766  1931  7215 D BatteryStatsManagerStub: notifyEvent for resId=256 used 0ms
04-01 16:00:30.773  5908  6002 D WM-SystemJobScheduler: Scheduling work ID 67a9cd16-9468-4006-95ae-6ec58b830db9Job ID 10821
04-01 16:00:30.773  1931  4157 D ActivityManager: checkAllowBackground: uid=10219 pkg=com.google.android.providers.media.module rec=UidRecord{13e0cf5 u0a219 PER  change:procadj procs:0 seq(300205,888)} caps=LCMNFU always=false idle=false
04-01 16:00:30.774  1931  4157 D ActivityManager: checkAllowBackground: uid=1000 pkg=android rec=UidRecord{32d667d 1000 PER  fgServices change:procadj procs:0 seq(300203,297765)} caps=LCMNFU always=false idle=false
04-01 16:00:30.775  5908  6002 D WM-GreedyScheduler: Ignoring {WorkSpec: 32d8ab03-23d9-40ba-b7b8-55fbb9b873b7}. Requires device idle.
04-01 16:00:30.776  5908  6002 D WM-GreedyScheduler: Cancelling work ID 84590604-29bc-45d1-8c13-f41a64c4d3aa
04-01 16:00:30.778  5908  6002 D WM-GreedyScheduler: Ignoring {WorkSpec: 32d8ab03-23d9-40ba-b7b8-55fbb9b873b7}. Requires device idle.
04-01 16:00:31.205  1899  1899 I wificond: station_bandwidth: P
04-01 16:00:31.212  4019  4019 D ArtChoreographerMonitor: invoke error.
04-01 16:00:31.231  1254  1254 E vendor.qti.hardware.perf@2.2-service: Unknown params
04-01 16:00:31.384  4019  4019 D ArtChoreographerMonitor: invoke error.
04-01 16:00:32.062  1109  5528 I vendor.qti.bluetooth@1.0-ibs_handler: ProcessIbsCmd: Received IBS_WAKE_IND: 0xFD
04-01 16:00:32.062  1109  5528 D vendor.qti.bluetooth@1.0-ibs_handler: SerialClockVote: vote for UART CLK ON
04-01 16:00:32.063  1109  5528 D vendor.qti.bluetooth@1.0-wake_lock: Acquire wakelock is acquired 
04-01 16:00:32.063  1109  5528 I vendor.qti.bluetooth@1.0-ibs_handler: ProcessIbsCmd: Writing IBS_WAKE_ACK
04-01 16:00:32.065  4969  5531 I bt_stack: [INFO:btm_ble_gap.cc(3528)] btm_ble_process_adv_pkt_cont Data Complete 7f:23:b6:78:e3:70
04-01 16:00:32.076 23046 23046 I Capacitor/Console: File:  - Line 349 - Msg: [object Object]
04-01 16:00:32.080 23046 23046 V Capacitor/Plugin: To native (Capacitor plugin): callbackId: 97311470, pluginId: ScreenTime, methodName: consumePendingNavigation
04-01 16:00:32.081 23046 23046 V Capacitor: callback: 97311470, pluginId: ScreenTime, methodName: consumePendingNavigation, methodData: {}
04-01 16:00:32.093 23046 23143 D BlearnScreenTime: consume_pending_navigation_empty
04-01 16:00:32.097 23046 23046 I Capacitor/Console: File:  - Line 333 - Msg: undefined
