04-01 16:02:13.371 23046 23046 V Capacitor/Plugin: To native (Capacitor plugin): callbackId: 97311485, pluginId: ScreenTime, methodName: consumePendingNavigation
04-01 16:02:13.371 23046 23046 V Capacitor: callback: 97311485, pluginId: ScreenTime, methodName: consumePendingNavigation, methodData: {}
04-01 16:02:13.373 23046 23143 D BlearnScreenTime: consume_pending_navigation_empty
04-01 16:02:13.377 23046 23046 I Capacitor/Console: File:  - Line 333 - Msg: undefined
04-01 16:02:13.377  1254  1254 E vendor.qti.hardware.perf@2.2-service: Unknown params
04-01 16:02:13.928  1899  1899 I wificond: station_bandwidth: P
04-01 16:02:13.932  4019  4019 D ArtChoreographerMonitor: invoke error.
04-01 16:02:14.110  4019  4019 D ArtChoreographerMonitor: invoke error.
04-01 16:02:14.376  1931  4128 D SLM-SRV-SLAService: checktemp temperature = 29388 temperature_average = 28584 isPerformanceMode = false thermal_enable_slm = true
04-01 16:02:15.013  1254  1254 E vendor.qti.hardware.perf@2.2-service: Unknown params
04-01 16:02:15.015  1254  1254 E vendor.qti.hardware.perf@2.2-service: Unknown params
04-01 16:02:15.018  1246  1496 I SDM     : HWDeviceDRM::UpdateMixerAttributes: Mixer WxH 1080x2400-0 for Peripheral
04-01 16:02:15.018  1246  1496 I SDM     : HWCDisplay::SubmitDisplayConfig: Active configuration changed to: 2
04-01 16:02:15.290  1931  3244 I SmartPower: com.facebook.appmanager/10141(10241): background->idle(3002ms) R(broadcast start Intent { act=android.intent.action.BATTERY_CHANGED flg=0x60000010 (has extras) }) adj=915.
04-01 16:02:15.292  1931  3244 I SmartPower: com.xiaomi.discover/10121(15017): background->idle(3002ms) R(broadcast start Intent { act=android.intent.action.BATTERY_CHANGED flg=0x60000010 (has extras) }) adj=905.
04-01 16:02:15.294  1931  3244 I SmartPower: com.android.chrome/10171(15878): background->idle(3000ms) R(broadcast start Intent { act=android.intent.action.BATTERY_CHANGED flg=0x60000010 (has extras) }) adj=905.
04-01 16:02:15.296  1931  3244 I SmartPower: com.digibites.accubattery/10422(15909): background->idle(3001ms) R(broadcast start Intent { act=android.intent.action.BATTERY_CHANGED flg=0x60000010 (has extras) }) adj=200.
04-01 16:02:15.292  1931  1931 W android.fg: type=1400 audit(0.0:11484): avc:  denied  { read } for  name="u:object_r:wifi_hal_prop:s0" dev="tmpfs" ino=13893 scontext=u:r:system_server:s0 tcontext=u:object_r:wifi_hal_prop:s0 tclass=file permissive=0
04-01 16:02:15.297  1931  2012 W libc    : Access denied finding property "wifi.interface"
04-01 16:02:15.297  1931  2012 D NetworkManagement: wlan0 <====> 1
04-01 16:02:15.297  1931  2012 I MiuiNetworkPolicy: label wlan0, uid -1, active false, tsNanos 28004786646993
04-01 16:02:15.297  1931  2916 D MiuiNetworkPolicy: updateLimit mLimitEnabled=true,enabled=false,mNetworkPriorityMode=255,mThermalForceMode=0
04-01 16:02:15.299  1931  3244 I SmartPower: com.microsoft.teams/10242(17220): background->idle(3001ms) R(broadcast start Intent { act=android.intent.action.BATTERY_CHANGED flg=0x60000010 (has extras) }) adj=905.
04-01 16:02:15.300  1931  3244 I SmartPower: com.miui.android.fashiongallery/10229(22232): background->idle(3000ms) R(broadcast start Intent { act=android.intent.action.BATTERY_CHANGED flg=0x60000010 (has extras) }) adj=905.
04-01 16:02:16.171  4969  5232 I BtGatt.ScanManager: msg.what = MSG_CHECK_SCAN_STATUS, msg.arg1 = CHECK_BACKGROUND_TIMEOUT
04-01 16:02:16.946  1899  1899 I wificond: station_bandwidth: P
04-01 16:02:16.950  4019  4019 D ArtChoreographerMonitor: invoke error.
04-01 16:02:16.978  1254  1254 E vendor.qti.hardware.perf@2.2-service: Unknown params
04-01 16:02:16.985  1109  5528 I vendor.qti.bluetooth@1.0-ibs_handler: ProcessIbsCmd: Received IBS_WAKE_IND: 0xFD
04-01 16:02:16.985  1109  5528 D vendor.qti.bluetooth@1.0-ibs_handler: SerialClockVote: vote for UART CLK ON
04-01 16:02:16.986  1109  5528 D vendor.qti.bluetooth@1.0-wake_lock: Acquire wakelock is acquired 
04-01 16:02:16.986  1109  5528 I vendor.qti.bluetooth@1.0-ibs_handler: ProcessIbsCmd: Writing IBS_WAKE_ACK
04-01 16:02:16.987  4969  5531 I bt_stack: [INFO:btm_ble_gap.cc(3528)] btm_ble_process_adv_pkt_cont Data Complete 7f:23:b6:78:e3:70
04-01 16:02:17.027  1109  5528 I vendor.qti.bluetooth@1.0-ibs_handler: ProcessIbsCmd: Received IBS_SLEEP_IND: 0xFE
04-01 16:02:17.027  1109  5528 D vendor.qti.bluetooth@1.0-ibs_handler: SerialClockVote: vote for UART CLK OFF
04-01 16:02:17.134  4019  4019 D ArtChoreographerMonitor: invoke error.
04-01 16:02:17.177  1109  5267 D vendor.qti.bluetooth@1.0-wake_lock: Release wakelock is released 
04-01 16:02:17.446 15909 17072 V U.Notification: Posting new notification, elapsed=16068
04-01 16:02:18.771  1931  4085 I NetworkBoostStatusManager: handle: 107
04-01 16:02:18.781  3991  5645 E PhoneAdapter: get ntnphones failed, exception: java.lang.IllegalStateException: Default phones haven't been made yet!
04-01 16:02:18.782  1931  4085 D SLM-SRV-SLAService: isModemSingnalStrengthStatus = 0
04-01 16:02:18.968  1109  5528 I vendor.qti.bluetooth@1.0-ibs_handler: ProcessIbsCmd: Received IBS_WAKE_IND: 0xFD
04-01 16:02:18.968  1109  5528 D vendor.qti.bluetooth@1.0-ibs_handler: SerialClockVote: vote for UART CLK ON
04-01 16:02:18.969  1109  5528 D vendor.qti.bluetooth@1.0-wake_lock: Acquire wakelock is acquired 
04-01 16:02:18.969  1109  5528 I vendor.qti.bluetooth@1.0-ibs_handler: ProcessIbsCmd: Writing IBS_WAKE_ACK
04-01 16:02:18.971  4969  5531 I bt_stack: [INFO:btm_ble_gap.cc(3528)] btm_ble_process_adv_pkt_cont Data Complete 7f:23:b6:78:e3:70
04-01 16:02:18.972  4969  5531 I bt_stack: [INFO:btm_ble_gap.cc(3528)] btm_ble_process_adv_pkt_cont Data Complete 7f:23:b6:78:e3:70
04-01 16:02:18.972  4969  5531 D bt_btm_ble: bool parse_adv_audio_uuids_from_adv_pkt(const uint8_t *, size_t, uint8_t): tmap_cap_pts: false
04-01 16:02:18.973  4969  5244 D BluetoothRemoteDevices:  getMappingAddr null
04-01 16:02:18.973  4969  5244 D BluetoothAdapterService: getIdentityAddress null retruning 7F:23:B6:78:E3:70
04-01 16:02:18.978  4883 15229 I NearbyDiscovery: (REDACTED) BloomFilterAdvManager: Detected bloom filter but too far away, ignoring. %sm, %s
04-01 16:02:19.011  1109  5528 I vendor.qti.bluetooth@1.0-ibs_handler: ProcessIbsCmd: Received IBS_SLEEP_IND: 0xFE
04-01 16:02:19.011  1109  5528 D vendor.qti.bluetooth@1.0-ibs_handler: SerialClockVote: vote for UART CLK OFF
04-01 16:02:19.161  1109  5267 D vendor.qti.bluetooth@1.0-wake_lock: Release wakelock is released 
04-01 16:02:19.205  1931  2861 W ActivityManagerServiceImpl: Sending non-protected broadcast miui.intent.action.CYCLE_CHECK from system uid 1000 pkg android. Callers=com.android.server.am.ActivityManagerService.checkBroadcastFromSystem:15246 com.android.server.am.ActivityManagerService.broadcastIntentLockedTraced:16076 com.android.server.am.ActivityManagerService.broadcastIntentLocked:15304 com.android.server.am.ActivityManagerService.broadcastIntentInPackage:16309 com.android.server.am.ActivityManagerService$LocalService.broadcastIntentInPackage:19055 
04-01 16:02:19.206  1931  2861 D AlarmManager: mBroadcastRefCount -> 1
04-01 16:02:19.213  1931  2014 D ActivityManager: checkAllowBackground: uid=1000 pkg=android rec=UidRecord{32d667d 1000 PER  fgServices allowlist change:procadj procs:0 seq(301050,297765)} caps=LCMNFU always=false idle=false
04-01 16:02:19.214  1931  1931 D AlarmManager: mBroadcastRefCount -> 0
04-01 16:02:19.214  1931  1931 D AlarmManager: mPendingIntent -> PendingIntent{3224d42: PendingIntentRecord{c313153 android broadcastIntent}}
04-01 16:02:19.217  1931  2014 I android_os_HwBinder: HwBinder: Starting thread pool for getting: vendor.xiaomi.hardware.micharge@1.0::IMiCharge/default
04-01 16:02:19.220  1285  1296 I vendor.xiaomi.hardware.micharge@1.0-service: ReadFilePathValue path = /sys/class/power_supply/battery/temp value = 280
04-01 16:02:19.224  1931  2014 I android_os_HwBinder: HwBinder: Starting thread pool for getting: vendor.xiaomi.hardware.micharge@1.0::IMiCharge/default
04-01 16:02:19.225  1285  1296 I vendor.xiaomi.hardware.micharge@1.0-service: ReadFilePathValue path = /sys/class/power_supply/battery/charge_control_limit value = 0
04-01 16:02:19.236  1931  1931 W android.fg: type=1400 audit(0.0:11485): avc:  denied  { read } for  name="u:object_r:wifi_hal_prop:s0" dev="tmpfs" ino=13893 scontext=u:r:system_server:s0 tcontext=u:object_r:wifi_hal_prop:s0 tclass=file permissive=0
04-01 16:02:19.243  1931  2012 W libc    : Access denied finding property "wifi.interface"
04-01 16:02:19.244  1931  2012 D NetworkManagement: wlan0 <====> 1
04-01 16:02:19.244  1931  2012 I MiuiNetworkPolicy: label wlan0, uid 10091, active true, tsNanos 28008731181418
04-01 16:02:19.244  1931  2916 I MiuiNetworkPolicy: getEnableLimitTimeout when thermal mode is:0
04-01 16:02:19.244  1931  2916 D MiuiNetworkPolicy: updateLimit mLimitEnabled=false,enabled=true,mNetworkPriorityMode=255,mThermalForceMode=0
04-01 16:02:19.953  1931  3801 D ActivityManager: checkAllowBackground: uid=10163 pkg=com.google.android.gms rec=UidRecord{875802d u0a163 BFGS change:procadj procs:0 seq(301014,985)} caps=LCMNFU always=false idle=false
04-01 16:02:19.955  1931  3801 I SmartPower: com.google.android.gms/10163(5288): idle->background(7039ms) R(service create com.google.android.gms/.chimera.GmsIntentOperationService) adj=0.
04-01 16:02:19.961  1899  1899 I wificond: station_bandwidth: P
04-01 16:02:19.965  4019  4019 D ArtChoreographerMonitor: invoke error.
04-01 16:02:19.967  1931  4157 D ActivityManager: checkAllowBackground: uid=10163 pkg=com.google.android.gms rec=UidRecord{875802d u0a163 BFGS change:procadj procs:0 seq(301014,985)} caps=LCMNFU always=false idle=false
04-01 16:02:19.969  5288 23702 I GmscoreIpa: Starting mediastore instant index [CONTEXT service_id=255 ]
04-01 16:02:19.972  1931  4157 I ClipboardServiceI: checkProviderWakePathForClipboard: primaryClip is null
04-01 16:02:19.986  1254  1254 E vendor.qti.hardware.perf@2.2-service: Unknown params
04-01 16:02:20.144  4019  4019 D ArtChoreographerMonitor: invoke error.
04-01 16:02:20.332  1109  5528 I vendor.qti.bluetooth@1.0-ibs_handler: ProcessIbsCmd: Received IBS_WAKE_IND: 0xFD
04-01 16:02:20.332  1109  5528 D vendor.qti.bluetooth@1.0-ibs_handler: SerialClockVote: vote for UART CLK ON
04-01 16:02:20.332  1109  5528 D vendor.qti.bluetooth@1.0-wake_lock: Acquire wakelock is acquired 
04-01 16:02:20.332  1109  5528 I vendor.qti.bluetooth@1.0-ibs_handler: ProcessIbsCmd: Writing IBS_WAKE_ACK
04-01 16:02:20.334  4969  5531 I bt_stack: [INFO:btm_ble_gap.cc(3528)] btm_ble_process_adv_pkt_cont Data Complete 46:61:fd:16:0c:22
04-01 16:02:20.334  4969  5531 I bt_stack: [INFO:btm_ble_gap.cc(3528)] btm_ble_process_adv_pkt_cont Data Complete 46:61:fd:16:0c:22
04-01 16:02:20.334  4969  5531 D bt_btm_ble: bool parse_adv_audio_uuids_from_adv_pkt(const uint8_t *, size_t, uint8_t): tmap_cap_pts: false
04-01 16:02:20.335  4969  5244 D BluetoothAdapterService: getIdentityAddress null retruning 46:61:FD:16:0C:22
04-01 16:02:20.339  4883 15229 I NearbyDiscovery: (REDACTED) BloomFilterAdvManager: Detected bloom filter but too far away, ignoring. %sm, %s
04-01 16:02:20.373  1109  5528 I vendor.qti.bluetooth@1.0-ibs_handler: ProcessIbsCmd: Received IBS_SLEEP_IND: 0xFE
04-01 16:02:20.373  1109  5528 D vendor.qti.bluetooth@1.0-ibs_handler: SerialClockVote: vote for UART CLK OFF
04-01 16:02:20.524  1109  5267 D vendor.qti.bluetooth@1.0-wake_lock: Release wakelock is released 
04-01 16:02:22.307  1109  5528 I vendor.qti.bluetooth@1.0-ibs_handler: ProcessIbsCmd: Received IBS_WAKE_IND: 0xFD
04-01 16:02:22.307  1109  5528 D vendor.qti.bluetooth@1.0-ibs_handler: SerialClockVote: vote for UART CLK ON
04-01 16:02:22.308  1109  5528 D vendor.qti.bluetooth@1.0-wake_lock: Acquire wakelock is acquired 
04-01 16:02:22.308  1109  5528 I vendor.qti.bluetooth@1.0-ibs_handler: ProcessIbsCmd: Writing IBS_WAKE_ACK
04-01 16:02:22.309  4969  5531 I bt_stack: [INFO:btm_ble_gap.cc(3528)] btm_ble_process_adv_pkt_cont Data Complete 46:61:fd:16:0c:22
04-01 16:02:22.310  4969  5531 I bt_stack: [INFO:btm_ble_gap.cc(3528)] btm_ble_process_adv_pkt_cont Data Complete 46:61:fd:16:0c:22
04-01 16:02:22.310  4969  5531 D bt_btm_ble: bool parse_adv_audio_uuids_from_adv_pkt(const uint8_t *, size_t, uint8_t): tmap_cap_pts: false
04-01 16:02:22.311  4969  5244 D BluetoothAdapterService: getIdentityAddress null retruning 46:61:FD:16:0C:22
04-01 16:02:22.316  4883 15229 I NearbyDiscovery: (REDACTED) BloomFilterAdvManager: Detected bloom filter but too far away, ignoring. %sm, %s
04-01 16:02:22.349  1109  5528 I vendor.qti.bluetooth@1.0-ibs_handler: ProcessIbsCmd: Received IBS_SLEEP_IND: 0xFE
04-01 16:02:22.349  1109  5528 D vendor.qti.bluetooth@1.0-ibs_handler: SerialClockVote: vote for UART CLK OFF
04-01 16:02:22.483  1931  2335 D HeapUsage Monitor: HeapAllocSize : 110MB; monitorSize : 500MB
04-01 16:02:22.500  1109  5267 D vendor.qti.bluetooth@1.0-wake_lock: Release wakelock is released 
04-01 16:02:22.958  1931  3244 I SmartPower: com.google.android.gms/10163(5288): background->idle(3003ms) R(service create com.google.android.gms/.chimera.GmsIntentOperationService) adj=500.
04-01 16:02:22.976  1899  1899 I wificond: station_bandwidth: P
04-01 16:02:23.516  6817 28791 D MiSight::  sendEvent id=905001001
04-01 16:02:23.517  6817 28791 D MiSightJni: MiSight: Java_com_miui_misight_MiSight_nativeSendEvent enter called. '{"time":"16:02:23","broadTemp":29228,"packageName":"app.blearn.mobile","scenarioName":"normal"}'
04-01 16:02:23.517  6817 28791 D MiEvent : MiEvent: this 0x7c5c5634e0, paylod=0xb400007cd78a61c0
04-01 16:02:23.517  6817 28791 D MiEvent : flatten EventId 905001001 -t 1775052143 -paraList {"broadTemp":29228,"packageName":"app.blearn.mobile","scenarioName":"normal","time":"16:02:23"}
04-01 16:02:23.518  6817 28791 D MiEvent : report:EventId 905001001 -t 1775052143 -paraList {"broadTemp":29228,"packageName":"app.blearn.mobile","scenarioName":"normal","time":"16:02:23"} success
04-01 16:02:23.518  6817 28791 D MiEvent : ~MiEvent: this 0x7c5c5634e0, paylod=0xb400007cd78a61c0
04-01 16:02:23.522  1900  2137 I misight : OnEvent EventPrivacyCompliance event=905001001
04-01 16:02:23.524  1900  2137 D misight : ProcessEvent devVersion==OS2.0.14.0.UMSEUXM,faultLevel=2,prv=3 region=eea
04-01 16:02:23.525  1900  2137 I misight : OnEvent EventStorageManager event=905001001,3
04-01 16:02:23.525  1900  2137 D misight : ProcessNewDayEvent event happen time 1775052143, last=1775051543,start time=1774994400,next day =1775080800, interval=29257
04-01 16:02:23.525  1900  2137 D misight : ProcessNewDayEvent clock=27413, curClock=28013, interval=29257
04-01 16:02:23.525  1900  2137 D misight : Execute start execute sql /data/miuilog/misight/event.db:select id,event_id,daily_cnt,over_cnt,hour_cnt,next_expire_time,last_happen_time,last_log_time from event_daily where event_id = '905001001' limit 1
04-01 16:02:23.529  1900  2137 D misight : DetectDropByTime event 905001001 parser maxCnt=200 lastTime=1775051543 same=0, overCnt=0,dailyCnt=40,hourCnt=1
04-01 16:02:23.529  1900  2137 D misight : IsPluginInPipeline not find plugin EventLogProcessor
04-01 16:02:23.529  1900  2137 D misight : CheckAndGetLogTime plugin log catch not exist, no check upload xml
04-01 16:02:23.529  1900  2137 D misight : Execute start execute sql /data/miuilog/misight/event.db:update event_daily set  daily_cnt=41, hour_cnt=2, next_expire_time=1775055143, over_cnt=0, last_happen_time=1775052143, last_log_time=0  where id = '5'
04-01 16:02:23.531  1900  2137 D misight : Execute start execute sql /data/miuilog/misight/event.db:select id,occured_cnt from event_info where event_id = '905001001' and version_id = '5' and param_list = '{"broadTemp":29228,"packageName":"app.blearn.mobile","scenarioName":"normal","time":"16:02:23"}' and time_id = '117' limit 1
04-01 16:02:23.551  1900  2137 D misight : Execute start execute sql /data/miuilog/misight/event.db:insert into event_info (event_id,version_id,occured_cnt,first_time,param_list,expire,visible,time_id)  values ( 905001001,5,1,1775052143,'{"broadTemp":29228,"packageName":"app.blearn.mobile","scenarioName":"normal","time":"16:02:23"}',0,0,117) 
04-01 16:02:23.553  1900  2137 I misight : OnEvent EventInfoPack event 905001001
04-01 16:02:23.598  1109  5528 I vendor.qti.bluetooth@1.0-ibs_handler: ProcessIbsCmd: Received IBS_WAKE_IND: 0xFD
04-01 16:02:23.598  1109  5528 D vendor.qti.bluetooth@1.0-ibs_handler: SerialClockVote: vote for UART CLK ON
04-01 16:02:23.599  1109  5528 D vendor.qti.bluetooth@1.0-wake_lock: Acquire wakelock is acquired 
04-01 16:02:23.599  1109  5528 I vendor.qti.bluetooth@1.0-ibs_handler: ProcessIbsCmd: Writing IBS_WAKE_ACK
04-01 16:02:23.600  4969  5531 I bt_stack: [INFO:btm_ble_gap.cc(3528)] btm_ble_process_adv_pkt_cont Data Complete 46:61:fd:16:0c:22
04-01 16:02:23.640  1109  5528 I vendor.qti.bluetooth@1.0-ibs_handler: ProcessIbsCmd: Received IBS_SLEEP_IND: 0xFE
04-01 16:02:23.640  1109  5528 D vendor.qti.bluetooth@1.0-ibs_handler: SerialClockVote: vote for UART CLK OFF
04-01 16:02:23.790  1109  5267 D vendor.qti.bluetooth@1.0-wake_lock: Release wakelock is released 
04-01 16:02:24.178  1413  2768 D MI-SF   : mIsSupportAutomodeForMaxFpsSetting is 0(0), getCurrentBrightness() = 764(328), mIsKeepAutoMode 0
04-01 16:02:24.178  1413  2768 D RefreshRateSelector: fixedMode_group: 0, isFindModeGroup 0
04-01 16:02:24.178  1413  2768 D RefreshRateSelector: find max refresh rate:120, mode Group:0
04-01 16:02:24.179  1254  1254 E vendor.qti.hardware.perf@2.2-service: Unknown params
04-01 16:02:24.179  1254  1254 E vendor.qti.hardware.perf@2.2-service: Unknown params
04-01 16:02:24.183  1413  1413 D MI-SF   : mIsSupportAutomodeForMaxFpsSetting is 0(0), getCurrentBrightness() = 764(328), mIsKeepAutoMode 0
04-01 16:02:24.184  1413  1413 D RefreshRateSelector: fixedMode_group: 0, isFindModeGroup 0
04-01 16:02:24.184  1413  1413 D RefreshRateSelector: find max refresh rate:120, mode Group:0
04-01 16:02:24.186  1246  1496 I SDM     : HWDeviceDRM::UpdateMixerAttributes: Mixer WxH 1080x2400-0 for Peripheral
04-01 16:02:24.186  1246  1496 I SDM     : HWCDisplay::SubmitDisplayConfig: Active configuration changed to: 0
04-01 16:02:24.219  1413  1413 D MI-SF   : mIsSupportAutomodeForMaxFpsSetting is 0(0), getCurrentBrightness() = 764(328), mIsKeepAutoMode 0
04-01 16:02:24.219  1413  1413 D RefreshRateSelector: fixedMode_group: 0, isFindModeGroup 0
04-01 16:02:24.219  1413  1413 D RefreshRateSelector: find max refresh rate:120, mode Group:0
04-01 16:02:24.240  1413  1750 W EventThreadInspector: slow VSync-app on display(4630946480857061762) count=1, avg=30 ms, max=30 ms.
04-01 16:02:24.380  1931  4128 D SLM-SRV-SLAService: checktemp temperature = 29597 temperature_average = 28802 isPerformanceMode = false thermal_enable_slm = true
04-01 16:02:24.563 23046 23046 I Capacitor/Console: File:  - Line 349 - Msg: [object Object]
04-01 16:02:24.564 23046 23046 V Capacitor/Plugin: To native (Capacitor plugin): callbackId: 97311486, pluginId: ScreenTime, methodName: consumePendingNavigation
04-01 16:02:24.564 23046 23046 V Capacitor: callback: 97311486, pluginId: ScreenTime, methodName: consumePendingNavigation, methodData: {}
04-01 16:02:24.566 23046 23143 D BlearnScreenTime: consume_pending_navigation_empty
04-01 16:02:24.568 23046 23046 I Capacitor/Console: File:  - Line 333 - Msg: undefined
04-01 16:02:24.570  1254  1254 E vendor.qti.hardware.perf@2.2-service: Unknown params
04-01 16:02:24.968  1931  4157 W ProcessStats: Tracking association SourceState{c7aa938 system/1000 BFgs #54959} whose proc state 4 is better than process ProcessState{9194d11 com.google.android.inputmethod.latin/10179 pkg=com.google.android.inputmethod.latin} proc state 6 (9 skipped)
04-01 16:02:25.998  1899  1899 I wificond: station_bandwidth: P
04-01 16:02:26.184  1254  1254 E vendor.qti.hardware.perf@2.2-service: Unknown params
04-01 16:02:26.185  1254  1254 E vendor.qti.hardware.perf@2.2-service: Unknown params
04-01 16:02:26.186  1246  1496 I SDM     : HWDeviceDRM::UpdateMixerAttributes: Mixer WxH 1080x2400-0 for Peripheral
04-01 16:02:26.186  1246  1496 I SDM     : HWCDisplay::SubmitDisplayConfig: Active configuration changed to: 2
04-01 16:02:26.977  1931  4157 I SmartPower: com.google.android.gms/10163(5288): idle->background(4019ms) R(service destroy com.google.android.gms/.chimera.GmsIntentOperationService) adj=500.
04-01 16:02:27.451  4019  4019 D ArtChoreographerMonitor: invoke error.
04-01 16:02:27.477  1254  1254 E vendor.qti.hardware.perf@2.2-service: Unknown params
04-01 16:02:27.479  1413  2768 D MI-SF   : mIsSupportAutomodeForMaxFpsSetting is 0(0), getCurrentBrightness() = 764(328), mIsKeepAutoMode 0
04-01 16:02:27.480  1413  2768 D RefreshRateSelector: fixedMode_group: 0, isFindModeGroup 0
04-01 16:02:27.480  1413  2768 D RefreshRateSelector: find max refresh rate:120, mode Group:0
04-01 16:02:27.480  1413  1413 D MI-SF   : mIsSupportAutomodeForMaxFpsSetting is 0(0), getCurrentBrightness() = 764(328), mIsKeepAutoMode 0
04-01 16:02:27.480  1254  1254 E vendor.qti.hardware.perf@2.2-service: Unknown params
04-01 16:02:27.480  1413  1413 D RefreshRateSelector: fixedMode_group: 0, isFindModeGroup 0
04-01 16:02:27.480  1413  1413 D RefreshRateSelector: find max refresh rate:120, mode Group:0
04-01 16:02:27.482  1246  1496 I SDM     : HWDeviceDRM::UpdateMixerAttributes: Mixer WxH 1080x2400-0 for Peripheral
04-01 16:02:27.482  1246  1496 I SDM     : HWCDisplay::SubmitDisplayConfig: Active configuration changed to: 0
04-01 16:02:27.500  1413  1413 D MI-SF   : mIsSupportAutomodeForMaxFpsSetting is 0(0), getCurrentBrightness() = 764(328), mIsKeepAutoMode 0
04-01 16:02:27.500  1413  1413 D RefreshRateSelector: fixedMode_group: 0, isFindModeGroup 0
04-01 16:02:27.500  1413  1413 D RefreshRateSelector: find max refresh rate:120, mode Group:0
04-01 16:02:27.500  1254  1254 E vendor.qti.hardware.perf@2.2-service: Unknown params
04-01 16:02:27.502  1246  1496 I SDM     : HWDeviceDRM::UpdateMixerAttributes: Mixer WxH 1080x2400-0 for Peripheral
04-01 16:02:27.502  1246  1496 I SDM     : HWCDisplay::SubmitDisplayConfig: Active configuration changed to: 2
04-01 16:02:27.510  1413  1413 D MI-SF   : mIsSupportAutomodeForMaxFpsSetting is 0(0), getCurrentBrightness() = 764(328), mIsKeepAutoMode 0
04-01 16:02:27.510  1413  1413 D RefreshRateSelector: fixedMode_group: 0, isFindModeGroup 0
04-01 16:02:27.510  1413  1413 D RefreshRateSelector: find max refresh rate:120, mode Group:0
04-01 16:02:27.514  1931  2321 I DisplayDeviceRepository: Display device changed: DisplayDeviceInfo{"Integrierter Bildschirm": uniqueId="local:4630946480857061762", 1080 x 2400, modeId 3, renderFrameRate 60.000004, defaultModeId 1, supportedModes [{id=1, width=1080, height=2400, fps=120.00001, alternativeRefreshRates=[60.000004, 90.0], supportedHdrTypes=[1, 2, 3, 4]}, {id=2, width=1080, height=2400, fps=90.0, alternativeRefreshRates=[60.000004, 120.00001], supportedHdrTypes=[1, 2, 3, 4]}, {id=3, width=1080, height=2400, fps=60.000004, alternativeRefreshRates=[90.0, 120.00001], supportedHdrTypes=[1, 2, 3, 4]}], colorMode 0, supportedColorModes [0, 7, 9], hdrCapabilities HdrCapabilities{mSupportedHdrTypes=[1, 2, 3, 4], mMaxLuminance=420.0, mMaxAverageLuminance=210.1615, mMinLuminance=0.323}, allmSupported false, gameContentTypeSupported false, density 440, 394.705 x 394.563 dpi, appVsyncOff 1000000, presDeadline 16666666, cutout DisplayCutout{insets=Rect(0, 94 - 0, 0) waterfall=Insets{left=0, top=0, right=0, bottom=0} boundingRect={Bounds=[Rect(0, 0 - 0, 0), Rect(512, 0 - 568, 94), Rect(0, 0 - 0, 0), Rect(0, 0 - 0, 0)]} cutoutPathParserInfo={CutoutPathParserInfo{displayWidth=1080 displayHeight=2400 physicalDisplayWidth=1080 physicalDisplayHeight=2400 density={2.75} cutoutSpec={M 0,0 H -28 V 94 H 28 V 0 H 0 Z} rotation={0} scale={1.0} physicalPixelDisplaySizeRatio={1.0}}}}, touch INTERNAL, rotation 0, type INTERNAL, address {port=130, model=0x40446d49dd5499}, deviceProductInfo DeviceProductInfo{name=, manufacturerPnpId=QCM, productId=1, modelYear=null, manufactureDate=ManufactureDate{week=27, year=2006}, connectionToSinkType=0}, state ON, committedState ON, frameRateOverride , brightnessMinimum 0.0, brightnessMaximum 1.0, brightnessDefault 0.074743524, hdrSdrRatio NaN, roundedCorners RoundedCorners{[RoundedCorner{position=TopLeft, radius=70, center=Point(70, 70)}, RoundedCorner{position=TopRight, radius=70, center=Point(1010, 70)}, RoundedCorner{position=BottomRight, radius=70, center=Point(1010, 2330)}, RoundedCorner{position=BottomLeft, radius=70, center=Point(70, 2330)}]}, FLAG_ALLOWED_TO_BE_DEFAULT_DISPLAY, FLAG_ROTATES_WITH_CONTENT, FLAG_SECURE, FLAG_SUPPORTS_PROTECTED_BUFFERS, FLAG_TRUSTED, installOrientation 0, displayShape DisplayShape{ spec=-1893857183 displayWidth=1080 displayHeight=2400 physicalPixelDisplaySizeRatio=1.0 rotation=0 offsetX=0 offsetY=0 scale=1.0}}
04-01 16:02:27.519  1931  2321 D TAG     : Remove previously redundant display event 0/2 to 10171/15878
04-01 16:02:27.519  1931  2321 D TAG     : Remove previously redundant display event 0/2 to 10273/19191
04-01 16:02:27.524  1931  8587 D CompatibilityChangeReporter: Compat change id reported: 170503758; UID 10569; state: ENABLED
04-01 16:02:27.526  4073  4073 W Launcher: onDisplayChanged: newRotation=0, mCurrentRotation=0
04-01 16:02:27.527  4019  4019 V AutoDensityController: on display changed 0 context dpi:449 origin dpi:440 target dpi:449
04-01 16:02:27.528  4019  4019 D ControlCenterWindowViewController: on display changed 0
04-01 16:02:27.531  3991 19660 D NetworkSpeedTracker: onDisplayChanged mIsScreenOn=true
04-01 16:02:27.532  3991 19660 D NetworkSpeedTracker: onUpdateDeviceState eventType=4,mIsScreenOn=true,mIsMobileDataOn=false
04-01 16:02:27.532  3991 19660 D NetworkSpeedTracker: stopDataPoll
04-01 16:02:27.533  4969  5232 I BtGatt.ScanManager: msg.what = MSG_SCREEN_ON, msg.arg1 = None
04-01 16:02:27.644  4019  4019 D ArtChoreographerMonitor: invoke error.
04-01 16:02:28.239  1109  5528 I vendor.qti.bluetooth@1.0-ibs_handler: ProcessIbsCmd: Received IBS_WAKE_IND: 0xFD
04-01 16:02:28.239  1109  5528 D vendor.qti.bluetooth@1.0-ibs_handler: SerialClockVote: vote for UART CLK ON
04-01 16:02:28.240  1109  5528 D vendor.qti.bluetooth@1.0-wake_lock: Acquire wakelock is acquired 
04-01 16:02:28.240  1109  5528 I vendor.qti.bluetooth@1.0-ibs_handler: ProcessIbsCmd: Writing IBS_WAKE_ACK
04-01 16:02:28.242  4969  5531 I bt_stack: [INFO:btm_ble_gap.cc(3528)] btm_ble_process_adv_pkt_cont Data Complete 7f:23:b6:78:e3:70
04-01 16:02:28.243  4969  5531 I bt_stack: [INFO:btm_ble_gap.cc(3528)] btm_ble_process_adv_pkt_cont Data Complete 7f:23:b6:78:e3:70
04-01 16:02:28.243  4969  5531 D bt_btm_ble: bool parse_adv_audio_uuids_from_adv_pkt(const uint8_t *, size_t, uint8_t): tmap_cap_pts: false
04-01 16:02:28.244  4969  5244 D BluetoothRemoteDevices:  getMappingAddr null
04-01 16:02:28.244  4969  5244 D BluetoothAdapterService: getIdentityAddress null retruning 7F:23:B6:78:E3:70
04-01 16:02:28.248  4883 15229 I NearbyDiscovery: (REDACTED) BloomFilterAdvManager: Detected bloom filter but too far away, ignoring. %sm, %s
04-01 16:02:28.281  1109  5528 I vendor.qti.bluetooth@1.0-ibs_handler: ProcessIbsCmd: Received IBS_SLEEP_IND: 0xFE
04-01 16:02:28.281  1109  5528 D vendor.qti.bluetooth@1.0-ibs_handler: SerialClockVote: vote for UART CLK OFF
04-01 16:02:28.431  1109  5267 D vendor.qti.bluetooth@1.0-wake_lock: Release wakelock is released 
04-01 16:02:29.016  1899  1899 I wificond: station_bandwidth: P
04-01 16:02:29.642  1157  3401 I sensors-hal: handle_sns_std_sensor_event:57, light_event: ts=28019131970115, lux: 258.0, extra_info=20443 
04-01 16:02:29.979  1931  3244 I SmartPower: com.google.android.gms/10163(5288): background->idle(3002ms) R(service destroy com.google.android.gms/.chimera.GmsIntentOperationService) adj=600.
04-01 16:02:32.035  1899  1899 I wificond: station_bandwidth: P
04-01 16:02:32.876  1109  5528 I vendor.qti.bluetooth@1.0-ibs_handler: ProcessIbsCmd: Received IBS_WAKE_IND: 0xFD
04-01 16:02:32.876  1109  5528 D vendor.qti.bluetooth@1.0-ibs_handler: SerialClockVote: vote for UART CLK ON
04-01 16:02:32.876  1109  5528 D vendor.qti.bluetooth@1.0-wake_lock: Acquire wakelock is acquired 
04-01 16:02:32.877  1109  5528 I vendor.qti.bluetooth@1.0-ibs_handler: ProcessIbsCmd: Writing IBS_WAKE_ACK
04-01 16:02:32.878  4969  5531 I bt_stack: [INFO:btm_ble_gap.cc(3528)] btm_ble_process_adv_pkt_cont Data Complete 7f:23:b6:78:e3:70
04-01 16:02:32.879  4969  5531 I bt_stack: [INFO:btm_ble_gap.cc(3528)] btm_ble_process_adv_pkt_cont Data Complete 7f:23:b6:78:e3:70
04-01 16:02:32.879  4969  5531 D bt_btm_ble: bool parse_adv_audio_uuids_from_adv_pkt(const uint8_t *, size_t, uint8_t): tmap_cap_pts: false
04-01 16:02:32.880  4969  5244 D BluetoothRemoteDevices:  getMappingAddr null
04-01 16:02:32.880  4969  5244 D BluetoothAdapterService: getIdentityAddress null retruning 7F:23:B6:78:E3:70
04-01 16:02:32.884  4883 15229 I NearbyDiscovery: (REDACTED) BloomFilterAdvManager: Detected bloom filter but too far away, ignoring. %sm, %s
04-01 16:02:32.918  1109  5528 I vendor.qti.bluetooth@1.0-ibs_handler: ProcessIbsCmd: Received IBS_SLEEP_IND: 0xFE
04-01 16:02:32.918  1109  5528 D vendor.qti.bluetooth@1.0-ibs_handler: SerialClockVote: vote for UART CLK OFF
04-01 16:02:33.069  1109  5267 D vendor.qti.bluetooth@1.0-wake_lock: Release wakelock is released 
04-01 16:02:33.511 15909 17072 V U.Notification: Posting new notification, elapsed=16064
04-01 16:02:34.391  1931  4128 D SLM-SRV-SLAService: checktemp temperature = 29857 temperature_average = 29054 isPerformanceMode = false thermal_enable_slm = true
04-01 16:02:34.539  1413  2768 D MI-SF   : mIsSupportAutomodeForMaxFpsSetting is 0(0), getCurrentBrightness() = 764(328), mIsKeepAutoMode 0
04-01 16:02:34.539  1413  2768 D RefreshRateSelector: fixedMode_group: 0, isFindModeGroup 0
04-01 16:02:34.539  1413  2768 D RefreshRateSelector: find max refresh rate:120, mode Group:0
04-01 16:02:34.541  1254  1254 E vendor.qti.hardware.perf@2.2-service: Unknown params
04-01 16:02:34.546  1413  1413 D MI-SF   : mIsSupportAutomodeForMaxFpsSetting is 0(0), getCurrentBrightness() = 764(328), mIsKeepAutoMode 0
04-01 16:02:34.546  1413  1413 D RefreshRateSelector: fixedMode_group: 0, isFindModeGroup 0
04-01 16:02:34.546  1413  1413 D RefreshRateSelector: find max refresh rate:120, mode Group:0
04-01 16:02:34.547  1254  1254 E vendor.qti.hardware.perf@2.2-service: Unknown params
04-01 16:02:34.549  1246  1496 I SDM     : HWDeviceDRM::UpdateMixerAttributes: Mixer WxH 1080x2400-0 for Peripheral
04-01 16:02:34.549  1246  1496 I SDM     : HWCDisplay::SubmitDisplayConfig: Active configuration changed to: 0
04-01 16:02:34.577  1413  1413 D MI-SF   : mIsSupportAutomodeForMaxFpsSetting is 0(0), getCurrentBrightness() = 764(328), mIsKeepAutoMode 0
04-01 16:02:34.577  1413  1413 D RefreshRateSelector: fixedMode_group: 0, isFindModeGroup 0
04-01 16:02:34.577  1413  1413 D RefreshRateSelector: find max refresh rate:120, mode Group:0
04-01 16:02:34.577  1931  2321 I DisplayDeviceRepository: Display device changed: DisplayDeviceInfo{"Integrierter Bildschirm": uniqueId="local:4630946480857061762", 1080 x 2400, modeId 1, renderFrameRate 120.00001, defaultModeId 1, supportedModes [{id=1, width=1080, height=2400, fps=120.00001, alternativeRefreshRates=[60.000004, 90.0], supportedHdrTypes=[1, 2, 3, 4]}, {id=2, width=1080, height=2400, fps=90.0, alternativeRefreshRates=[60.000004, 120.00001], supportedHdrTypes=[1, 2, 3, 4]}, {id=3, width=1080, height=2400, fps=60.000004, alternativeRefreshRates=[90.0, 120.00001], supportedHdrTypes=[1, 2, 3, 4]}], colorMode 0, supportedColorModes [0, 7, 9], hdrCapabilities HdrCapabilities{mSupportedHdrTypes=[1, 2, 3, 4], mMaxLuminance=420.0, mMaxAverageLuminance=210.1615, mMinLuminance=0.323}, allmSupported false, gameContentTypeSupported false, density 440, 394.705 x 394.563 dpi, appVsyncOff 1000000, presDeadline 13333332, cutout DisplayCutout{insets=Rect(0, 94 - 0, 0) waterfall=Insets{left=0, top=0, right=0, bottom=0} boundingRect={Bounds=[Rect(0, 0 - 0, 0), Rect(512, 0 - 568, 94), Rect(0, 0 - 0, 0), Rect(0, 0 - 0, 0)]} cutoutPathParserInfo={CutoutPathParserInfo{displayWidth=1080 displayHeight=2400 physicalDisplayWidth=1080 physicalDisplayHeight=2400 density={2.75} cutoutSpec={M 0,0 H -28 V 94 H 28 V 0 H 0 Z} rotation={0} scale={1.0} physicalPixelDisplaySizeRatio={1.0}}}}, touch INTERNAL, rotation 0, type INTERNAL, address {port=130, model=0x40446d49dd5499}, deviceProductInfo DeviceProductInfo{name=, manufacturerPnpId=QCM, productId=1, modelYear=null, manufactureDate=ManufactureDate{week=27, year=2006}, connectionToSinkType=0}, state ON, committedState ON, frameRateOverride , brightnessMinimum 0.0, brightnessMaximum 1.0, brightnessDefault 0.074743524, hdrSdrRatio NaN, roundedCorners RoundedCorners{[RoundedCorner{position=TopLeft, radius=70, center=Point(70, 70)}, RoundedCorner{position=TopRight, radius=70, center=Point(1010, 70)}, RoundedCorner{position=BottomRight, radius=70, center=Point(1010, 2330)}, RoundedCorner{position=BottomLeft, radius=70, center=Point(70, 2330)}]}, FLAG_ALLOWED_TO_BE_DEFAULT_DISPLAY, FLAG_ROTATES_WITH_CONTENT, FLAG_SECURE, FLAG_SUPPORTS_PROTECTED_BUFFERS, FLAG_TRUSTED, installOrientation 0, displayShape DisplayShape{ spec=-1893857183 displayWidth=1080 displayHeight=2400 physicalPixelDisplaySizeRatio=1.0 rotation=0 offsetX=0 offsetY=0 scale=1.0}}
04-01 16:02:34.579  1931  2321 D TAG     : Remove previously redundant display event 0/2 to 10165/15827
04-01 16:02:34.579  1931  2321 D TAG     : Remove previously redundant display event 0/2 to 10171/15878
04-01 16:02:34.579  1931  2321 D TAG     : Remove previously redundant display event 0/2 to 10273/19191
04-01 16:02:34.583  3991 19660 D NetworkSpeedTracker: onDisplayChanged mIsScreenOn=true
04-01 16:02:34.583  3991 19660 D NetworkSpeedTracker: onUpdateDeviceState eventType=4,mIsScreenOn=true,mIsMobileDataOn=false
04-01 16:02:34.583  3991 19660 D NetworkSpeedTracker: stopDataPoll
04-01 16:02:34.583  4969  5232 I BtGatt.ScanManager: msg.what = MSG_SCREEN_ON, msg.arg1 = None
04-01 16:02:34.584  4019  4019 V AutoDensityController: on display changed 0 context dpi:449 origin dpi:440 target dpi:449
04-01 16:02:34.584  4019  4019 D ControlCenterWindowViewController: on display changed 0
04-01 16:02:34.587  4073  4073 W Launcher: onDisplayChanged: newRotation=0, mCurrentRotation=0
04-01 16:02:34.809  1109  5528 I vendor.qti.bluetooth@1.0-ibs_handler: ProcessIbsCmd: Received IBS_WAKE_IND: 0xFD
04-01 16:02:34.810  1109  5528 D vendor.qti.bluetooth@1.0-ibs_handler: SerialClockVote: vote for UART CLK ON
04-01 16:02:34.810  1109  5528 D vendor.qti.bluetooth@1.0-wake_lock: Acquire wakelock is acquired 
04-01 16:02:34.810  1109  5528 I vendor.qti.bluetooth@1.0-ibs_handler: ProcessIbsCmd: Writing IBS_WAKE_ACK
04-01 16:02:34.811  4969  5531 I bt_stack: [INFO:btm_ble_gap.cc(3528)] btm_ble_process_adv_pkt_cont Data Complete 46:61:fd:16:0c:22
04-01 16:02:34.812  4969  5531 I bt_stack: [INFO:btm_ble_gap.cc(3528)] btm_ble_process_adv_pkt_cont Data Complete 46:61:fd:16:0c:22
04-01 16:02:34.812  4969  5531 D bt_btm_ble: bool parse_adv_audio_uuids_from_adv_pkt(const uint8_t *, size_t, uint8_t): tmap_cap_pts: false
04-01 16:02:34.812  4969  5244 D BluetoothAdapterService: getIdentityAddress null retruning 46:61:FD:16:0C:22
04-01 16:02:34.816  4883 15229 I NearbyDiscovery: (REDACTED) BloomFilterAdvManager: Detected bloom filter but too far away, ignoring. %sm, %s
04-01 16:02:34.851  1109  5528 I vendor.qti.bluetooth@1.0-ibs_handler: ProcessIbsCmd: Received IBS_SLEEP_IND: 0xFE
04-01 16:02:34.851  1109  5528 D vendor.qti.bluetooth@1.0-ibs_handler: SerialClockVote: vote for UART CLK OFF
04-01 16:02:34.913 23046 23046 I Capacitor/Console: File:  - Line 349 - Msg: [object Object]
04-01 16:02:34.914 23046 23046 V Capacitor/Plugin: To native (Capacitor plugin): callbackId: 97311487, pluginId: ScreenTime, methodName: consumePendingNavigation
04-01 16:02:34.914 23046 23046 V Capacitor: callback: 97311487, pluginId: ScreenTime, methodName: consumePendingNavigation, methodData: {}
04-01 16:02:34.917 23046 23143 D BlearnScreenTime: consume_pending_navigation_empty
04-01 16:02:34.919  1254  1254 E vendor.qti.hardware.perf@2.2-service: Unknown params
04-01 16:02:34.921 23046 23046 I Capacitor/Console: File:  - Line 333 - Msg: undefined
04-01 16:02:35.001  1109  5267 D vendor.qti.bluetooth@1.0-wake_lock: Release wakelock is released 
04-01 16:02:35.053  1899  1899 I wificond: station_bandwidth: P
04-01 16:02:35.768  4883 23533 I AlarmManager: setExactAndAllowWhileIdle [name: GCM_HB_ALARM type: 2 triggerAtMillis: 28385259]
04-01 16:02:35.770  1931  4157 D ActivityManager: checkAllowBackground: uid=10163 pkg=com.google.android.gms rec=UidRecord{875802d u0a163 BFGS change:procadj procs:0 seq(301101,985)} caps=LCMNFU always=false idle=false
04-01 16:02:35.771  4883 23533 I AlarmManager: setExactAndAllowWhileIdle [name: GCM_HB_ALARM type: 2 triggerAtMillis: 28385262]
04-01 16:02:35.772  1931  8587 D ActivityManager: checkAllowBackground: uid=10163 pkg=com.google.android.gms rec=UidRecord{875802d u0a163 BFGS change:procadj procs:0 seq(301101,985)} caps=LCMNFU always=false idle=false
04-01 16:02:35.775  1931  8587 W ProcessStats: Tracking association SourceState{c7aa938 system/1000 BFgs #54964} whose proc state 4 is better than process ProcessState{9194d11 com.google.android.inputmethod.latin/10179 pkg=com.google.android.inputmethod.latin} proc state 6 (6 skipped)
04-01 16:02:36.455  1254  1254 E vendor.qti.hardware.perf@2.2-service: Unknown params
04-01 16:02:36.456  1254  1254 E vendor.qti.hardware.perf@2.2-service: Unknown params
04-01 16:02:36.461  1246  1496 I SDM     : HWDeviceDRM::UpdateMixerAttributes: Mixer WxH 1080x2400-0 for Peripheral
04-01 16:02:36.461  1246  1496 I SDM     : HWCDisplay::SubmitDisplayConfig: Active configuration changed to: 2
04-01 16:02:38.072  1899  1899 I wificond: station_bandwidth: P
04-01 16:02:38.587  1413  2768 D MI-SF   : mIsSupportAutomodeForMaxFpsSetting is 0(0), getCurrentBrightness() = 764(328), mIsKeepAutoMode 0
04-01 16:02:38.587  1413  2768 D RefreshRateSelector: fixedMode_group: 0, isFindModeGroup 0
04-01 16:02:38.587  1413  2768 D RefreshRateSelector: find max refresh rate:120, mode Group:0
04-01 16:02:38.588  1254  1254 E vendor.qti.hardware.perf@2.2-service: Unknown params
04-01 16:02:38.588  1254  1254 E vendor.qti.hardware.perf@2.2-service: Unknown params
04-01 16:02:38.594  1246  1496 I SDM     : HWDeviceDRM::UpdateMixerAttributes: Mixer WxH 1080x2400-0 for Peripheral
04-01 16:02:38.594  1246  1496 I SDM     : HWCDisplay::SubmitDisplayConfig: Active configuration changed to: 0
04-01 16:02:38.624  1413  1413 D MI-SF   : mIsSupportAutomodeForMaxFpsSetting is 0(0), getCurrentBrightness() = 764(328), mIsKeepAutoMode 0
04-01 16:02:38.625  1413  1413 D RefreshRateSelector: fixedMode_group: 0, isFindModeGroup 0
04-01 16:02:38.625  1413  1413 D RefreshRateSelector: find max refresh rate:120, mode Group:0
04-01 16:02:38.658  1413  1750 W EventThreadInspector: slow VSync-app on display(4630946480857061762) count=1, avg=35 ms, max=35 ms.
04-01 16:02:38.997  1254  1254 E vendor.qti.hardware.perf@2.2-service: Unknown params
04-01 16:02:40.441  1254  1254 E vendor.qti.hardware.perf@2.2-service: Unknown params
04-01 16:02:40.442  1254  1254 E vendor.qti.hardware.perf@2.2-service: Unknown params
04-01 16:02:40.445  1246  1496 I SDM     : HWDeviceDRM::UpdateMixerAttributes: Mixer WxH 1080x2400-0 for Peripheral
04-01 16:02:40.445  1246  1496 I SDM     : HWCDisplay::SubmitDisplayConfig: Active configuration changed to: 2
04-01 16:02:40.844  1109  5528 I vendor.qti.bluetooth@1.0-ibs_handler: ProcessIbsCmd: Received IBS_WAKE_IND: 0xFD
04-01 16:02:40.844  1109  5528 D vendor.qti.bluetooth@1.0-ibs_handler: SerialClockVote: vote for UART CLK ON
04-01 16:02:40.845  1109  5528 D vendor.qti.bluetooth@1.0-wake_lock: Acquire wakelock is acquired 
04-01 16:02:40.845  1109  5528 I vendor.qti.bluetooth@1.0-ibs_handler: ProcessIbsCmd: Writing IBS_WAKE_ACK
04-01 16:02:40.847  4969  5531 I bt_stack: [INFO:btm_ble_gap.cc(3528)] btm_ble_process_adv_pkt_cont Data Complete 46:61:fd:16:0c:22
04-01 16:02:40.887  1109  5528 I vendor.qti.bluetooth@1.0-ibs_handler: ProcessIbsCmd: Received IBS_SLEEP_IND: 0xFE
04-01 16:02:40.887  1109  5528 D vendor.qti.bluetooth@1.0-ibs_handler: SerialClockVote: vote for UART CLK OFF
04-01 16:02:41.037  1109  5267 D vendor.qti.bluetooth@1.0-wake_lock: Release wakelock is released 
04-01 16:02:41.089  1899  1899 I wificond: station_bandwidth: P
04-01 16:02:42.593 23046 23046 I Capacitor/Console: File:  - Line 349 - Msg: [object Object]
04-01 16:02:42.594 23046 23046 V Capacitor/Plugin: To native (Capacitor plugin): callbackId: 97311488, pluginId: ScreenTime, methodName: consumePendingNavigation
04-01 16:02:42.594 23046 23046 V Capacitor: callback: 97311488, pluginId: ScreenTime, methodName: consumePendingNavigation, methodData: {}
04-01 16:02:42.597 23046 23143 D BlearnScreenTime: consume_pending_navigation_empty
04-01 16:02:42.601  1413  2768 D MI-SF   : mIsSupportAutomodeForMaxFpsSetting is 0(0), getCurrentBrightness() = 764(328), mIsKeepAutoMode 0
04-01 16:02:42.601  1413  2768 D RefreshRateSelector: fixedMode_group: 0, isFindModeGroup 0
04-01 16:02:42.601  1413  2768 D RefreshRateSelector: find max refresh rate:120, mode Group:0
04-01 16:02:42.601  1254  1254 E vendor.qti.hardware.perf@2.2-service: Unknown params
04-01 16:02:42.602  1254  1254 E vendor.qti.hardware.perf@2.2-service: Unknown params
04-01 16:02:42.610  1246  1496 I SDM     : HWDeviceDRM::UpdateMixerAttributes: Mixer WxH 1080x2400-0 for Peripheral
04-01 16:02:42.610  1246  1496 I SDM     : HWCDisplay::SubmitDisplayConfig: Active configuration changed to: 0
04-01 16:02:42.642  1413  1413 D MI-SF   : mIsSupportAutomodeForMaxFpsSetting is 0(0), getCurrentBrightness() = 764(328), mIsKeepAutoMode 0
04-01 16:02:42.642  1413  1413 D RefreshRateSelector: fixedMode_group: 0, isFindModeGroup 0
04-01 16:02:42.642  1413  1413 D RefreshRateSelector: find max refresh rate:120, mode Group:0
04-01 16:02:42.973 23046 23046 I Capacitor/Console: File:  - Line 333 - Msg: undefined
04-01 16:02:42.987  1254  1254 E vendor.qti.hardware.perf@2.2-service: Unknown params
04-01 16:02:44.085  1109  5528 I vendor.qti.bluetooth@1.0-ibs_handler: ProcessIbsCmd: Received IBS_WAKE_IND: 0xFD
04-01 16:02:44.085  1109  5528 D vendor.qti.bluetooth@1.0-ibs_handler: SerialClockVote: vote for UART CLK ON
04-01 16:02:44.086  1109  5528 D vendor.qti.bluetooth@1.0-wake_lock: Acquire wakelock is acquired 
04-01 16:02:44.086  1109  5528 I vendor.qti.bluetooth@1.0-ibs_handler: ProcessIbsCmd: Writing IBS_WAKE_ACK
04-01 16:02:44.088  4969  5531 I bt_stack: [INFO:btm_ble_gap.cc(3528)] btm_ble_process_adv_pkt_cont Data Complete 46:61:fd:16:0c:22
04-01 16:02:44.088  4969  5531 I bt_stack: [INFO:btm_ble_gap.cc(3528)] btm_ble_process_adv_pkt_cont Data Complete 46:61:fd:16:0c:22
04-01 16:02:44.088  4969  5531 D bt_btm_ble: bool parse_adv_audio_uuids_from_adv_pkt(const uint8_t *, size_t, uint8_t): tmap_cap_pts: false
04-01 16:02:44.089  4969  5244 D BluetoothAdapterService: getIdentityAddress null retruning 46:61:FD:16:0C:22
04-01 16:02:44.092  4883 15229 I NearbyDiscovery: (REDACTED) BloomFilterAdvManager: Detected bloom filter but too far away, ignoring. %sm, %s
04-01 16:02:44.108  1899  1899 I wificond: station_bandwidth: P
04-01 16:02:44.112  4019  4019 D ArtChoreographerMonitor: invoke error.
04-01 16:02:44.125  1254  1254 E vendor.qti.hardware.perf@2.2-service: Unknown params
04-01 16:02:44.127  1109  5528 I vendor.qti.bluetooth@1.0-ibs_handler: ProcessIbsCmd: Received IBS_SLEEP_IND: 0xFE
04-01 16:02:44.127  1109  5528 D vendor.qti.bluetooth@1.0-ibs_handler: SerialClockVote: vote for UART CLK OFF
04-01 16:02:44.269  1931  2916 D MiuiNetworkPolicy: updateLimit mLimitEnabled=true,enabled=false,mNetworkPriorityMode=255,mThermalForceMode=0
04-01 16:02:44.270  1931  2916 I MiuiNetworkPolicy: getDisableLimitTimeout when thermal mode is:0
04-01 16:02:44.277  1109  5267 D vendor.qti.bluetooth@1.0-wake_lock: Release wakelock is released 
04-01 16:02:44.281  4019  4019 D ArtChoreographerMonitor: invoke error.
04-01 16:02:44.400  1931  4128 D SLM-SRV-SLAService: checktemp temperature = 30000 temperature_average = 29343 isPerformanceMode = false thermal_enable_slm = true
04-01 16:02:44.442  1254  1254 E vendor.qti.hardware.perf@2.2-service: Unknown params
04-01 16:02:44.444  1254  1254 E vendor.qti.hardware.perf@2.2-service: Unknown params
04-01 16:02:44.447  1246  1496 I SDM     : HWDeviceDRM::UpdateMixerAttributes: Mixer WxH 1080x2400-0 for Peripheral
04-01 16:02:44.447  1246  1496 I SDM     : HWCDisplay::SubmitDisplayConfig: Active configuration changed to: 2
04-01 16:02:46.583  1413  2768 D MI-SF   : mIsSupportAutomodeForMaxFpsSetting is 0(0), getCurrentBrightness() = 764(328), mIsKeepAutoMode 0
04-01 16:02:46.583  1413  2768 D RefreshRateSelector: fixedMode_group: 0, isFindModeGroup 0
04-01 16:02:46.583  1413  2768 D RefreshRateSelector: find max refresh rate:120, mode Group:0
04-01 16:02:46.583  1254  1254 E vendor.qti.hardware.perf@2.2-service: Unknown params
04-01 16:02:46.584  1254  1254 E vendor.qti.hardware.perf@2.2-service: Unknown params
04-01 16:02:46.594  1246  1496 I SDM     : HWDeviceDRM::UpdateMixerAttributes: Mixer WxH 1080x2400-0 for Peripheral
04-01 16:02:46.594  1246  1496 I SDM     : HWCDisplay::SubmitDisplayConfig: Active configuration changed to: 0
04-01 16:02:46.623  1413  1413 D MI-SF   : mIsSupportAutomodeForMaxFpsSetting is 0(0), getCurrentBrightness() = 764(328), mIsKeepAutoMode 0
04-01 16:02:46.623  1413  1413 D RefreshRateSelector: fixedMode_group: 0, isFindModeGroup 0
04-01 16:02:46.623  1413  1413 D RefreshRateSelector: find max refresh rate:120, mode Group:0
04-01 16:02:46.967  1254  1254 E vendor.qti.hardware.perf@2.2-service: Unknown params
04-01 16:02:47.122  1899  1899 I wificond: station_bandwidth: P
04-01 16:02:47.128  4019  4019 D ArtChoreographerMonitor: invoke error.
04-01 16:02:47.299  4019  4019 D ArtChoreographerMonitor: invoke error.
04-01 16:02:48.428  1254  1254 E vendor.qti.hardware.perf@2.2-service: Unknown params
04-01 16:02:48.430  1254  1254 E vendor.qti.hardware.perf@2.2-service: Unknown params
04-01 16:02:48.431  1246  1496 I SDM     : HWDeviceDRM::UpdateMixerAttributes: Mixer WxH 1080x2400-0 for Peripheral
04-01 16:02:48.432  1246  1496 I SDM     : HWCDisplay::SubmitDisplayConfig: Active configuration changed to: 2
04-01 16:02:48.663  1109  5528 I vendor.qti.bluetooth@1.0-ibs_handler: ProcessIbsCmd: Received IBS_WAKE_IND: 0xFD
04-01 16:02:48.663  1109  5528 D vendor.qti.bluetooth@1.0-ibs_handler: SerialClockVote: vote for UART CLK ON
04-01 16:02:48.664  1109  5528 D vendor.qti.bluetooth@1.0-wake_lock: Acquire wakelock is acquired 
04-01 16:02:48.664  1109  5528 I vendor.qti.bluetooth@1.0-ibs_handler: ProcessIbsCmd: Writing IBS_WAKE_ACK
04-01 16:02:48.665  4969  5531 I bt_stack: [INFO:btm_ble_gap.cc(3528)] btm_ble_process_adv_pkt_cont Data Complete 7f:23:b6:78:e3:70
04-01 16:02:48.704  1109  5528 I vendor.qti.bluetooth@1.0-ibs_handler: ProcessIbsCmd: Received IBS_SLEEP_IND: 0xFE
04-01 16:02:48.705  1109  5528 D vendor.qti.bluetooth@1.0-ibs_handler: SerialClockVote: vote for UART CLK OFF
04-01 16:02:48.792  1931  4085 I NetworkBoostStatusManager: handle: 107
04-01 16:02:48.798  3991  5645 E PhoneAdapter: get ntnphones failed, exception: java.lang.IllegalStateException: Default phones haven't been made yet!
04-01 16:02:48.800  1931  4085 D SLM-SRV-SLAService: isModemSingnalStrengthStatus = 0
04-01 16:02:48.855  1109  5267 D vendor.qti.bluetooth@1.0-wake_lock: Release wakelock is released 
04-01 16:02:49.213  1931  2861 W ActivityManagerServiceImpl: Sending non-protected broadcast miui.intent.action.CYCLE_CHECK from system uid 1000 pkg android. Callers=com.android.server.am.ActivityManagerService.checkBroadcastFromSystem:15246 com.android.server.am.ActivityManagerService.broadcastIntentLockedTraced:16076 com.android.server.am.ActivityManagerService.broadcastIntentLocked:15304 com.android.server.am.ActivityManagerService.broadcastIntentInPackage:16309 com.android.server.am.ActivityManagerService$LocalService.broadcastIntentInPackage:19055 
04-01 16:02:49.213  1931  2861 D AlarmManager: mBroadcastRefCount -> 1
04-01 16:02:49.221  1931  2365 W ProcessStats: Tracking association SourceState{4d7bf2a com.xiaomi.mi_connect_service/1000 Fgs #54965} whose proc state 3 is better than process ProcessState{9245394 com.miui.analytics/10094 pkg=com.miui.analytics} proc state 5 (0 skipped)
04-01 16:02:49.222  1931  2014 D ActivityManager: checkAllowBackground: uid=1000 pkg=android rec=UidRecord{32d667d 1000 PER  fgServices allowlist change:procadj procs:0 seq(301222,297765)} caps=LCMNFU always=false idle=false
04-01 16:02:49.225  1931  1931 D AlarmManager: mBroadcastRefCount -> 0
04-01 16:02:49.225  1931  1931 D AlarmManager: mPendingIntent -> PendingIntent{3224d42: PendingIntentRecord{c313153 android broadcastIntent}}
04-01 16:02:49.227  1931  2014 I android_os_HwBinder: HwBinder: Starting thread pool for getting: vendor.xiaomi.hardware.micharge@1.0::IMiCharge/default
04-01 16:02:49.231  1285  1296 I vendor.xiaomi.hardware.micharge@1.0-service: ReadFilePathValue path = /sys/class/power_supply/battery/temp value = 280
04-01 16:02:49.233  1931  2014 I android_os_HwBinder: HwBinder: Starting thread pool for getting: vendor.xiaomi.hardware.micharge@1.0::IMiCharge/default
04-01 16:02:49.234  1285  1296 I vendor.xiaomi.hardware.micharge@1.0-service: ReadFilePathValue path = /sys/class/power_supply/battery/charge_control_limit value = 0
04-01 16:02:49.274  1931  2916 D MiuiNetworkPolicy: updateLimit mLimitEnabled=false,enabled=true,mNetworkPriorityMode=255,mThermalForceMode=0
