04-01 16:05:53.214  5908 24573 D PickerSyncLockManager: Trying to acquire lock com.android.providers.media.photopicker.sync.CloseableReentrantLock@50cc0f6[Unlocked]. Lock Name = CLOUD_PROVIDER_LOCK. Threads that may be waiting to acquire this lock = [] with timeout.
04-01 16:05:53.214  5908 24573 D CloseableReentrantLock: Successfully acquired lock com.android.providers.media.photopicker.sync.CloseableReentrantLock@50cc0f6[Locked by thread pool-2-thread-60]. Lock Name = CLOUD_PROVIDER_LOCK. Threads that may be waiting to acquire this lock = []
04-01 16:05:53.214  5908 24573 D PickerSyncController: Clearing next page token for key: local_provider:media_add:resume
04-01 16:05:53.214  5908 24573 D CloseableReentrantLock: Successfully released lock com.android.providers.media.photopicker.sync.CloseableReentrantLock@50cc0f6[Unlocked]. Lock Name = CLOUD_PROVIDER_LOCK. Threads that may be waiting to acquire this lock = []
04-01 16:05:53.214  5908 24573 D PickerNotificationSender: Sending a notification for media update
04-01 16:05:53.215  5908 24573 D PickerNotificationSender: Sending a notification for merged album media update Favorites
04-01 16:05:53.215  5908 24573 D PickerNotificationSender: Sending a notification for album media update Favorites
04-01 16:05:53.216  5908 24573 D PickerNotificationSender: Sending a notification for merged album media update Videos
04-01 16:05:53.216  5908 24573 D PickerNotificationSender: Sending a notification for album media update Videos
04-01 16:05:53.216  5908 24573 I PickerSyncController: Paged sync successful. QueryArgs: Bundle[{android.provider.extra.PAGE_TOKEN=1775052351000|1000084425, android.provider.extra.SYNC_GENERATION=531388, android.provider.extra.PAGE_SIZE=1000}] Total Rows: 1
04-01 16:05:53.216  5908 24573 I PickerSyncController: Executing SyncRemove. isLocal: true. authority: com.android.providers.media.photopicker
04-01 16:05:53.216  5908 24573 D PickerSyncLockManager: Trying to acquire lock com.android.providers.media.photopicker.sync.CloseableReentrantLock@50cc0f6[Unlocked]. Lock Name = CLOUD_PROVIDER_LOCK. Threads that may be waiting to acquire this lock = [] with timeout.
04-01 16:05:53.216  5908 24573 D CloseableReentrantLock: Successfully acquired lock com.android.providers.media.photopicker.sync.CloseableReentrantLock@50cc0f6[Locked by thread pool-2-thread-60]. Lock Name = CLOUD_PROVIDER_LOCK. Threads that may be waiting to acquire this lock = []
04-01 16:05:53.216  5908 24573 D CloseableReentrantLock: Successfully released lock com.android.providers.media.photopicker.sync.CloseableReentrantLock@50cc0f6[Unlocked]. Lock Name = CLOUD_PROVIDER_LOCK. Threads that may be waiting to acquire this lock = []
04-01 16:05:53.218  5908 24573 D PickerSyncLockManager: Trying to acquire lock com.android.providers.media.photopicker.sync.CloseableReentrantLock@50cc0f6[Unlocked]. Lock Name = CLOUD_PROVIDER_LOCK. Threads that may be waiting to acquire this lock = [] with timeout.
04-01 16:05:53.218  5908 24573 D CloseableReentrantLock: Successfully acquired lock com.android.providers.media.photopicker.sync.CloseableReentrantLock@50cc0f6[Locked by thread pool-2-thread-60]. Lock Name = CLOUD_PROVIDER_LOCK. Threads that may be waiting to acquire this lock = []
04-01 16:05:53.218  5908 24573 D PickerSyncController: Clearing next page token for key: local_provider:media_remove:resume
04-01 16:05:53.218  5908 24573 D CloseableReentrantLock: Successfully released lock com.android.providers.media.photopicker.sync.CloseableReentrantLock@50cc0f6[Unlocked]. Lock Name = CLOUD_PROVIDER_LOCK. Threads that may be waiting to acquire this lock = []
04-01 16:05:53.218  5908 24573 D PickerNotificationSender: Sending a notification for media update
04-01 16:05:53.218  5908 24573 D PickerNotificationSender: Sending a notification for merged album media update Favorites
04-01 16:05:53.218  5908 24573 D PickerNotificationSender: Sending a notification for album media update Favorites
04-01 16:05:53.219  5908 24573 D PickerNotificationSender: Sending a notification for merged album media update Videos
04-01 16:05:53.219  5908 24573 D PickerNotificationSender: Sending a notification for album media update Videos
04-01 16:05:53.219  5908 24573 I PickerSyncController: Paged sync successful. QueryArgs: Bundle[{android.provider.extra.PAGE_TOKEN=1775052351000|1000084425, android.provider.extra.SYNC_GENERATION=531388, android.provider.extra.PAGE_SIZE=1000}] Total Rows: 0
04-01 16:05:53.220  5908 24573 I PickerSyncTracker: Marked sync future complete for work id: f30dd9cb-97ac-4c23-9552-0f39982d6ff6. Future map: {}
04-01 16:05:53.220  5908 24573 I PSyncWorker: Completed picker proactive sync complete from local provider.
04-01 16:05:53.221  5908  6079 I WM-WorkerWrapper: Worker result SUCCESS for Work [ id=f30dd9cb-97ac-4c23-9552-0f39982d6ff6, tags={ com.android.providers.media.photopicker.sync.ProactiveSyncWorker } ]
04-01 16:05:53.224  5908  5908 D WM-Processor: Processor f30dd9cb-97ac-4c23-9552-0f39982d6ff6 executed; reschedule = false
04-01 16:05:53.224  5908  5908 D WM-GreedyScheduler: Stopping tracking for WorkGenerationalId(workSpecId=f30dd9cb-97ac-4c23-9552-0f39982d6ff6, generation=0)
04-01 16:05:53.227  1931  6074 D ActivityManager: checkAllowBackground: uid=1000 pkg=android rec=UidRecord{32d667d 1000 PER  fgServices allowlist change:procadj procs:0 seq(304433,302903)} caps=LCMNFU always=false idle=false
04-01 16:05:53.228  1931  2844 D ActivityManager: checkAllowBackground: uid=10165 pkg=com.android.vending rec=UidRecord{3aa56b2 u0a165 CEM  bg:+6s331ms change:procadj procs:0 seq(304329,163212)} caps=------ always=false idle=false
04-01 16:05:53.228  5908  6079 D WM-GreedyScheduler: Cancelling work ID f30dd9cb-97ac-4c23-9552-0f39982d6ff6
04-01 16:05:53.229  5908  6079 D WM-GreedyScheduler: Ignoring {WorkSpec: 32d8ab03-23d9-40ba-b7b8-55fbb9b873b7}. Requires device idle.
04-01 16:05:53.229  5908  6079 D WM-BrdcstRcvrCnstrntTrc: BatteryNotLowTracker: unregistering receiver
04-01 16:05:53.235  1931  2844 I SmartPower: com.android.vending/10165(15827): idle->background(20342ms) R(service create com.android.vending/com.google.android.finsky.scheduler.process.mainimpl.PhoneskyJobServiceMain) adj=0.
04-01 16:05:53.236  1931  2916 I MiuiNetworkPolicy: updateUidState uid = 10165, uidState = 8
04-01 16:05:53.238  1931  2844 I whetstone.activity: Power Event callback listener is empty for resId=256
04-01 16:05:53.238  1931  2844 D BatteryStatsManagerStub: notifyEvent for resId=256 used 0ms
04-01 16:05:53.245 15827 15827 I Finsky  : [2] SCH: job service start with id 9104.
04-01 16:05:53.263 15827 24178 I Finsky  : [407] SCH: Satisfied jobs for 9104 are: 12-1
04-01 16:05:53.264 15827 24574 I Finsky  : [410] SCH: Job 12-1 starting
04-01 16:05:53.265 15827 15827 I Finsky  : [2] WM::SCH: Logging work start for 12-1
04-01 16:05:53.273 15827 15827 I Finsky  : [2] [ContentSync] job started
04-01 16:05:53.414  5288  5288 D BoundBrokerSvc: onUnbind: Intent { act=com.google.android.gms.chromesync.service.zeroparty.START dat=chimera-action:/... cmp=com.google.android.gms/.chimera.GmsApiService }
04-01 16:05:53.666 15827 15827 W Finsky  : [2] STU: Failed to get storage stats for package 'com.google.mainline.primary.libs' (1601: Error getting stats: android.content.pm.PackageManager.NameNotFoundException)
04-01 16:05:53.690 15827 15827 W Finsky  : [2] STU: Failed to get storage stats for package 'com.android.wifi' (1601: Error getting stats: android.content.pm.PackageManager.NameNotFoundException)
04-01 16:05:53.792  1413  2768 D MI-SF   : mIsSupportAutomodeForMaxFpsSetting is 0(0), getCurrentBrightness() = 604(328), mIsKeepAutoMode 0
04-01 16:05:53.792  1413  2768 D RefreshRateSelector: fixedMode_group: 0, isFindModeGroup 0
04-01 16:05:53.792  1413  2768 D RefreshRateSelector: find max refresh rate:120, mode Group:0
04-01 16:05:53.792  1254  1254 E vendor.qti.hardware.perf@2.2-service: Unknown params
04-01 16:05:53.793  1254  1254 E vendor.qti.hardware.perf@2.2-service: Unknown params
04-01 16:05:53.803  1413  1413 D MI-SF   : mIsSupportAutomodeForMaxFpsSetting is 0(0), getCurrentBrightness() = 604(328), mIsKeepAutoMode 0
04-01 16:05:53.803  1413  1413 D RefreshRateSelector: fixedMode_group: 0, isFindModeGroup 0
04-01 16:05:53.803  1413  1413 D RefreshRateSelector: find max refresh rate:120, mode Group:0
04-01 16:05:53.803  1254  1254 E vendor.qti.hardware.perf@2.2-service: Unknown params
04-01 16:05:53.837 15827 15827 W Finsky  : [2] STU: Failed to get storage stats for package 'com.google.android.devicelock' (1601: Error getting stats: android.content.pm.PackageManager.NameNotFoundException)
04-01 16:05:53.900 15827 15827 W Finsky  : [2] STU: Failed to get storage stats for package 'com.android.apex.cts.shim' (1601: Error getting stats: android.content.pm.PackageManager.NameNotFoundException)
04-01 16:05:53.973 15827 15827 W Finsky  : [2] STU: Failed to get storage stats for package 'com.google.android.appsearch' (1601: Error getting stats: android.content.pm.PackageManager.NameNotFoundException)
04-01 16:05:53.990 15827 15827 W Finsky  : [2] STU: Failed to get storage stats for package 'com.google.android.art' (1601: Error getting stats: android.content.pm.PackageManager.NameNotFoundException)
04-01 16:05:54.073 15827 15827 W Finsky  : [2] STU: Failed to get storage stats for package 'com.google.android.mediaprovider' (1601: Error getting stats: android.content.pm.PackageManager.NameNotFoundException)
04-01 16:05:54.103 15827 15827 W Finsky  : [2] STU: Failed to get storage stats for package 'com.android.virt' (1601: Error getting stats: android.content.pm.PackageManager.NameNotFoundException)
04-01 16:05:54.104 15827 15827 W Finsky  : [2] STU: Failed to get storage stats for package 'com.google.android.resolv' (1601: Error getting stats: android.content.pm.PackageManager.NameNotFoundException)
04-01 16:05:54.137 15827 15827 W Finsky  : [2] STU: Failed to get storage stats for package 'com.google.android.configinfrastructure' (1601: Error getting stats: android.content.pm.PackageManager.NameNotFoundException)
04-01 16:05:54.137 15827 15827 W Finsky  : [2] STU: Failed to get storage stats for package 'com.google.android.media' (1601: Error getting stats: android.content.pm.PackageManager.NameNotFoundException)
04-01 16:05:54.192  1254  1254 E vendor.qti.hardware.perf@2.2-service: Unknown params
04-01 16:05:54.216 15827 15827 W Finsky  : [2] STU: Failed to get storage stats for package 'com.android.vndk.v31' (1601: Error getting stats: android.content.pm.PackageManager.NameNotFoundException)
04-01 16:05:54.217 15827 15827 W Finsky  : [2] STU: Failed to get storage stats for package 'com.android.vndk.v30' (1601: Error getting stats: android.content.pm.PackageManager.NameNotFoundException)
04-01 16:05:54.218 15827 15827 W Finsky  : [2] STU: Failed to get storage stats for package 'com.android.vndk.v33' (1601: Error getting stats: android.content.pm.PackageManager.NameNotFoundException)
04-01 16:05:54.218 15827 15827 W Finsky  : [2] STU: Failed to get storage stats for package 'com.android.vndk.v32' (1601: Error getting stats: android.content.pm.PackageManager.NameNotFoundException)
04-01 16:05:54.220 15827 15827 W Finsky  : [2] STU: Failed to get storage stats for package 'com.android.vndk.v34' (1601: Error getting stats: android.content.pm.PackageManager.NameNotFoundException)
04-01 16:05:54.312 15827 15827 W Finsky  : [2] STU: Failed to get storage stats for package 'com.google.android.sdkext' (1601: Error getting stats: android.content.pm.PackageManager.NameNotFoundException)
04-01 16:05:54.327 15827 15827 W Finsky  : [2] STU: Failed to get storage stats for package 'com.google.android.adservices' (1601: Error getting stats: android.content.pm.PackageManager.NameNotFoundException)
04-01 16:05:54.328 15827 15827 W Finsky  : [2] STU: Failed to get storage stats for package 'com.google.android.tethering' (1601: Error getting stats: android.content.pm.PackageManager.NameNotFoundException)
04-01 16:05:54.397 15827 15827 W Finsky  : [2] STU: Failed to get storage stats for package 'com.android.runtime' (1601: Error getting stats: android.content.pm.PackageManager.NameNotFoundException)
04-01 16:05:54.434 15827 15827 W Finsky  : [2] STU: Failed to get storage stats for package 'com.google.android.cellbroadcast' (1601: Error getting stats: android.content.pm.PackageManager.NameNotFoundException)
04-01 16:05:54.435  1899  1899 I wificond: station_bandwidth: 
04-01 16:05:54.438 15991 15991 W JobService: onNetworkChanged() not implemented in androidx.work.impl.background.systemjob.SystemJobService. Must override in a subclass.
04-01 16:05:54.439 15827 15827 W JobService: onNetworkChanged() not implemented in com.google.android.finsky.scheduler.process.mainimpl.PhoneskyJobServiceMain. Must override in a subclass.
04-01 16:05:54.440  1931  4085 I NetworkBoostStatusManager: handle: 102
04-01 16:05:54.440  1931  4085 I NetworkBoostStatusManager: interfaceOnCapabilitiesChanged interface name:wlan0
04-01 16:05:54.440  1931  4085 I NetworkBoostStatusManager: handle: 104
04-01 16:05:54.440  1931  4085 I NetworkBoostStatusManager: SmartDNS onAvailable WIFI master.
04-01 16:05:54.442  1931  4085 I NetworkBoostStatusManager: SmartDNS push DnsReslover a relationship, netid 109 name "Flybox-82C9"
04-01 16:05:54.442  1931  4085 W System.err: java.lang.NoSuchMethodException: android.net.ConnectivityManager.setResloverInterfaceIdAndNetid [int, class java.lang.String]
04-01 16:05:54.442  1931  4085 W System.err: 	at java.lang.Class.getMethod(Class.java:2934)
04-01 16:05:54.442  1931  4085 W System.err: 	at java.lang.Class.getDeclaredMethod(Class.java:2913)
04-01 16:05:54.442  1931  4085 W System.err: 	at com.xiaomi.NetworkBoost.StatusManager.setResloverInterfaceIdAndNetid(StatusManager.java:1651)
04-01 16:05:54.442  1931  4085 W System.err: 	at com.xiaomi.NetworkBoost.StatusManager.setSmartDNSInterface(StatusManager.java:1616)
04-01 16:05:54.442  1931  4085 W System.err: 	at com.xiaomi.NetworkBoost.StatusManager.-$$Nest$msetSmartDNSInterface(Unknown Source:0)
04-01 16:05:54.442  1931  4085 W System.err: 	at com.xiaomi.NetworkBoost.StatusManager$InternalHandler.handleMessage(StatusManager.java:591)
04-01 16:05:54.442  1931  4085 W System.err: 	at android.os.Handler.dispatchMessage(Handler.java:106)
04-01 16:05:54.442  1931  4085 W System.err: 	at android.os.Looper.loopOnce(Looper.java:222)
04-01 16:05:54.442  1931  4085 W System.err: 	at android.os.Looper.loop(Looper.java:314)
04-01 16:05:54.442  1931  4085 W System.err: 	at android.os.HandlerThread.run(HandlerThread.java:67)
04-01 16:05:54.444  6976  8121 I NetBusNetworkMonitor: onCapabilitiesChanged isPrimary = true
04-01 16:05:54.446  6976  8121 I NetBusNetworkMonitor: gateway=192.*.*.1
04-01 16:05:54.446  9449  9710 W Settings: Setting device_provisioned has moved from android.provider.Settings.Secure to android.provider.Settings.Global.
04-01 16:05:54.446  9449  9710 I JoyoseCloudControlManager3: network metered changed, network metered: false, deviceProvisioned: true, scAllowConn: true, try to setNetworkAccessEnabled: true
04-01 16:05:54.454 18449 18499 I BugleRcsEngine: handleMessage processing message:[NOTIFY_UPTIME_IGNORE_STATE_CHANGED] with [non-null]:RcsEngineImpl reference [CONTEXT log_prefix="RcsEngineImpl[DUAL_REG]:[3cf2e2d2-8d57]>Handler" thread_id=98 ]
04-01 16:05:54.454 18449 18499 I BugleRcsEngine: Cannot use CS.apk as it's battery optimized [CONTEXT thread_id=98 ]
04-01 16:05:54.454 18449 18488 I BugleRcsEngine: Connected state: [1], networkType: [WIFI] [CONTEXT thread_id=90 ]
04-01 16:05:54.455  1931  6074 I ClipboardServiceI: checkProviderWakePathForClipboard: primaryClip is null
04-01 16:05:54.455  1931  6074 I SmartPower: com.google.android.apps.messaging/10167(18300): idle->background(9048ms) R(content provider start ContentProviderRecord{73b4454 u0 com.google.android.apps.messaging/.shared.datamodel.provider.sharedstorage.SharedStorageProvider}) adj=200.
04-01 16:05:54.457  6976  8121 I NetBusNetworkMonitor: addConnectNetworkInterface mediumType:256, detail:NetworkDetailInfo{mIsConnected=false, mIsSupportTdls=true, mNetworkType=0, mIpAddress=192.*.*.140, mIfName=wlan0, mGateway=192.*.*.1, mNetmask=255.*.*.0, mSsid=F**C9}
04-01 16:05:54.457  6976  8121 I NetBusNetworkMonitor: onCapabilitiesChanged handle=471557132301, mediumType=256, ifName=wlan0
04-01 16:05:54.459 18449 18499 I BugleRcsEngine: Rcs is enabled from user settings: true [CONTEXT log_prefix="ProvisioningEngineDataRetriever" thread_id=98 ]
04-01 16:05:54.561  1931  4128 D SLM-SRV-SLAService: checktemp temperature = 29516 temperature_average = 28902 isPerformanceMode = false thermal_enable_slm = true
04-01 16:05:54.600  1931  2001 D HighMemoryManager: Java Memory used=106M max=512M. is system: true
04-01 16:05:54.600  1931  2001 V HighMemoryManager: Check mem usage finished! Next check delay: 0
04-01 16:05:54.690 15827 15827 W Finsky  : [2] STU: Failed to get storage stats for package 'com.google.android.tzdata5' (1601: Error getting stats: android.content.pm.PackageManager.NameNotFoundException)
04-01 16:05:54.732 15827 15827 W Finsky  : [2] STU: Failed to get storage stats for package 'com.google.android.permission' (1601: Error getting stats: android.content.pm.PackageManager.NameNotFoundException)
04-01 16:05:54.950  4883 12603 I NearbySharing: Network state changed: NetworkState(isRestricted=false, isOnline=true, isCongested=false, isMetered=false, isWifiConnected=true)
04-01 16:05:55.125 24350 24350 I Capacitor/Console: File:  - Line 349 - Msg: [object Object]
04-01 16:05:55.126 24350 24350 V Capacitor/Plugin: To native (Capacitor plugin): callbackId: 24298683, pluginId: ScreenTime, methodName: consumePendingNavigation
04-01 16:05:55.126 24350 24350 V Capacitor: callback: 24298683, pluginId: ScreenTime, methodName: consumePendingNavigation, methodData: {}
04-01 16:05:55.127 24350 24431 D BlearnScreenTime: consume_pending_navigation_empty
04-01 16:05:55.130 24350 24350 I Capacitor/Console: File:  - Line 333 - Msg: undefined
04-01 16:05:55.144  1254  1254 E vendor.qti.hardware.perf@2.2-service: Unknown params
04-01 16:05:55.188   708 24488 I keystore2: system/security/keystore2/src/watchdog.rs:319 - Watchdog thread idle -> terminating. Have a great day.
04-01 16:05:55.235  1413  1413 D MI-SF   : mIsSupportAutomodeForMaxFpsSetting is 0(0), getCurrentBrightness() = 604(328), mIsKeepAutoMode 0
04-01 16:05:55.235  1413  1413 D RefreshRateSelector: fixedMode_group: 0, isFindModeGroup 0
04-01 16:05:55.235  1413  1413 D RefreshRateSelector: find max refresh rate:120, mode Group:0
04-01 16:05:55.236  1254  1254 E vendor.qti.hardware.perf@2.2-service: Unknown params
04-01 16:05:55.237  1246  1496 I SDM     : HWDeviceDRM::UpdateMixerAttributes: Mixer WxH 1080x2400-0 for Peripheral
04-01 16:05:55.237  1246  1496 I SDM     : HWCDisplay::SubmitDisplayConfig: Active configuration changed to: 0
04-01 16:05:55.250 24350 24350 E Capacitor/Console: File: https://localhost/assets/firebase-shared-u_kSYnvb.js - Line 225 - Msg: [2026-04-01T14:05:55.249Z]  @firebase/firestore: Firestore (12.10.0): FirebaseError: [code=resource-exhausted]: Write stream exhausted maximum allowed queued writes.
04-01 16:05:55.250 24350 24350 E Capacitor/Console: File: https://localhost/assets/firebase-shared-u_kSYnvb.js - Line 225 - Msg: [2026-04-01T14:05:55.249Z]  @firebase/firestore: Firestore (12.10.0): Using maximum backoff delay to prevent overloading the backend.
04-01 16:05:55.267  1413  1413 D MI-SF   : mIsSupportAutomodeForMaxFpsSetting is 0(0), getCurrentBrightness() = 604(328), mIsKeepAutoMode 0
04-01 16:05:55.267  1413  1413 D RefreshRateSelector: fixedMode_group: 0, isFindModeGroup 0
04-01 16:05:55.268  1413  1413 D RefreshRateSelector: find max refresh rate:120, mode Group:0
04-01 16:05:55.285  1931  3244 I SmartPower: com.google.android.apps.photos/10191(21547): background->idle(3000ms) R(service unbind com.google.android.apps.photos/com.google.android.libraries.social.async.BackgroundTaskJobService) adj=905.
04-01 16:05:55.383  1931  2861 I SmartPower: com.google.android.gms.unstable/10163(12211): idle->background(8109ms) R(alarm start) adj=800.
04-01 16:05:55.383  1931  2861 I SmartPower: com.google.process.gservices/10163(6474): idle->background(8108ms) R(alarm start) adj=935.
04-01 16:05:55.383  1931  2861 I SmartPower: com.google.android.gms:snet/10163(23091): idle->background(8109ms) R(alarm start) adj=800.
04-01 16:05:55.384  1931  2861 I SmartPower: com.google.process.gapps/10163(20652): idle->background(8109ms) R(alarm start) adj=945.
04-01 16:05:55.386  1931  2861 D AlarmManager: mBroadcastRefCount -> 1
04-01 16:05:55.388  1931  2861 I whetstone.activity: Power Event callback listener is empty for resId=128
04-01 16:05:55.388  1931  2861 D BatteryStatsManagerStub: notifyEvent for resId=128 used 0ms
04-01 16:05:55.396  1931  1931 D AlarmManager: mBroadcastRefCount -> 0
04-01 16:05:55.397  1931  1931 D AlarmManager: mPendingIntent -> PendingIntent{64f4e3c: PendingIntentRecord{157d6ec com.google.android.gms/com.google.android.gms.location_base broadcastIntent}}
04-01 16:05:55.402  1157  1157 I sensors-hal: flush:271, android.sensor.accelerometer/11
04-01 16:05:55.402  1157  1157 I sensors-hal: send_sync_sensor_request:364, send sync request
04-01 16:05:55.402  1157  1157 I sensors-hal: send_sync_sensor_request:390, wait for notification of response
04-01 16:05:55.402  1157 19828 I sensors-hal: ssc_conn_resp_cb:689, resp_value = 0
04-01 16:05:55.403  1157  1157 I sensors-hal: send_sync_sensor_request:396, takes 0 ms to receive the response with 0
04-01 16:05:55.403  1157  1157 I sensors-hal: flush:277, android.sensor.accelerometer/11 completed
04-01 16:05:56.099  1109  5528 I vendor.qti.bluetooth@1.0-ibs_handler: ProcessIbsCmd: Received IBS_WAKE_IND: 0xFD
04-01 16:05:56.100  1109  5528 D vendor.qti.bluetooth@1.0-ibs_handler: SerialClockVote: vote for UART CLK ON
04-01 16:05:56.100  1109  5528 D vendor.qti.bluetooth@1.0-wake_lock: Acquire wakelock is acquired 
04-01 16:05:56.101  1109  5528 I vendor.qti.bluetooth@1.0-ibs_handler: ProcessIbsCmd: Writing IBS_WAKE_ACK
04-01 16:05:56.103  4969  5531 I bt_stack: [INFO:btm_ble_gap.cc(3528)] btm_ble_process_adv_pkt_cont Data Complete 46:61:fd:16:0c:22
04-01 16:05:56.104  4969  5531 I bt_stack: [INFO:btm_ble_gap.cc(3528)] btm_ble_process_adv_pkt_cont Data Complete 46:61:fd:16:0c:22
04-01 16:05:56.104  4969  5531 D bt_btm_ble: bool parse_adv_audio_uuids_from_adv_pkt(const uint8_t *, size_t, uint8_t): tmap_cap_pts: false
04-01 16:05:56.106  4969  5244 D BluetoothAdapterService: getIdentityAddress null retruning 46:61:FD:16:0C:22
04-01 16:05:56.113  4883 15229 I NearbyDiscovery: (REDACTED) BloomFilterAdvManager: Detected bloom filter but too far away, ignoring. %sm, %s
04-01 16:05:56.142  1109  5528 I vendor.qti.bluetooth@1.0-ibs_handler: ProcessIbsCmd: Received IBS_SLEEP_IND: 0xFE
04-01 16:05:56.142  1109  5528 D vendor.qti.bluetooth@1.0-ibs_handler: SerialClockVote: vote for UART CLK OFF
04-01 16:05:56.156 24350 24350 W Capacitor/Console: File: https://localhost/assets/firebaseLearningSyncService-Dk7xqnaE.js - Line 2 - Msg: Skipping oversized learning cloud mutation document (42466767 bytes); relying on snapshot reload instead.
04-01 16:05:56.237  1931  3244 I SmartPower: com.android.vending/10165(15827): background->idle(3002ms) R(service create com.android.vending/com.google.android.finsky.scheduler.process.mainimpl.PhoneskyJobServiceMain) adj=250.
04-01 16:05:56.292  1109  5267 D vendor.qti.bluetooth@1.0-wake_lock: Release wakelock is released 
04-01 16:05:56.343 15827 15827 W Finsky  : [2] STU: Failed to get storage stats for package 'com.google.android.media.swcodec' (1601: Error getting stats: android.content.pm.PackageManager.NameNotFoundException)
04-01 16:05:56.378  1254  1254 E vendor.qti.hardware.perf@2.2-service: Unknown params
04-01 16:05:56.680 15827 15827 W Finsky  : [2] STU: Failed to get storage stats for package 'com.google.android.adbd' (1601: Error getting stats: android.content.pm.PackageManager.NameNotFoundException)
04-01 16:05:56.741 15827 15827 W Finsky  : [2] STU: Failed to get storage stats for package 'com.android.i18n' (1601: Error getting stats: android.content.pm.PackageManager.NameNotFoundException)
04-01 16:05:56.766 15827 15827 W Finsky  : [2] STU: Failed to get storage stats for package 'com.google.android.conscrypt' (1601: Error getting stats: android.content.pm.PackageManager.NameNotFoundException)
04-01 16:05:56.877 15827 15827 W Finsky  : [2] STU: Failed to get storage stats for package 'com.google.android.neuralnetworks' (1601: Error getting stats: android.content.pm.PackageManager.NameNotFoundException)
04-01 16:05:56.906 15827 15827 W Finsky  : [2] STU: Failed to get storage stats for package 'com.google.android.ipsec' (1601: Error getting stats: android.content.pm.PackageManager.NameNotFoundException)
04-01 16:05:56.935 15827 15827 W Finsky  : [2] STU: Failed to get storage stats for package 'com.google.android.ondevicepersonalization' (1601: Error getting stats: android.content.pm.PackageManager.NameNotFoundException)
04-01 16:05:56.959 15827 15827 W Finsky  : [2] STU: Failed to get storage stats for package 'com.google.android.healthfitness' (1601: Error getting stats: android.content.pm.PackageManager.NameNotFoundException)
04-01 16:05:57.060 15827 15827 W Finsky  : [2] STU: Failed to get storage stats for package 'com.android.uwb' (1601: Error getting stats: android.content.pm.PackageManager.NameNotFoundException)
04-01 16:05:57.061 15827 15827 W Finsky  : [2] STU: Failed to get storage stats for package 'com.google.android.extservices' (1601: Error getting stats: android.content.pm.PackageManager.NameNotFoundException)
04-01 16:05:57.218 15827 15827 W Finsky  : [2] STU: Failed to get storage stats for package 'com.google.android.os.statsd' (1601: Error getting stats: android.content.pm.PackageManager.NameNotFoundException)
04-01 16:05:57.268 15827 15827 W Finsky  : [2] STU: Failed to get storage stats for package 'com.android.rkpd' (1601: Error getting stats: android.content.pm.PackageManager.NameNotFoundException)
04-01 16:05:57.295 15827 15827 W Finsky  : [2] STU: Failed to get storage stats for package 'com.google.android.scheduling' (1601: Error getting stats: android.content.pm.PackageManager.NameNotFoundException)
04-01 16:05:57.329 15827 15827 I Finsky  : [2] App states replicator found 68 unowned apps
04-01 16:05:57.360 15827 15974 I Finsky  : [77] Completed 0 account content syncs with 0 successful.
04-01 16:05:57.361 15827 15827 I Finsky  : [2] [ContentSync] Installation state replication succeeded.
04-01 16:05:57.361 15827 15827 I Finsky  : [2] SCH: jobFinished: 12-1. TimeElapsed: 4097ms.
04-01 16:05:57.364 15827 15827 I Finsky  : [2] WM::SCH: Logging work end for 12-1
04-01 16:05:57.386 15827 15974 I Finsky  : [77] SCH: Scheduling phonesky job Id: 1-1337, CT: 1775024249551, Constraints: [{ L: 28229179, D: 71429179, C: CHARGING_NONE, I: IDLE_NONE, N: NET_ANY, B: BATTERY_ANY }]
04-01 16:05:57.386 15827 15974 I Finsky  : [77] SCH: Scheduling phonesky job Id: 34-4987, CT: 1774966454472, Constraints: [{ L: 604800000, D: 2479729291, C: CHARGING_NONE, I: IDLE_NONE, N: NET_ANY, B: BATTERY_ANY }]
04-01 16:05:57.386 15827 15974 I Finsky  : [77] SCH: Scheduling phonesky job Id: 34-4991, CT: 1774966454472, Constraints: [{ L: 604800000, D: 2560691473, C: CHARGING_NONE, I: IDLE_NONE, N: NET_ANY, B: BATTERY_ANY }]
04-01 16:05:57.386 15827 15974 I Finsky  : [77] SCH: Scheduling phonesky job Id: 34-4994, CT: 1775024251179, Constraints: [{ L: 79199466, D: 1375199466, C: CHARGING_NONE, I: IDLE_NONE, N: NET_ANY, B: BATTERY_ANY }]
04-01 16:05:57.386 15827 15974 I Finsky  : [77] SCH: Scheduling phonesky job Id: 34-4995, CT: 1775024255488, Constraints: [{ L: 604800000, D: 2591998952, C: CHARGING_NONE, I: IDLE_NONE, N: NET_ANY, B: BATTERY_ANY }]
04-01 16:05:57.390 15827 15960 I Finsky  : [76] SCH: Scheduling 1 system job(s)
04-01 16:05:57.390 15827 15960 I Finsky  : [76] SCH: Scheduling system job Id: 9111, L: 121340, D: 43321340, C: false, I: false, N: 1
04-01 16:05:57.392  1931  6013 D ActivityManager: checkAllowBackground: uid=10165 pkg=com.android.vending rec=UidRecord{3aa56b2 u0a165 TRNB bg:+10s495ms change:procadj procs:0 seq(304448,163212)} caps=------ always=false idle=false
04-01 16:05:57.396 15827 24574 I Finsky  : [410] SCH: job service finished with id 9104.
04-01 16:05:57.397  1931  6013 I whetstone.activity: Power Event callback listener is empty for resId=256
04-01 16:05:57.397  1931  6013 D BatteryStatsManagerStub: notifyEvent for resId=256 used 0ms
04-01 16:05:57.401  1931  2916 I MiuiNetworkPolicy: updateUidState uid = 10165, uidState = 10
04-01 16:05:57.411  1931  2916 I MiuiNetworkPolicy: updateUidState uid = 10165, uidState = 19
04-01 16:05:57.444  1899  1899 I wificond: station_bandwidth: 
04-01 16:05:57.457  1931  3244 I SmartPower: com.google.android.apps.messaging/10167(18300): background->idle(3001ms) R(content provider start ContentProviderRecord{73b4454 u0 com.google.android.apps.messaging/.shared.datamodel.provider.sharedstorage.SharedStorageProvider}) adj=200.
04-01 16:05:57.980  1254  1254 E vendor.qti.hardware.perf@2.2-service: Unknown params
04-01 16:05:57.982  1254  1254 E vendor.qti.hardware.perf@2.2-service: Unknown params
04-01 16:05:57.985  1246  1496 I SDM     : HWDeviceDRM::UpdateMixerAttributes: Mixer WxH 1080x2400-0 for Peripheral
04-01 16:05:57.986  1246  1496 I SDM     : HWCDisplay::SubmitDisplayConfig: Active configuration changed to: 2
04-01 16:05:58.385  1931  3244 I SmartPower: com.google.android.gms.unstable/10163(12211): background->idle(3002ms) R(alarm start) adj=800.
04-01 16:05:58.385  1931  3244 I SmartPower: com.google.process.gservices/10163(6474): background->idle(3003ms) R(alarm start) adj=935.
04-01 16:05:58.385  1931  3244 I SmartPower: com.google.android.gms:snet/10163(23091): background->idle(3002ms) R(alarm start) adj=800.
04-01 16:05:58.385  1931  3244 I SmartPower: com.google.process.gapps/10163(20652): background->idle(3002ms) R(alarm start) adj=945.
04-01 16:05:58.799  1157  1157 I sensors-hal: batch:242, android.sensor.accelerometer/11, period=16666000, max_latency=0
04-01 16:05:58.799  1157  1157 I sensors-hal: set_config:63, sample_period_ns is adjusted to 16666000 based on min/max delay_ns
04-01 16:05:58.799  1157  1157 I sensors-hal: batch:251, android.sensor.accelerometer/11, period=16666000, max_latency=0 request completed
04-01 16:05:58.810  4883  4883 D BoundBrokerSvc: onRebind: Intent { act=com.google.android.gms.common.telemetry.service.START dat=chimera-action:/... cmp=com.google.android.gms/.chimera.PersistentApiService }
04-01 16:05:58.815  5288  5288 D BoundBrokerSvc: onUnbind: Intent { act=com.google.android.gms.safetynet.service.START pkg=com.google.android.gms }
04-01 16:05:58.816  5288  5288 D BoundBrokerSvc: onUnbind: Intent { act=com.google.android.gms.safebrowsing.SafeBrowsingService.START dat=chimera-action:/... cmp=com.google.android.gms/.chimera.GmsBoundBrokerService }
04-01 16:05:58.823  1931  2916 I MiuiNetworkPolicy: updateUidState uid = 10381, uidState = 5
04-01 16:05:58.823  1931  2916 I MiuiNetworkPolicy: updateUidState uid = 10163, uidState = 5
04-01 16:05:58.824  4969  5232 I BtGatt.ScanManager: msg.what = MSG_IMPORTANCE_CHANGE, msg.arg1 = IMPORTANCE_CHANGE
04-01 16:05:58.836  1931  6013 W AppOps  : Noting op not finished: uid 10163 pkg com.google.android.gms code 113 startTime of in progress event=1775051865426
04-01 16:05:58.841  1931  6013 D ActivityManager: checkAllowBackground: uid=10163 pkg=com.google.android.gms rec=UidRecord{875802d u0a163 BFGS change:procstate procs:0 seq(304469,985)} caps=LCMNFU always=false idle=false
04-01 16:05:58.843  1931  6013 W AppOps  : Noting op not finished: uid 10163 pkg com.google.android.gms code 113 startTime of in progress event=1775051865426
04-01 16:05:58.846  1931  6013 W AppOps  : Noting op not finished: uid 10163 pkg com.google.android.gms code 113 startTime of in progress event=1775051865426
04-01 16:05:58.848  1931  6013 D ActivityManager: checkAllowBackground: uid=10163 pkg=com.google.android.gms rec=UidRecord{875802d u0a163 BFGS change:procadj procs:0 seq(304471,985)} caps=LCMNFU always=false idle=false
04-01 16:05:58.851  1157  1157 I sensors-hal: batch:242, android.sensor.accelerometer/11, period=16666000, max_latency=0
04-01 16:05:58.851  1157  1157 I sensors-hal: set_config:63, sample_period_ns is adjusted to 16666000 based on min/max delay_ns
04-01 16:05:58.851  1157  1157 I sensors-hal: batch:251, android.sensor.accelerometer/11, period=16666000, max_latency=0 request completed
04-01 16:05:58.852  1931  6074 D ActivityManager: checkAllowBackground: uid=10163 pkg=com.google.android.gms rec=UidRecord{875802d u0a163 BFGS change:procadj procs:0 seq(304473,985)} caps=LCMNFU always=false idle=false
04-01 16:05:58.878  4019  4666 D NetworkController.MobileSignalController(1): notifyListeners: mFeatureRelayData=false
04-01 16:05:58.880  4019  4019 D NetworkController.MobileSignalController(1): notifyListeners: mFeatureRelayData=false
04-01 16:05:58.910  4019  4019 D NetworkController.MobileSignalController(1): notifyListeners: mFeatureRelayData=false
04-01 16:05:58.914  4019  4019 D Tile.MiuiCellularTile: setDefaultSim: 0
04-01 16:05:58.914  4019  4019 D Tile.MiuiCellularTile: setDefaultSim: modify default sim id to 0, because single sim.
04-01 16:05:58.914  4019  4019 D Tile.MiuiCellularTile: data usage callback null
04-01 16:05:58.915  4019  4019 D NetworkController.MobileSignalController(1): notifyListeners: mFeatureRelayData=false
04-01 16:05:58.944  4019  4666 D Tile.MiuiCellularTile: handleUpdateState: MULTI_SIM = true, mSimInfoRecordList.size() = 1, mShowDataUsage = false
04-01 16:05:58.946  4019  4666 D Tile.MiuiCellularTile: handleUpdateState: MULTI_SIM = true, mSimInfoRecordList.size() = 1, mShowDataUsage = false
04-01 16:05:58.955  4019  4666 D Tile.MiuiCellularTile: handleUpdateState: MULTI_SIM = true, mSimInfoRecordList.size() = 1, mShowDataUsage = false
04-01 16:05:58.961  4019  4666 D Tile.MiuiCellularTile: handleUpdateState: MULTI_SIM = true, mSimInfoRecordList.size() = 1, mShowDataUsage = false
04-01 16:05:58.963  4019  4666 D Tile.MiuiCellularTile: handleUpdateState: MULTI_SIM = true, mSimInfoRecordList.size() = 1, mShowDataUsage = false
04-01 16:05:58.963  4019  4666 D LocalBluetoothAdapter: isSupportBluetoothRestrict = 0
04-01 16:05:58.966  4019  4666 D Tile.MiuiCellularTile: handleUpdateState: MULTI_SIM = true, mSimInfoRecordList.size() = 1, mShowDataUsage = false
04-01 16:05:58.966  4019  4666 D LocalBluetoothAdapter: isSupportBluetoothRestrict = 0
04-01 16:05:59.366  1109  5528 I vendor.qti.bluetooth@1.0-ibs_handler: ProcessIbsCmd: Received IBS_WAKE_IND: 0xFD
04-01 16:05:59.366  1109  5528 D vendor.qti.bluetooth@1.0-ibs_handler: SerialClockVote: vote for UART CLK ON
04-01 16:05:59.366  1109  5528 D vendor.qti.bluetooth@1.0-wake_lock: Acquire wakelock is acquired 
04-01 16:05:59.367  1109  5528 I vendor.qti.bluetooth@1.0-ibs_handler: ProcessIbsCmd: Writing IBS_WAKE_ACK
04-01 16:05:59.369  4969  5531 I bt_stack: [INFO:btm_ble_gap.cc(3528)] btm_ble_process_adv_pkt_cont Data Complete 46:61:fd:16:0c:22
04-01 16:05:59.369  4969  5531 I bt_stack: [INFO:btm_ble_gap.cc(3528)] btm_ble_process_adv_pkt_cont Data Complete 46:61:fd:16:0c:22
04-01 16:05:59.369  4969  5531 D bt_btm_ble: bool parse_adv_audio_uuids_from_adv_pkt(const uint8_t *, size_t, uint8_t): tmap_cap_pts: false
04-01 16:05:59.370  4969  5244 D BluetoothAdapterService: getIdentityAddress null retruning 46:61:FD:16:0C:22
04-01 16:05:59.374  4883 15229 I NearbyDiscovery: (REDACTED) BloomFilterAdvManager: Detected bloom filter but too far away, ignoring. %sm, %s
04-01 16:05:59.408  1109  5528 I vendor.qti.bluetooth@1.0-ibs_handler: ProcessIbsCmd: Received IBS_SLEEP_IND: 0xFE
04-01 16:05:59.408  1109  5528 D vendor.qti.bluetooth@1.0-ibs_handler: SerialClockVote: vote for UART CLK OFF
04-01 16:05:59.559  1109  5267 D vendor.qti.bluetooth@1.0-wake_lock: Release wakelock is released 
04-01 16:06:00.001  1931  2861 D ActivityManager: checkAllowBackground: uid=1000 pkg=android rec=UidRecord{32d667d 1000 PER  fgServices allowlist change:procadj procs:0 seq(304433,302903)} caps=LCMNFU always=false idle=false
04-01 16:06:00.002  1931  2861 D AlarmManager: mBroadcastRefCount -> 1
04-01 16:06:00.004  4019  4019 D MiuiClockController: fixed clock timezone, clockTimezone is null mCurrentTimezone is Europe/Paris
04-01 16:06:00.004  1931  1931 D AlarmManager: mBroadcastRefCount -> 0
04-01 16:06:00.004  4019  4019 I MiuiDualClock: update local timeZone:Europe/Paris
04-01 16:06:00.004  1931  1931 D AlarmManager: mPendingIntent -> null
04-01 16:06:00.004  4019  4019 D MiuiDualClock: miui dual clock time update: 16:06
04-01 16:06:00.013  4019  4019 D MiuiDualClock: miui dual clock time update: 16:06
04-01 16:06:00.013  4019  4019 D MiuiClockController: Listener updateTime
04-01 16:06:00.013  4019  4019 D MiuiDualClock: miui dual clock time update: 16:06
04-01 16:06:00.014  4019  4019 D MiuiDualClock: miui dual clock time update: 16:06
04-01 16:06:00.014  4019  4019 E AnimationHelper: updateTime mToAod:false mHasNotification: true, mClockType: dual
04-01 16:06:00.016  1931  6074 I ClipboardServiceI: checkProviderWakePathForClipboard: primaryClip is null
04-01 16:06:00.017  4019  4019 D ArtChoreographerMonitor: invoke error.
04-01 16:06:00.021  4019 13505 I MiuiDualClock: get city name: Paris, from: content://com.android.settings.provider.MiuiSettingsDataProvider/zone_info
04-01 16:06:00.046  4019  4019 D MiuiDualClock: miui dual clock time update: 16:06
04-01 16:06:00.046  4019  4019 D MiuiDualClock: miui dual clock time update: 16:06
04-01 16:06:00.066  1254  1254 E vendor.qti.hardware.perf@2.2-service: Unknown params
04-01 16:06:00.167  1931  6074 W ProcessStats: Tracking association SourceState{c7aa938 system/1000 BFgs #55449} whose proc state 4 is better than process ProcessState{9194d11 com.google.android.inputmethod.latin/10179 pkg=com.google.android.inputmethod.latin} proc state 6 (177 skipped)
04-01 16:06:00.231  4019  4019 D ArtChoreographerMonitor: invoke error.
04-01 16:06:00.462  1899  1899 I wificond: station_bandwidth: 
04-01 16:06:00.476  3945  5257 D QCNEJ/WlanStaInfoRelay: Received action: android.net.wifi.RSSI_CHANGED
04-01 16:06:00.477 15991 15991 W JobService: onNetworkChanged() not implemented in androidx.work.impl.background.systemjob.SystemJobService. Must override in a subclass.
04-01 16:06:00.478  1931  4085 I NetworkBoostStatusManager: handle: 102
04-01 16:06:00.478  1931  4085 I NetworkBoostStatusManager: interfaceOnCapabilitiesChanged interface name:wlan0
04-01 16:06:00.479  1931  4085 I NetworkBoostStatusManager: handle: 104
04-01 16:06:00.479  1931  4085 I NetworkBoostStatusManager: SmartDNS onAvailable WIFI master.
04-01 16:06:00.480  4019  4019 D ArtChoreographerMonitor: invoke error.
04-01 16:06:00.480  1931  4085 I NetworkBoostStatusManager: SmartDNS push DnsReslover a relationship, netid 109 name "Flybox-82C9"
04-01 16:06:00.481  1931  4085 W System.err: java.lang.NoSuchMethodException: android.net.ConnectivityManager.setResloverInterfaceIdAndNetid [int, class java.lang.String]
04-01 16:06:00.481  1931  4085 W System.err: 	at java.lang.Class.getMethod(Class.java:2934)
04-01 16:06:00.481  1931  4085 W System.err: 	at java.lang.Class.getDeclaredMethod(Class.java:2913)
04-01 16:06:00.481  1931  4085 W System.err: 	at com.xiaomi.NetworkBoost.StatusManager.setResloverInterfaceIdAndNetid(StatusManager.java:1651)
04-01 16:06:00.481  1931  4085 W System.err: 	at com.xiaomi.NetworkBoost.StatusManager.setSmartDNSInterface(StatusManager.java:1616)
04-01 16:06:00.481  1931  4085 W System.err: 	at com.xiaomi.NetworkBoost.StatusManager.-$$Nest$msetSmartDNSInterface(Unknown Source:0)
04-01 16:06:00.481  1931  4085 W System.err: 	at com.xiaomi.NetworkBoost.StatusManager$InternalHandler.handleMessage(StatusManager.java:591)
04-01 16:06:00.481  1931  4085 W System.err: 	at android.os.Handler.dispatchMessage(Handler.java:106)
04-01 16:06:00.481  1931  4085 W System.err: 	at android.os.Looper.loopOnce(Looper.java:222)
04-01 16:06:00.481  1931  4085 W System.err: 	at android.os.Looper.loop(Looper.java:314)
04-01 16:06:00.481  1931  4085 W System.err: 	at android.os.HandlerThread.run(HandlerThread.java:67)
04-01 16:06:00.484  6976  8121 I NetBusNetworkMonitor: onCapabilitiesChanged isPrimary = true
04-01 16:06:00.485  6976  8121 I NetBusNetworkMonitor: gateway=192.*.*.1
04-01 16:06:00.486  9449  9710 W Settings: Setting device_provisioned has moved from android.provider.Settings.Secure to android.provider.Settings.Global.
04-01 16:06:00.486  9449  9710 I JoyoseCloudControlManager3: network metered changed, network metered: false, deviceProvisioned: true, scAllowConn: true, try to setNetworkAccessEnabled: true
04-01 16:06:00.491  6976  8121 I NetBusNetworkMonitor: addConnectNetworkInterface mediumType:256, detail:NetworkDetailInfo{mIsConnected=false, mIsSupportTdls=true, mNetworkType=0, mIpAddress=192.*.*.140, mIfName=wlan0, mGateway=192.*.*.1, mNetmask=255.*.*.0, mSsid=F**C9}
04-01 16:06:00.491  6976  8121 I NetBusNetworkMonitor: onCapabilitiesChanged handle=471557132301, mediumType=256, ifName=wlan0
04-01 16:06:00.493 18449 18499 I BugleRcsEngine: handleMessage processing message:[NOTIFY_UPTIME_IGNORE_STATE_CHANGED] with [non-null]:RcsEngineImpl reference [CONTEXT log_prefix="RcsEngineImpl[DUAL_REG]:[3cf2e2d2-8d57]>Handler" thread_id=98 ]
04-01 16:06:00.493 18449 18488 I BugleRcsEngine: Connected state: [1], networkType: [WIFI] [CONTEXT thread_id=90 ]
04-01 16:06:00.494 18449 18499 I BugleRcsEngine: Cannot use CS.apk as it's battery optimized [CONTEXT thread_id=98 ]
04-01 16:06:00.495  1931  6074 I ClipboardServiceI: checkProviderWakePathForClipboard: primaryClip is null
04-01 16:06:00.495  1931  6074 I SmartPower: com.google.android.apps.messaging/10167(18300): idle->background(3039ms) R(content provider start ContentProviderRecord{73b4454 u0 com.google.android.apps.messaging/.shared.datamodel.provider.sharedstorage.SharedStorageProvider}) adj=200.
04-01 16:06:00.497  1254  1254 E vendor.qti.hardware.perf@2.2-service: Unknown params
04-01 16:06:00.501 18449 18499 I BugleRcsEngine: Rcs is enabled from user settings: true [CONTEXT log_prefix="ProvisioningEngineDataRetriever" thread_id=98 ]
04-01 16:06:00.649  4019  4019 D ArtChoreographerMonitor: invoke error.
04-01 16:06:00.785  1931  2916 D MiuiNetworkPolicy: updateLimit mLimitEnabled=true,enabled=false,mNetworkPriorityMode=255,mThermalForceMode=0
04-01 16:06:00.786  1931  2916 I MiuiNetworkPolicy: getDisableLimitTimeout when thermal mode is:0
04-01 16:06:00.990  4883 12603 I NearbySharing: Network state changed: NetworkState(isRestricted=false, isOnline=true, isCongested=false, isMetered=false, isWifiConnected=true)
04-01 16:06:01.628  1931  2844 D ActivityManager: checkAllowBackground: uid=10191 pkg=com.google.android.apps.photos rec=UidRecord{12c5108 u0a191 CEM  bg:+1h54m21s875ms idle change:procadj procs:0 seq(304445,201477)} caps=------ always=false idle=true
04-01 16:06:01.629  1931  2844 D ActivityManager: checkAllowBackground: uid=10191 pkg=com.google.android.apps.photos rec=UidRecord{12c5108 u0a191 CEM  bg:+1h54m21s876ms idle change:procadj procs:0 seq(304445,201477)} caps=------ always=false idle=true
04-01 16:06:02.070  4883  4883 D BoundBrokerSvc: onUnbind: Intent { act=com.google.android.gms.libs.gmscorelogger.service.START dat=chimera-action:/... cmp=com.google.android.gms/.chimera.PersistentDirectBootAwareApiService }
04-01 16:06:02.518 15909 17072 V U.Notification: Posting new notification, elapsed=16071
04-01 16:06:03.221  1931  2844 D ActivityManager: checkAllowBackground: uid=10327 pkg=com.google.android.apps.nbu.files rec=UidRecord{301ac0f u0a327 CEM  idle change:procadj procs:0 seq(304302,286828)} caps=------ always=false idle=true
04-01 16:06:03.489  1899  1899 I wificond: station_bandwidth: 
04-01 16:06:03.496  1931  3244 I SmartPower: com.google.android.apps.messaging/10167(18300): background->idle(3000ms) R(content provider start ContentProviderRecord{73b4454 u0 com.google.android.apps.messaging/.shared.datamodel.provider.sharedstorage.SharedStorageProvider}) adj=200.
04-01 16:06:03.498  1931  4085 I NetworkBoostStatusManager: handle: 102
04-01 16:06:03.498  1931  4085 I NetworkBoostStatusManager: interfaceOnCapabilitiesChanged interface name:wlan0
04-01 16:06:03.498  1931  4085 I NetworkBoostStatusManager: handle: 104
04-01 16:06:03.498  1931  4085 I NetworkBoostStatusManager: SmartDNS onAvailable WIFI master.
04-01 16:06:03.499  4019  4019 D ArtChoreographerMonitor: invoke error.
04-01 16:06:03.499  6976  8121 I NetBusNetworkMonitor: onCapabilitiesChanged isPrimary = true
04-01 16:06:03.499  9449  9710 W Settings: Setting device_provisioned has moved from android.provider.Settings.Secure to android.provider.Settings.Global.
04-01 16:06:03.499  9449  9710 I JoyoseCloudControlManager3: network metered changed, network metered: false, deviceProvisioned: true, scAllowConn: true, try to setNetworkAccessEnabled: true
04-01 16:06:03.500  3945  5257 D QCNEJ/WlanStaInfoRelay: Received action: android.net.wifi.RSSI_CHANGED
04-01 16:06:03.500 15991 15991 W JobService: onNetworkChanged() not implemented in androidx.work.impl.background.systemjob.SystemJobService. Must override in a subclass.
04-01 16:06:03.505 18449 18488 I BugleRcsEngine: Connected state: [1], networkType: [WIFI] [CONTEXT thread_id=90 ]
04-01 16:06:03.505 18449 18499 I BugleRcsEngine: handleMessage processing message:[NOTIFY_UPTIME_IGNORE_STATE_CHANGED] with [non-null]:RcsEngineImpl reference [CONTEXT log_prefix="RcsEngineImpl[DUAL_REG]:[3cf2e2d2-8d57]>Handler" thread_id=98 ]
04-01 16:06:03.505 18449 18499 I BugleRcsEngine: Cannot use CS.apk as it's battery optimized [CONTEXT thread_id=98 ]
04-01 16:06:03.506  1931  6466 I ClipboardServiceI: checkProviderWakePathForClipboard: primaryClip is null
04-01 16:06:03.509 18449 18499 I BugleRcsEngine: Rcs is enabled from user settings: true [CONTEXT log_prefix="ProvisioningEngineDataRetriever" thread_id=98 ]
04-01 16:06:03.510  1931  4085 I NetworkBoostStatusManager: SmartDNS push DnsReslover a relationship, netid 109 name "Flybox-82C9"
04-01 16:06:03.510  1931  4085 W System.err: java.lang.NoSuchMethodException: android.net.ConnectivityManager.setResloverInterfaceIdAndNetid [int, class java.lang.String]
04-01 16:06:03.510  1931  4085 W System.err: 	at java.lang.Class.getMethod(Class.java:2934)
04-01 16:06:03.510  1931  4085 W System.err: 	at java.lang.Class.getDeclaredMethod(Class.java:2913)
04-01 16:06:03.510  1931  4085 W System.err: 	at com.xiaomi.NetworkBoost.StatusManager.setResloverInterfaceIdAndNetid(StatusManager.java:1651)
04-01 16:06:03.510  1931  4085 W System.err: 	at com.xiaomi.NetworkBoost.StatusManager.setSmartDNSInterface(StatusManager.java:1616)
04-01 16:06:03.510  1931  4085 W System.err: 	at com.xiaomi.NetworkBoost.StatusManager.-$$Nest$msetSmartDNSInterface(Unknown Source:0)
04-01 16:06:03.510  1931  4085 W System.err: 	at com.xiaomi.NetworkBoost.StatusManager$InternalHandler.handleMessage(StatusManager.java:591)
04-01 16:06:03.510  1931  4085 W System.err: 	at android.os.Handler.dispatchMessage(Handler.java:106)
04-01 16:06:03.510  1931  4085 W System.err: 	at android.os.Looper.loopOnce(Looper.java:222)
04-01 16:06:03.510  1931  4085 W System.err: 	at android.os.Looper.loop(Looper.java:314)
04-01 16:06:03.510  1931  4085 W System.err: 	at android.os.HandlerThread.run(HandlerThread.java:67)
04-01 16:06:03.511  6976  8121 I NetBusNetworkMonitor: gateway=192.*.*.1
04-01 16:06:03.516  6976  8121 I NetBusNetworkMonitor: addConnectNetworkInterface mediumType:256, detail:NetworkDetailInfo{mIsConnected=false, mIsSupportTdls=true, mNetworkType=0, mIpAddress=192.*.*.140, mIfName=wlan0, mGateway=192.*.*.1, mNetmask=255.*.*.0, mSsid=F**C9}
04-01 16:06:03.516  6976  8121 I NetBusNetworkMonitor: onCapabilitiesChanged handle=471557132301, mediumType=256, ifName=wlan0
04-01 16:06:03.525  1254  1254 E vendor.qti.hardware.perf@2.2-service: Unknown params
04-01 16:06:03.683  4019  4019 D ArtChoreographerMonitor: invoke error.
04-01 16:06:03.837  4883  4883 D BoundBrokerSvc: onUnbind: Intent { act=com.google.android.gms.common.telemetry.service.START dat=chimera-action:/... cmp=com.google.android.gms/.chimera.PersistentApiService }
04-01 16:06:04.008  4883 21863 I NearbySharing: Network state changed: NetworkState(isRestricted=false, isOnline=true, isCongested=false, isMetered=false, isWifiConnected=true)
04-01 16:06:04.567  1931  4128 D SLM-SRV-SLAService: checktemp temperature = 30291 temperature_average = 29162 isPerformanceMode = false thermal_enable_slm = true
04-01 16:06:04.810 15909 16253 I S.FlushReqestGen: Queueing async flush of data to disk for 2 listeners.
04-01 16:06:04.840 15909 16061 I S.FlushReqestGen: Async flush done.
04-01 16:06:04.840 15909 16061 D U/AsyncTaskHelper: r8lambdaeKjHpdWvaEhsTIzu7XkVhl4aiT4$3@33d0fef finished, thread=ATH-4. Queue time: 0ms. Run real=30 cpu=22 ms
04-01 16:06:05.273  1109  5528 I vendor.qti.bluetooth@1.0-ibs_handler: ProcessIbsCmd: Received IBS_WAKE_IND: 0xFD
04-01 16:06:05.273  1109  5528 D vendor.qti.bluetooth@1.0-ibs_handler: SerialClockVote: vote for UART CLK ON
04-01 16:06:05.274  1109  5528 D vendor.qti.bluetooth@1.0-wake_lock: Acquire wakelock is acquired 
04-01 16:06:05.274  1109  5528 I vendor.qti.bluetooth@1.0-ibs_handler: ProcessIbsCmd: Writing IBS_WAKE_ACK
04-01 16:06:05.276  4969  5531 I bt_stack: [INFO:btm_ble_gap.cc(3528)] btm_ble_process_adv_pkt_cont Data Complete 7f:23:b6:78:e3:70
04-01 16:06:05.276  4969  5531 I bt_stack: [INFO:btm_ble_gap.cc(3528)] btm_ble_process_adv_pkt_cont Data Complete 7f:23:b6:78:e3:70
