04-01 15:59:24.043  1931  2012 W libc    : Access denied finding property "wifi.interface"
04-01 15:59:24.043  1931  2012 D NetworkManagement: wlan0 <====> 1
04-01 15:59:24.044  1931  2012 I MiuiNetworkPolicy: label wlan0, uid -1, active false, tsNanos 27833522580652
04-01 15:59:24.044  1931  2916 D MiuiNetworkPolicy: updateLimit mLimitEnabled=true,enabled=false,mNetworkPriorityMode=255,mThermalForceMode=0
04-01 15:59:24.036  1931  1931 W android.fg: type=1400 audit(0.0:11471): avc:  denied  { read } for  name="u:object_r:wifi_hal_prop:s0" dev="tmpfs" ino=13893 scontext=u:r:system_server:s0 tcontext=u:object_r:wifi_hal_prop:s0 tclass=file permissive=0
04-01 15:59:24.224  1931  4128 D SLM-SRV-SLAService: checktemp temperature = 29249 temperature_average = 29452 isPerformanceMode = false thermal_enable_slm = true
04-01 15:59:24.716  1899  1899 I wificond: station_bandwidth: P
04-01 15:59:24.723  4019  4019 D ArtChoreographerMonitor: invoke error.
04-01 15:59:24.748  1254  1254 E vendor.qti.hardware.perf@2.2-service: Unknown params
04-01 15:59:24.767  1109  5528 I vendor.qti.bluetooth@1.0-ibs_handler: ProcessIbsCmd: Received IBS_WAKE_IND: 0xFD
04-01 15:59:24.767  1109  5528 D vendor.qti.bluetooth@1.0-ibs_handler: SerialClockVote: vote for UART CLK ON
04-01 15:59:24.768  1109  5528 D vendor.qti.bluetooth@1.0-wake_lock: Acquire wakelock is acquired 
04-01 15:59:24.768  1109  5528 I vendor.qti.bluetooth@1.0-ibs_handler: ProcessIbsCmd: Writing IBS_WAKE_ACK
04-01 15:59:24.770  4969  5531 I bt_stack: [INFO:btm_ble_gap.cc(3528)] btm_ble_process_adv_pkt_cont Data Complete 7f:23:b6:78:e3:70
04-01 15:59:24.771  4969  5531 I bt_stack: [INFO:btm_ble_gap.cc(3528)] btm_ble_process_adv_pkt_cont Data Complete 7f:23:b6:78:e3:70
04-01 15:59:24.771  4969  5531 D bt_btm_ble: bool parse_adv_audio_uuids_from_adv_pkt(const uint8_t *, size_t, uint8_t): tmap_cap_pts: false
04-01 15:59:24.772  4969  5244 D BluetoothRemoteDevices:  getMappingAddr null
04-01 15:59:24.772  4969  5244 D BluetoothAdapterService: getIdentityAddress null retruning 7F:23:B6:78:E3:70
04-01 15:59:24.780  4883 15229 I NearbyDiscovery: (REDACTED) BloomFilterAdvManager: Detected bloom filter but too far away, ignoring. %sm, %s
04-01 15:59:24.809  1109  5528 I vendor.qti.bluetooth@1.0-ibs_handler: ProcessIbsCmd: Received IBS_SLEEP_IND: 0xFE
04-01 15:59:24.810  1109  5528 D vendor.qti.bluetooth@1.0-ibs_handler: SerialClockVote: vote for UART CLK OFF
04-01 15:59:24.899  4019  4019 D ArtChoreographerMonitor: invoke error.
04-01 15:59:24.960  1109  5267 D vendor.qti.bluetooth@1.0-wake_lock: Release wakelock is released 
04-01 15:59:25.426  1109  5528 I vendor.qti.bluetooth@1.0-ibs_handler: ProcessIbsCmd: Received IBS_WAKE_IND: 0xFD
04-01 15:59:25.426  1109  5528 D vendor.qti.bluetooth@1.0-ibs_handler: SerialClockVote: vote for UART CLK ON
04-01 15:59:25.428  1109  5528 D vendor.qti.bluetooth@1.0-wake_lock: Acquire wakelock is acquired 
04-01 15:59:25.428  1109  5528 I vendor.qti.bluetooth@1.0-ibs_handler: ProcessIbsCmd: Writing IBS_WAKE_ACK
04-01 15:59:25.430  4969  5531 I bt_stack: [INFO:btm_ble_gap.cc(3528)] btm_ble_process_adv_pkt_cont Data Complete 7f:23:b6:78:e3:70
04-01 15:59:25.431  4969  5531 I bt_stack: [INFO:btm_ble_gap.cc(3528)] btm_ble_process_adv_pkt_cont Data Complete 7f:23:b6:78:e3:70
04-01 15:59:25.431  4969  5531 D bt_btm_ble: bool parse_adv_audio_uuids_from_adv_pkt(const uint8_t *, size_t, uint8_t): tmap_cap_pts: false
04-01 15:59:25.433  4969  5244 D BluetoothRemoteDevices:  getMappingAddr null
04-01 15:59:25.433  4969  5244 D BluetoothAdapterService: getIdentityAddress null retruning 7F:23:B6:78:E3:70
04-01 15:59:25.438  4883 15229 I NearbyDiscovery: (REDACTED) BloomFilterAdvManager: Detected bloom filter but too far away, ignoring. %sm, %s
04-01 15:59:25.470  1109  5528 I vendor.qti.bluetooth@1.0-ibs_handler: ProcessIbsCmd: Received IBS_SLEEP_IND: 0xFE
04-01 15:59:25.470  1109  5528 D vendor.qti.bluetooth@1.0-ibs_handler: SerialClockVote: vote for UART CLK OFF
04-01 15:59:25.472  1931  1931 W android.fg: type=1400 audit(0.0:11472): avc:  denied  { read } for  name="u:object_r:wifi_hal_prop:s0" dev="tmpfs" ino=13893 scontext=u:r:system_server:s0 tcontext=u:object_r:wifi_hal_prop:s0 tclass=file permissive=0
04-01 15:59:25.475  1931  2012 W libc    : Access denied finding property "wifi.interface"
04-01 15:59:25.475  1931  2012 D NetworkManagement: wlan0 <====> 1
04-01 15:59:25.476  1931  2012 I MiuiNetworkPolicy: label wlan0, uid 10569, active true, tsNanos 27834961885703
04-01 15:59:25.476  1931  2916 I MiuiNetworkPolicy: getEnableLimitTimeout when thermal mode is:0
04-01 15:59:25.476  1931  2916 D MiuiNetworkPolicy: updateLimit mLimitEnabled=false,enabled=true,mNetworkPriorityMode=255,mThermalForceMode=0
04-01 15:59:25.621  1109  5267 D vendor.qti.bluetooth@1.0-wake_lock: Release wakelock is released 
04-01 15:59:25.768 23046 23046 I Capacitor/Console: File:  - Line 349 - Msg: [object Object]
04-01 15:59:25.772 23046 23046 V Capacitor/Plugin: To native (Capacitor plugin): callbackId: 97311459, pluginId: ScreenTime, methodName: consumePendingNavigation
04-01 15:59:25.773 23046 23046 V Capacitor: callback: 97311459, pluginId: ScreenTime, methodName: consumePendingNavigation, methodData: {}
04-01 15:59:25.787 23046 23143 D BlearnScreenTime: consume_pending_navigation_empty
04-01 15:59:25.794 23046 23046 I Capacitor/Console: File:  - Line 333 - Msg: undefined
04-01 15:59:26.068  1109  5528 I vendor.qti.bluetooth@1.0-ibs_handler: ProcessIbsCmd: Received IBS_WAKE_IND: 0xFD
04-01 15:59:26.068  1109  5528 D vendor.qti.bluetooth@1.0-ibs_handler: SerialClockVote: vote for UART CLK ON
04-01 15:59:26.069  1109  5528 D vendor.qti.bluetooth@1.0-wake_lock: Acquire wakelock is acquired 
04-01 15:59:26.069  1109  5528 I vendor.qti.bluetooth@1.0-ibs_handler: ProcessIbsCmd: Writing IBS_WAKE_ACK
04-01 15:59:26.071  4969  5531 I bt_stack: [INFO:btm_ble_gap.cc(3528)] btm_ble_process_adv_pkt_cont Data Complete 46:61:fd:16:0c:22
04-01 15:59:26.111  1109  5528 I vendor.qti.bluetooth@1.0-ibs_handler: ProcessIbsCmd: Received IBS_SLEEP_IND: 0xFE
04-01 15:59:26.111  1109  5528 D vendor.qti.bluetooth@1.0-ibs_handler: SerialClockVote: vote for UART CLK OFF
04-01 15:59:26.262  1109  5267 D vendor.qti.bluetooth@1.0-wake_lock: Release wakelock is released 
04-01 15:59:27.436  4019  4019 D ArtChoreographerMonitor: invoke error.
04-01 15:59:27.454  1254  1254 E vendor.qti.hardware.perf@2.2-service: Unknown params
04-01 15:59:27.457  1413  2768 D MI-SF   : mIsSupportAutomodeForMaxFpsSetting is 0(0), getCurrentBrightness() = 764(328), mIsKeepAutoMode 0
04-01 15:59:27.457  1413  2768 D RefreshRateSelector: fixedMode_group: 0, isFindModeGroup 0
04-01 15:59:27.457  1413  2768 D RefreshRateSelector: find max refresh rate:120, mode Group:0
04-01 15:59:27.458  1254  1254 E vendor.qti.hardware.perf@2.2-service: Unknown params
04-01 15:59:27.458  1254  1254 E ANDR-PERF-HINTEXT: Offload new thread from FpsUpdatePreAction
04-01 15:59:27.460  1254  1407 E ANDR-PERF-UTIL: Failed to read /proc/sys/kernel/sched_min_granularity_ns
04-01 15:59:27.460  1254  1407 E ANDR-PERF-OPTSHANDLER: Failed to read /proc/sys/kernel/sched_min_granularity_ns
04-01 15:59:27.460  1254  1407 E ANDR-PERF-RESOURCEQS: Failed to apply optimization [3, 54]
04-01 15:59:27.456  1254  1254 W perf@2.2-servic: type=1400 audit(0.0:11473): avc:  denied  { read } for  name="sched_min_granularity_ns" dev="proc" ino=3022165 scontext=u:r:vendor_hal_perf_default:s0 tcontext=u:object_r:proc_sched:s0 tclass=file permissive=0
04-01 15:59:27.463  1413  1413 D MI-SF   : mIsSupportAutomodeForMaxFpsSetting is 0(0), getCurrentBrightness() = 764(328), mIsKeepAutoMode 0
04-01 15:59:27.463  1413  1413 D RefreshRateSelector: fixedMode_group: 0, isFindModeGroup 0
04-01 15:59:27.463  1413  1413 D RefreshRateSelector: find max refresh rate:120, mode Group:0
04-01 15:59:27.467  1246  1496 I SDM     : HWDeviceDRM::UpdateMixerAttributes: Mixer WxH 1080x2400-0 for Peripheral
04-01 15:59:27.468  1246  1496 I SDM     : HWCDisplay::SubmitDisplayConfig: Active configuration changed to: 0
04-01 15:59:27.496  1413  1413 D MI-SF   : mIsSupportAutomodeForMaxFpsSetting is 0(0), getCurrentBrightness() = 764(328), mIsKeepAutoMode 0
04-01 15:59:27.497  1413  1413 D RefreshRateSelector: fixedMode_group: 0, isFindModeGroup 0
04-01 15:59:27.497  1413  1413 D RefreshRateSelector: find max refresh rate:120, mode Group:0
04-01 15:59:27.619  4019  4019 D ArtChoreographerMonitor: invoke error.
04-01 15:59:27.737  1899  1899 I wificond: station_bandwidth: P
04-01 15:59:28.560  1254  1254 E vendor.qti.hardware.perf@2.2-service: Unknown params
04-01 15:59:28.563  1254  1254 E vendor.qti.hardware.perf@2.2-service: Unknown params
04-01 15:59:28.567  1246  1496 I SDM     : HWDeviceDRM::UpdateMixerAttributes: Mixer WxH 1080x2400-0 for Peripheral
04-01 15:59:28.567  1246  1496 I SDM     : HWCDisplay::SubmitDisplayConfig: Active configuration changed to: 2
04-01 15:59:29.245  6976  8348 I com.xiaomi.dm: update fcm token
04-01 15:59:29.245  6976  8348 E com.xiaomi.dm: not login yet
04-01 15:59:29.278  6976  8348 I com.xiaomi.dm: update fcm token failed, code:-3, reason:
04-01 15:59:29.278  6976  8348 I com.xiaomi.dm: delay sending fcm token to server
04-01 15:59:30.225  1157  3401 I sensors-hal: handle_sns_std_sensor_event:57, light_event: ts=27839713961694, lux: 306.1, extra_info=24691 
04-01 15:59:30.352  1931  2916 I MiuiNetworkPolicy: updateUidState uid = 10213, uidState = 19
04-01 15:59:30.723  1109  5528 I vendor.qti.bluetooth@1.0-ibs_handler: ProcessIbsCmd: Received IBS_WAKE_IND: 0xFD
04-01 15:59:30.724  1109  5528 D vendor.qti.bluetooth@1.0-ibs_handler: SerialClockVote: vote for UART CLK ON
04-01 15:59:30.725  1109  5528 D vendor.qti.bluetooth@1.0-wake_lock: Acquire wakelock is acquired 
04-01 15:59:30.725  1109  5528 I vendor.qti.bluetooth@1.0-ibs_handler: ProcessIbsCmd: Writing IBS_WAKE_ACK
04-01 15:59:30.726  4969  5531 I bt_stack: [INFO:btm_ble_gap.cc(3528)] btm_ble_process_adv_pkt_cont Data Complete 7f:23:b6:78:e3:70
04-01 15:59:30.727  4969  5531 I bt_stack: [INFO:btm_ble_gap.cc(3528)] btm_ble_process_adv_pkt_cont Data Complete 7f:23:b6:78:e3:70
04-01 15:59:30.727  4969  5531 D bt_btm_ble: bool parse_adv_audio_uuids_from_adv_pkt(const uint8_t *, size_t, uint8_t): tmap_cap_pts: false
04-01 15:59:30.728  4969  5244 D BluetoothRemoteDevices:  getMappingAddr null
04-01 15:59:30.728  4969  5244 D BluetoothAdapterService: getIdentityAddress null retruning 7F:23:B6:78:E3:70
04-01 15:59:30.734  4883 15229 I NearbyDiscovery: (REDACTED) BloomFilterAdvManager: Detected bloom filter but too far away, ignoring. %sm, %s
04-01 15:59:30.753  1899  1899 I wificond: station_bandwidth: P
04-01 15:59:30.766  1109  5528 I vendor.qti.bluetooth@1.0-ibs_handler: ProcessIbsCmd: Received IBS_SLEEP_IND: 0xFE
04-01 15:59:30.766  1109  5528 D vendor.qti.bluetooth@1.0-ibs_handler: SerialClockVote: vote for UART CLK OFF
04-01 15:59:30.916  1109  5267 D vendor.qti.bluetooth@1.0-wake_lock: Release wakelock is released 
04-01 15:59:31.308  1109  5528 I vendor.qti.bluetooth@1.0-ibs_handler: ProcessIbsCmd: Received IBS_WAKE_IND: 0xFD
04-01 15:59:31.308  1109  5528 D vendor.qti.bluetooth@1.0-ibs_handler: SerialClockVote: vote for UART CLK ON
04-01 15:59:31.309  1109  5528 D vendor.qti.bluetooth@1.0-wake_lock: Acquire wakelock is acquired 
04-01 15:59:31.309  1109  5528 I vendor.qti.bluetooth@1.0-ibs_handler: ProcessIbsCmd: Writing IBS_WAKE_ACK
04-01 15:59:31.312  4969  5531 I bt_stack: [INFO:btm_ble_gap.cc(3528)] btm_ble_process_adv_pkt_cont Data Complete 46:61:fd:16:0c:22
04-01 15:59:31.312  4969  5531 I bt_stack: [INFO:btm_ble_gap.cc(3528)] btm_ble_process_adv_pkt_cont Data Complete 46:61:fd:16:0c:22
04-01 15:59:31.312  4969  5531 D bt_btm_ble: bool parse_adv_audio_uuids_from_adv_pkt(const uint8_t *, size_t, uint8_t): tmap_cap_pts: false
04-01 15:59:31.315  4969  5244 D BluetoothAdapterService: getIdentityAddress null retruning 46:61:FD:16:0C:22
04-01 15:59:31.320  4883 15229 I NearbyDiscovery: (REDACTED) BloomFilterAdvManager: Detected bloom filter but too far away, ignoring. %sm, %s
04-01 15:59:31.351  1109  5528 I vendor.qti.bluetooth@1.0-ibs_handler: ProcessIbsCmd: Received IBS_SLEEP_IND: 0xFE
04-01 15:59:31.351  1109  5528 D vendor.qti.bluetooth@1.0-ibs_handler: SerialClockVote: vote for UART CLK OFF
04-01 15:59:31.501  1109  5267 D vendor.qti.bluetooth@1.0-wake_lock: Release wakelock is released 
04-01 15:59:31.797 23046 23046 I Capacitor/Console: File:  - Line 349 - Msg: [object Object]
04-01 15:59:31.802 23046 23046 V Capacitor/Plugin: To native (Capacitor plugin): callbackId: 97311460, pluginId: ScreenTime, methodName: consumePendingNavigation
04-01 15:59:31.803 23046 23046 V Capacitor: callback: 97311460, pluginId: ScreenTime, methodName: consumePendingNavigation, methodData: {}
04-01 15:59:31.810 23046 23143 D BlearnScreenTime: consume_pending_navigation_empty
04-01 15:59:31.814 23046 23046 I Capacitor/Console: File:  - Line 333 - Msg: undefined
04-01 15:59:31.992  1931  2916 I MiuiNetworkPolicy: updateUidState uid = 10165, uidState = 19
04-01 15:59:32.560  1931  7215 D ActivityManager: checkAllowBackground: uid=10163 pkg=com.google.android.gms rec=UidRecord{875802d u0a163 BFGS change:procadj procs:0 seq(299781,985)} caps=LCMNFU always=false idle=false
04-01 15:59:32.565  1931  4157 W ProcessStats: Tracking association SourceState{c7aa938 system/1000 BFgs #54787} whose proc state 4 is better than process ProcessState{9194d11 com.google.android.inputmethod.latin/10179 pkg=com.google.android.inputmethod.latin} proc state 6 (15 skipped)
04-01 15:59:32.571  4883 22919 I NetworkScheduler.Stats: (REDACTED) Task %s/%s started execution. cause:%s exec_start_elapsed_seconds: %s
04-01 15:59:32.575  4883 22690 I NetworkScheduler.Stats: (REDACTED) Task %s/%s finished executing. cause:%s result: %s elapsed_millis: %s uptime_millis: %s exec_start_elapsed_seconds: %s
04-01 15:59:32.594  1931  4458 D ActivityManager: checkAllowBackground: uid=10163 pkg=com.google.android.gms rec=UidRecord{875802d u0a163 BFGS change:procadj procs:0 seq(299827,985)} caps=LCMNFU always=false idle=false
04-01 15:59:32.705  1109  5528 I vendor.qti.bluetooth@1.0-ibs_handler: ProcessIbsCmd: Received IBS_WAKE_IND: 0xFD
04-01 15:59:32.705  1109  5528 D vendor.qti.bluetooth@1.0-ibs_handler: SerialClockVote: vote for UART CLK ON
04-01 15:59:32.706  1109  5528 D vendor.qti.bluetooth@1.0-wake_lock: Acquire wakelock is acquired 
04-01 15:59:32.706  1109  5528 I vendor.qti.bluetooth@1.0-ibs_handler: ProcessIbsCmd: Writing IBS_WAKE_ACK
04-01 15:59:32.708  4969  5531 I bt_stack: [INFO:btm_ble_gap.cc(3528)] btm_ble_process_adv_pkt_cont Data Complete 7f:23:b6:78:e3:70
04-01 15:59:32.747  1109  5528 I vendor.qti.bluetooth@1.0-ibs_handler: ProcessIbsCmd: Received IBS_SLEEP_IND: 0xFE
04-01 15:59:32.748  1109  5528 D vendor.qti.bluetooth@1.0-ibs_handler: SerialClockVote: vote for UART CLK OFF
04-01 15:59:32.898  1109  5267 D vendor.qti.bluetooth@1.0-wake_lock: Release wakelock is released 
04-01 15:59:33.775  1899  1899 I wificond: station_bandwidth: P
04-01 15:59:33.781  4019  4019 D ArtChoreographerMonitor: invoke error.
04-01 15:59:33.802  1254  1254 E vendor.qti.hardware.perf@2.2-service: Unknown params
04-01 15:59:33.956  4019  4019 D ArtChoreographerMonitor: invoke error.
04-01 15:59:34.236  1931  4128 D SLM-SRV-SLAService: checktemp temperature = 29034 temperature_average = 29522 isPerformanceMode = false thermal_enable_slm = true
04-01 15:59:34.702  1109  5528 I vendor.qti.bluetooth@1.0-ibs_handler: ProcessIbsCmd: Received IBS_WAKE_IND: 0xFD
04-01 15:59:34.702  1109  5528 D vendor.qti.bluetooth@1.0-ibs_handler: SerialClockVote: vote for UART CLK ON
04-01 15:59:34.703  1109  5528 D vendor.qti.bluetooth@1.0-wake_lock: Acquire wakelock is acquired 
04-01 15:59:34.703  1109  5528 I vendor.qti.bluetooth@1.0-ibs_handler: ProcessIbsCmd: Writing IBS_WAKE_ACK
04-01 15:59:34.705  4969  5531 I bt_stack: [INFO:btm_ble_gap.cc(3528)] btm_ble_process_adv_pkt_cont Data Complete 7f:23:b6:78:e3:70
04-01 15:59:34.706  4969  5531 I bt_stack: [INFO:btm_ble_gap.cc(3528)] btm_ble_process_adv_pkt_cont Data Complete 7f:23:b6:78:e3:70
04-01 15:59:34.706  4969  5531 D bt_btm_ble: bool parse_adv_audio_uuids_from_adv_pkt(const uint8_t *, size_t, uint8_t): tmap_cap_pts: false
04-01 15:59:34.707  4969  5244 D BluetoothRemoteDevices:  getMappingAddr null
04-01 15:59:34.707  4969  5244 D BluetoothAdapterService: getIdentityAddress null retruning 7F:23:B6:78:E3:70
04-01 15:59:34.713  4883 15229 I NearbyDiscovery: (REDACTED) BloomFilterAdvManager: Detected bloom filter but too far away, ignoring. %sm, %s
04-01 15:59:34.745  1109  5528 I vendor.qti.bluetooth@1.0-ibs_handler: ProcessIbsCmd: Received IBS_SLEEP_IND: 0xFE
04-01 15:59:34.745  1109  5528 D vendor.qti.bluetooth@1.0-ibs_handler: SerialClockVote: vote for UART CLK OFF
04-01 15:59:34.896  1109  5267 D vendor.qti.bluetooth@1.0-wake_lock: Release wakelock is released 
04-01 15:59:35.325  1109  5528 I vendor.qti.bluetooth@1.0-ibs_handler: ProcessIbsCmd: Received IBS_WAKE_IND: 0xFD
04-01 15:59:35.325  1109  5528 D vendor.qti.bluetooth@1.0-ibs_handler: SerialClockVote: vote for UART CLK ON
04-01 15:59:35.326  1109  5528 D vendor.qti.bluetooth@1.0-wake_lock: Acquire wakelock is acquired 
04-01 15:59:35.326  1109  5528 I vendor.qti.bluetooth@1.0-ibs_handler: ProcessIbsCmd: Writing IBS_WAKE_ACK
04-01 15:59:35.328  4969  5531 I bt_stack: [INFO:btm_ble_gap.cc(3528)] btm_ble_process_adv_pkt_cont Data Complete 46:61:fd:16:0c:22
04-01 15:59:35.328  4969  5531 I bt_stack: [INFO:btm_ble_gap.cc(3528)] btm_ble_process_adv_pkt_cont Data Complete 46:61:fd:16:0c:22
04-01 15:59:35.328  4969  5531 D bt_btm_ble: bool parse_adv_audio_uuids_from_adv_pkt(const uint8_t *, size_t, uint8_t): tmap_cap_pts: false
04-01 15:59:35.330  4969  5244 D BluetoothAdapterService: getIdentityAddress null retruning 46:61:FD:16:0C:22
04-01 15:59:35.335  4883 15229 I NearbyDiscovery: (REDACTED) BloomFilterAdvManager: Detected bloom filter but too far away, ignoring. %sm, %s
04-01 15:59:35.368  1109  5528 I vendor.qti.bluetooth@1.0-ibs_handler: ProcessIbsCmd: Received IBS_SLEEP_IND: 0xFE
04-01 15:59:35.368  1109  5528 D vendor.qti.bluetooth@1.0-ibs_handler: SerialClockVote: vote for UART CLK OFF
04-01 15:59:35.518  1109  5267 D vendor.qti.bluetooth@1.0-wake_lock: Release wakelock is released 
04-01 15:59:36.160  1931  2916 I MiuiNetworkPolicy: updateUidState uid = 10109, uidState = 19
04-01 15:59:36.657  1109  5528 I vendor.qti.bluetooth@1.0-ibs_handler: ProcessIbsCmd: Received IBS_WAKE_IND: 0xFD
04-01 15:59:36.657  1109  5528 D vendor.qti.bluetooth@1.0-ibs_handler: SerialClockVote: vote for UART CLK ON
04-01 15:59:36.658  1109  5528 D vendor.qti.bluetooth@1.0-wake_lock: Acquire wakelock is acquired 
04-01 15:59:36.658  1109  5528 I vendor.qti.bluetooth@1.0-ibs_handler: ProcessIbsCmd: Writing IBS_WAKE_ACK
04-01 15:59:36.659  4969  5531 I bt_stack: [INFO:btm_ble_gap.cc(3528)] btm_ble_process_adv_pkt_cont Data Complete 6f:cc:49:c9:b1:0f
04-01 15:59:36.660  4969  5531 I bt_stack: [INFO:btm_ble_gap.cc(3528)] btm_ble_process_adv_pkt_cont Data Complete 6f:cc:49:c9:b1:0f
04-01 15:59:36.660  4969  5531 D bt_btm_ble: bool parse_adv_audio_uuids_from_adv_pkt(const uint8_t *, size_t, uint8_t): tmap_cap_pts: false
04-01 15:59:36.660  4969  5531 D bt_btm_ble: bool parse_adv_audio_uuids_from_adv_pkt(const uint8_t *, size_t, uint8_t): tmap_cap_pts: false
04-01 15:59:36.660  4969  5531 D bt_btm_ble: bool parse_adv_audio_uuids_from_adv_pkt(const uint8_t *, size_t, uint8_t): tmap_cap_pts: false
04-01 15:59:36.661  4969  5244 D BluetoothRemoteDevices:  getMappingAddr null
04-01 15:59:36.661  4969  5244 D BluetoothAdapterService: getIdentityAddress null retruning 6F:CC:49:C9:B1:0F
04-01 15:59:36.668  4883 15229 I NearbyDiscovery: (REDACTED) BloomFilterAdvManager: Detected bloom filter but too far away, ignoring. %sm, %s
04-01 15:59:36.689 15909 17072 V U.Notification: Posting new notification, elapsed=18088
04-01 15:59:36.699  1109  5528 I vendor.qti.bluetooth@1.0-ibs_handler: ProcessIbsCmd: Received IBS_SLEEP_IND: 0xFE
04-01 15:59:36.699  1109  5528 D vendor.qti.bluetooth@1.0-ibs_handler: SerialClockVote: vote for UART CLK OFF
04-01 15:59:36.798  1899  1899 I wificond: station_bandwidth: P
04-01 15:59:36.849  1109  5267 D vendor.qti.bluetooth@1.0-wake_lock: Release wakelock is released 
04-01 15:59:37.819 23046 23046 I Capacitor/Console: File:  - Line 349 - Msg: [object Object]
04-01 15:59:37.823 23046 23046 V Capacitor/Plugin: To native (Capacitor plugin): callbackId: 97311461, pluginId: ScreenTime, methodName: consumePendingNavigation
04-01 15:59:37.824 23046 23046 V Capacitor: callback: 97311461, pluginId: ScreenTime, methodName: consumePendingNavigation, methodData: {}
04-01 15:59:37.836 23046 23143 D BlearnScreenTime: consume_pending_navigation_empty
04-01 15:59:37.840 23046 23046 I Capacitor/Console: File:  - Line 333 - Msg: undefined
04-01 15:59:38.562  1254 23402 E ANDR-PERF-HINTEXT: Offload new thread from switchToNewFps
04-01 15:59:38.588  1109  5528 I vendor.qti.bluetooth@1.0-ibs_handler: ProcessIbsCmd: Received IBS_WAKE_IND: 0xFD
04-01 15:59:38.588  1109  5528 D vendor.qti.bluetooth@1.0-ibs_handler: SerialClockVote: vote for UART CLK ON
04-01 15:59:38.589  1109  5528 D vendor.qti.bluetooth@1.0-wake_lock: Acquire wakelock is acquired 
04-01 15:59:38.589  1109  5528 I vendor.qti.bluetooth@1.0-ibs_handler: ProcessIbsCmd: Writing IBS_WAKE_ACK
04-01 15:59:38.591  4969  5531 I bt_stack: [INFO:btm_ble_gap.cc(3528)] btm_ble_process_adv_pkt_cont Data Complete 46:61:fd:16:0c:22
04-01 15:59:38.592  4969  5531 I bt_stack: [INFO:btm_ble_gap.cc(3528)] btm_ble_process_adv_pkt_cont Data Complete 46:61:fd:16:0c:22
04-01 15:59:38.592  4969  5531 D bt_btm_ble: bool parse_adv_audio_uuids_from_adv_pkt(const uint8_t *, size_t, uint8_t): tmap_cap_pts: false
04-01 15:59:38.593  4969  5244 D BluetoothAdapterService: getIdentityAddress null retruning 46:61:FD:16:0C:22
04-01 15:59:38.598  4883 15229 I NearbyDiscovery: (REDACTED) BloomFilterAdvManager: Detected bloom filter but too far away, ignoring. %sm, %s
04-01 15:59:38.632  1109  5528 I vendor.qti.bluetooth@1.0-ibs_handler: ProcessIbsCmd: Received IBS_SLEEP_IND: 0xFE
04-01 15:59:38.632  1109  5528 D vendor.qti.bluetooth@1.0-ibs_handler: SerialClockVote: vote for UART CLK OFF
04-01 15:59:38.783  1109  5267 D vendor.qti.bluetooth@1.0-wake_lock: Release wakelock is released 
04-01 15:59:39.202  1157  3401 I sensors-hal: handle_sns_std_sensor_event:57, light_event: ts=27848689961746, lux: 278.0, extra_info=22664 
04-01 15:59:39.823  1899  1899 I wificond: station_bandwidth: P
04-01 15:59:39.831  4019  4019 D ArtChoreographerMonitor: invoke error.
04-01 15:59:39.853  1254  1254 E vendor.qti.hardware.perf@2.2-service: Unknown params
04-01 15:59:40.004  4019  4019 D ArtChoreographerMonitor: invoke error.
04-01 15:59:40.566  1109  5528 I vendor.qti.bluetooth@1.0-ibs_handler: ProcessIbsCmd: Received IBS_WAKE_IND: 0xFD
04-01 15:59:40.566  1109  5528 D vendor.qti.bluetooth@1.0-ibs_handler: SerialClockVote: vote for UART CLK ON
04-01 15:59:40.567  1109  5528 D vendor.qti.bluetooth@1.0-wake_lock: Acquire wakelock is acquired 
04-01 15:59:40.567  1109  5528 I vendor.qti.bluetooth@1.0-ibs_handler: ProcessIbsCmd: Writing IBS_WAKE_ACK
04-01 15:59:40.569  4969  5531 I bt_stack: [INFO:btm_ble_gap.cc(3528)] btm_ble_process_adv_pkt_cont Data Complete 46:61:fd:16:0c:22
04-01 15:59:40.570  4969  5531 I bt_stack: [INFO:btm_ble_gap.cc(3528)] btm_ble_process_adv_pkt_cont Data Complete 46:61:fd:16:0c:22
04-01 15:59:40.570  4969  5531 D bt_btm_ble: bool parse_adv_audio_uuids_from_adv_pkt(const uint8_t *, size_t, uint8_t): tmap_cap_pts: false
04-01 15:59:40.572  4969  5244 D BluetoothAdapterService: getIdentityAddress null retruning 46:61:FD:16:0C:22
04-01 15:59:40.577  4883 15229 I NearbyDiscovery: (REDACTED) BloomFilterAdvManager: Detected bloom filter but too far away, ignoring. %sm, %s
04-01 15:59:40.609  1109  5528 I vendor.qti.bluetooth@1.0-ibs_handler: ProcessIbsCmd: Received IBS_SLEEP_IND: 0xFE
04-01 15:59:40.609  1109  5528 D vendor.qti.bluetooth@1.0-ibs_handler: SerialClockVote: vote for UART CLK OFF
04-01 15:59:40.759  1109  5267 D vendor.qti.bluetooth@1.0-wake_lock: Release wakelock is released 
04-01 15:59:42.582  1931  4458 D ActivityManager: checkAllowBackground: uid=10163 pkg=com.google.android.gms rec=UidRecord{875802d u0a163 BFGS change:procadj procs:0 seq(299831,985)} caps=LCMNFU always=false idle=false
04-01 15:59:42.591  1109  5528 I vendor.qti.bluetooth@1.0-ibs_handler: ProcessIbsCmd: Received IBS_WAKE_IND: 0xFD
04-01 15:59:42.591  1109  5528 D vendor.qti.bluetooth@1.0-ibs_handler: SerialClockVote: vote for UART CLK ON
04-01 15:59:42.592  1109  5528 D vendor.qti.bluetooth@1.0-wake_lock: Acquire wakelock is acquired 
04-01 15:59:42.592  1109  5528 I vendor.qti.bluetooth@1.0-ibs_handler: ProcessIbsCmd: Writing IBS_WAKE_ACK
04-01 15:59:42.593  4969  5531 I bt_stack: [INFO:btm_ble_gap.cc(3528)] btm_ble_process_adv_pkt_cont Data Complete 6f:cc:49:c9:b1:0f
04-01 15:59:42.596  1931  7215 D ActivityManager: checkAllowBackground: uid=10163 pkg=com.google.android.gms rec=UidRecord{875802d u0a163 BFGS change:procadj procs:0 seq(299831,985)} caps=LCMNFU always=false idle=false
04-01 15:59:42.602  5288 23408 I GmscoreIpa: Starting mediastore instant index [CONTEXT service_id=255 ]
04-01 15:59:42.608  1931  7215 I ClipboardServiceI: checkProviderWakePathForClipboard: primaryClip is null
04-01 15:59:42.633  1109  5528 I vendor.qti.bluetooth@1.0-ibs_handler: ProcessIbsCmd: Received IBS_SLEEP_IND: 0xFE
04-01 15:59:42.633  1109  5528 D vendor.qti.bluetooth@1.0-ibs_handler: SerialClockVote: vote for UART CLK OFF
04-01 15:59:42.783  1109  5267 D vendor.qti.bluetooth@1.0-wake_lock: Release wakelock is released 
04-01 15:59:42.847  1899  1899 I wificond: station_bandwidth: P
04-01 15:59:43.843 23046 23046 I Capacitor/Console: File:  - Line 349 - Msg: [object Object]
04-01 15:59:43.847 23046 23046 V Capacitor/Plugin: To native (Capacitor plugin): callbackId: 97311462, pluginId: ScreenTime, methodName: consumePendingNavigation
04-01 15:59:43.847 23046 23046 V Capacitor: callback: 97311462, pluginId: ScreenTime, methodName: consumePendingNavigation, methodData: {}
04-01 15:59:43.863 23046 23143 D BlearnScreenTime: consume_pending_navigation_empty
04-01 15:59:43.873 23046 23046 I Capacitor/Console: File:  - Line 333 - Msg: undefined
04-01 15:59:44.238  1931  4128 D SLM-SRV-SLAService: checktemp temperature = 28860 temperature_average = 29421 isPerformanceMode = false thermal_enable_slm = true
04-01 15:59:44.583  1109  5528 I vendor.qti.bluetooth@1.0-ibs_handler: ProcessIbsCmd: Received IBS_WAKE_IND: 0xFD
04-01 15:59:44.583  1109  5528 D vendor.qti.bluetooth@1.0-ibs_handler: SerialClockVote: vote for UART CLK ON
04-01 15:59:44.584  1109  5528 D vendor.qti.bluetooth@1.0-wake_lock: Acquire wakelock is acquired 
04-01 15:59:44.584  1109  5528 I vendor.qti.bluetooth@1.0-ibs_handler: ProcessIbsCmd: Writing IBS_WAKE_ACK
04-01 15:59:44.585  4969  5531 I bt_stack: [INFO:btm_ble_gap.cc(3528)] btm_ble_process_adv_pkt_cont Data Complete 46:61:fd:16:0c:22
04-01 15:59:44.586  4969  5531 I bt_stack: [INFO:btm_ble_gap.cc(3528)] btm_ble_process_adv_pkt_cont Data Complete 46:61:fd:16:0c:22
04-01 15:59:44.586  4969  5531 D bt_btm_ble: bool parse_adv_audio_uuids_from_adv_pkt(const uint8_t *, size_t, uint8_t): tmap_cap_pts: false
04-01 15:59:44.588  4969  5244 D BluetoothAdapterService: getIdentityAddress null retruning 46:61:FD:16:0C:22
04-01 15:59:44.592  4883 15229 I NearbyDiscovery: (REDACTED) BloomFilterAdvManager: Detected bloom filter but too far away, ignoring. %sm, %s
04-01 15:59:44.626  1109  5528 I vendor.qti.bluetooth@1.0-ibs_handler: ProcessIbsCmd: Received IBS_SLEEP_IND: 0xFE
04-01 15:59:44.626  1109  5528 D vendor.qti.bluetooth@1.0-ibs_handler: SerialClockVote: vote for UART CLK OFF
04-01 15:59:44.777  1109  5267 D vendor.qti.bluetooth@1.0-wake_lock: Release wakelock is released 
04-01 15:59:45.872  1899  1899 I wificond: station_bandwidth: P
04-01 15:59:46.557  1109  5528 I vendor.qti.bluetooth@1.0-ibs_handler: ProcessIbsCmd: Received IBS_WAKE_IND: 0xFD
04-01 15:59:46.557  1109  5528 D vendor.qti.bluetooth@1.0-ibs_handler: SerialClockVote: vote for UART CLK ON
04-01 15:59:46.558  1109  5528 D vendor.qti.bluetooth@1.0-wake_lock: Acquire wakelock is acquired 
04-01 15:59:46.558  1109  5528 I vendor.qti.bluetooth@1.0-ibs_handler: ProcessIbsCmd: Writing IBS_WAKE_ACK
04-01 15:59:46.560  4969  5531 I bt_stack: [INFO:btm_ble_gap.cc(3528)] btm_ble_process_adv_pkt_cont Data Complete 46:61:fd:16:0c:22
04-01 15:59:46.600  1109  5528 I vendor.qti.bluetooth@1.0-ibs_handler: ProcessIbsCmd: Received IBS_SLEEP_IND: 0xFE
04-01 15:59:46.600  1109  5528 D vendor.qti.bluetooth@1.0-ibs_handler: SerialClockVote: vote for UART CLK OFF
04-01 15:59:46.750  1109  5267 D vendor.qti.bluetooth@1.0-wake_lock: Release wakelock is released 
04-01 15:59:47.657  1931  7215 W ProcessStats: Tracking association SourceState{c7aa938 system/1000 BFgs #54798} whose proc state 4 is better than process ProcessState{9194d11 com.google.android.inputmethod.latin/10179 pkg=com.google.android.inputmethod.latin} proc state 6 (6 skipped)
04-01 15:59:48.119  1931  2861 I SmartPower: com.google.android.gms.unstable/10163(12211): idle->background(75703ms) R(alarm start) adj=800.
04-01 15:59:48.120  1931  2861 I SmartPower: com.google.process.gservices/10163(6474): idle->background(75702ms) R(alarm start) adj=945.
04-01 15:59:48.120  1931  2861 I SmartPower: com.google.android.gms:snet/10163(23091): idle->background(75702ms) R(alarm start) adj=800.
04-01 15:59:48.120  1931  2861 I SmartPower: com.google.process.gapps/10163(20652): idle->background(75702ms) R(alarm start) adj=955.
04-01 15:59:48.123  1931  2861 D AlarmManager: mBroadcastRefCount -> 1
04-01 15:59:48.124  1931  2861 I whetstone.activity: Power Event callback listener is empty for resId=128
04-01 15:59:48.125  1931  2861 D BatteryStatsManagerStub: notifyEvent for resId=128 used 0ms
04-01 15:59:48.140  1931  1931 D AlarmManager: mBroadcastRefCount -> 0
04-01 15:59:48.140  1931  1931 D AlarmManager: mPendingIntent -> PendingIntent{62ade04: PendingIntentRecord{157d6ec com.google.android.gms/com.google.android.gms.location_base broadcastIntent}}
04-01 15:59:48.145  1157  1157 I sensors-hal: batch:242, android.sensor.significant_motion/172, period=1000000, max_latency=0
04-01 15:59:48.145  1157  1157 I sensors-hal: set_config:63, sample_period_ns is adjusted to 0 based on min/max delay_ns
04-01 15:59:48.145  1157  1157 I sensors-hal: batch:251, android.sensor.significant_motion/172, period=1000000, max_latency=0 request completed
04-01 15:59:48.155  1157  1157 I sensors-hal: flush:271, android.sensor.accelerometer/11
04-01 15:59:48.155  1157  1157 I sensors-hal: send_sync_sensor_request:364, send sync request
04-01 15:59:48.156  1157  1157 I sensors-hal: send_sync_sensor_request:390, wait for notification of response
04-01 15:59:48.157  1157 19828 I sensors-hal: ssc_conn_resp_cb:689, resp_value = 0
04-01 15:59:48.157  1157  1157 I sensors-hal: send_sync_sensor_request:396, takes 1 ms to receive the response with 0
04-01 15:59:48.157  1157  1157 I sensors-hal: flush:277, android.sensor.accelerometer/11 completed
04-01 15:59:48.174  1157  1157 I sensors-hal: flush:271, android.sensor.accelerometer/11
04-01 15:59:48.175  1157  1157 I sensors-hal: send_sync_sensor_request:364, send sync request
04-01 15:59:48.175  1157  1157 I sensors-hal: send_sync_sensor_request:390, wait for notification of response
04-01 15:59:48.175  1157 19828 I sensors-hal: ssc_conn_resp_cb:689, resp_value = 0
04-01 15:59:48.176  1157  1157 I sensors-hal: send_sync_sensor_request:396, takes 0 ms to receive the response with 0
04-01 15:59:48.176  1157  1157 I sensors-hal: flush:277, android.sensor.accelerometer/11 completed
04-01 15:59:48.643  1931  4085 I NetworkBoostStatusManager: handle: 107
04-01 15:59:48.652  3991  4846 E PhoneAdapter: get ntnphones failed, exception: java.lang.IllegalStateException: Default phones haven't been made yet!
04-01 15:59:48.653  1931  4085 D SLM-SRV-SLAService: isModemSingnalStrengthStatus = 0
04-01 15:59:48.895  1899  1899 I wificond: station_bandwidth: P
04-01 15:59:48.903  4019  4019 D ArtChoreographerMonitor: invoke error.
04-01 15:59:48.934  1254  1254 E vendor.qti.hardware.perf@2.2-service: Unknown params
04-01 15:59:49.084  4019  4019 D ArtChoreographerMonitor: invoke error.
04-01 15:59:49.125  1109  5528 I vendor.qti.bluetooth@1.0-ibs_handler: ProcessIbsCmd: Received IBS_WAKE_IND: 0xFD
04-01 15:59:49.125  1109  5528 D vendor.qti.bluetooth@1.0-ibs_handler: SerialClockVote: vote for UART CLK ON
04-01 15:59:49.126  1109  5528 D vendor.qti.bluetooth@1.0-wake_lock: Acquire wakelock is acquired 
04-01 15:59:49.126  1109  5528 I vendor.qti.bluetooth@1.0-ibs_handler: ProcessIbsCmd: Writing IBS_WAKE_ACK
04-01 15:59:49.126  1931  2861 W ActivityManagerServiceImpl: Sending non-protected broadcast miui.intent.action.CYCLE_CHECK from system uid 1000 pkg android. Callers=com.android.server.am.ActivityManagerService.checkBroadcastFromSystem:15246 com.android.server.am.ActivityManagerService.broadcastIntentLockedTraced:16076 com.android.server.am.ActivityManagerService.broadcastIntentLocked:15304 com.android.server.am.ActivityManagerService.broadcastIntentInPackage:16309 com.android.server.am.ActivityManagerService$LocalService.broadcastIntentInPackage:19055 
04-01 15:59:49.127  1931  2861 D AlarmManager: mBroadcastRefCount -> 1
04-01 15:59:49.131  4969  5531 I bt_stack: [INFO:btm_ble_gap.cc(3528)] btm_ble_process_adv_pkt_cont Data Complete 7f:23:b6:78:e3:70
04-01 15:59:49.133  4969  5531 I bt_stack: [INFO:btm_ble_gap.cc(3528)] btm_ble_process_adv_pkt_cont Data Complete 7f:23:b6:78:e3:70
04-01 15:59:49.133  4969  5531 D bt_btm_ble: bool parse_adv_audio_uuids_from_adv_pkt(const uint8_t *, size_t, uint8_t): tmap_cap_pts: false
04-01 15:59:49.134  4969  5244 D BluetoothRemoteDevices:  getMappingAddr null
04-01 15:59:49.135  4969  5244 D BluetoothAdapterService: getIdentityAddress null retruning 7F:23:B6:78:E3:70
04-01 15:59:49.146  4883 15229 I NearbyDiscovery: (REDACTED) BloomFilterAdvManager: Detected bloom filter but too far away, ignoring. %sm, %s
04-01 15:59:49.148  1931  2014 D ActivityManager: checkAllowBackground: uid=1000 pkg=android rec=UidRecord{32d667d 1000 PER  fgServices allowlist change:procadj procs:0 seq(299920,297765)} caps=LCMNFU always=false idle=false
04-01 15:59:49.149  1931  1931 D AlarmManager: mBroadcastRefCount -> 0
04-01 15:59:49.149  1931  1931 D AlarmManager: mPendingIntent -> PendingIntent{3224d42: PendingIntentRecord{c313153 android broadcastIntent}}
04-01 15:59:49.153  1931  2014 I android_os_HwBinder: HwBinder: Starting thread pool for getting: vendor.xiaomi.hardware.micharge@1.0::IMiCharge/default
04-01 15:59:49.160  1285  1296 I vendor.xiaomi.hardware.micharge@1.0-service: ReadFilePathValue path = /sys/class/power_supply/battery/temp value = 280
04-01 15:59:49.164  1931  2014 I android_os_HwBinder: HwBinder: Starting thread pool for getting: vendor.xiaomi.hardware.micharge@1.0::IMiCharge/default
04-01 15:59:49.165  1285  1296 I vendor.xiaomi.hardware.micharge@1.0-service: ReadFilePathValue path = /sys/class/power_supply/battery/charge_control_limit value = 0
04-01 15:59:49.167  1109  5528 I vendor.qti.bluetooth@1.0-ibs_handler: ProcessIbsCmd: Received IBS_SLEEP_IND: 0xFE
04-01 15:59:49.168  1109  5528 D vendor.qti.bluetooth@1.0-ibs_handler: SerialClockVote: vote for UART CLK OFF
04-01 15:59:49.188  1931  2001 D HighMemoryManager: Java Memory used=103M max=512M. is system: true
04-01 15:59:49.188  1931  2001 V HighMemoryManager: Check mem usage finished! Next check delay: 0
04-01 15:59:49.318  1109  5267 D vendor.qti.bluetooth@1.0-wake_lock: Release wakelock is released 
04-01 15:59:49.871 23046 23046 I Capacitor/Console: File:  - Line 349 - Msg: [object Object]
04-01 15:59:49.875 23046 23046 V Capacitor/Plugin: To native (Capacitor plugin): callbackId: 97311463, pluginId: ScreenTime, methodName: consumePendingNavigation
04-01 15:59:49.875 23046 23046 V Capacitor: callback: 97311463, pluginId: ScreenTime, methodName: consumePendingNavigation, methodData: {}
04-01 15:59:49.892 23046 23143 D BlearnScreenTime: consume_pending_navigation_empty
04-01 15:59:49.898 23046 23046 I Capacitor/Console: File:  - Line 333 - Msg: undefined
04-01 15:59:50.492  1931  2916 D MiuiNetworkPolicy: updateLimit mLimitEnabled=true,enabled=false,mNetworkPriorityMode=255,mThermalForceMode=0
04-01 15:59:50.493  1931  2916 I MiuiNetworkPolicy: getDisableLimitTimeout when thermal mode is:0
04-01 15:59:51.122  1931  3244 I SmartPower: com.google.android.gms.unstable/10163(12211): background->idle(3003ms) R(alarm start) adj=800.
04-01 15:59:51.123  1931  3244 I SmartPower: com.google.process.gservices/10163(6474): background->idle(3003ms) R(alarm start) adj=945.
04-01 15:59:51.123  1931  3244 I SmartPower: com.google.android.gms/10163(5288): background->idle(81398ms) R(alarm start) adj=600.
04-01 15:59:51.123  1931  3244 I SmartPower: com.google.android.gms:snet/10163(23091): background->idle(3003ms) R(alarm start) adj=800.
04-01 15:59:51.123  1931  3244 I SmartPower: com.google.process.gapps/10163(20652): background->idle(3003ms) R(alarm start) adj=955.
04-01 15:59:51.552  1157  1157 I sensors-hal: batch:242, android.sensor.accelerometer/11, period=16666000, max_latency=0
04-01 15:59:51.552  1157  1157 I sensors-hal: set_config:63, sample_period_ns is adjusted to 16666000 based on min/max delay_ns
04-01 15:59:51.552  1157  1157 I sensors-hal: batch:251, android.sensor.accelerometer/11, period=16666000, max_latency=0 request completed
04-01 15:59:51.554  1157  1157 I sensors-hal: batch:242, android.sensor.light/51, period=200000000, max_latency=0
04-01 15:59:51.554  1157  1157 I sensors-hal: set_config:68, no need to adjust sample_period_ns due to on_change_sp_enabled = 1 or reporting_mode = 2
04-01 15:59:51.554  1157  1157 I sensors-hal: batch:251, android.sensor.light/51, period=200000000, max_latency=0 request completed
04-01 15:59:51.626  1931  7215 D ActivityManager: checkAllowBackground: uid=10163 pkg=com.google.android.gms rec=UidRecord{875802d u0a163 BFGS change:procadj procs:0 seq(299922,985)} caps=LCMNFU always=false idle=false
04-01 15:59:51.919  1899  1899 I wificond: station_bandwidth: P
04-01 15:59:51.925  4019  4019 D ArtChoreographerMonitor: invoke error.
04-01 15:59:51.950  1254  1254 E vendor.qti.hardware.perf@2.2-service: Unknown params
04-01 15:59:52.101  4019  4019 D ArtChoreographerMonitor: invoke error.
04-01 15:59:52.475  1931  2335 D HeapUsage Monitor: HeapAllocSize : 104MB; monitorSize : 500MB
04-01 15:59:52.768 15909 17072 V U.Notification: Posting new notification, elapsed=16078
04-01 15:59:53.078  1109  5528 I vendor.qti.bluetooth@1.0-ibs_handler: ProcessIbsCmd: Received IBS_WAKE_IND: 0xFD
04-01 15:59:53.078  1109  5528 D vendor.qti.bluetooth@1.0-ibs_handler: SerialClockVote: vote for UART CLK ON
04-01 15:59:53.079  1109  5528 D vendor.qti.bluetooth@1.0-wake_lock: Acquire wakelock is acquired 
04-01 15:59:53.079  1109  5528 I vendor.qti.bluetooth@1.0-ibs_handler: ProcessIbsCmd: Writing IBS_WAKE_ACK
04-01 15:59:53.082  4969  5531 I bt_stack: [INFO:btm_ble_gap.cc(3528)] btm_ble_process_adv_pkt_cont Data Complete 46:61:fd:16:0c:22
04-01 15:59:53.083  4969  5531 I bt_stack: [INFO:btm_ble_gap.cc(3528)] btm_ble_process_adv_pkt_cont Data Complete 46:61:fd:16:0c:22
04-01 15:59:53.083  4969  5531 D bt_btm_ble: bool parse_adv_audio_uuids_from_adv_pkt(const uint8_t *, size_t, uint8_t): tmap_cap_pts: false
04-01 15:59:53.084  4969  5531 I bt_stack: [INFO:btm_ble_gap.cc(3528)] btm_ble_process_adv_pkt_cont Data Complete 7f:23:b6:78:e3:70
04-01 15:59:53.085  4969  5244 D BluetoothAdapterService: getIdentityAddress null retruning 46:61:FD:16:0C:22
04-01 15:59:53.091  4883 15229 I NearbyDiscovery: (REDACTED) BloomFilterAdvManager: Detected bloom filter but too far away, ignoring. %sm, %s
04-01 15:59:53.123  1109  5528 I vendor.qti.bluetooth@1.0-ibs_handler: ProcessIbsCmd: Received IBS_SLEEP_IND: 0xFE
04-01 15:59:53.123  1109  5528 D vendor.qti.bluetooth@1.0-ibs_handler: SerialClockVote: vote for UART CLK OFF
04-01 15:59:53.274  1109  5267 D vendor.qti.bluetooth@1.0-wake_lock: Release wakelock is released 
04-01 15:59:54.250  1931  4128 D SLM-SRV-SLAService: checktemp temperature = 28764 temperature_average = 29237 isPerformanceMode = false thermal_enable_slm = true
04-01 15:59:54.942  1899  1899 I wificond: station_bandwidth: P
04-01 15:59:54.949  4019  4019 D ArtChoreographerMonitor: invoke error.
04-01 15:59:54.964  1254  1254 E vendor.qti.hardware.perf@2.2-service: Unknown params
04-01 15:59:55.120  4019  4019 D ArtChoreographerMonitor: invoke error.
04-01 15:59:55.499  1931  2916 D MiuiNetworkPolicy: updateLimit mLimitEnabled=false,enabled=true,mNetworkPriorityMode=255,mThermalForceMode=0
04-01 15:59:55.501  1931  2916 I MiuiNetworkPolicy: getEnableLimitTimeout when thermal mode is:0
04-01 15:59:55.754  1109  5528 I vendor.qti.bluetooth@1.0-ibs_handler: ProcessIbsCmd: Received IBS_WAKE_IND: 0xFD
04-01 15:59:55.754  1109  5528 D vendor.qti.bluetooth@1.0-ibs_handler: SerialClockVote: vote for UART CLK ON
04-01 15:59:55.755  1109  5528 D vendor.qti.bluetooth@1.0-wake_lock: Acquire wakelock is acquired 
04-01 15:59:55.755  1109  5528 I vendor.qti.bluetooth@1.0-ibs_handler: ProcessIbsCmd: Writing IBS_WAKE_ACK
04-01 15:59:55.757  4969  5531 I bt_stack: [INFO:btm_ble_gap.cc(3528)] btm_ble_process_adv_pkt_cont Data Complete 7f:23:b6:78:e3:70
04-01 15:59:55.758  4969  5531 I bt_stack: [INFO:btm_ble_gap.cc(3528)] btm_ble_process_adv_pkt_cont Data Complete 7f:23:b6:78:e3:70
04-01 15:59:55.758  4969  5531 D bt_btm_ble: bool parse_adv_audio_uuids_from_adv_pkt(const uint8_t *, size_t, uint8_t): tmap_cap_pts: false
04-01 15:59:55.759  4969  5244 D BluetoothRemoteDevices:  getMappingAddr null
04-01 15:59:55.759  4969  5244 D BluetoothAdapterService: getIdentityAddress null retruning 7F:23:B6:78:E3:70
04-01 15:59:55.765  4883 15229 I NearbyDiscovery: (REDACTED) BloomFilterAdvManager: Detected bloom filter but too far away, ignoring. %sm, %s
04-01 15:59:55.776  1931  1931 W android.fg: type=1400 audit(0.0:11474): avc:  denied  { read } for  name="u:object_r:wifi_hal_prop:s0" dev="tmpfs" ino=13893 scontext=u:r:system_server:s0 tcontext=u:object_r:wifi_hal_prop:s0 tclass=file permissive=0
04-01 15:59:55.780  1931  2012 W libc    : Access denied finding property "wifi.interface"
04-01 15:59:55.781  1931  2012 D NetworkManagement: wlan0 <====> 1
04-01 15:59:55.781  1931  2012 I MiuiNetworkPolicy: label wlan0, uid -1, active false, tsNanos 27865266454702
04-01 15:59:55.781  1931  2916 D MiuiNetworkPolicy: updateLimit mLimitEnabled=true,enabled=false,mNetworkPriorityMode=255,mThermalForceMode=0
04-01 15:59:55.796  1109  5528 I vendor.qti.bluetooth@1.0-ibs_handler: ProcessIbsCmd: Received IBS_SLEEP_IND: 0xFE
04-01 15:59:55.796  1109  5528 D vendor.qti.bluetooth@1.0-ibs_handler: SerialClockVote: vote for UART CLK OFF
04-01 15:59:55.901 23046 23046 I Capacitor/Console: File:  - Line 349 - Msg: [object Object]
04-01 15:59:55.904 23046 23046 V Capacitor/Plugin: To native (Capacitor plugin): callbackId: 97311464, pluginId: ScreenTime, methodName: consumePendingNavigation
04-01 15:59:55.904 23046 23046 V Capacitor: callback: 97311464, pluginId: ScreenTime, methodName: consumePendingNavigation, methodData: {}
04-01 15:59:55.920 23046 23143 D BlearnScreenTime: consume_pending_navigation_empty
04-01 15:59:55.926 23046 23046 I Capacitor/Console: File:  - Line 333 - Msg: undefined
04-01 15:59:55.947  1109  5267 D vendor.qti.bluetooth@1.0-wake_lock: Release wakelock is released 
04-01 15:59:56.627  1931  2861 I SmartPower: com.google.android.gms.unstable/10163(12211): idle->background(5504ms) R(alarm start) adj=800.
04-01 15:59:56.628  1931  2861 I SmartPower: com.google.process.gservices/10163(6474): idle->background(5505ms) R(alarm start) adj=945.
04-01 15:59:56.628  1931  2861 I SmartPower: com.google.android.gms/10163(5288): idle->background(5505ms) R(alarm start) adj=600.
04-01 15:59:56.628  1931  2861 I SmartPower: com.google.android.gms:snet/10163(23091): idle->background(5505ms) R(alarm start) adj=800.
04-01 15:59:56.629  1931  2861 I SmartPower: com.google.process.gapps/10163(20652): idle->background(5505ms) R(alarm start) adj=955.
04-01 15:59:56.632  1931  2861 D AlarmManager: mBroadcastRefCount -> 1
04-01 15:59:56.633  1931  2861 I whetstone.activity: Power Event callback listener is empty for resId=128
04-01 15:59:56.633  1931  2861 D BatteryStatsManagerStub: notifyEvent for resId=128 used 0ms
04-01 15:59:56.638  1931  1931 D AlarmManager: mBroadcastRefCount -> 0
04-01 15:59:56.639  1931  1931 D AlarmManager: mPendingIntent -> PendingIntent{653050f: PendingIntentRecord{157d6ec com.google.android.gms/com.google.android.gms.location_base broadcastIntent}}
04-01 15:59:56.650  1157  1157 I sensors-hal: flush:271, android.sensor.accelerometer/11
04-01 15:59:56.650  1157  1157 I sensors-hal: send_sync_sensor_request:364, send sync request
04-01 15:59:56.650  1157  1157 I sensors-hal: send_sync_sensor_request:390, wait for notification of response
04-01 15:59:56.652  1157 19828 I sensors-hal: ssc_conn_resp_cb:689, resp_value = 0
04-01 15:59:56.652  1157  1157 I sensors-hal: send_sync_sensor_request:396, takes 1 ms to receive the response with 0
04-01 15:59:56.652  1157  1157 I sensors-hal: flush:277, android.sensor.accelerometer/11 completed
04-01 15:59:57.080  1109  5528 I vendor.qti.bluetooth@1.0-ibs_handler: ProcessIbsCmd: Received IBS_WAKE_IND: 0xFD
04-01 15:59:57.080  1109  5528 D vendor.qti.bluetooth@1.0-ibs_handler: SerialClockVote: vote for UART CLK ON
04-01 15:59:57.082  1109  5528 D vendor.qti.bluetooth@1.0-wake_lock: Acquire wakelock is acquired 
04-01 15:59:57.082  1109  5528 I vendor.qti.bluetooth@1.0-ibs_handler: ProcessIbsCmd: Writing IBS_WAKE_ACK
04-01 15:59:57.085  4969  5531 I bt_stack: [INFO:btm_ble_gap.cc(3528)] btm_ble_process_adv_pkt_cont Data Complete 7f:23:b6:78:e3:70
04-01 15:59:57.085  4969  5531 I bt_stack: [INFO:btm_ble_gap.cc(3528)] btm_ble_process_adv_pkt_cont Data Complete 7f:23:b6:78:e3:70
04-01 15:59:57.085  4969  5531 D bt_btm_ble: bool parse_adv_audio_uuids_from_adv_pkt(const uint8_t *, size_t, uint8_t): tmap_cap_pts: false
04-01 15:59:57.086  4969  5244 D BluetoothRemoteDevices:  getMappingAddr null
04-01 15:59:57.086  4969  5244 D BluetoothAdapterService: getIdentityAddress null retruning 7F:23:B6:78:E3:70
04-01 15:59:57.092  4883 15229 I NearbyDiscovery: (REDACTED) BloomFilterAdvManager: Detected bloom filter but too far away, ignoring. %sm, %s
04-01 15:59:57.123  1109  5528 I vendor.qti.bluetooth@1.0-ibs_handler: ProcessIbsCmd: Received IBS_SLEEP_IND: 0xFE
04-01 15:59:57.123  1109  5528 D vendor.qti.bluetooth@1.0-ibs_handler: SerialClockVote: vote for UART CLK OFF
04-01 15:59:57.274  1109  5267 D vendor.qti.bluetooth@1.0-wake_lock: Release wakelock is released 
04-01 15:59:57.829  1931  2012 W libc    : Access denied finding property "wifi.interface"
04-01 15:59:57.829  1931  2012 D NetworkManagement: wlan0 <====> 1
04-01 15:59:57.829  1931  2012 I MiuiNetworkPolicy: label wlan0, uid 10091, active true, tsNanos 27867312384076
04-01 15:59:57.824  1931  1931 W android.fg: type=1400 audit(0.0:11475): avc:  denied  { read } for  name="u:object_r:wifi_hal_prop:s0" dev="tmpfs" ino=13893 scontext=u:r:system_server:s0 tcontext=u:object_r:wifi_hal_prop:s0 tclass=file permissive=0
04-01 15:59:57.830  1931  2916 I MiuiNetworkPolicy: getEnableLimitTimeout when thermal mode is:0
04-01 15:59:57.830  1931  2916 D MiuiNetworkPolicy: updateLimit mLimitEnabled=false,enabled=true,mNetworkPriorityMode=255,mThermalForceMode=0
04-01 15:59:57.962  1899  1899 I wificond: station_bandwidth: P
04-01 15:59:57.969  4019  4019 D ArtChoreographerMonitor: invoke error.
04-01 15:59:57.995  1254  1254 E vendor.qti.hardware.perf@2.2-service: Unknown params
04-01 15:59:58.148  4019  4019 D ArtChoreographerMonitor: invoke error.
04-01 15:59:58.429  1109  5528 I vendor.qti.bluetooth@1.0-ibs_handler: ProcessIbsCmd: Received IBS_WAKE_IND: 0xFD
04-01 15:59:58.429  1109  5528 D vendor.qti.bluetooth@1.0-ibs_handler: SerialClockVote: vote for UART CLK ON
04-01 15:59:58.430  1109  5528 D vendor.qti.bluetooth@1.0-wake_lock: Acquire wakelock is acquired 
04-01 15:59:58.430  1109  5528 I vendor.qti.bluetooth@1.0-ibs_handler: ProcessIbsCmd: Writing IBS_WAKE_ACK
04-01 15:59:58.433  4969  5531 I bt_stack: [INFO:btm_ble_gap.cc(3528)] btm_ble_process_adv_pkt_cont Data Complete 7f:23:b6:78:e3:70
04-01 15:59:58.473  1109  5528 I vendor.qti.bluetooth@1.0-ibs_handler: ProcessIbsCmd: Received IBS_SLEEP_IND: 0xFE
04-01 15:59:58.473  1109  5528 D vendor.qti.bluetooth@1.0-ibs_handler: SerialClockVote: vote for UART CLK OFF
04-01 15:59:58.624  1109  5267 D vendor.qti.bluetooth@1.0-wake_lock: Release wakelock is released 
04-01 15:59:59.078  1109  5528 I vendor.qti.bluetooth@1.0-ibs_handler: ProcessIbsCmd: Received IBS_WAKE_IND: 0xFD
04-01 15:59:59.078  1109  5528 D vendor.qti.bluetooth@1.0-ibs_handler: SerialClockVote: vote for UART CLK ON
04-01 15:59:59.080  1109  5528 D vendor.qti.bluetooth@1.0-wake_lock: Acquire wakelock is acquired 
04-01 15:59:59.080  1109  5528 I vendor.qti.bluetooth@1.0-ibs_handler: ProcessIbsCmd: Writing IBS_WAKE_ACK
04-01 15:59:59.082  4969  5531 I bt_stack: [INFO:btm_ble_gap.cc(3528)] btm_ble_process_adv_pkt_cont Data Complete 46:61:fd:16:0c:22
04-01 15:59:59.083  4969  5531 I bt_stack: [INFO:btm_ble_gap.cc(3528)] btm_ble_process_adv_pkt_cont Data Complete 46:61:fd:16:0c:22
04-01 15:59:59.083  4969  5531 D bt_btm_ble: bool parse_adv_audio_uuids_from_adv_pkt(const uint8_t *, size_t, uint8_t): tmap_cap_pts: false
