04-01 16:03:16.859  1931  2918 W ContextImpl: Calling a method in the system process without a qualified user: android.app.ContextImpl.sendStickyBroadcast:1637 com.android.server.wifi.ClientModeImpl.sendNetworkChangeBroadcast:3276 com.android.server.wifi.ClientModeImpl.lambda$sendNetworkChangeBroadcastWithCurrentState$14:3246 com.android.server.wifi.ClientModeImpl.$r8$lambda$q-j88Pjw4gROgoJFr8wBlBVbuJI:0 com.android.server.wifi.ClientModeImpl$$ExternalSyntheticLambda4.send:0 
04-01 16:03:16.864  1931  1931 D SlaveWifiManager: getSlaveWifiCurrentNetwork
04-01 16:03:16.865  1931  2916 I MiuiNetworkPolicy: mWifiStateReceiver onReceive: android.net.wifi.STATE_CHANGE
04-01 16:03:16.865  1931  2916 I MiuiNetworkPolicy: wasConnected = true mWifiConnected = true mNetworkPriorityMode =255
04-01 16:03:16.866  4969  4969 D BtGatt.ScanManagerInjector: Connect_state: CONNECTED
04-01 16:03:16.867  1931  4085 I NetworkBoostStatusManager: handle: 102
04-01 16:03:16.867  1931  4085 I NetworkBoostStatusManager: interfaceOnCapabilitiesChanged interface name:wlan0
04-01 16:03:16.867  1931  4085 I NetworkBoostStatusManager: handle: 104
04-01 16:03:16.867  1931  4085 I NetworkBoostStatusManager: SmartDNS onAvailable WIFI master.
04-01 16:03:16.870  6976  8121 I NetBusNetworkMonitor: onCapabilitiesChanged isPrimary = true
04-01 16:03:16.871  1931  1931 D SlaveWifiService: MLOEXECUTE is_disable_eht: 
04-01 16:03:16.871  1931  1931 I MiuiWifiHalHandler: doSupplicantCommand is:SET_ANT_SWAP 0
04-01 16:03:16.872  4969  4969 D BluetoothAdapterService: android.net.wifi.STATE_CHANGE
04-01 16:03:16.873  3991  4727 D HingeNetworkManager: NETWORK_STATE_CHANGED_ACTION: mIsWifiConnected=true
04-01 16:03:16.874  3945  5257 D QCNEJ/WlanStaInfoRelay: Received action: android.net.wifi.STATE_CHANGE
04-01 16:03:16.877  6193 11208 D OsAgent : [wifi_supplicant_status_update][1633] [HC] =>> [HS]
04-01 16:03:16.879 18449 18499 I BugleRcsEngine: handleMessage processing message:[NOTIFY_UPTIME_IGNORE_STATE_CHANGED] with [non-null]:RcsEngineImpl reference [CONTEXT log_prefix="RcsEngineImpl[DUAL_REG]:[3cf2e2d2-8d57]>Handler" thread_id=98 ]
04-01 16:03:16.880 18449 18488 I BugleRcsEngine: Connected state: [1], networkType: [WIFI] [CONTEXT thread_id=90 ]
04-01 16:03:16.881 18449 18499 I BugleRcsEngine: Cannot use CS.apk as it's battery optimized [CONTEXT thread_id=98 ]
04-01 16:03:16.881  9449  9710 W Settings: Setting device_provisioned has moved from android.provider.Settings.Secure to android.provider.Settings.Global.
04-01 16:03:16.882  9449  9710 I JoyoseCloudControlManager3: network metered changed, network metered: false, deviceProvisioned: true, scAllowConn: true, try to setNetworkAccessEnabled: true
04-01 16:03:16.882  6988  7235 D ConnectivityManager: getMobileDataEnabled()+ subId=1
04-01 16:03:16.883  6988  7235 D ConnectivityManager: getMobileDataEnabled()- subId=1 retVal=true
04-01 16:03:16.883  1931  9038 I ClipboardServiceI: checkProviderWakePathForClipboard: primaryClip is null
04-01 16:03:16.883  1931  9038 I SmartPower: com.google.android.apps.messaging/10167(18300): idle->background(5624ms) R(content provider start ContentProviderRecord{73b4454 u0 com.google.android.apps.messaging/.shared.datamodel.provider.sharedstorage.SharedStorageProvider}) adj=200.
04-01 16:03:16.889 18449 18499 I BugleRcsEngine: Rcs is enabled from user settings: true [CONTEXT log_prefix="ProvisioningEngineDataRetriever" thread_id=98 ]
04-01 16:03:16.891  1146  1146 V LocSvc_HIDL_IzatSubscription: [wifiSupplicantStatusUpdate][682] [HS] <<<<= [HC]
04-01 16:03:16.896  6976  8121 I NetBusNetworkMonitor: gateway=192.*.*.1
04-01 16:03:16.896  1931  4085 I NetworkBoostStatusManager: SmartDNS push DnsReslover a relationship, netid 109 name "Flybox-82C9"
04-01 16:03:16.896  1931  4085 W System.err: java.lang.NoSuchMethodException: android.net.ConnectivityManager.setResloverInterfaceIdAndNetid [int, class java.lang.String]
04-01 16:03:16.896  1931  4085 W System.err: 	at java.lang.Class.getMethod(Class.java:2934)
04-01 16:03:16.896  1931  4085 W System.err: 	at java.lang.Class.getDeclaredMethod(Class.java:2913)
04-01 16:03:16.896  1931  4085 W System.err: 	at com.xiaomi.NetworkBoost.StatusManager.setResloverInterfaceIdAndNetid(StatusManager.java:1651)
04-01 16:03:16.896  1931  4085 W System.err: 	at com.xiaomi.NetworkBoost.StatusManager.setSmartDNSInterface(StatusManager.java:1616)
04-01 16:03:16.896  1931  4085 W System.err: 	at com.xiaomi.NetworkBoost.StatusManager.-$$Nest$msetSmartDNSInterface(Unknown Source:0)
04-01 16:03:16.896  1931  4085 W System.err: 	at com.xiaomi.NetworkBoost.StatusManager$InternalHandler.handleMessage(StatusManager.java:591)
04-01 16:03:16.896  1931  4085 W System.err: 	at android.os.Handler.dispatchMessage(Handler.java:106)
04-01 16:03:16.896  1931  4085 W System.err: 	at android.os.Looper.loopOnce(Looper.java:222)
04-01 16:03:16.896  1931  4085 W System.err: 	at android.os.Looper.loop(Looper.java:314)
04-01 16:03:16.896  1931  4085 W System.err: 	at android.os.HandlerThread.run(HandlerThread.java:67)
04-01 16:03:16.899  6976  8121 I NetBusNetworkMonitor: addConnectNetworkInterface mediumType:256, detail:NetworkDetailInfo{mIsConnected=false, mIsSupportTdls=true, mNetworkType=0, mIpAddress=192.*.*.140, mIfName=wlan0, mGateway=192.*.*.1, mNetmask=255.*.*.0, mSsid=F**C9}
04-01 16:03:16.899  6976  8121 I NetBusNetworkMonitor: onCapabilitiesChanged handle=471557132301, mediumType=256, ifName=wlan0
04-01 16:03:16.902  1931  3451 I ClipboardServiceI: checkProviderWakePathForClipboard: primaryClip is null
04-01 16:03:16.914  1146  1385 I LocSvc_api_v02: ---> locClientSendReq line 2409 QMI_LOC_NOTIFY_WIFI_ATTACHMENT_STATUS_REQ_V02
04-01 16:03:16.915  1146  2228 I LocSvc_ApiV02: <--- globalRespCb line 221 QMI_LOC_NOTIFY_WIFI_ATTACHMENT_STATUS_REQ_V02
04-01 16:03:16.917  3586  3586 I wpa_supplicant: wlan0: WPA: RX message 1 of 4-Way Handshake from 48:41:7b:6e:82:d4 (ver=0)
04-01 16:03:16.918  3586  3586 I wpa_supplicant: wlan0: WPA: Sending EAPOL-Key 2/4
04-01 16:03:16.920  1931  2918 I WifiClientModeImpl[45235:wlan0]: Update current security type to 4
04-01 16:03:16.921  1931  2950 E ConnectivityService: BUG: NetworkAgentInfo{network{109}  handle{471557132301}  ni{WIFI CONNECTED extra: } created=2026-04-01T12:32:02.918Z Score(Policies : TRANSPORT_PRIMARY&EVER_EVALUATED&IS_UNMETERED&EVER_VALIDATED&IS_VALIDATED ; KeepConnected : 0)  created 22592574 firstValidated 22592958 lastValidated 22592958  lp{{InterfaceName: wlan0 LinkAddresses: [ 192.168.1.140/24,fe80::7073:1bff:fe08:7675/64,2a01:cb1a:f:c510:7073:1bff:fe08:7675/64,2a01:cb1a:f:c510:a1b0:dd65:553c:a94f/64 ] DnsAddresses: [ /fe80::4a41:7bff:fe6e:82c9%wlan0,/192.168.1.1 ] Domains: lan MTU: 1500 ServerAddress: /192.168.1.1 TcpBufferSizes: 524288,1048576,16777216,262144,524288,16777216 Routes: [ fe80::/64 -> :: wlan0 mtu 0,::/0 -> fe80::4a41:7bff:fe6e:82c9 wlan0 mtu 0,2a01:cb1a:f:c510::/64 -> :: wlan0 mtu 0,192.168.1.0/24 -> 0.0.0.0 wlan0 mtu 0,0.0.0.0/0 -> 192.168.1.1 wlan0 mtu 0 ]}}  nc{[ Transports: WIFI Capabilities: NOT_METERED&INTERNET&NOT_RESTRICTED&TRUSTED&NOT_VPN&VALIDATED&NOT_ROAMING&FOREGROUND&NOT_CONGESTED&NOT_SUSPENDED&NOT_VCN_MANAGED LinkUpBandwidth>=39756Kbps LinkDnBandwidth>=61980Kbps Specifier: <WifiNetworkAgentSpecifier [WifiConfiguration=, SSID="Flybox-82C9", BSSID=48:41:7b:6e:82:d8, band=2, mMatchLocalOnlySpecifiers=false]> TransportInfo: <SSID: "Flybox-82C9", BSSID: 48:41:7b:6e:82:d8, MAC: 72:73:1b:08:76:75, IP: /192.168.1.140, Security type: 4, Supplicant state: ASSOCIATED, Wi-Fi standard: 6, RSSI: -73, Link speed: 432Mbps, Tx Link speed: 432Mbps, Max Supported Tx Link speed: 286Mbps, Rx Link speed: 626Mbps, Max Supported Rx Link speed: 286Mbps, Frequency: 5180MHz, Net ID: 28, Metered hint: false, score: 58, isUsable: true, CarrierMerged: false, SubscriptionId: -1, IsPrimary: 1, Trusted: true, Restricted: false, Ephemeral: false, OEM paid: false, OEM private: false, OSU AP: false, FQDN: <none>, Provider friendly name: <none>, Requesting package name: <none>"Flybox-82C9"wpa3-saeMLO Information: , Is TID-To-Link negotiation supported by the AP: false, AP MLD Address: <none>, AP MLO Link Id: <none>, AP MLO Affiliated links: <none>> SignalStrength: -73 OwnerUid: 1000 AdminUids: [1000] SSID: "Flybox-82C9" UnderlyingNetworks: Null]}  factorySerialNumber=8} lost immutable capabilities:specifier changed: WifiNetworkAgentSpecifier [WifiConfiguration=, SSID="Flybox-82C9", BSSID=48:41:7b:6e:82:d8, band=2, mMatchLocalOnlySpecifiers=false] -> WifiNetworkAgentSpecifier [WifiConfiguration=, SSID="Flybox-82C9", BSSID=48:41:7b:6e:82:d4, band=1, mMatchLocalOnlySpecifiers=false]
04-01 16:03:16.922  6193 11208 D OsAgent : [wifi_supplicant_status_update][1633] [HC] =>> [HS]
04-01 16:03:16.923  1146  1146 V LocSvc_HIDL_IzatSubscription: [wifiSupplicantStatusUpdate][682] [HS] <<<<= [HC]
04-01 16:03:16.930  3586  3586 I wpa_supplicant: wlan0: WPA: RX message 3 of 4-Way Handshake from 48:41:7b:6e:82:d4 (ver=0)
04-01 16:03:16.930  3586  3586 I wpa_supplicant: wlan0: WPA: Sending EAPOL-Key 4/4
04-01 16:03:16.936  1931  2918 I WifiClientModeImpl[45235:wlan0]: Update current security type to 4
04-01 16:03:16.940  6193 11208 D OsAgent : [wifi_supplicant_status_update][1633] [HC] =>> [HS]
04-01 16:03:16.941  1931  4085 I NetworkBoostStatusManager: handle: 101
04-01 16:03:16.941  1931  4085 I NetworkBoostStatusManager: onLost interface Network:109
04-01 16:03:16.941  1931  4085 I NetworkBoostStatusManager: interface name:  interface number:0 WifiReady:false SlaveWifiReady:false DataReady:false SlaveDataReady:false
04-01 16:03:16.941  1931  2950 D ConnectivityService: NetReassign [no changes] [c 0] [a 1] [i 0]
04-01 16:03:16.942  1146  1146 V LocSvc_HIDL_IzatSubscription: [wifiSupplicantStatusUpdate][682] [HS] <<<<= [HC]
04-01 16:03:16.942  1931  4085 I NetworkAccelerateSwitchService: checkRssiPollStartConditions  mWifiReady:false mRssiPoll:false checkScreenStatus():true isEnableAccelerationSwitch():false
04-01 16:03:16.942  1931  4085 I NetworkAccelerateSwitchService: checkRttPollStartConditions  mWifiReady:false mRssiPoll:false mRssiInRange:false mEffectForegroundUid:0 checkScreenStatus():true isEnableAccelerationSwitch():false
04-01 16:03:16.943  1931  4128 I SLM-SRV-SLAService: interface name: interface number:0 WifiReady:false SlaveWifiReady:false DataReady:false SlaveDataReady:false
04-01 16:03:16.943 15991 15991 W JobService: onNetworkChanged() not implemented in androidx.work.impl.background.systemjob.SystemJobService. Must override in a subclass.
04-01 16:03:16.943  1931  4128 I SLM-SRV-SLAService: SLM_Ai_Mode processAimodeInterfaceStateCallback
04-01 16:03:16.943  1931  4128 I SLM-SRV-SLSAppLib: SLM_Ai_Mode setAimodeInterfaceState ready:false mGameAiModeInterfaceReady:false
04-01 16:03:16.943  1931  4128 I SLM-SRV-SLAService: processNetworkCallback ON_LOST
04-01 16:03:16.943  1931  4128 I SLM-SRV-SLAService: updateSLAD
04-01 16:03:16.943  1931  4128 E SLM-SRV-SLAService: HAL service is null, get
04-01 16:03:16.943  1931  4128 I SLM-SRV-SLSAppLib: setSLSEnableStatus:false
04-01 16:03:16.943  1931  4128 D SLM-SRV-SLAAppLib: getLinkTurboWhiteList:10195,10257,10355,
04-01 16:03:16.943  1931  4128 D SLM-SRV-SLAAppLib: getLinkTurboWhiteList:10195,10257,10355,
04-01 16:03:16.943  1931  4128 I SLM-SRV-SLSAppLib: setSLAAppWhiteList:10195,10257,10355,
04-01 16:03:16.943  1931  4217 I MIWILL-MiWillManager: handle: 102
04-01 16:03:16.944  1931  4217 E MIWILL-MiWillManager: setDualWifiReady miwill hal service lost
04-01 16:03:16.945   640   640 E SELinux : avc:  denied  { find } for interface=vendor.qti.sla.service::ISlaService sid=u:r:system_server:s0 pid=1931 scontext=u:r:system_server:s0 tcontext=u:object_r:default_android_hwservice:s0 tclass=hwservice_manager permissive=0
04-01 16:03:16.947  1931  4085 I NetworkAccelerateSwitch: TODO do stop thread
04-01 16:03:16.948  3586  3586 I wpa_supplicant: wlan0: WPA: Key negotiation completed with 48:41:7b:6e:82:d4 [PTK=CCMP GTK=CCMP]
04-01 16:03:16.948  3586  3586 I wpa_supplicant: wlan0: CTRL-EVENT-CONNECTED - Connection to 48:41:7b:6e:82:d4 completed [id=0 id_str=%7B%22configKey%22%3A%22%5C%22Flybox-82C9%5C%22WPA_PSK%22%2C%22creatorUid%22%3A%221000%22%7D]
04-01 16:03:16.948  3923  4174 D IpClient/wlan0: interfaceLinkStateChanged: ifindex 24 up
04-01 16:03:16.948  3923  4174 I IpClient.wlan0: M or O bit detected
04-01 16:03:16.949  6976  8121 I NetBusNetworkMonitor: onCapabilitiesChanged isPrimary = true
04-01 16:03:16.951  6976  8121 I NetBusNetworkMonitor: gateway=192.*.*.1
04-01 16:03:16.951  3586  3586 I wpa_supplicant: wlan0: TRANSITION-DISABLE 01
04-01 16:03:16.951  9449  9710 W Settings: Setting device_provisioned has moved from android.provider.Settings.Secure to android.provider.Settings.Global.
04-01 16:03:16.952  9449  9710 I JoyoseCloudControlManager3: network metered changed, network metered: false, deviceProvisioned: true, scAllowConn: true, try to setNetworkAccessEnabled: true
04-01 16:03:16.952  1931  4128 E SLM-SRV-SLAService: Exception:java.util.NoSuchElementException
04-01 16:03:16.952  1931  3450 D SlaveWifiService: MLOEXECUTE is_disable_eht: 
04-01 16:03:16.958 18449 18499 I BugleRcsEngine: handleMessage processing message:[NOTIFY_UPTIME_IGNORE_STATE_CHANGED] with [non-null]:RcsEngineImpl reference [CONTEXT log_prefix="RcsEngineImpl[DUAL_REG]:[3cf2e2d2-8d57]>Handler" thread_id=98 ]
04-01 16:03:16.959 18449 18499 I BugleRcsEngine: Cannot use CS.apk as it's battery optimized [CONTEXT thread_id=98 ]
04-01 16:03:16.962  1931  3431 D MiuiWifiStateMachine: enter L2ConnectedState
04-01 16:03:16.964   640   640 I hwservicemanager: getTransport: Cannot find entry android.hardware.wifi.supplicant@1.4::ISupplicant/default in either framework or device VINTF manifest.
04-01 16:03:16.964 18449 18499 I BugleRcsEngine: Rcs is enabled from user settings: true [CONTEXT log_prefix="ProvisioningEngineDataRetriever" thread_id=98 ]
04-01 16:03:16.965 18449 18488 I BugleRcsEngine: Connected state: [1], networkType: [WIFI] [CONTEXT thread_id=90 ]
04-01 16:03:16.965  9449  9710 W Settings: Setting device_provisioned has moved from android.provider.Settings.Secure to android.provider.Settings.Global.
04-01 16:03:16.965  9449  9710 I JoyoseCloudControlManager3: network metered changed, network metered: false, deviceProvisioned: true, scAllowConn: true, try to setNetworkAccessEnabled: true
04-01 16:03:16.967  1931  2918 I WifiClientModeImpl[45235:wlan0]: Update current security type to 4
04-01 16:03:16.968 18449 18488 I BugleRcsEngine: Connected state: [1], networkType: [WIFI] [CONTEXT thread_id=90 ]
04-01 16:03:16.969 15991 15991 W JobService: onNetworkChanged() not implemented in androidx.work.impl.background.systemjob.SystemJobService. Must override in a subclass.
04-01 16:03:16.970 18449 18499 I BugleRcsEngine: handleMessage processing message:[NOTIFY_UPTIME_IGNORE_STATE_CHANGED] with [non-null]:RcsEngineImpl reference [CONTEXT log_prefix="RcsEngineImpl[DUAL_REG]:[3cf2e2d2-8d57]>Handler" thread_id=98 ]
04-01 16:03:16.971 18449 18499 I BugleRcsEngine: Cannot use CS.apk as it's battery optimized [CONTEXT thread_id=98 ]
04-01 16:03:16.974 15991 15991 W JobService: onNetworkChanged() not implemented in androidx.work.impl.background.systemjob.SystemJobService. Must override in a subclass.
04-01 16:03:16.975  6976  8121 I NetBusNetworkMonitor: addConnectNetworkInterface mediumType:256, detail:NetworkDetailInfo{mIsConnected=false, mIsSupportTdls=true, mNetworkType=0, mIpAddress=192.*.*.140, mIfName=wlan0, mGateway=192.*.*.1, mNetmask=255.*.*.0, mSsid=F**C9}
04-01 16:03:16.975  6976  8121 I NetBusNetworkMonitor: onCapabilitiesChanged handle=471557132301, mediumType=256, ifName=wlan0
04-01 16:03:16.975  1931  4085 D NetworkAccelerateSwitchService: disabelNetworkSwitch mSendBroadcast:false misEvevator:false misHighRtt:false
04-01 16:03:16.975  1931  4085 I NetworkAccelerateSwitchService: checkRttPollStartConditions stop
04-01 16:03:16.976  6976  8121 I NetBusNetworkMonitor: onCapabilitiesChanged isPrimary = true
04-01 16:03:16.978  9449  9710 W Settings: Setting device_provisioned has moved from android.provider.Settings.Secure to android.provider.Settings.Global.
04-01 16:03:16.978  6976  8121 I NetBusNetworkMonitor: gateway=192.*.*.1
04-01 16:03:16.978  9449  9710 I JoyoseCloudControlManager3: network metered changed, network metered: false, deviceProvisioned: true, scAllowConn: true, try to setNetworkAccessEnabled: true
04-01 16:03:16.979 18449 18499 I BugleRcsEngine: Rcs is enabled from user settings: true [CONTEXT log_prefix="ProvisioningEngineDataRetriever" thread_id=98 ]
04-01 16:03:16.980  6193 11208 D OsAgent : [wifi_supplicant_status_update][1633] [HC] =>> [HS]
04-01 16:03:16.981  1146  1146 V LocSvc_HIDL_IzatSubscription: [wifiSupplicantStatusUpdate][682] [HS] <<<<= [HC]
04-01 16:03:16.982 18449 18488 I BugleRcsEngine: Connected state: [1], networkType: [WIFI] [CONTEXT thread_id=90 ]
04-01 16:03:16.982  1146  1385 I LocSvc_api_v02: ---> locClientSendReq line 2409 QMI_LOC_NOTIFY_WIFI_ATTACHMENT_STATUS_REQ_V02
04-01 16:03:16.983 18449 18499 I BugleRcsEngine: handleMessage processing message:[NOTIFY_UPTIME_IGNORE_STATE_CHANGED] with [non-null]:RcsEngineImpl reference [CONTEXT log_prefix="RcsEngineImpl[DUAL_REG]:[3cf2e2d2-8d57]>Handler" thread_id=98 ]
04-01 16:03:16.983  1146  2228 I LocSvc_ApiV02: <--- globalRespCb line 221 QMI_LOC_NOTIFY_WIFI_ATTACHMENT_STATUS_REQ_V02
04-01 16:03:16.987  6976  8121 I NetBusNetworkMonitor: addConnectNetworkInterface mediumType:256, detail:NetworkDetailInfo{mIsConnected=false, mIsSupportTdls=true, mNetworkType=0, mIpAddress=192.*.*.140, mIfName=wlan0, mGateway=192.*.*.1, mNetmask=255.*.*.0, mSsid=F**C9}
04-01 16:03:16.987  6976  8121 I NetBusNetworkMonitor: onCapabilitiesChanged handle=471557132301, mediumType=256, ifName=wlan0
04-01 16:03:16.987 18449 18499 I BugleRcsEngine: Cannot use CS.apk as it's battery optimized [CONTEXT thread_id=98 ]
04-01 16:03:16.988  6976  8121 I NetBusNetworkMonitor: onCapabilitiesChanged isPrimary = true
04-01 16:03:16.989  6976  8121 I NetBusNetworkMonitor: gateway=192.*.*.1
04-01 16:03:16.990  1931  4085 I NetworkBoostStatusManager: handle: 100
04-01 16:03:16.990  1931  4085 I NetworkBoostStatusManager: onAvailable interface name:wlan0
04-01 16:03:16.990  1931  4085 I NetworkBoostStatusManager: onAvailable WIFI master.
04-01 16:03:16.990  1931  4085 I NetworkBoostStatusManager: interface name: wlan0, interface number:1 WifiReady:true SlaveWifiReady:false DataReady:false SlaveDataReady:false
04-01 16:03:16.990  1931  4128 I SLM-SRV-SLAService: interface name:wlan0, interface number:1 WifiReady:true SlaveWifiReady:false DataReady:false SlaveDataReady:false
04-01 16:03:16.990  1931  4085 I NetworkAccelerateSwitchService: checkRssiPollStartConditions  mWifiReady:true mRssiPoll:false checkScreenStatus():true isEnableAccelerationSwitch():false
04-01 16:03:16.991  1931  4128 I SLM-SRV-SLAService: SLM_Ai_Mode processAimodeInterfaceStateCallback
04-01 16:03:16.991  1931  4085 I NetworkAccelerateSwitchService: checkRttPollStartConditions  mWifiReady:true mRssiPoll:false mRssiInRange:false mEffectForegroundUid:0 checkScreenStatus():true isEnableAccelerationSwitch():false
04-01 16:03:16.991  1931  4217 I MIWILL-MiWillManager: handle: 102
04-01 16:03:16.991  1931  4217 E MIWILL-MiWillManager: setDualWifiReady miwill hal service lost
04-01 16:03:16.991  1931  4085 I NetworkAccelerateSwitch: TODO do stop thread
04-01 16:03:16.991  1931  4085 D NetworkAccelerateSwitchService: disabelNetworkSwitch mSendBroadcast:false misEvevator:false misHighRtt:false
04-01 16:03:16.991  1931  4085 I NetworkAccelerateSwitchService: checkRttPollStartConditions stop
04-01 16:03:16.992  1931  4128 I SLM-SRV-SLSAppLib: SLM_Ai_Mode setAimodeInterfaceState ready:false mGameAiModeInterfaceReady:false
04-01 16:03:16.992  1931  4128 I SLM-SRV-SLAService: processNetworkCallback ON_LOST
04-01 16:03:16.992  1931  4128 I SLM-SRV-SLAService: updateSLAD
04-01 16:03:16.992  1931  4085 D MscsService: onNetwrokInterfaceChange ifacename:wlan0,
04-01 16:03:16.992  1931  4128 E SLM-SRV-SLAService: HAL service is null, get
04-01 16:03:16.992  1931  4128 I SLM-SRV-SLSAppLib: setSLSEnableStatus:false
04-01 16:03:16.992  1931  4128 D SLM-SRV-SLAAppLib: getLinkTurboWhiteList:10195,10257,10355,
04-01 16:03:16.992  1931  4128 D SLM-SRV-SLAAppLib: getLinkTurboWhiteList:10195,10257,10355,
04-01 16:03:16.992  1931  4128 I SLM-SRV-SLSAppLib: setSLAAppWhiteList:10195,10257,10355,
04-01 16:03:16.992   640   640 E SELinux : avc:  denied  { find } for interface=vendor.qti.sla.service::ISlaService sid=u:r:system_server:s0 pid=1931 scontext=u:r:system_server:s0 tcontext=u:object_r:default_android_hwservice:s0 tclass=hwservice_manager permissive=0
04-01 16:03:16.993  1931  4128 E SLM-SRV-SLAService: Exception:java.util.NoSuchElementException
04-01 16:03:16.994  6976  8121 I NetBusNetworkMonitor: addConnectNetworkInterface mediumType:256, detail:NetworkDetailInfo{mIsConnected=false, mIsSupportTdls=true, mNetworkType=0, mIpAddress=192.*.*.140, mIfName=wlan0, mGateway=192.*.*.1, mNetmask=255.*.*.0, mSsid=F**C9}
04-01 16:03:16.994  6976  8121 I NetBusNetworkMonitor: onCapabilitiesChanged handle=471557132301, mediumType=256, ifName=wlan0
04-01 16:03:16.995  1931  4085 D SlaveWifiManager: getWifiSlaveConnectionInfo
04-01 16:03:16.995  1931  4085 D MscsService: onNetwrokInterfaceChange mMasterWifiUsed:true mSlaveWifiUsed:false mMasterWifiSupport:true mSlaveWifiSupportfalse mIsScreenOn:true
04-01 16:03:16.995 18449 18499 I BugleRcsEngine: Rcs is enabled from user settings: true [CONTEXT log_prefix="ProvisioningEngineDataRetriever" thread_id=98 ]
04-01 16:03:16.996  1931  4085 I NetworkBoostStatusManager: callbackDefaultNetworkInterface ifacename:wlan0 ifacestatus:1
04-01 16:03:16.996  1931  4272 D MscsService: enableMSCS mMSCSEnable: false
04-01 16:03:16.996  1931  4272 D MscsService: mMasterWifiUsed:true mMasterWifiSupport:false mSlaveWifiUsed:false mSlaveWifiSupport:false
04-01 16:03:16.996  1931  4272 D MscsService: ret0:-1 ret1:-1
04-01 16:03:16.996  1931  4085 I NetworkBoostStatusManager: handle: 104
04-01 16:03:16.996  1931  4085 I NetworkBoostStatusManager: SmartDNS onAvailable WIFI master.
04-01 16:03:16.997  1931  4085 I NetworkBoostStatusManager: SmartDNS push DnsReslover a relationship, netid 109 name "Flybox-82C9"
04-01 16:03:16.997  1931  4085 W System.err: java.lang.NoSuchMethodException: android.net.ConnectivityManager.setResloverInterfaceIdAndNetid [int, class java.lang.String]
04-01 16:03:16.997  1931  4085 W System.err: 	at java.lang.Class.getMethod(Class.java:2934)
04-01 16:03:16.997  1931  4085 W System.err: 	at java.lang.Class.getDeclaredMethod(Class.java:2913)
04-01 16:03:16.997  1931  4085 W System.err: 	at com.xiaomi.NetworkBoost.StatusManager.setResloverInterfaceIdAndNetid(StatusManager.java:1651)
04-01 16:03:16.997  1931  4085 W System.err: 	at com.xiaomi.NetworkBoost.StatusManager.setSmartDNSInterface(StatusManager.java:1616)
04-01 16:03:16.997  1931  4085 W System.err: 	at com.xiaomi.NetworkBoost.StatusManager.-$$Nest$msetSmartDNSInterface(Unknown Source:0)
04-01 16:03:16.997  1931  4085 W System.err: 	at com.xiaomi.NetworkBoost.StatusManager$InternalHandler.handleMessage(StatusManager.java:591)
04-01 16:03:16.997  1931  4085 W System.err: 	at android.os.Handler.dispatchMessage(Handler.java:106)
04-01 16:03:16.997  1931  4085 W System.err: 	at android.os.Looper.loopOnce(Looper.java:222)
04-01 16:03:16.997  1931  4085 W System.err: 	at android.os.Looper.loop(Looper.java:314)
04-01 16:03:16.997  1931  4085 W System.err: 	at android.os.HandlerThread.run(HandlerThread.java:67)
04-01 16:03:16.997  1931  4085 I NetworkBoostStatusManager: handle: 102
04-01 16:03:16.997  1931  4085 I NetworkBoostStatusManager: interfaceOnCapabilitiesChanged interface name:wlan0
04-01 16:03:16.997  1931  4085 I NetworkBoostStatusManager: handle: 104
04-01 16:03:16.998  1931  4085 I NetworkBoostStatusManager: SmartDNS onAvailable WIFI master.
04-01 16:03:16.998  1931  4085 I NetworkBoostStatusManager: SmartDNS push DnsReslover a relationship, netid 109 name "Flybox-82C9"
04-01 16:03:16.998  1931  4085 W System.err: java.lang.NoSuchMethodException: android.net.ConnectivityManager.setResloverInterfaceIdAndNetid [int, class java.lang.String]
04-01 16:03:16.998  1931  4085 W System.err: 	at java.lang.Class.getMethod(Class.java:2934)
04-01 16:03:16.998  1931  4085 W System.err: 	at java.lang.Class.getDeclaredMethod(Class.java:2913)
04-01 16:03:16.998  1931  4085 W System.err: 	at com.xiaomi.NetworkBoost.StatusManager.setResloverInterfaceIdAndNetid(StatusManager.java:1651)
04-01 16:03:16.998  1931  4085 W System.err: 	at com.xiaomi.NetworkBoost.StatusManager.setSmartDNSInterface(StatusManager.java:1616)
04-01 16:03:16.998  1931  4085 W System.err: 	at com.xiaomi.NetworkBoost.StatusManager.-$$Nest$msetSmartDNSInterface(Unknown Source:0)
04-01 16:03:16.998  1931  4085 W System.err: 	at com.xiaomi.NetworkBoost.StatusManager$InternalHandler.handleMessage(StatusManager.java:591)
04-01 16:03:16.998  1931  4085 W System.err: 	at android.os.Handler.dispatchMessage(Handler.java:106)
04-01 16:03:16.998  1931  4085 W System.err: 	at android.os.Looper.loopOnce(Looper.java:222)
04-01 16:03:16.998  1931  4085 W System.err: 	at android.os.Looper.loop(Looper.java:314)
04-01 16:03:16.998  1931  4085 W System.err: 	at android.os.HandlerThread.run(HandlerThread.java:67)
04-01 16:03:16.998  1931  4085 I NetworkBoostStatusManager: handle: 102
04-01 16:03:16.998  1931  4085 I NetworkBoostStatusManager: interfaceOnCapabilitiesChanged interface name:wlan0
04-01 16:03:16.998  1931  4085 I NetworkBoostStatusManager: handle: 104
04-01 16:03:16.998  1931  4085 I NetworkBoostStatusManager: SmartDNS onAvailable WIFI master.
04-01 16:03:16.998  1931  4085 I NetworkBoostStatusManager: SmartDNS push DnsReslover a relationship, netid 109 name "Flybox-82C9"
04-01 16:03:16.998  1931  4085 W System.err: java.lang.NoSuchMethodException: android.net.ConnectivityManager.setResloverInterfaceIdAndNetid [int, class java.lang.String]
04-01 16:03:16.999  1931  4085 W System.err: 	at java.lang.Class.getMethod(Class.java:2934)
04-01 16:03:16.999  1931  4085 W System.err: 	at java.lang.Class.getDeclaredMethod(Class.java:2913)
04-01 16:03:16.999  1931  4085 W System.err: 	at com.xiaomi.NetworkBoost.StatusManager.setResloverInterfaceIdAndNetid(StatusManager.java:1651)
04-01 16:03:16.999  1931  4085 W System.err: 	at com.xiaomi.NetworkBoost.StatusManager.setSmartDNSInterface(StatusManager.java:1616)
04-01 16:03:16.999  1931  4085 W System.err: 	at com.xiaomi.NetworkBoost.StatusManager.-$$Nest$msetSmartDNSInterface(Unknown Source:0)
04-01 16:03:16.999  1931  4085 W System.err: 	at com.xiaomi.NetworkBoost.StatusManager$InternalHandler.handleMessage(StatusManager.java:591)
04-01 16:03:16.999  1931  4085 W System.err: 	at android.os.Handler.dispatchMessage(Handler.java:106)
04-01 16:03:16.999  1931  4085 W System.err: 	at android.os.Looper.loopOnce(Looper.java:222)
04-01 16:03:16.999  1931  4085 W System.err: 	at android.os.Looper.loop(Looper.java:314)
04-01 16:03:16.999  1931  4085 W System.err: 	at android.os.HandlerThread.run(HandlerThread.java:67)
04-01 16:03:16.999  1931  4085 I NetworkBoostStatusManager: handle: 102
04-01 16:03:16.999  1931  4085 I NetworkBoostStatusManager: interfaceOnCapabilitiesChanged interface name:wlan0
04-01 16:03:16.999  1931  4085 I NetworkBoostStatusManager: handle: 104
04-01 16:03:16.999  1931  4085 I NetworkBoostStatusManager: SmartDNS onAvailable WIFI master.
04-01 16:03:17.000  1931  4085 I NetworkBoostStatusManager: SmartDNS push DnsReslover a relationship, netid 109 name "Flybox-82C9"
04-01 16:03:17.000  1931  4085 W System.err: java.lang.NoSuchMethodException: android.net.ConnectivityManager.setResloverInterfaceIdAndNetid [int, class java.lang.String]
04-01 16:03:17.000  1931  4085 W System.err: 	at java.lang.Class.getMethod(Class.java:2934)
04-01 16:03:17.000  1931  4085 W System.err: 	at java.lang.Class.getDeclaredMethod(Class.java:2913)
04-01 16:03:17.000  1931  4085 W System.err: 	at com.xiaomi.NetworkBoost.StatusManager.setResloverInterfaceIdAndNetid(StatusManager.java:1651)
04-01 16:03:17.000  1931  4085 W System.err: 	at com.xiaomi.NetworkBoost.StatusManager.setSmartDNSInterface(StatusManager.java:1616)
04-01 16:03:17.000  1931  4085 W System.err: 	at com.xiaomi.NetworkBoost.StatusManager.-$$Nest$msetSmartDNSInterface(Unknown Source:0)
04-01 16:03:17.000  1931  4085 W System.err: 	at com.xiaomi.NetworkBoost.StatusManager$InternalHandler.handleMessage(StatusManager.java:591)
04-01 16:03:17.000  1931  4085 W System.err: 	at android.os.Handler.dispatchMessage(Handler.java:106)
04-01 16:03:17.000  1931  4085 W System.err: 	at android.os.Looper.loopOnce(Looper.java:222)
04-01 16:03:17.000  1931  4085 W System.err: 	at android.os.Looper.loop(Looper.java:314)
04-01 16:03:17.000  1931  4085 W System.err: 	at android.os.HandlerThread.run(HandlerThread.java:67)
04-01 16:03:17.000  1931  4085 I NetworkBoostStatusManager: handle: 102
04-01 16:03:17.000  1931  4085 I NetworkBoostStatusManager: interfaceOnCapabilitiesChanged interface name:wlan0
04-01 16:03:17.000  1931  4085 I NetworkBoostStatusManager: handle: 104
04-01 16:03:17.000  1931  4085 I NetworkBoostStatusManager: SmartDNS onAvailable WIFI master.
04-01 16:03:17.000  1931  4085 I NetworkBoostStatusManager: SmartDNS push DnsReslover a relationship, netid 109 name "Flybox-82C9"
04-01 16:03:17.001  1931  4085 W System.err: java.lang.NoSuchMethodException: android.net.ConnectivityManager.setResloverInterfaceIdAndNetid [int, class java.lang.String]
04-01 16:03:17.001  1931  4085 W System.err: 	at java.lang.Class.getMethod(Class.java:2934)
04-01 16:03:17.001  1931  4085 W System.err: 	at java.lang.Class.getDeclaredMethod(Class.java:2913)
04-01 16:03:17.001  1931  4085 W System.err: 	at com.xiaomi.NetworkBoost.StatusManager.setResloverInterfaceIdAndNetid(StatusManager.java:1651)
04-01 16:03:17.001  1931  4085 W System.err: 	at com.xiaomi.NetworkBoost.StatusManager.setSmartDNSInterface(StatusManager.java:1616)
04-01 16:03:17.001  1931  4085 W System.err: 	at com.xiaomi.NetworkBoost.StatusManager.-$$Nest$msetSmartDNSInterface(Unknown Source:0)
04-01 16:03:17.001  1931  4085 W System.err: 	at com.xiaomi.NetworkBoost.StatusManager$InternalHandler.handleMessage(StatusManager.java:591)
04-01 16:03:17.001  1931  4085 W System.err: 	at android.os.Handler.dispatchMessage(Handler.java:106)
04-01 16:03:17.001  1931  4085 W System.err: 	at android.os.Looper.loopOnce(Looper.java:222)
04-01 16:03:17.001  1931  4085 W System.err: 	at android.os.Looper.loop(Looper.java:314)
04-01 16:03:17.001  1931  4085 W System.err: 	at android.os.HandlerThread.run(HandlerThread.java:67)
04-01 16:03:17.007  4883 12603 I NearbyMediums: (REDACTED) Querying wifi usable channels failed with exception
04-01 16:03:17.007  4883 12603 I NearbyMediums: java.lang.SecurityException: Location mode is disabled for the device
04-01 16:03:17.007  4883 12603 I NearbyMediums: 	at android.os.Parcel.createExceptionOrNull(Parcel.java:3079)
04-01 16:03:17.007  4883 12603 I NearbyMediums: 	at android.os.Parcel.createException(Parcel.java:3063)
04-01 16:03:17.007  4883 12603 I NearbyMediums: 	at android.os.Parcel.readException(Parcel.java:3046)
04-01 16:03:17.007  4883 12603 I NearbyMediums: 	at android.os.Parcel.readException(Parcel.java:2988)
04-01 16:03:17.007  4883 12603 I NearbyMediums: 	at android.net.wifi.IWifiManager$Stub$Proxy.getUsableChannels(IWifiManager.java:6003)
04-01 16:03:17.007  4883 12603 I NearbyMediums: 	at android.net.wifi.WifiManager.getUsableChannels(WifiManager.java:10806)
04-01 16:03:17.007  4883 12603 I NearbyMediums: 	at cas$$ExternalSyntheticApiModelOutline0.m(D8$$SyntheticClass:61)
04-01 16:03:17.007  4883 12603 I NearbyMediums: 	at djkk.y(:com.google.android.gms@261133029@26.11.33 (190400-887465546):21)
04-01 16:03:17.007  4883 12603 I NearbyMediums: 	at djkk.q(:com.google.android.gms@261133029@26.11.33 (190400-887465546):16)
04-01 16:03:17.007  4883 12603 I NearbyMediums: 	at djkk.m(:com.google.android.gms@261133029@26.11.33 (190400-887465546):24)
04-01 16:03:17.007  4883 12603 I NearbyMediums: 	at dkdk.run(:com.google.android.gms@261133029@26.11.33 (190400-887465546):9)
04-01 16:03:17.007  4883 12603 I NearbyMediums: 	at bhsz.c(:com.google.android.gms@261133029@26.11.33 (190400-887465546):50)
04-01 16:03:17.007  4883 12603 I NearbyMediums: 	at bhsz.run(:com.google.android.gms@261133029@26.11.33 (190400-887465546):73)
04-01 16:03:17.007  4883 12603 I NearbyMediums: 	at java.util.concurrent.ThreadPoolExecutor.runWorker(ThreadPoolExecutor.java:1154)
04-01 16:03:17.007  4883 12603 I NearbyMediums: 	at java.util.concurrent.ThreadPoolExecutor$Worker.run(ThreadPoolExecutor.java:652)
04-01 16:03:17.007  4883 12603 I NearbyMediums: 	at bhyq.run(:com.google.android.gms@261133029@26.11.33 (190400-887465546):8)
04-01 16:03:17.007  4883 12603 I NearbyMediums: 	at java.lang.Thread.run(Thread.java:1563)
04-01 16:03:17.007  4883 12603 I NearbyMediums: Caused by: android.os.RemoteException: Remote stack trace:
04-01 16:03:17.007  4883 12603 I NearbyMediums: 	at com.android.server.wifi.util.WifiPermissionsUtil.enforceNearbyDevicesPermission(WifiPermissionsUtil.java:314)
04-01 16:03:17.007  4883 12603 I NearbyMediums: 	at com.android.server.wifi.WifiServiceImpl.getUsableChannels(WifiServiceImpl.java:7206)
04-01 16:03:17.007  4883 12603 I NearbyMediums: 	at android.net.wifi.IWifiManager$Stub.onTransact(IWifiManager.java:3007)
04-01 16:03:17.007  4883 12603 I NearbyMediums: 	at android.os.Binder.execTransactInternal(Binder.java:1351)
04-01 16:03:17.007  4883 12603 I NearbyMediums: 	at android.os.Binder.execTransact(Binder.java:1282)
04-01 16:03:17.007  4883 12603 I NearbyMediums: 
04-01 16:03:17.007  4883 12603 I NearbyMediums: [DeviceCapabilities] Skip refreshing cached wifi channels because it is not supported (refreshCacheWifiChannelsRightAfterNetworkCallbackInvoked:false isWifiGetUsableChannelsSupported:false)
04-01 16:03:17.045  1109  5528 I vendor.qti.bluetooth@1.0-ibs_handler: ProcessIbsCmd: Received IBS_WAKE_IND: 0xFD
04-01 16:03:17.045  1109  5528 D vendor.qti.bluetooth@1.0-ibs_handler: SerialClockVote: vote for UART CLK ON
04-01 16:03:17.046  1109  5528 D vendor.qti.bluetooth@1.0-wake_lock: Acquire wakelock is acquired 
04-01 16:03:17.046  1109  5528 I vendor.qti.bluetooth@1.0-ibs_handler: ProcessIbsCmd: Writing IBS_WAKE_ACK
04-01 16:03:17.048  4969  5531 I bt_stack: [INFO:btm_ble_gap.cc(3528)] btm_ble_process_adv_pkt_cont Data Complete 7f:23:b6:78:e3:70
04-01 16:03:17.049  4969  5531 I bt_stack: [INFO:btm_ble_gap.cc(3528)] btm_ble_process_adv_pkt_cont Data Complete 46:61:fd:16:0c:22
04-01 16:03:17.087  1109  5528 I vendor.qti.bluetooth@1.0-ibs_handler: ProcessIbsCmd: Received IBS_SLEEP_IND: 0xFE
04-01 16:03:17.087  1109  5528 D vendor.qti.bluetooth@1.0-ibs_handler: SerialClockVote: vote for UART CLK OFF
04-01 16:03:17.238  1109  5267 D vendor.qti.bluetooth@1.0-wake_lock: Release wakelock is released 
04-01 16:03:17.285  1899  1899 I wificond: station_bandwidth: 
04-01 16:03:17.286  1931  2918 I WifiConfigManager: Add network frequency, update the store file
04-01 16:03:17.316  1931  2918 D WifiConfigStore: Writing to stores completed in 9 ms.
04-01 16:03:17.317  1931  2918 I WifiConnectivityManagerInjector: update channels, network id: 28, frequency: 2412
04-01 16:03:17.321  1931  2918 W WifiConnectivityManagerInjector: last connected time was log than a week networks count: 85
04-01 16:03:17.321  1931  2918 I WifiConnectivityManagerInjector: Update partial scan network, add frequencies, 2412, 5180, 5260, 5500, 2437, 5280, 5320, 2447, 2452
04-01 16:03:17.324 15991 15991 W JobService: onNetworkChanged() not implemented in androidx.work.impl.background.systemjob.SystemJobService. Must override in a subclass.
04-01 16:03:17.324  4019  4019 D ArtChoreographerMonitor: invoke error.
04-01 16:03:17.325  1931  4085 I NetworkBoostStatusManager: handle: 102
04-01 16:03:17.325  1931  4085 I NetworkBoostStatusManager: interfaceOnCapabilitiesChanged interface name:wlan0
04-01 16:03:17.325  1931  4085 I NetworkBoostStatusManager: handle: 104
04-01 16:03:17.325  1931  4085 I NetworkBoostStatusManager: SmartDNS onAvailable WIFI master.
04-01 16:03:17.326  1931  4085 I NetworkBoostStatusManager: SmartDNS push DnsReslover a relationship, netid 109 name "Flybox-82C9"
04-01 16:03:17.326  1931  4085 W System.err: java.lang.NoSuchMethodException: android.net.ConnectivityManager.setResloverInterfaceIdAndNetid [int, class java.lang.String]
04-01 16:03:17.326  1931  4085 W System.err: 	at java.lang.Class.getMethod(Class.java:2934)
04-01 16:03:17.326  1931  4085 W System.err: 	at java.lang.Class.getDeclaredMethod(Class.java:2913)
04-01 16:03:17.326  1931  4085 W System.err: 	at com.xiaomi.NetworkBoost.StatusManager.setResloverInterfaceIdAndNetid(StatusManager.java:1651)
04-01 16:03:17.326  1931  4085 W System.err: 	at com.xiaomi.NetworkBoost.StatusManager.setSmartDNSInterface(StatusManager.java:1616)
04-01 16:03:17.326  1931  4085 W System.err: 	at com.xiaomi.NetworkBoost.StatusManager.-$$Nest$msetSmartDNSInterface(Unknown Source:0)
04-01 16:03:17.326  1931  4085 W System.err: 	at com.xiaomi.NetworkBoost.StatusManager$InternalHandler.handleMessage(StatusManager.java:591)
04-01 16:03:17.326  1931  4085 W System.err: 	at android.os.Handler.dispatchMessage(Handler.java:106)
04-01 16:03:17.326  1931  4085 W System.err: 	at android.os.Looper.loopOnce(Looper.java:222)
04-01 16:03:17.326  1931  4085 W System.err: 	at android.os.Looper.loop(Looper.java:314)
04-01 16:03:17.326  1931  4085 W System.err: 	at android.os.HandlerThread.run(HandlerThread.java:67)
04-01 16:03:17.333  9449  9710 W Settings: Setting device_provisioned has moved from android.provider.Settings.Secure to android.provider.Settings.Global.
04-01 16:03:17.334  9449  9710 I JoyoseCloudControlManager3: network metered changed, network metered: false, deviceProvisioned: true, scAllowConn: true, try to setNetworkAccessEnabled: true
04-01 16:03:17.338  6976  8121 I NetBusNetworkMonitor: onCapabilitiesChanged isPrimary = true
04-01 16:03:17.339  6976  8121 I NetBusNetworkMonitor: gateway=192.*.*.1
04-01 16:03:17.340 18449 18499 I BugleRcsEngine: handleMessage processing message:[NOTIFY_UPTIME_IGNORE_STATE_CHANGED] with [non-null]:RcsEngineImpl reference [CONTEXT log_prefix="RcsEngineImpl[DUAL_REG]:[3cf2e2d2-8d57]>Handler" thread_id=98 ]
04-01 16:03:17.340 18449 18488 I BugleRcsEngine: Connected state: [1], networkType: [WIFI] [CONTEXT thread_id=90 ]
04-01 16:03:17.341 18449 18499 I BugleRcsEngine: Cannot use CS.apk as it's battery optimized [CONTEXT thread_id=98 ]
04-01 16:03:17.343  1931  2950 D ConnectivityService: NetReassign [no changes] [c 0] [a 0] [i 1]
04-01 16:03:17.345  6976  8121 I NetBusNetworkMonitor: addConnectNetworkInterface mediumType:256, detail:NetworkDetailInfo{mIsConnected=false, mIsSupportTdls=true, mNetworkType=0, mIpAddress=192.*.*.140, mIfName=wlan0, mGateway=192.*.*.1, mNetmask=255.*.*.0, mSsid=F**C9}
04-01 16:03:17.345  6976  8121 I NetBusNetworkMonitor: onCapabilitiesChanged handle=471557132301, mediumType=256, ifName=wlan0
04-01 16:03:17.347 18449 18499 I BugleRcsEngine: Rcs is enabled from user settings: true [CONTEXT log_prefix="ProvisioningEngineDataRetriever" thread_id=98 ]
04-01 16:03:17.364  1931  2365 I SmartPower: com.s_payment.mobiles_bezahlen/10338(7300): idle->background(368487ms) R(broadcast start Intent { act=android.net.wifi.STATE_CHANGE flg=0x14000010 (has extras) }) adj=200.
04-01 16:03:17.498  4019  4019 D ArtChoreographerMonitor: invoke error.
04-01 16:03:17.709  1109  5528 I vendor.qti.bluetooth@1.0-ibs_handler: ProcessIbsCmd: Received IBS_WAKE_IND: 0xFD
04-01 16:03:17.709  1109  5528 D vendor.qti.bluetooth@1.0-ibs_handler: SerialClockVote: vote for UART CLK ON
04-01 16:03:17.710  1109  5528 D vendor.qti.bluetooth@1.0-wake_lock: Acquire wakelock is acquired 
04-01 16:03:17.710  1109  5528 I vendor.qti.bluetooth@1.0-ibs_handler: ProcessIbsCmd: Writing IBS_WAKE_ACK
04-01 16:03:17.711  4969  5531 I bt_stack: [INFO:btm_ble_gap.cc(3528)] btm_ble_process_adv_pkt_cont Data Complete 7f:23:b6:78:e3:70
04-01 16:03:17.751  1109  5528 I vendor.qti.bluetooth@1.0-ibs_handler: ProcessIbsCmd: Received IBS_SLEEP_IND: 0xFE
04-01 16:03:17.751  1109  5528 D vendor.qti.bluetooth@1.0-ibs_handler: SerialClockVote: vote for UART CLK OFF
04-01 16:03:17.841  4883 21863 I NearbySharing: Network state changed: NetworkState(isRestricted=false, isOnline=true, isCongested=false, isMetered=false, isWifiConnected=true)
04-01 16:03:17.901  1109  5267 D vendor.qti.bluetooth@1.0-wake_lock: Release wakelock is released 
04-01 16:03:18.615  1931  2001 D HighMemoryManager: Java Memory used=98M max=512M. is system: true
04-01 16:03:18.615  1931  2001 V HighMemoryManager: Check mem usage finished! Next check delay: 0
04-01 16:03:18.801  1931  4085 I NetworkBoostStatusManager: handle: 107
04-01 16:03:18.806  3991  5645 E PhoneAdapter: get ntnphones failed, exception: java.lang.IllegalStateException: Default phones haven't been made yet!
04-01 16:03:18.810  1931  4085 D SLM-SRV-SLAService: isModemSingnalStrengthStatus = 0
04-01 16:03:18.903  1109  1109 D vendor.qti.bluetooth@1.0-ibs_handler: SerialClockVote: vote for UART CLK ON
04-01 16:03:18.906  1109  1109 D vendor.qti.bluetooth@1.0-wake_lock: Acquire wakelock is acquired 
04-01 16:03:18.906  1109  1109 I vendor.qti.bluetooth@1.0-ibs_handler: DeviceWakeUp: Writing IBS_WAKE_IND
04-01 16:03:18.915  1109  5528 I vendor.qti.bluetooth@1.0-ibs_handler: ProcessIbsCmd: Received IBS_WAKE_ACK: 0xFC
04-01 16:03:18.915  1109  5528 I vendor.qti.bluetooth@1.0-ibs_handler: ProcessIbsCmd: Signal wack_cond_
04-01 16:03:18.915  1109  1109 D vendor.qti.bluetooth@1.0-ibs_handler: DeviceWakeUp: Unblocked from waiting for FC, pthread_cond_timedwait ret = 0
04-01 16:03:18.918  1109  5528 I vendor.qti.bluetooth@1.0-ibs_handler: ProcessIbsCmd: Received IBS_WAKE_IND: 0xFD
04-01 16:03:18.918  1109  5528 I vendor.qti.bluetooth@1.0-ibs_handler: ProcessIbsCmd: Writing IBS_WAKE_ACK
04-01 16:03:18.921  4969  5531 I bt_stack: [INFO:btm_ble_bgconn.cc(435)] Already connection initiated (or) No Pending connections(or) Resources of lcb are exhausted
04-01 16:03:18.965  1109  5528 I vendor.qti.bluetooth@1.0-ibs_handler: ProcessIbsCmd: Received IBS_SLEEP_IND: 0xFE
04-01 16:03:19.223  1931  2861 W ActivityManagerServiceImpl: Sending non-protected broadcast miui.intent.action.CYCLE_CHECK from system uid 1000 pkg android. Callers=com.android.server.am.ActivityManagerService.checkBroadcastFromSystem:15246 com.android.server.am.ActivityManagerService.broadcastIntentLockedTraced:16076 com.android.server.am.ActivityManagerService.broadcastIntentLocked:15304 com.android.server.am.ActivityManagerService.broadcastIntentInPackage:16309 com.android.server.am.ActivityManagerService$LocalService.broadcastIntentInPackage:19055 
04-01 16:03:19.223  1931  2861 D AlarmManager: mBroadcastRefCount -> 1
04-01 16:03:19.232  1931  2014 D ActivityManager: checkAllowBackground: uid=1000 pkg=android rec=UidRecord{32d667d 1000 PER  fgServices allowlist change:procadj procs:0 seq(301579,297765)} caps=LCMNFU always=false idle=false
04-01 16:03:19.235  1931  1931 D AlarmManager: mBroadcastRefCount -> 0
04-01 16:03:19.235  1931  1931 D AlarmManager: mPendingIntent -> PendingIntent{3224d42: PendingIntentRecord{c313153 android broadcastIntent}}
04-01 16:03:19.239  1931  2014 I android_os_HwBinder: HwBinder: Starting thread pool for getting: vendor.xiaomi.hardware.micharge@1.0::IMiCharge/default
04-01 16:03:19.242  1285  1296 I vendor.xiaomi.hardware.micharge@1.0-service: ReadFilePathValue path = /sys/class/power_supply/battery/temp value = 280
04-01 16:03:19.245  1931  2014 I android_os_HwBinder: HwBinder: Starting thread pool for getting: vendor.xiaomi.hardware.micharge@1.0::IMiCharge/default
04-01 16:03:19.246  1285  1296 I vendor.xiaomi.hardware.micharge@1.0-service: ReadFilePathValue path = /sys/class/power_supply/battery/charge_control_limit value = 0
04-01 16:03:19.281  1931  2916 D MiuiNetworkPolicy: updateLimit mLimitEnabled=false,enabled=true,mNetworkPriorityMode=255,mThermalForceMode=0
04-01 16:03:19.282  1931  2916 I MiuiNetworkPolicy: getEnableLimitTimeout when thermal mode is:0
04-01 16:03:19.884  1931  3244 I SmartPower: com.google.android.apps.messaging/10167(18300): background->idle(3001ms) R(content provider start ContentProviderRecord{73b4454 u0 com.google.android.apps.messaging/.shared.datamodel.provider.sharedstorage.SharedStorageProvider}) adj=200.
04-01 16:03:19.925  1109  5538 I vendor.qti.bluetooth@1.0-ibs_handler: DeviceSleep: TX Awake, Sending SLEEP_IND
04-01 16:03:19.925  1109  5538 D vendor.qti.bluetooth@1.0-ibs_handler: SerialClockVote: vote for UART CLK OFF
04-01 16:03:20.075  1109  5267 D vendor.qti.bluetooth@1.0-wake_lock: Release wakelock is released 
04-01 16:03:20.337  1899  1899 I wificond: station_bandwidth: 
04-01 16:03:20.342  1109  5528 I vendor.qti.bluetooth@1.0-ibs_handler: ProcessIbsCmd: Received IBS_WAKE_IND: 0xFD
04-01 16:03:20.342  1109  5528 D vendor.qti.bluetooth@1.0-ibs_handler: SerialClockVote: vote for UART CLK ON
04-01 16:03:20.343  1109  5528 D vendor.qti.bluetooth@1.0-wake_lock: Acquire wakelock is acquired 
04-01 16:03:20.343  1109  5528 I vendor.qti.bluetooth@1.0-ibs_handler: ProcessIbsCmd: Writing IBS_WAKE_ACK
04-01 16:03:20.344  4969  5531 I bt_stack: [INFO:btm_ble_gap.cc(3528)] btm_ble_process_adv_pkt_cont Data Complete 46:61:fd:16:0c:22
04-01 16:03:20.345  4969  5531 I bt_stack: [INFO:btm_ble_gap.cc(3528)] btm_ble_process_adv_pkt_cont Data Complete 46:61:fd:16:0c:22
04-01 16:03:20.345  4969  5531 D bt_btm_ble: bool parse_adv_audio_uuids_from_adv_pkt(const uint8_t *, size_t, uint8_t): tmap_cap_pts: false
04-01 16:03:20.346  4969  5244 D BluetoothAdapterService: getIdentityAddress null retruning 46:61:FD:16:0C:22
04-01 16:03:20.350  4883 15229 I NearbyDiscovery: (REDACTED) BloomFilterAdvManager: Detected bloom filter but too far away, ignoring. %sm, %s
04-01 16:03:20.366  1931  3244 I SmartPower: com.s_payment.mobiles_bezahlen/10338(7300): background->idle(3002ms) R(broadcast start Intent { act=android.net.wifi.STATE_CHANGE flg=0x14000010 (has extras) }) adj=200.
04-01 16:03:20.384  1109  5528 I vendor.qti.bluetooth@1.0-ibs_handler: ProcessIbsCmd: Received IBS_SLEEP_IND: 0xFE
04-01 16:03:20.384  1109  5528 D vendor.qti.bluetooth@1.0-ibs_handler: SerialClockVote: vote for UART CLK OFF
04-01 16:03:20.535  1109  5267 D vendor.qti.bluetooth@1.0-wake_lock: Release wakelock is released 
04-01 16:03:21.356  1157  3401 I sensors-hal: handle_sns_std_sensor_event:57, light_event: ts=28070845971521, lux: 260.4, extra_info=20598 
04-01 16:03:21.419 23046 23046 I Capacitor/Console: File:  - Line 349 - Msg: [object Object]
04-01 16:03:21.420 23046 23046 V Capacitor/Plugin: To native (Capacitor plugin): callbackId: 97311493, pluginId: ScreenTime, methodName: consumePendingNavigation
04-01 16:03:21.420 23046 23046 V Capacitor: callback: 97311493, pluginId: ScreenTime, methodName: consumePendingNavigation, methodData: {}
04-01 16:03:21.425 23046 23143 D BlearnScreenTime: consume_pending_navigation_empty
04-01 16:03:21.427 23046 23046 I Capacitor/Console: File:  - Line 333 - Msg: undefined
04-01 16:03:21.581 23046 23046 W Capacitor/Console: File: https://localhost/assets/useManualLearningCloudSync-D0Zm4qES.js - Line 1 - Msg: Manual learning cloud sync failed: Error: learning cloud save timed out after 90000ms
04-01 16:03:21.717 15909 17072 V U.Notification: Posting new notification, elapsed=16074
04-01 16:03:21.999  1931  4085 I NetworkBoostStatusManager: handle: 108
04-01 16:03:21.999  1931  4085 E NetworkBoostStatusManager: other registerMovementSensorListener succeed!
04-01 16:03:22.138  1931  2384 I ExtM    : zram userate is low, no need to flush: 27
04-01 16:03:22.307  1109  5528 I vendor.qti.bluetooth@1.0-ibs_handler: ProcessIbsCmd: Received IBS_WAKE_IND: 0xFD
04-01 16:03:22.307  1109  5528 D vendor.qti.bluetooth@1.0-ibs_handler: SerialClockVote: vote for UART CLK ON
04-01 16:03:22.309  1109  5528 D vendor.qti.bluetooth@1.0-wake_lock: Acquire wakelock is acquired 
04-01 16:03:22.309  1109  5528 I vendor.qti.bluetooth@1.0-ibs_handler: ProcessIbsCmd: Writing IBS_WAKE_ACK
04-01 16:03:22.310  4969  5531 I bt_stack: [INFO:btm_ble_gap.cc(3528)] btm_ble_process_adv_pkt_cont Data Complete 46:61:fd:16:0c:22
04-01 16:03:22.311  4969  5531 I bt_stack: [INFO:btm_ble_gap.cc(3528)] btm_ble_process_adv_pkt_cont Data Complete 46:61:fd:16:0c:22
04-01 16:03:22.311  4969  5531 D bt_btm_ble: bool parse_adv_audio_uuids_from_adv_pkt(const uint8_t *, size_t, uint8_t): tmap_cap_pts: false
04-01 16:03:22.312  4969  5244 D BluetoothAdapterService: getIdentityAddress null retruning 46:61:FD:16:0C:22
04-01 16:03:22.317  4883 15229 I NearbyDiscovery: (REDACTED) BloomFilterAdvManager: Detected bloom filter but too far away, ignoring. %sm, %s
04-01 16:03:22.350  1109  5528 I vendor.qti.bluetooth@1.0-ibs_handler: ProcessIbsCmd: Received IBS_SLEEP_IND: 0xFE
04-01 16:03:22.350  1109  5528 D vendor.qti.bluetooth@1.0-ibs_handler: SerialClockVote: vote for UART CLK OFF
04-01 16:03:22.486  1931  2335 D HeapUsage Monitor: HeapAllocSize : 102MB; monitorSize : 500MB
04-01 16:03:22.501  1109  5267 D vendor.qti.bluetooth@1.0-wake_lock: Release wakelock is released 
04-01 16:03:22.743  1254  1254 E vendor.qti.hardware.perf@2.2-service: Unknown params
04-01 16:03:22.747  1254  1254 E vendor.qti.hardware.perf@2.2-service: Unknown params
04-01 16:03:22.749  1246  1496 I SDM     : HWDeviceDRM::UpdateMixerAttributes: Mixer WxH 1080x2400-0 for Peripheral
04-01 16:03:22.750  1246  1496 I SDM     : HWCDisplay::SubmitDisplayConfig: Active configuration changed to: 2
04-01 16:03:23.352  1899  1899 I wificond: station_bandwidth: 
