04-01 16:06:35.367  1931  4157 D BatteryStatsManagerStub: notifyEvent for resId=256 used 0ms
04-01 16:06:35.382  1931  6074 D ConnectivityService: requestNetwork for uid/pid:10191/21547 activeRequest: null callbackRequest: 1922 [NetworkRequest [ REQUEST id=1923, [ Capabilities: INTERNET&NOT_RESTRICTED&TRUSTED&NOT_VCN_MANAGED Uid: 10191 RequestorUid: 10191 RequestorPkg: com.google.android.apps.photos UnderlyingNetworks: Null] ]] callback flags: 0 order: 2147483647 isUidTracked: false declaredMethods: AVAIL|LOST|NC|BLK
04-01 16:06:35.385  1931  2950 D ConnectivityService: NetReassign [1923 : null → 109] [c 0] [a 1] [i 0]
04-01 16:06:35.385  1931  2918 D WifiNetworkFactory: got request NetworkRequest [ REQUEST id=1923, [ Capabilities: INTERNET&NOT_RESTRICTED&TRUSTED&NOT_VCN_MANAGED Uid: 10191 RequestorUid: 10191 RequestorPkg: com.google.android.apps.photos UnderlyingNetworks: Null] ]
04-01 16:06:35.385  1931  2918 D UntrustedWifiNetworkFactory: got request NetworkRequest [ REQUEST id=1923, [ Capabilities: INTERNET&NOT_RESTRICTED&TRUSTED&NOT_VCN_MANAGED Uid: 10191 RequestorUid: 10191 RequestorPkg: com.google.android.apps.photos UnderlyingNetworks: Null] ]
04-01 16:06:35.385  1931  2918 D OemPaidWifiNetworkFactory: got request NetworkRequest [ REQUEST id=1923, [ Capabilities: INTERNET&NOT_RESTRICTED&TRUSTED&NOT_VCN_MANAGED Uid: 10191 RequestorUid: 10191 RequestorPkg: com.google.android.apps.photos UnderlyingNetworks: Null] ]
04-01 16:06:35.385  1931  2918 D MultiInternetWifiNetworkFactory: got request NetworkRequest [ REQUEST id=1923, [ Capabilities: INTERNET&NOT_RESTRICTED&TRUSTED&NOT_VCN_MANAGED Uid: 10191 RequestorUid: 10191 RequestorPkg: com.google.android.apps.photos UnderlyingNetworks: Null] ]
04-01 16:06:35.407  1931  6074 I whetstone.activity: Power Event callback listener is empty for resId=256
04-01 16:06:35.407  1931  6074 D BatteryStatsManagerStub: notifyEvent for resId=256 used 0ms
04-01 16:06:35.411  1931  2916 I MiuiNetworkPolicy: updateUidState uid = 10191, uidState = 10
04-01 16:06:35.417  1931  2916 I MiuiNetworkPolicy: updateUidState uid = 10191, uidState = 19
04-01 16:06:35.801  1931  2916 D MiuiNetworkPolicy: updateLimit mLimitEnabled=false,enabled=true,mNetworkPriorityMode=255,mThermalForceMode=0
04-01 16:06:35.802  1931  2916 I MiuiNetworkPolicy: getEnableLimitTimeout when thermal mode is:0
04-01 16:06:35.854  5250 24169 V ContactsTaskScheduler: [ContactsPackageMonitor] Thread[Worker-19,5,main] stopping...
04-01 16:06:36.705  1899  1899 I wificond: station_bandwidth: 
04-01 16:06:36.712  1931  3244 I SmartPower: com.google.android.apps.messaging/10167(18300): background->idle(3002ms) R(content provider start ContentProviderRecord{73b4454 u0 com.google.android.apps.messaging/.shared.datamodel.provider.sharedstorage.SharedStorageProvider}) adj=200.
04-01 16:06:36.714  3945  5257 D QCNEJ/WlanStaInfoRelay: Received action: android.net.wifi.RSSI_CHANGED
04-01 16:06:36.716  4019  4019 D ArtChoreographerMonitor: invoke error.
04-01 16:06:36.717 15991 15991 W JobService: onNetworkChanged() not implemented in androidx.work.impl.background.systemjob.SystemJobService. Must override in a subclass.
04-01 16:06:36.718  1931  4085 I NetworkBoostStatusManager: handle: 102
04-01 16:06:36.718  1931  4085 I NetworkBoostStatusManager: interfaceOnCapabilitiesChanged interface name:wlan0
04-01 16:06:36.719  1931  4085 I NetworkBoostStatusManager: handle: 104
04-01 16:06:36.719  1931  4085 I NetworkBoostStatusManager: SmartDNS onAvailable WIFI master.
04-01 16:06:36.724  9449  9710 W Settings: Setting device_provisioned has moved from android.provider.Settings.Secure to android.provider.Settings.Global.
04-01 16:06:36.724  9449  9710 I JoyoseCloudControlManager3: network metered changed, network metered: false, deviceProvisioned: true, scAllowConn: true, try to setNetworkAccessEnabled: true
04-01 16:06:36.727  1931  4085 I NetworkBoostStatusManager: SmartDNS push DnsReslover a relationship, netid 109 name "Flybox-82C9"
04-01 16:06:36.728  6976  8121 I NetBusNetworkMonitor: onCapabilitiesChanged isPrimary = true
04-01 16:06:36.728  1931  4085 W System.err: java.lang.NoSuchMethodException: android.net.ConnectivityManager.setResloverInterfaceIdAndNetid [int, class java.lang.String]
04-01 16:06:36.729  1931  4085 W System.err: 	at java.lang.Class.getMethod(Class.java:2934)
04-01 16:06:36.729  1931  4085 W System.err: 	at java.lang.Class.getDeclaredMethod(Class.java:2913)
04-01 16:06:36.729  1931  4085 W System.err: 	at com.xiaomi.NetworkBoost.StatusManager.setResloverInterfaceIdAndNetid(StatusManager.java:1651)
04-01 16:06:36.729  1931  4085 W System.err: 	at com.xiaomi.NetworkBoost.StatusManager.setSmartDNSInterface(StatusManager.java:1616)
04-01 16:06:36.729  1931  4085 W System.err: 	at com.xiaomi.NetworkBoost.StatusManager.-$$Nest$msetSmartDNSInterface(Unknown Source:0)
04-01 16:06:36.729  1931  4085 W System.err: 	at com.xiaomi.NetworkBoost.StatusManager$InternalHandler.handleMessage(StatusManager.java:591)
04-01 16:06:36.729  1931  4085 W System.err: 	at android.os.Handler.dispatchMessage(Handler.java:106)
04-01 16:06:36.729  1931  4085 W System.err: 	at android.os.Looper.loopOnce(Looper.java:222)
04-01 16:06:36.729  1931  4085 W System.err: 	at android.os.Looper.loop(Looper.java:314)
04-01 16:06:36.729  1931  4085 W System.err: 	at android.os.HandlerThread.run(HandlerThread.java:67)
04-01 16:06:36.730  6976  8121 I NetBusNetworkMonitor: gateway=192.*.*.1
04-01 16:06:36.733 18449 18488 I BugleRcsEngine: Connected state: [1], networkType: [WIFI] [CONTEXT thread_id=90 ]
04-01 16:06:36.735 18449 18499 I BugleRcsEngine: handleMessage processing message:[NOTIFY_UPTIME_IGNORE_STATE_CHANGED] with [non-null]:RcsEngineImpl reference [CONTEXT log_prefix="RcsEngineImpl[DUAL_REG]:[3cf2e2d2-8d57]>Handler" thread_id=98 ]
04-01 16:06:36.737  6976  8121 I NetBusNetworkMonitor: addConnectNetworkInterface mediumType:256, detail:NetworkDetailInfo{mIsConnected=false, mIsSupportTdls=true, mNetworkType=0, mIpAddress=192.*.*.140, mIfName=wlan0, mGateway=192.*.*.1, mNetmask=255.*.*.0, mSsid=F**C9}
04-01 16:06:36.737 18449 18499 I BugleRcsEngine: Cannot use CS.apk as it's battery optimized [CONTEXT thread_id=98 ]
04-01 16:06:36.737  6976  8121 I NetBusNetworkMonitor: onCapabilitiesChanged handle=471557132301, mediumType=256, ifName=wlan0
04-01 16:06:36.739  1931  6466 I ClipboardServiceI: checkProviderWakePathForClipboard: primaryClip is null
04-01 16:06:36.744 18449 18499 I BugleRcsEngine: Rcs is enabled from user settings: true [CONTEXT log_prefix="ProvisioningEngineDataRetriever" thread_id=98 ]
04-01 16:06:36.842 24350 24350 I Capacitor/Console: File:  - Line 349 - Msg: [object Object]
04-01 16:06:36.844 24350 24350 V Capacitor/Plugin: To native (Capacitor plugin): callbackId: 24298689, pluginId: ScreenTime, methodName: consumePendingNavigation
04-01 16:06:36.844 24350 24350 V Capacitor: callback: 24298689, pluginId: ScreenTime, methodName: consumePendingNavigation, methodData: {}
04-01 16:06:36.847 24350 24431 D BlearnScreenTime: consume_pending_navigation_empty
04-01 16:06:36.850 24350 24350 I Capacitor/Console: File:  - Line 333 - Msg: undefined
04-01 16:06:36.902  4019  4019 D ArtChoreographerMonitor: invoke error.
04-01 16:06:37.232  4883 21863 I NearbySharing: Network state changed: NetworkState(isRestricted=false, isOnline=true, isCongested=false, isMetered=false, isWifiConnected=true)
04-01 16:06:37.243  1931  3244 I SmartPower: com.google.android.gms/10163(5288): background->idle(3004ms) R(service unbind com.google.android.gms/.chimera.GmsInternalBoundBrokerService) adj=600.
04-01 16:06:37.956  1931  1931 W android.fg: type=1400 audit(0.0:11512): avc:  denied  { read } for  name="u:object_r:wifi_hal_prop:s0" dev="tmpfs" ino=13893 scontext=u:r:system_server:s0 tcontext=u:object_r:wifi_hal_prop:s0 tclass=file permissive=0
04-01 16:06:37.963  1931  2012 W libc    : Access denied finding property "wifi.interface"
04-01 16:06:37.963  1931  2012 D NetworkManagement: wlan0 <====> 1
04-01 16:06:37.964  1931  2012 I MiuiNetworkPolicy: label wlan0, uid -1, active false, tsNanos 28267442436840
04-01 16:06:37.965  1931  2916 D MiuiNetworkPolicy: updateLimit mLimitEnabled=true,enabled=false,mNetworkPriorityMode=255,mThermalForceMode=0
04-01 16:06:38.317  1109  5528 I vendor.qti.bluetooth@1.0-ibs_handler: ProcessIbsCmd: Received IBS_WAKE_IND: 0xFD
04-01 16:06:38.317  1109  5528 D vendor.qti.bluetooth@1.0-ibs_handler: SerialClockVote: vote for UART CLK ON
04-01 16:06:38.318  1109  5528 D vendor.qti.bluetooth@1.0-wake_lock: Acquire wakelock is acquired 
04-01 16:06:38.318  1109  5528 I vendor.qti.bluetooth@1.0-ibs_handler: ProcessIbsCmd: Writing IBS_WAKE_ACK
04-01 16:06:38.320  4969  5531 I bt_stack: [INFO:btm_ble_gap.cc(3528)] btm_ble_process_adv_pkt_cont Data Complete 46:61:fd:16:0c:22
04-01 16:06:38.320  4969  5531 I bt_stack: [INFO:btm_ble_gap.cc(3528)] btm_ble_process_adv_pkt_cont Data Complete 46:61:fd:16:0c:22
04-01 16:06:38.320  4969  5531 D bt_btm_ble: bool parse_adv_audio_uuids_from_adv_pkt(const uint8_t *, size_t, uint8_t): tmap_cap_pts: false
04-01 16:06:38.321  4969  5244 D BluetoothAdapterService: getIdentityAddress null retruning 46:61:FD:16:0C:22
04-01 16:06:38.326  4883 15229 I NearbyDiscovery: (REDACTED) BloomFilterAdvManager: Detected bloom filter but too far away, ignoring. %sm, %s
04-01 16:06:38.359  1109  5528 I vendor.qti.bluetooth@1.0-ibs_handler: ProcessIbsCmd: Received IBS_SLEEP_IND: 0xFE
04-01 16:06:38.359  1109  5528 D vendor.qti.bluetooth@1.0-ibs_handler: SerialClockVote: vote for UART CLK OFF
04-01 16:06:38.367  1931  3244 I SmartPower: com.google.android.apps.photos/10191(21547): background->idle(3003ms) R(service create com.google.android.apps.photos/androidx.work.impl.background.systemjob.SystemJobService) adj=905.
04-01 16:06:38.509  1109  5267 D vendor.qti.bluetooth@1.0-wake_lock: Release wakelock is released 
04-01 16:06:39.730  1899  1899 I wificond: station_bandwidth: 
04-01 16:06:39.737 15991 15991 W JobService: onNetworkChanged() not implemented in androidx.work.impl.background.systemjob.SystemJobService. Must override in a subclass.
04-01 16:06:39.738  3945  5257 D QCNEJ/WlanStaInfoRelay: Received action: android.net.wifi.RSSI_CHANGED
04-01 16:06:39.739  1931  4085 I NetworkBoostStatusManager: handle: 102
04-01 16:06:39.739  1931  4085 I NetworkBoostStatusManager: interfaceOnCapabilitiesChanged interface name:wlan0
04-01 16:06:39.739  1931  4085 I NetworkBoostStatusManager: handle: 104
04-01 16:06:39.739  1931  4085 I NetworkBoostStatusManager: SmartDNS onAvailable WIFI master.
04-01 16:06:39.741  4019  4019 D ArtChoreographerMonitor: invoke error.
04-01 16:06:39.741  1931  4085 I NetworkBoostStatusManager: SmartDNS push DnsReslover a relationship, netid 109 name "Flybox-82C9"
04-01 16:06:39.742  1931  4085 W System.err: java.lang.NoSuchMethodException: android.net.ConnectivityManager.setResloverInterfaceIdAndNetid [int, class java.lang.String]
04-01 16:06:39.742  1931  4085 W System.err: 	at java.lang.Class.getMethod(Class.java:2934)
04-01 16:06:39.742  1931  4085 W System.err: 	at java.lang.Class.getDeclaredMethod(Class.java:2913)
04-01 16:06:39.742  1931  4085 W System.err: 	at com.xiaomi.NetworkBoost.StatusManager.setResloverInterfaceIdAndNetid(StatusManager.java:1651)
04-01 16:06:39.742  1931  4085 W System.err: 	at com.xiaomi.NetworkBoost.StatusManager.setSmartDNSInterface(StatusManager.java:1616)
04-01 16:06:39.742  1931  4085 W System.err: 	at com.xiaomi.NetworkBoost.StatusManager.-$$Nest$msetSmartDNSInterface(Unknown Source:0)
04-01 16:06:39.742  1931  4085 W System.err: 	at com.xiaomi.NetworkBoost.StatusManager$InternalHandler.handleMessage(StatusManager.java:591)
04-01 16:06:39.742  1931  4085 W System.err: 	at android.os.Handler.dispatchMessage(Handler.java:106)
04-01 16:06:39.742  1931  4085 W System.err: 	at android.os.Looper.loopOnce(Looper.java:222)
04-01 16:06:39.742  1931  4085 W System.err: 	at android.os.Looper.loop(Looper.java:314)
04-01 16:06:39.742  1931  4085 W System.err: 	at android.os.HandlerThread.run(HandlerThread.java:67)
04-01 16:06:39.746  9449  9710 W Settings: Setting device_provisioned has moved from android.provider.Settings.Secure to android.provider.Settings.Global.
04-01 16:06:39.747  9449  9710 I JoyoseCloudControlManager3: network metered changed, network metered: false, deviceProvisioned: true, scAllowConn: true, try to setNetworkAccessEnabled: true
04-01 16:06:39.749  6976  8121 I NetBusNetworkMonitor: onCapabilitiesChanged isPrimary = true
04-01 16:06:39.751  6976  8121 I NetBusNetworkMonitor: gateway=192.*.*.1
04-01 16:06:39.757 18449 18488 I BugleRcsEngine: Connected state: [1], networkType: [WIFI] [CONTEXT thread_id=90 ]
04-01 16:06:39.757 18449 18499 I BugleRcsEngine: handleMessage processing message:[NOTIFY_UPTIME_IGNORE_STATE_CHANGED] with [non-null]:RcsEngineImpl reference [CONTEXT log_prefix="RcsEngineImpl[DUAL_REG]:[3cf2e2d2-8d57]>Handler" thread_id=98 ]
04-01 16:06:39.758  6976  8121 I NetBusNetworkMonitor: addConnectNetworkInterface mediumType:256, detail:NetworkDetailInfo{mIsConnected=false, mIsSupportTdls=true, mNetworkType=0, mIpAddress=192.*.*.140, mIfName=wlan0, mGateway=192.*.*.1, mNetmask=255.*.*.0, mSsid=F**C9}
04-01 16:06:39.758  6976  8121 I NetBusNetworkMonitor: onCapabilitiesChanged handle=471557132301, mediumType=256, ifName=wlan0
04-01 16:06:39.759 18449 18499 I BugleRcsEngine: Cannot use CS.apk as it's battery optimized [CONTEXT thread_id=98 ]
04-01 16:06:39.763  1931  6013 I ClipboardServiceI: checkProviderWakePathForClipboard: primaryClip is null
04-01 16:06:39.763  1931  6013 I SmartPower: com.google.android.apps.messaging/10167(18300): idle->background(3051ms) R(content provider start ContentProviderRecord{73b4454 u0 com.google.android.apps.messaging/.shared.datamodel.provider.sharedstorage.SharedStorageProvider}) adj=200.
04-01 16:06:39.770 18449 18499 I BugleRcsEngine: Rcs is enabled from user settings: true [CONTEXT log_prefix="ProvisioningEngineDataRetriever" thread_id=98 ]
04-01 16:06:39.914  4019  4019 D ArtChoreographerMonitor: invoke error.
04-01 16:06:40.254  4883 21863 I NearbySharing: Network state changed: NetworkState(isRestricted=false, isOnline=true, isCongested=false, isMetered=false, isWifiConnected=true)
04-01 16:06:41.029  1109  5528 I vendor.qti.bluetooth@1.0-ibs_handler: ProcessIbsCmd: Received IBS_WAKE_IND: 0xFD
04-01 16:06:41.029  1109  5528 D vendor.qti.bluetooth@1.0-ibs_handler: SerialClockVote: vote for UART CLK ON
04-01 16:06:41.030  1109  5528 D vendor.qti.bluetooth@1.0-wake_lock: Acquire wakelock is acquired 
04-01 16:06:41.030  1109  5528 I vendor.qti.bluetooth@1.0-ibs_handler: ProcessIbsCmd: Writing IBS_WAKE_ACK
04-01 16:06:41.031  4969  5531 I bt_stack: [INFO:btm_ble_gap.cc(3528)] btm_ble_process_adv_pkt_cont Data Complete 7f:23:b6:78:e3:70
04-01 16:06:41.071  1109  5528 I vendor.qti.bluetooth@1.0-ibs_handler: ProcessIbsCmd: Received IBS_SLEEP_IND: 0xFE
04-01 16:06:41.071  1109  5528 D vendor.qti.bluetooth@1.0-ibs_handler: SerialClockVote: vote for UART CLK OFF
04-01 16:06:41.221  1109  5267 D vendor.qti.bluetooth@1.0-wake_lock: Release wakelock is released 
04-01 16:06:42.548  1931  6013 W ProcessStats: Tracking association SourceState{c7aa938 system/1000 BFgs #55502} whose proc state 4 is better than process ProcessState{9194d11 com.google.android.inputmethod.latin/10179 pkg=com.google.android.inputmethod.latin} proc state 6 (10 skipped)
04-01 16:06:42.745  1899  1899 I wificond: station_bandwidth: 
04-01 16:06:42.750  4019  4019 D ArtChoreographerMonitor: invoke error.
04-01 16:06:42.764  1931  3244 I SmartPower: com.google.android.apps.messaging/10167(18300): background->idle(3001ms) R(content provider start ContentProviderRecord{73b4454 u0 com.google.android.apps.messaging/.shared.datamodel.provider.sharedstorage.SharedStorageProvider}) adj=200.
04-01 16:06:42.853 24350 24350 I Capacitor/Console: File:  - Line 349 - Msg: [object Object]
04-01 16:06:42.856 24350 24350 V Capacitor/Plugin: To native (Capacitor plugin): callbackId: 24298690, pluginId: ScreenTime, methodName: consumePendingNavigation
04-01 16:06:42.856 24350 24350 V Capacitor: callback: 24298690, pluginId: ScreenTime, methodName: consumePendingNavigation, methodData: {}
04-01 16:06:42.863 24350 24431 D BlearnScreenTime: consume_pending_navigation_empty
04-01 16:06:42.866 24350 24350 I Capacitor/Console: File:  - Line 333 - Msg: undefined
04-01 16:06:42.919  4019  4019 D ArtChoreographerMonitor: invoke error.
04-01 16:06:44.332  1109  5528 I vendor.qti.bluetooth@1.0-ibs_handler: ProcessIbsCmd: Received IBS_WAKE_IND: 0xFD
04-01 16:06:44.333  1109  5528 D vendor.qti.bluetooth@1.0-ibs_handler: SerialClockVote: vote for UART CLK ON
04-01 16:06:44.333  1109  5528 D vendor.qti.bluetooth@1.0-wake_lock: Acquire wakelock is acquired 
04-01 16:06:44.333  1109  5528 I vendor.qti.bluetooth@1.0-ibs_handler: ProcessIbsCmd: Writing IBS_WAKE_ACK
04-01 16:06:44.335  4969  5531 I bt_stack: [INFO:btm_ble_gap.cc(3528)] btm_ble_process_adv_pkt_cont Data Complete 46:61:fd:16:0c:22
04-01 16:06:44.336  4969  5531 I bt_stack: [INFO:btm_ble_gap.cc(3528)] btm_ble_process_adv_pkt_cont Data Complete 46:61:fd:16:0c:22
04-01 16:06:44.336  4969  5531 D bt_btm_ble: bool parse_adv_audio_uuids_from_adv_pkt(const uint8_t *, size_t, uint8_t): tmap_cap_pts: false
04-01 16:06:44.337  4969  5244 D BluetoothAdapterService: getIdentityAddress null retruning 46:61:FD:16:0C:22
04-01 16:06:44.342  4883 15229 I NearbyDiscovery: (REDACTED) BloomFilterAdvManager: Detected bloom filter but too far away, ignoring. %sm, %s
04-01 16:06:44.374  1109  5528 I vendor.qti.bluetooth@1.0-ibs_handler: ProcessIbsCmd: Received IBS_SLEEP_IND: 0xFE
04-01 16:06:44.374  1109  5528 D vendor.qti.bluetooth@1.0-ibs_handler: SerialClockVote: vote for UART CLK OFF
04-01 16:06:44.525  1109  5267 D vendor.qti.bluetooth@1.0-wake_lock: Release wakelock is released 
04-01 16:06:44.599  1931  4128 D SLM-SRV-SLAService: checktemp temperature = 30621 temperature_average = 30343 isPerformanceMode = false thermal_enable_slm = true
04-01 16:06:45.352  1931  2916 I MiuiNetworkPolicy: updateUidState uid = 10213, uidState = 19
04-01 16:06:45.766  1899  1899 I wificond: station_bandwidth: 
04-01 16:06:45.774 15991 15991 W JobService: onNetworkChanged() not implemented in androidx.work.impl.background.systemjob.SystemJobService. Must override in a subclass.
04-01 16:06:45.778  3945  5257 D QCNEJ/WlanStaInfoRelay: Received action: android.net.wifi.RSSI_CHANGED
04-01 16:06:45.779  6976  8121 I NetBusNetworkMonitor: onCapabilitiesChanged isPrimary = true
04-01 16:06:45.781  9449  9710 W Settings: Setting device_provisioned has moved from android.provider.Settings.Secure to android.provider.Settings.Global.
04-01 16:06:45.781  9449  9710 I JoyoseCloudControlManager3: network metered changed, network metered: false, deviceProvisioned: true, scAllowConn: true, try to setNetworkAccessEnabled: true
04-01 16:06:45.781  1931  4085 I NetworkBoostStatusManager: handle: 102
04-01 16:06:45.781  1931  4085 I NetworkBoostStatusManager: interfaceOnCapabilitiesChanged interface name:wlan0
04-01 16:06:45.782  1931  4085 I NetworkBoostStatusManager: handle: 104
04-01 16:06:45.782  1931  4085 I NetworkBoostStatusManager: SmartDNS onAvailable WIFI master.
04-01 16:06:45.785 18449 18488 I BugleRcsEngine: Connected state: [1], networkType: [WIFI] [CONTEXT thread_id=90 ]
04-01 16:06:45.785 18449 18499 I BugleRcsEngine: handleMessage processing message:[NOTIFY_UPTIME_IGNORE_STATE_CHANGED] with [non-null]:RcsEngineImpl reference [CONTEXT log_prefix="RcsEngineImpl[DUAL_REG]:[3cf2e2d2-8d57]>Handler" thread_id=98 ]
04-01 16:06:45.786 18449 18499 I BugleRcsEngine: Cannot use CS.apk as it's battery optimized [CONTEXT thread_id=98 ]
04-01 16:06:45.789  6976  8121 I NetBusNetworkMonitor: gateway=192.*.*.1
04-01 16:06:45.790  1931  6074 I ClipboardServiceI: checkProviderWakePathForClipboard: primaryClip is null
04-01 16:06:45.790  1931  6074 I SmartPower: com.google.android.apps.messaging/10167(18300): idle->background(3026ms) R(content provider start ContentProviderRecord{73b4454 u0 com.google.android.apps.messaging/.shared.datamodel.provider.sharedstorage.SharedStorageProvider}) adj=200.
04-01 16:06:45.791  4019  4019 D ArtChoreographerMonitor: invoke error.
04-01 16:06:45.792  6976  8121 I NetBusNetworkMonitor: addConnectNetworkInterface mediumType:256, detail:NetworkDetailInfo{mIsConnected=false, mIsSupportTdls=true, mNetworkType=0, mIpAddress=192.*.*.140, mIfName=wlan0, mGateway=192.*.*.1, mNetmask=255.*.*.0, mSsid=F**C9}
04-01 16:06:45.792  6976  8121 I NetBusNetworkMonitor: onCapabilitiesChanged handle=471557132301, mediumType=256, ifName=wlan0
04-01 16:06:45.793  1931  4085 I NetworkBoostStatusManager: SmartDNS push DnsReslover a relationship, netid 109 name "Flybox-82C9"
04-01 16:06:45.793  1931  4085 W System.err: java.lang.NoSuchMethodException: android.net.ConnectivityManager.setResloverInterfaceIdAndNetid [int, class java.lang.String]
04-01 16:06:45.794  1931  4085 W System.err: 	at java.lang.Class.getMethod(Class.java:2934)
04-01 16:06:45.794  1931  4085 W System.err: 	at java.lang.Class.getDeclaredMethod(Class.java:2913)
04-01 16:06:45.794  1931  4085 W System.err: 	at com.xiaomi.NetworkBoost.StatusManager.setResloverInterfaceIdAndNetid(StatusManager.java:1651)
04-01 16:06:45.794  1931  4085 W System.err: 	at com.xiaomi.NetworkBoost.StatusManager.setSmartDNSInterface(StatusManager.java:1616)
04-01 16:06:45.794  1931  4085 W System.err: 	at com.xiaomi.NetworkBoost.StatusManager.-$$Nest$msetSmartDNSInterface(Unknown Source:0)
04-01 16:06:45.794  1931  4085 W System.err: 	at com.xiaomi.NetworkBoost.StatusManager$InternalHandler.handleMessage(StatusManager.java:591)
04-01 16:06:45.794  1931  4085 W System.err: 	at android.os.Handler.dispatchMessage(Handler.java:106)
04-01 16:06:45.794  1931  4085 W System.err: 	at android.os.Looper.loopOnce(Looper.java:222)
04-01 16:06:45.794  1931  4085 W System.err: 	at android.os.Looper.loop(Looper.java:314)
04-01 16:06:45.794  1931  4085 W System.err: 	at android.os.HandlerThread.run(HandlerThread.java:67)
04-01 16:06:45.794 18449 18499 I BugleRcsEngine: Rcs is enabled from user settings: true [CONTEXT log_prefix="ProvisioningEngineDataRetriever" thread_id=98 ]
04-01 16:06:45.961  4019  4019 D ArtChoreographerMonitor: invoke error.
04-01 16:06:46.285  4883 12603 I NearbySharing: Network state changed: NetworkState(isRestricted=false, isOnline=true, isCongested=false, isMetered=false, isWifiConnected=true)
04-01 16:06:46.307  1109  5528 I vendor.qti.bluetooth@1.0-ibs_handler: ProcessIbsCmd: Received IBS_WAKE_IND: 0xFD
04-01 16:06:46.308  1109  5528 D vendor.qti.bluetooth@1.0-ibs_handler: SerialClockVote: vote for UART CLK ON
04-01 16:06:46.308  1109  5528 D vendor.qti.bluetooth@1.0-wake_lock: Acquire wakelock is acquired 
04-01 16:06:46.308  1109  5528 I vendor.qti.bluetooth@1.0-ibs_handler: ProcessIbsCmd: Writing IBS_WAKE_ACK
04-01 16:06:46.309  4969  5531 I bt_stack: [INFO:btm_ble_gap.cc(3528)] btm_ble_process_adv_pkt_cont Data Complete 46:61:fd:16:0c:22
04-01 16:06:46.349  1109  5528 I vendor.qti.bluetooth@1.0-ibs_handler: ProcessIbsCmd: Received IBS_SLEEP_IND: 0xFE
04-01 16:06:46.349  1109  5528 D vendor.qti.bluetooth@1.0-ibs_handler: SerialClockVote: vote for UART CLK OFF
04-01 16:06:46.411  1931  2012 W libc    : Access denied finding property "wifi.interface"
04-01 16:06:46.411  1931  2012 D NetworkManagement: wlan0 <====> 1
04-01 16:06:46.411  1931  2012 I MiuiNetworkPolicy: label wlan0, uid 10124, active true, tsNanos 28275898827410
04-01 16:06:46.412  1931  2916 I MiuiNetworkPolicy: getEnableLimitTimeout when thermal mode is:0
04-01 16:06:46.412  1931  2916 D MiuiNetworkPolicy: updateLimit mLimitEnabled=false,enabled=true,mNetworkPriorityMode=255,mThermalForceMode=0
04-01 16:06:46.404  1931  1931 W android.fg: type=1400 audit(0.0:11513): avc:  denied  { read } for  name="u:object_r:wifi_hal_prop:s0" dev="tmpfs" ino=13893 scontext=u:r:system_server:s0 tcontext=u:object_r:wifi_hal_prop:s0 tclass=file permissive=0
04-01 16:06:46.499  1109  5267 D vendor.qti.bluetooth@1.0-wake_lock: Release wakelock is released 
04-01 16:06:46.899  1931  2916 I MiuiNetworkPolicy: updateUidState uid = 10165, uidState = 19
04-01 16:06:47.574  1109  5528 I vendor.qti.bluetooth@1.0-ibs_handler: ProcessIbsCmd: Received IBS_WAKE_IND: 0xFD
04-01 16:06:47.574  1109  5528 D vendor.qti.bluetooth@1.0-ibs_handler: SerialClockVote: vote for UART CLK ON
04-01 16:06:47.575  1109  5528 D vendor.qti.bluetooth@1.0-wake_lock: Acquire wakelock is acquired 
04-01 16:06:47.575  1109  5528 I vendor.qti.bluetooth@1.0-ibs_handler: ProcessIbsCmd: Writing IBS_WAKE_ACK
04-01 16:06:47.577  4969  5531 I bt_stack: [INFO:btm_ble_gap.cc(3528)] btm_ble_process_adv_pkt_cont Data Complete 46:61:fd:16:0c:22
04-01 16:06:47.578  4969  5531 I bt_stack: [INFO:btm_ble_gap.cc(3528)] btm_ble_process_adv_pkt_cont Data Complete 46:61:fd:16:0c:22
04-01 16:06:47.578  4969  5531 D bt_btm_ble: bool parse_adv_audio_uuids_from_adv_pkt(const uint8_t *, size_t, uint8_t): tmap_cap_pts: false
04-01 16:06:47.580  4969  5244 D BluetoothAdapterService: getIdentityAddress null retruning 46:61:FD:16:0C:22
04-01 16:06:47.585  4883 15229 I NearbyDiscovery: (REDACTED) BloomFilterAdvManager: Detected bloom filter but too far away, ignoring. %sm, %s
04-01 16:06:47.616  1109  5528 I vendor.qti.bluetooth@1.0-ibs_handler: ProcessIbsCmd: Received IBS_SLEEP_IND: 0xFE
04-01 16:06:47.616  1109  5528 D vendor.qti.bluetooth@1.0-ibs_handler: SerialClockVote: vote for UART CLK OFF
04-01 16:06:47.766  1109  5267 D vendor.qti.bluetooth@1.0-wake_lock: Release wakelock is released 
04-01 16:06:48.786  1899  1899 I wificond: station_bandwidth: 
04-01 16:06:48.791  4019  4019 D ArtChoreographerMonitor: invoke error.
04-01 16:06:48.792  1931  3244 I SmartPower: com.google.android.apps.messaging/10167(18300): background->idle(3002ms) R(content provider start ContentProviderRecord{73b4454 u0 com.google.android.apps.messaging/.shared.datamodel.provider.sharedstorage.SharedStorageProvider}) adj=200.
04-01 16:06:48.867 24350 24350 I Capacitor/Console: File:  - Line 349 - Msg: [object Object]
04-01 16:06:48.870 24350 24350 V Capacitor/Plugin: To native (Capacitor plugin): callbackId: 24298691, pluginId: ScreenTime, methodName: consumePendingNavigation
04-01 16:06:48.870 24350 24350 V Capacitor: callback: 24298691, pluginId: ScreenTime, methodName: consumePendingNavigation, methodData: {}
04-01 16:06:48.873 24350 24431 D BlearnScreenTime: consume_pending_navigation_empty
04-01 16:06:48.877 24350 24350 I Capacitor/Console: File:  - Line 333 - Msg: undefined
04-01 16:06:48.890  1931  4085 I NetworkBoostStatusManager: handle: 107
04-01 16:06:48.896  3991  5645 E PhoneAdapter: get ntnphones failed, exception: java.lang.IllegalStateException: Default phones haven't been made yet!
04-01 16:06:48.896  1931  4085 D SLM-SRV-SLAService: isModemSingnalStrengthStatus = 0
04-01 16:06:48.960  4019  4019 D ArtChoreographerMonitor: invoke error.
04-01 16:06:49.314  1931  2861 W ActivityManagerServiceImpl: Sending non-protected broadcast miui.intent.action.CYCLE_CHECK from system uid 1000 pkg android. Callers=com.android.server.am.ActivityManagerService.checkBroadcastFromSystem:15246 com.android.server.am.ActivityManagerService.broadcastIntentLockedTraced:16076 com.android.server.am.ActivityManagerService.broadcastIntentLocked:15304 com.android.server.am.ActivityManagerService.broadcastIntentInPackage:16309 com.android.server.am.ActivityManagerService$LocalService.broadcastIntentInPackage:19055 
04-01 16:06:49.315  1931  2861 D AlarmManager: mBroadcastRefCount -> 1
04-01 16:06:49.327  1931  2014 D ActivityManager: checkAllowBackground: uid=1000 pkg=android rec=UidRecord{32d667d 1000 PER  fgServices allowlist change:procadj procs:0 seq(304894,302903)} caps=LCMNFU always=false idle=false
04-01 16:06:49.333  1931  1931 D AlarmManager: mBroadcastRefCount -> 0
04-01 16:06:49.333  1931  1931 D AlarmManager: mPendingIntent -> PendingIntent{3224d42: PendingIntentRecord{c313153 android broadcastIntent}}
04-01 16:06:49.335  1931  2014 I android_os_HwBinder: HwBinder: Starting thread pool for getting: vendor.xiaomi.hardware.micharge@1.0::IMiCharge/default
04-01 16:06:49.338  1285  1296 I vendor.xiaomi.hardware.micharge@1.0-service: ReadFilePathValue path = /sys/class/power_supply/battery/temp value = 280
04-01 16:06:49.341  1931  2014 I android_os_HwBinder: HwBinder: Starting thread pool for getting: vendor.xiaomi.hardware.micharge@1.0::IMiCharge/default
04-01 16:06:49.342  1285  1296 I vendor.xiaomi.hardware.micharge@1.0-service: ReadFilePathValue path = /sys/class/power_supply/battery/charge_control_limit value = 0
04-01 16:06:49.554  1109  5528 I vendor.qti.bluetooth@1.0-ibs_handler: ProcessIbsCmd: Received IBS_WAKE_IND: 0xFD
04-01 16:06:49.554  1109  5528 D vendor.qti.bluetooth@1.0-ibs_handler: SerialClockVote: vote for UART CLK ON
04-01 16:06:49.555  1109  5528 D vendor.qti.bluetooth@1.0-wake_lock: Acquire wakelock is acquired 
04-01 16:06:49.555  1109  5528 I vendor.qti.bluetooth@1.0-ibs_handler: ProcessIbsCmd: Writing IBS_WAKE_ACK
04-01 16:06:49.557  4969  5531 I bt_stack: [INFO:btm_ble_gap.cc(3528)] btm_ble_process_adv_pkt_cont Data Complete 46:61:fd:16:0c:22
04-01 16:06:49.557  4969  5531 I bt_stack: [INFO:btm_ble_gap.cc(3528)] btm_ble_process_adv_pkt_cont Data Complete 46:61:fd:16:0c:22
04-01 16:06:49.557  4969  5531 D bt_btm_ble: bool parse_adv_audio_uuids_from_adv_pkt(const uint8_t *, size_t, uint8_t): tmap_cap_pts: false
04-01 16:06:49.558  4969  5244 D BluetoothAdapterService: getIdentityAddress null retruning 46:61:FD:16:0C:22
04-01 16:06:49.563  4883 15229 I NearbyDiscovery: (REDACTED) BloomFilterAdvManager: Detected bloom filter but too far away, ignoring. %sm, %s
04-01 16:06:49.596  1109  5528 I vendor.qti.bluetooth@1.0-ibs_handler: ProcessIbsCmd: Received IBS_SLEEP_IND: 0xFE
04-01 16:06:49.596  1109  5528 D vendor.qti.bluetooth@1.0-ibs_handler: SerialClockVote: vote for UART CLK OFF
04-01 16:06:49.708  1931  2916 I MiuiNetworkPolicy: updateUidState uid = 10109, uidState = 19
04-01 16:06:49.747  1109  5267 D vendor.qti.bluetooth@1.0-wake_lock: Release wakelock is released 
04-01 16:06:49.891  1931  2916 I MiuiNetworkPolicy: updateUidState uid = 10087, uidState = 19
04-01 16:06:50.726 15909 17072 V U.Notification: Posting new notification, elapsed=16073
04-01 16:06:51.807  1899  1899 I wificond: station_bandwidth: 
04-01 16:06:51.814  3945  5257 D QCNEJ/WlanStaInfoRelay: Received action: android.net.wifi.RSSI_CHANGED
04-01 16:06:51.817 15991 15991 W JobService: onNetworkChanged() not implemented in androidx.work.impl.background.systemjob.SystemJobService. Must override in a subclass.
04-01 16:06:51.818  1931  4085 I NetworkBoostStatusManager: handle: 102
04-01 16:06:51.818  1931  4085 I NetworkBoostStatusManager: interfaceOnCapabilitiesChanged interface name:wlan0
04-01 16:06:51.818  1931  4085 I NetworkBoostStatusManager: handle: 104
04-01 16:06:51.818  1931  4085 I NetworkBoostStatusManager: SmartDNS onAvailable WIFI master.
04-01 16:06:51.820  1931  4085 I NetworkBoostStatusManager: SmartDNS push DnsReslover a relationship, netid 109 name "Flybox-82C9"
04-01 16:06:51.820  1931  4085 W System.err: java.lang.NoSuchMethodException: android.net.ConnectivityManager.setResloverInterfaceIdAndNetid [int, class java.lang.String]
04-01 16:06:51.820  1931  4085 W System.err: 	at java.lang.Class.getMethod(Class.java:2934)
04-01 16:06:51.820  1931  4085 W System.err: 	at java.lang.Class.getDeclaredMethod(Class.java:2913)
04-01 16:06:51.820  1931  4085 W System.err: 	at com.xiaomi.NetworkBoost.StatusManager.setResloverInterfaceIdAndNetid(StatusManager.java:1651)
04-01 16:06:51.820  4019  4019 D ArtChoreographerMonitor: invoke error.
04-01 16:06:51.820  1931  4085 W System.err: 	at com.xiaomi.NetworkBoost.StatusManager.setSmartDNSInterface(StatusManager.java:1616)
04-01 16:06:51.820  1931  4085 W System.err: 	at com.xiaomi.NetworkBoost.StatusManager.-$$Nest$msetSmartDNSInterface(Unknown Source:0)
04-01 16:06:51.820  1931  4085 W System.err: 	at com.xiaomi.NetworkBoost.StatusManager$InternalHandler.handleMessage(StatusManager.java:591)
04-01 16:06:51.820  1931  4085 W System.err: 	at android.os.Handler.dispatchMessage(Handler.java:106)
04-01 16:06:51.820  1931  4085 W System.err: 	at android.os.Looper.loopOnce(Looper.java:222)
04-01 16:06:51.820  1931  4085 W System.err: 	at android.os.Looper.loop(Looper.java:314)
04-01 16:06:51.820  1931  4085 W System.err: 	at android.os.HandlerThread.run(HandlerThread.java:67)
04-01 16:06:51.825  9449  9710 W Settings: Setting device_provisioned has moved from android.provider.Settings.Secure to android.provider.Settings.Global.
04-01 16:06:51.825  9449  9710 I JoyoseCloudControlManager3: network metered changed, network metered: false, deviceProvisioned: true, scAllowConn: true, try to setNetworkAccessEnabled: true
04-01 16:06:51.830  6976  8121 I NetBusNetworkMonitor: onCapabilitiesChanged isPrimary = true
04-01 16:06:51.832  6976  8121 I NetBusNetworkMonitor: gateway=192.*.*.1
04-01 16:06:51.837 18449 18488 I BugleRcsEngine: Connected state: [1], networkType: [WIFI] [CONTEXT thread_id=90 ]
04-01 16:06:51.837 18449 18499 I BugleRcsEngine: handleMessage processing message:[NOTIFY_UPTIME_IGNORE_STATE_CHANGED] with [non-null]:RcsEngineImpl reference [CONTEXT log_prefix="RcsEngineImpl[DUAL_REG]:[3cf2e2d2-8d57]>Handler" thread_id=98 ]
04-01 16:06:51.838 18449 18499 I BugleRcsEngine: Cannot use CS.apk as it's battery optimized [CONTEXT thread_id=98 ]
04-01 16:06:51.839  6976  8121 I NetBusNetworkMonitor: addConnectNetworkInterface mediumType:256, detail:NetworkDetailInfo{mIsConnected=false, mIsSupportTdls=true, mNetworkType=0, mIpAddress=192.*.*.140, mIfName=wlan0, mGateway=192.*.*.1, mNetmask=255.*.*.0, mSsid=F**C9}
04-01 16:06:51.839  6976  8121 I NetBusNetworkMonitor: onCapabilitiesChanged handle=471557132301, mediumType=256, ifName=wlan0
04-01 16:06:51.839  1931  6074 I ClipboardServiceI: checkProviderWakePathForClipboard: primaryClip is null
04-01 16:06:51.839  1931  6074 I SmartPower: com.google.android.apps.messaging/10167(18300): idle->background(3047ms) R(content provider start ContentProviderRecord{73b4454 u0 com.google.android.apps.messaging/.shared.datamodel.provider.sharedstorage.SharedStorageProvider}) adj=200.
04-01 16:06:51.846 18449 18499 I BugleRcsEngine: Rcs is enabled from user settings: true [CONTEXT log_prefix="ProvisioningEngineDataRetriever" thread_id=98 ]
04-01 16:06:51.992  4019  4019 D ArtChoreographerMonitor: invoke error.
04-01 16:06:52.332  4883 21863 I NearbySharing: Network state changed: NetworkState(isRestricted=false, isOnline=true, isCongested=false, isMetered=false, isWifiConnected=true)
04-01 16:06:52.499  1931  2335 D HeapUsage Monitor: HeapAllocSize : 115MB; monitorSize : 500MB
04-01 16:06:54.128  1157  3401 I sensors-hal: handle_sns_std_sensor_event:57, light_event: ts=28283617976065, lux: 346.8, extra_info=27195 
04-01 16:06:54.609  1931  4128 D SLM-SRV-SLAService: checktemp temperature = 30634 temperature_average = 30529 isPerformanceMode = false thermal_enable_slm = true
04-01 16:06:54.829  1899  1899 I wificond: station_bandwidth: 
04-01 16:06:54.841  1931  3244 I SmartPower: com.google.android.apps.messaging/10167(18300): background->idle(3002ms) R(content provider start ContentProviderRecord{73b4454 u0 com.google.android.apps.messaging/.shared.datamodel.provider.sharedstorage.SharedStorageProvider}) adj=200.
04-01 16:06:54.877 24350 24350 I Capacitor/Console: File:  - Line 349 - Msg: [object Object]
04-01 16:06:54.878 24350 24350 V Capacitor/Plugin: To native (Capacitor plugin): callbackId: 24298692, pluginId: ScreenTime, methodName: consumePendingNavigation
04-01 16:06:54.878 24350 24350 V Capacitor: callback: 24298692, pluginId: ScreenTime, methodName: consumePendingNavigation, methodData: {}
04-01 16:06:54.880 24350 24431 D BlearnScreenTime: consume_pending_navigation_empty
04-01 16:06:54.886 24350 24350 I Capacitor/Console: File:  - Line 333 - Msg: undefined
04-01 16:06:57.569  1931  4157 W ProcessStats: Tracking association SourceState{c7aa938 system/1000 BFgs #55509} whose proc state 4 is better than process ProcessState{9194d11 com.google.android.inputmethod.latin/10179 pkg=com.google.android.inputmethod.latin} proc state 6 (6 skipped)
04-01 16:06:57.848  1899  1899 I wificond: station_bandwidth: 
04-01 16:06:59.877  1931  2861 W ActivityManagerServiceImpl: Sending non-protected broadcast miui.extm.action.mark from system uid 1000 pkg android. Callers=com.android.server.am.ActivityManagerService.checkBroadcastFromSystem:15246 com.android.server.am.ActivityManagerService.broadcastIntentLockedTraced:16076 com.android.server.am.ActivityManagerService.broadcastIntentLocked:15304 com.android.server.am.ActivityManagerService.broadcastIntentInPackage:16309 com.android.server.am.ActivityManagerService$LocalService.broadcastIntentInPackage:19055 
04-01 16:06:59.878  1931  2861 D AlarmManager: mBroadcastRefCount -> 1
04-01 16:06:59.888  1931  1931 I ExtM    : mark duration up to 2m , try to mark.
04-01 16:06:59.888  1931  1931 D MFZ     : Start Mark
04-01 16:06:59.889  1931  3768 D ExtM    : Start marking ...
04-01 16:06:59.889  1931  3768 W ExtM    : Mark thread start 
04-01 16:06:59.890   677 24651 D vold    : mark task started
04-01 16:06:59.896 24652 24652 D vold    :  mark Pid = 24652
04-01 16:06:59.898 24652 24652 E vold    : maxCpuFreq=2400000
04-01 16:06:59.898 24652 24652 E vold    : maxCpuFreq=2400000
04-01 16:06:59.898 24652 24652 D vold    : set cpu affinity policy success
04-01 16:06:59.961  1931  1931 D MFZ     : Mark Finshed ! idle_stats: 174 34 0 1200 16 91 48 2382 42 80177
04-01 16:06:59.961  1931  1931 D ActivityManager: checkAllowBackground: uid=1000 pkg=android rec=UidRecord{32d667d 1000 PER  fgServices allowlist change:procadj procs:0 seq(305075,302903)} caps=LCMNFU always=false idle=false
04-01 16:06:59.962  1931  1931 E FileUtils: err write to mi_exception_log
04-01 16:06:59.962  1931  1931 D AlarmManager: mBroadcastRefCount -> 0
04-01 16:06:59.962  1931  1931 D AlarmManager: mPendingIntent -> PendingIntent{f8011db: PendingIntentRecord{7d26cc1 android broadcastIntent}}
04-01 16:07:00.001  1931  2861 D ActivityManager: checkAllowBackground: uid=1000 pkg=android rec=UidRecord{32d667d 1000 PER  fgServices allowlist change:procadj procs:0 seq(305075,302903)} caps=LCMNFU always=false idle=false
04-01 16:07:00.001  1931  2861 D AlarmManager: mBroadcastRefCount -> 1
04-01 16:07:00.002  1931  1931 D AlarmManager: mBroadcastRefCount -> 0
04-01 16:07:00.002  1931  1931 D AlarmManager: mPendingIntent -> null
04-01 16:07:00.004  4019  4019 D MiuiDualClock: miui dual clock time update: 16:07
04-01 16:07:00.005  4019  4019 D MiuiDualClock: miui dual clock time update: 16:07
04-01 16:07:00.007  4019  4019 D ArtChoreographerMonitor: invoke error.
04-01 16:07:00.019  4019  4019 D MiuiClockController: fixed clock timezone, clockTimezone is null mCurrentTimezone is Europe/Paris
04-01 16:07:00.019  4019  4019 I MiuiDualClock: update local timeZone:Europe/Paris
04-01 16:07:00.019  4019  4019 D MiuiDualClock: miui dual clock time update: 16:07
04-01 16:07:00.019  4019  4019 D MiuiDualClock: miui dual clock time update: 16:07
04-01 16:07:00.020  4019  4019 D MiuiClockController: Listener updateTime
04-01 16:07:00.020  4019  4019 D MiuiDualClock: miui dual clock time update: 16:07
04-01 16:07:00.020  4019  4019 D MiuiDualClock: miui dual clock time update: 16:07
04-01 16:07:00.020  4019  4019 E AnimationHelper: updateTime mToAod:false mHasNotification: true, mClockType: dual
04-01 16:07:00.024 24652 24652 D vold    :  success write all > /sys/block/zram0/idle
04-01 16:07:00.025  1931  4157 I ClipboardServiceI: checkProviderWakePathForClipboard: primaryClip is null
04-01 16:07:00.029  4019 13505 I MiuiDualClock: get city name: Paris, from: content://com.android.settings.provider.MiuiSettingsDataProvider/zone_info
04-01 16:07:00.193  4019  4019 D ArtChoreographerMonitor: invoke error.
04-01 16:07:00.396   677 24651 D vold    : mark process has been finished in normal with status: 0
04-01 16:07:00.396   677 24651 D vold    :  listener->onFinished 
04-01 16:07:00.396  1931  6074 W ExtM    : Mark finished with status: 0
04-01 16:07:00.541  1254  1254 E vendor.qti.hardware.perf@2.2-service: Unknown params
04-01 16:07:00.866  1899  1899 I wificond: station_bandwidth: 
04-01 16:07:00.873  3945  5257 D QCNEJ/WlanStaInfoRelay: Received action: android.net.wifi.RSSI_CHANGED
04-01 16:07:00.875 15991 15991 W JobService: onNetworkChanged() not implemented in androidx.work.impl.background.systemjob.SystemJobService. Must override in a subclass.
04-01 16:07:00.876  1931  4085 I NetworkBoostStatusManager: handle: 102
04-01 16:07:00.877  1931  4085 I NetworkBoostStatusManager: interfaceOnCapabilitiesChanged interface name:wlan0
04-01 16:07:00.877  1931  4085 I NetworkBoostStatusManager: handle: 104
04-01 16:07:00.877  1931  4085 I NetworkBoostStatusManager: SmartDNS onAvailable WIFI master.
04-01 16:07:00.878  1931  4085 I NetworkBoostStatusManager: SmartDNS push DnsReslover a relationship, netid 109 name "Flybox-82C9"
04-01 16:07:00.878  1931  4085 W System.err: java.lang.NoSuchMethodException: android.net.ConnectivityManager.setResloverInterfaceIdAndNetid [int, class java.lang.String]
04-01 16:07:00.878  1931  4085 W System.err: 	at java.lang.Class.getMethod(Class.java:2934)
04-01 16:07:00.878  1931  4085 W System.err: 	at java.lang.Class.getDeclaredMethod(Class.java:2913)
04-01 16:07:00.878  1931  4085 W System.err: 	at com.xiaomi.NetworkBoost.StatusManager.setResloverInterfaceIdAndNetid(StatusManager.java:1651)
04-01 16:07:00.878  1931  4085 W System.err: 	at com.xiaomi.NetworkBoost.StatusManager.setSmartDNSInterface(StatusManager.java:1616)
04-01 16:07:00.878  1931  4085 W System.err: 	at com.xiaomi.NetworkBoost.StatusManager.-$$Nest$msetSmartDNSInterface(Unknown Source:0)
04-01 16:07:00.878  1931  4085 W System.err: 	at com.xiaomi.NetworkBoost.StatusManager$InternalHandler.handleMessage(StatusManager.java:591)
04-01 16:07:00.878  1931  4085 W System.err: 	at android.os.Handler.dispatchMessage(Handler.java:106)
04-01 16:07:00.878  1931  4085 W System.err: 	at android.os.Looper.loopOnce(Looper.java:222)
04-01 16:07:00.878  1931  4085 W System.err: 	at android.os.Looper.loop(Looper.java:314)
04-01 16:07:00.878  1931  4085 W System.err: 	at android.os.HandlerThread.run(HandlerThread.java:67)
04-01 16:07:00.880  4019  4019 D ArtChoreographerMonitor: invoke error.
04-01 16:07:00.883  6976  8121 I NetBusNetworkMonitor: onCapabilitiesChanged isPrimary = true
04-01 16:07:00.883  9449  9710 W Settings: Setting device_provisioned has moved from android.provider.Settings.Secure to android.provider.Settings.Global.
04-01 16:07:00.884  9449  9710 I JoyoseCloudControlManager3: network metered changed, network metered: false, deviceProvisioned: true, scAllowConn: true, try to setNetworkAccessEnabled: true
04-01 16:07:00.885  6976  8121 I NetBusNetworkMonitor: gateway=192.*.*.1
04-01 16:07:00.889 18449 18488 I BugleRcsEngine: Connected state: [1], networkType: [WIFI] [CONTEXT thread_id=90 ]
04-01 16:07:00.890 24350 24350 I Capacitor/Console: File:  - Line 349 - Msg: [object Object]
04-01 16:07:00.890 18449 18499 I BugleRcsEngine: handleMessage processing message:[NOTIFY_UPTIME_IGNORE_STATE_CHANGED] with [non-null]:RcsEngineImpl reference [CONTEXT log_prefix="RcsEngineImpl[DUAL_REG]:[3cf2e2d2-8d57]>Handler" thread_id=98 ]
04-01 16:07:00.890 24350 24350 V Capacitor/Plugin: To native (Capacitor plugin): callbackId: 24298693, pluginId: ScreenTime, methodName: consumePendingNavigation
04-01 16:07:00.891 24350 24350 V Capacitor: callback: 24298693, pluginId: ScreenTime, methodName: consumePendingNavigation, methodData: {}
04-01 16:07:00.892 24350 24431 D BlearnScreenTime: consume_pending_navigation_empty
04-01 16:07:00.893  6976  8121 I NetBusNetworkMonitor: addConnectNetworkInterface mediumType:256, detail:NetworkDetailInfo{mIsConnected=false, mIsSupportTdls=true, mNetworkType=0, mIpAddress=192.*.*.140, mIfName=wlan0, mGateway=192.*.*.1, mNetmask=255.*.*.0, mSsid=F**C9}
04-01 16:07:00.893  6976  8121 I NetBusNetworkMonitor: onCapabilitiesChanged handle=471557132301, mediumType=256, ifName=wlan0
04-01 16:07:00.895 18449 18499 I BugleRcsEngine: Cannot use CS.apk as it's battery optimized [CONTEXT thread_id=98 ]
04-01 16:07:00.898  1931  2823 I ClipboardServiceI: checkProviderWakePathForClipboard: primaryClip is null
04-01 16:07:00.898  1931  2823 I SmartPower: com.google.android.apps.messaging/10167(18300): idle->background(6057ms) R(content provider start ContentProviderRecord{73b4454 u0 com.google.android.apps.messaging/.shared.datamodel.provider.sharedstorage.SharedStorageProvider}) adj=200.
04-01 16:07:00.900 24350 24350 I Capacitor/Console: File:  - Line 333 - Msg: undefined
04-01 16:07:00.902 18449 18499 I BugleRcsEngine: Rcs is enabled from user settings: true [CONTEXT log_prefix="ProvisioningEngineDataRetriever" thread_id=98 ]
04-01 16:07:01.056  4019  4019 D ArtChoreographerMonitor: invoke error.
04-01 16:07:01.391  4883 21863 I NearbySharing: Network state changed: NetworkState(isRestricted=false, isOnline=true, isCongested=false, isMetered=false, isWifiConnected=true)
04-01 16:07:02.092  1109  5528 I vendor.qti.bluetooth@1.0-ibs_handler: ProcessIbsCmd: Received IBS_WAKE_IND: 0xFD
04-01 16:07:02.092  1109  5528 D vendor.qti.bluetooth@1.0-ibs_handler: SerialClockVote: vote for UART CLK ON
04-01 16:07:02.093  1109  5528 D vendor.qti.bluetooth@1.0-wake_lock: Acquire wakelock is acquired 
04-01 16:07:02.093  1109  5528 I vendor.qti.bluetooth@1.0-ibs_handler: ProcessIbsCmd: Writing IBS_WAKE_ACK
04-01 16:07:02.094  4969  5531 I bt_stack: [INFO:btm_ble_gap.cc(3528)] btm_ble_process_adv_pkt_cont Data Complete 46:61:fd:16:0c:22
04-01 16:07:02.095  4969  5531 I bt_stack: [INFO:btm_ble_gap.cc(3528)] btm_ble_process_adv_pkt_cont Data Complete 46:61:fd:16:0c:22
04-01 16:07:02.095  4969  5531 D bt_btm_ble: bool parse_adv_audio_uuids_from_adv_pkt(const uint8_t *, size_t, uint8_t): tmap_cap_pts: false
04-01 16:07:02.096  4969  5244 D BluetoothAdapterService: getIdentityAddress null retruning 46:61:FD:16:0C:22
04-01 16:07:02.102  4883 15229 I NearbyDiscovery: (REDACTED) BloomFilterAdvManager: Detected bloom filter but too far away, ignoring. %sm, %s
04-01 16:07:02.134  1109  5528 I vendor.qti.bluetooth@1.0-ibs_handler: ProcessIbsCmd: Received IBS_SLEEP_IND: 0xFE
04-01 16:07:02.134  1109  5528 D vendor.qti.bluetooth@1.0-ibs_handler: SerialClockVote: vote for UART CLK OFF
04-01 16:07:02.284  1109  5267 D vendor.qti.bluetooth@1.0-wake_lock: Release wakelock is released 
04-01 16:07:02.885  1931  2001 D HighMemoryManager: Java Memory used=109M max=512M. is system: true
04-01 16:07:02.885  1931  2001 V HighMemoryManager: Check mem usage finished! Next check delay: 0
04-01 16:07:03.882  1899  1899 I wificond: station_bandwidth: 
04-01 16:07:03.886 15991 15991 W JobService: onNetworkChanged() not implemented in androidx.work.impl.background.systemjob.SystemJobService. Must override in a subclass.
04-01 16:07:03.888  1931  4085 I NetworkBoostStatusManager: handle: 102
04-01 16:07:03.889  1931  4085 I NetworkBoostStatusManager: interfaceOnCapabilitiesChanged interface name:wlan0
04-01 16:07:03.889  1931  4085 I NetworkBoostStatusManager: handle: 104
04-01 16:07:03.889  1931  4085 I NetworkBoostStatusManager: SmartDNS onAvailable WIFI master.
04-01 16:07:03.889  1931  4085 I NetworkBoostStatusManager: SmartDNS push DnsReslover a relationship, netid 109 name "Flybox-82C9"
04-01 16:07:03.890  1931  4085 W System.err: java.lang.NoSuchMethodException: android.net.ConnectivityManager.setResloverInterfaceIdAndNetid [int, class java.lang.String]
04-01 16:07:03.890  1931  4085 W System.err: 	at java.lang.Class.getMethod(Class.java:2934)
04-01 16:07:03.890  1931  4085 W System.err: 	at java.lang.Class.getDeclaredMethod(Class.java:2913)
04-01 16:07:03.890  1931  4085 W System.err: 	at com.xiaomi.NetworkBoost.StatusManager.setResloverInterfaceIdAndNetid(StatusManager.java:1651)
04-01 16:07:03.890  1931  4085 W System.err: 	at com.xiaomi.NetworkBoost.StatusManager.setSmartDNSInterface(StatusManager.java:1616)
04-01 16:07:03.890  1931  4085 W System.err: 	at com.xiaomi.NetworkBoost.StatusManager.-$$Nest$msetSmartDNSInterface(Unknown Source:0)
04-01 16:07:03.890  1931  4085 W System.err: 	at com.xiaomi.NetworkBoost.StatusManager$InternalHandler.handleMessage(StatusManager.java:591)
04-01 16:07:03.890  1931  4085 W System.err: 	at android.os.Handler.dispatchMessage(Handler.java:106)
04-01 16:07:03.890  1931  4085 W System.err: 	at android.os.Looper.loopOnce(Looper.java:222)
04-01 16:07:03.890  1931  4085 W System.err: 	at android.os.Looper.loop(Looper.java:314)
04-01 16:07:03.890  1931  4085 W System.err: 	at android.os.HandlerThread.run(HandlerThread.java:67)
04-01 16:07:03.893  6976  8121 I NetBusNetworkMonitor: onCapabilitiesChanged isPrimary = true
04-01 16:07:03.893  9449  9710 W Settings: Setting device_provisioned has moved from android.provider.Settings.Secure to android.provider.Settings.Global.
04-01 16:07:03.896  9449  9710 I JoyoseCloudControlManager3: network metered changed, network metered: false, deviceProvisioned: true, scAllowConn: true, try to setNetworkAccessEnabled: true
04-01 16:07:03.896  6976  8121 I NetBusNetworkMonitor: gateway=192.*.*.1
04-01 16:07:03.899  1931  3244 I SmartPower: com.google.android.apps.messaging/10167(18300): background->idle(3001ms) R(content provider start ContentProviderRecord{73b4454 u0 com.google.android.apps.messaging/.shared.datamodel.provider.sharedstorage.SharedStorageProvider}) adj=200.
