04-01 16:00:32.104  1109  5528 I vendor.qti.bluetooth@1.0-ibs_handler: ProcessIbsCmd: Received IBS_SLEEP_IND: 0xFE
04-01 16:00:32.104  1109  5528 D vendor.qti.bluetooth@1.0-ibs_handler: SerialClockVote: vote for UART CLK OFF
04-01 16:00:32.255  1109  5267 D vendor.qti.bluetooth@1.0-wake_lock: Release wakelock is released 
04-01 16:00:32.266  1931  2861 D AlarmManager: mBroadcastRefCount -> 1
04-01 16:00:32.267  5908  5908 D WM-DelayedWorkTracker: Scheduling work 67a9cd16-9468-4006-95ae-6ec58b830db9
04-01 16:00:32.267  5908  5908 D WM-GreedyScheduler: Starting tracking for 67a9cd16-9468-4006-95ae-6ec58b830db9
04-01 16:00:32.268  1931  2861 D AlarmManager: mBroadcastRefCount -> 2
04-01 16:00:32.270  5908  6079 D WM-ConstraintTracker: BatteryNotLowTracker: initial state = true
04-01 16:00:32.270  5908  6079 D WM-BrdcstRcvrCnstrntTrc: BatteryNotLowTracker: registering receiver
04-01 16:00:32.273  1931  1931 D AlarmManager: mBroadcastRefCount -> 1
04-01 16:00:32.273  1931  1931 D AlarmManager: mPendingIntent -> null
04-01 16:00:32.275  5908  6079 D WM-GreedyScheduler: Constraints met: Scheduling work ID WorkGenerationalId(workSpecId=67a9cd16-9468-4006-95ae-6ec58b830db9, generation=0)
04-01 16:00:32.277  5908  6079 D WM-Processor: Processor: processing WorkGenerationalId(workSpecId=67a9cd16-9468-4006-95ae-6ec58b830db9, generation=0)
04-01 16:00:32.280  5908  5908 D WM-WorkerWrapper: Starting work for com.android.providers.media.photopicker.sync.ProactiveSyncWorker
04-01 16:00:32.281  5908 23478 I PSyncWorker: Starting proactive picker sync from sync source: 1
04-01 16:00:32.281  5908 23478 I PickerSyncTracker: Created new sync future java.util.concurrent.CompletableFuture@a68ecc7[Not completed, 1 dependents]. Future map: {67a9cd16-9468-4006-95ae-6ec58b830db9=java.util.concurrent.CompletableFuture@a68ecc7[Not completed, 1 dependents]}
04-01 16:00:32.282  5908 23478 D PickerSyncController: syncAllMediaFromProvider() LOCAL, auth=com.android.providers.media.photopicker, retry=true
04-01 16:00:32.282  5908 23478 D PickerSyncController: getSyncRequestParams() LOCAL, auth=com.android.providers.media.photopicker
04-01 16:00:32.282  1931  1931 D ActivityManager: checkAllowBackground: uid=1000 pkg=android rec=UidRecord{32d667d 1000 PER  fgServices change:procadj procs:0 seq(300203,297765)} caps=LCMNFU always=false idle=false
04-01 16:00:32.283  1931  2844 D ActivityManager: checkAllowBackground: uid=10219 pkg=com.google.android.providers.media.module rec=UidRecord{13e0cf5 u0a219 PER  change:procadj procs:0 seq(300205,888)} caps=LCMNFU always=false idle=false
04-01 16:00:32.283  1931  1931 D AlarmManager: mBroadcastRefCount -> 0
04-01 16:00:32.283  1931  1931 D AlarmManager: mPendingIntent -> null
04-01 16:00:32.293  1931  2844 I whetstone.activity: Power Event callback listener is empty for resId=256
04-01 16:00:32.293  1931  2844 D BatteryStatsManagerStub: notifyEvent for resId=256 used 0ms
04-01 16:00:32.295  5908  5908 D WM-SystemJobService: onStartJob for WorkGenerationalId(workSpecId=67a9cd16-9468-4006-95ae-6ec58b830db9, generation=0)
04-01 16:00:32.296  5908  6085 D WM-Processor: Work WorkGenerationalId(workSpecId=67a9cd16-9468-4006-95ae-6ec58b830db9, generation=0) is already enqueued for processing
04-01 16:00:32.301  5908 23478 D PickerSyncController:    Latest ID/Gen=a9d769f4a5dc255f:external_primary/531343
04-01 16:00:32.301  5908 23478 D PickerSyncController:    Cached ID/Gen=a9d769f4a5dc255f:external_primary/531334
04-01 16:00:32.301  5908 23478 D PickerSyncController:    RESULT=SyncRequestParams{type=MEDIA_INCREMENTAL, gen=531334, latest=Bundle[{last_media_sync_generation=531343, media_collection_id=a9d769f4a5dc255f:external_primary}], pageSize=1000}
04-01 16:00:32.301  5908 23478 I PickerSyncController: Executing SyncAdd. isLocal: true. authority: com.android.providers.media.photopicker
04-01 16:00:32.301  5908 23478 D PickerSyncLockManager: Trying to acquire lock com.android.providers.media.photopicker.sync.CloseableReentrantLock@50cc0f6[Unlocked]. Lock Name = CLOUD_PROVIDER_LOCK. Threads that may be waiting to acquire this lock = [] with timeout.
04-01 16:00:32.301  5908 23478 D CloseableReentrantLock: Successfully acquired lock com.android.providers.media.photopicker.sync.CloseableReentrantLock@50cc0f6[Locked by thread pool-2-thread-48]. Lock Name = CLOUD_PROVIDER_LOCK. Threads that may be waiting to acquire this lock = []
04-01 16:00:32.301  5908 23478 D CloseableReentrantLock: Successfully released lock com.android.providers.media.photopicker.sync.CloseableReentrantLock@50cc0f6[Unlocked]. Lock Name = CLOUD_PROVIDER_LOCK. Threads that may be waiting to acquire this lock = []
04-01 16:00:32.301  5908 23478 D ExternalDbFacade: Token received for queryMedia = null
04-01 16:00:32.314  5908 23478 D PickerSyncLockManager: Trying to acquire lock com.android.providers.media.photopicker.sync.CloseableReentrantLock@50cc0f6[Unlocked]. Lock Name = CLOUD_PROVIDER_LOCK. Threads that may be waiting to acquire this lock = [] with timeout.
04-01 16:00:32.314  5908 23478 D CloseableReentrantLock: Successfully acquired lock com.android.providers.media.photopicker.sync.CloseableReentrantLock@50cc0f6[Locked by thread pool-2-thread-48]. Lock Name = CLOUD_PROVIDER_LOCK. Threads that may be waiting to acquire this lock = []
04-01 16:00:32.314  5908 23478 D PickerSyncController: Saving next page token: 1775052030000|1000084419 for key: local_provider:media_add:resume
04-01 16:00:32.314  5908 23478 D CloseableReentrantLock: Successfully released lock com.android.providers.media.photopicker.sync.CloseableReentrantLock@50cc0f6[Unlocked]. Lock Name = CLOUD_PROVIDER_LOCK. Threads that may be waiting to acquire this lock = []
04-01 16:00:32.315  5908 23478 D PickerNotificationSender: Sending a notification for media update
04-01 16:00:32.315  5908 23478 D PickerNotificationSender: Sending a notification for merged album media update Favorites
04-01 16:00:32.315  5908 23478 D PickerNotificationSender: Sending a notification for album media update Favorites
04-01 16:00:32.316  5908 23478 D PickerNotificationSender: Sending a notification for merged album media update Videos
04-01 16:00:32.316  5908 23478 D PickerNotificationSender: Sending a notification for album media update Videos
04-01 16:00:32.316  5908 23478 D ExternalDbFacade: Token received for queryMedia = 1775052030000|1000084419
04-01 16:00:32.326  5908 23478 D PickerSyncLockManager: Trying to acquire lock com.android.providers.media.photopicker.sync.CloseableReentrantLock@50cc0f6[Unlocked]. Lock Name = CLOUD_PROVIDER_LOCK. Threads that may be waiting to acquire this lock = [] with timeout.
04-01 16:00:32.326  5908 23478 D CloseableReentrantLock: Successfully acquired lock com.android.providers.media.photopicker.sync.CloseableReentrantLock@50cc0f6[Locked by thread pool-2-thread-48]. Lock Name = CLOUD_PROVIDER_LOCK. Threads that may be waiting to acquire this lock = []
04-01 16:00:32.326  5908 23478 D PickerSyncController: Clearing next page token for key: local_provider:media_add:resume
04-01 16:00:32.326  5908 23478 D CloseableReentrantLock: Successfully released lock com.android.providers.media.photopicker.sync.CloseableReentrantLock@50cc0f6[Unlocked]. Lock Name = CLOUD_PROVIDER_LOCK. Threads that may be waiting to acquire this lock = []
04-01 16:00:32.326  5908 23478 D PickerNotificationSender: Sending a notification for media update
04-01 16:00:32.327  5908 23478 D PickerNotificationSender: Sending a notification for merged album media update Favorites
04-01 16:00:32.327  5908 23478 D PickerNotificationSender: Sending a notification for album media update Favorites
04-01 16:00:32.328  5908 23478 D PickerNotificationSender: Sending a notification for merged album media update Videos
04-01 16:00:32.328  5908 23478 D PickerNotificationSender: Sending a notification for album media update Videos
04-01 16:00:32.328  5908 23478 I PickerSyncController: Paged sync successful. QueryArgs: Bundle[{android.provider.extra.PAGE_TOKEN=1775052030000|1000084419, android.provider.extra.SYNC_GENERATION=531334, android.provider.extra.PAGE_SIZE=1000}] Total Rows: 1
04-01 16:00:32.328  5908 23478 I PickerSyncController: Executing SyncRemove. isLocal: true. authority: com.android.providers.media.photopicker
04-01 16:00:32.328  5908 23478 D PickerSyncLockManager: Trying to acquire lock com.android.providers.media.photopicker.sync.CloseableReentrantLock@50cc0f6[Unlocked]. Lock Name = CLOUD_PROVIDER_LOCK. Threads that may be waiting to acquire this lock = [] with timeout.
04-01 16:00:32.328  5908 23478 D CloseableReentrantLock: Successfully acquired lock com.android.providers.media.photopicker.sync.CloseableReentrantLock@50cc0f6[Locked by thread pool-2-thread-48]. Lock Name = CLOUD_PROVIDER_LOCK. Threads that may be waiting to acquire this lock = []
04-01 16:00:32.328  5908 23478 D CloseableReentrantLock: Successfully released lock com.android.providers.media.photopicker.sync.CloseableReentrantLock@50cc0f6[Unlocked]. Lock Name = CLOUD_PROVIDER_LOCK. Threads that may be waiting to acquire this lock = []
04-01 16:00:32.329  5908 23478 D PickerSyncLockManager: Trying to acquire lock com.android.providers.media.photopicker.sync.CloseableReentrantLock@50cc0f6[Unlocked]. Lock Name = CLOUD_PROVIDER_LOCK. Threads that may be waiting to acquire this lock = [] with timeout.
04-01 16:00:32.329  5908 23478 D CloseableReentrantLock: Successfully acquired lock com.android.providers.media.photopicker.sync.CloseableReentrantLock@50cc0f6[Locked by thread pool-2-thread-48]. Lock Name = CLOUD_PROVIDER_LOCK. Threads that may be waiting to acquire this lock = []
04-01 16:00:32.329  5908 23478 D PickerSyncController: Clearing next page token for key: local_provider:media_remove:resume
04-01 16:00:32.329  5908 23478 D CloseableReentrantLock: Successfully released lock com.android.providers.media.photopicker.sync.CloseableReentrantLock@50cc0f6[Unlocked]. Lock Name = CLOUD_PROVIDER_LOCK. Threads that may be waiting to acquire this lock = []
04-01 16:00:32.329  5908 23478 D PickerNotificationSender: Sending a notification for media update
04-01 16:00:32.330  5908 23478 D PickerNotificationSender: Sending a notification for merged album media update Favorites
04-01 16:00:32.330  5908 23478 D PickerNotificationSender: Sending a notification for album media update Favorites
04-01 16:00:32.330  5908 23478 D PickerNotificationSender: Sending a notification for merged album media update Videos
04-01 16:00:32.330  5908 23478 D PickerNotificationSender: Sending a notification for album media update Videos
04-01 16:00:32.331  5908 23478 I PickerSyncController: Paged sync successful. QueryArgs: Bundle[{android.provider.extra.PAGE_TOKEN=1775052030000|1000084419, android.provider.extra.SYNC_GENERATION=531334, android.provider.extra.PAGE_SIZE=1000}] Total Rows: 0
04-01 16:00:32.331  5908 23478 I PickerSyncTracker: Marked sync future complete for work id: 67a9cd16-9468-4006-95ae-6ec58b830db9. Future map: {}
04-01 16:00:32.331  5908 23478 I PSyncWorker: Completed picker proactive sync complete from local provider.
04-01 16:00:32.333  5908  6092 I WM-WorkerWrapper: Worker result SUCCESS for Work [ id=67a9cd16-9468-4006-95ae-6ec58b830db9, tags={ com.android.providers.media.photopicker.sync.ProactiveSyncWorker } ]
04-01 16:00:32.335  5908  5908 D WM-Processor: Processor 67a9cd16-9468-4006-95ae-6ec58b830db9 executed; reschedule = false
04-01 16:00:32.335  5908  5908 D WM-GreedyScheduler: Stopping tracking for WorkGenerationalId(workSpecId=67a9cd16-9468-4006-95ae-6ec58b830db9, generation=0)
04-01 16:00:32.335  5908  5908 D WM-SystemJobService: 67a9cd16-9468-4006-95ae-6ec58b830db9 executed on JobScheduler
04-01 16:00:32.336  1931  4157 I whetstone.activity: Power Event callback listener is empty for resId=256
04-01 16:00:32.336  1931  4157 D BatteryStatsManagerStub: notifyEvent for resId=256 used 0ms
04-01 16:00:32.341  5908  6002 D WM-GreedyScheduler: Cancelling work ID 67a9cd16-9468-4006-95ae-6ec58b830db9
04-01 16:00:32.342  5908  6002 D WM-GreedyScheduler: Ignoring {WorkSpec: 32d8ab03-23d9-40ba-b7b8-55fbb9b873b7}. Requires device idle.
04-01 16:00:32.343  5908  6002 D WM-BrdcstRcvrCnstrntTrc: BatteryNotLowTracker: unregistering receiver
04-01 16:00:32.708  1109  5528 I vendor.qti.bluetooth@1.0-ibs_handler: ProcessIbsCmd: Received IBS_WAKE_IND: 0xFD
04-01 16:00:32.708  1109  5528 D vendor.qti.bluetooth@1.0-ibs_handler: SerialClockVote: vote for UART CLK ON
04-01 16:00:32.709  1109  5528 D vendor.qti.bluetooth@1.0-wake_lock: Acquire wakelock is acquired 
04-01 16:00:32.709  1109  5528 I vendor.qti.bluetooth@1.0-ibs_handler: ProcessIbsCmd: Writing IBS_WAKE_ACK
04-01 16:00:32.712  4969  5531 I bt_stack: [INFO:btm_ble_gap.cc(3528)] btm_ble_process_adv_pkt_cont Data Complete 7f:23:b6:78:e3:70
04-01 16:00:32.712  4969  5531 I bt_stack: [INFO:btm_ble_gap.cc(3528)] btm_ble_process_adv_pkt_cont Data Complete 7f:23:b6:78:e3:70
04-01 16:00:32.712  4969  5531 D bt_btm_ble: bool parse_adv_audio_uuids_from_adv_pkt(const uint8_t *, size_t, uint8_t): tmap_cap_pts: false
04-01 16:00:32.713  4969  5244 D BluetoothRemoteDevices:  getMappingAddr null
04-01 16:00:32.713  4969  5244 D BluetoothAdapterService: getIdentityAddress null retruning 7F:23:B6:78:E3:70
04-01 16:00:32.719  4883 15229 I NearbyDiscovery: (REDACTED) BloomFilterAdvManager: Detected bloom filter but too far away, ignoring. %sm, %s
04-01 16:00:32.751  1109  5528 I vendor.qti.bluetooth@1.0-ibs_handler: ProcessIbsCmd: Received IBS_SLEEP_IND: 0xFE
04-01 16:00:32.751  1109  5528 D vendor.qti.bluetooth@1.0-ibs_handler: SerialClockVote: vote for UART CLK OFF
04-01 16:00:32.902  1109  5267 D vendor.qti.bluetooth@1.0-wake_lock: Release wakelock is released 
04-01 16:00:32.934  1931  3244 I SmartPower: com.google.android.gms/10163(5288): background->idle(3000ms) R(service create com.google.android.gms/.ipa.base.IpaGcmTaskService) adj=600.
04-01 16:00:34.029  1109  5528 I vendor.qti.bluetooth@1.0-ibs_handler: ProcessIbsCmd: Received IBS_WAKE_IND: 0xFD
04-01 16:00:34.029  1109  5528 D vendor.qti.bluetooth@1.0-ibs_handler: SerialClockVote: vote for UART CLK ON
04-01 16:00:34.030  1109  5528 D vendor.qti.bluetooth@1.0-wake_lock: Acquire wakelock is acquired 
04-01 16:00:34.030  1109  5528 I vendor.qti.bluetooth@1.0-ibs_handler: ProcessIbsCmd: Writing IBS_WAKE_ACK
04-01 16:00:34.033  4969  5531 I bt_stack: [INFO:btm_ble_gap.cc(3528)] btm_ble_process_adv_pkt_cont Data Complete 7f:23:b6:78:e3:70
04-01 16:00:34.033  4969  5531 I bt_stack: [INFO:btm_ble_gap.cc(3528)] btm_ble_process_adv_pkt_cont Data Complete 7f:23:b6:78:e3:70
04-01 16:00:34.033  4969  5531 D bt_btm_ble: bool parse_adv_audio_uuids_from_adv_pkt(const uint8_t *, size_t, uint8_t): tmap_cap_pts: false
04-01 16:00:34.035  4969  5244 D BluetoothRemoteDevices:  getMappingAddr null
04-01 16:00:34.035  4969  5244 D BluetoothAdapterService: getIdentityAddress null retruning 7F:23:B6:78:E3:70
04-01 16:00:34.041  4883 15229 I NearbyDiscovery: (REDACTED) BloomFilterAdvManager: Detected bloom filter but too far away, ignoring. %sm, %s
04-01 16:00:34.072  1109  5528 I vendor.qti.bluetooth@1.0-ibs_handler: ProcessIbsCmd: Received IBS_SLEEP_IND: 0xFE
04-01 16:00:34.072  1109  5528 D vendor.qti.bluetooth@1.0-ibs_handler: SerialClockVote: vote for UART CLK OFF
04-01 16:00:34.178  1157  3401 I sensors-hal: handle_sns_std_sensor_event:57, light_event: ts=27903667977140, lux: 309.2, extra_info=24343 
04-01 16:00:34.223  1109  5267 D vendor.qti.bluetooth@1.0-wake_lock: Release wakelock is released 
04-01 16:00:34.230  1899  1899 I wificond: station_bandwidth: P
04-01 16:00:34.236  4019  4019 D ArtChoreographerMonitor: invoke error.
04-01 16:00:34.240  1931  2950 D ConnectivityService: NetReassign [no changes] [c 1] [a 1] [i 5]
04-01 16:00:34.253  1254  1254 E vendor.qti.hardware.perf@2.2-service: Unknown params
04-01 16:00:34.293  1931  4128 D SLM-SRV-SLAService: checktemp temperature = 28426 temperature_average = 28624 isPerformanceMode = false thermal_enable_slm = true
04-01 16:00:34.408  4019  4019 D ArtChoreographerMonitor: invoke error.
04-01 16:00:34.940  1931  1931 W android.fg: type=1400 audit(0.0:11477): avc:  denied  { read } for  name="u:object_r:wifi_hal_prop:s0" dev="tmpfs" ino=13893 scontext=u:r:system_server:s0 tcontext=u:object_r:wifi_hal_prop:s0 tclass=file permissive=0
04-01 16:00:34.947  1931  2012 D NetworkManagement: wlan0 <====> 1
04-01 16:00:34.947  1931  2012 I MiuiNetworkPolicy: label wlan0, uid -1, active false, tsNanos 27904434541979
04-01 16:00:34.947  1931  2916 D MiuiNetworkPolicy: updateLimit mLimitEnabled=true,enabled=false,mNetworkPriorityMode=255,mThermalForceMode=0
04-01 16:00:36.698  1109  5528 I vendor.qti.bluetooth@1.0-ibs_handler: ProcessIbsCmd: Received IBS_WAKE_IND: 0xFD
04-01 16:00:36.698  1109  5528 D vendor.qti.bluetooth@1.0-ibs_handler: SerialClockVote: vote for UART CLK ON
04-01 16:00:36.699  1109  5528 D vendor.qti.bluetooth@1.0-wake_lock: Acquire wakelock is acquired 
04-01 16:00:36.699  1109  5528 I vendor.qti.bluetooth@1.0-ibs_handler: ProcessIbsCmd: Writing IBS_WAKE_ACK
04-01 16:00:36.701  4969  5531 I bt_stack: [INFO:btm_ble_gap.cc(3528)] btm_ble_process_adv_pkt_cont Data Complete 7f:23:b6:78:e3:70
04-01 16:00:36.701  4969  5531 I bt_stack: [INFO:btm_ble_gap.cc(3528)] btm_ble_process_adv_pkt_cont Data Complete 7f:23:b6:78:e3:70
04-01 16:00:36.702  4969  5531 D bt_btm_ble: bool parse_adv_audio_uuids_from_adv_pkt(const uint8_t *, size_t, uint8_t): tmap_cap_pts: false
04-01 16:00:36.703  4969  5244 D BluetoothRemoteDevices:  getMappingAddr null
04-01 16:00:36.703  4969  5244 D BluetoothAdapterService: getIdentityAddress null retruning 7F:23:B6:78:E3:70
04-01 16:00:36.709  4883 15229 I NearbyDiscovery: (REDACTED) BloomFilterAdvManager: Detected bloom filter but too far away, ignoring. %sm, %s
04-01 16:00:36.741  1109  5528 I vendor.qti.bluetooth@1.0-ibs_handler: ProcessIbsCmd: Received IBS_SLEEP_IND: 0xFE
04-01 16:00:36.741  1109  5528 D vendor.qti.bluetooth@1.0-ibs_handler: SerialClockVote: vote for UART CLK OFF
04-01 16:00:36.892  1109  5267 D vendor.qti.bluetooth@1.0-wake_lock: Release wakelock is released 
04-01 16:00:37.247  1899  1899 I wificond: station_bandwidth: P
04-01 16:00:37.256  4019  4019 D ArtChoreographerMonitor: invoke error.
04-01 16:00:37.257  1931  2950 D ConnectivityService: NetReassign [no changes] [c 1] [a 1] [i 4]
04-01 16:00:37.275  1254  1254 E vendor.qti.hardware.perf@2.2-service: Unknown params
04-01 16:00:37.429  4019  4019 D ArtChoreographerMonitor: invoke error.
04-01 16:00:38.102 23046 23046 I Capacitor/Console: File:  - Line 349 - Msg: [object Object]
04-01 16:00:38.107 23046 23046 V Capacitor/Plugin: To native (Capacitor plugin): callbackId: 97311471, pluginId: ScreenTime, methodName: consumePendingNavigation
04-01 16:00:38.107 23046 23046 V Capacitor: callback: 97311471, pluginId: ScreenTime, methodName: consumePendingNavigation, methodData: {}
04-01 16:00:38.121 23046 23143 D BlearnScreenTime: consume_pending_navigation_empty
04-01 16:00:38.127 23046 23046 I Capacitor/Console: File:  - Line 333 - Msg: undefined
04-01 16:00:38.581  1254 23462 E ANDR-PERF-HINTEXT: Offload new thread from switchToNewFps
04-01 16:00:38.687  1109  5528 I vendor.qti.bluetooth@1.0-ibs_handler: ProcessIbsCmd: Received IBS_WAKE_IND: 0xFD
04-01 16:00:38.687  1109  5528 D vendor.qti.bluetooth@1.0-ibs_handler: SerialClockVote: vote for UART CLK ON
04-01 16:00:38.688  1109  5528 D vendor.qti.bluetooth@1.0-wake_lock: Acquire wakelock is acquired 
04-01 16:00:38.689  1109  5528 I vendor.qti.bluetooth@1.0-ibs_handler: ProcessIbsCmd: Writing IBS_WAKE_ACK
04-01 16:00:38.692  4969  5531 I bt_stack: [INFO:btm_ble_gap.cc(3528)] btm_ble_process_adv_pkt_cont Data Complete 7f:23:b6:78:e3:70
04-01 16:00:38.692  4969  5531 I bt_stack: [INFO:btm_ble_gap.cc(3528)] btm_ble_process_adv_pkt_cont Data Complete 7f:23:b6:78:e3:70
04-01 16:00:38.692  4969  5531 D bt_btm_ble: bool parse_adv_audio_uuids_from_adv_pkt(const uint8_t *, size_t, uint8_t): tmap_cap_pts: false
04-01 16:00:38.693  4969  5244 D BluetoothRemoteDevices:  getMappingAddr null
04-01 16:00:38.693  4969  5244 D BluetoothAdapterService: getIdentityAddress null retruning 7F:23:B6:78:E3:70
04-01 16:00:38.699  4883 15229 I NearbyDiscovery: (REDACTED) BloomFilterAdvManager: Detected bloom filter but too far away, ignoring. %sm, %s
04-01 16:00:38.730  1109  5528 I vendor.qti.bluetooth@1.0-ibs_handler: ProcessIbsCmd: Received IBS_SLEEP_IND: 0xFE
04-01 16:00:38.730  1109  5528 D vendor.qti.bluetooth@1.0-ibs_handler: SerialClockVote: vote for UART CLK OFF
04-01 16:00:38.881  1109  5267 D vendor.qti.bluetooth@1.0-wake_lock: Release wakelock is released 
04-01 16:00:39.687  1157  3401 I sensors-hal: handle_sns_std_sensor_event:57, light_event: ts=27909175965577, lux: 344.0, extra_info=26678 
04-01 16:00:40.270  1899  1899 I wificond: station_bandwidth: P
04-01 16:00:41.004 15909 17072 V U.Notification: Posting new notification, elapsed=16079
04-01 16:00:41.100  1931  1931 W android.fg: type=1400 audit(0.0:11478): avc:  denied  { read } for  name="u:object_r:wifi_hal_prop:s0" dev="tmpfs" ino=13893 scontext=u:r:system_server:s0 tcontext=u:object_r:wifi_hal_prop:s0 tclass=file permissive=0
04-01 16:00:41.105  1931  2012 W libc    : Access denied finding property "wifi.interface"
04-01 16:00:41.105  1931  2012 D NetworkManagement: wlan0 <====> 1
04-01 16:00:41.105  1931  2012 I MiuiNetworkPolicy: label wlan0, uid 10091, active true, tsNanos 27910589022185
04-01 16:00:41.106  1931  2916 I MiuiNetworkPolicy: getEnableLimitTimeout when thermal mode is:0
04-01 16:00:41.106  1931  2916 D MiuiNetworkPolicy: updateLimit mLimitEnabled=false,enabled=true,mNetworkPriorityMode=255,mThermalForceMode=0
04-01 16:00:41.334  1109  5528 I vendor.qti.bluetooth@1.0-ibs_handler: ProcessIbsCmd: Received IBS_WAKE_IND: 0xFD
04-01 16:00:41.334  1109  5528 D vendor.qti.bluetooth@1.0-ibs_handler: SerialClockVote: vote for UART CLK ON
04-01 16:00:41.335  1109  5528 D vendor.qti.bluetooth@1.0-wake_lock: Acquire wakelock is acquired 
04-01 16:00:41.335  1109  5528 I vendor.qti.bluetooth@1.0-ibs_handler: ProcessIbsCmd: Writing IBS_WAKE_ACK
04-01 16:00:41.336  4969  5531 I bt_stack: [INFO:btm_ble_gap.cc(3528)] btm_ble_process_adv_pkt_cont Data Complete 46:61:fd:16:0c:22
04-01 16:00:41.337  4969  5531 I bt_stack: [INFO:btm_ble_gap.cc(3528)] btm_ble_process_adv_pkt_cont Data Complete 46:61:fd:16:0c:22
04-01 16:00:41.337  4969  5531 D bt_btm_ble: bool parse_adv_audio_uuids_from_adv_pkt(const uint8_t *, size_t, uint8_t): tmap_cap_pts: false
04-01 16:00:41.338  4969  5244 D BluetoothAdapterService: getIdentityAddress null retruning 46:61:FD:16:0C:22
04-01 16:00:41.344  4883 15229 I NearbyDiscovery: (REDACTED) BloomFilterAdvManager: Detected bloom filter but too far away, ignoring. %sm, %s
04-01 16:00:41.377  1109  5528 I vendor.qti.bluetooth@1.0-ibs_handler: ProcessIbsCmd: Received IBS_SLEEP_IND: 0xFE
04-01 16:00:41.377  1109  5528 D vendor.qti.bluetooth@1.0-ibs_handler: SerialClockVote: vote for UART CLK OFF
04-01 16:00:41.528  1109  5267 D vendor.qti.bluetooth@1.0-wake_lock: Release wakelock is released 
04-01 16:00:42.642  1109  5528 I vendor.qti.bluetooth@1.0-ibs_handler: ProcessIbsCmd: Received IBS_WAKE_IND: 0xFD
04-01 16:00:42.642  1109  5528 D vendor.qti.bluetooth@1.0-ibs_handler: SerialClockVote: vote for UART CLK ON
04-01 16:00:42.643  1109  5528 D vendor.qti.bluetooth@1.0-wake_lock: Acquire wakelock is acquired 
04-01 16:00:42.643  1109  5528 I vendor.qti.bluetooth@1.0-ibs_handler: ProcessIbsCmd: Writing IBS_WAKE_ACK
04-01 16:00:42.645  4969  5531 I bt_stack: [INFO:btm_ble_gap.cc(3528)] btm_ble_process_adv_pkt_cont Data Complete 7f:23:b6:78:e3:70
04-01 16:00:42.646  4969  5531 I bt_stack: [INFO:btm_ble_gap.cc(3528)] btm_ble_process_adv_pkt_cont Data Complete 7f:23:b6:78:e3:70
04-01 16:00:42.646  4969  5531 D bt_btm_ble: bool parse_adv_audio_uuids_from_adv_pkt(const uint8_t *, size_t, uint8_t): tmap_cap_pts: false
04-01 16:00:42.647  4969  5244 D BluetoothRemoteDevices:  getMappingAddr null
04-01 16:00:42.647  4969  5244 D BluetoothAdapterService: getIdentityAddress null retruning 7F:23:B6:78:E3:70
04-01 16:00:42.653  4883 15229 I NearbyDiscovery: (REDACTED) BloomFilterAdvManager: Detected bloom filter but too far away, ignoring. %sm, %s
04-01 16:00:42.684  1109  5528 I vendor.qti.bluetooth@1.0-ibs_handler: ProcessIbsCmd: Received IBS_SLEEP_IND: 0xFE
04-01 16:00:42.685  1109  5528 D vendor.qti.bluetooth@1.0-ibs_handler: SerialClockVote: vote for UART CLK OFF
04-01 16:00:42.835  1109  5267 D vendor.qti.bluetooth@1.0-wake_lock: Release wakelock is released 
04-01 16:00:43.292  1899  1899 I wificond: station_bandwidth: P
04-01 16:00:43.300  4019  4019 D ArtChoreographerMonitor: invoke error.
04-01 16:00:43.321  1254  1254 E vendor.qti.hardware.perf@2.2-service: Unknown params
04-01 16:00:43.479  4019  4019 D ArtChoreographerMonitor: invoke error.
04-01 16:00:44.130 23046 23046 I Capacitor/Console: File:  - Line 349 - Msg: [object Object]
04-01 16:00:44.135 23046 23046 V Capacitor/Plugin: To native (Capacitor plugin): callbackId: 97311472, pluginId: ScreenTime, methodName: consumePendingNavigation
04-01 16:00:44.135 23046 23046 V Capacitor: callback: 97311472, pluginId: ScreenTime, methodName: consumePendingNavigation, methodData: {}
04-01 16:00:44.150 23046 23143 D BlearnScreenTime: consume_pending_navigation_empty
04-01 16:00:44.156 23046 23046 I Capacitor/Console: File:  - Line 333 - Msg: undefined
04-01 16:00:44.305  1931  4128 D SLM-SRV-SLAService: checktemp temperature = 28428 temperature_average = 28552 isPerformanceMode = false thermal_enable_slm = true
04-01 16:00:44.596  1109  5528 I vendor.qti.bluetooth@1.0-ibs_handler: ProcessIbsCmd: Received IBS_WAKE_IND: 0xFD
04-01 16:00:44.596  1109  5528 D vendor.qti.bluetooth@1.0-ibs_handler: SerialClockVote: vote for UART CLK ON
04-01 16:00:44.598  1109  5528 D vendor.qti.bluetooth@1.0-wake_lock: Acquire wakelock is acquired 
04-01 16:00:44.598  1109  5528 I vendor.qti.bluetooth@1.0-ibs_handler: ProcessIbsCmd: Writing IBS_WAKE_ACK
04-01 16:00:44.600  4969  5531 I bt_stack: [INFO:btm_ble_gap.cc(3528)] btm_ble_process_adv_pkt_cont Data Complete 46:61:fd:16:0c:22
04-01 16:00:44.601  4969  5531 I bt_stack: [INFO:btm_ble_gap.cc(3528)] btm_ble_process_adv_pkt_cont Data Complete 46:61:fd:16:0c:22
04-01 16:00:44.601  4969  5531 D bt_btm_ble: bool parse_adv_audio_uuids_from_adv_pkt(const uint8_t *, size_t, uint8_t): tmap_cap_pts: false
04-01 16:00:44.602  4969  5244 D BluetoothAdapterService: getIdentityAddress null retruning 46:61:FD:16:0C:22
04-01 16:00:44.607  4883 15229 I NearbyDiscovery: (REDACTED) BloomFilterAdvManager: Detected bloom filter but too far away, ignoring. %sm, %s
04-01 16:00:44.640  1109  5528 I vendor.qti.bluetooth@1.0-ibs_handler: ProcessIbsCmd: Received IBS_SLEEP_IND: 0xFE
04-01 16:00:44.640  1109  5528 D vendor.qti.bluetooth@1.0-ibs_handler: SerialClockVote: vote for UART CLK OFF
04-01 16:00:44.791  1109  5267 D vendor.qti.bluetooth@1.0-wake_lock: Release wakelock is released 
04-01 16:00:45.024  1931  4458 W ProcessStats: Tracking association SourceState{c7aa938 system/1000 BFgs #54847} whose proc state 4 is better than process ProcessState{9194d11 com.google.android.inputmethod.latin/10179 pkg=com.google.android.inputmethod.latin} proc state 6 (13 skipped)
04-01 16:00:45.998  4883  4883 I NearbyFastPair: TSS destroyed [CONTEXT service_id=265 ]
04-01 16:00:46.315  1899  1899 I wificond: station_bandwidth: P
04-01 16:00:46.327  1931  2950 D ConnectivityService: NetReassign [no changes] [c 1] [a 1] [i 6]
04-01 16:00:48.701  1931  4085 I NetworkBoostStatusManager: handle: 107
04-01 16:00:48.710  3991  4846 E PhoneAdapter: get ntnphones failed, exception: java.lang.IllegalStateException: Default phones haven't been made yet!
04-01 16:00:48.711  1931  4085 D SLM-SRV-SLAService: isModemSingnalStrengthStatus = 0
04-01 16:00:48.746  1931  2844 I JobServiceContext: Client timed out while executing (no jobFinished received). Sending onStop: 70541c8 #u0a296/15750 com.paypal.android.p2pmobile/androidx.work.impl.background.systemjob.SystemJobService
04-01 16:00:48.750  1931  4458 I whetstone.activity: Power Event callback listener is empty for resId=256
04-01 16:00:48.750  1931  4458 D BatteryStatsManagerStub: notifyEvent for resId=256 used 0ms
04-01 16:00:48.757  1931  2916 I MiuiNetworkPolicy: updateUidState uid = 10296, uidState = 10
04-01 16:00:48.762  1931  7215 E FileUtils: err open mi_exception_log errno=2
04-01 16:00:48.762  1931  7215 E FileUtils: err write to mi_exception_log
04-01 16:00:48.765  1931  2916 I MiuiNetworkPolicy: updateUidState uid = 10296, uidState = 19
04-01 16:00:48.804  1931  7215 D ActivityManager: checkAllowBackground: uid=10296 pkg=com.paypal.android.p2pmobile rec=UidRecord{5a153b5 u0a296 CEM  idle change:cached|procstate procs:0 seq(300213,274992)} caps=------ always=false idle=true
04-01 16:00:48.811  1931  2916 I MiuiNetworkPolicy: updateUidState uid = 10296, uidState = 8
04-01 16:00:48.814  1931  7215 I whetstone.activity: Power Event callback listener is empty for resId=256
04-01 16:00:48.814  1931  7215 D BatteryStatsManagerStub: notifyEvent for resId=256 used 0ms
04-01 16:00:48.825  1931  4458 D ConnectivityService: requestNetwork for uid/pid:10296/15991 activeRequest: null callbackRequest: 1914 [NetworkRequest [ REQUEST id=1915, [ Capabilities: INTERNET&NOT_RESTRICTED&TRUSTED&NOT_VCN_MANAGED Uid: 10296 RequestorUid: 10296 RequestorPkg: com.paypal.android.p2pmobile UnderlyingNetworks: Null] ]] callback flags: 0 order: 2147483647 isUidTracked: false declaredMethods: AVAIL|LOST|NC
04-01 16:00:48.828  1931  2918 D WifiNetworkFactory: got request NetworkRequest [ REQUEST id=1915, [ Capabilities: INTERNET&NOT_RESTRICTED&TRUSTED&NOT_VCN_MANAGED Uid: 10296 RequestorUid: 10296 RequestorPkg: com.paypal.android.p2pmobile UnderlyingNetworks: Null] ]
04-01 16:00:48.829  1931  2918 D UntrustedWifiNetworkFactory: got request NetworkRequest [ REQUEST id=1915, [ Capabilities: INTERNET&NOT_RESTRICTED&TRUSTED&NOT_VCN_MANAGED Uid: 10296 RequestorUid: 10296 RequestorPkg: com.paypal.android.p2pmobile UnderlyingNetworks: Null] ]
04-01 16:00:48.829  1931  2918 D OemPaidWifiNetworkFactory: got request NetworkRequest [ REQUEST id=1915, [ Capabilities: INTERNET&NOT_RESTRICTED&TRUSTED&NOT_VCN_MANAGED Uid: 10296 RequestorUid: 10296 RequestorPkg: com.paypal.android.p2pmobile UnderlyingNetworks: Null] ]
04-01 16:00:48.830  1931  2918 D MultiInternetWifiNetworkFactory: got request NetworkRequest [ REQUEST id=1915, [ Capabilities: INTERNET&NOT_RESTRICTED&TRUSTED&NOT_VCN_MANAGED Uid: 10296 RequestorUid: 10296 RequestorPkg: com.paypal.android.p2pmobile UnderlyingNetworks: Null] ]
04-01 16:00:48.830  1931  2950 D ConnectivityService: NetReassign [1915 : null → 109] [c 1] [a 1] [i 3]
04-01 16:00:49.160  1931  2861 W ActivityManagerServiceImpl: Sending non-protected broadcast miui.intent.action.CYCLE_CHECK from system uid 1000 pkg android. Callers=com.android.server.am.ActivityManagerService.checkBroadcastFromSystem:15246 com.android.server.am.ActivityManagerService.broadcastIntentLockedTraced:16076 com.android.server.am.ActivityManagerService.broadcastIntentLocked:15304 com.android.server.am.ActivityManagerService.broadcastIntentInPackage:16309 com.android.server.am.ActivityManagerService$LocalService.broadcastIntentInPackage:19055 
04-01 16:00:49.161  1931  2861 D AlarmManager: mBroadcastRefCount -> 1
04-01 16:00:49.172  1931  2014 D ActivityManager: checkAllowBackground: uid=1000 pkg=android rec=UidRecord{32d667d 1000 PER  fgServices allowlist change:procadj procs:0 seq(300298,297765)} caps=LCMNFU always=false idle=false
04-01 16:00:49.175  1931  1931 D AlarmManager: mBroadcastRefCount -> 0
04-01 16:00:49.175  1931  1931 D AlarmManager: mPendingIntent -> PendingIntent{3224d42: PendingIntentRecord{c313153 android broadcastIntent}}
04-01 16:00:49.179  1931  2014 I android_os_HwBinder: HwBinder: Starting thread pool for getting: vendor.xiaomi.hardware.micharge@1.0::IMiCharge/default
04-01 16:00:49.184  1285  1296 I vendor.xiaomi.hardware.micharge@1.0-service: ReadFilePathValue path = /sys/class/power_supply/battery/temp value = 280
04-01 16:00:49.188  1931  2014 I android_os_HwBinder: HwBinder: Starting thread pool for getting: vendor.xiaomi.hardware.micharge@1.0::IMiCharge/default
04-01 16:00:49.189  1285  1296 I vendor.xiaomi.hardware.micharge@1.0-service: ReadFilePathValue path = /sys/class/power_supply/battery/charge_control_limit value = 0
04-01 16:00:49.337  1899  1899 I wificond: station_bandwidth: P
04-01 16:00:49.348  1931  2950 D ConnectivityService: NetReassign [no changes] [c 1] [a 3] [i 4]
04-01 16:00:49.959  1931  4458 D ActivityManager: checkAllowBackground: uid=10163 pkg=com.google.android.gms rec=UidRecord{875802d u0a163 BFGS change:procadj procs:0 seq(300262,985)} caps=LCMNFU always=false idle=false
04-01 16:00:49.963  1931  7215 I SmartPower: com.google.android.gms/10163(5288): idle->background(17028ms) R(service create com.google.android.gms/.ipa.base.IpaGcmTaskService) adj=0.
04-01 16:00:49.968  4883 23445 I NetworkScheduler.Stats: (REDACTED) Task %s/%s started execution. cause:%s exec_start_elapsed_seconds: %s
04-01 16:00:49.973  4883 22690 I NetworkScheduler.Stats: (REDACTED) Task %s/%s finished executing. cause:%s result: %s elapsed_millis: %s uptime_millis: %s exec_start_elapsed_seconds: %s
04-01 16:00:49.990  1931  7215 D ActivityManager: checkAllowBackground: uid=10163 pkg=com.google.android.gms rec=UidRecord{875802d u0a163 BFGS change:procadj procs:0 seq(300308,985)} caps=LCMNFU always=false idle=false
04-01 16:00:50.160 23046 23046 I Capacitor/Console: File:  - Line 349 - Msg: [object Object]
04-01 16:00:50.164 23046 23046 V Capacitor/Plugin: To native (Capacitor plugin): callbackId: 97311473, pluginId: ScreenTime, methodName: consumePendingNavigation
04-01 16:00:50.164 23046 23046 V Capacitor: callback: 97311473, pluginId: ScreenTime, methodName: consumePendingNavigation, methodData: {}
04-01 16:00:50.178 23046 23143 D BlearnScreenTime: consume_pending_navigation_empty
04-01 16:00:50.183 23046 23046 I Capacitor/Console: File:  - Line 333 - Msg: undefined
04-01 16:00:51.553  1931  7215 W MIUIInput: Input event injection from package: null action ACTION_DOWN
04-01 16:00:51.554  1931  2882 D MIUIInput: [MotionEvent] publisher action=0x0, deviceId=-1, 24578754, channel '83c18d9 StatusBar (server)'
04-01 16:00:51.554  1931  2882 D MIUIInput: [MotionEvent] publisher action=0x4, deviceId=-1, 24578754, channel '9830ee7 NavigationBar0 (server)'
04-01 16:00:51.554  1931  2882 D MIUIInput: [MotionEvent] publisher action=0x0, deviceId=-1, 24578754, channel '[Gesture Monitor] miui-gesture (server)'
04-01 16:00:51.555  1413  2768 D RefreshRateSelector: Touch Boost
04-01 16:00:51.555  1413  2768 D MI-SF   : mIsSupportAutomodeForMaxFpsSetting is 0(0), getCurrentBrightness() = 764(328), mIsKeepAutoMode 0
04-01 16:00:51.555  1413  2768 D RefreshRateSelector: fixedMode_group: 0, isFindModeGroup 0
04-01 16:00:51.555  1413  2768 D RefreshRateSelector: find max refresh rate:120, mode Group:0
04-01 16:00:51.556  1931  2318 I whetstone.activity: Power Event callback listener is empty for resId=64
04-01 16:00:51.556  1931  2318 D BatteryStatsManagerStub: notifyEvent for resId=64 used 0ms
04-01 16:00:51.556  1254  1254 E vendor.qti.hardware.perf@2.2-service: Unknown params
04-01 16:00:51.558  1254  1254 E vendor.qti.hardware.perf@2.2-service: Unknown params
04-01 16:00:51.558  4019  4019 I FocusedNotifPromptView: update icon rect Rect(184, 28 - 228, 72)
04-01 16:00:51.558  4019  4019 I FocusedNotifPromptView: rect is empty
04-01 16:00:51.558  4019  4019 V ControlCenterWindowViewImpl: handleMotionEvent: ACTION_DOWN, isExpandable: true, isPanelEnabled: true, lifecycleState: CREATED, external: true, blockTouch: false, ignoreExternal: false, isInMainPanel: true, isAttachedToWindow: true
04-01 16:00:51.558  1254  1254 E ANDR-PERF-HINTEXT: Offload new thread from FpsUpdatePreAction
04-01 16:00:51.558  4019  4019 V MainPanelTouchController: handleMotionEvent ACTION_DOWN true false false MODE_NORMAL false
04-01 16:00:51.558  1931  7215 W MIUIInput: Input event injection from package: null action ACTION_UP
04-01 16:00:51.559  1254  1407 E ANDR-PERF-UTIL: Failed to read /proc/sys/kernel/sched_min_granularity_ns
04-01 16:00:51.559  1254  1407 E ANDR-PERF-OPTSHANDLER: Failed to read /proc/sys/kernel/sched_min_granularity_ns
04-01 16:00:51.559  1254  1407 E ANDR-PERF-RESOURCEQS: Failed to apply optimization [3, 54]
04-01 16:00:51.559  1931  2882 D MIUIInput: [MotionEvent] publisher action=0x1, deviceId=-1, 24578754, channel '83c18d9 StatusBar (server)'
04-01 16:00:51.559  1931  2882 D MIUIInput: [MotionEvent] publisher action=0x1, deviceId=-1, 24578754, channel '[Gesture Monitor] miui-gesture (server)'
04-01 16:00:51.552  1254  1254 W perf@2.2-servic: type=1400 audit(0.0:11479): avc:  denied  { read } for  name="sched_min_granularity_ns" dev="proc" ino=3022165 scontext=u:r:vendor_hal_perf_default:s0 tcontext=u:object_r:proc_sched:s0 tclass=file permissive=0
04-01 16:00:51.560  4019  4019 V ControlCenterWindowViewImpl: handleMotionEvent: ACTION_UP, isExpandable: true, isPanelEnabled: true, lifecycleState: CREATED, external: true, blockTouch: false, ignoreExternal: false, isInMainPanel: true, isAttachedToWindow: true
04-01 16:00:51.560  1931  2318 I whetstone.activity: Power Event callback listener is empty for resId=64
04-01 16:00:51.560  1931  2318 D BatteryStatsManagerStub: notifyEvent for resId=64 used 0ms
04-01 16:00:51.560  4019  4019 V MainPanelTouchController: handleMotionEvent ACTION_UP true true false MODE_NORMAL false
04-01 16:00:51.560  4019  4019 V ControlCenterExpandController: on expand finished 0.0 0 false
04-01 16:00:51.561  4019  4019 D ArtChoreographerMonitor: invoke error.
04-01 16:00:51.562  4019  4019 D BlurController: show blur false true true
04-01 16:00:51.562  4019  4019 D ControlCenterExpandController: check anim finished, drag true, statusBar true, blur false, secPanel true, header true, spread true
04-01 16:00:51.572  1246  1496 I SDM     : HWDeviceDRM::UpdateMixerAttributes: Mixer WxH 1080x2400-0 for Peripheral
04-01 16:00:51.572  1246  1496 I SDM     : HWCDisplay::SubmitDisplayConfig: Active configuration changed to: 0
04-01 16:00:51.581  4019  4019 I BlurController: blur animated to 0.0 0.0 true false
04-01 16:00:51.581  4019  4019 V BlurController: updating the same blur ratio 0.0
04-01 16:00:51.581  4019  4019 D BlurController: updating 0.0 false false
04-01 16:00:51.581  4019  4019 D NCSwitchController: cc setBlurRatio=0.0, switching=false, fromNc=false, switchedToCC=false
04-01 16:00:51.581  4019  4019 D backgroundBlur: enablePassWindowBlur disable miui.systemui.controlcenter.windowview.ControlCenterWindowViewImpl
04-01 16:00:51.581  4019  4019 D BlurController: blur animate complete false
04-01 16:00:51.581  4019  4019 D ControlCenterExpandController: check anim finished, drag true, statusBar true, blur true, secPanel true, header true, spread true
04-01 16:00:51.583  4019  4019 D BlurController: post update blur ratio for surface control is not valid. 0.0 0.0
04-01 16:00:51.583  4019  4019 D NCSwitchController: cc setBlurRatio=0.0, switching=false, fromNc=false, switchedToCC=false
04-01 16:00:51.583  4019  4019 D backgroundBlur: enablePassWindowBlur disable miui.systemui.controlcenter.windowview.ControlCenterWindowViewImpl
04-01 16:00:51.749  4019  4019 D ArtChoreographerMonitor: invoke error.
04-01 16:00:51.831  1109  5528 I vendor.qti.bluetooth@1.0-ibs_handler: ProcessIbsCmd: Received IBS_WAKE_IND: 0xFD
04-01 16:00:51.831  1109  5528 D vendor.qti.bluetooth@1.0-ibs_handler: SerialClockVote: vote for UART CLK ON
04-01 16:00:51.832  1109  5528 D vendor.qti.bluetooth@1.0-wake_lock: Acquire wakelock is acquired 
04-01 16:00:51.832  1109  5528 I vendor.qti.bluetooth@1.0-ibs_handler: ProcessIbsCmd: Writing IBS_WAKE_ACK
04-01 16:00:51.835  4969  5531 I bt_stack: [INFO:btm_ble_gap.cc(3528)] btm_ble_process_adv_pkt_cont Data Complete 7f:23:b6:78:e3:70
04-01 16:00:51.835  4969  5531 I bt_stack: [INFO:btm_ble_gap.cc(3528)] btm_ble_process_adv_pkt_cont Data Complete 6f:cc:49:c9:b1:0f
04-01 16:00:51.835  4969  5531 I bt_stack: [INFO:btm_ble_gap.cc(3528)] btm_ble_process_adv_pkt_cont Data Complete 6f:cc:49:c9:b1:0f
04-01 16:00:51.836  4969  5531 D bt_btm_ble: bool parse_adv_audio_uuids_from_adv_pkt(const uint8_t *, size_t, uint8_t): tmap_cap_pts: false
04-01 16:00:51.836  4969  5531 D bt_btm_ble: bool parse_adv_audio_uuids_from_adv_pkt(const uint8_t *, size_t, uint8_t): tmap_cap_pts: false
04-01 16:00:51.836  4969  5531 D bt_btm_ble: bool parse_adv_audio_uuids_from_adv_pkt(const uint8_t *, size_t, uint8_t): tmap_cap_pts: false
04-01 16:00:51.837  4969  5244 D BluetoothRemoteDevices:  getMappingAddr null
04-01 16:00:51.837  4969  5244 D BluetoothAdapterService: getIdentityAddress null retruning 6F:CC:49:C9:B1:0F
04-01 16:00:51.843  4883 15229 I NearbyDiscovery: (REDACTED) BloomFilterAdvManager: Detected bloom filter but too far away, ignoring. %sm, %s
04-01 16:00:51.874  1109  5528 I vendor.qti.bluetooth@1.0-ibs_handler: ProcessIbsCmd: Received IBS_SLEEP_IND: 0xFE
04-01 16:00:51.874  1109  5528 D vendor.qti.bluetooth@1.0-ibs_handler: SerialClockVote: vote for UART CLK OFF
04-01 16:00:52.025  1109  5267 D vendor.qti.bluetooth@1.0-wake_lock: Release wakelock is released 
04-01 16:00:52.362  1899  1899 I wificond: station_bandwidth: P
04-01 16:00:52.478  1931  2335 D HeapUsage Monitor: HeapAllocSize : 113MB; monitorSize : 500MB
04-01 16:00:52.554  1109  5528 I vendor.qti.bluetooth@1.0-ibs_handler: ProcessIbsCmd: Received IBS_WAKE_IND: 0xFD
04-01 16:00:52.554  1109  5528 D vendor.qti.bluetooth@1.0-ibs_handler: SerialClockVote: vote for UART CLK ON
04-01 16:00:52.555  1109  5528 D vendor.qti.bluetooth@1.0-wake_lock: Acquire wakelock is acquired 
04-01 16:00:52.555  1109  5528 I vendor.qti.bluetooth@1.0-ibs_handler: ProcessIbsCmd: Writing IBS_WAKE_ACK
04-01 16:00:52.557  4969  5531 I bt_stack: [INFO:btm_ble_gap.cc(3528)] btm_ble_process_adv_pkt_cont Data Complete 46:61:fd:16:0c:22
04-01 16:00:52.558  4969  5531 I bt_stack: [INFO:btm_ble_gap.cc(3528)] btm_ble_process_adv_pkt_cont Data Complete 46:61:fd:16:0c:22
04-01 16:00:52.558  4969  5531 D bt_btm_ble: bool parse_adv_audio_uuids_from_adv_pkt(const uint8_t *, size_t, uint8_t): tmap_cap_pts: false
04-01 16:00:52.560  4969  5244 D BluetoothAdapterService: getIdentityAddress null retruning 46:61:FD:16:0C:22
04-01 16:00:52.565  4883 15229 I NearbyDiscovery: (REDACTED) BloomFilterAdvManager: Detected bloom filter but too far away, ignoring. %sm, %s
04-01 16:00:52.596  1109  5528 I vendor.qti.bluetooth@1.0-ibs_handler: ProcessIbsCmd: Received IBS_SLEEP_IND: 0xFE
04-01 16:00:52.597  1109  5528 D vendor.qti.bluetooth@1.0-ibs_handler: SerialClockVote: vote for UART CLK OFF
04-01 16:00:52.659  1254  1254 E vendor.qti.hardware.perf@2.2-service: Unknown params
04-01 16:00:52.662  1254  1254 E vendor.qti.hardware.perf@2.2-service: Unknown params
04-01 16:00:52.665  1246  1496 I SDM     : HWDeviceDRM::UpdateMixerAttributes: Mixer WxH 1080x2400-0 for Peripheral
04-01 16:00:52.665  1246  1496 I SDM     : HWCDisplay::SubmitDisplayConfig: Active configuration changed to: 2
04-01 16:00:52.747  1109  5267 D vendor.qti.bluetooth@1.0-wake_lock: Release wakelock is released 
04-01 16:00:52.964  1931  3244 I SmartPower: com.google.android.gms/10163(5288): background->idle(3001ms) R(service create com.google.android.gms/.ipa.base.IpaGcmTaskService) adj=600.
04-01 16:00:53.767 23504 23504 W BpBinder: Linking to death on android.gui.ISurfaceComposer but there are no threads (yet?) listening to incoming transactions. See ProcessState::startThreadPool and ProcessState::setThreadPoolMaxThreadCount. Generally you should setup the binder threadpool before other initialization steps.
04-01 16:00:53.770  5908 12461 W MediaProvider: isAppCloneUserPair for user 0: false
04-01 16:00:53.780 23504 23504 W ProcessState: Extra binder thread started, but 0 threads requested. Do not use *startThreadPool when zero threads are requested.
04-01 16:00:53.807  1109  5528 I vendor.qti.bluetooth@1.0-ibs_handler: ProcessIbsCmd: Received IBS_WAKE_IND: 0xFD
04-01 16:00:53.808  1109  5528 D vendor.qti.bluetooth@1.0-ibs_handler: SerialClockVote: vote for UART CLK ON
04-01 16:00:53.808  1109  5528 D vendor.qti.bluetooth@1.0-wake_lock: Acquire wakelock is acquired 
04-01 16:00:53.808  1109  5528 I vendor.qti.bluetooth@1.0-ibs_handler: ProcessIbsCmd: Writing IBS_WAKE_ACK
04-01 16:00:53.809  4969  5531 I bt_stack: [INFO:btm_ble_gap.cc(3528)] btm_ble_process_adv_pkt_cont Data Complete 6f:cc:49:c9:b1:0f
04-01 16:00:53.809  4969  5531 I bt_stack: [INFO:btm_ble_gap.cc(3528)] btm_ble_process_adv_pkt_cont Data Complete 6f:cc:49:c9:b1:0f
04-01 16:00:53.810  4969  5531 D bt_btm_ble: bool parse_adv_audio_uuids_from_adv_pkt(const uint8_t *, size_t, uint8_t): tmap_cap_pts: false
04-01 16:00:53.810  4969  5531 D bt_btm_ble: bool parse_adv_audio_uuids_from_adv_pkt(const uint8_t *, size_t, uint8_t): tmap_cap_pts: false
04-01 16:00:53.810  4969  5531 D bt_btm_ble: bool parse_adv_audio_uuids_from_adv_pkt(const uint8_t *, size_t, uint8_t): tmap_cap_pts: false
04-01 16:00:53.810  4969  5244 D BluetoothRemoteDevices:  getMappingAddr null
04-01 16:00:53.810  4969  5244 D BluetoothAdapterService: getIdentityAddress null retruning 6F:CC:49:C9:B1:0F
04-01 16:00:53.814  4883 15229 I NearbyDiscovery: (REDACTED) BloomFilterAdvManager: Detected bloom filter but too far away, ignoring. %sm, %s
04-01 16:00:53.849  1109  5528 I vendor.qti.bluetooth@1.0-ibs_handler: ProcessIbsCmd: Received IBS_SLEEP_IND: 0xFE
04-01 16:00:53.849  1109  5528 D vendor.qti.bluetooth@1.0-ibs_handler: SerialClockVote: vote for UART CLK OFF
04-01 16:00:54.000  1109  5267 D vendor.qti.bluetooth@1.0-wake_lock: Release wakelock is released 
04-01 16:00:54.308  1931  4128 D SLM-SRV-SLAService: checktemp temperature = 28331 temperature_average = 28480 isPerformanceMode = false thermal_enable_slm = true
04-01 16:00:54.601  1931  4458 I ActivityManager: Broadcasting: Intent { act=android.intent.action.MEDIA_SCANNER_SCAN_FILE dat=file:///... flg=0x400000 }
04-01 16:00:54.601  1931  4458 I ActivityManager: Broadcast action android.intent.action.MEDIA_SCANNER_SCAN_FILE forcing include-background
04-01 16:00:54.602  1931  4458 D ActivityManager: checkAllowBackground: uid=10219 pkg=com.google.android.providers.media.module rec=UidRecord{13e0cf5 u0a219 PER  change:procadj procs:0 seq(300242,888)} caps=LCMNFU always=true idle=false
04-01 16:00:54.602  1931  4458 I ActivityManager: App 10219/com.google.android.providers.media.module targets O+, restricted
04-01 16:00:54.602  1931  4458 D ActivityManager: checkAllowBackground: uid=10219 pkg=com.google.android.providers.media.module startMode=2 onallowlist=false onallowlist(ei)=false
04-01 16:00:54.602  1931  4458 D ActivityManager: checkAllowBackground: uid=1000 pkg=com.miui.securitycore rec=UidRecord{32d667d 1000 PER  fgServices allowlist change:procadj procs:0 seq(300298,297765)} caps=LCMNFU always=true idle=false
04-01 16:00:54.602  1931  4458 I ActivityManager: App 1000/com.miui.securitycore targets O+, restricted
04-01 16:00:54.602  1931  4458 D ActivityManager: checkAllowBackground: uid=1000 pkg=com.miui.securitycore startMode=2 onallowlist=true onallowlist(ei)=true
04-01 16:00:54.602  1931  4458 I ActivityManager: Enqueued broadcast Intent { act=android.intent.action.MEDIA_SCANNER_SCAN_FILE dat=file:///... flg=0x400000 }: 0
04-01 16:00:54.602  1931  2365 D ActivityManager: checkAllowBackground: uid=10219 pkg=com.google.android.providers.media.module rec=UidRecord{13e0cf5 u0a219 PER  change:procadj procs:0 seq(300242,888)} caps=LCMNFU always=true idle=false
04-01 16:00:54.602  1931  2365 I ActivityManager: App 10219/com.google.android.providers.media.module targets O+, restricted
04-01 16:00:54.603  1931  2365 D ActivityManager: checkAllowBackground: uid=10219 pkg=com.google.android.providers.media.module startMode=2 onallowlist=false onallowlist(ei)=false
04-01 16:00:54.606  5908  5908 I MediaServiceV2: Creating work for intent Intent { act=android.intent.action.MEDIA_SCANNER_SCAN_FILE dat=file:///... flg=0x1400010 cmp=com.google.android.providers.media.module/com.android.providers.media.MediaServiceV2 }
04-01 16:00:54.606  5908  5908 I MediaServiceV2: Work enqueued for intent: Intent { act=android.intent.action.MEDIA_SCANNER_SCAN_FILE dat=file:///... flg=0x1400010 cmp=com.google.android.providers.media.module/com.android.providers.media.MediaServiceV2 }
04-01 16:00:54.608  1931  2365 D ActivityManager: checkAllowBackground: uid=1000 pkg=com.miui.securitycore rec=UidRecord{32d667d 1000 PER  fgServices allowlist change:procadj procs:0 seq(300298,297765)} caps=LCMNFU always=true idle=false
04-01 16:00:54.608  1931  2365 I ActivityManager: App 1000/com.miui.securitycore targets O+, restricted
04-01 16:00:54.609  1931  2365 D ActivityManager: checkAllowBackground: uid=1000 pkg=com.miui.securitycore startMode=2 onallowlist=true onallowlist(ei)=true
04-01 16:00:54.611  1931  2012 I ActivityManager: Broadcast completed: result=0
04-01 16:00:54.613 23504 23504 I DoViGenericTag: Logger Terminated
04-01 16:00:54.620  5908  6092 D WM-SystemJobScheduler: Scheduling work ID 8d1e0893-fabd-4d80-8fcb-d53b404dffe1Job ID 10822
04-01 16:00:54.621  1931  4458 D ActivityManager: checkAllowBackground: uid=10219 pkg=com.google.android.providers.media.module rec=UidRecord{13e0cf5 u0a219 PER  change:procadj procs:0 seq(300310,888)} caps=LCMNFU always=false idle=false
04-01 16:00:54.629  1931  4458 I whetstone.activity: Power Event callback listener is empty for resId=256
04-01 16:00:54.629  1931  4458 D BatteryStatsManagerStub: notifyEvent for resId=256 used 0ms
04-01 16:00:54.630  5908  6092 D WM-GreedyScheduler: Ignoring {WorkSpec: 32d8ab03-23d9-40ba-b7b8-55fbb9b873b7}. Requires device idle.
