04-01 16:07:27.608  1931  4449 I SmartPower: com.google.android.gms/10163(5288): idle->background(50365ms) R(service create com.google.android.gms/.ipa.base.IpaGcmTaskService) adj=0.
04-01 16:07:27.616  4883 24479 I NetworkScheduler.Stats: (REDACTED) Task %s/%s started execution. cause:%s exec_start_elapsed_seconds: %s
04-01 16:07:27.619  4883 24624 I NetworkScheduler.Stats: (REDACTED) Task %s/%s finished executing. cause:%s result: %s elapsed_millis: %s uptime_millis: %s exec_start_elapsed_seconds: %s
04-01 16:07:27.630  1931  6466 D ActivityManager: checkAllowBackground: uid=10163 pkg=com.google.android.gms rec=UidRecord{875802d u0a163 BFGS change:procadj procs:0 seq(305275,985)} caps=LCMNFU always=false idle=false
04-01 16:07:27.632  1931  2001 D HighMemoryManager: Java Memory used=109M max=512M. is system: true
04-01 16:07:27.632  1931  2001 V HighMemoryManager: Check mem usage finished! Next check delay: 0
04-01 16:07:27.647  4019  4019 D ArtChoreographerMonitor: invoke error.
04-01 16:07:28.047  1899  1899 I wificond: station_bandwidth: 
04-01 16:07:28.053  4019  4019 D ArtChoreographerMonitor: invoke error.
04-01 16:07:28.065  1254  1254 E vendor.qti.hardware.perf@2.2-service: Unknown params
04-01 16:07:28.223  4019  4019 D ArtChoreographerMonitor: invoke error.
04-01 16:07:28.398  1931  6013 I ActivityManager: Broadcasting: Intent { act=android.intent.action.MEDIA_SCANNER_SCAN_FILE dat=file:///... flg=0x400000 }
04-01 16:07:28.399  1931  6013 I ActivityManager: Broadcast action android.intent.action.MEDIA_SCANNER_SCAN_FILE forcing include-background
04-01 16:07:28.399  1931  6013 D ActivityManager: checkAllowBackground: uid=10219 pkg=com.google.android.providers.media.module rec=UidRecord{13e0cf5 u0a219 PER  change:procadj procs:0 seq(305205,888)} caps=LCMNFU always=true idle=false
04-01 16:07:28.399  1931  6013 I ActivityManager: App 10219/com.google.android.providers.media.module targets O+, restricted
04-01 16:07:28.399  1931  6013 D ActivityManager: checkAllowBackground: uid=10219 pkg=com.google.android.providers.media.module startMode=2 onallowlist=false onallowlist(ei)=false
04-01 16:07:28.399  1931  6013 D ActivityManager: checkAllowBackground: uid=1000 pkg=com.miui.securitycore rec=UidRecord{32d667d 1000 PER  fgServices allowlist change:procadj procs:0 seq(305262,302903)} caps=LCMNFU always=true idle=false
04-01 16:07:28.399  1931  6013 I ActivityManager: App 1000/com.miui.securitycore targets O+, restricted
04-01 16:07:28.399  1931  6013 D ActivityManager: checkAllowBackground: uid=1000 pkg=com.miui.securitycore startMode=2 onallowlist=true onallowlist(ei)=true
04-01 16:07:28.400  1931  6013 I ActivityManager: Enqueued broadcast Intent { act=android.intent.action.MEDIA_SCANNER_SCAN_FILE dat=file:///... flg=0x400000 }: 0
04-01 16:07:28.400  1931  2365 D ActivityManager: checkAllowBackground: uid=10219 pkg=com.google.android.providers.media.module rec=UidRecord{13e0cf5 u0a219 PER  change:procadj procs:0 seq(305205,888)} caps=LCMNFU always=true idle=false
04-01 16:07:28.400  1931  2365 I ActivityManager: App 10219/com.google.android.providers.media.module targets O+, restricted
04-01 16:07:28.400  1931  2365 D ActivityManager: checkAllowBackground: uid=10219 pkg=com.google.android.providers.media.module startMode=2 onallowlist=false onallowlist(ei)=false
04-01 16:07:28.402  5908  5908 I MediaServiceV2: Creating work for intent Intent { act=android.intent.action.MEDIA_SCANNER_SCAN_FILE dat=file:///... flg=0x1400010 cmp=com.google.android.providers.media.module/com.android.providers.media.MediaServiceV2 }
04-01 16:07:28.403  5908  5908 I MediaServiceV2: Work enqueued for intent: Intent { act=android.intent.action.MEDIA_SCANNER_SCAN_FILE dat=file:///... flg=0x1400010 cmp=com.google.android.providers.media.module/com.android.providers.media.MediaServiceV2 }
04-01 16:07:28.405  1931  2365 D ActivityManager: checkAllowBackground: uid=1000 pkg=com.miui.securitycore rec=UidRecord{32d667d 1000 PER  fgServices allowlist change:procadj procs:0 seq(305262,302903)} caps=LCMNFU always=true idle=false
04-01 16:07:28.405  1931  2365 I ActivityManager: App 1000/com.miui.securitycore targets O+, restricted
04-01 16:07:28.405  1931  2365 D ActivityManager: checkAllowBackground: uid=1000 pkg=com.miui.securitycore startMode=2 onallowlist=true onallowlist(ei)=true
04-01 16:07:28.408 24668 24668 I DoViGenericTag: Logger Terminated
04-01 16:07:28.409  1931  2012 I ActivityManager: Broadcast completed: result=0
04-01 16:07:28.420  5908  6002 D WM-SystemJobScheduler: Scheduling work ID 5896b995-c55d-4687-b1bc-1755355321b8Job ID 10834
04-01 16:07:28.421  1931  6013 D ActivityManager: checkAllowBackground: uid=10219 pkg=com.google.android.providers.media.module rec=UidRecord{13e0cf5 u0a219 PER  change:procadj procs:0 seq(305280,888)} caps=LCMNFU always=false idle=false
04-01 16:07:28.426  1931  6013 I whetstone.activity: Power Event callback listener is empty for resId=256
04-01 16:07:28.426  1931  6013 D BatteryStatsManagerStub: notifyEvent for resId=256 used 0ms
04-01 16:07:28.428  5908  5908 D WM-SystemJobService: onStartJob for WorkGenerationalId(workSpecId=5896b995-c55d-4687-b1bc-1755355321b8, generation=0)
04-01 16:07:28.429  5908  6002 D WM-GreedyScheduler: Ignoring {WorkSpec: 32d8ab03-23d9-40ba-b7b8-55fbb9b873b7}. Requires device idle.
04-01 16:07:28.429  5908  6002 D WM-GreedyScheduler: Starting work for 5896b995-c55d-4687-b1bc-1755355321b8
04-01 16:07:28.430  5908  6002 D WM-Processor: Processor: processing WorkGenerationalId(workSpecId=5896b995-c55d-4687-b1bc-1755355321b8, generation=0)
04-01 16:07:28.431  5908  6002 D WM-Processor: Work WorkGenerationalId(workSpecId=5896b995-c55d-4687-b1bc-1755355321b8, generation=0) is already enqueued for processing
04-01 16:07:28.433  5908  5908 D WM-WorkerWrapper: Starting work for com.android.providers.media.MediaServiceV2
04-01 16:07:28.434  5908 24681 I MediaServiceV2: Work initiated for action [ android.intent.action.MEDIA_SCANNER_SCAN_FILE ]
04-01 16:07:28.462  5908 24681 I MediaServiceV2: Work ended for action [ android.intent.action.MEDIA_SCANNER_SCAN_FILE ]
04-01 16:07:28.463  5908  6079 I WM-WorkerWrapper: Worker result SUCCESS for Work [ id=5896b995-c55d-4687-b1bc-1755355321b8, tags={ com.android.providers.media.MediaServiceV2 } ]
04-01 16:07:28.464  5908  5908 D WM-Processor: Processor 5896b995-c55d-4687-b1bc-1755355321b8 executed; reschedule = false
04-01 16:07:28.465  5908  5908 D WM-SystemJobService: 5896b995-c55d-4687-b1bc-1755355321b8 executed on JobScheduler
04-01 16:07:28.465  1931  6013 I whetstone.activity: Power Event callback listener is empty for resId=256
04-01 16:07:28.465  1931  6013 D BatteryStatsManagerStub: notifyEvent for resId=256 used 0ms
04-01 16:07:28.468  5908  6002 D WM-GreedyScheduler: Cancelling work ID 5896b995-c55d-4687-b1bc-1755355321b8
04-01 16:07:28.470  5908  6002 D WM-GreedyScheduler: Ignoring {WorkSpec: 32d8ab03-23d9-40ba-b7b8-55fbb9b873b7}. Requires device idle.
04-01 16:07:28.478  5908  6002 D WM-SystemJobScheduler: Scheduling work ID 595a5be6-a093-4b3b-89ca-b96ef3513d1eJob ID 10835
04-01 16:07:28.479  1931  6013 D ActivityManager: checkAllowBackground: uid=10219 pkg=com.google.android.providers.media.module rec=UidRecord{13e0cf5 u0a219 PER  change:procadj procs:0 seq(305284,888)} caps=LCMNFU always=false idle=false
04-01 16:07:28.480  1931  6013 D ActivityManager: checkAllowBackground: uid=1000 pkg=android rec=UidRecord{32d667d 1000 PER  fgServices allowlist change:procadj procs:0 seq(305282,302903)} caps=LCMNFU always=false idle=false
04-01 16:07:28.481  5908  6002 D WM-GreedyScheduler: Ignoring {WorkSpec: 32d8ab03-23d9-40ba-b7b8-55fbb9b873b7}. Requires device idle.
04-01 16:07:28.490  1109  5528 I vendor.qti.bluetooth@1.0-ibs_handler: ProcessIbsCmd: Received IBS_WAKE_IND: 0xFD
04-01 16:07:28.490  1109  5528 D vendor.qti.bluetooth@1.0-ibs_handler: SerialClockVote: vote for UART CLK ON
04-01 16:07:28.491  1109  5528 D vendor.qti.bluetooth@1.0-wake_lock: Acquire wakelock is acquired 
04-01 16:07:28.491  1109  5528 I vendor.qti.bluetooth@1.0-ibs_handler: ProcessIbsCmd: Writing IBS_WAKE_ACK
04-01 16:07:28.493  4969  5531 I bt_stack: [INFO:btm_ble_gap.cc(3528)] btm_ble_process_adv_pkt_cont Data Complete 7f:23:b6:78:e3:70
04-01 16:07:28.532  1109  5528 I vendor.qti.bluetooth@1.0-ibs_handler: ProcessIbsCmd: Received IBS_SLEEP_IND: 0xFE
04-01 16:07:28.533  1109  5528 D vendor.qti.bluetooth@1.0-ibs_handler: SerialClockVote: vote for UART CLK OFF
04-01 16:07:28.584  1254  1254 E vendor.qti.hardware.perf@2.2-service: Unknown params
04-01 16:07:28.586  1254  1254 E vendor.qti.hardware.perf@2.2-service: Unknown params
04-01 16:07:28.589  1246  1496 I SDM     : HWDeviceDRM::UpdateMixerAttributes: Mixer WxH 1080x2400-0 for Peripheral
04-01 16:07:28.589  1246  1496 I SDM     : HWCDisplay::SubmitDisplayConfig: Active configuration changed to: 2
04-01 16:07:28.683  1109  5267 D vendor.qti.bluetooth@1.0-wake_lock: Release wakelock is released 
04-01 16:07:29.650  1931  2384 I ExtM    : zram userate is low, no need to flush: 27
04-01 16:07:29.974  5908  5908 D WM-DelayedWorkTracker: Scheduling work 595a5be6-a093-4b3b-89ca-b96ef3513d1e
04-01 16:07:29.974  5908  5908 D WM-GreedyScheduler: Starting tracking for 595a5be6-a093-4b3b-89ca-b96ef3513d1e
04-01 16:07:29.974  1931  2861 D ActivityManager: checkAllowBackground: uid=1000 pkg=com.miui.powerkeeper rec=UidRecord{32d667d 1000 PER  fgServices change:procadj procs:0 seq(305368,302903)} caps=LCMNFU always=false idle=false
04-01 16:07:29.981  1931  2861 D AlarmManager: mBroadcastRefCount -> 1
04-01 16:07:29.982  6817  6817 I PowerKeeperBackgroundService: onStartCommand()
04-01 16:07:29.982  6817  6817 I PowerKeeperService: onAlarm
04-01 16:07:29.983  5908  6079 D WM-ConstraintTracker: BatteryNotLowTracker: initial state = true
04-01 16:07:29.983  5908  6079 D WM-BrdcstRcvrCnstrntTrc: BatteryNotLowTracker: registering receiver
04-01 16:07:29.984  1931  2861 D AlarmManager: mBroadcastRefCount -> 2
04-01 16:07:29.985  1931  1931 D AlarmManager: mBroadcastRefCount -> 1
04-01 16:07:29.985  1931  1931 D AlarmManager: mPendingIntent -> PendingIntent{fc957df: PendingIntentRecord{6fa8c2c com.miui.powerkeeper startService}}
04-01 16:07:29.986  5908  6079 D WM-GreedyScheduler: Constraints met: Scheduling work ID WorkGenerationalId(workSpecId=595a5be6-a093-4b3b-89ca-b96ef3513d1e, generation=0)
04-01 16:07:29.988  5908  6079 D WM-Processor: Processor: processing WorkGenerationalId(workSpecId=595a5be6-a093-4b3b-89ca-b96ef3513d1e, generation=0)
04-01 16:07:29.992  5908  5908 D WM-WorkerWrapper: Starting work for com.android.providers.media.photopicker.sync.ProactiveSyncWorker
04-01 16:07:29.992  1931  1931 D ActivityManager: checkAllowBackground: uid=1000 pkg=android rec=UidRecord{32d667d 1000 PER  fgServices change:procadj procs:0 seq(305372,302903)} caps=LCMNFU always=false idle=false
04-01 16:07:29.993  1931  1931 D AlarmManager: mBroadcastRefCount -> 0
04-01 16:07:29.993  1931  1931 D AlarmManager: mPendingIntent -> null
04-01 16:07:29.993  1931  2844 D ActivityManager: checkAllowBackground: uid=10219 pkg=com.google.android.providers.media.module rec=UidRecord{13e0cf5 u0a219 PER  change:procadj procs:0 seq(305311,888)} caps=LCMNFU always=false idle=false
04-01 16:07:29.993  5908 24686 I PSyncWorker: Starting proactive picker sync from sync source: 1
04-01 16:07:29.993  5908 24686 I PickerSyncTracker: Created new sync future java.util.concurrent.CompletableFuture@785bf2d[Not completed, 1 dependents]. Future map: {595a5be6-a093-4b3b-89ca-b96ef3513d1e=java.util.concurrent.CompletableFuture@785bf2d[Not completed, 1 dependents]}
04-01 16:07:29.994  5908 24686 D PickerSyncController: syncAllMediaFromProvider() LOCAL, auth=com.android.providers.media.photopicker, retry=true
04-01 16:07:29.994  5908 24686 D PickerSyncController: getSyncRequestParams() LOCAL, auth=com.android.providers.media.photopicker
04-01 16:07:29.999  1931  2844 I whetstone.activity: Power Event callback listener is empty for resId=256
04-01 16:07:29.999  1931  2844 D BatteryStatsManagerStub: notifyEvent for resId=256 used 0ms
04-01 16:07:30.001  5908  5908 D WM-SystemJobService: onStartJob for WorkGenerationalId(workSpecId=595a5be6-a093-4b3b-89ca-b96ef3513d1e, generation=0)
04-01 16:07:30.003  5908  6085 D WM-Processor: Work WorkGenerationalId(workSpecId=595a5be6-a093-4b3b-89ca-b96ef3513d1e, generation=0) is already enqueued for processing
04-01 16:07:30.020  5908 24686 D PickerSyncController:    Latest ID/Gen=a9d769f4a5dc255f:external_primary/531406
04-01 16:07:30.020  5908 24686 D PickerSyncController:    Cached ID/Gen=a9d769f4a5dc255f:external_primary/531397
04-01 16:07:30.020  5908 24686 D PickerSyncController:    RESULT=SyncRequestParams{type=MEDIA_INCREMENTAL, gen=531397, latest=Bundle[{last_media_sync_generation=531406, media_collection_id=a9d769f4a5dc255f:external_primary}], pageSize=1000}
04-01 16:07:30.020  5908 24686 I PickerSyncController: Executing SyncAdd. isLocal: true. authority: com.android.providers.media.photopicker
04-01 16:07:30.020  5908 24686 D PickerSyncLockManager: Trying to acquire lock com.android.providers.media.photopicker.sync.CloseableReentrantLock@50cc0f6[Unlocked]. Lock Name = CLOUD_PROVIDER_LOCK. Threads that may be waiting to acquire this lock = [] with timeout.
04-01 16:07:30.020  5908 24686 D CloseableReentrantLock: Successfully acquired lock com.android.providers.media.photopicker.sync.CloseableReentrantLock@50cc0f6[Locked by thread pool-2-thread-62]. Lock Name = CLOUD_PROVIDER_LOCK. Threads that may be waiting to acquire this lock = []
04-01 16:07:30.020  5908 24686 D CloseableReentrantLock: Successfully released lock com.android.providers.media.photopicker.sync.CloseableReentrantLock@50cc0f6[Unlocked]. Lock Name = CLOUD_PROVIDER_LOCK. Threads that may be waiting to acquire this lock = []
04-01 16:07:30.020  5908 24686 D ExternalDbFacade: Token received for queryMedia = null
04-01 16:07:30.033  5908 24686 D PickerSyncLockManager: Trying to acquire lock com.android.providers.media.photopicker.sync.CloseableReentrantLock@50cc0f6[Unlocked]. Lock Name = CLOUD_PROVIDER_LOCK. Threads that may be waiting to acquire this lock = [] with timeout.
04-01 16:07:30.033  5908 24686 D CloseableReentrantLock: Successfully acquired lock com.android.providers.media.photopicker.sync.CloseableReentrantLock@50cc0f6[Locked by thread pool-2-thread-62]. Lock Name = CLOUD_PROVIDER_LOCK. Threads that may be waiting to acquire this lock = []
04-01 16:07:30.033  5908 24686 D PickerSyncController: Saving next page token: 1775052448000|1000084426 for key: local_provider:media_add:resume
04-01 16:07:30.033  5908 24686 D CloseableReentrantLock: Successfully released lock com.android.providers.media.photopicker.sync.CloseableReentrantLock@50cc0f6[Unlocked]. Lock Name = CLOUD_PROVIDER_LOCK. Threads that may be waiting to acquire this lock = []
04-01 16:07:30.034  5908 24686 D PickerNotificationSender: Sending a notification for media update
04-01 16:07:30.035  5908 24686 D PickerNotificationSender: Sending a notification for merged album media update Favorites
04-01 16:07:30.035  5908 24686 D PickerNotificationSender: Sending a notification for album media update Favorites
04-01 16:07:30.035  5908 24686 D PickerNotificationSender: Sending a notification for merged album media update Videos
04-01 16:07:30.035  5908 24686 D PickerNotificationSender: Sending a notification for album media update Videos
04-01 16:07:30.036  5908 24686 D ExternalDbFacade: Token received for queryMedia = 1775052448000|1000084426
04-01 16:07:30.045  5908 24686 D PickerSyncLockManager: Trying to acquire lock com.android.providers.media.photopicker.sync.CloseableReentrantLock@50cc0f6[Unlocked]. Lock Name = CLOUD_PROVIDER_LOCK. Threads that may be waiting to acquire this lock = [] with timeout.
04-01 16:07:30.046  5908 24686 D CloseableReentrantLock: Successfully acquired lock com.android.providers.media.photopicker.sync.CloseableReentrantLock@50cc0f6[Locked by thread pool-2-thread-62]. Lock Name = CLOUD_PROVIDER_LOCK. Threads that may be waiting to acquire this lock = []
04-01 16:07:30.046  5908 24686 D PickerSyncController: Clearing next page token for key: local_provider:media_add:resume
04-01 16:07:30.046  5908 24686 D CloseableReentrantLock: Successfully released lock com.android.providers.media.photopicker.sync.CloseableReentrantLock@50cc0f6[Unlocked]. Lock Name = CLOUD_PROVIDER_LOCK. Threads that may be waiting to acquire this lock = []
04-01 16:07:30.046  5908 24686 D PickerNotificationSender: Sending a notification for media update
04-01 16:07:30.046  5908 24686 D PickerNotificationSender: Sending a notification for merged album media update Favorites
04-01 16:07:30.046  5908 24686 D PickerNotificationSender: Sending a notification for album media update Favorites
04-01 16:07:30.047  5908 24686 D PickerNotificationSender: Sending a notification for merged album media update Videos
04-01 16:07:30.047  5908 24686 D PickerNotificationSender: Sending a notification for album media update Videos
04-01 16:07:30.048  5908 24686 I PickerSyncController: Paged sync successful. QueryArgs: Bundle[{android.provider.extra.PAGE_TOKEN=1775052448000|1000084426, android.provider.extra.SYNC_GENERATION=531397, android.provider.extra.PAGE_SIZE=1000}] Total Rows: 1
04-01 16:07:30.048  5908 24686 I PickerSyncController: Executing SyncRemove. isLocal: true. authority: com.android.providers.media.photopicker
04-01 16:07:30.048  5908 24686 D PickerSyncLockManager: Trying to acquire lock com.android.providers.media.photopicker.sync.CloseableReentrantLock@50cc0f6[Unlocked]. Lock Name = CLOUD_PROVIDER_LOCK. Threads that may be waiting to acquire this lock = [] with timeout.
04-01 16:07:30.048  5908 24686 D CloseableReentrantLock: Successfully acquired lock com.android.providers.media.photopicker.sync.CloseableReentrantLock@50cc0f6[Locked by thread pool-2-thread-62]. Lock Name = CLOUD_PROVIDER_LOCK. Threads that may be waiting to acquire this lock = []
04-01 16:07:30.048  5908 24686 D CloseableReentrantLock: Successfully released lock com.android.providers.media.photopicker.sync.CloseableReentrantLock@50cc0f6[Unlocked]. Lock Name = CLOUD_PROVIDER_LOCK. Threads that may be waiting to acquire this lock = []
04-01 16:07:30.049  5908 24686 D PickerSyncLockManager: Trying to acquire lock com.android.providers.media.photopicker.sync.CloseableReentrantLock@50cc0f6[Unlocked]. Lock Name = CLOUD_PROVIDER_LOCK. Threads that may be waiting to acquire this lock = [] with timeout.
04-01 16:07:30.049  5908 24686 D CloseableReentrantLock: Successfully acquired lock com.android.providers.media.photopicker.sync.CloseableReentrantLock@50cc0f6[Locked by thread pool-2-thread-62]. Lock Name = CLOUD_PROVIDER_LOCK. Threads that may be waiting to acquire this lock = []
04-01 16:07:30.049  5908 24686 D PickerSyncController: Clearing next page token for key: local_provider:media_remove:resume
04-01 16:07:30.049  5908 24686 D CloseableReentrantLock: Successfully released lock com.android.providers.media.photopicker.sync.CloseableReentrantLock@50cc0f6[Unlocked]. Lock Name = CLOUD_PROVIDER_LOCK. Threads that may be waiting to acquire this lock = []
04-01 16:07:30.049  5908 24686 D PickerNotificationSender: Sending a notification for media update
04-01 16:07:30.050  5908 24686 D PickerNotificationSender: Sending a notification for merged album media update Favorites
04-01 16:07:30.050  5908 24686 D PickerNotificationSender: Sending a notification for album media update Favorites
04-01 16:07:30.050  5908 24686 D PickerNotificationSender: Sending a notification for merged album media update Videos
04-01 16:07:30.050  5908 24686 D PickerNotificationSender: Sending a notification for album media update Videos
04-01 16:07:30.051  5908 24686 I PickerSyncController: Paged sync successful. QueryArgs: Bundle[{android.provider.extra.PAGE_TOKEN=1775052448000|1000084426, android.provider.extra.SYNC_GENERATION=531397, android.provider.extra.PAGE_SIZE=1000}] Total Rows: 0
04-01 16:07:30.051  5908 24686 I PickerSyncTracker: Marked sync future complete for work id: 595a5be6-a093-4b3b-89ca-b96ef3513d1e. Future map: {}
04-01 16:07:30.051  5908 24686 I PSyncWorker: Completed picker proactive sync complete from local provider.
04-01 16:07:30.052  5908  6079 I WM-WorkerWrapper: Worker result SUCCESS for Work [ id=595a5be6-a093-4b3b-89ca-b96ef3513d1e, tags={ com.android.providers.media.photopicker.sync.ProactiveSyncWorker } ]
04-01 16:07:30.054  5908  5908 D WM-Processor: Processor 595a5be6-a093-4b3b-89ca-b96ef3513d1e executed; reschedule = false
04-01 16:07:30.055  5908  5908 D WM-GreedyScheduler: Stopping tracking for WorkGenerationalId(workSpecId=595a5be6-a093-4b3b-89ca-b96ef3513d1e, generation=0)
04-01 16:07:30.055  5908  5908 D WM-SystemJobService: 595a5be6-a093-4b3b-89ca-b96ef3513d1e executed on JobScheduler
04-01 16:07:30.056  1931  6074 I whetstone.activity: Power Event callback listener is empty for resId=256
04-01 16:07:30.056  1931  6074 D BatteryStatsManagerStub: notifyEvent for resId=256 used 0ms
04-01 16:07:30.060  5908  6079 D WM-GreedyScheduler: Cancelling work ID 595a5be6-a093-4b3b-89ca-b96ef3513d1e
04-01 16:07:30.062  5908  6079 D WM-GreedyScheduler: Ignoring {WorkSpec: 32d8ab03-23d9-40ba-b7b8-55fbb9b873b7}. Requires device idle.
04-01 16:07:30.062  5908  6079 D WM-BrdcstRcvrCnstrntTrc: BatteryNotLowTracker: unregistering receiver
04-01 16:07:30.611  1931  3244 I SmartPower: com.google.android.gms/10163(5288): background->idle(3003ms) R(service create com.google.android.gms/.ipa.base.IpaGcmTaskService) adj=600.
