04-03 06:31:43.546 D/ActivityManager( 1984): checkAllowBackground: uid=10163 pkg=com.google.android.gms rec=UidRecord{b6f4724 u0a163 BTOP change:procadj procs:0 seq(855088,634761)} caps=LCMNFU always=false idle=false
04-03 06:31:43.640 D/Capacitor(20543): Handling local request: https://localhost/assets/App-BSfbSXuu.js
04-03 06:31:43.640 D/Capacitor(20543): Handling local request: https://localhost/assets/radix-DMPoIThg.js
04-03 06:31:43.641 D/Capacitor(20543): Handling local request: https://localhost/assets/icons-C-ODRj63.js
04-03 06:31:43.643 D/Capacitor(20543): Handling local request: https://localhost/assets/motion-DqUtLYd9.js
04-03 06:31:43.643 D/Capacitor(20543): Handling local request: https://localhost/assets/query-D8FPn2eF.js
04-03 06:31:43.644 D/Capacitor(20543): Handling local request: https://localhost/assets/router-CHHHWuse.js
04-03 06:31:43.654 D/Capacitor(20543): Handling local request: https://localhost/favicon.png
04-03 06:31:43.656 D/Capacitor(20543): Handling local request: https://localhost/blearn-mark.svg
04-03 06:31:43.708 D/Capacitor(20543): Handling local request: https://localhost/assets/GlobalRuntimeManagers-DCKtEMwf.js
04-03 06:31:43.708 D/Capacitor(20543): Handling local request: https://localhost/assets/promiseTimeout-a4KVzDcx.js
04-03 06:31:43.709 D/Capacitor(20543): Handling local request: https://localhost/assets/useLearningStore-DrA3Vgqn.js
04-03 06:31:43.712 D/Capacitor(20543): Handling local request: https://localhost/assets/useAuthStore-Cu0lu8Pr.js
04-03 06:31:43.713 D/Capacitor(20543): Handling local request: https://localhost/assets/notificationService-DWLrJZ1w.js
04-03 06:31:43.715 D/Capacitor(20543): Handling local request: https://localhost/assets/nativePolicy-CUcIKfev.js
04-03 06:31:43.720 D/Capacitor(20543): Handling local request: https://localhost/favicon.png
04-03 06:31:43.723 D/Capacitor(20543): Handling local request: https://localhost/assets/Index-uW8-sZlo.js
04-03 06:31:43.724 D/Capacitor(20543): Handling local request: https://localhost/assets/ThemeToggle-BcR_yUo9.js
04-03 06:31:43.724 D/Capacitor(20543): Handling local request: https://localhost/assets/QuickActionCard-3x0n3Mo9.js
04-03 06:31:43.725 D/Capacitor(20543): Handling local request: https://localhost/assets/MetricCard-DbBnOvfP.js
04-03 06:31:43.725 D/Capacitor(20543): Handling local request: https://localhost/blearn-mark.svg
04-03 06:31:43.727 D/Capacitor(20543): Handling local request: https://localhost/assets/PageTransition-MJg4xv-D.js
04-03 06:31:43.727 D/Capacitor(20543): Handling local request: https://localhost/assets/selectors-CVPpAMe-.js
04-03 06:31:43.741 D/Capacitor(20543): Handling local request: https://localhost/assets/AppIntroDialog-BSi2yg1t.js
04-03 06:31:43.745 D/Capacitor(20543): Handling local request: https://localhost/assets/dialog-B-eATglP.js
04-03 06:31:43.746 D/Capacitor(20543): Handling local request: https://localhost/assets/SetupNarrativeDialog-CC46Bjnl.js
04-03 06:31:43.746 D/Capacitor(20543): Handling local request: https://localhost/assets/settings-Dwk6lKRp.js
04-03 06:31:43.747 D/Capacitor(20543): Handling local request: https://localhost/assets/AuthDialog-DkKbL_b6.js
04-03 06:31:43.748 D/Capacitor(20543): Handling local request: https://localhost/assets/input-CAuAok6f.js
04-03 06:31:43.756 I/MiStcImpl( 1177): Dispatching command: 14 SET_IGC_DITHER
04-03 06:31:43.757 E/MiStcImpl( 1177): Seting Display 0 dither en 0 strength 4
04-03 06:31:43.764 D/Capacitor(20543): Handling local request: https://localhost/assets/NotificationPermissionPrompt-DvnFpUbn.js
04-03 06:31:43.800 I/FontLog (16129): (REDACTED) Received query %s, URI %s
04-03 06:31:43.800 I/FontLog (16129): (REDACTED) Query [%s] resolved to %s
04-03 06:31:43.804 I/FontLog (16129): (REDACTED) Fetch %s end status %s
04-03 06:31:43.809 I/FontLog (16129): (REDACTED) Pulling font file for id = %d, cache size = %d
04-03 06:31:43.816 I/FontLog (16129): (REDACTED) Pulling font file for id = %d, cache size = %d
04-03 06:31:44.022 I/p.blearn.mobile(20543): Compiler allocated 4542KB to compile void android.view.ViewRootImpl.performTraversals()
04-03 06:31:44.111 W/ProcessStats( 1984): Tracking association SourceState{9b0c619 com.xiaomi.aicr:cognitionService/10336 Fgs #152758} whose proc state 3 is better than process ProcessState{72c5ee8 com.miui.analytics/10094 pkg=com.miui.analytics} proc state 5 (67 skipped)
04-03 06:31:44.146 I/ExtM    ( 1984): zram userate is low, no need to flush: 34
04-03 06:31:44.206 W/Layer   ( 1305): gatherBufferInfo: Received unknown dataspace from gralloc
04-03 06:31:44.237 I/Capacitor/Console(20543): File:  - Line 349 - Msg: [object Object]
04-03 06:31:44.238 I/Capacitor/Console(20543): File:  - Line 349 - Msg: [object Object]
04-03 06:31:44.239 I/Capacitor/Console(20543): File:  - Line 349 - Msg: [object Object]
04-03 06:31:44.239 I/Capacitor/Console(20543): File:  - Line 349 - Msg: [object Object]
04-03 06:31:44.239 I/Capacitor/Console(20543): File:  - Line 349 - Msg: [object Object]
04-03 06:31:44.242 V/Capacitor/Plugin(20543): To native (Capacitor plugin): callbackId: 54516584, pluginId: ScreenTime, methodName: getNotificationPermissionState
04-03 06:31:44.242 V/Capacitor(20543): callback: 54516584, pluginId: ScreenTime, methodName: getNotificationPermissionState, methodData: {}
04-03 06:31:44.243 V/Capacitor/Plugin(20543): To native (Capacitor plugin): callbackId: 54516585, pluginId: ScreenTime, methodName: getNotificationPermissionState
04-03 06:31:44.243 V/Capacitor(20543): callback: 54516585, pluginId: ScreenTime, methodName: getNotificationPermissionState, methodData: {}
04-03 06:31:44.244 V/Capacitor/Plugin(20543): To native (Capacitor plugin): callbackId: 54516586, pluginId: ScreenTime, methodName: getTodayUsage
04-03 06:31:44.244 V/Capacitor(20543): callback: 54516586, pluginId: ScreenTime, methodName: getTodayUsage, methodData: {}
04-03 06:31:44.244 V/Capacitor/Plugin(20543): To native (Capacitor plugin): callbackId: 54516587, pluginId: ScreenTime, methodName: getInstalledApps
04-03 06:31:44.245 V/Capacitor(20543): callback: 54516587, pluginId: ScreenTime, methodName: getInstalledApps, methodData: {}
04-03 06:31:44.245 D/BtGatt.GattService( 4948): getDeviceType() - device=4C:6B:E8:5C:64:CE, type=3
04-03 06:31:44.245 D/BtGatt.GattService( 4948): getDeviceType() - device=BD:49:0E:5C:E7:EC, type=1
04-03 06:31:44.245 D/BtGatt.GattService( 4948): getDeviceType() - device=42:98:76:54:33:8B, type=1
04-03 06:31:44.245 D/BtGatt.GattService( 4948): getDeviceType() - device=B0:F1:D8:A9:07:6F, type=3
04-03 06:31:44.245 D/BtGatt.GattService( 4948): getDeviceType() - device=F4:04:4C:00:AC:A5, type=1
04-03 06:31:44.245 D/BtGatt.GattService( 4948): getDeviceType() - device=98:52:3D:B0:A5:6B, type=3
04-03 06:31:44.245 D/BtGatt.GattService( 4948): getDeviceType() - device=2C:41:A1:14:BD:E4, type=3
04-03 06:31:44.245 D/BtGatt.GattService( 4948): getDeviceType() - device=58:D5:0A:49:48:D2, type=1
04-03 06:31:44.245 D/BtGatt.GattService( 4948): getDeviceType() - device=60:09:C3:F4:63:6C, type=3
04-03 06:31:44.245 D/BtGatt.GattService( 4948): getDeviceType() - device=78:20:2E:12:52:D2, type=3
04-03 06:31:44.245 D/BtGatt.GattService( 4948): getDeviceType() - device=08:DF:1F:2C:F8:2B, type=1
04-03 06:31:44.245 D/BtGatt.GattService( 4948): getDeviceType() - device=6C:5C:3D:3B:7F:B8, type=1
04-03 06:31:44.245 D/BtGatt.GattService( 4948): getDeviceType() - device=2C:FD:B4:8E:EC:21, type=1
04-03 06:31:44.245 D/BtGatt.GattService( 4948): getDeviceType() - device=6F:54:CD:39:F8:97, type=1
04-03 06:31:44.245 D/BtGatt.GattService( 4948): getDeviceType() - device=00:07:80:E0:32:12, type=1
04-03 06:31:44.245 V/Capacitor/Plugin(20543): To native (Capacitor plugin): callbackId: 54516588, pluginId: ScreenTime, methodName: consumePendingNavigation
04-03 06:31:44.245 V/Capacitor(20543): callback: 54516588, pluginId: ScreenTime, methodName: consumePendingNavigation, methodData: {}
04-03 06:31:44.245 D/BtGatt.GattService( 4948): getDeviceType() - device=0C:3B:50:86:D5:EF, type=1
04-03 06:31:44.246 D/BtGatt.GattService( 4948): getDeviceType() - device=60:8A:10:1E:26:D8, type=3
04-03 06:31:44.246 D/BtGatt.GattService( 4948): getDeviceType() - device=00:0C:8A:BA:02:3C, type=1
04-03 06:31:44.246 D/BtGatt.GattService( 4948): getDeviceType() - device=90:A3:A3:56:BF:D9, type=1
04-03 06:31:44.251 D/BtGatt.GattService( 4948): getDeviceType() - device=4C:6B:E8:5C:64:CE, type=3
04-03 06:31:44.252 D/BtGatt.GattService( 4948): getDeviceType() - device=BD:49:0E:5C:E7:EC, type=1
04-03 06:31:44.252 D/BtGatt.GattService( 4948): getDeviceType() - device=42:98:76:54:33:8B, type=1
04-03 06:31:44.252 D/BtGatt.GattService( 4948): getDeviceType() - device=B0:F1:D8:A9:07:6F, type=3
04-03 06:31:44.252 D/BtGatt.GattService( 4948): getDeviceType() - device=F4:04:4C:00:AC:A5, type=1
04-03 06:31:44.252 D/BtGatt.GattService( 4948): getDeviceType() - device=98:52:3D:B0:A5:6B, type=3
04-03 06:31:44.252 D/BtGatt.GattService( 4948): getDeviceType() - device=2C:41:A1:14:BD:E4, type=3
04-03 06:31:44.252 D/BtGatt.GattService( 4948): getDeviceType() - device=58:D5:0A:49:48:D2, type=1
04-03 06:31:44.252 D/BtGatt.GattService( 4948): getDeviceType() - device=60:09:C3:F4:63:6C, type=3
04-03 06:31:44.252 D/BtGatt.GattService( 4948): getDeviceType() - device=78:20:2E:12:52:D2, type=3
04-03 06:31:44.252 D/BtGatt.GattService( 4948): getDeviceType() - device=08:DF:1F:2C:F8:2B, type=1
04-03 06:31:44.252 D/BtGatt.GattService( 4948): getDeviceType() - device=6C:5C:3D:3B:7F:B8, type=1
04-03 06:31:44.252 D/BtGatt.GattService( 4948): getDeviceType() - device=2C:FD:B4:8E:EC:21, type=1
04-03 06:31:44.252 D/BtGatt.GattService( 4948): getDeviceType() - device=6F:54:CD:39:F8:97, type=1
04-03 06:31:44.252 D/BtGatt.GattService( 4948): getDeviceType() - device=00:07:80:E0:32:12, type=1
04-03 06:31:44.252 D/BtGatt.GattService( 4948): getDeviceType() - device=0C:3B:50:86:D5:EF, type=1
04-03 06:31:44.252 D/BtGatt.GattService( 4948): getDeviceType() - device=60:8A:10:1E:26:D8, type=3
04-03 06:31:44.252 D/BtGatt.GattService( 4948): getDeviceType() - device=00:0C:8A:BA:02:3C, type=1
04-03 06:31:44.252 D/BtGatt.GattService( 4948): getDeviceType() - device=90:A3:A3:56:BF:D9, type=1
04-03 06:31:44.255 D/BtGatt.GattService( 4948): getDeviceType() - device=4C:6B:E8:5C:64:CE, type=3
04-03 06:31:44.255 D/BtGatt.GattService( 4948): getDeviceType() - device=BD:49:0E:5C:E7:EC, type=1
04-03 06:31:44.255 D/BtGatt.GattService( 4948): getDeviceType() - device=42:98:76:54:33:8B, type=1
04-03 06:31:44.255 D/BtGatt.GattService( 4948): getDeviceType() - device=B0:F1:D8:A9:07:6F, type=3
04-03 06:31:44.255 D/BtGatt.GattService( 4948): getDeviceType() - device=F4:04:4C:00:AC:A5, type=1
04-03 06:31:44.255 D/BtGatt.GattService( 4948): getDeviceType() - device=98:52:3D:B0:A5:6B, type=3
04-03 06:31:44.255 D/BtGatt.GattService( 4948): getDeviceType() - device=2C:41:A1:14:BD:E4, type=3
04-03 06:31:44.255 D/BtGatt.GattService( 4948): getDeviceType() - device=58:D5:0A:49:48:D2, type=1
04-03 06:31:44.255 D/BtGatt.GattService( 4948): getDeviceType() - device=60:09:C3:F4:63:6C, type=3
04-03 06:31:44.255 D/BtGatt.GattService( 4948): getDeviceType() - device=78:20:2E:12:52:D2, type=3
04-03 06:31:44.255 D/BtGatt.GattService( 4948): getDeviceType() - device=08:DF:1F:2C:F8:2B, type=1
04-03 06:31:44.255 D/BtGatt.GattService( 4948): getDeviceType() - device=6C:5C:3D:3B:7F:B8, type=1
04-03 06:31:44.255 D/BtGatt.GattService( 4948): getDeviceType() - device=2C:FD:B4:8E:EC:21, type=1
04-03 06:31:44.255 D/BtGatt.GattService( 4948): getDeviceType() - device=6F:54:CD:39:F8:97, type=1
04-03 06:31:44.255 D/BtGatt.GattService( 4948): getDeviceType() - device=00:07:80:E0:32:12, type=1
04-03 06:31:44.255 D/BtGatt.GattService( 4948): getDeviceType() - device=0C:3B:50:86:D5:EF, type=1
04-03 06:31:44.255 D/BtGatt.GattService( 4948): getDeviceType() - device=60:8A:10:1E:26:D8, type=3
04-03 06:31:44.255 D/BtGatt.GattService( 4948): getDeviceType() - device=00:0C:8A:BA:02:3C, type=1
04-03 06:31:44.255 D/BtGatt.GattService( 4948): getDeviceType() - device=90:A3:A3:56:BF:D9, type=1
04-03 06:31:44.258 I/MiStcImpl( 1177): Dispatching command: 14 SET_IGC_DITHER
04-03 06:31:44.258 E/MiStcImpl( 1177): Seting Display 0 dither en 1 strength 4
04-03 06:31:44.271 I/Capacitor/Console(20543): File:  - Line 333 - Msg: {"enabled":true,"state":"granted"}
04-03 06:31:44.273 I/Capacitor/Console(20543): File:  - Line 333 - Msg: {"enabled":true,"state":"granted"}
04-03 06:31:44.316 I/com.xiaomi.dm( 6875): update fcm token
04-03 06:31:44.316 E/com.xiaomi.dm( 6875): not login yet
04-03 06:31:44.359 I/com.xiaomi.dm( 6875): update fcm token failed, code:-3, reason:
04-03 06:31:44.360 I/com.xiaomi.dm( 6875): delay sending fcm token to server
04-03 06:31:44.384 I/libc    ( 6836): kill: send 15 to pid 20670 real pid 20670
04-03 06:31:44.521 E/FileUtils(20543): err write to mi_exception_log
04-03 06:31:44.729 I/SmartPower: com.milink.service:audio/10128(9737)( 1984): background->idle(3001ms) R(broadcast start Intent { act=android.intent.action.PACKAGE_RESTARTED dat=package: flg=0x10 (has extras) }) adj=100.
04-03 06:31:44.762 I/ExtM    ( 1984): zram userate is low, no need to flush: 34
04-03 06:31:44.765 I/lowmemorykiller(  638): Kill 'com.google.android.apps.photos' (10029), uid 10191, oom_score_adj 975 to free 67712kB rss, 92724kB swap; reason: cw
04-03 06:31:44.766 W/p.blearn.mobile(20543): PerfMonitor async binderTransact :  time=229ms interface=android.gui.ITransactionComposerListener code=1
04-03 06:31:44.768 E/FileUtils(20543): err write to mi_exception_log
04-03 06:31:44.816 W/RenderInspector(20543): QueueBuffer time out on app.blearn.mobile/app.blearn.mobile.MainActivity, count=1, avg=20 ms, max=20 ms.
04-03 06:31:44.826 I/Capacitor/Console(20543): File:  - Line 333 - Msg: {"totalScreenTimeMs":30319819,"unlockCount":0,"entries":[{"packageName":"com.android.chrome","appName":"Chrome","totalTimeMs":13313866,"lastUsedTimestamp":1775151395594},{"packageName":"app.blearn.mobile","appName":"Blearn","totalTimeMs":8174856,"lastUsedTimestamp":1775190702644},{"packageName":"com.whatsapp","appName":"WhatsApp","totalTimeMs":2922552,"lastUsedTimestamp":1775166215551},{"packageName":"com.mi.android.globallauncher","appName":"POCO Launcher","totalTimeMs":2374664,"lastUsedTimestamp":1775190702564},{"packageName":"com.google.android.gm","appName":"Gmail","totalTimeMs":954517,"lastUsedTimestamp":1775151404708},{"packageName":"com.shazam.android","appName":"Shazam","totalTimeMs":672629,"lastUsedTimestamp":1775153243864},{"packageName":"com.google.android.googlequicksearchbox","appName":"Google","totalTimeMs":421795,"lastUsedTimestamp":1775178460590},{"packageName":"com.mi.globalbrowser","appName":"Mi Browser","totalTimeMs":316645,"lastUsedTimestamp":1775111620950},{"packageName":"org.telegram.messenger","appName":"Telegram","totalTimeMs":192756,"lastUsedTimestamp":1775170574506},{"packageName":"com.android.settings","appName":"Einstellungen","totalTimeMs":187727,"lastUsedTimestamp":1775170168224},{"packageName":"com.miui.gallery","appName":"Galerie","totalTimeMs":149884,"lastUsedTimestamp":1775170102042},{"packageName":"com.google.android.apps.maps","appName":"Maps","totalTimeMs":112703,"lastUsedTimestamp":1775107802926},{"packageName":"com.miui.securitycenter","appName":"Sicherheit","totalTimeMs":97073,"lastUsedTimestamp":1775190487827},{"packageName":"com.google.android.dialer","appName":"Telefon","totalTimeMs":96052,"lastUsedTimestamp":1775107899022},{"packageName":"fr.leboncoin","appName":"leboncoin","totalTimeMs":93119,"lastUsedTimestamp":1775107401411},{"packageName":"com.starfinanz.smob.android.sfinanzstatus","appName":"Sparkasse","totalTimeMs":77439,"lastUsedTimestamp":1775079532338},{"packageName":"com.android.vending","appName":"Google Play Store","totalTimeMs":70803,"lastUsedTimestamp":1775137824839},{"packageName":"com.google.android.calendar","appName":"Kalender","totalTimeMs":27192,"lastUsedTimestamp":1775155442216},{"packageName":"com.google.android.apps.tasks","appName":"Tasks","totalTimeMs":23808,"lastUsedTimestamp":1775152147695},{"packageName":"com.google.android.apps.translate","appName":"Übersetzer","totalTimeMs":18013,"lastUsedTimestamp":1775102002367},{"packageName":"com.android.camera","appName":"Kamera","totalTimeMs":17354,"lastUsedTimestamp":1775166232038},{"packageName":"com.google.android.gms","appName":"Google Play-Dienste","totalTimeMs":2260,"lastUsedTimestamp":1775170177298},{"packageName":"com.google.android.permissioncontroller","appName":"Berechtigungssteuerung","totalTimeMs":1269,"lastUsedTimestamp":1775170573201},{"packageName":"com.google.android.apps.bard","appName":"Gemini","totalTimeMs":411,"lastUsedTimestamp":1775111032473},{"packageName":"com.android.credentialmanager","appName":"Anmeldedaten-Manager","totalTimeMs":324,"lastUsedTimestamp":1775170177385},{"packageName":"com.google.android.apps.wellbeing","appName":"Digital Wellbeing","totalTimeMs":108,"lastUsedTimestamp":1775083258785}]}
04-03 06:31:44.831 D/ConnectivityService( 1984): releasing NetworkRequest [ REQUEST id=12008, [ Capabilities: INTERNET&NOT_RESTRICTED&TRUSTED&NOT_VCN_MANAGED Uid: 10191 RequestorUid: 10191 RequestorPkg: com.google.android.apps.photos UnderlyingNetworks: Null] ] (release request)
04-03 06:31:44.832 D/ConnectivityService( 1984): releasing NetworkRequest [ REQUEST id=12000, [ Capabilities: INTERNET&NOT_RESTRICTED&TRUSTED&NOT_VCN_MANAGED Uid: 10191 RequestorUid: 10191 RequestorPkg: com.google.android.apps.photos UnderlyingNetworks: Null] ] (release request)
04-03 06:31:44.833 I/ActivityManager( 1984): Process com.google.android.apps.photos (pid 10029) has died: cch+75 CEM 
04-03 06:31:44.835 E/ProcessManager( 1984): error write exception log
04-03 06:31:44.835 E/vendor.qti.hardware.perf@2.2-service( 1187): Unknown params
04-03 06:31:44.835 E/vendor.qti.hardware.perf@2.2-service( 1187): Unknown params
04-03 06:31:44.835 E/vendor.qti.hardware.perf@2.2-service( 1187): Unknown params
04-03 06:31:44.835 E/ANDR-PERF-DATA-POOL( 1187): EventDataPool is Full
04-03 06:31:44.835 E/ANDR-PERF-MPCTL( 1187): perf request submission limit reached.
04-03 06:31:44.836 I/libc    ( 1984): kill: send 9 to pid -10029 real pid -10029
04-03 06:31:44.836 I/libprocessgroup( 1984): Successfully killed process cgroup uid 10191 pid 10029 in 0ms
04-03 06:31:44.841 I/MiuiNetworkPolicy( 1984): removeUidState uid = 10191
04-03 06:31:44.841 I/IPCThreadState(11911): oneway function results for code 3 on binder at 0xb400007699d99020 will be dropped but finished with status UNKNOWN_TRANSACTION
04-03 06:31:44.842 I/IPCThreadState( 7002): oneway function results for code 3 on binder at 0xb40000769aa90480 will be dropped but finished with status UNKNOWN_TRANSACTION
04-03 06:31:44.843 I/NetworkBoostStatusManager( 1984): onUidGone uid: 10191
04-03 06:31:44.844 I/SLM-SRV-SLSAppLib( 1984): SLM_Ai_Mode EVENT_CHECK_GMAE_AI_MODE_STATUS
04-03 06:31:44.846 D/DisplayManagerService( 1984): Drop pending events for gone uid 10191
04-03 06:31:44.847 I/SLM-SRV-SLSAppLib( 1984): SLM_Ai_Mode checkGameAiModeStatus mGameAiModeCloudControl:false mLinkTurboAiModeSwitch:false mGameAiModeInterfaceReady:false mGameStartBattle:false powerMgrGameUid:0
04-03 06:31:44.863 I/Zygote  (  957): Process 10029 exited due to signal 9 (Killed)
04-03 06:31:44.887 D/ArtChoreographerMonitor( 3986): invoke error.
04-03 06:31:44.904 E/FileUtils(20543): err write to mi_exception_log
04-03 06:31:44.913 D/Capacitor(20543): Handling local request: https://localhost/assets/firebase-app-CweMZfjC.js
04-03 06:31:44.914 D/Capacitor(20543): Handling local request: https://localhost/assets/firebase-shared-u_kSYnvb.js
04-03 06:31:44.930 I/vendor.qti.bluetooth@1.0-ibs_handler( 1107): ProcessIbsCmd: Received IBS_WAKE_IND: 0xFD
04-03 06:31:44.930 D/vendor.qti.bluetooth@1.0-ibs_handler( 1107): SerialClockVote: vote for UART CLK ON
04-03 06:31:44.931 D/vendor.qti.bluetooth@1.0-wake_lock( 1107): Acquire wakelock is acquired 
04-03 06:31:44.933 I/vendor.qti.bluetooth@1.0-ibs_handler( 1107): ProcessIbsCmd: Writing IBS_WAKE_ACK
04-03 06:31:44.935 I/bt_stack( 4948): [INFO:btm_ble_gap.cc(3528)] btm_ble_process_adv_pkt_cont Data Complete 7c:b3:f1:83:62:0d
04-03 06:31:44.936 I/bt_stack( 4948): [INFO:btm_ble_gap.cc(3528)] btm_ble_process_adv_pkt_cont Data Complete 7c:b3:f1:83:62:0d
04-03 06:31:44.936 D/bt_btm_ble( 4948): bool parse_adv_audio_uuids_from_adv_pkt(const uint8_t *, size_t, uint8_t): tmap_cap_pts: false
04-03 06:31:44.938 D/BluetoothAdapterService( 4948): getIdentityAddress null retruning 7C:B3:F1:83:62:0D
04-03 06:31:44.945 D/Capacitor(20543): Handling local request: https://localhost/assets/firebase-auth-CUF-09tX.js
04-03 06:31:44.955 I/SmartPower: com.android.chrome/10171(18399)( 1984): background->idle(3010ms) R(broadcast start Intent { act=android.intent.action.BATTERY_CHANGED flg=0x60000010 (has extras) }) adj=915.
04-03 06:31:44.955 I/SmartPower: com.digibites.accubattery/10422(13543)( 1984): background->idle(3010ms) R(broadcast start Intent { act=android.intent.action.BATTERY_CHANGED flg=0x60000010 (has extras) }) adj=200.
04-03 06:31:44.955 I/SmartPower: com.xiaomi.discover/10121(6288)( 1984): background->idle(3010ms) R(broadcast start Intent { act=android.intent.action.BATTERY_CHANGED flg=0x60000010 (has extras) }) adj=915.
04-03 06:31:44.955 I/SmartPower: com.facebook.appmanager/10141(19301)( 1984): background->idle(3009ms) R(broadcast start Intent { act=android.intent.action.BATTERY_CHANGED flg=0x60000010 (has extras) }) adj=915.
04-03 06:31:44.955 I/SmartPower: com.whatsapp.w4b/10303(8131)( 1984): background->idle(3007ms) R(broadcast start Intent { act=android.intent.action.BATTERY_CHANGED flg=0x60000010 (has extras) }) adj=915.
04-03 06:31:44.955 I/SmartPower: com.miui.android.fashiongallery/10229(9178)( 1984): background->idle(3006ms) R(broadcast start Intent { act=android.intent.action.BATTERY_CHANGED flg=0x60000010 (has extras) }) adj=915.
04-03 06:31:44.956 I/SmartPower: com.microsoft.teams/10242(10105)( 1984): background->idle(3005ms) R(broadcast start Intent { act=android.intent.action.BATTERY_CHANGED flg=0x60000010 (has extras) }) adj=905.
04-03 06:31:44.956 I/SmartPower: fr.leboncoin/10531(10872)( 1984): background->idle(3004ms) R(broadcast start Intent { act=android.intent.action.BATTERY_CHANGED flg=0x60000010 (has extras) }) adj=905.
04-03 06:31:44.956 I/SmartPower: com.openai.chatgpt/10400(15857)( 1984): background->idle(3002ms) R(broadcast start Intent { act=android.intent.action.BATTERY_CHANGED flg=0x60000010 (has extras) }) adj=905.
04-03 06:31:44.970 I/ExtM    ( 1984): zram userate is low, no need to flush: 33
04-03 06:31:44.974 I/vendor.qti.bluetooth@1.0-ibs_handler( 1107): ProcessIbsCmd: Received IBS_SLEEP_IND: 0xFE
04-03 06:31:44.974 D/vendor.qti.bluetooth@1.0-ibs_handler( 1107): SerialClockVote: vote for UART CLK OFF
04-03 06:31:45.114 I/SmartPower: com.garmin.connectiq/10344(20437)( 1984): background->idle(3766ms) R(adj below visible) adj=905.
04-03 06:31:45.124 D/vendor.qti.bluetooth@1.0-wake_lock( 1107): Release wakelock is released 
04-03 06:31:45.146 W/IconCustomizer(20543): getCustomizedIconW 184
04-03 06:31:45.146 I/IconCustomizer(20543): load icon config path null, valid rect RectF(3.57141, 3.57129, 96.4286, 96.4284), isFullMask false
04-03 06:31:45.164 D/IconCustomizer(20543): Generate customized icon for com.digibites.accubattery.png, false
04-03 06:31:45.170 W/Bitmap  (20543): Called getDensity() on a recycle()'d bitmap! This is undefined behavior!
04-03 06:31:45.199 D/IconCustomizer(20543): Generate customized icon for com.adobe.reader.png, false
04-03 06:31:45.199 W/Bitmap  (20543): Called getDensity() on a recycle()'d bitmap! This is undefined behavior!
04-03 06:31:45.226 D/IconCustomizer(20543): Generate customized icon for com.airbnb.android.png, false
04-03 06:31:45.226 W/Bitmap  (20543): Called getDensity() on a recycle()'d bitmap! This is undefined behavior!
04-03 06:31:45.247 D/IconCustomizer(20543): Generate customized icon for com.getalby.mobile.png, false
04-03 06:31:45.247 W/Bitmap  (20543): Called getDensity() on a recycle()'d bitmap! This is undefined behavior!
04-03 06:31:45.268 D/IconCustomizer(20543): Generate customized icon for fr.aldi.android.png, false
04-03 06:31:45.268 W/Bitmap  (20543): Called getDensity() on a recycle()'d bitmap! This is undefined behavior!
04-03 06:31:45.281 D/IconCustomizer(20543): Generate customized icon for com.outdooractive.alpenverein.png, false
04-03 06:31:45.281 W/Bitmap  (20543): Called getDensity() on a recycle()'d bitmap! This is undefined behavior!
04-03 06:31:45.295 D/IconCustomizer(20543): Generate customized icon for com.amazon.mShop.android.shopping.png, false
04-03 06:31:45.296 W/Bitmap  (20543): Called getDensity() on a recycle()'d bitmap! This is undefined behavior!
04-03 06:31:45.312 D/IconCustomizer(20543): Generate customized icon for com.ichi2.anki.png, false
04-03 06:31:45.313 W/Bitmap  (20543): Called getDensity() on a recycle()'d bitmap! This is undefined behavior!
04-03 06:31:45.331 D/IconCustomizer(20543): Generate customized icon for com.xiaomi.mipicks.png, false
04-03 06:31:45.331 W/Bitmap  (20543): Called getDensity() on a recycle()'d bitmap! This is undefined behavior!
04-03 06:31:45.336 I/Capacitor/Console(20543): File:  - Line 349 - Msg: [object Object]
04-03 06:31:45.339 V/Capacitor/Plugin(20543): To native (Capacitor plugin): callbackId: 54516589, pluginId: ScreenTime, methodName: syncPolicies
04-03 06:31:45.342 V/Capacitor(20543): callback: 54516589, pluginId: ScreenTime, methodName: syncPolicies, methodData: {"snapshot":{"activeModes":["learn"],"gateRule":{"sessionCreditsRequired":10,"requiredCorrectReviews":10,"unlockDurationMinutes":20,"typedAnswerMaxWords":3,"typedAnswerEnabled":false,"reviewAheadHours":24},"blockedPackages":["com.android.chrome","com.google.android.apps.maps","com.mi.globalbrowser","cc.dreamspark.intervaltimer","com.google.android.googlequicksearchbox","us.zoom.videomeetings","org.telegram.messenger","com.google.android.apps.labs.language.tailwind","com.google.android.keep","com.suno.android","com.google.android.dialer","com.google.android.apps.tasks","de.komoot.android","com.vsct.vsc.mobile.horaireetresa.android","com.starfinanz.smob.android.sfinanzstatus","com.miui.securitycenter","com.amazon.mshop.android.shopping","com.android.camera","com.habitfinesse.app","com.ichi2.anki","com.canva.editor","com.android.vending","oracle.idm.mobile.authenticator","com.miui.global.packageinstaller","com.google.android.apps.docs","com.facebook.orca","com.google.android.calendar","com.google.android.apps.messaging","com.openai.chatgpt","fr.leboncoin","com.google.android.apps.translate","com.miui.gallery","ai.perplexity.app.android","com.lidl.eci.lidlplus","com.revolut.revolut","com.facebook.katana","com.digibites.accubattery","com.adobe.reader","com.airbnb.android","com.getalby.mobile","fr.aldi.android","com.outdooractive.alpenverein","tv.arte.plus7","com.google.android.apps.googleassistant","com.azure.authenticator","com.google.android.apps.authenticator2","com.babbel.mobile.android.en","com.deutschebahn.bahnbonus","digifit.android.virtuagym.pro.basefive","com.betterhelp","com.toursprung.bikemap","com.binance.dev","com.comuto","com.booking","com.piriform.ccleaner","de.pixelhouse","com.google.android.apps.classroom","com.garmin.connectiq","org.coursera.android","fr.cts.strasbourg.ugo","com.mi.android.globalfileexplorer","de.hafas.android.db","com.deepl.mobiletranslator","com.dictionary","com.discord","com.google.android.apps.docs.editors.docs","com.mttnow.droid.easyjet","net.easypark.android","com.ebay.mobile","de.elster.elstersecure.app","host.exp.exponent","com.google.android.apps.nbu.files","de.finance_cloud.financeident","de.dwins.financeguru","de.flixbus.app","com.google.android.apps.photos","com.xiaomi.glgm","com.garmin.android.apps.connectmobile","com.google.android.apps.bard","com.xiaomi.mipicks","de.gls.banking","com.google.android.apps.magazines","com.google.android.apps.subscriptions.red","com.google.android.apps.books","com.google.android.play.games","com.google.android.apps.podcasts","com.google.android.apps.chromecast.app","com.philips.lighting.hue2","com.applidium.vianavigo","com.inbody2014.inbody","com.mi.globalminusscreen","fr.stime.mcommerce","com.idssandroid","com.kubi.kucoin","volumebooster.soundspeaker.louder","com.google.ar.lens","com.lingoda.application","com.linkedin.android","fr.airweb.occitanie","tech.butterfly.app","com.mcdonalds.mobileapp","de.mcdonalds.mcdonaldsinfoapp","com.meetup","at.rsg.pfp","com.google.android.apps.adm","at.tmobile.android.myt","de.otelo.android","com.worldline.wallet","com.miui.videoplayer","com.miui.player","fr.urbansoccer.app","de.nextbike","com.miui.notes","at.oebb.ts","md.obsidian","com.microsoft.office.onenote","com.opodo.reisen","fr.tramb.park4night","com.google.android.apps.safetyhub","com.google.android.apps.playconsole","com.miui.calculator","com.entersekt.authapp.sparkasse","ch.sbb.mobile.android.b2c","com.xiaomi.scanner","de.fiduciagad.securego.wl","com.miui.miservice","com.google.android.apps.docs.editors.sheets","org.thoughtcrime.securesms","com.sporteasy.android","com.spotify.music","de.soscomp.mobilemscandroid.taures","de.dfb.teampunkt","com.microsoft.teams","fr.tisseo.android","org.toastmasters.innsbruck","fr.toastmasters.toulouse.app","com.trello","com.lynxspa.prontotreno","com.pons.onlinedictionary","com.jcdecaux.vls.toulouse","com.miui.weather2","com.whatnot_mobile","com.whatsapp.w4b","de.buhl.steuerphone","com.xiaomi.smarthome","c
04-03 06:31:45.346 D/IconCustomizer(20543): Generate customized icon for tv.arte.plus7.png, false
04-03 06:31:45.346 W/Bitmap  (20543): Called getDensity() on a recycle()'d bitmap! This is undefined behavior!
04-03 06:31:45.355 D/IconCustomizer(20543): Generate customized icon for com.google.android.apps.googleassistant.png, false
04-03 06:31:45.356 W/Bitmap  (20543): Called getDensity() on a recycle()'d bitmap! This is undefined behavior!
04-03 06:31:45.369 D/IconCustomizer(20543): Generate customized icon for com.azure.authenticator.png, false
04-03 06:31:45.370 W/Bitmap  (20543): Called getDensity() on a recycle()'d bitmap! This is undefined behavior!
04-03 06:31:45.382 D/IconCustomizer(20543): Generate customized icon for com.google.android.apps.authenticator2.png, false
04-03 06:31:45.382 W/Bitmap  (20543): Called getDensity() on a recycle()'d bitmap! This is undefined behavior!
04-03 06:31:45.389 D/IconCustomizer(20543): Generate customized icon for oracle.idm.mobile.authenticator.png, false
04-03 06:31:45.390 W/Bitmap  (20543): Called getDensity() on a recycle()'d bitmap! This is undefined behavior!
04-03 06:31:45.397 D/IconCustomizer(20543): Generate customized icon for com.babbel.mobile.android.en.png, false
04-03 06:31:45.398 W/Bitmap  (20543): Called getDensity() on a recycle()'d bitmap! This is undefined behavior!
04-03 06:31:45.411 D/IconCustomizer(20543): Generate customized icon for com.deutschebahn.bahnbonus.png, false
04-03 06:31:45.412 W/Bitmap  (20543): Called getDensity() on a recycle()'d bitmap! This is undefined behavior!
04-03 06:31:45.423 D/IconCustomizer(20543): Generate customized icon for digifit.android.virtuagym.pro.basefive.png, false
04-03 06:31:45.423 W/Bitmap  (20543): Called getDensity() on a recycle()'d bitmap! This is undefined behavior!
04-03 06:31:45.430 I/IconCustomizer(20543): find better bitmap : 132, for com.betterhelp
04-03 06:31:45.431 I/IconCustomizer(20543): find better bitmap : 156, for com.betterhelp
04-03 06:31:45.432 I/IconCustomizer(20543): find better bitmap : 180, for com.betterhelp
04-03 06:31:45.432 D/IconCustomizer(20543): Content Ratio = 0.73333335
04-03 06:31:45.432 D/IconCustomizer(20543): drawableToBitmap: sourceWidth=180, sourceHeight=180, ratio=0.73333335
04-03 06:31:45.433 D/IconCustomizer(20543): Generate customized icon for com.betterhelp.png, false
04-03 06:31:45.433 W/Bitmap  (20543): Called getDensity() on a recycle()'d bitmap! This is undefined behavior!
04-03 06:31:45.441 D/IconCustomizer(20543): Generate customized icon for com.toursprung.bikemap.png, false
04-03 06:31:45.441 W/Bitmap  (20543): Called getDensity() on a recycle()'d bitmap! This is undefined behavior!
04-03 06:31:45.450 I/IconCustomizer(20543): find better bitmap : 132, for com.binance.dev
04-03 06:31:45.451 I/IconCustomizer(20543): find better bitmap : 156, for com.binance.dev
04-03 06:31:45.453 I/IconCustomizer(20543): find better bitmap : 180, for com.binance.dev
04-03 06:31:45.453 D/IconCustomizer(20543): Content Ratio = 0.95
04-03 06:31:45.453 D/IconCustomizer(20543): drawableToBitmap: sourceWidth=180, sourceHeight=180, ratio=0.95
04-03 06:31:45.454 D/IconCustomizer(20543): Generate customized icon for com.binance.dev.png, false
04-03 06:31:45.454 W/Bitmap  (20543): Called getDensity() on a recycle()'d bitmap! This is undefined behavior!
04-03 06:31:45.463 D/IconCustomizer(20543): Generate customized icon for com.comuto.png, false
04-03 06:31:45.464 W/Bitmap  (20543): Called getDensity() on a recycle()'d bitmap! This is undefined behavior!
04-03 06:31:45.477 D/IconCustomizer(20543): Generate customized icon for com.booking.png, false
04-03 06:31:45.477 W/Bitmap  (20543): Called getDensity() on a recycle()'d bitmap! This is undefined behavior!
04-03 06:31:45.491 D/IconCustomizer(20543): Generate customized icon for com.canva.editor.png, false
04-03 06:31:45.492 W/Bitmap  (20543): Called getDensity() on a recycle()'d bitmap! This is undefined behavior!
04-03 06:31:45.494 W/p.blearn.mobile(20543): Cleared Reference was only reachable from finalizer (only reported once)
04-03 06:31:45.506 D/IconCustomizer(20543): Generate customized icon for com.carrefour.fid.android.png, false
04-03 06:31:45.507 W/Bitmap  (20543): Called getDensity() on a recycle()'d bitmap! This is undefined behavior!
04-03 06:31:45.523 D/IconCustomizer(20543): Generate customized icon for com.piriform.ccleaner.png, false
04-03 06:31:45.523 W/Bitmap  (20543): Called getDensity() on a recycle()'d bitmap! This is undefined behavior!
04-03 06:31:45.534 D/IconCustomizer(20543): Generate customized icon for com.openai.chatgpt.png, false
04-03 06:31:45.534 W/Bitmap  (20543): Called getDensity() on a recycle()'d bitmap! This is undefined behavior!
04-03 06:31:45.547 I/vendor.qti.bluetooth@1.0-ibs_handler( 1107): ProcessIbsCmd: Received IBS_WAKE_IND: 0xFD
04-03 06:31:45.547 D/vendor.qti.bluetooth@1.0-ibs_handler( 1107): SerialClockVote: vote for UART CLK ON
04-03 06:31:45.547 D/vendor.qti.bluetooth@1.0-wake_lock( 1107): Acquire wakelock is acquired 
04-03 06:31:45.547 I/vendor.qti.bluetooth@1.0-ibs_handler( 1107): ProcessIbsCmd: Writing IBS_WAKE_ACK
04-03 06:31:45.548 D/IconCustomizer(20543): Generate customized icon for de.pixelhouse.png, false
04-03 06:31:45.548 W/Bitmap  (20543): Called getDensity() on a recycle()'d bitmap! This is undefined behavior!
04-03 06:31:45.549 I/bt_stack( 4948): [INFO:btm_ble_gap.cc(3528)] btm_ble_process_adv_pkt_cont Data Complete 7f:26:77:ad:bb:96
04-03 06:31:45.549 D/bt_btm_ble( 4948): bool parse_adv_audio_uuids_from_adv_pkt(const uint8_t *, size_t, uint8_t): tmap_cap_pts: false
04-03 06:31:45.550 D/BluetoothAdapterService( 4948): getIdentityAddress null retruning 7F:26:77:AD:BB:96
04-03 06:31:45.573 D/IconCustomizer(20543): Generate customized icon for com.google.android.apps.classroom.png, false
04-03 06:31:45.573 W/Bitmap  (20543): Called getDensity() on a recycle()'d bitmap! This is undefined behavior!
04-03 06:31:45.575 I/p.blearn.mobile(20543): NativeAlloc concurrent copying GC freed 9955KB AllocSpace bytes, 134(10MB) LOS objects, 70% free, 10067KB/33MB, paused 44us,24us total 109.974ms
04-03 06:31:45.585 W/p.blearn.mobile(20543): ApkAssets: Deleting an ApkAssets object '<empty> and /data/app/~~HqnkwDZTS2T-nkHCUoRYeg==/com.android.chrome-VdTU_jCbG2A6CQQZ1eNg7g==/base.apk' with 1 weak references
04-03 06:31:45.586 W/p.blearn.mobile(20543): ApkAssets: Deleting an ApkAssets object '<empty> and /data/app/~~HqnkwDZTS2T-nkHCUoRYeg==/com.android.chrome-VdTU_jCbG2A6CQQZ1eNg7g==/split_chrome.apk' with 1 weak references
04-03 06:31:45.586 W/p.blearn.mobile(20543): ApkAssets: Deleting an ApkAssets object '<empty> and /data/app/~~HqnkwDZTS2T-nkHCUoRYeg==/com.android.chrome-VdTU_jCbG2A6CQQZ1eNg7g==/split_config.de.apk' with 1 weak references
04-03 06:31:45.586 W/p.blearn.mobile(20543): ApkAssets: Deleting an ApkAssets object '<empty> and /data/app/~~HqnkwDZTS2T-nkHCUoRYeg==/com.android.chrome-VdTU_jCbG2A6CQQZ1eNg7g==/split_dev_ui.apk' with 1 weak references
04-03 06:31:45.586 W/p.blearn.mobile(20543): ApkAssets: Deleting an ApkAssets object '<empty> and /data/app/~~HqnkwDZTS2T-nkHCUoRYeg==/com.android.chrome-VdTU_jCbG2A6CQQZ1eNg7g==/split_on_demand.apk' with 1 weak references
04-03 06:31:45.586 W/p.blearn.mobile(20543): ApkAssets: Deleting an ApkAssets object '<empty> and /data/app/~~HqnkwDZTS2T-nkHCUoRYeg==/com.android.chrome-VdTU_jCbG2A6CQQZ1eNg7g==/split_stack_unwinder.apk' with 1 weak references
04-03 06:31:45.586 W/p.blearn.mobile(20543): ApkAssets: Deleting an ApkAssets object '<empty> and /data/app/~~HqnkwDZTS2T-nkHCUoRYeg==/com.android.chrome-VdTU_jCbG2A6CQQZ1eNg7g==/split_test_dummy.apk' with 1 weak references
04-03 06:31:45.586 W/p.blearn.mobile(20543): ApkAssets: Deleting an ApkAssets object '<empty> and /data/app/~~yhtYuhW_2hgprERCXlBdCQ==/com.google.android.trichromelibrary_768016433-lkuQbQH-3812y0B9IbYZAA==/base.apk' with 1 weak references
04-03 06:31:45.587 W/p.blearn.mobile(20543): ApkAssets: Deleting an ApkAssets object '<empty> and /data/app/~~ZSy6vWfzg9FtSTQhKtwRAQ==/com.whatsapp-6v8a1oqK7U9ZRlZPOeKTCg==/base.apk' with 1 weak references
04-03 06:31:45.587 W/p.blearn.mobile(20543): ApkAssets: Deleting an ApkAssets object '<empty> and /data/app/~~ZSy6vWfzg9FtSTQhKtwRAQ==/com.whatsapp-6v8a1oqK7U9ZRlZPOeKTCg==/split_config.arm64_v8a.apk' with 1 weak references
04-03 06:31:45.587 W/p.blearn.mobile(20543): ApkAssets: Deleting an ApkAssets object '<empty> and /data/app/~~ZSy6vWfzg9FtSTQhKtwRAQ==/com.whatsapp-6v8a1oqK7U9ZRlZPOeKTCg==/split_config.xxhdpi.apk' with 1 weak references
04-03 06:31:45.588 W/p.blearn.mobile(20543): ApkAssets: Deleting an ApkAssets object '<empty> and /product/priv-app/MiLauncherGlobal/MiLauncherGlobal.apk' with 1 weak references
04-03 06:31:45.588 W/p.blearn.mobile(20543): ApkAssets: Deleting an ApkAssets object '<empty> and /system_ext/app/miuisystem/miuisystem.apk' with 12 weak references
04-03 06:31:45.588 W/p.blearn.mobile(20543): ApkAssets: Deleting an ApkAssets object '<empty> and /data/app/~~XXOGXSmEwkwX6t0IwxiHPw==/com.google.android.gm-gdetmKEnnGMjgTH5AqPbCA==/base.apk' with 1 weak references
04-03 06:31:45.588 I/vendor.qti.bluetooth@1.0-ibs_handler( 1107): ProcessIbsCmd: Received IBS_SLEEP_IND: 0xFE
04-03 06:31:45.588 D/vendor.qti.bluetooth@1.0-ibs_handler( 1107): SerialClockVote: vote for UART CLK OFF
04-03 06:31:45.588 W/p.blearn.mobile(20543): ApkAssets: Deleting an ApkAssets object '<empty> and /data/app/~~XXOGXSmEwkwX6t0IwxiHPw==/com.google.android.gm-gdetmKEnnGMjgTH5AqPbCA==/split_config.arm64_v8a.apk' with 1 weak references
04-03 06:31:45.588 W/p.blearn.mobile(20543): ApkAssets: Deleting an ApkAssets object '<empty> and /data/app/~~XXOGXSmEwkwX6t0IwxiHPw==/com.google.android.gm-gdetmKEnnGMjgTH5AqPbCA==/split_config.de.apk' with 1 weak references
04-03 06:31:45.589 W/p.blearn.mobile(20543): ApkAssets: Deleting an ApkAssets object '<empty> and /data/app/~~XXOGXSmEwkwX6t0IwxiHPw==/com.google.android.gm-gdetmKEnnGMjgTH5AqPbCA==/split_config.xxhdpi.apk' with 1 weak references
04-03 06:31:45.589 W/p.blearn.mobile(20543): ApkAssets: Deleting an ApkAssets object '<empty> and /data/app/~~0iBdwFJOjVPhlw3DkdMRzQ==/com.shazam.android-JGXc0pwNDleUu5Mwbzwx3Q==/base.apk' with 1 weak references
04-03 06:31:45.589 W/p.blearn.mobile(20543): ApkAssets: Deleting an ApkAssets object '<empty> and /data/app/~~0iBdwFJOjVPhlw3DkdMRzQ==/com.shazam.android-JGXc0pwNDleUu5Mwbzwx3Q==/split_config.arm64_v8a.apk' with 1 weak references
04-03 06:31:45.589 W/p.blearn.mobile(20543): ApkAssets: Deleting an ApkAssets object '<empty> and /data/app/~~0iBdwFJOjVPhlw3DkdMRzQ==/com.shazam.android-JGXc0pwNDleUu5Mwbzwx3Q==/split_config.de.apk' with 1 weak references
04-03 06:31:45.589 W/p.blearn.mobile(20543): ApkAssets: Deleting an ApkAssets object '<empty> and /data/app/~~0iBdwFJOjVPhlw3DkdMRzQ==/com.shazam.android-JGXc0pwNDleUu5Mwbzwx3Q==/split_config.xxhdpi.apk' with 1 weak references
04-03 06:31:45.589 W/p.blearn.mobile(20543): ApkAssets: Deleting an ApkAssets object '<empty> and /data/app/~~wJCAegmjEfeTfyEb1gvaWg==/com.google.android.googlequicksearchbox-QlFVWUlNUwzWEunf0CewHg==/base.apk' with 1 weak references
04-03 06:31:45.590 W/p.blearn.mobile(20543): ApkAssets: Deleting an ApkAssets object '<empty> and /data/app/~~wJCAegmjEfeTfyEb1gvaWg==/com.google.android.googlequicksearchbox-QlFVWUlNUwzWEunf0CewHg==/split_config.xxhdpi.apk' with 1 weak references
04-03 06:31:45.590 W/p.blearn.mobile(20543): ApkAssets: Deleting an ApkAssets object '<empty> and /data/app/~~wJCAegmjEfeTfyEb1gvaWg==/com.google.android.googlequicksearchbox-QlFVWUlNUwzWEunf0CewHg==/split_lens_ondevice_engine_feature_module.apk' with 1 weak references
04-03 06:31:45.590 W/p.blearn.mobile(20543): ApkAssets: Deleting an ApkAssets object '<empty> and /data/app/~~wJCAegmjEfeTfyEb1gvaWg==/com.google.android.googlequicksearchbox-QlFVWUlNUwzWEunf0CewHg==/split_lens_ondevice_engine_play_ml_module.apk' with 1 weak references
04-03 06:31:45.590 W/p.blearn.mobile(20543): ApkAssets: Deleting an ApkAssets object '<empty> and /data/app/~~wJCAegmjEfeTfyEb1gvaWg==/com.google.android.googlequicksearchbox-QlFVWUlNUwzWEunf0CewHg==/split_tclib_native_feature_module.apk' with 1 weak references
04-03 06:31:45.590 W/p.blearn.mobile(20543): ApkAssets: Deleting an ApkAssets object '<empty> and /data/app/~~gdBkwcAOmIGeI0bBJjX0wg==/com.mi.globalbrowser-xD9APL7v3d3rfEdOe16ejw==/base.apk' with 1 weak references
04-03 06:31:45.591 W/p.blearn.mobile(20543): ApkAssets: Deleting an ApkAssets object '<empty> and /data/app/~~gdBkwcAOmIGeI0bBJjX0wg==/com.mi.globalbrowser-xD9APL7v3d3rfEdOe16ejw==/split_config.arm64_v8a.apk' with 1 weak references
04-03 06:31:45.591 W/p.blearn.mobile(20543): ApkAssets: Deleting an ApkAssets object '<empty> and /system_ext/priv-app/RtMiCloudSDK/RtMiCloudSDK.apk' with 9 weak references
04-03 06:31:45.591 W/p.blearn.mobile(20543): ApkAssets: Deleting an ApkAssets object '<empty> and /data/app/~~k8S9BifDNVCt_gnJLtSZVg==/org.telegram.messenger-eoG6mYdccS-ryFGfcMv2KA==/base.apk' with 1 weak references
04-03 06:31:45.591 W/p.blearn.mobile(20543): ApkAssets: Deleting an ApkAssets object '<empty> and /data/app/~~k8S9BifDNVCt_gnJLtSZVg==/org.telegram.messenger-eoG6mYdccS-ryFGfcMv2KA==/split_config.arm64_v8a.apk' with 1 weak references
04-03 06:31:45.591 W/p.blearn.mobile(20543): ApkAssets: Deleting an ApkAssets object '<empty> and /data/app/~~k8S9BifDNVCt_gnJLtSZVg==/org.telegram.messenger-eoG6mYdccS-ryFGfcMv2KA==/split_config.de.apk' with 1 weak references
04-03 06:31:45.591 W/p.blearn.mobile(20543): ApkAssets: Deleting an ApkAssets object '<empty> and /data/app/~~k8S9BifDNVCt_gnJLtSZVg==/org.telegram.messenger-eoG6mYdccS-ryFGfcMv2KA==/split_config.xxhdpi.apk' with 1 weak references
04-03 06:31:45.591 W/p.blearn.mobile(20543): ApkAssets: Deleting an ApkAssets object '<empty> and /system_ext/priv-app/Settings/Settings.apk' with 1 weak references
04-03 06:31:45.592 W/p.blearn.mobile(20543): ApkAssets: Deleting an ApkAssets object '/product/overlay/GmsSettingsOverlay.apk' with 1 weak references
04-03 06:31:45.592 W/p.blearn.mobile(20543): ApkAssets: Deleting an ApkAssets object '/product/overlay/SettingsResCommon_Sys.apk' with 1 weak references
04-03 06:31:45.592 W/p.blearn.mobile(20543): ApkAssets: Deleting an ApkAssets object '/product/overlay/SettingsRroDeviceTypeOverlay.apk' with 1 weak references
04-03 06:31:45.592 W/p.blearn.mobile(20543): ApkAssets: Deleting an ApkAssets object '/product/overlay/SettingsRroDeviceHideStatusBarOverlay.apk' with 1 weak references
04-03 06:31:45.593 W/p.blearn.mobile(20543): ApkAssets: Deleting an ApkAssets object '<empty> and /data/app/~~pCncPKg4CWxof8x_0tkJDg==/com.miui.gallery-NmCmcHM0sj6lP5SoGOkSdQ==/base.apk' with 1 weak references
04-03 06:31:45.593 W/p.blearn.mobile(20543): ApkAssets: Deleting an ApkAssets object '<empty> and /data/app/~~bo6iGFLrkyI1t8KJYvgWVQ==/com.google.android.apps.maps-NVk5Ltj9bYRCs26R8vlAsg==/base.apk' with 1 weak references
04-03 06:31:45.593 W/p.blearn.mobile(20543): ApkAssets: Deleting an ApkAssets object '<empty> and /data/app/~~bo6iGFLrkyI1t8KJYvgWVQ==/com.google.android.apps.maps-NVk5Ltj9bYRCs26R8vlAsg==/split_config.arm64_v8a.apk' with 1 weak references
04-03 06:31:45.593 W/p.blearn.mobile(20543): ApkAssets: Deleting an ApkAssets object '<empty> and /data/app/~~bo6iGFLrkyI1t8KJYvgWVQ==/com.google.android.apps.maps-NVk5Ltj9bYRCs26R8vlAsg==/split_config.de.apk' with 1 weak references
04-03 06:31:45.593 W/p.blearn.mobile(20543): ApkAssets: Deleting an ApkAssets object '<empty> and /data/app/~~bo6iGFLrkyI1t8KJYvgWVQ==/com.google.android.apps.maps-NVk5Ltj9bYRCs26R8vlAsg==/split_config.xxhdpi.apk' with 1 weak references
04-03 06:31:45.593 W/p.blearn.mobile(20543): ApkAssets: Deleting an ApkAssets object '<empty> and /data/app/~~XMlrGmVW1lStPaI_kOXJLg==/com.miui.securitycenter-MLj2OlAw2A6PIhd4jtkbGQ==/base.apk' with 1 weak references
04-03 06:31:45.594 W/p.blearn.mobile(20543): ApkAssets: Deleting an ApkAssets object '<empty> and /data/app/~~pPlEYKfG-uYzeNh-5pRymw==/com.google.android.dialer-MCemrnl_dzoym_x2-Jfhjw==/base.apk' with 1 weak references
04-03 06:31:45.594 W/p.blearn.mobile(20543): ApkAssets: Deleting an ApkAssets object '<empty> and /data/app/~~urcqgGtV86Ynu1O__WrZTA==/fr.leboncoin-afQj-VB0zZckSx7a4MrFyg==/base.apk' with 1 weak references
04-03 06:31:45.594 W/p.blearn.mobile(20543): ApkAssets: Deleting an ApkAssets object '<empty> and /data/app/~~urcqgGtV86Ynu1O__WrZTA==/fr.leboncoin-afQj-VB0zZckSx7a4MrFyg==/split_config.arm64_v8a.apk' with 1 weak references
04-03 06:31:45.594 W/p.blearn.mobile(20543): ApkAssets: Deleting an ApkAssets object '<empty> and /data/app/~~urcqgGtV86Ynu1O__WrZTA==/fr.leboncoin-afQj-VB0zZckSx7a4MrFyg==/split_config.xxhdpi.apk' with 1 weak references
04-03 06:31:45.594 W/p.blearn.mobile(20543): ApkAssets: Deleting an ApkAssets object '<empty> and /data/app/~~mXU3VXrjC8nfvKDsWEosIA==/com.starfinanz.smob.android.sfinanzstatus-sfd9-dOgCEHLC21ievL5Tg==/base.apk' with 1 weak references
04-03 06:31:45.594 W/p.blearn.mobile(20543): ApkAssets: Deleting an ApkAssets object '<empty> and /data/app/~~mXU3VXrjC8nfvKDsWEosIA==/com.starfinanz.smob.android.sfinanzstatus-sfd9-dOgCEHLC21ievL5Tg==/split_config.arm64_v8a.apk' with 1 weak references
04-03 06:31:45.594 W/p.blearn.mobile(20543): ApkAssets: Deleting an ApkAssets object '<empty> and /data/app/~~mXU3VXrjC8nfvKDsWEosIA==/com.starfinanz.smob.android.sfinanzstatus-sfd9-dOgCEHLC21ievL5Tg==/split_config.de.apk' with 1 weak references
04-03 06:31:45.594 W/p.blearn.mobile(20543): ApkAssets: Deleting an ApkAssets object '<empty> and /data/app/~~mXU3VXrjC8nfvKDsWEosIA==/com.starfinanz.smob.android.sfinanzstatus-sfd9-dOgCEHLC21ievL5Tg==/split_config.xxhdpi.apk' with 1 weak references
04-03 06:31:45.595 W/p.blearn.mobile(20543): ApkAssets: Deleting an ApkAssets object '<empty> and /data/app/~~zhxLSwuuUKP_Zdt8ocqTsg==/com.android.vending-6t0Q6CFvtHqDlOxZEsQ7FQ==/base.apk' with 1 weak references
04-03 06:31:45.595 W/p.blearn.mobile(20543): ApkAssets: Deleting an ApkAssets object '<empty> and /data/app/~~zhxLSwuuUKP_Zdt8ocqTsg==/com.android.vending-6t0Q6CFvtHqDlOxZEsQ7FQ==/split_config.arm64_v8a.apk' with 1 weak references
04-03 06:31:45.595 W/p.blearn.mobile(20543): ApkAssets: Deleting an ApkAssets object '<empty> and /data/app/~~zhxLSwuuUKP_Zdt8ocqTsg==/com.android.vending-6t0Q6CFvtHqDlOxZEsQ7FQ==/split_config.de.apk' with 1 weak references
04-03 06:31:45.595 W/p.blearn.mobile(20543): ApkAssets: Deleting an ApkAssets object '<empty> and /data/app/~~zhxLSwuuUKP_Zdt8ocqTsg==/com.android.vending-6t0Q6CFvtHqDlOxZEsQ7FQ==/split_phonesky_data_loader.apk' with 1 weak references
04-03 06:31:45.595 W/p.blearn.mobile(20543): ApkAssets: Deleting an ApkAssets object '<empty> and /data/app/~~zhxLSwuuUKP_Zdt8ocqTsg==/com.android.vending-6t0Q6CFvtHqDlOxZEsQ7FQ==/split_phonesky_data_loader.config.arm64_v8a.apk' with 1 weak references
04-03 06:31:45.595 W/p.blearn.mobile(20543): ApkAssets: Deleting an ApkAssets object '<empty> and /data/app/~~zhxLSwuuUKP_Zdt8ocqTsg==/com.android.vending-6t0Q6CFvtHqDlOxZEsQ7FQ==/split_phonesky_webrtc_native_lib.apk' with 1 weak references
04-03 06:31:45.595 W/p.blearn.mobile(20543): ApkAssets: Deleting an ApkAssets object '<empty> and /data/app/~~zhxLSwuuUKP_Zdt8ocqTsg==/com.android.vending-6t0Q6CFvtHqDlOxZEsQ7FQ==/split_phonesky_webrtc_native_lib.config.arm64_v8a.apk' with 1 weak references
04-03 06:31:45.595 W/p.blearn.mobile(20543): ApkAssets: Deleting an ApkAssets object '<empty> and /data/app/~~XMwTegeO8FCsa8ANIlk4_A==/com.google.android.calendar-bpIbZFtEAOrl3q-PzR0keQ==/base.apk' with 1 weak references
04-03 06:31:45.595 W/p.blearn.mobile(20543): ApkAssets: Deleting an ApkAssets object '<empty> and /data/app/~~XMwTegeO8FCsa8ANIlk4_A==/com.google.android.calendar-bpIbZFtEAOrl3q-PzR0keQ==/split_config.arm64_v8a.apk' with 1 weak references
04-03 06:31:45.595 W/p.blearn.mobile(20543): ApkAssets: Deleting an ApkAssets object '<empty> and /data/app/~~XMwTegeO8FCsa8ANIlk4_A==/com.google.android.calendar-bpIbZFtEAOrl3q-PzR0keQ==/split_config.de.apk' with 1 weak references
04-03 06:31:45.595 W/p.blearn.mobile(20543): ApkAssets: Deleting an ApkAssets object '<empty> and /data/app/~~XMwTegeO8FCsa8ANIlk4_A==/com.google.android.calendar-bpIbZFtEAOrl3q-PzR0keQ==/split_config.xxhdpi.apk' with 1 weak references
