--------- beginning of system
04-03 06:31:41.196 I/ActivityManager( 1984): Force stopping app.blearn.mobile appid=10569 user=0: from process:20427
04-03 06:31:41.199 E/ProcessManager( 1984): error write exception log
04-03 06:31:41.202 I/ActivityManager( 1984): Killing 19986:app.blearn.mobile/u0a569 (adj 0): stop app.blearn.mobile due to from process:20427
--------- beginning of main
04-03 06:31:41.202 I/NetworkBoostStatusManager( 1984): onUidGone uid: 10569
04-03 06:31:41.202 I/SLM-SRV-SLSAppLib( 1984): SLM_Ai_Mode EVENT_CHECK_GMAE_AI_MODE_STATUS
04-03 06:31:41.202 I/SLM-SRV-SLSAppLib( 1984): SLM_Ai_Mode checkGameAiModeStatus mGameAiModeCloudControl:false mLinkTurboAiModeSwitch:false mGameAiModeInterfaceReady:false mGameStartBattle:false powerMgrGameUid:0
04-03 06:31:41.203 I/MiuiNetworkPolicy( 1984): removeUidState uid = 10569
04-03 06:31:41.203 I/libc    ( 1984): kill: send 9 to pid 19986 real pid 19986
04-03 06:31:41.203 I/libc    ( 1984): kill: send 9 to pid -19986 real pid -19986
04-03 06:31:41.203 I/libc    ( 1984): kill: send 9 to pid 19986 real pid 19986
04-03 06:31:41.204 D/DisplayManagerService( 1984): Drop pending events for gone uid 10569
04-03 06:31:41.205 D/SchedBoost( 1984): com.google.android.webview:sandboxed_process0:org.chromium.content.app.SandboxedProcessService0:0 boosting, skip reset priority
04-03 06:31:41.205 I/ActivityManager( 1984): Killing 20059:com.google.android.webview:sandboxed_process0:org.chromium.content.app.SandboxedProcessService0:0/u0a569i123 (adj 0): isolated not needed
04-03 06:31:41.206 I/cr_ChildProcessService(20059): Destroying ChildProcessService pid=20059
04-03 06:31:41.206 I/libc    ( 1984): kill: send 9 to pid 20059 real pid 20059
04-03 06:31:41.207 I/libc    ( 1984): kill: send 9 to pid -20059 real pid -20059
04-03 06:31:41.207 I/libc    ( 1984): kill: send 9 to pid 20059 real pid 20059
04-03 06:31:41.207 E/vendor.qti.hardware.perf@2.2-service( 1187): Unknown params
04-03 06:31:41.207 E/vendor.qti.hardware.perf@2.2-service( 1187): Unknown params
04-03 06:31:41.207 E/vendor.qti.hardware.perf@2.2-service( 1187): Unknown params
04-03 06:31:41.207 E/ANDR-PERF-DATA-POOL( 1187): EventDataPool is Full
04-03 06:31:41.207 E/ANDR-PERF-MPCTL( 1187): perf request submission limit reached.
04-03 06:31:41.207 W/ActivityTaskManager( 1984): Force removing ActivityRecord{1de56e0 u0 app.blearn.mobile/.MainActivity t13908 f}}: app died, no saved state
04-03 06:31:41.208 D/WindowManager( 1984): Requesting StartTransition: TransitionRecord{595349f id=798 type=CLOSE flags=0x0}
04-03 06:31:41.208 I/IPCThreadState(11911): oneway function results for code 3 on binder at 0xb400007699d99020 will be dropped but finished with status UNKNOWN_TRANSACTION
04-03 06:31:41.208 D/WindowManager( 1984): Collecting in transition 798: Task{210785e #13908 type=standard A=10569:app.blearn.mobile} init visibleRequested:true
04-03 06:31:41.208 I/IPCThreadState( 7002): oneway function results for code 3 on binder at 0xb40000769aa90480 will be dropped but finished with status UNKNOWN_TRANSACTION
04-03 06:31:41.209 D/WindowManager( 1984): Collecting in transition 798: ActivityRecord{1de56e0 u0 app.blearn.mobile/.MainActivity t13908 f}} init visibleRequested:false
04-03 06:31:41.209 I/MiuiNetworkPolicy( 1984): updateUidState uid = 99123, uidState = 19
04-03 06:31:41.209 D/WindowManager( 1984): wms.Input focus has changed to null display=0 updateInputWindows = true
04-03 06:31:41.209 I/MultiSenceManagerInternalStub( 1984): getInstance
04-03 06:31:41.210 D/PerfStubImpl( 1984): perfWarmLaunchBoost: com.mi.android.globallauncher, -1, 1
04-03 06:31:41.210 E/vendor.qti.hardware.perf@2.2-service( 1187): Unknown params
04-03 06:31:41.210 E/vendor.qti.hardware.perf@2.2-service( 1187): Unknown params
04-03 06:31:41.210 E/ANDR-PERF-DATA-POOL( 1187): EventDataPool is Full
04-03 06:31:41.210 E/ANDR-PERF-MPCTL( 1187): perf request submission limit reached.
04-03 06:31:41.211 D/WindowManager( 1984): Collecting in transition 798: ActivityRecord{4f8ceab u0 com.mi.android.globallauncher/com.miui.home.launcher.Launcher t2} init visibleRequested:false
04-03 06:31:41.212 I/SmartPower: com.mi.android.globallauncher/10082(4042)( 1984): idle->invisible(99298ms) R(become foreground) adj=100.
04-03 06:31:41.212 D/WindowManager( 1984): Collecting in transition 798: ActivityRecord{4f8ceab u0 com.mi.android.globallauncher/com.miui.home.launcher.Launcher t2} init visibleRequested:true
04-03 06:31:41.214 D/Launcher.Lifecycle( 4042): onStart:UserHandle{0},409438c,false
04-03 06:31:41.215 D/MI-SF   ( 1305): mIsSupportAutomodeForMaxFpsSetting is 0(0), getCurrentBrightness() = 487(328), mIsKeepAutoMode 0
04-03 06:31:41.215 D/RefreshRateSelector( 1305): fixedMode_group: 0, isFindModeGroup 0
04-03 06:31:41.215 D/RefreshRateSelector( 1305): find max refresh rate:120, mode Group:0
04-03 06:31:41.215 D/LauncherOverlay(15859): setActivityState:1
04-03 06:31:41.215 I/LauncherOverlayCallback(15859): handleMessage WHAT_ACTIVITY_STATE_CHANGED what：1
04-03 06:31:41.215 D/Launcher( 4042): Launcher.DeviceConfig onStart bounds = Rect(0, 0 - 1080, 2400)
04-03 06:31:41.215 D/LauncherOverlay.Window(15859): onStart
04-03 06:31:41.216 I/LauncherOverlayCallback(15859): handleMessage WHAT_LAUNCHER_STATE what：1
04-03 06:31:41.216 D/WindowManager( 1984): Set transition=TransitionRecord{595349f id=798 type=CLOSE flags=0x0}, ready=true, SyncId=798 
04-03 06:31:41.216 D/LauncherOverlay.Window(15859): launcherState 1
04-03 06:31:41.216 D/LauncherOverlay.Window(15859): resumedStateNow 0,resumedStateNew = 0
04-03 06:31:41.216 D/Launcher.Utilities( 4042): select screen is:personal_assistant_none
04-03 06:31:41.216 D/MiuiFullScreenTaskRepository( 3986): removeFocusedTask displayId=0
04-03 06:31:41.216 D/MiuiFullScreenTaskRepository( 3986): addOrUpdateFullScreenTaskInfo taskId=13908, topActivity=null
04-03 06:31:41.217 D/PMonitor( 7002):  onForegroundActivitiesChanged:pid = 4042,activity-uid=10082,foregroundActivities=true
04-03 06:31:41.217 D/Aurogon ( 1984):  uid = 10082 switch to FG
04-03 06:31:41.217 D/SessionLifecycleClient( 4042): Sending lifecycle 1 to service
04-03 06:31:41.217 D/SessionLifecycleService( 4042): Activity foregrounding at 69195368.
04-03 06:31:41.218 I/MiuiNetworkPolicy( 1984): updateUidState uid = 10337, uidState = 3
04-03 06:31:41.219 D/MiuiBluetoothLatencyMode( 4948): onForegroundActivitiesChanged, pid: 4042 uid: 10082 foregroundActivities: true
04-03 06:31:41.221 I/SDM     ( 1177): HWDeviceDRM::UpdateMixerAttributes: Mixer WxH 1080x2400-0 for Peripheral
04-03 06:31:41.221 I/SDM     ( 1177): HWCDisplay::SubmitDisplayConfig: Active configuration changed to: 0
04-03 06:31:41.223 D/Launcher( 4042): Launcher.DeviceConfig onResume bounds = Rect(0, 0 - 1080, 2400)
04-03 06:31:41.223 I/BLASTSyncEngine( 1984): SyncGroup 798:  Unfinished container:ActivityRecord{4f8ceab u0 com.mi.android.globallauncher/com.miui.home.launcher.Launcher t2}
04-03 06:31:41.223 I/BLASTSyncEngine( 1984): isActivitySyncFinished isSyncFinished false ActivityRecord{4f8ceab u0 com.mi.android.globallauncher/com.miui.home.launcher.Launcher t2}
04-03 06:31:41.223 D/Launcher.DropTargetBar( 4042): update uninstall active when NO drag, active=false (edit=0, isUninstallDialogShowing=false, isWidgetPreviewShowing=false, isDefaultScreenPreviewShowing=false, isMenuVisible=false)
04-03 06:31:41.223 D/Launcher.Lifecycle( 4042): onResume:UserHandle{0},409438c,false
04-03 06:31:41.223 W/Settings( 4042): Setting device_provisioned has moved from android.provider.Settings.Secure to android.provider.Settings.Global.
04-03 06:31:41.223 I/ProcessMonitor( 7472): onForegroundInfoChanged: ForegroundInfo{mForegroundPackageName='com.mi.android.globallauncher', mForegroundUid=10082, mForegroundPid=4042, mLastForegroundPackageName='app.blearn.mobile', mLastForegroundUid=10569, mLastForegroundPid=19986, mMultiWindowForegroundPackageName='null', mMultiWindowForegroundUid=-1, mFlags=0}
04-03 06:31:41.224 D/PerfEngineController( 6836): ForegroundInfo{mForegroundPackageName='com.mi.android.globallauncher', mForegroundUid=10082, mForegroundPid=4042, mLastForegroundPackageName='app.blearn.mobile', mLastForegroundUid=10569, mLastForegroundPid=19986, mMultiWindowForegroundPackageName='null', mMultiWindowForegroundUid=-1, mFlags=0}
04-03 06:31:41.224 I/NetworkBoostStatusManager( 1984): onForegroundInfoChanged uid:10082, isColdStart:false
04-03 06:31:41.224 I/SLM-SRV-SLAToast( 1984): foreground uid:10082, isColdStart:false, isLinkTurboEnable:false
04-03 06:31:41.224 D/NetworkSDKService( 1984): handleMultiAppsDualWifi isSet = false isEverOpened = false
04-03 06:31:41.224 D/MiuiBluetoothLatencyMode( 4948): ForegroundInfo{mForegroundPackageName='com.mi.android.globallauncher', mForegroundUid=10082, mForegroundPid=4042, mLastForegroundPackageName='app.blearn.mobile', mLastForegroundUid=10569, mLastForegroundPid=19986, mMultiWindowForegroundPackageName='null', mMultiWindowForegroundUid=-1, mFlags=0}
04-03 06:31:41.224 E/bt_btif ( 4948): btif_get_adapter_property : invalid type 246
04-03 06:31:41.224 I/GameBoosterService( 7472): onForegroundInfoChanged: Cur=com.mi.android.globallauncher	 last=app.blearn.mobile
04-03 06:31:41.224 E/BluetoothAdapterService( 4948): getActiveDevices: LeAudioService is null
04-03 06:31:41.224 D/MiuiBluetoothLatencyMode( 4948): ActiveProfile: -1
04-03 06:31:41.225 D/GameBoosterService( 7472): onGameStatusChange foreground:ForegroundInfo{mForegroundPackageName='com.mi.android.globallauncher', mForegroundUid=10082, mForegroundPid=4042, mLastForegroundPackageName='app.blearn.mobile', mLastForegroundUid=10569, mLastForegroundPid=19986, mMultiWindowForegroundPackageName='null', mMultiWindowForegroundUid=-1, mFlags=0}
04-03 06:31:41.225 I/VideoBoxUtils( 7472): isSupportVideoBox: true
04-03 06:31:41.225 D/AppScoutStateMachine( 4042): 4042-ScoutStateMachinecreated
04-03 06:31:41.225 I/GST     ( 9868): forePkg: com.mi.android.globallauncher, preForePkg: app.blearn.mobile
04-03 06:31:41.226 I/libc    ( 1984): kill: send 9 to pid -20059 real pid -20059
04-03 06:31:41.226 I/libc    ( 1984): kill: send 9 to pid 20059 real pid 20059
04-03 06:31:41.226 I/VideoToolBoxService( 7472): splitMode: onfalse
04-03 06:31:41.226 D/WindowManager( 1984): Set transition=TransitionRecord{595349f id=798 type=CLOSE flags=0x0}, ready=true, SyncId=798 
04-03 06:31:41.226 I/AppsFilter( 1984): interaction: PackageSetting{3f1447a com.habitfinesse.app/10555} -> PackageSetting{a5451b5 app.blearn.mobile/10569} BLOCKED
04-03 06:31:41.227 I/AppsFilter( 1984): interaction: PackageSetting{e369088 com.fido.asm/10104} -> PackageSetting{a5451b5 app.blearn.mobile/10569} BLOCKED
04-03 06:31:41.227 D/SoscSplitStateController( 4042): updateDividerFixedState: isFixed = true
04-03 06:31:41.227 E/Launcher.application( 4042): setClickAppWaitForCallback = false
04-03 06:31:41.228 D/Launcher.FullbackHome( 4042): FallbackHomeCompat::needKillSelf::needKillSelf = false
04-03 06:31:41.228 D/x1      ( 7472): myUserId = 0	currentUserId0
04-03 06:31:41.228 D/Launcher_UnlockAnimationStateMachine( 4042): onResume = IDLE
04-03 06:31:41.228 I/Launcher( 4042): changeMIUIWidgetEditMode false
04-03 06:31:41.228 D/StatusBarController( 4042): disableRecent: disable= false
04-03 06:31:41.228 D/ServiceDeliveryReplaceHelper( 4042): onResume: widget to serviceDeliver isReplace false
04-03 06:31:41.228 D/LauncherOverlay(15859): setActivityState:3
04-03 06:31:41.229 I/LauncherOverlayCallback(15859): handleMessage WHAT_ACTIVITY_STATE_CHANGED what：3
04-03 06:31:41.229 D/LauncherOverlay.Window(15859): onResume
04-03 06:31:41.229 I/LauncherOverlayCallback(15859): handleMessage WHAT_LAUNCHER_STATE what：3
04-03 06:31:41.229 D/LauncherOverlay.Window(15859): launcherState 3
04-03 06:31:41.229 D/LauncherOverlay.Window(15859): resumedStateNow 0,resumedStateNew = 1
04-03 06:31:41.229 D/SoScSplitScreenController( 3986): updateDividerFixedState isFixed:true
04-03 06:31:41.229 I/MiuiNetworkPolicy( 1984): updateUidState uid = 10123, uidState = 3
04-03 06:31:41.229 I/MiuiNetworkPolicy( 1984): updateUidState uid = 10116, uidState = 3
04-03 06:31:41.229 I/MiuiNetworkPolicy( 1984): updateUidState uid = 10094, uidState = 3
04-03 06:31:41.229 I/MiuiNetworkPolicy( 1984): updateUidState uid = 10082, uidState = 2
04-03 06:31:41.231 D/FreeformUtil( 7472): retrieveFirstNoFreeformRootTaskInfo: windowMode = 1
04-03 06:31:41.231 I/VideoToolBoxService( 7472): not support vtb. skipExit : false
04-03 06:31:41.231 I/BeautyService( 7472): onForegroundInfoChanged: Cur=com.mi.android.globallauncher	 last=app.blearn.mobile
04-03 06:31:41.234 D/VENUS_GAMEAI_START_GameAiStartManager( 9868): 高能时刻未安装
04-03 06:31:41.235 I/libc    ( 1984): kill: send 9 to pid -20059 real pid -20059
04-03 06:31:41.236 I/BpBinder( 1305): onLastStrongRef automatically unlinking death recipients: 
04-03 06:31:41.236 D/CarrierSvcBindHelper( 3976): onHandleForceStop: [app.blearn.mobile]
04-03 06:31:41.237 D/CarrierSvcBindHelper( 3976): No carrier app for: 0
04-03 06:31:41.238 I/libc    ( 1984): kill: send 9 to pid 20059 real pid 20059
04-03 06:31:41.238 D/CarrierSvcBindHelper( 3976): No carrier app for: 1
04-03 06:31:41.239 D/MiuiFreeformModeObserver( 3986): activityResumed() intent： Intent { cmp=com.mi.android.globallauncher/com.miui.home.launcher.Launcher (has extras) }
04-03 06:31:41.243 I/BLASTSyncEngine( 1984): SyncGroup 798:  Unfinished container:ActivityRecord{4f8ceab u0 com.mi.android.globallauncher/com.miui.home.launcher.Launcher t2}
04-03 06:31:41.243 I/BLASTSyncEngine( 1984): isActivitySyncFinished isSyncFinished false ActivityRecord{4f8ceab u0 com.mi.android.globallauncher/com.miui.home.launcher.Launcher t2}
04-03 06:31:41.244 I/whetstone.activity( 1984): Power Event callback listener is empty for resId=32
04-03 06:31:41.244 D/BatteryStatsManagerStub( 1984): notifyEvent for resId=32 used 0ms
04-03 06:31:41.244 I/WindowManager( 1984): cancelAnimation removed leash : Surface(name=Surface(name=b2cef68 NavigationBar0#90)/@0xb959a14 - animation-leash of insets_animation#7622)/@0xb9ac251
04-03 06:31:41.244 I/libc    ( 1984): kill: send 9 to pid -20059 real pid -20059
04-03 06:31:41.244 I/libprocessgroup( 1984): Successfully killed process cgroup uid 99123 pid 20059 in 37ms
04-03 06:31:41.245 I/WindowManager( 1984): cancelAnimation removed leash : Surface(name=Surface(name=8ce5fd0 StatusBar#96)/@0xc81a8fc - animation-leash of insets_animation#7623)/@0x87c83b7
04-03 06:31:41.246 D/BadgeCoordinator( 3986): recevie broadbcast ACTION_APPLICATION_MESSAGE_QUERY, requestFirstTime=false
04-03 06:31:41.247 D/WindowManager( 1984): wms.Input focus has changed to Window{6624028 u0 com.mi.android.globallauncher/com.miui.home.launcher.Launcher} display=0 updateInputWindows = true
04-03 06:31:41.247 I/MultiSenceManagerInternalStub( 1984): getInstance
04-03 06:31:41.246 W/.globallauncher( 4042): type=1400 audit(0.0:68080): avc:  denied  { open } for  path="/dev/__properties__/u:object_r:vendor_display_prop:s0" dev="tmpfs" ino=2529 scontext=u:r:platform_app:s0:c512,c768 tcontext=u:object_r:vendor_display_prop:s0 tclass=file permissive=0 app=com.mi.android.globallauncher
04-03 06:31:41.250 D/CompatibilityChangeReporter( 1984): Compat change id reported: 135634846; UID 10344; state: DISABLED
04-03 06:31:41.251 D/CompatibilityChangeReporter( 1984): Compat change id reported: 177438394; UID 10344; state: DISABLED
04-03 06:31:41.251 D/VRI[Launcher]( 4042): vri.reportNextDraw android.view.ViewRootImpl.performTraversals:4411 android.view.ViewRootImpl.doTraversal:3040 android.view.ViewRootImpl$TraversalRunnable.run:10429 android.view.Choreographer$CallbackRecord.run:1654 android.view.Choreographer$CallbackRecord.run:1663 
04-03 06:31:41.251 D/CompatibilityChangeReporter( 1984): Compat change id reported: 135772972; UID 10344; state: DISABLED
04-03 06:31:41.251 D/CompatibilityChangeReporter( 1984): Compat change id reported: 135754954; UID 10344; state: ENABLED
04-03 06:31:41.251 D/VRI[Launcher]( 4042): vri.Setup new sync=wmsSync-VRI[Launcher]#20
04-03 06:31:41.251 D/CompatibilityChangeReporter( 1984): Compat change id reported: 143937733; UID 10344; state: ENABLED
04-03 06:31:41.252 I/whetstone.activity( 1984): Power Event callback listener is empty for resId=256
04-03 06:31:41.252 D/BatteryStatsManagerStub( 1984): notifyEvent for resId=256 used 0ms
04-03 06:31:41.252 E/OpenGLRenderer( 4042): Unable to match the desired swap behavior.
04-03 06:31:41.257 D/DragContainerLayout( 4042): dispatch draw with clip rect: null
04-03 06:31:41.264 D/WindowManager( 1984): Collecting in transition 798: WallpaperWindowToken{64824c4 token=android.os.Binder@f6ed756} init visibleRequested:false
04-03 06:31:41.265 D/WindowManager( 1984): Collecting in transition 798: WallpaperWindowToken{ab4af23 token=android.os.BinderProxy@cd0e052} init visibleRequested:false
04-03 06:31:41.267 I/WindowManager( 1984): wms.showSurfaceRobustly mWin:Window{85ca23 u0 com.miui.miwallpaper.wallpaperservice.ImageWallpaper}
04-03 06:31:41.267 I/WindowManager( 1984): wms.showSurfaceRobustly mWin:Window{4418726 u0 com.miui.miwallpaper.wallpaperservice.MiuiKeyguardPictorialWallpaper}
04-03 06:31:41.270 I/BLASTSyncEngine( 1984): SyncGroup 798:  Unfinished container:ActivityRecord{4f8ceab u0 com.mi.android.globallauncher/com.miui.home.launcher.Launcher t2}
04-03 06:31:41.270 D/ArtChoreographerMonitor( 3986): invoke error.
04-03 06:31:41.270 I/BLASTSyncEngine( 1984): isActivitySyncFinished isSyncFinished false ActivityRecord{4f8ceab u0 com.mi.android.globallauncher/com.miui.home.launcher.Launcher t2}
04-03 06:31:41.270 D/Zygote  (  957): Forked child process 20437
04-03 06:31:41.271 I/MiuiWallpaper-ImageWallpaper( 3766): onVisibilityChanged, visible = true
04-03 06:31:41.276 W/com.xiaomi.xmsf( 7002): Reducing the number of considered missed Gc histogram windows from 2323 to 100
04-03 06:31:41.276 I/ActivityManager( 1984): Start proc 20437:com.garmin.connectiq/u0a344 for service {com.garmin.connectiq/androidx.work.impl.background.systemjob.SystemJobService} caller=android
04-03 06:31:41.276 I/MiuiWallpaper-MiuiKeyguardPictorialWallpaper( 3766): onVisibilityChanged, visible = true
04-03 06:31:41.277 W/OpenGLRenderer( 3766): Surface doesn't have any previously queued frames, nothing to readback from
04-03 06:31:41.279 W/OpenGLRenderer( 3766): Surface doesn't have any previously queued frames, nothing to readback from
04-03 06:31:41.288 E/RegisteredServicesCache( 5861): Skipping application component ComponentInfo{com.lynxspa.prontotreno/com.arjosystems.sdkalemu.EmulatorService}: it must request the permission android.permission.NFC
04-03 06:31:41.291 D/MI-SF   ( 1305): mIsSupportAutomodeForMaxFpsSetting is 0(0), getCurrentBrightness() = 487(328), mIsKeepAutoMode 0
04-03 06:31:41.291 D/RefreshRateSelector( 1305): fixedMode_group: 0, isFindModeGroup 0
04-03 06:31:41.291 D/RefreshRateSelector( 1305): find max refresh rate:120, mode Group:0
04-03 06:31:41.297 I/ImeTracker( 1984): app.blearn.mobile:d8f7c44e: onRequestHide at ORIGIN_SERVER_HIDE_INPUT reason HIDE_REMOVE_CLIENT
04-03 06:31:41.298 I/ImeTracker( 1984): app.blearn.mobile:d8f7c44e: onCancelled at PHASE_SERVER_SHOULD_HIDE
04-03 06:31:41.298 I/adbd    ( 1767): Remote process closed the socket (on MSG_PEEK)
04-03 06:31:41.298 D/MirrorManager( 6836):  sendAcceptInput 0 0
04-03 06:31:41.300 I/Zygote  (  957): Process 19986 exited due to signal 9 (Killed)
04-03 06:31:41.300 I/WindowManager( 1984): WIN DEATH: Window{7a02406 u0 app.blearn.mobile/app.blearn.mobile.MainActivity}
04-03 06:31:41.301 W/InputManager-JNI( 1984): Input channel object '7a02406 app.blearn.mobile/app.blearn.mobile.MainActivity (client)' was disposed without first being removed with the input manager!
04-03 06:31:41.302 E/Zygote  (20437): process_name_ptr:20437 com.garmin.connectiq
04-03 06:31:41.303 I/BLASTSyncEngine( 1984): SyncGroup 798:  Unfinished container:ActivityRecord{4f8ceab u0 com.mi.android.globallauncher/com.miui.home.launcher.Launcher t2}
04-03 06:31:41.303 I/BLASTSyncEngine( 1984): isActivitySyncFinished isSyncFinished false ActivityRecord{4f8ceab u0 com.mi.android.globallauncher/com.miui.home.launcher.Launcher t2}
04-03 06:31:41.311 I/armin.connectiq(20437): Using CollectorTypeCC GC.
04-03 06:31:41.313 D/VRI[Launcher]( 4042): vri.reportDrawFinished
04-03 06:31:41.314 D/NfcApduServiceInfo( 5861): No com.nxp.nfc.extensions meta-data
04-03 06:31:41.314 E/NfcApduServiceInfo( 5861): SE extension not present, Setting default offhost seID
04-03 06:31:41.314 D/RegisteredServicesCache( 5861):  Reading service state data always from file
04-03 06:31:41.315 E/FileUtils( 4042): err write to mi_exception_log
04-03 06:31:41.315 D/WindowManager( 1984): wms.finishDrawingLocked: mDrawState=COMMIT_DRAW_PENDING Window{6624028 u0 com.mi.android.globallauncher/com.miui.home.launcher.Launcher} in Surface(name=com.mi.android.globallauncher/com.miui.home.launcher.Launcher#7627)/@0xac55431
04-03 06:31:41.315 D/RecentsImpl( 4042): mActivityStateObserver com.miui.home.launcher.Launcher
04-03 06:31:41.315 W/RecentsImpl( 4042): onResumed className=com.miui.home.launcher.Launcher   mIsInAnotherPro=false   isKeyguardLocked=false   mIsStatusBarExpansion=false   mSecuritySpaceGuideShown=false
04-03 06:31:41.316 W/Layer   ( 1305): gatherBufferInfo: Received unknown dataspace from gralloc
04-03 06:31:41.316 D/RegisteredServicesCache( 5861): ServiceStateFileVersion=1.0
04-03 06:31:41.316 E/RegisteredServicesCache( 5861): Next Tag=services
04-03 06:31:41.316 D/RegisteredServicesCache( 5861):  curr component com.google.android.gms/com.google.android.gms.nearby.mediums.nearfieldcommunication.NfcAdvertisingService
04-03 06:31:41.316 D/RegisteredServicesCache( 5861):  curr uid 10163
04-03 06:31:41.316 D/RegisteredServicesCache( 5861):  curr state 2
04-03 06:31:41.316 E/RegisteredServicesCache( 5861): installedServices no uidString 
04-03 06:31:41.316 D/RegisteredServicesCache( 5861):  curr component fr.tisseo.android/eu.mobeepass.sselib.services.HceService
04-03 06:31:41.316 D/RegisteredServicesCache( 5861):  curr uid 10511
04-03 06:31:41.316 D/RegisteredServicesCache( 5861):  curr state 2
04-03 06:31:41.316 E/RegisteredServicesCache( 5861): installedServices no uidString 
04-03 06:31:41.316 D/RegisteredServicesCache( 5861):  curr component com.paypal.android.p2pmobile/com.paypal.android.pdsdk.services.TagService
04-03 06:31:41.316 D/RegisteredServicesCache( 5861):  curr uid 10296
04-03 06:31:41.316 D/RegisteredServicesCache( 5861):  curr state 2
04-03 06:31:41.316 E/RegisteredServicesCache( 5861): installedServices no uidString 
04-03 06:31:41.316 D/RegisteredServicesCache( 5861):  curr component com.google.android.gms/com.google.android.gms.fido.fido2.ui.hybrid.NfcEmulationService
04-03 06:31:41.316 D/RegisteredServicesCache( 5861):  curr uid 10163
04-03 06:31:41.316 D/RegisteredServicesCache( 5861):  curr state 2
04-03 06:31:41.316 E/RegisteredServicesCache( 5861): installedServices contains uidString : 10163
04-03 06:31:41.316 D/RegisteredServicesCache( 5861):  curr component com.google.android.gms/com.google.android.gms.pay.hce.service.PayHceService
04-03 06:31:41.316 D/RegisteredServicesCache( 5861):  curr uid 10163
04-03 06:31:41.316 D/RegisteredServicesCache( 5861):  curr state 2
04-03 06:31:41.316 E/RegisteredServicesCache( 5861): installedServices contains uidString : 10163
04-03 06:31:41.316 D/RegisteredServicesCache( 5861):  curr component com.worldline.wallet/com.hidglobal.sdkalemu.EmulatorService
04-03 06:31:41.316 D/RegisteredServicesCache( 5861):  curr uid 10108
04-03 06:31:41.316 D/RegisteredServicesCache( 5861):  curr state 2
04-03 06:31:41.316 E/RegisteredServicesCache( 5861): installedServices no uidString 
04-03 06:31:41.316 D/RegisteredServicesCache( 5861):  curr component com.google.android.gms/com.google.android.gms.dck.service.DckNfcApduService
04-03 06:31:41.316 D/RegisteredServicesCache( 5861):  curr uid 10163
04-03 06:31:41.316 D/RegisteredServicesCache( 5861):  curr state 2
04-03 06:31:41.316 E/RegisteredServicesCache( 5861): installedServices contains uidString : 10163
04-03 06:31:41.318 D/nativeloader(20437): Load libframework-connectivity-tiramisu-jni.so using APEX ns com_android_tethering for caller /apex/com.android.tethering/javalib/framework-connectivity-t.jar: ok
04-03 06:31:41.319 D/LauncherClient.Service( 4042): service already connected:com.mi.globalminusscreen
04-03 06:31:41.320 D/MI-SF   ( 1305): Launcher Changed hasLauncher=1
04-03 06:31:41.320 I/SmartPower: com.mi.android.globallauncher/10082(4042)( 1984): invisible->visible(108ms) R(become visible) adj=100.
04-03 06:31:41.320 I/WindowManager( 1984): wms.showSurfaceRobustly mWin:Window{6624028 u0 com.mi.android.globallauncher/com.miui.home.launcher.Launcher}
04-03 06:31:41.320 D/WindowManager( 1984): Final targets: [Task{210785e #13908 type=standard A=10569:app.blearn.mobile}, Task{9ae3139 #1 type=home}, WallpaperWindowToken{ab4af23 token=android.os.BinderProxy@cd0e052}, WallpaperWindowToken{64824c4 token=android.os.Binder@f6ed756}]
04-03 06:31:41.320 I/SmartPower: com.mi.globalminusscreen/10337(15859)( 1984): idle->background(98354ms) R(add to whitelist) adj=100.
04-03 06:31:41.322 I/MessageMonitor(20437): Load libmiui_runtime
04-03 06:31:41.318 W/re-initialized>(20437): type=1400 audit(0.0:68081): avc:  denied  { search } for  name="zram0" dev="sysfs" ino=60736 scontext=u:r:untrusted_app:s0:c88,c257,c512,c768 tcontext=u:object_r:sysfs_zram:s0 tclass=dir permissive=0 app=com.garmin.connectiq
04-03 06:31:41.318 W/re-initialized>(20437): type=1400 audit(0.0:68082): avc:  denied  { search } for  name="zram0" dev="sysfs" ino=60736 scontext=u:r:untrusted_app:s0:c88,c257,c512,c768 tcontext=u:object_r:sysfs_zram:s0 tclass=dir permissive=0 app=com.garmin.connectiq
04-03 06:31:41.323 E/armin.connectiq(20437): Can't find memory status under: /sys/block/zram0/
04-03 06:31:41.328 D/SymlinkUtils( 1984): attachApplication file op go pass: 1 ms
04-03 06:31:41.330 E/vendor.qti.hardware.perf@2.2-service( 1187): Unknown params
04-03 06:31:41.330 E/vendor.qti.hardware.perf@2.2-service( 1187): Unknown params
04-03 06:31:41.330 E/vendor.qti.hardware.perf@2.2-service( 1187): Unknown params
04-03 06:31:41.330 E/ANDR-PERF-DATA-POOL( 1187): EventDataPool is Full
04-03 06:31:41.330 E/ANDR-PERF-MPCTL( 1187): perf request submission limit reached.
04-03 06:31:41.331 I/Zygote  ( 3857): Process 20059 exited due to signal 9 (Killed)
04-03 06:31:41.332 D/qdgralloc( 1305): GetYUVPlaneInfo: Invalid format passed: 0x21
04-03 06:31:41.337 D/WindowManager( 1984): Calling onTransitionReady info={id=798 t=CLOSE f=0x0 trk=0 r=[0@Point(0, 0)] c=[{WCT{RemoteToken{d2d74d3 Task{210785e #13908 type=standard A=10569:app.blearn.mobile}}} m=CLOSE f=NONE leash=Surface(name=Task=13908#7608)/@0xb636d99 sb=Rect(0, 0 - 1080, 2400) eb=Rect(0, 0 - 1080, 2400) d=0},{WCT{RemoteToken{e5304e1 Task{9ae3139 #1 type=home}}} m=TO_FRONT f=SHOW_WALLPAPER leash=Surface(name=Task=1#47)/@0x5916500 sb=Rect(0, 0 - 1080, 2400) eb=Rect(0, 0 - 1080, 2400) d=0},{null m=TO_FRONT f=IS_WALLPAPER leash=Surface(name=WallpaperWindowToken{ab4af23 token=android.os.BinderProxy@cd0e052}#53)/@0x45d6c20 sb=Rect(0, 0 - 1080, 2400) eb=Rect(0, 0 - 1080, 2400) d=0},{null m=TO_FRONT f=IS_WALLPAPER leash=Surface(name=WallpaperWindowToken{64824c4 token=android.os.Binder@f6ed756}#60)/@0xb838fad sb=Rect(0, 0 - 1080, 2400) eb=Rect(0, 0 - 1080, 2400) d=0}] noAni=[false] df=[false] mk=[true] nc=[0]}, mToken=Token{d9451c6 TransitionRecord{595349f id=798 type=CLOSE flags=0x0}}
04-03 06:31:41.338 I/BLASTSyncEngine( 1984): finishNow: after onTransactionReady, mSyncId=798
04-03 06:31:41.341 D/MiuiFreeformAnimation( 3986): startAnimation change: {WCT{android.window.IWindowContainerToken$Stub$Proxy@2d48475} m=CLOSE f=NONE leash=Surface(name=Task=13908#7608)/@0x69afb80 sb=Rect(0, 0 - 1080, 2400) eb=Rect(0, 0 - 1080, 2400) d=0} info.getType(): 2
04-03 06:31:41.343 D/MiuiFreeformAnimation( 3986): startAnimation change: {WCT{android.window.IWindowContainerToken$Stub$Proxy@c563c0a} m=TO_FRONT f=SHOW_WALLPAPER leash=Surface(name=Task=1#47)/@0xd9e45b9 sb=Rect(0, 0 - 1080, 2400) eb=Rect(0, 0 - 1080, 2400) d=0} info.getType(): 2
04-03 06:31:41.343 I/MiuiFreeformAnimation( 3986): isLaunchWidgetPicker=false,taskInfo.getWindowingMode()=1, taskInfo.getActivityType()=2
04-03 06:31:41.343 E/RegisteredServicesCache( 5861): 1invalidateCache:WriteServiceStateToFile
04-03 06:31:41.343 E/RegisteredServicesCache( 5861):  Writing service state Data Always
04-03 06:31:41.344 D/MiuiFreeformAnimation( 3986): startAnimation change: {null m=TO_FRONT f=IS_WALLPAPER leash=Surface(name=WallpaperWindowToken{ab4af23 token=android.os.BinderProxy@cd0e052}#53)/@0xbb83dfe sb=Rect(0, 0 - 1080, 2400) eb=Rect(0, 0 - 1080, 2400) d=0} info.getType(): 2
04-03 06:31:41.344 D/MiuiFreeformAnimation( 3986): startAnimation change: {null m=TO_FRONT f=IS_WALLPAPER leash=Surface(name=WallpaperWindowToken{64824c4 token=android.os.Binder@f6ed756}#60)/@0xc9f95f sb=Rect(0, 0 - 1080, 2400) eb=Rect(0, 0 - 1080, 2400) d=0} info.getType(): 2
04-03 06:31:41.344 W/MiuiTaskTransitionHandler( 3986): Receive an unknown transition, token=android.os.BinderProxy@86bbabd, type=2
04-03 06:31:41.344 E/RegisteredServicesCache( 5861): component namecom.google.android.gms/com.google.android.gms.nearby.mediums.nearfieldcommunication.NfcAdvertisingService
04-03 06:31:41.344 E/RegisteredServicesCache( 5861): component namefr.tisseo.android/eu.mobeepass.sselib.services.HceService
04-03 06:31:41.344 E/RegisteredServicesCache( 5861): component namecom.paypal.android.p2pmobile/com.paypal.android.pdsdk.services.TagService
04-03 06:31:41.344 E/RegisteredServicesCache( 5861): component namecom.google.android.gms/com.google.android.gms.fido.fido2.ui.hybrid.NfcEmulationService
04-03 06:31:41.344 E/RegisteredServicesCache( 5861): component namecom.google.android.gms/com.google.android.gms.pay.hce.service.PayHceService
04-03 06:31:41.344 E/RegisteredServicesCache( 5861): component namecom.worldline.wallet/com.hidglobal.sdkalemu.EmulatorService
04-03 06:31:41.344 E/RegisteredServicesCache( 5861): component namecom.google.android.gms/com.google.android.gms.dck.service.DckNfcApduService
04-03 06:31:41.345 D/TransitionAnimationHelper( 3986):  load default animation  type = 2 enter = true animAttr = 16 isTask = true translucent = false
04-03 06:31:41.346 D/TransitionAnimationHelper( 3986):  load default animation  type = 2 enter = false animAttr = 17 isTask = true translucent = false
04-03 06:31:41.346 I/IPCThreadState( 7002): oneway function results for code 3 on binder at 0xb40000769aa90480 will be dropped but finished with status UNKNOWN_TRANSACTION
04-03 06:31:41.347 I/NetworkBoostStatusManager( 1984): onUidGone uid: 99123
04-03 06:31:41.347 I/MiuiNetworkPolicy( 1984): removeUidState uid = 99123
04-03 06:31:41.347 I/IPCThreadState(11911): oneway function results for code 3 on binder at 0xb400007699d99020 will be dropped but finished with status UNKNOWN_TRANSACTION
04-03 06:31:41.347 I/SLM-SRV-SLSAppLib( 1984): SLM_Ai_Mode EVENT_CHECK_GMAE_AI_MODE_STATUS
04-03 06:31:41.347 I/SLM-SRV-SLSAppLib( 1984): SLM_Ai_Mode checkGameAiModeStatus mGameAiModeCloudControl:false mLinkTurboAiModeSwitch:false mGameAiModeInterfaceReady:false mGameStartBattle:false powerMgrGameUid:0
04-03 06:31:41.348 D/DisplayManagerService( 1984): Drop pending events for gone uid 99123
04-03 06:31:41.348 I/SmartPower: com.garmin.connectiq/10344(20437)( 1984): died->background(998776ms) R(process start ) adj=-10000.
04-03 06:31:41.349 D/SoScUtils( 3986): monitorTransitionFinished transition:android.os.BinderProxy@86bbabd transaction: android.view.SurfaceControl$Transaction@becc7b mRequestCloseTransition:null mRequestOpenTransition:null mPairsOpenTransition:null mPairsOpenTransitionNull:null mRequestOpenTriggerTask:-1 mRequestCloseTriggerTask:-1 mOrientationTransition: null mMainStartingTask:-1 mSideStartingTask:-1
04-03 06:31:41.350 D/CompatibilityChangeReporter( 1984): Compat change id reported: 168419799; UID 10344; state: DISABLED
04-03 06:31:41.351 D/CompatibilityChangeReporter( 1984): Compat change id reported: 273564678; UID 10344; state: DISABLED
04-03 06:31:41.351 D/CompatibilityInfo( 1984): mCompatibilityFlags - 0
04-03 06:31:41.351 D/CompatibilityInfo( 1984): applicationDensity - 440
04-03 06:31:41.351 D/CompatibilityInfo( 1984): applicationScale - 1.0
04-03 06:31:41.352 D/ShellTransitions( 3986): speed ui!!!!!!!!!!!
04-03 06:31:41.354 D/Launcher.Lifecycle( 4042): onWindowFocusChanged:true,UserHandle{0},409438c,false
04-03 06:31:41.354 D/Launcher_UnlockAnimationStateMachine( 4042): onWindowFocus:IDLE
04-03 06:31:41.355 D/Launcher_UnlockAnimationStateMachine( 4042): showAnimation = IDLE
04-03 06:31:41.359 W/WindowManager( 1984): Exception thrown during dispatchAppVisibility Window{7a02406 u0 app.blearn.mobile/app.blearn.mobile.MainActivity EXITING}
04-03 06:31:41.359 W/WindowManager( 1984): android.os.DeadObjectException
04-03 06:31:41.359 W/WindowManager( 1984): 	at android.os.BinderProxy.transactNative(Native Method)
04-03 06:31:41.359 W/WindowManager( 1984): 	at android.os.BinderProxy.transact(BinderProxy.java:639)
04-03 06:31:41.359 W/WindowManager( 1984): 	at android.view.IWindow$Stub$Proxy.dispatchAppVisibility(IWindow.java:689)
04-03 06:31:41.359 W/WindowManager( 1984): 	at com.android.server.wm.WindowState.sendAppVisibilityToClients(WindowState.java:3614)
04-03 06:31:41.359 W/WindowManager( 1984): 	at com.android.server.wm.WindowContainer.sendAppVisibilityToClients(WindowContainer.java:1307)
04-03 06:31:41.359 W/WindowManager( 1984): 	at com.android.server.wm.WindowToken.setClientVisible(WindowToken.java:425)
04-03 06:31:41.359 W/WindowManager( 1984): 	at com.android.server.wm.ActivityRecord.setClientVisible(ActivityRecord.java:8357)
04-03 06:31:41.359 W/WindowManager( 1984): 	at com.android.server.wm.ActivityRecord.postApplyAnimation(ActivityRecord.java:6774)
04-03 06:31:41.359 W/WindowManager( 1984): 	at com.android.server.wm.ActivityRecord.commitVisibility(ActivityRecord.java:6717)
04-03 06:31:41.359 W/WindowManager( 1984): 	at com.android.server.wm.Transition.finishTransition(Transition.java:1432)
04-03 06:31:41.359 W/WindowManager( 1984): 	at com.android.server.wm.TransitionController.finishTransition(TransitionController.java:1054)
04-03 06:31:41.359 W/WindowManager( 1984): 	at com.android.server.wm.WindowOrganizerController.finishTransition(WindowOrganizerController.java:478)
04-03 06:31:41.359 W/WindowManager( 1984): 	at android.window.IWindowOrganizerController$Stub.onTransact(IWindowOrganizerController.java:321)
04-03 06:31:41.359 W/WindowManager( 1984): 	at com.android.server.wm.WindowOrganizerController.onTransact(WindowOrganizerController.java:218)
04-03 06:31:41.359 W/WindowManager( 1984): 	at android.os.Binder.execTransactInternal(Binder.java:1351)
04-03 06:31:41.359 W/WindowManager( 1984): 	at android.os.Binder.execTransact(Binder.java:1282)
04-03 06:31:41.359 W/Process ( 1984): Unable to open /proc/19986/status
04-03 06:31:41.360 W/WindowManager( 1984): The process may be dead, tid:19986,tgid:-1
04-03 06:31:41.360 I/Transition( 1984): finishTransition: updateLastSurfacePosition tf=Task{210785e #13908 type=standard A=10569:app.blearn.mobile}
04-03 06:31:41.364 D/ScrollerOptimizationManager( 4042): registerConfigChangedListener
04-03 06:31:41.365 I/WindowManager( 1984): cancelAnimation removed leash : Surface(name=Surface(name=70eda56 InputMethod#108)/@0xeb75fc4 - animation-leash of insets_animation#7626)/@0x1cd733e
04-03 06:31:41.367 I/HandWritingStubImpl( 4042): refreshLastKeyboardType: 1
04-03 06:31:41.367 I/HandWritingStubImpl( 4042): getCurrentKeyboardType: 1
04-03 06:31:41.371 W/VsyncModulator( 1305): setTransactionSchedule: Unexpected EarlyEnd
04-03 06:31:41.372 D/MiuiFullScreenTaskRepository( 3986): addOrUpdateFullScreenTaskInfo taskId=1, topActivity=ComponentInfo{com.mi.android.globallauncher/com.miui.home.launcher.Launcher}
04-03 06:31:41.372 E/onWindowDecorRectChanged( 3986): start size:0
04-03 06:31:41.372 D/MiuiDesktopModeController( 3986): onFocusTaskChanged newFocus: TaskInfo{userId=0 taskId=1 displayId=0 isRunning=true baseIntent=Intent { act=android.intent.action.MAIN cat=[android.intent.category.HOME] flg=0x10000100 cmp=com.mi.android.globallauncher/com.miui.home.launcher.Launcher } baseActivity=ComponentInfo{com.mi.android.globallauncher/com.miui.home.launcher.Launcher} topActivity=ComponentInfo{com.mi.android.globallauncher/com.miui.home.launcher.Launcher} origActivity=null realActivity=null numActivities=1 lastActiveTime=15906 supportsSplitScreenMultiWindow=true supportsMultiWindow=true resizeMode=2 isResizeable=true minWidth=-1 minHeight=-1 defaultMinSize=200 token=WCT{android.window.IWindowContainerToken$Stub$Proxy@4f5f2f1} topActivityType=2 pictureInPictureParams=null shouldDockBigOverlays=false launchIntoPipHostTaskId=-1 lastParentTaskIdBeforePip=-1 displayCutoutSafeInsets=null topActivityInfo=ActivityInfo{4240ed6 com.miui.home.launcher.Launcher} launchCookies=[] positionInParent=Point(0, 0) parentTaskId=-1 isFocused=false isVisible=true isVisibleRequested=true isSleeping=false topActivityInSizeCompat=false topActivityInMiuiSizeCompat=false topActivityEligibleForLetterboxEducation= false topActivityLetterboxed= false isFromDoubleTap= false topActivityLetterboxVerticalPosition= -1 topActivityLetterboxHorizontalPosition= -1 topActivityLetterboxWidth=-1 topActivityLetterboxHeight=-1 locusId=null displayAreaFeatureId=1 cameraCompatControlState=hidden mIsCastMode=false mTopActivityMediaSize=null mTopActivityRecordName=ActivityRecord{4f8ceab u0 com.mi.android.globallauncher/com.miui.home.launcher.Launcher t2} mTopActivityOrientation=1 mTopActivityWindowIsNowVisible=true isTranslucent=false isEmbedded=false shouldBeVisible=true isImmersive=false mBehindAppLockPkg=null mOriginatingUid=0}
04-03 06:31:41.372 D/MiuiFreeformModeController( 3986): onFocusTaskChanged taskInfo: TaskInfo{userId=0 taskId=1 displayId=0 isRunning=true baseIntent=Intent { act=android.intent.action.MAIN cat=[android.intent.category.HOME] flg=0x10000100 cmp=com.mi.android.globallauncher/com.miui.home.launcher.Launcher } baseActivity=ComponentInfo{com.mi.android.globallauncher/com.miui.home.launcher.Launcher} topActivity=ComponentInfo{com.mi.android.globallauncher/com.miui.home.launcher.Launcher} origActivity=null realActivity=null numActivities=1 lastActiveTime=15906 supportsSplitScreenMultiWindow=true supportsMultiWindow=true resizeMode=2 isResizeable=true minWidth=-1 minHeight=-1 defaultMinSize=200 token=WCT{android.window.IWindowContainerToken$Stub$Proxy@4f5f2f1} topActivityType=2 pictureInPictureParams=null shouldDockBigOverlays=false launchIntoPipHostTaskId=-1 lastParentTaskIdBeforePip=-1 displayCutoutSafeInsets=null topActivityInfo=ActivityInfo{4240ed6 com.miui.home.launcher.Launcher} launchCookies=[] positionInParent=Point(0, 0) parentTaskId=-1 isFocused=false isVisible=true isVisibleRequested=true isSleeping=false topActivityInSizeCompat=false topActivityInMiuiSizeCompat=false topActivityEligibleForLetterboxEducation= false topActivityLetterboxed= false isFromDoubleTap= false topActivityLetterboxVerticalPosition= -1 topActivityLetterboxHorizontalPosition= -1 topActivityLetterboxWidth=-1 topActivityLetterboxHeight=-1 locusId=null displayAreaFeatureId=1 cameraCompatControlState=hidden mIsCastMode=false mTopActivityMediaSize=null mTopActivityRecordName=ActivityRecord{4f8ceab u0 com.mi.android.globallauncher/com.miui.home.launcher.Launcher t2} mTopActivityOrientation=1 mTopActivityWindowIsNowVisible=true isTranslucent=false isEmbedded=false shouldBeVisible=true isImmersive=false mBehindAppLockPkg=null mOriginatingUid=0}
04-03 06:31:41.373 D/MiuiFullScreenTaskRepository( 3986): addOrUpdateFullScreenTaskInfo taskId=13908, topActivity=null
04-03 06:31:41.373 I/libnfc_nci( 5861): [INFO:SecureElement.cpp(1524)] SecureElement::getEseHandleFromGenericId: enter; ESE-ID = 0x01
04-03 06:31:41.373 W/ActivityTaskManager( 1984): Can't find TaskDisplayArea to determine support for multi window. Task id=13908 attached=false
04-03 06:31:41.373 I/libnfc_nci( 5861): [INFO:SecureElement.cpp(1559)] SecureElement::getEseHandleFromGenericId: enter; ESE-Handle = 0x4C0
04-03 06:31:41.373 I/libnfc_nci( 5861): [INFO:SecureElement.cpp(1448)] SecureElement::getEeInfo: enter; mbNewEE=0, mActualNumEe=2
04-03 06:31:41.375 D/MiuiFullScreenTaskRepository( 3986): removeFullScreenTask taskId=13908, topActivity=null
04-03 06:31:41.375 D/MiuiWindowDecorViewModel( 3986): destroyWindowDecoration: taskId=13908, windowingMode=1, mWindowDecorByTaskId.size()=0, callers=com.android.wm.shell.fullscreen.FullscreenTaskListener.onTaskVanished:143 com.android.wm.shell.ShellTaskOrganizer.onTaskVanished:138 android.window.TaskOrganizer$1.lambda$onTaskVanished$5:391 android.window.TaskOrganizer$1.$r8$lambda$cnLAmEuLf_BQ_jFuhQbGGs5ghXo:0 android.window.TaskOrganizer$1$$ExternalSyntheticLambda14.run:4 
04-03 06:31:41.376 D/EventBus( 4042): No subscribers registered for event class com.miui.home.recents.messages.RecentTasksChangedEvent
04-03 06:31:41.376 D/EventBus( 4042): No subscribers registered for event class org.greenrobot.eventbus.NoSubscriberEvent
04-03 06:31:41.376 D/RecentsModel( 4042): onTaskStackChangedBackground    MSG_TASK_STACK_CHANGE
04-03 06:31:41.376 E/libnfc_nci( 5861): [ERROR:SecureElement.cpp(1470)] SecureElement::getEeInfo: num EEs discovered: 2
04-03 06:31:41.376 I/libnfc_nci( 5861): [INFO:SecureElement.cpp(1484)] SecureElement::getEeInfo: exit; mActualNumEe=2, mNumEePresent=2
04-03 06:31:41.376 D/NfcService( 5861): defaultAidRoute : 315
04-03 06:31:41.376 D/NfcService( 5861): GetDefaultRouteLoc  :0
04-03 06:31:41.378 I/RegisteredAidCache( 5861): updateRoutingLocked(false): Enter
04-03 06:31:41.378 E/FileUtils( 5861): err write to mi_exception_log
04-03 06:31:41.379 I/ImeTracker( 1984): com.mi.android.globallauncher:9a8c9e65: onRequestHide at ORIGIN_SERVER_HIDE_INPUT reason HIDE_UNSPECIFIED_WINDOW
04-03 06:31:41.379 I/ImeTracker( 1984): com.mi.android.globallauncher:9a8c9e65: onCancelled at PHASE_SERVER_SHOULD_HIDE
04-03 06:31:41.379 D/RegisteredNfcFServicesCache( 5861): Service unchanged, not updating
04-03 06:31:41.379 D/MirrorManager( 6836):  sendAcceptInput 0 0
04-03 06:31:41.380 D/qdgralloc( 1984): GetYUVPlaneInfo: Invalid format passed: 0x21
04-03 06:31:41.381 W/RecentsModel( 4042): getRunningTask   taskInfo=TaskInfo{userId=0 taskId=2 displayId=0 isRunning=true baseIntent=Intent { act=android.intent.action.MAIN cat=[android.intent.category.HOME] flg=0x10000100 cmp=com.mi.android.globallauncher/com.miui.home.launcher.Launcher } baseActivity=ComponentInfo{com.mi.android.globallauncher/com.miui.home.launcher.Launcher} topActivity=ComponentInfo{com.mi.android.globallauncher/com.miui.home.launcher.Launcher} origActivity=null realActivity=ComponentInfo{com.mi.android.globallauncher/com.miui.home.launcher.Launcher} numActivities=1 lastActiveTime=131473560 supportsSplitScreenMultiWindow=true supportsMultiWindow=true resizeMode=2 isResizeable=true minWidth=-1 minHeight=-1 defaultMinSize=200 token=WCT{android.window.IWindowContainerToken$Stub$Proxy@d33fb34} topActivityType=2 pictureInPictureParams=null shouldDockBigOverlays=false launchIntoPipHostTaskId=-1 lastParentTaskIdBeforePip=-1 displayCutoutSafeInsets=null topActivityInfo=ActivityInfo{3e3fd5d com.miui.home.launcher.Launcher} launchCookies=[] positionInParent=Point(0, 0) parentTaskId=-1 isFocused=false isVisible=true isVisibleRequested=true isSleeping=false topActivityInSizeCompat=false topActivityInMiuiSizeCompat=false topActivityEligibleForLetterboxEducation= false topActivityLetterboxed= false isFromDoubleTap= false topActivityLetterboxVerticalPosition= -1 topActivityLetterboxHorizontalPosition= -1 topActivityLetterboxWidth=-1 topActivityLetterboxHeight=-1 locusId=null displayAreaFeatureId=1 cameraCompatControlState=hidden mIsCastMode=false mTopActivityMediaSize=null mTopActivityRecordName=ActivityRecord{4f8ceab u0 com.mi.android.globallauncher/com.miui.home.launcher.Launcher t2} mTopActivityOrientation=1 mTopActivityWindowIsNowVisible=false isTranslucent=false isEmbedded=false shouldBeVisible=true isImmersive=false mBehindAppLockPkg=null mOriginatingUid=0}
04-03 06:31:41.381 D/RecentsModel( 4042): preloadRecents runningTaskId:2, mCurrentRunningTaskId:-1, mRecentsTaskLoadPlan=com.android.systemui.shared.recents.model.RecentsTaskLoadPlan@23366d2
04-03 06:31:41.381 E/ActivityManagerWrapper( 4042): get all recent tasks force including 2
04-03 06:31:41.383 E/BpTransactionCompletedListener( 1305): Failed to transact (-32)
04-03 06:31:41.387 I/GoogleInputMethodService( 4913): GoogleInputMethodService.onFinishInput():2159 
04-03 06:31:41.388 E/FileUtils( 4042): err write to mi_exception_log
04-03 06:31:41.388 I/Module  ( 4913): DeviceLockedStatusModuleProvider$Module.updateDeviceLockedStatus():103 repeatCheckTimes = 0, locked = false
04-03 06:31:41.388 E/RotationHelper( 4042): setCurrentTransitionRequest: request=0
04-03 06:31:41.389 D/SecureElementService( 3964): getReaders() for com.android.nfc
04-03 06:31:41.389 I/GoogleInputMethodService( 4913): GoogleInputMethodService.onStartInput():1434 onStartInput(EditorInfo{EditorInfo{packageName=com.mi.android.globallauncher, inputType=0, inputTypeString=NULL, enableLearning=false, autoCorrection=false, autoComplete=false, imeOptions=0, privateImeOptions=null, actionName=UNSPECIFIED, actionLabel=null, initialSelStart=-1, initialSelEnd=-1, initialCapsMode=0, label=null, fieldId=0, fieldName=null, extras=Bundle[mParcelledData.dataSize=72], hintText=null, hintLocales=[]}}, false)
04-03 06:31:41.389 W/AndroidIME( 4913): LatinIMEBase.updateInputViewCoverNavigation():317 Null input view, cannot update padding!
04-03 06:31:41.389 I/Module  ( 4913): DeviceLockedStatusModuleProvider$Module.updateDeviceLockedStatus():103 repeatCheckTimes = 1, locked = false
04-03 06:31:41.391 I/MiuiNetworkPolicy( 1984): updateUidState uid = 10344, uidState = 19
04-03 06:31:41.394 D/CompatibilityChangeReporter( 1984): Compat change id reported: 265195908; UID 10344; state: ENABLED
04-03 06:31:41.394 I/MiuiNetworkPolicy( 1984): updateUidState uid = 10344, uidState = 8
04-03 06:31:41.394 W/PackageConfigPersister( 1984): App-specific configuration not found for packageName: com.mi.android.globallauncher and userId: 0
04-03 06:31:41.395 D/TaskSnapshotCompatVU( 4042): getIsInvalidateFromTaskSnapshot, don't find method
04-03 06:31:41.395 D/EventBus( 4042): No subscribers registered for event class com.miui.home.recents.messages.TaskSnapshotChangedEvent
04-03 06:31:41.395 D/EventBus( 4042): No subscribers registered for event class org.greenrobot.eventbus.NoSubscriberEvent
04-03 06:31:41.396 I/WindowManager( 1984): cancelAnimation removed leash : Surface(name=Surface(name=70eda56 InputMethod#108)/@0xeb75fc4 - animation-leash of insets_animation#7632)/@0x754f020
04-03 06:31:41.396 I/HighMemoryManager(20437): High memory monitor not enabled
04-03 06:31:41.396 D/CompatibilityChangeReporter( 1984): Compat change id reported: 218533173; UID 10569; state: ENABLED
04-03 06:31:41.397 D/CompatibilityChangeReporter( 1984): Compat change id reported: 262645982; UID 10569; state: ENABLED
04-03 06:31:41.397 W/ActivityManager( 1984): setHasOverlayUi called on unknown pid: 19986
04-03 06:31:41.397 D/CompatibilityChangeReporter(20437): Compat change id reported: 171979766; UID 10344; state: ENABLED
04-03 06:31:41.398 D/CompatibilityChangeReporter(20437): Compat change id reported: 242716250; UID 10344; state: ENABLED
04-03 06:31:41.400 E/ActivityManagerWrapper( 4042): getRecentTasksForceIncludingTaskIdIfValid: getRecentTasks: size=6
04-03 06:31:41.400 E/ActivityManagerWrapper( 4042):  mainTaskId=13908   userId=0   windowMode=1   baseIntent=Intent { act=android.intent.action.MAIN flag=270532608 cmp=ComponentInfo{app.blearn.mobile/app.blearn.mobile.MainActivity} }
04-03 06:31:41.400 E/ActivityManagerWrapper( 4042):  mainTaskId=13803   userId=0   windowMode=1   baseIntent=Intent { act=null flag=369098752 cmp=ComponentInfo{com.google.android.googlequicksearchbox/com.google.android.apps.search.assistant.surfaces.voice.robin.main.MainActivity} }
04-03 06:31:41.400 E/ActivityManagerWrapper( 4042):  mainTaskId=13850   userId=0   windowMode=1   baseIntent=Intent { act=android.intent.action.MAIN flag=270532608 cmp=ComponentInfo{com.google.android.apps.maps/com.google.android.maps.MapsActivity} }
04-03 06:31:41.400 E/ActivityManagerWrapper( 4042):  mainTaskId=13798   userId=0   windowMode=1   baseIntent=Intent { act=android.intent.action.MAIN flag=268500992 cmp=ComponentInfo{com.s_payment.mobiles_bezahlen/de.starfinanz.payment.MainActivity} }
04-03 06:31:41.400 E/ActivityManagerWrapper( 4042):  mainTaskId=13784   userId=0   windowMode=0   baseIntent=Intent { act=null flag=369098752 cmp=ComponentInfo{com.google.android.googlequicksearchbox/com.google.android.apps.search.assistant.surfaces.voice.robin.main.MainActivity} }
04-03 06:31:41.400 E/ActivityManagerWrapper( 4042):  mainTaskId=13787   userId=0   windowMode=0   baseIntent=Intent { act=android.intent.action.MAIN flag=805306368 cmp=ComponentInfo{com.google.android.googlequicksearchbox/com.google.android.googlequicksearchbox.SearchActivity} }
04-03 06:31:41.400 D/WorldCirculate( 4042): getWorldCirculateInfo, taskInfo.baseIntent=Intent { act=android.intent.action.MAIN cat=[android.intent.category.LAUNCHER] flg=0x10200000 cmp=app.blearn.mobile/.MainActivity }, displayId=-1, but get Display failed
04-03 06:31:41.402 D/CompatibilityChangeReporter( 1984): Compat change id reported: 170503758; UID 10344; state: ENABLED
04-03 06:31:41.403 D/WorldCirculate( 4042): getWorldCirculateInfo, taskInfo.baseIntent=Intent { flg=0x16000000 cmp=com.google.android.googlequicksearchbox/com.google.android.apps.search.assistant.surfaces.voice.robin.main.MainActivity }, displayId=-1, but get Display failed
