04-03 06:31:42.955 D/nativeloader(20543): Configuring clns-5 for other apk /data/app/~~-cXyj43s9016oMy6A119Yg==/com.google.android.webview-iVGtQcAftaGXkXWPV0S6Fg==/base.apk. target_sdk_version=36, uses_libraries=, library_path=/data/app/~~-cXyj43s9016oMy6A119Yg==/com.google.android.webview-iVGtQcAftaGXkXWPV0S6Fg==/lib/arm64:/data/app/~~-cXyj43s9016oMy6A119Yg==/com.google.android.webview-iVGtQcAftaGXkXWPV0S6Fg==/base.apk!/lib/arm64-v8a, permitted_path=/data:/mnt/expand
04-03 06:31:42.962 E/SDM     ( 1177): HWCSession::GetClientTargetProperty: GetClinetTargetProperty interface enter
04-03 06:31:42.963 E/ANDR-PERF-DATA-POOL( 1187): EventDataPool is Full
04-03 06:31:42.963 E/ANDR-PERF-MPCTL( 1187): perf request submission limit reached.
04-03 06:31:42.971 E/SDM     ( 1177): HWCSession::GetClientTargetProperty: GetClinetTargetProperty interface enter
04-03 06:31:42.971 E/ANDR-PERF-DATA-POOL( 1187): EventDataPool is Full
04-03 06:31:42.971 E/ANDR-PERF-MPCTL( 1187): perf request submission limit reached.
04-03 06:31:42.976 I/cr_WVCFactoryProvider(20543): version=146.0.7680.164 (768016403) minSdkVersion=29 multiprocess=true packageId=127 splits=<none>
04-03 06:31:42.979 E/SDM     ( 1177): HWCSession::GetClientTargetProperty: GetClinetTargetProperty interface enter
04-03 06:31:42.979 E/ANDR-PERF-DATA-POOL( 1187): EventDataPool is Full
04-03 06:31:42.979 E/ANDR-PERF-MPCTL( 1187): perf request submission limit reached.
04-03 06:31:42.986 D/nativeloader(20543): Load /data/app/~~-cXyj43s9016oMy6A119Yg==/com.google.android.webview-iVGtQcAftaGXkXWPV0S6Fg==/base.apk!/lib/arm64-v8a/libwebviewchromium.so using class loader ns clns-5 (caller=/data/app/~~-cXyj43s9016oMy6A119Yg==/com.google.android.webview-iVGtQcAftaGXkXWPV0S6Fg==/base.apk): ok
04-03 06:31:42.987 E/SDM     ( 1177): HWCSession::GetClientTargetProperty: GetClinetTargetProperty interface enter
04-03 06:31:42.987 E/ANDR-PERF-DATA-POOL( 1187): EventDataPool is Full
04-03 06:31:42.987 E/ANDR-PERF-MPCTL( 1187): perf request submission limit reached.
04-03 06:31:42.988 D/nativeloader(20543): Load /system/lib64/libwebviewchromium_plat_support.so using class loader ns clns-5 (caller=/data/app/~~-cXyj43s9016oMy6A119Yg==/com.google.android.webview-iVGtQcAftaGXkXWPV0S6Fg==/base.apk): ok
04-03 06:31:42.990 I/chromium(20543): [0403/063142.990415:INFO:android_webview/browser/variations/variations_seed_loader.cc:67] Failed to open file for reading.: No such file or directory (2)
04-03 06:31:42.996 E/SDM     ( 1177): HWCSession::GetClientTargetProperty: GetClinetTargetProperty interface enter
04-03 06:31:42.996 E/ANDR-PERF-DATA-POOL( 1187): EventDataPool is Full
04-03 06:31:42.996 E/ANDR-PERF-MPCTL( 1187): perf request submission limit reached.
04-03 06:31:43.003 I/cr_LibraryLoader(20543): Successfully loaded native library
04-03 06:31:43.004 I/cr_CachingUmaRecorder(20543): Flushed 20 samples from 19 histograms, 0 samples were dropped.
04-03 06:31:43.004 E/SDM     ( 1177): HWCSession::GetClientTargetProperty: GetClinetTargetProperty interface enter
04-03 06:31:43.004 E/ANDR-PERF-DATA-POOL( 1187): EventDataPool is Full
04-03 06:31:43.004 E/ANDR-PERF-MPCTL( 1187): perf request submission limit reached.
04-03 06:31:43.007 I/cr_ChildProcLH(20543): ScopedServiceBindingBatch.tryActivate: false
04-03 06:31:43.008 I/cr_CombinedPProvider(20543): #registerProvider() provider:WV.qk@7e59523 isPolicyCacheEnabled:false policyProvidersSize:0
04-03 06:31:43.010 D/CompatibilityChangeReporter( 1984): Compat change id reported: 161145287; UID 10569; state: ENABLED
04-03 06:31:43.010 I/cr_PolicyProvider(20543): #setManagerAndSource() 0
04-03 06:31:43.013 E/SDM     ( 1177): HWCSession::GetClientTargetProperty: GetClinetTargetProperty interface enter
04-03 06:31:43.013 E/ANDR-PERF-DATA-POOL( 1187): EventDataPool is Full
04-03 06:31:43.013 E/ANDR-PERF-MPCTL( 1187): perf request submission limit reached.
04-03 06:31:43.015 I/cr_DisplayManager(20543): Is Display Topology available: false
04-03 06:31:43.017 I/SmartPower: com.google.android.webview:sandboxed_process0:org.chromium.content.app.SandboxedProcessService-1->background(0ms) R(become background) adj=-10000.
04-03 06:31:43.017 D/CompatibilityChangeReporter( 1984): Compat change id reported: 135634846; UID 99124; state: DISABLED
04-03 06:31:43.018 D/CompatibilityChangeReporter( 1984): Compat change id reported: 177438394; UID 99124; state: DISABLED
04-03 06:31:43.018 D/CompatibilityChangeReporter( 1984): Compat change id reported: 135772972; UID 99124; state: DISABLED
04-03 06:31:43.018 D/CompatibilityChangeReporter( 1984): Compat change id reported: 135754954; UID 99124; state: ENABLED
04-03 06:31:43.018 D/CompatibilityChangeReporter( 1984): Compat change id reported: 143937733; UID 10569; state: ENABLED
04-03 06:31:43.021 E/SDM     ( 1177): HWCSession::GetClientTargetProperty: GetClinetTargetProperty interface enter
04-03 06:31:43.021 E/ANDR-PERF-DATA-POOL( 1187): EventDataPool is Full
04-03 06:31:43.021 E/ANDR-PERF-MPCTL( 1187): perf request submission limit reached.
04-03 06:31:43.029 E/SDM     ( 1177): HWCSession::GetClientTargetProperty: GetClinetTargetProperty interface enter
04-03 06:31:43.030 E/ANDR-PERF-DATA-POOL( 1187): EventDataPool is Full
04-03 06:31:43.030 E/ANDR-PERF-MPCTL( 1187): perf request submission limit reached.
04-03 06:31:43.033 D/Zygote  ( 3857): Forked child process 20586
04-03 06:31:43.036 I/ActivityManager( 1984): Start proc 20586:com.google.android.webview:sandboxed_process0:org.chromium.content.app.SandboxedProcessService0:0/u0i124 for  {app.blearn.mobile/org.chromium.content.app.SandboxedProcessService0:0} caller=app.blearn.mobile
04-03 06:31:43.036 I/cr_CombinedPProvider(20543): #linkNativeInternal() 1
04-03 06:31:43.037 D/CompatibilityChangeReporter(20543): Compat change id reported: 183155436; UID 10569; state: ENABLED
04-03 06:31:43.037 I/cr_AppResProvider(20543): #getApplicationRestrictionsFromUserManager() Bundle[EMPTY_PARCEL]
04-03 06:31:43.038 I/cr_PolicyProvider(20543): #notifySettingsAvailable() 0
04-03 06:31:43.038 I/cr_CombinedPProvider(20543): #onSettingsAvailable() 0
04-03 06:31:43.038 I/cr_CombinedPProvider(20543): #flushPolicies()
04-03 06:31:43.038 E/SDM     ( 1177): HWCSession::GetClientTargetProperty: GetClinetTargetProperty interface enter
04-03 06:31:43.038 E/ANDR-PERF-DATA-POOL( 1187): EventDataPool is Full
04-03 06:31:43.038 E/ANDR-PERF-MPCTL( 1187): perf request submission limit reached.
04-03 06:31:43.040 I/MiuiNetworkPolicy( 1984): updateUidState uid = 10163, uidState = 3
04-03 06:31:43.042 I/BtGatt.ScanManager( 4948): msg.what = MSG_IMPORTANCE_CHANGE, msg.arg1 = IMPORTANCE_CHANGE
04-03 06:31:43.046 E/libc    (20586): SetHeapTaggingLevel: re-enabling tagging after it was disabled is not supported
04-03 06:31:43.046 E/SDM     ( 1177): HWCSession::GetClientTargetProperty: GetClinetTargetProperty interface enter
04-03 06:31:43.046 E/ANDR-PERF-DATA-POOL( 1187): EventDataPool is Full
04-03 06:31:43.046 E/ANDR-PERF-MPCTL( 1187): perf request submission limit reached.
04-03 06:31:43.051 I/ocessService0:0(20586): Using CollectorTypeCC GC.
04-03 06:31:43.051 D/BoundBrokerSvc(16219): onBind: Intent { act=com.google.android.gms.safetynet.service.START pkg=com.google.android.gms }
04-03 06:31:43.051 D/BoundBrokerSvc(16219): Loading bound service for intent: Intent { act=com.google.android.gms.safetynet.service.START pkg=com.google.android.gms }
04-03 06:31:43.054 E/SDM     ( 1177): HWCSession::GetClientTargetProperty: GetClinetTargetProperty interface enter
04-03 06:31:43.055 E/ANDR-PERF-DATA-POOL( 1187): EventDataPool is Full
04-03 06:31:43.055 E/ANDR-PERF-MPCTL( 1187): perf request submission limit reached.
04-03 06:31:43.060 D/nativeloader(20586): Load libframework-connectivity-tiramisu-jni.so using APEX ns com_android_tethering for caller /apex/com.android.tethering/javalib/framework-connectivity-t.jar: ok
04-03 06:31:43.063 E/SDM     ( 1177): HWCSession::GetClientTargetProperty: GetClinetTargetProperty interface enter
04-03 06:31:43.063 E/ANDR-PERF-DATA-POOL( 1187): EventDataPool is Full
04-03 06:31:43.063 E/ANDR-PERF-MPCTL( 1187): perf request submission limit reached.
04-03 06:31:43.065 I/MessageMonitor(20586): Load libmiui_runtime
04-03 06:31:43.062 W/re-initialized>(20586): type=1400 audit(0.0:68091): avc:  denied  { search } for  name="zram0" dev="sysfs" ino=60736 scontext=u:r:isolated_app:s0:c512,c768 tcontext=u:object_r:sysfs_zram:s0 tclass=dir permissive=0
04-03 06:31:43.068 E/ocessService0:0(20586): Can't find memory status under: /sys/block/zram0/
04-03 06:31:43.069 W/chromium(20543): [WARNING:net/dns/dns_config_service_android.cc:69] Failed to read DnsConfig.
04-03 06:31:43.071 E/SDM     ( 1177): HWCSession::GetClientTargetProperty: GetClinetTargetProperty interface enter
04-03 06:31:43.073 W/chromium(20543): [WARNING:android_webview/browser/network_service/net_helpers.cc:137] HTTP Cache size is: 20971520
04-03 06:31:43.073 E/ANDR-PERF-DATA-POOL( 1187): EventDataPool is Full
04-03 06:31:43.074 E/ANDR-PERF-MPCTL( 1187): perf request submission limit reached.
04-03 06:31:43.076 D/SymlinkUtils( 1984): attachApplication file op go pass: 1 ms
04-03 06:31:43.079 D/CompatibilityInfo( 1984): mCompatibilityFlags - 0
04-03 06:31:43.079 D/CompatibilityInfo( 1984): applicationDensity - 440
04-03 06:31:43.079 D/CompatibilityInfo( 1984): applicationScale - 1.0
04-03 06:31:43.080 E/SDM     ( 1177): HWCSession::GetClientTargetProperty: GetClinetTargetProperty interface enter
04-03 06:31:43.080 E/ANDR-PERF-DATA-POOL( 1187): EventDataPool is Full
04-03 06:31:43.080 E/ANDR-PERF-MPCTL( 1187): perf request submission limit reached.
04-03 06:31:43.088 E/SDM     ( 1177): HWCSession::GetClientTargetProperty: GetClinetTargetProperty interface enter
04-03 06:31:43.089 E/ANDR-PERF-DATA-POOL( 1187): EventDataPool is Full
04-03 06:31:43.089 E/ANDR-PERF-MPCTL( 1187): perf request submission limit reached.
04-03 06:31:43.091 I/MiuiNetworkPolicy( 1984): updateUidState uid = 99124, uidState = 3
04-03 06:31:43.093 E/MQSEventManagerDelegate(20586): failed to get MQSService.
04-03 06:31:43.093 W/ActivityThread(20586): registerApplicationScoutThread result:false
04-03 06:31:43.094 D/isUidValid( 1984): uid = 99124
04-03 06:31:43.095 D/MI-SF   ( 1305): mIsSupportAutomodeForMaxFpsSetting is 0(0), getCurrentBrightness() = 487(328), mIsKeepAutoMode 0
04-03 06:31:43.095 D/RefreshRateSelector( 1305): fixedMode_group: 0, isFindModeGroup 0
04-03 06:31:43.095 D/RefreshRateSelector( 1305): find max refresh rate:120, mode Group:0
04-03 06:31:43.096 I/HighMemoryManager(20586): High memory monitor not enabled
04-03 06:31:43.096 E/SDM     ( 1177): HWCSession::GetClientTargetProperty: GetClinetTargetProperty interface enter
04-03 06:31:43.097 E/ANDR-PERF-DATA-POOL( 1187): EventDataPool is Full
04-03 06:31:43.097 E/ANDR-PERF-MPCTL( 1187): perf request submission limit reached.
04-03 06:31:43.098 D/CompatibilityChangeReporter(20586): Compat change id reported: 171979766; UID 99124; state: ENABLED
04-03 06:31:43.099 D/CompatibilityChangeReporter(20586): Compat change id reported: 242716250; UID 99124; state: ENABLED
04-03 06:31:43.099 I/ClipboardServiceI( 1984): checkProviderWakePathForClipboard: primaryClip is null
04-03 06:31:43.104 D/CompatibilityChangeReporter(20543): Compat change id reported: 214741472; UID 10569; state: ENABLED
04-03 06:31:43.105 E/SDM     ( 1177): HWCSession::GetClientTargetProperty: GetClinetTargetProperty interface enter
04-03 06:31:43.106 E/ANDR-PERF-DATA-POOL( 1187): EventDataPool is Full
04-03 06:31:43.106 E/ANDR-PERF-MPCTL( 1187): perf request submission limit reached.
04-03 06:31:43.112 D/BoundBrokerSvc(16219): onBind: Intent { act=com.google.android.gms.safebrowsing.SafeBrowsingService.START dat=chimera-action:/... cmp=com.google.android.gms/.chimera.GmsBoundBrokerService }
04-03 06:31:43.112 D/BoundBrokerSvc(16219): Loading bound service for intent: Intent { act=com.google.android.gms.safebrowsing.SafeBrowsingService.START dat=chimera-action:/... cmp=com.google.android.gms/.chimera.GmsBoundBrokerService }
04-03 06:31:43.113 E/SDM     ( 1177): HWCSession::GetClientTargetProperty: GetClinetTargetProperty interface enter
04-03 06:31:43.113 E/ANDR-PERF-DATA-POOL( 1187): EventDataPool is Full
04-03 06:31:43.113 E/ANDR-PERF-MPCTL( 1187): perf request submission limit reached.
04-03 06:31:43.114 D/CompatibilityChangeReporter(20543): Compat change id reported: 171228096; UID 10569; state: ENABLED
04-03 06:31:43.114 I/ExtM    ( 1984): zram userate is low, no need to flush: 34
04-03 06:31:43.120 D/ApplicationLoaders(20586): Returning zygote-cached class loader: /system/framework/android.test.base.jar
04-03 06:31:43.121 E/SDM     ( 1177): HWCSession::GetClientTargetProperty: GetClinetTargetProperty interface enter
04-03 06:31:43.121 E/ANDR-PERF-DATA-POOL( 1187): EventDataPool is Full
04-03 06:31:43.121 E/ANDR-PERF-MPCTL( 1187): perf request submission limit reached.
04-03 06:31:43.124 E/ForceDarkHelperStubImpl(20586): getForceDarkOriginState transact failed , mService: null
04-03 06:31:43.124 I/ForceDarkHelperStubImpl(20586): initialize for app.blearn.mobile , ForceDarkOrigin
04-03 06:31:43.125 D/nativeloader(20586): Load libforcedarkimpl.so using system ns (caller=/system_ext/framework/miui-framework.jar): ok
04-03 06:31:43.126 D/OpenGLRenderer(20586): JNI_OnLoad success
04-03 06:31:43.126 I/MiuiForceDarkConfig(20586): setConfig density:2.750000, mainRule:0, secondaryRule:0, tertiaryRule:0
04-03 06:31:43.128 I/cr_WebViewApkApp(20586): version=146.0.7680.164 (768016403) minSdkVersion=29 processName=com.google.android.webview:sandboxed_process0:org.chromium.content.app.SandboxedProcessService0:0 splits=<none>
04-03 06:31:43.129 I/ActivityManager( 1984): Flag disabled. Ignoring finishAttachApplication from uid: 99124. pid: 20586
04-03 06:31:43.130 E/SDM     ( 1177): HWCSession::GetClientTargetProperty: GetClinetTargetProperty interface enter
04-03 06:31:43.131 E/ANDR-PERF-DATA-POOL( 1187): EventDataPool is Full
04-03 06:31:43.131 E/ANDR-PERF-MPCTL( 1187): perf request submission limit reached.
04-03 06:31:43.134 W/SystemServiceRegistry(20586): No service published for: virtualdevice
04-03 06:31:43.134 I/cr_ChildProcessService(20586): Creating new ChildProcessService pid=20586
04-03 06:31:43.138 E/SDM     ( 1177): HWCSession::GetClientTargetProperty: GetClinetTargetProperty interface enter
04-03 06:31:43.139 E/ANDR-PERF-DATA-POOL( 1187): EventDataPool is Full
04-03 06:31:43.139 E/ANDR-PERF-MPCTL( 1187): perf request submission limit reached.
04-03 06:31:43.142 E/SurfaceComposerClient( 3986): SurfaceComposerClient::Transaction::setAlpha: invalid alpha 1.000010, clamping
04-03 06:31:43.146 E/SDM     ( 1177): HWCSession::GetClientTargetProperty: GetClinetTargetProperty interface enter
04-03 06:31:43.146 E/ANDR-PERF-DATA-POOL( 1187): EventDataPool is Full
04-03 06:31:43.146 E/ANDR-PERF-MPCTL( 1187): perf request submission limit reached.
04-03 06:31:43.150 E/SurfaceComposerClient( 3986): SurfaceComposerClient::Transaction::setAlpha: invalid alpha 1.000033, clamping
04-03 06:31:43.154 E/SDM     ( 1177): HWCSession::GetClientTargetProperty: GetClinetTargetProperty interface enter
04-03 06:31:43.154 E/ANDR-PERF-DATA-POOL( 1187): EventDataPool is Full
04-03 06:31:43.154 E/ANDR-PERF-MPCTL( 1187): perf request submission limit reached.
04-03 06:31:43.159 E/SurfaceComposerClient( 3986): SurfaceComposerClient::Transaction::setAlpha: invalid alpha 1.000047, clamping
04-03 06:31:43.159 D/Capacitor(20543): Starting BridgeActivity
04-03 06:31:43.163 E/SDM     ( 1177): HWCSession::GetClientTargetProperty: GetClinetTargetProperty interface enter
04-03 06:31:43.163 E/ANDR-PERF-DATA-POOL( 1187): EventDataPool is Full
04-03 06:31:43.163 E/ANDR-PERF-MPCTL( 1187): perf request submission limit reached.
04-03 06:31:43.167 E/SurfaceComposerClient( 3986): SurfaceComposerClient::Transaction::setAlpha: invalid alpha 1.000057, clamping
04-03 06:31:43.171 E/SDM     ( 1177): HWCSession::GetClientTargetProperty: GetClinetTargetProperty interface enter
04-03 06:31:43.171 E/ANDR-PERF-DATA-POOL( 1187): EventDataPool is Full
04-03 06:31:43.171 E/ANDR-PERF-MPCTL( 1187): perf request submission limit reached.
04-03 06:31:43.175 E/SurfaceComposerClient( 3986): SurfaceComposerClient::Transaction::setAlpha: invalid alpha 1.000064, clamping
04-03 06:31:43.177 E/SurfaceComposerClient( 3986): SurfaceComposerClient::Transaction::setAlpha: invalid alpha 1.000064, clamping
04-03 06:31:43.178 D/SoScUtils( 3986): monitorTransitionFinished transition:android.os.BinderProxy@c2444b0 transaction: android.view.SurfaceControl$Transaction@364245b mRequestCloseTransition:null mRequestOpenTransition:null mPairsOpenTransition:null mPairsOpenTransitionNull:null mRequestOpenTriggerTask:-1 mRequestCloseTriggerTask:-1 mOrientationTransition: null mMainStartingTask:-1 mSideStartingTask:-1
04-03 06:31:43.179 D/Capacitor(20543): Registering plugin instance: CapacitorCookies
04-03 06:31:43.180 E/SDM     ( 1177): HWCSession::GetClientTargetProperty: GetClinetTargetProperty interface enter
04-03 06:31:43.180 E/ANDR-PERF-DATA-POOL( 1187): EventDataPool is Full
04-03 06:31:43.180 E/ANDR-PERF-MPCTL( 1187): perf request submission limit reached.
04-03 06:31:43.183 D/Capacitor(20543): Registering plugin instance: WebView
04-03 06:31:43.183 I/Transition( 1984): finishTransition: updateLastSurfacePosition tf=Task{cb20b0e #13909 type=standard A=10569:app.blearn.mobile}
04-03 06:31:43.183 I/MiuiWallpaper-MiuiKeyguardPictorialWallpaper( 3766): onVisibilityChanged, visible = false
04-03 06:31:43.184 D/Capacitor(20543): Registering plugin instance: CapacitorHttp
04-03 06:31:43.185 W/VsyncModulator( 1305): setTransactionSchedule: Unexpected EarlyEnd
04-03 06:31:43.185 I/MiuiWallpaper-ImageWallpaper( 3766): onVisibilityChanged, visible = false
04-03 06:31:43.186 D/Capacitor(20543): Registering plugin instance: SystemBars
04-03 06:31:43.188 D/Capacitor(20543): Registering plugin instance: ScreenTime
04-03 06:31:43.189 D/MiuiFullScreenTaskRepository( 3986): setFocusedTask taskId=13909, displayId=0, topActivity=ComponentInfo{app.blearn.mobile/app.blearn.mobile.MainActivity}
04-03 06:31:43.189 D/MiuiFullScreenTaskRepository( 3986): addOrUpdateFullScreenTaskInfo taskId=13909, topActivity=ComponentInfo{app.blearn.mobile/app.blearn.mobile.MainActivity}
04-03 06:31:43.189 D/MiuiDesktopModeController( 3986): onFocusTaskChanged newFocus: TaskInfo{userId=0 taskId=13909 displayId=0 isRunning=true baseIntent=Intent { act=android.intent.action.MAIN cat=[android.intent.category.LAUNCHER] flg=0x10200000 cmp=app.blearn.mobile/.MainActivity } baseActivity=ComponentInfo{app.blearn.mobile/app.blearn.mobile.MainActivity} topActivity=ComponentInfo{app.blearn.mobile/app.blearn.mobile.MainActivity} origActivity=null realActivity=ComponentInfo{app.blearn.mobile/app.blearn.mobile.MainActivity} numActivities=1 lastActiveTime=131474820 supportsSplitScreenMultiWindow=true supportsMultiWindow=true resizeMode=1 isResizeable=true minWidth=-1 minHeight=-1 defaultMinSize=200 token=WCT{android.window.IWindowContainerToken$Stub$Proxy@e1964f8} topActivityType=1 pictureInPictureParams=null shouldDockBigOverlays=false launchIntoPipHostTaskId=-1 lastParentTaskIdBeforePip=-1 displayCutoutSafeInsets=Rect(0, 94 - 0, 0) topActivityInfo=ActivityInfo{d63bdd1 app.blearn.mobile.MainActivity} launchCookies=[] positionInParent=Point(0, 0) parentTaskId=-1 isFocused=true isVisible=true isVisibleRequested=true isSleeping=false topActivityInSizeCompat=false topActivityInMiuiSizeCompat=false topActivityEligibleForLetterboxEducation= false topActivityLetterboxed= false isFromDoubleTap= false topActivityLetterboxVerticalPosition= -1 topActivityLetterboxHorizontalPosition= -1 topActivityLetterboxWidth=-1 topActivityLetterboxHeight=-1 locusId=null displayAreaFeatureId=1 cameraCompatControlState=hidden mIsCastMode=false mTopActivityMediaSize=null mTopActivityRecordName=ActivityRecord{1741e10 u0 app.blearn.mobile/.MainActivity t13909} mTopActivityOrientation=-1 mTopActivityWindowIsNowVisible=false isTranslucent=false isEmbedded=false shouldBeVisible=true isImmersive=false mBehindAppLockPkg=null mOriginatingUid=0}
04-03 06:31:43.189 D/MiuiFreeformModeController( 3986): onFocusTaskChanged taskInfo: TaskInfo{userId=0 taskId=13909 displayId=0 isRunning=true baseIntent=Intent { act=android.intent.action.MAIN cat=[android.intent.category.LAUNCHER] flg=0x10200000 cmp=app.blearn.mobile/.MainActivity } baseActivity=ComponentInfo{app.blearn.mobile/app.blearn.mobile.MainActivity} topActivity=ComponentInfo{app.blearn.mobile/app.blearn.mobile.MainActivity} origActivity=null realActivity=ComponentInfo{app.blearn.mobile/app.blearn.mobile.MainActivity} numActivities=1 lastActiveTime=131474820 supportsSplitScreenMultiWindow=true supportsMultiWindow=true resizeMode=1 isResizeable=true minWidth=-1 minHeight=-1 defaultMinSize=200 token=WCT{android.window.IWindowContainerToken$Stub$Proxy@e1964f8} topActivityType=1 pictureInPictureParams=null shouldDockBigOverlays=false launchIntoPipHostTaskId=-1 lastParentTaskIdBeforePip=-1 displayCutoutSafeInsets=Rect(0, 94 - 0, 0) topActivityInfo=ActivityInfo{d63bdd1 app.blearn.mobile.MainActivity} launchCookies=[] positionInParent=Point(0, 0) parentTaskId=-1 isFocused=true isVisible=true isVisibleRequested=true isSleeping=false topActivityInSizeCompat=false topActivityInMiuiSizeCompat=false topActivityEligibleForLetterboxEducation= false topActivityLetterboxed= false isFromDoubleTap= false topActivityLetterboxVerticalPosition= -1 topActivityLetterboxHorizontalPosition= -1 topActivityLetterboxWidth=-1 topActivityLetterboxHeight=-1 locusId=null displayAreaFeatureId=1 cameraCompatControlState=hidden mIsCastMode=false mTopActivityMediaSize=null mTopActivityRecordName=ActivityRecord{1741e10 u0 app.blearn.mobile/.MainActivity t13909} mTopActivityOrientation=-1 mTopActivityWindowIsNowVisible=false isTranslucent=false isEmbedded=false shouldBeVisible=true isImmersive=false mBehindAppLockPkg=null mOriginatingUid=0}
04-03 06:31:43.189 D/MiuiFullScreenTaskRepository( 3986): addOrUpdateFullScreenTaskInfo taskId=1, topActivity=ComponentInfo{com.mi.android.globallauncher/com.miui.home.launcher.Launcher}
04-03 06:31:43.192 D/Capacitor(20543): Registering plugin instance: SocialLogin
04-03 06:31:43.209 I/BpBinder( 1305): onLastStrongRef automatically unlinking death recipients: 
04-03 06:31:43.213 W/Capacitor(20543): Unable to read file at path public/plugins
04-03 06:31:43.217 D/Capacitor(20543): Loading app at https://localhost
04-03 06:31:43.220 D/MI-SF   ( 1305): mIsSupportAutomodeForMaxFpsSetting is 0(0), getCurrentBrightness() = 487(328), mIsKeepAutoMode 0
04-03 06:31:43.220 D/RefreshRateSelector( 1305): fixedMode_group: 0, isFindModeGroup 0
04-03 06:31:43.220 D/RefreshRateSelector( 1305): find max refresh rate:120, mode Group:0
04-03 06:31:43.233 W/cr_media(20543): BLUETOOTH_CONNECT permission is missing.
04-03 06:31:43.235 W/cr_media(20543): getBluetoothAdapter() requires BLUETOOTH permission
04-03 06:31:43.235 W/cr_media(20543): registerBluetoothIntentsIfNeeded: Requires BLUETOOTH permission
04-03 06:31:43.241 I/cr_LibraryLoader(20586): Successfully loaded native library
04-03 06:31:43.244 I/cr_CachingUmaRecorder(20586): Flushed 2 samples from 2 histograms, 0 samples were dropped.
04-03 06:31:43.244 D/Capacitor(20543): Handling local request: https://localhost/
04-03 06:31:43.245 W/chromium(20586): [WARNING:content/app/android/content_main_android.cc:82] android_setCpu already initialized
04-03 06:31:43.252 W/AidlConversionCppNdk( 1266): legacy2aidl_audio_channel_mask_t_AudioChannelLayout: no AudioChannelLayout found for legacy output audio_channel_mask_t value 0x10
04-03 06:31:43.253 W/AidlConversionCppNdk(20543): aidl2legacy_AudioChannelLayout_audio_channel_mask_t: no legacy output audio_channel_mask_t found for AudioChannelLayout{layoutMask: 16}
04-03 06:31:43.255 D/Capacitor(20543): App started
04-03 06:31:43.257 I/AdrenoVK-0(20543): ===== BEGIN DUMP OF OVERRIDDEN SETTINGS =====
04-03 06:31:43.257 I/AdrenoVK-0(20543): ===== END DUMP OF OVERRIDDEN SETTINGS =====
04-03 06:31:43.257 I/AdrenoVK-0(20543): QUALCOMM build          : 4bbe300fc3, Ie69fc1c69b
04-03 06:31:43.257 I/AdrenoVK-0(20543): Build Date              : 05/19/25
04-03 06:31:43.257 I/AdrenoVK-0(20543): Shader Compiler Version : EV031.35.01.12
04-03 06:31:43.257 I/AdrenoVK-0(20543): Local Branch            : 
04-03 06:31:43.257 I/AdrenoVK-0(20543): Remote Branch           : refs/tags/AU_LINUX_ANDROID_LA.UM.9.14.11.00.00.571.148
04-03 06:31:43.257 I/AdrenoVK-0(20543): Remote Branch           : NONE
04-03 06:31:43.257 I/AdrenoVK-0(20543): Reconstruct Branch      : NOTHING
04-03 06:31:43.257 I/AdrenoVK-0(20543): Build Config            : S P 10.0.7 AArch64
04-03 06:31:43.257 I/AdrenoVK-0(20543): Driver Path             : /vendor/lib64/hw/vulkan.adreno.so
04-03 06:31:43.266 D/Capacitor(20543): App resumed
04-03 06:31:43.272 W/OpenGLRenderer( 3766): Surface doesn't have any previously queued frames, nothing to readback from
04-03 06:31:43.272 W/chromium(20586): [WARNING:content/child/runtime_features.cc:563] Fenced frames cannot be enabled in this configuration. Use --enable-features=FencedFrames instead.
04-03 06:31:43.273 W/chromium(20586): [WARNING:content/child/runtime_features.cc:588] Topics cannot be enabled in this configuration. Use --enable-features=BrowsingTopics in addition.
04-03 06:31:43.273 W/chromium(20586): [WARNING:content/child/runtime_features.cc:609] SharedStorage cannot be enabled in this configuration. Use --enable-features=SharedStorageAPI in addition.
04-03 06:31:43.276 W/OpenGLRenderer( 3766): Surface doesn't have any previously queued frames, nothing to readback from
04-03 06:31:43.286 D/BlearnMainActivity(20543): MainActivity onResume without pending navigation
04-03 06:31:43.292 I/ClipboardServiceI( 1984): checkProviderWakePathForClipboard: primaryClip is null
04-03 06:31:43.295 I/FontLog (16129): (REDACTED) Received query %s, URI %s
04-03 06:31:43.296 I/FontLog (16129): (REDACTED) Query [%s] resolved to %s
04-03 06:31:43.296 D/CompatibilityChangeReporter(20543): Compat change id reported: 237531167; UID 10569; state: DISABLED
04-03 06:31:43.299 I/FontLog (16129): (REDACTED) Font PFD returned from cache for %s
04-03 06:31:43.299 I/FontLog (16129): (REDACTED) Fetch %s end status %s
04-03 06:31:43.302 D/FramePredict(20543): FramePredict init: false
04-03 06:31:43.303 D/FramePredict(20543): init success
04-03 06:31:43.305 W/ActivityManager( 1984): Permission Denial: getCurrentUser() from pid=20543, uid=10569 requires android.permission.INTERACT_ACROSS_USERS
04-03 06:31:43.306 I/FontLog (16129): (REDACTED) Pulling font file for id = %d, cache size = %d
04-03 06:31:43.307 E/FramePredict(20543): registerContentObserver fail
04-03 06:31:43.313 I/FontLog (16129): (REDACTED) Received query %s, URI %s
04-03 06:31:43.314 I/FontLog (16129): (REDACTED) Query [%s] resolved to %s
04-03 06:31:43.317 I/ForceDarkHelperStubImpl(20543): setViewRootImplForceDark: false for app.blearn.mobile.MainActivity@6c03b8d, reason: AppDarkModeEnable
04-03 06:31:43.323 I/FontLog (16129): (REDACTED) Fetch %s end status %s
04-03 06:31:43.325 I/FontLog (16129): (REDACTED) Pulling font file for id = %d, cache size = %d
04-03 06:31:43.330 I/FontLog (16129): (REDACTED) Received query %s, URI %s
04-03 06:31:43.330 E/FileUtils(20543): err write to mi_exception_log
04-03 06:31:43.331 I/FontLog (16129): (REDACTED) Query [%s] resolved to %s
04-03 06:31:43.331 D/MiuiFreeformModeObserver( 3986): activityResumed() intent： Intent { cmp=app.blearn.mobile/.MainActivity (has extras) }
04-03 06:31:43.332 D/RecentsImpl( 4042): mActivityStateObserver app.blearn.mobile.MainActivity
04-03 06:31:43.332 I/FontLog (16129): (REDACTED) Font PFD returned from cache for %s
04-03 06:31:43.332 I/FontLog (16129): (REDACTED) Fetch %s end status %s
04-03 06:31:43.333 W/RecentsImpl( 4042): onResumed className=app.blearn.mobile.MainActivity   mIsInAnotherPro=false   isKeyguardLocked=false   mIsStatusBarExpansion=false   mSecuritySpaceGuideShown=false
04-03 06:31:43.338 E/vendor.qti.hardware.perf@2.2-service( 1187): Unknown params
04-03 06:31:43.338 E/ANDR-PERF-DATA-POOL( 1187): EventDataPool is Full
04-03 06:31:43.338 E/ANDR-PERF-MPCTL( 1187): perf request submission limit reached.
04-03 06:31:43.342 I/FontLog (16129): (REDACTED) Pulling font file for id = %d, cache size = %d
04-03 06:31:43.350 I/FontLog (16129): (REDACTED) Received query %s, URI %s
04-03 06:31:43.350 I/FontLog (16129): (REDACTED) Query [%s] resolved to %s
04-03 06:31:43.351 I/CameraManagerGlobal(20543): Connecting to camera service
04-03 06:31:43.352 I/FontLog (16129): (REDACTED) Font PFD returned from cache for %s
04-03 06:31:43.352 I/FontLog (16129): (REDACTED) Fetch %s end status %s
04-03 06:31:43.356 I/FontLog (16129): (REDACTED) Pulling font file for id = %d, cache size = %d
04-03 06:31:43.359 E/FileUtils(20543): err write to mi_exception_log
04-03 06:31:43.362 I/Choreographer(20543): Skipped 62 frames!  The application may be doing too much work on its main thread.
04-03 06:31:43.365 I/FontLog (16129): (REDACTED) Received query %s, URI %s
04-03 06:31:43.365 I/FontLog (16129): (REDACTED) Query [%s] resolved to %s
04-03 06:31:43.366 I/FontLog (16129): (REDACTED) Font PFD returned from cache for %s
04-03 06:31:43.366 I/FontLog (16129): (REDACTED) Fetch %s end status %s
04-03 06:31:43.368 I/FontLog (16129): (REDACTED) Pulling font file for id = %d, cache size = %d
04-03 06:31:43.369 D/CompatibilityChangeReporter(20543): Compat change id reported: 193247900; UID 10569; state: ENABLED
04-03 06:31:43.372 W/System  ( 1984): A resource failed to call release. 
04-03 06:31:43.372 W/System  ( 1984): A resource failed to call HardwareBuffer.close. 
04-03 06:31:43.372 W/System  ( 1984): A resource failed to call HardwareBuffer.close. 
04-03 06:31:43.373 D/CoreBackPreview( 1984): Window{80ffea u0 app.blearn.mobile/app.blearn.mobile.MainActivity}: Setting back callback OnBackInvokedCallbackInfo{mCallback=android.window.IOnBackInvokedCallback$Stub$Proxy@7735790, mPriority=0, mIsAnimationCallback=false}
04-03 06:31:43.373 D/HighMemoryManager( 1984): Java Memory used=100M max=512M. is system: true
04-03 06:31:43.373 V/HighMemoryManager( 1984): Check mem usage finished! Next check delay: 0
04-03 06:31:43.375 D/CameraExtStub(20543): init android.hardware.camera2.impl.CameraExtImplXiaoMi
04-03 06:31:43.376 D/CameraInjector(20543): waitForResult: 
04-03 06:31:43.378 D/CameraInjector(20543): updateCloudCameraControllerInfoAsync: E
04-03 06:31:43.380 I/whetstone.activity( 1984): Power Event callback listener is empty for resId=32
04-03 06:31:43.380 D/BatteryStatsManagerStub( 1984): notifyEvent for resId=32 used 0ms
04-03 06:31:43.380 I/WindowManager( 1984): cancelAnimation removed leash : Surface(name=Surface(name=b2cef68 NavigationBar0#90)/@0xb959a14 - animation-leash of insets_animation#7640)/@0xe5c9fb1
04-03 06:31:43.381 I/WindowManager( 1984): cancelAnimation removed leash : Surface(name=Surface(name=8ce5fd0 StatusBar#96)/@0xc81a8fc - animation-leash of insets_animation#7641)/@0xfec1017
04-03 06:31:43.381 I/MiuiNetworkPolicy( 1984): updateUidState uid = 10087, uidState = 3
04-03 06:31:43.382 D/WindowManager( 1984): wms.Input focus has changed to Window{80ffea u0 app.blearn.mobile/app.blearn.mobile.MainActivity} display=0 updateInputWindows = true
04-03 06:31:43.382 I/MultiSenceManagerInternalStub( 1984): getInstance
04-03 06:31:43.383 I/ClipboardServiceI( 1984): checkProviderWakePathForClipboard: primaryClip is null
04-03 06:31:43.385 D/CAM_MiviInfoContentProvider(20128): METHOD_CAMERA_CONTROLLER_INFO: E
04-03 06:31:43.385 D/CAM_MIVIHelper(20128): getStringFromLocalFile E >> /data/user/0/com.android.camera/cache/mivi_info.json
04-03 06:31:43.385 D/CAM_MIVIHelper(20128): getStringFromLocalFile: X return null
04-03 06:31:43.385 D/CAM_ConfMIVIRequest(20128): getCloudDataObject: START >>
04-03 06:31:43.387 I/efti    (31918): (REDACTED) appOpsListener %s %s
04-03 06:31:43.387 I/efti    (31918): (REDACTED) Ignoring irrelevant audio permission changes for package %s
04-03 06:31:43.387 I/ClipboardServiceI( 1984): checkProviderWakePathForClipboard: primaryClip is null
04-03 06:31:43.390 D/isUidValid( 1984): uid = 10087
04-03 06:31:43.394 I/htmlviewercloudcontrol( 6213): isStagingEnv:false param =  camera_framework  uriMatch = 1, cluster: global, version: 529533, traceId: 8ddac1720ed110849e2c2301f200cbff, regId: 
04-03 06:31:43.395 D/Capacitor(20543): Handling local request: https://localhost/assets/index-QunuKu0i.js
04-03 06:31:43.396 D/Capacitor(20543): Handling local request: https://localhost/assets/capacitor-Dzn3_rKv.js
04-03 06:31:43.397 W/libc    (20543): Access denied finding property "vendor.display.enable_optimal_refresh_rate"
04-03 06:31:43.398 I/MiuiNetworkPolicy( 1984): updateUidState uid = 10109, uidState = 5
04-03 06:31:43.398 D/Capacitor(20543): Handling local request: https://localhost/assets/vendor-misc-BAv9sS3k.js
04-03 06:31:43.398 D/isUidValid( 1984): uid = 10109
04-03 06:31:43.400 I/htmlviewercloudcontrol( 6213): isStagingEnv:false param =  camera_v4  uriMatch = 2, cluster: global, version: 529533, traceId: 8ddac1720ed110849e2c2301f200cbff, regId: 
04-03 06:31:43.402 D/Capacitor(20543): Handling local request: https://localhost/assets/theme-qHT6E6VE.js
04-03 06:31:43.402 D/CAM_MiviInfoContentProvider(20128): getCameraControllerInfo: null
04-03 06:31:43.402 D/CAM_MiviInfoContentProvider(20128): METHOD_CAMERA_CONTROLLER_INFO: X
04-03 06:31:43.402 D/CameraInjector(20543): updateCloudCameraControllerInfoAsync: X
04-03 06:31:43.403 W/libc    (20543): Access denied finding property "vendor.camera.aux.packagelist"
04-03 06:31:43.403 W/libc    (20543): Access denied finding property "vendor.camera.aux.packagelistext"
04-03 06:31:43.403 W/CameraExtImplXiaoMi(20543): ignore the status update of camera: 2
04-03 06:31:43.403 D/CameraInjector(20543): updateCloudCameraControllerInfoAsync: has aleardy start update task.
04-03 06:31:43.403 D/CameraInjector(20543): waitForResult: 
04-03 06:31:43.403 W/libc    (20543): Access denied finding property "vendor.camera.aux.packagelist"
04-03 06:31:43.403 W/libc    (20543): Access denied finding property "vendor.camera.aux.packagelistext"
04-03 06:31:43.403 W/CameraExtImplXiaoMi(20543): ignore the status update of camera: 3
04-03 06:31:43.403 D/CameraInjector(20543): updateCloudCameraControllerInfoAsync: has aleardy start update task.
04-03 06:31:43.403 D/CameraInjector(20543): waitForResult: 
04-03 06:31:43.403 W/libc    (20543): Access denied finding property "vendor.camera.aux.packagelist"
04-03 06:31:43.403 W/libc    (20543): Access denied finding property "vendor.camera.aux.packagelistext"
04-03 06:31:43.403 D/Capacitor(20543): Handling local request: https://localhost/assets/index-BvuY_Zeg.css
04-03 06:31:43.403 W/CameraExtImplXiaoMi(20543): ignore the status update of camera: 4
04-03 06:31:43.403 D/CameraInjector(20543): updateCloudCameraControllerInfoAsync: has aleardy start update task.
04-03 06:31:43.403 D/CameraInjector(20543): waitForResult: 
04-03 06:31:43.403 W/libc    (20543): Access denied finding property "vendor.camera.aux.packagelist"
04-03 06:31:43.403 W/libc    (20543): Access denied finding property "vendor.camera.aux.packagelistext"
04-03 06:31:43.403 W/CameraExtImplXiaoMi(20543): ignore the status update of camera: 5
04-03 06:31:43.403 D/CameraInjector(20543): updateCloudCameraControllerInfoAsync: has aleardy start update task.
04-03 06:31:43.403 D/CameraInjector(20543): waitForResult: 
04-03 06:31:43.403 W/libc    (20543): Access denied finding property "vendor.camera.aux.packagelist"
04-03 06:31:43.403 W/libc    (20543): Access denied finding property "vendor.camera.aux.packagelistext"
04-03 06:31:43.403 W/CameraExtImplXiaoMi(20543): ignore the status update of camera: 6
04-03 06:31:43.404 D/CameraInjector(20543): updateCloudCameraControllerInfoAsync: has aleardy start update task.
04-03 06:31:43.404 D/CameraInjector(20543): waitForResult: 
04-03 06:31:43.404 W/libc    (20543): Access denied finding property "vendor.camera.aux.packagelist"
04-03 06:31:43.404 W/libc    (20543): Access denied finding property "vendor.camera.aux.packagelistext"
04-03 06:31:43.404 W/CameraExtImplXiaoMi(20543): ignore the status update of camera: 7
04-03 06:31:43.406 D/VRI[MainActivity](20543): vri.reportNextDraw android.view.ViewRootImpl.performTraversals:4411 android.view.ViewRootImpl.doTraversal:3040 android.view.ViewRootImpl$TraversalRunnable.run:10429 android.view.Choreographer$CallbackRecord.run:1654 android.view.Choreographer$CallbackRecord.run:1663 
04-03 06:31:43.407 D/CameraInjector(20543): updateCloudCameraControllerInfoAsync: has aleardy start update task.
04-03 06:31:43.407 D/CameraInjector(20543): waitForResult: 
04-03 06:31:43.407 D/VRI[MainActivity](20543): vri.Setup new sync=wmsSync-VRI[MainActivity]#0
04-03 06:31:43.407 W/libc    (20543): Access denied finding property "vendor.camera.aux.packagelist"
04-03 06:31:43.407 W/libc    (20543): Access denied finding property "vendor.camera.aux.packagelistext"
04-03 06:31:43.407 W/CameraManagerGlobal(20543): ignore the torch status update of camera: 2
04-03 06:31:43.407 D/CameraInjector(20543): updateCloudCameraControllerInfoAsync: has aleardy start update task.
04-03 06:31:43.408 D/CameraInjector(20543): waitForResult: 
04-03 06:31:43.408 W/libc    (20543): Access denied finding property "vendor.camera.aux.packagelist"
04-03 06:31:43.408 W/libc    (20543): Access denied finding property "vendor.camera.aux.packagelistext"
04-03 06:31:43.408 W/CameraManagerGlobal(20543): ignore the torch status update of camera: 3
04-03 06:31:43.408 D/CameraInjector(20543): updateCloudCameraControllerInfoAsync: has aleardy start update task.
04-03 06:31:43.408 D/CameraInjector(20543): waitForResult: 
04-03 06:31:43.409 D/MI-SF   ( 1305): addDolbyVisionHdr enter hdrTypes 2
04-03 06:31:43.409 D/MI-SF   ( 1305): debug.config.media.video.dolby_vision_suports == true
04-03 06:31:43.409 D/MI-SF   ( 1305): addDolbyVisionHdr enter hdrTypes 2
04-03 06:31:43.409 D/MI-SF   ( 1305): debug.config.media.video.dolby_vision_suports == true
04-03 06:31:43.409 D/MI-SF   ( 1305): addDolbyVisionHdr enter hdrTypes 2
04-03 06:31:43.409 D/MI-SF   ( 1305): debug.config.media.video.dolby_vision_suports == true
04-03 06:31:43.409 D/MI-SF   ( 1305): addDolbyVisionHdr enter hdrTypes 2
04-03 06:31:43.409 D/MI-SF   ( 1305): debug.config.media.video.dolby_vision_suports == true
04-03 06:31:43.410 W/libc    (20543): Access denied finding property "vendor.camera.aux.packagelist"
04-03 06:31:43.410 W/libc    (20543): Access denied finding property "vendor.camera.aux.packagelistext"
04-03 06:31:43.410 W/CameraManagerGlobal(20543): ignore the torch status update of camera: 4
04-03 06:31:43.411 D/CameraInjector(20543): updateCloudCameraControllerInfoAsync: has aleardy start update task.
04-03 06:31:43.411 D/CameraInjector(20543): waitForResult: 
04-03 06:31:43.411 W/libc    (20543): Access denied finding property "vendor.camera.aux.packagelist"
04-03 06:31:43.411 W/libc    (20543): Access denied finding property "vendor.camera.aux.packagelistext"
04-03 06:31:43.411 W/CameraManagerGlobal(20543): ignore the torch status update of camera: 5
04-03 06:31:43.411 D/CameraInjector(20543): updateCloudCameraControllerInfoAsync: has aleardy start update task.
04-03 06:31:43.411 D/CameraInjector(20543): waitForResult: 
04-03 06:31:43.412 W/libc    (20543): Access denied finding property "vendor.camera.aux.packagelist"
04-03 06:31:43.412 W/libc    (20543): Access denied finding property "vendor.camera.aux.packagelistext"
04-03 06:31:43.412 W/CameraManagerGlobal(20543): ignore the torch status update of camera: 6
04-03 06:31:43.413 E/OpenGLRenderer(20543): Unable to match the desired swap behavior.
04-03 06:31:43.419 D/OpenGLRenderer(20543): makeCurrent grContext:0xb400007691840660 reset mTextureAvailable
04-03 06:31:43.423 D/p.blearn.mobile(20543): MiuiProcessManagerServiceStub setSchedFifo
04-03 06:31:43.423 I/MiuiProcessManagerImpl(20543): setSchedFifo pid:20543, mode:3
04-03 06:31:43.442 W/VideoCapabilities(20543): Unrecognized profile/level 0/3 for video/mpeg2
04-03 06:31:43.443 W/VideoCapabilities(20543): Unrecognized profile/level 0/3 for video/mpeg2
04-03 06:31:43.451 W/VideoCapabilities(20543): Unsupported mime image/vnd.android.heic
04-03 06:31:43.452 W/VideoCapabilities(20543): Unsupported mime image/vnd.android.heic
04-03 06:31:43.454 W/VideoCapabilities(20543): Unsupported mime video/dolby-vision
04-03 06:31:43.455 W/VideoCapabilities(20543): Unsupported mime video/dolby-vision
04-03 06:31:43.456 E/LB      (20543): fail to open node: No such file or directory
04-03 06:31:43.457 D/VRI[MainActivity](20543): vri.reportDrawFinished
04-03 06:31:43.458 E/FileUtils(20543): err write to mi_exception_log
04-03 06:31:43.458 D/WindowManager( 1984): wms.finishDrawingLocked: mDrawState=COMMIT_DRAW_PENDING Window{80ffea u0 app.blearn.mobile/app.blearn.mobile.MainActivity} in Surface(name=app.blearn.mobile/app.blearn.mobile.MainActivity#7644)/@0xa2a5889
04-03 06:31:43.458 E/FileUtils(20543): err write to mi_exception_log
04-03 06:31:43.462 D/TaskSnapshot_Helper( 1984): shouldDelay()... Not launched by home, no delay needed.
04-03 06:31:43.462 W/Layer   ( 1305): gatherBufferInfo: Received unknown dataspace from gralloc
04-03 06:31:43.465 I/WindowManager( 1984): wms.showSurfaceRobustly mWin:Window{80ffea u0 app.blearn.mobile/app.blearn.mobile.MainActivity}
04-03 06:31:43.470 E/vendor.qti.hardware.perf@2.2-service( 1187): Unknown params
04-03 06:31:43.470 I/ActivityTaskManager( 1984): Displayed app.blearn.mobile/.MainActivity for user 0: +931ms
04-03 06:31:43.470 E/vendor.qti.hardware.perf@2.2-service( 1187): Unknown params
04-03 06:31:43.476 W/WindowOnBackDispatcher( 3986): sendCancelIfRunning: isInProgress=falsecallback=android.view.ViewRootImpl$$ExternalSyntheticLambda23@85074e5
04-03 06:31:43.479 I/BpBinder( 1305): onLastStrongRef automatically unlinking death recipients: 
04-03 06:31:43.479 W/Layer   ( 1305): gatherBufferInfo: Received unknown dataspace from gralloc
04-03 06:31:43.480 D/MI-SF   ( 1305): mIsSupportAutomodeForMaxFpsSetting is 0(0), getCurrentBrightness() = 487(328), mIsKeepAutoMode 0
04-03 06:31:43.480 D/RefreshRateSelector( 1305): fixedMode_group: 0, isFindModeGroup 0
04-03 06:31:43.480 D/RefreshRateSelector( 1305): find max refresh rate:120, mode Group:0
04-03 06:31:43.483 D/CoreBackPreview( 1984): Window{ba32441 u0 Splash Screen app.blearn.mobile}: Setting back callback null
04-03 06:31:43.485 W/InputManager-JNI( 1984): Input channel object 'ba32441 Splash Screen app.blearn.mobile (client)' was disposed without first being removed with the input manager!
04-03 06:31:43.495 W/DynamicDDSService( 4014): appName is not found in cache: com.mi.android.globallauncher
04-03 06:31:43.496 I/HandWritingStubImpl(20543): refreshLastKeyboardType: 1
04-03 06:31:43.497 D/OnLongClickAgent( 4042): reset:   removeMessages MSG_LONG_CLICK
04-03 06:31:43.497 I/HandWritingStubImpl(20543): getCurrentKeyboardType: 1
04-03 06:31:43.497 D/OnLongClickAgent( 4042): reset:   removeMessages MSG_LONG_CLICK
04-03 06:31:43.497 D/OnLongClickAgent( 4042): reset:   removeMessages MSG_LONG_CLICK
04-03 06:31:43.497 D/OnLongClickAgent( 4042): reset:   removeMessages MSG_LONG_CLICK
04-03 06:31:43.497 D/RefreshRateSelector( 1305): Touch Boost
04-03 06:31:43.497 D/OnLongClickAgent( 4042): reset:   removeMessages MSG_LONG_CLICK
04-03 06:31:43.497 D/OnLongClickAgent( 4042): reset:   removeMessages MSG_LONG_CLICK
04-03 06:31:43.497 D/OnLongClickAgent( 4042): reset:   removeMessages MSG_LONG_CLICK
04-03 06:31:43.497 D/OnLongClickAgent( 4042): reset:   removeMessages MSG_LONG_CLICK
04-03 06:31:43.497 D/OnLongClickAgent( 4042): reset:   removeMessages MSG_LONG_CLICK
04-03 06:31:43.497 D/OnLongClickAgent( 4042): reset:   removeMessages MSG_LONG_CLICK
04-03 06:31:43.497 D/OnLongClickAgent( 4042): reset:   removeMessages MSG_LONG_CLICK
04-03 06:31:43.497 D/OnLongClickAgent( 4042): reset:   removeMessages MSG_LONG_CLICK
04-03 06:31:43.497 D/MI-SF   ( 1305): mIsSupportAutomodeForMaxFpsSetting is 0(0), getCurrentBrightness() = 487(328), mIsKeepAutoMode 0
04-03 06:31:43.497 D/OnLongClickAgent( 4042): reset:   removeMessages MSG_LONG_CLICK
04-03 06:31:43.497 D/RefreshRateSelector( 1305): fixedMode_group: 0, isFindModeGroup 0
04-03 06:31:43.497 D/RefreshRateSelector( 1305): find max refresh rate:120, mode Group:0
04-03 06:31:43.497 D/OnLongClickAgent( 4042): reset:   removeMessages MSG_LONG_CLICK
04-03 06:31:43.498 D/OnLongClickAgent( 4042): reset:   removeMessages MSG_LONG_CLICK
04-03 06:31:43.498 D/CompatibilityChangeReporter( 1984): Compat change id reported: 214016041; UID 10569; state: ENABLED
04-03 06:31:43.498 W/cr_VAUtil(20543): Unknown level: 2048 for profile 32 of codec video/dolby-vision
04-03 06:31:43.498 W/cr_VAUtil(20543): Unknown profile: 16 for codec video/dolby-vision
04-03 06:31:43.498 W/cr_VAUtil(20543): Unknown level: 2048 for profile 256 of codec video/dolby-vision
04-03 06:31:43.498 I/ImeTracker( 1984): app.blearn.mobile:9e908d43: onRequestHide at ORIGIN_SERVER_HIDE_INPUT reason HIDE_UNSPECIFIED_WINDOW
04-03 06:31:43.498 I/ImeTracker( 1984): app.blearn.mobile:9e908d43: onCancelled at PHASE_SERVER_SHOULD_HIDE
04-03 06:31:43.498 W/cr_VAUtil(20543): Unknown level: 2048 for profile 32 of codec video/dolby-vision
04-03 06:31:43.498 D/MirrorManager( 6836):  sendAcceptInput 0 0
04-03 06:31:43.498 W/cr_VAUtil(20543): Unknown profile: 16 for codec video/dolby-vision
04-03 06:31:43.498 W/cr_VAUtil(20543): Unknown level: 2048 for profile 256 of codec video/dolby-vision
04-03 06:31:43.502 D/Launcher.Lifecycle( 4042): onStop:UserHandle{0},409438c,false
04-03 06:31:43.503 D/SoscSplitStateController( 4042): updateDividerFixedState: isFixed = false
04-03 06:31:43.503 D/Launcher_UnlockAnimationStateMachine( 4042): onStop = IDLE
04-03 06:31:43.503 D/SoScSplitScreenController( 3986): updateDividerFixedState isFixed:false
04-03 06:31:43.504 I/GoogleInputMethodService( 4913): GoogleInputMethodService.onFinishInput():2159 
04-03 06:31:43.505 I/HandWritingStubImpl(20543): getCurrentKeyboardType: 1
04-03 06:31:43.505 I/Module  ( 4913): DeviceLockedStatusModuleProvider$Module.updateDeviceLockedStatus():103 repeatCheckTimes = 0, locked = false
04-03 06:31:43.505 I/GoogleInputMethodService( 4913): GoogleInputMethodService.onStartInput():1434 onStartInput(EditorInfo{EditorInfo{packageName=app.blearn.mobile, inputType=0, inputTypeString=NULL, enableLearning=false, autoCorrection=false, autoComplete=false, imeOptions=12000000, privateImeOptions=null, actionName=UNSPECIFIED, actionLabel=null, initialSelStart=-1, initialSelEnd=-1, initialCapsMode=0, label=null, fieldId=0, fieldName=null, extras=Bundle[mParcelledData.dataSize=72], hintText=null, hintLocales=[]}}, false)
04-03 06:31:43.506 W/AndroidIME( 4913): LatinIMEBase.updateInputViewCoverNavigation():317 Null input view, cannot update padding!
04-03 06:31:43.506 I/Module  ( 4913): DeviceLockedStatusModuleProvider$Module.updateDeviceLockedStatus():103 repeatCheckTimes = 1, locked = false
04-03 06:31:43.506 I/WindowManager( 1984): cancelAnimation removed leash : Surface(name=Surface(name=70eda56 InputMethod#108)/@0xeb75fc4 - animation-leash of insets_animation#7634)/@0xfab876
04-03 06:31:43.507 W/PackageConfigPersister( 1984): App-specific configuration not found for packageName: app.blearn.mobile and userId: 0
04-03 06:31:43.507 E/Launcher.application( 4042): setClickAppWaitForCallback = false
04-03 06:31:43.508 D/LauncherOverlay(15859): setActivityState:0
04-03 06:31:43.509 I/LauncherOverlayCallback(15859): handleMessage WHAT_ACTIVITY_STATE_CHANGED what：0
04-03 06:31:43.509 D/LauncherOverlay.Window(15859): onStop
04-03 06:31:43.509 I/LauncherOverlayCallback(15859): handleMessage WHAT_LAUNCHER_STATE what：0
04-03 06:31:43.509 D/LauncherOverlay.Window(15859): launcherState 0
04-03 06:31:43.509 D/LauncherOverlay.Window(15859): resumedStateNow 0,resumedStateNew = 0
04-03 06:31:43.513 W/Layer   ( 1305): gatherBufferInfo: Received unknown dataspace from gralloc
04-03 06:31:43.513 D/ActivityThread( 4042): Fail to check app heapsize due to java.lang.NoSuchMethodException: dalvik.system.VMRuntime.getBlockingGcCountForAlloc []
04-03 06:31:43.515 I/SmartPower: com.mi.android.globallauncher/10082(4042)( 1984): visible->invisible(2195ms) R(become invisible) adj=100.
04-03 06:31:43.515 I/SmartPower: com.mi.android.globallauncher/10082(4042)( 1984): invisible->background(0ms) R(become background) adj=100.
04-03 06:31:43.523 D/ActivityManager( 1984): checkAllowBackground: uid=10163 pkg=com.google.android.gms rec=UidRecord{b6f4724 u0a163 BTOP change:procadj procs:0 seq(854993,634761)} caps=LCMNFU always=false idle=false
04-03 06:31:43.524 D/Utilities( 3986):  oldHints : 0 backDisposition : 0 imeShown : false hints 0
04-03 06:31:43.527 I/MiuiNetworkPolicy( 1984): updateUidState uid = 10337, uidState = 5
04-03 06:31:43.527 I/MiuiNetworkPolicy( 1984): updateUidState uid = 10123, uidState = 5
04-03 06:31:43.527 I/MiuiNetworkPolicy( 1984): updateUidState uid = 10116, uidState = 4
04-03 06:31:43.527 I/MiuiNetworkPolicy( 1984): updateUidState uid = 10094, uidState = 4
04-03 06:31:43.527 I/MiuiNetworkPolicy( 1984): updateUidState uid = 10082, uidState = 5
04-03 06:31:43.531 D/PMonitor( 7002):  onForegroundActivitiesChanged:pid = 4042,activity-uid=10082,foregroundActivities=false
04-03 06:31:43.531 D/MiuiBluetoothLatencyMode( 4948): onForegroundActivitiesChanged, pid: 4042 uid: 10082 foregroundActivities: false
04-03 06:31:43.531 D/Aurogon ( 1984):  uid = 10082 switch to BG
04-03 06:31:43.531 D/isUidValid( 1984): uid = 10082
04-03 06:31:43.533 D/MI-SF   ( 1305): Launcher Changed hasLauncher=0
