04-03 06:31:42.566 D/WindowManager( 1984): Collecting in transition 799: ActivityRecord{1741e10 u0 app.blearn.mobile/.MainActivity t13909} init visibleRequested:false
04-03 06:31:42.566 D/WindowManager( 1984): Collecting in transition 799: ActivityRecord{4f8ceab u0 com.mi.android.globallauncher/com.miui.home.launcher.Launcher t2} init visibleRequested:true
04-03 06:31:42.566 D/WindowManager( 1984): Collecting in transition 799: WallpaperWindowToken{64824c4 token=android.os.Binder@f6ed756} init visibleRequested:true
04-03 06:31:42.566 D/WindowManager( 1984): Collecting in transition 799: WallpaperWindowToken{ab4af23 token=android.os.BinderProxy@cd0e052} init visibleRequested:true
04-03 06:31:42.566 D/Zygote  (  957): Forked child process 20543
04-03 06:31:42.567 E/vendor.qti.hardware.perf@2.2-service( 1187): Unknown params
04-03 06:31:42.567 E/ANDR-PERF-DATA-POOL( 1187): EventDataPool is Full
04-03 06:31:42.567 E/ANDR-PERF-MPCTL( 1187): perf request submission limit reached.
04-03 06:31:42.567 E/ANDR-PERF-LM( 1187): MetaMeter: handleAsync() 166: AdaptLaunch Invalid Async
04-03 06:31:42.569 I/BpBinder( 1305): onLastStrongRef automatically unlinking death recipients: 
04-03 06:31:42.570 D/RC#FirebaseRemoteConfiguration(20437): fetchConfig: 'fetch' result -> LAST_FETCH_STATUS_SUCCESS
04-03 06:31:42.571 D/WindowManager( 1984): wms.Focus not requested for window=Window{6624028 u0 com.mi.android.globallauncher/com.miui.home.launcher.Launcher} because it has no surface or is not focusable.
04-03 06:31:42.571 E/vendor.qti.hardware.perf@2.2-service( 1187): Unknown params
04-03 06:31:42.572 W/ContextImpl( 1984): Calling a method in the system process without a qualified user: android.app.ContextImpl.sendBroadcast:1231 com.qualcomm.qti.Performance$SendGameLaunchBroadcast.run:251 java.lang.Thread.run:1563 <bottom of call stack> <bottom of call stack> 
04-03 06:31:42.573 D/CompatibilityChangeReporter( 1984): Compat change id reported: 168419799; UID 10569; state: DISABLED
04-03 06:31:42.573 D/CompatibilityChangeReporter( 1984): Compat change id reported: 273564678; UID 10569; state: DISABLED
04-03 06:31:42.574 D/RC#FirebaseRemoteConfiguration(20437): fetchConfig: 'activate' success
04-03 06:31:42.575 D/ATMSImpl( 1984): setActivityController callingUid:2000 control=false
04-03 06:31:42.575 E/Zygote  (20543): process_name_ptr:20543 app.blearn.mobile
04-03 06:31:42.575 D/RC#RemoteConfiguration(20437): dump:
04-03 06:31:42.575 D/RC#RemoteConfiguration(20437): background_refresh_quiet_period_end: 10860
04-03 06:31:42.575 D/RC#RemoteConfiguration(20437): enable_apps_purchase: true
04-03 06:31:42.575 D/RC#RemoteConfiguration(20437): enable_calculated_categories: true
04-03 06:31:42.575 D/RC#RemoteConfiguration(20437): enable_child_accounts: true
04-03 06:31:42.575 D/RC#RemoteConfiguration(20437): network_cache_duration: 0
04-03 06:31:42.575 D/RC#RemoteConfiguration(20437): network_cache_duration_bg: 43200
04-03 06:31:42.575 D/RC#RemoteConfiguration(20437): network_cache_duration_qp: -1
04-03 06:31:42.575 D/RC#RemoteConfiguration(20437): scheduled_maintenance: {"message":"connectstatus/gcm/outage_message_v1","durationMillis":14400000,"startDateTime":"2020-07-24T15:00:00.000Z","enabled":false}
04-03 06:31:42.576 W/RecentsModel( 4042): getRunningTask   taskInfo=TaskInfo{userId=0 taskId=2 displayId=0 isRunning=true baseIntent=Intent { act=android.intent.action.MAIN cat=[android.intent.category.HOME] flg=0x10000100 cmp=com.mi.android.globallauncher/com.miui.home.launcher.Launcher } baseActivity=ComponentInfo{com.mi.android.globallauncher/com.miui.home.launcher.Launcher} topActivity=ComponentInfo{com.mi.android.globallauncher/com.miui.home.launcher.Launcher} origActivity=null realActivity=ComponentInfo{com.mi.android.globallauncher/com.miui.home.launcher.Launcher} numActivities=1 lastActiveTime=131474757 supportsSplitScreenMultiWindow=true supportsMultiWindow=true resizeMode=2 isResizeable=true minWidth=-1 minHeight=-1 defaultMinSize=200 token=WCT{android.window.IWindowContainerToken$Stub$Proxy@d36037e} topActivityType=2 pictureInPictureParams=null shouldDockBigOverlays=false launchIntoPipHostTaskId=-1 lastParentTaskIdBeforePip=-1 displayCutoutSafeInsets=Rect(0, 94 - 0, 0) topActivityInfo=ActivityInfo{68410df com.miui.home.launcher.Launcher} launchCookies=[] positionInParent=Point(0, 0) parentTaskId=-1 isFocused=true isVisible=true isVisibleRequested=false isSleeping=false topActivityInSizeCompat=false topActivityInMiuiSizeCompat=false topActivityEligibleForLetterboxEducation= false topActivityLetterboxed= false isFromDoubleTap= false topActivityLetterboxVerticalPosition= -1 topActivityLetterboxHorizontalPosition= -1 topActivityLetterboxWidth=-1 topActivityLetterboxHeight=-1 locusId=null displayAreaFeatureId=1 cameraCompatControlState=hidden mIsCastMode=false mTopActivityMediaSize=null mTopActivityRecordName=ActivityRecord{4f8ceab u0 com.mi.android.globallauncher/com.miui.home.launcher.Launcher t2} mTopActivityOrientation=-2 mTopActivityWindowIsNowVisible=false isTranslucent=true isEmbedded=false shouldBeVisible=false isImmersive=false mBehindAppLockPkg=null mOriginatingUid=0}
04-03 06:31:42.576 D/RecentsModel( 4042): preloadRecents runningTaskId:2, mCurrentRunningTaskId:-1, mRecentsTaskLoadPlan=com.android.systemui.shared.recents.model.RecentsTaskLoadPlan@ed9512c
04-03 06:31:42.576 D/WindowManager( 1984): wms.Focus not requested for window=Window{6624028 u0 com.mi.android.globallauncher/com.miui.home.launcher.Launcher} because it has no surface or is not focusable.
04-03 06:31:42.577 E/ActivityManagerWrapper( 4042): get all recent tasks force including 2
04-03 06:31:42.580 E/ActivityManagerWrapper( 4042): getRecentTasksForceIncludingTaskIdIfValid: getRecentTasks: size=6
04-03 06:31:42.580 E/ActivityManagerWrapper( 4042):  mainTaskId=13909   userId=0   windowMode=1   baseIntent=Intent { act=android.intent.action.MAIN flag=270532608 cmp=ComponentInfo{app.blearn.mobile/app.blearn.mobile.MainActivity} }
04-03 06:31:42.580 E/ActivityManagerWrapper( 4042):  mainTaskId=13803   userId=0   windowMode=1   baseIntent=Intent { act=null flag=369098752 cmp=ComponentInfo{com.google.android.googlequicksearchbox/com.google.android.apps.search.assistant.surfaces.voice.robin.main.MainActivity} }
04-03 06:31:42.580 E/ActivityManagerWrapper( 4042):  mainTaskId=13850   userId=0   windowMode=1   baseIntent=Intent { act=android.intent.action.MAIN flag=270532608 cmp=ComponentInfo{com.google.android.apps.maps/com.google.android.maps.MapsActivity} }
04-03 06:31:42.580 E/ActivityManagerWrapper( 4042):  mainTaskId=13798   userId=0   windowMode=1   baseIntent=Intent { act=android.intent.action.MAIN flag=268500992 cmp=ComponentInfo{com.s_payment.mobiles_bezahlen/de.starfinanz.payment.MainActivity} }
04-03 06:31:42.580 E/ActivityManagerWrapper( 4042):  mainTaskId=13784   userId=0   windowMode=0   baseIntent=Intent { act=null flag=369098752 cmp=ComponentInfo{com.google.android.googlequicksearchbox/com.google.android.apps.search.assistant.surfaces.voice.robin.main.MainActivity} }
04-03 06:31:42.580 E/ActivityManagerWrapper( 4042):  mainTaskId=13787   userId=0   windowMode=0   baseIntent=Intent { act=android.intent.action.MAIN flag=805306368 cmp=ComponentInfo{com.google.android.googlequicksearchbox/com.google.android.googlequicksearchbox.SearchActivity} }
04-03 06:31:42.582 I/p.blearn.mobile(20543): Late-enabling -Xcheck:jni
04-03 06:31:42.583 D/WorldCirculate( 4042): getWorldCirculateInfo, taskInfo.baseIntent=Intent { flg=0x16000000 cmp=com.google.android.googlequicksearchbox/com.google.android.apps.search.assistant.surfaces.voice.robin.main.MainActivity }, displayId=-1, but get Display failed
04-03 06:31:42.583 D/WorldCirculate( 4042): getWorldCirculateInfo, taskInfo.baseIntent=Intent { act=android.intent.action.MAIN cat=[android.intent.category.INFO] flg=0x30000000 cmp=com.google.android.googlequicksearchbox/.SearchActivity }, displayId=-1, but get Display failed
04-03 06:31:42.586 D/WindowManager( 1984): wms.Input focus has changed to null display=0 updateInputWindows = true
04-03 06:31:42.587 I/MultiSenceManagerInternalStub( 1984): getInstance
04-03 06:31:42.587 D/CoreBackPreview( 1984): Window{ba32441 u0 Splash Screen app.blearn.mobile}: Setting back callback OnBackInvokedCallbackInfo{mCallback=android.window.IOnBackInvokedCallback$Stub$Proxy@ffb76c3, mPriority=0, mIsAnimationCallback=false}
04-03 06:31:42.588 I/Monkey  (20491): ## Network stats: elapsed time=38ms (0ms mobile, 0ms wifi, 38ms not connected)
04-03 06:31:42.588 D/TaskSnapshotCompatVU( 4042): getIsInvalidateFromTaskSnapshot, return, mTaskSnapshot=null, mTaskSnapshotClazz=null
04-03 06:31:42.588 I/ActivityManager( 1984): Start proc 20543:app.blearn.mobile/u0a569 for next-top-activity {app.blearn.mobile/app.blearn.mobile.MainActivity} caller=com.android.shell
04-03 06:31:42.589 D/RecentsModel( 4042): onTaskStackChangedBackground    MSG_TASK_STACK_CHANGE
04-03 06:31:42.589 D/Launcher.Lifecycle( 4042): onWindowFocusChanged:false,UserHandle{0},409438c,true
04-03 06:31:42.590 I/app_process(20491): System.exit called, status: 0
04-03 06:31:42.590 I/AndroidRuntime(20491): VM exiting with result code 0.
04-03 06:31:42.591 W/RecentsModel( 4042): getRunningTask   taskInfo=TaskInfo{userId=0 taskId=2 displayId=0 isRunning=true baseIntent=Intent { act=android.intent.action.MAIN cat=[android.intent.category.HOME] flg=0x10000100 cmp=com.mi.android.globallauncher/com.miui.home.launcher.Launcher } baseActivity=ComponentInfo{com.mi.android.globallauncher/com.miui.home.launcher.Launcher} topActivity=ComponentInfo{com.mi.android.globallauncher/com.miui.home.launcher.Launcher} origActivity=null realActivity=ComponentInfo{com.mi.android.globallauncher/com.miui.home.launcher.Launcher} numActivities=1 lastActiveTime=131474771 supportsSplitScreenMultiWindow=true supportsMultiWindow=true resizeMode=2 isResizeable=true minWidth=-1 minHeight=-1 defaultMinSize=200 token=WCT{android.window.IWindowContainerToken$Stub$Proxy@d4b27f5} topActivityType=2 pictureInPictureParams=null shouldDockBigOverlays=false launchIntoPipHostTaskId=-1 lastParentTaskIdBeforePip=-1 displayCutoutSafeInsets=Rect(0, 94 - 0, 0) topActivityInfo=ActivityInfo{baad98a com.miui.home.launcher.Launcher} launchCookies=[] positionInParent=Point(0, 0) parentTaskId=-1 isFocused=true isVisible=true isVisibleRequested=false isSleeping=false topActivityInSizeCompat=false topActivityInMiuiSizeCompat=false topActivityEligibleForLetterboxEducation= false topActivityLetterboxed= false isFromDoubleTap= false topActivityLetterboxVerticalPosition= -1 topActivityLetterboxHorizontalPosition= -1 topActivityLetterboxWidth=-1 topActivityLetterboxHeight=-1 locusId=null displayAreaFeatureId=1 cameraCompatControlState=hidden mIsCastMode=false mTopActivityMediaSize=null mTopActivityRecordName=ActivityRecord{4f8ceab u0 com.mi.android.globallauncher/com.miui.home.launcher.Launcher t2} mTopActivityOrientation=-2 mTopActivityWindowIsNowVisible=false isTranslucent=true isEmbedded=false shouldBeVisible=false isImmersive=false mBehindAppLockPkg=null mOriginatingUid=0}
04-03 06:31:42.591 D/RecentsModel( 4042): preloadRecents runningTaskId:2, mCurrentRunningTaskId:-1, mRecentsTaskLoadPlan=com.android.systemui.shared.recents.model.RecentsTaskLoadPlan@c2dbfb
04-03 06:31:42.592 E/ActivityManagerWrapper( 4042): get all recent tasks force including 2
04-03 06:31:42.593 D/VRI[mobile]( 3986): vri.reportNextDraw android.view.ViewRootImpl.performTraversals:4411 android.view.ViewRootImpl.doTraversal:3040 android.view.ViewRootImpl$TraversalRunnable.run:10429 android.view.Choreographer$CallbackRecord.run:1654 android.view.Choreographer$CallbackRecord.run:1663 
04-03 06:31:42.593 E/OpenGLRenderer( 3986): Unable to match the desired swap behavior.
04-03 06:31:42.593 D/VRI[mobile]( 3986): vri.Setup new sync=wmsSync-VRI[mobile]#67
04-03 06:31:42.594 D/OpenGLRenderer( 3986): makeCurrent grContext:0xb4000075fba2f780 reset mTextureAvailable
04-03 06:31:42.597 I/MiuiNetworkPolicy( 1984): updateUidState uid = 10569, uidState = 19
04-03 06:31:42.598 D/VRI[mobile]( 3986): vri.reportDrawFinished
04-03 06:31:42.602 W/Layer   ( 1305): gatherBufferInfo: Received unknown dataspace from gralloc
04-03 06:31:42.603 D/CompatibilityChangeReporter( 1984): Compat change id reported: 265195908; UID 10569; state: ENABLED
04-03 06:31:42.608 D/WindowManager( 1984): Set transition=TransitionRecord{6da40c5 id=799 type=OPEN flags=0x0}, ready=true, SyncId=799 
04-03 06:31:42.608 E/ActivityManagerWrapper( 4042): getRecentTasksForceIncludingTaskIdIfValid: getRecentTasks: size=6
04-03 06:31:42.608 E/ActivityManagerWrapper( 4042):  mainTaskId=13909   userId=0   windowMode=1   baseIntent=Intent { act=android.intent.action.MAIN flag=270532608 cmp=ComponentInfo{app.blearn.mobile/app.blearn.mobile.MainActivity} }
04-03 06:31:42.608 E/ActivityManagerWrapper( 4042):  mainTaskId=13803   userId=0   windowMode=1   baseIntent=Intent { act=null flag=369098752 cmp=ComponentInfo{com.google.android.googlequicksearchbox/com.google.android.apps.search.assistant.surfaces.voice.robin.main.MainActivity} }
04-03 06:31:42.608 E/ActivityManagerWrapper( 4042):  mainTaskId=13850   userId=0   windowMode=1   baseIntent=Intent { act=android.intent.action.MAIN flag=270532608 cmp=ComponentInfo{com.google.android.apps.maps/com.google.android.maps.MapsActivity} }
04-03 06:31:42.608 E/ActivityManagerWrapper( 4042):  mainTaskId=13798   userId=0   windowMode=1   baseIntent=Intent { act=android.intent.action.MAIN flag=268500992 cmp=ComponentInfo{com.s_payment.mobiles_bezahlen/de.starfinanz.payment.MainActivity} }
04-03 06:31:42.608 E/ActivityManagerWrapper( 4042):  mainTaskId=13784   userId=0   windowMode=0   baseIntent=Intent { act=null flag=369098752 cmp=ComponentInfo{com.google.android.googlequicksearchbox/com.google.android.apps.search.assistant.surfaces.voice.robin.main.MainActivity} }
04-03 06:31:42.608 E/ActivityManagerWrapper( 4042):  mainTaskId=13787   userId=0   windowMode=0   baseIntent=Intent { act=android.intent.action.MAIN flag=805306368 cmp=ComponentInfo{com.google.android.googlequicksearchbox/com.google.android.googlequicksearchbox.SearchActivity} }
04-03 06:31:42.610 I/SmartPower: app.blearn.mobile/10569(0)( 1984): died->visible(1408ms) R(become visible) adj=-10000.
04-03 06:31:42.610 I/WindowManager( 1984): wms.showSurfaceRobustly mWin:Window{ba32441 u0 Splash Screen app.blearn.mobile}
04-03 06:31:42.610 D/WindowManager( 1984): Final targets: [Task{cb20b0e #13909 type=standard A=10569:app.blearn.mobile}, Task{9ae3139 #1 type=home}]
04-03 06:31:42.610 D/WorldCirculate( 4042): getWorldCirculateInfo, taskInfo.baseIntent=Intent { flg=0x16000000 cmp=com.google.android.googlequicksearchbox/com.google.android.apps.search.assistant.surfaces.voice.robin.main.MainActivity }, displayId=-1, but get Display failed
04-03 06:31:42.610 D/MI-SF   ( 1305): mIsSupportAutomodeForMaxFpsSetting is 0(0), getCurrentBrightness() = 487(328), mIsKeepAutoMode 0
04-03 06:31:42.611 D/RefreshRateSelector( 1305): fixedMode_group: 0, isFindModeGroup 0
04-03 06:31:42.611 D/RefreshRateSelector( 1305): find max refresh rate:120, mode Group:0
04-03 06:31:42.611 D/WorldCirculate( 4042): getWorldCirculateInfo, taskInfo.baseIntent=Intent { act=android.intent.action.MAIN cat=[android.intent.category.INFO] flg=0x30000000 cmp=com.google.android.googlequicksearchbox/.SearchActivity }, displayId=-1, but get Display failed
04-03 06:31:42.612 W/SQLiteLog( 5989): (28) double-quoted string literal: "app.blearn.mobile"
04-03 06:31:42.612 D/WindowManager( 1984): Calling onTransitionReady info={id=799 t=OPEN f=0x0 trk=0 r=[0@Point(0, 0)] c=[{WCT{RemoteToken{79fbb6c Task{cb20b0e #13909 type=standard A=10569:app.blearn.mobile}}} m=OPEN f=NONE leash=Surface(name=Task=13909#7635)/@0xff9dd09 sb=Rect(0, 0 - 1080, 2400) eb=Rect(0, 0 - 1080, 2400) d=0},{WCT{RemoteToken{e5304e1 Task{9ae3139 #1 type=home}}} m=TO_BACK f=SHOW_WALLPAPER leash=Surface(name=Task=1#47)/@0x5916500 sb=Rect(0, 0 - 1080, 2400) eb=Rect(0, 0 - 1080, 2400) d=0}] noAni=[false] df=[false] mk=[true] nc=[0]}, mToken=Token{ba5e535 TransitionRecord{6da40c5 id=799 type=OPEN flags=0x0}}
04-03 06:31:42.613 I/BLASTSyncEngine( 1984): finishNow: after onTransactionReady, mSyncId=799
04-03 06:31:42.614 I/WindowManager( 1984): cancelAnimation removed leash : Surface(name=Surface(name=b2cef68 NavigationBar0#90)/@0xb959a14 - animation-leash of insets_animation#7628)/@0xa49aa84
04-03 06:31:42.614 D/MiuiFreeformAnimation( 3986): startAnimation change: {WCT{android.window.IWindowContainerToken$Stub$Proxy@4ec0812} m=OPEN f=NONE leash=Surface(name=Task=13909#7635)/@0x3e6a247 sb=Rect(0, 0 - 1080, 2400) eb=Rect(0, 0 - 1080, 2400) d=0} info.getType(): 1
04-03 06:31:42.614 I/MiuiFreeformAnimation( 3986): isLaunchWidgetPicker=false,taskInfo.getWindowingMode()=1, taskInfo.getActivityType()=1
04-03 06:31:42.614 D/MiuiFreeFormManager( 3986):  isSplitRootTask taskId=13909
04-03 06:31:42.615 D/MiuiFreeformAnimation( 3986): startAnimation change: {WCT{android.window.IWindowContainerToken$Stub$Proxy@2e11be3} m=TO_BACK f=SHOW_WALLPAPER leash=Surface(name=Task=1#47)/@0x88eea74 sb=Rect(0, 0 - 1080, 2400) eb=Rect(0, 0 - 1080, 2400) d=0} info.getType(): 1
04-03 06:31:42.615 W/MiuiTaskTransitionHandler( 3986): Receive an unknown transition, token=android.os.BinderProxy@c2444b0, type=1
04-03 06:31:42.615 D/TransitionAnimationHelper( 3986):  load default animation  type = 1 enter = false animAttr = 19 isTask = true translucent = false
04-03 06:31:42.615 I/WindowManager( 1984): cancelAnimation removed leash : Surface(name=Surface(name=8ce5fd0 StatusBar#96)/@0xc81a8fc - animation-leash of insets_animation#7629)/@0xc2e6ea2
04-03 06:31:42.616 D/TransitionAnimationHelper( 3986):  load default animation  type = 1 enter = true animAttr = 18 isTask = true translucent = false
04-03 06:31:42.618 I/p.blearn.mobile(20543): Using CollectorTypeCC GC.
04-03 06:31:42.619 D/ShellTransitions( 3986): speed ui!!!!!!!!!!!
04-03 06:31:42.621 E/vendor.qti.hardware.perf@2.2-service( 1187): Unknown params
04-03 06:31:42.622 D/MiuiFullScreenTaskRepository( 3986): addOrUpdateFullScreenTaskInfo taskId=13909, topActivity=ComponentInfo{app.blearn.mobile/app.blearn.mobile.MainActivity}
04-03 06:31:42.622 E/onWindowDecorRectChanged( 3986): start size:1
04-03 06:31:42.622 E/onWindowDecorRectChanged( 3986): windowDecorRects: Rect(454, 12 - 625, 123)
04-03 06:31:42.624 D/TaskSnapshotCompatVU( 4042): getIsInvalidateFromTaskSnapshot, return, mTaskSnapshot=null, mTaskSnapshotClazz=null
04-03 06:31:42.625 I/adbd    ( 1767): jdwp connection from 20543
04-03 06:31:42.629 D/nativeloader(20543): Load libframework-connectivity-tiramisu-jni.so using APEX ns com_android_tethering for caller /apex/com.android.tethering/javalib/framework-connectivity-t.jar: ok
04-03 06:31:42.633 I/MessageMonitor(20543): Load libmiui_runtime
04-03 06:31:42.635 E/p.blearn.mobile(20543): Can't find memory status under: /sys/block/zram0/
04-03 06:31:42.630 W/re-initialized>(20543): type=1400 audit(0.0:68088): avc:  denied  { search } for  name="zram0" dev="sysfs" ino=60736 scontext=u:r:untrusted_app:s0:c57,c258,c512,c768 tcontext=u:object_r:sysfs_zram:s0 tclass=dir permissive=0 app=app.blearn.mobile
04-03 06:31:42.630 W/re-initialized>(20543): type=1400 audit(0.0:68089): avc:  denied  { search } for  name="zram0" dev="sysfs" ino=60736 scontext=u:r:untrusted_app:s0:c57,c258,c512,c768 tcontext=u:object_r:sysfs_zram:s0 tclass=dir permissive=0 app=app.blearn.mobile
04-03 06:31:42.639 D/SymlinkUtils( 1984): attachApplication file op go pass: 1 ms
04-03 06:31:42.639 E/vendor.qti.hardware.perf@2.2-service( 1187): Unknown params
04-03 06:31:42.639 E/ANDR-PERF-DATA-POOL( 1187): EventDataPool is Full
04-03 06:31:42.639 E/ANDR-PERF-MPCTL( 1187): perf request submission limit reached.
04-03 06:31:42.639 E/ANDR-PERF-LM( 1187): MetaMeter: handleAsync() 166: AdaptLaunch Invalid Async
04-03 06:31:42.640 D/CompatibilityInfo( 1984): mCompatibilityFlags - 0
04-03 06:31:42.640 D/CompatibilityInfo( 1984): applicationDensity - 440
04-03 06:31:42.640 D/CompatibilityInfo( 1984): applicationScale - 1.0
04-03 06:31:42.641 W/MiuiBoosterUtils( 1984): enable_miuibooster_launch : false
04-03 06:31:42.642 D/MiuiFullScreenTaskRepository( 3986): addOrUpdateFullScreenTaskInfo taskId=13909, topActivity=ComponentInfo{app.blearn.mobile/app.blearn.mobile.MainActivity}
04-03 06:31:42.643 D/WindowManagerService( 1984): checkFlipFullScreenChange is same, nowIsFullScreen = false
04-03 06:31:42.644 E/vendor.qti.hardware.perf@2.2-service( 1187): Unknown params
04-03 06:31:42.644 E/ANDR-PERF-DATA-POOL( 1187): EventDataPool is Full
04-03 06:31:42.644 E/ANDR-PERF-MPCTL( 1187): perf request submission limit reached.
04-03 06:31:42.646 E/SDM     ( 1177): HWCSession::GetClientTargetProperty: GetClinetTargetProperty interface enter
04-03 06:31:42.646 I/MiuiNetworkPolicy( 1984): updateUidState uid = 10569, uidState = 2
04-03 06:31:42.646 D/Aurogon ( 1984):  uid = 10569 switch to FG
04-03 06:31:42.646 D/PMonitor( 7002):  onForegroundActivitiesChanged:pid = 20543,activity-uid=10569,foregroundActivities=true
04-03 06:31:42.646 D/PerfEngineController( 6836): ForegroundInfo{mForegroundPackageName='app.blearn.mobile', mForegroundUid=10569, mForegroundPid=20543, mLastForegroundPackageName='com.mi.android.globallauncher', mLastForegroundUid=10082, mLastForegroundPid=4042, mMultiWindowForegroundPackageName='app.blearn.mobile', mMultiWindowForegroundUid=10569, mFlags=1}
04-03 06:31:42.647 I/NetworkBoostStatusManager( 1984): onForegroundInfoChanged uid:10569, isColdStart:true
04-03 06:31:42.647 I/SLM-SRV-SLAToast( 1984): foreground uid:10569, isColdStart:true, isLinkTurboEnable:false
04-03 06:31:42.647 D/NetworkSDKService( 1984): handleMultiAppsDualWifi isSet = false isEverOpened = false
04-03 06:31:42.647 I/GST     ( 9868): forePkg: app.blearn.mobile, preForePkg: com.mi.android.globallauncher
04-03 06:31:42.647 D/MiuiBluetoothLatencyMode( 4948): onForegroundActivitiesChanged, pid: 20543 uid: 10569 foregroundActivities: true
04-03 06:31:42.647 I/HighMemoryManager(20543): High memory monitor not enabled
04-03 06:31:42.648 D/x1      ( 7472): myUserId = 0	currentUserId0
04-03 06:31:42.649 D/VENUS_GAMEAI_START_GameAiStartManager( 9868): 高能时刻未安装
04-03 06:31:42.649 D/MiuiBluetoothLatencyMode( 4948): ForegroundInfo{mForegroundPackageName='app.blearn.mobile', mForegroundUid=10569, mForegroundPid=20543, mLastForegroundPackageName='com.mi.android.globallauncher', mLastForegroundUid=10082, mLastForegroundPid=4042, mMultiWindowForegroundPackageName='app.blearn.mobile', mMultiWindowForegroundUid=10569, mFlags=1}
04-03 06:31:42.649 E/bt_btif ( 4948): btif_get_adapter_property : invalid type 246
04-03 06:31:42.650 E/BluetoothAdapterService( 4948): getActiveDevices: LeAudioService is null
04-03 06:31:42.650 D/MiuiBluetoothLatencyMode( 4948): ActiveProfile: -1
04-03 06:31:42.650 I/ProcessMonitor( 7472): onForegroundInfoChanged: ForegroundInfo{mForegroundPackageName='app.blearn.mobile', mForegroundUid=10569, mForegroundPid=20543, mLastForegroundPackageName='com.mi.android.globallauncher', mLastForegroundUid=10082, mLastForegroundPid=4042, mMultiWindowForegroundPackageName='app.blearn.mobile', mMultiWindowForegroundUid=10569, mFlags=1}
04-03 06:31:42.651 E/ANDR-PERF-DATA-POOL( 1187): EventDataPool is Full
04-03 06:31:42.651 E/ANDR-PERF-MPCTL( 1187): perf request submission limit reached.
04-03 06:31:42.651 D/isUidValid( 1984): uid = 10569
04-03 06:31:42.652 D/CompatibilityChangeReporter(20543): Compat change id reported: 171979766; UID 10569; state: ENABLED
04-03 06:31:42.652 D/CompatibilityChangeReporter(20543): Compat change id reported: 242716250; UID 10569; state: ENABLED
04-03 06:31:42.653 E/SDM     ( 1177): HWCSession::GetClientTargetProperty: GetClinetTargetProperty interface enter
04-03 06:31:42.654 E/ANDR-PERF-DATA-POOL( 1187): EventDataPool is Full
04-03 06:31:42.654 E/ANDR-PERF-MPCTL( 1187): perf request submission limit reached.
04-03 06:31:42.655 I/GameBoosterService( 7472): onForegroundInfoChanged: Cur=app.blearn.mobile	 last=com.mi.android.globallauncher
04-03 06:31:42.655 D/GameBoosterService( 7472): onGameStatusChange foreground:ForegroundInfo{mForegroundPackageName='app.blearn.mobile', mForegroundUid=10569, mForegroundPid=20543, mLastForegroundPackageName='com.mi.android.globallauncher', mLastForegroundUid=10082, mLastForegroundPid=4042, mMultiWindowForegroundPackageName='app.blearn.mobile', mMultiWindowForegroundUid=10569, mFlags=1}
04-03 06:31:42.655 I/VideoBoxUtils( 7472): isSupportVideoBox: true
04-03 06:31:42.656 D/AppScoutStateMachine(20543): 20543-ScoutStateMachinecreated
04-03 06:31:42.658 I/VideoToolBoxService( 7472): splitMode: onfalse
04-03 06:31:42.659 D/FreeformUtil( 7472): retrieveFirstNoFreeformRootTaskInfo: windowMode = 1
04-03 06:31:42.660 I/VideoToolBoxService( 7472): not support vtb. skipExit : false
04-03 06:31:42.660 I/BeautyService( 7472): onForegroundInfoChanged: Cur=app.blearn.mobile	 last=com.mi.android.globallauncher
04-03 06:31:42.662 E/SDM     ( 1177): HWCSession::GetClientTargetProperty: GetClinetTargetProperty interface enter
04-03 06:31:42.662 E/ANDR-PERF-DATA-POOL( 1187): EventDataPool is Full
04-03 06:31:42.662 E/ANDR-PERF-MPCTL( 1187): perf request submission limit reached.
04-03 06:31:42.666 D/CompatibilityChangeReporter( 1984): Compat change id reported: 170503758; UID 10569; state: ENABLED
04-03 06:31:42.667 D/RecentsModel( 4042): onTaskStackChangedBackground    MSG_TASK_STACK_CHANGE
04-03 06:31:42.667 D/EventBus( 4042): No subscribers registered for event class com.miui.home.recents.messages.RecentTasksChangedEvent
04-03 06:31:42.667 D/EventBus( 4042): No subscribers registered for event class org.greenrobot.eventbus.NoSubscriberEvent
04-03 06:31:42.668 I/SCTaskStackListener( 7472): onTaskStackChanged! inSplit = false
04-03 06:31:42.669 W/RecentsModel( 4042): getRunningTask   taskInfo=TaskInfo{userId=0 taskId=13909 displayId=0 isRunning=true baseIntent=Intent { act=android.intent.action.MAIN cat=[android.intent.category.LAUNCHER] flg=0x10200000 cmp=app.blearn.mobile/.MainActivity } baseActivity=ComponentInfo{app.blearn.mobile/app.blearn.mobile.MainActivity} topActivity=ComponentInfo{app.blearn.mobile/app.blearn.mobile.MainActivity} origActivity=null realActivity=ComponentInfo{app.blearn.mobile/app.blearn.mobile.MainActivity} numActivities=1 lastActiveTime=131474850 supportsSplitScreenMultiWindow=true supportsMultiWindow=true resizeMode=1 isResizeable=true minWidth=-1 minHeight=-1 defaultMinSize=200 token=WCT{android.window.IWindowContainerToken$Stub$Proxy@6f34e71} topActivityType=1 pictureInPictureParams=null shouldDockBigOverlays=false launchIntoPipHostTaskId=-1 lastParentTaskIdBeforePip=-1 displayCutoutSafeInsets=Rect(0, 94 - 0, 0) topActivityInfo=ActivityInfo{3e50456 app.blearn.mobile.MainActivity} launchCookies=[] positionInParent=Point(0, 0) parentTaskId=-1 isFocused=true isVisible=true isVisibleRequested=true isSleeping=false topActivityInSizeCompat=false topActivityInMiuiSizeCompat=false topActivityEligibleForLetterboxEducation= false topActivityLetterboxed= false isFromDoubleTap= false topActivityLetterboxVerticalPosition= -1 topActivityLetterboxHorizontalPosition= -1 topActivityLetterboxWidth=-1 topActivityLetterboxHeight=-1 locusId=null displayAreaFeatureId=1 cameraCompatControlState=hidden mIsCastMode=false mTopActivityMediaSize=null mTopActivityRecordName=ActivityRecord{1741e10 u0 app.blearn.mobile/.MainActivity t13909} mTopActivityOrientation=-1 mTopActivityWindowIsNowVisible=false isTranslucent=false isEmbedded=false shouldBeVisible=true isImmersive=false mBehindAppLockPkg=null mOriginatingUid=0}
04-03 06:31:42.669 D/RecentsModel( 4042): preloadRecents runningTaskId:13909, mCurrentRunningTaskId:-1, mRecentsTaskLoadPlan=com.android.systemui.shared.recents.model.RecentsTaskLoadPlan@593cd7
04-03 06:31:42.669 I/SCTaskStackListener( 7472): onTaskStackChanged! inSplit = false
04-03 06:31:42.669 E/ActivityManagerWrapper( 4042): get all recent tasks force including 13909
04-03 06:31:42.670 E/SDM     ( 1177): HWCSession::GetClientTargetProperty: GetClinetTargetProperty interface enter
04-03 06:31:42.670 E/ANDR-PERF-DATA-POOL( 1187): EventDataPool is Full
04-03 06:31:42.670 E/ANDR-PERF-MPCTL( 1187): perf request submission limit reached.
04-03 06:31:42.674 E/ActivityManagerWrapper( 4042): getRecentTasksForceIncludingTaskIdIfValid: getRecentTasks: size=6
04-03 06:31:42.674 E/ActivityManagerWrapper( 4042):  mainTaskId=13909   userId=0   windowMode=1   baseIntent=Intent { act=android.intent.action.MAIN flag=270532608 cmp=ComponentInfo{app.blearn.mobile/app.blearn.mobile.MainActivity} }
04-03 06:31:42.674 E/ActivityManagerWrapper( 4042):  mainTaskId=13803   userId=0   windowMode=1   baseIntent=Intent { act=null flag=369098752 cmp=ComponentInfo{com.google.android.googlequicksearchbox/com.google.android.apps.search.assistant.surfaces.voice.robin.main.MainActivity} }
04-03 06:31:42.674 E/ActivityManagerWrapper( 4042):  mainTaskId=13850   userId=0   windowMode=1   baseIntent=Intent { act=android.intent.action.MAIN flag=270532608 cmp=ComponentInfo{com.google.android.apps.maps/com.google.android.maps.MapsActivity} }
04-03 06:31:42.674 E/ActivityManagerWrapper( 4042):  mainTaskId=13798   userId=0   windowMode=1   baseIntent=Intent { act=android.intent.action.MAIN flag=268500992 cmp=ComponentInfo{com.s_payment.mobiles_bezahlen/de.starfinanz.payment.MainActivity} }
04-03 06:31:42.674 E/ActivityManagerWrapper( 4042):  mainTaskId=13784   userId=0   windowMode=0   baseIntent=Intent { act=null flag=369098752 cmp=ComponentInfo{com.google.android.googlequicksearchbox/com.google.android.apps.search.assistant.surfaces.voice.robin.main.MainActivity} }
04-03 06:31:42.674 E/ActivityManagerWrapper( 4042):  mainTaskId=13787   userId=0   windowMode=0   baseIntent=Intent { act=android.intent.action.MAIN flag=805306368 cmp=ComponentInfo{com.google.android.googlequicksearchbox/com.google.android.googlequicksearchbox.SearchActivity} }
04-03 06:31:42.676 D/WorldCirculate( 4042): getWorldCirculateInfo, taskInfo.baseIntent=Intent { flg=0x16000000 cmp=com.google.android.googlequicksearchbox/com.google.android.apps.search.assistant.surfaces.voice.robin.main.MainActivity }, displayId=-1, but get Display failed
04-03 06:31:42.677 D/WorldCirculate( 4042): getWorldCirculateInfo, taskInfo.baseIntent=Intent { act=android.intent.action.MAIN cat=[android.intent.category.INFO] flg=0x30000000 cmp=com.google.android.googlequicksearchbox/.SearchActivity }, displayId=-1, but get Display failed
04-03 06:31:42.678 E/SDM     ( 1177): HWCSession::GetClientTargetProperty: GetClinetTargetProperty interface enter
04-03 06:31:42.678 D/TaskSnapshotCompatVU( 4042): getIsInvalidateFromTaskSnapshot, return, mTaskSnapshot=null, mTaskSnapshotClazz=null
04-03 06:31:42.679 E/ANDR-PERF-DATA-POOL( 1187): EventDataPool is Full
04-03 06:31:42.679 E/ANDR-PERF-MPCTL( 1187): perf request submission limit reached.
04-03 06:31:42.679 D/RecentsModel( 4042): onTaskStackChangedBackground    MSG_TASK_STACK_CHANGE
04-03 06:31:42.682 W/RecentsModel( 4042): getRunningTask   taskInfo=TaskInfo{userId=0 taskId=13909 displayId=0 isRunning=true baseIntent=Intent { act=android.intent.action.MAIN cat=[android.intent.category.LAUNCHER] flg=0x10200000 cmp=app.blearn.mobile/.MainActivity } baseActivity=ComponentInfo{app.blearn.mobile/app.blearn.mobile.MainActivity} topActivity=ComponentInfo{app.blearn.mobile/app.blearn.mobile.MainActivity} origActivity=null realActivity=ComponentInfo{app.blearn.mobile/app.blearn.mobile.MainActivity} numActivities=1 lastActiveTime=131474861 supportsSplitScreenMultiWindow=true supportsMultiWindow=true resizeMode=1 isResizeable=true minWidth=-1 minHeight=-1 defaultMinSize=200 token=WCT{android.window.IWindowContainerToken$Stub$Proxy@bd299c4} topActivityType=1 pictureInPictureParams=null shouldDockBigOverlays=false launchIntoPipHostTaskId=-1 lastParentTaskIdBeforePip=-1 displayCutoutSafeInsets=Rect(0, 94 - 0, 0) topActivityInfo=ActivityInfo{51d60ad app.blearn.mobile.MainActivity} launchCookies=[] positionInParent=Point(0, 0) parentTaskId=-1 isFocused=true isVisible=true isVisibleRequested=true isSleeping=false topActivityInSizeCompat=false topActivityInMiuiSizeCompat=false topActivityEligibleForLetterboxEducation= false topActivityLetterboxed= false isFromDoubleTap= false topActivityLetterboxVerticalPosition= -1 topActivityLetterboxHorizontalPosition= -1 topActivityLetterboxWidth=-1 topActivityLetterboxHeight=-1 locusId=null displayAreaFeatureId=1 cameraCompatControlState=hidden mIsCastMode=false mTopActivityMediaSize=null mTopActivityRecordName=ActivityRecord{1741e10 u0 app.blearn.mobile/.MainActivity t13909} mTopActivityOrientation=-1 mTopActivityWindowIsNowVisible=false isTranslucent=false isEmbedded=false shouldBeVisible=true isImmersive=false mBehindAppLockPkg=null mOriginatingUid=0}
04-03 06:31:42.682 D/RecentsModel( 4042): preloadRecents runningTaskId:13909, mCurrentRunningTaskId:-1, mRecentsTaskLoadPlan=com.android.systemui.shared.recents.model.RecentsTaskLoadPlan@3c50fe2
04-03 06:31:42.682 E/ActivityManagerWrapper( 4042): get all recent tasks force including 13909
04-03 06:31:42.684 E/ActivityManagerWrapper( 4042): getRecentTasksForceIncludingTaskIdIfValid: getRecentTasks: size=6
04-03 06:31:42.684 E/ActivityManagerWrapper( 4042):  mainTaskId=13909   userId=0   windowMode=1   baseIntent=Intent { act=android.intent.action.MAIN flag=270532608 cmp=ComponentInfo{app.blearn.mobile/app.blearn.mobile.MainActivity} }
04-03 06:31:42.684 E/ActivityManagerWrapper( 4042):  mainTaskId=13803   userId=0   windowMode=1   baseIntent=Intent { act=null flag=369098752 cmp=ComponentInfo{com.google.android.googlequicksearchbox/com.google.android.apps.search.assistant.surfaces.voice.robin.main.MainActivity} }
04-03 06:31:42.684 E/ActivityManagerWrapper( 4042):  mainTaskId=13850   userId=0   windowMode=1   baseIntent=Intent { act=android.intent.action.MAIN flag=270532608 cmp=ComponentInfo{com.google.android.apps.maps/com.google.android.maps.MapsActivity} }
04-03 06:31:42.684 E/ActivityManagerWrapper( 4042):  mainTaskId=13798   userId=0   windowMode=1   baseIntent=Intent { act=android.intent.action.MAIN flag=268500992 cmp=ComponentInfo{com.s_payment.mobiles_bezahlen/de.starfinanz.payment.MainActivity} }
04-03 06:31:42.684 E/ActivityManagerWrapper( 4042):  mainTaskId=13784   userId=0   windowMode=0   baseIntent=Intent { act=null flag=369098752 cmp=ComponentInfo{com.google.android.googlequicksearchbox/com.google.android.apps.search.assistant.surfaces.voice.robin.main.MainActivity} }
04-03 06:31:42.684 E/ActivityManagerWrapper( 4042):  mainTaskId=13787   userId=0   windowMode=0   baseIntent=Intent { act=android.intent.action.MAIN flag=805306368 cmp=ComponentInfo{com.google.android.googlequicksearchbox/com.google.android.googlequicksearchbox.SearchActivity} }
04-03 06:31:42.685 D/WorldCirculate( 4042): getWorldCirculateInfo, taskInfo.baseIntent=Intent { flg=0x16000000 cmp=com.google.android.googlequicksearchbox/com.google.android.apps.search.assistant.surfaces.voice.robin.main.MainActivity }, displayId=-1, but get Display failed
04-03 06:31:42.686 D/WorldCirculate( 4042): getWorldCirculateInfo, taskInfo.baseIntent=Intent { act=android.intent.action.MAIN cat=[android.intent.category.INFO] flg=0x30000000 cmp=com.google.android.googlequicksearchbox/.SearchActivity }, displayId=-1, but get Display failed
04-03 06:31:42.687 E/SDM     ( 1177): HWCSession::GetClientTargetProperty: GetClinetTargetProperty interface enter
04-03 06:31:42.687 E/ANDR-PERF-DATA-POOL( 1187): EventDataPool is Full
04-03 06:31:42.687 E/ANDR-PERF-MPCTL( 1187): perf request submission limit reached.
04-03 06:31:42.687 D/TaskSnapshotCompatVU( 4042): getIsInvalidateFromTaskSnapshot, return, mTaskSnapshot=null, mTaskSnapshotClazz=null
04-03 06:31:42.695 E/SDM     ( 1177): HWCSession::GetClientTargetProperty: GetClinetTargetProperty interface enter
04-03 06:31:42.695 E/ANDR-PERF-DATA-POOL( 1187): EventDataPool is Full
04-03 06:31:42.695 E/ANDR-PERF-MPCTL( 1187): perf request submission limit reached.
04-03 06:31:42.703 E/SDM     ( 1177): HWCSession::GetClientTargetProperty: GetClinetTargetProperty interface enter
04-03 06:31:42.703 E/ANDR-PERF-DATA-POOL( 1187): EventDataPool is Full
04-03 06:31:42.703 E/ANDR-PERF-MPCTL( 1187): perf request submission limit reached.
04-03 06:31:42.711 E/SDM     ( 1177): HWCSession::GetClientTargetProperty: GetClinetTargetProperty interface enter
04-03 06:31:42.712 E/ANDR-PERF-DATA-POOL( 1187): EventDataPool is Full
04-03 06:31:42.712 E/ANDR-PERF-MPCTL( 1187): perf request submission limit reached.
04-03 06:31:42.720 E/SDM     ( 1177): HWCSession::GetClientTargetProperty: GetClinetTargetProperty interface enter
04-03 06:31:42.720 E/ANDR-PERF-DATA-POOL( 1187): EventDataPool is Full
04-03 06:31:42.720 E/ANDR-PERF-MPCTL( 1187): perf request submission limit reached.
04-03 06:31:42.728 E/SDM     ( 1177): HWCSession::GetClientTargetProperty: GetClinetTargetProperty interface enter
04-03 06:31:42.728 E/ANDR-PERF-DATA-POOL( 1187): EventDataPool is Full
04-03 06:31:42.728 E/ANDR-PERF-MPCTL( 1187): perf request submission limit reached.
04-03 06:31:42.737 E/SDM     ( 1177): HWCSession::GetClientTargetProperty: GetClinetTargetProperty interface enter
04-03 06:31:42.737 E/ANDR-PERF-DATA-POOL( 1187): EventDataPool is Full
04-03 06:31:42.737 E/ANDR-PERF-MPCTL( 1187): perf request submission limit reached.
04-03 06:31:42.745 E/SDM     ( 1177): HWCSession::GetClientTargetProperty: GetClinetTargetProperty interface enter
04-03 06:31:42.746 E/ANDR-PERF-DATA-POOL( 1187): EventDataPool is Full
04-03 06:31:42.746 E/ANDR-PERF-MPCTL( 1187): perf request submission limit reached.
04-03 06:31:42.753 I/HeavyPackageIdentify( 9868): splitMode: false, splitPackages: null, foregroundPkg: com.mi.android.globallauncher
04-03 06:31:42.753 E/SDM     ( 1177): HWCSession::GetClientTargetProperty: GetClinetTargetProperty interface enter
04-03 06:31:42.753 E/ANDR-PERF-DATA-POOL( 1187): EventDataPool is Full
04-03 06:31:42.753 E/ANDR-PERF-MPCTL( 1187): perf request submission limit reached.
04-03 06:31:42.762 E/SDM     ( 1177): HWCSession::GetClientTargetProperty: GetClinetTargetProperty interface enter
04-03 06:31:42.762 E/ANDR-PERF-DATA-POOL( 1187): EventDataPool is Full
04-03 06:31:42.762 E/ANDR-PERF-MPCTL( 1187): perf request submission limit reached.
04-03 06:31:42.771 E/SDM     ( 1177): HWCSession::GetClientTargetProperty: GetClinetTargetProperty interface enter
04-03 06:31:42.771 E/ANDR-PERF-DATA-POOL( 1187): EventDataPool is Full
04-03 06:31:42.771 E/ANDR-PERF-MPCTL( 1187): perf request submission limit reached.
04-03 06:31:42.778 E/SDM     ( 1177): HWCSession::GetClientTargetProperty: GetClinetTargetProperty interface enter
04-03 06:31:42.778 E/ANDR-PERF-DATA-POOL( 1187): EventDataPool is Full
04-03 06:31:42.778 E/ANDR-PERF-MPCTL( 1187): perf request submission limit reached.
04-03 06:31:42.787 E/SDM     ( 1177): HWCSession::GetClientTargetProperty: GetClinetTargetProperty interface enter
04-03 06:31:42.787 E/ANDR-PERF-DATA-POOL( 1187): EventDataPool is Full
04-03 06:31:42.787 E/ANDR-PERF-MPCTL( 1187): perf request submission limit reached.
04-03 06:31:42.795 E/SDM     ( 1177): HWCSession::GetClientTargetProperty: GetClinetTargetProperty interface enter
04-03 06:31:42.795 E/ANDR-PERF-DATA-POOL( 1187): EventDataPool is Full
04-03 06:31:42.795 E/ANDR-PERF-MPCTL( 1187): perf request submission limit reached.
04-03 06:31:42.801 D/nativeloader(20543): Configuring clns-4 for other apk /data/app/~~UFu1dj0H0TlLHHifYjd9vg==/app.blearn.mobile-1j3GSt6wwZxrZFPZT5OlcQ==/base.apk. target_sdk_version=36, uses_libraries=, library_path=/data/app/~~UFu1dj0H0TlLHHifYjd9vg==/app.blearn.mobile-1j3GSt6wwZxrZFPZT5OlcQ==/lib/arm64, permitted_path=/data:/mnt/expand:/data/user/0/app.blearn.mobile
04-03 06:31:42.803 E/SDM     ( 1177): HWCSession::GetClientTargetProperty: GetClinetTargetProperty interface enter
04-03 06:31:42.804 E/ANDR-PERF-DATA-POOL( 1187): EventDataPool is Full
04-03 06:31:42.804 E/ANDR-PERF-MPCTL( 1187): perf request submission limit reached.
04-03 06:31:42.808 D/nativeloader(20543): Load libframework-connectivity-jni.so using APEX ns com_android_tethering for caller /apex/com.android.tethering/javalib/framework-connectivity.jar: ok
04-03 06:31:42.809 I/Perf    (20543): Connecting to perf service.
04-03 06:31:42.812 E/SDM     ( 1177): HWCSession::GetClientTargetProperty: GetClinetTargetProperty interface enter
04-03 06:31:42.812 E/ANDR-PERF-DATA-POOL( 1187): EventDataPool is Full
04-03 06:31:42.812 E/ANDR-PERF-MPCTL( 1187): perf request submission limit reached.
04-03 06:31:42.814 V/GraphicsEnvironment(20543): Currently set values for:
04-03 06:31:42.814 V/GraphicsEnvironment(20543):   angle_gl_driver_selection_pkgs=[]
04-03 06:31:42.814 V/GraphicsEnvironment(20543):   angle_gl_driver_selection_values=[]
04-03 06:31:42.815 V/GraphicsEnvironment(20543): ANGLE GameManagerService for app.blearn.mobile: false
04-03 06:31:42.815 V/GraphicsEnvironment(20543): app.blearn.mobile is not listed in per-application setting
04-03 06:31:42.815 V/GraphicsEnvironment(20543): App is not on the allowlist for updatable production driver.
04-03 06:31:42.819 D/ForceDarkAppConfigProvider( 1984): cloudConfigVersion: -1   localConfigVersion:20241111
04-03 06:31:42.819 I/UiModeManager( 1984): systemserver package:app.blearn.mobile null
04-03 06:31:42.819 I/ForceDarkHelperStubImpl(20543): initialize for app.blearn.mobile , ForceDarkAppConfig: null
04-03 06:31:42.820 E/SDM     ( 1177): HWCSession::GetClientTargetProperty: GetClinetTargetProperty interface enter
04-03 06:31:42.820 E/ANDR-PERF-DATA-POOL( 1187): EventDataPool is Full
04-03 06:31:42.820 E/ANDR-PERF-MPCTL( 1187): perf request submission limit reached.
04-03 06:31:42.821 D/nativeloader(20543): Load libforcedarkimpl.so using system ns (caller=/system_ext/framework/miui-framework.jar): ok
04-03 06:31:42.821 D/OpenGLRenderer(20543): JNI_OnLoad success
04-03 06:31:42.821 I/MiuiForceDarkConfig(20543): setConfig density:2.750000, mainRule:0, secondaryRule:0, tertiaryRule:0
04-03 06:31:42.829 E/SDM     ( 1177): HWCSession::GetClientTargetProperty: GetClinetTargetProperty interface enter
04-03 06:31:42.829 E/ANDR-PERF-DATA-POOL( 1187): EventDataPool is Full
04-03 06:31:42.829 E/ANDR-PERF-MPCTL( 1187): perf request submission limit reached.
04-03 06:31:42.834 W/libc    (20543): Access denied finding property "vendor.boostfwk.frameprefetcher"
04-03 06:31:42.837 E/SDM     ( 1177): HWCSession::GetClientTargetProperty: GetClinetTargetProperty interface enter
04-03 06:31:42.837 E/ANDR-PERF-DATA-POOL( 1187): EventDataPool is Full
04-03 06:31:42.837 E/ANDR-PERF-MPCTL( 1187): perf request submission limit reached.
04-03 06:31:42.845 E/SDM     ( 1177): HWCSession::GetClientTargetProperty: GetClinetTargetProperty interface enter
04-03 06:31:42.846 E/ANDR-PERF-DATA-POOL( 1187): EventDataPool is Full
04-03 06:31:42.846 E/ANDR-PERF-MPCTL( 1187): perf request submission limit reached.
04-03 06:31:42.847 I/ActivityManager( 1984): Flag disabled. Ignoring finishAttachApplication from uid: 10569. pid: 20543
04-03 06:31:42.849 I/HeavyPackageIdentify( 9868): splitMode: false, splitPackages: null, foregroundPkg: app.blearn.mobile
04-03 06:31:42.852 E/FileUtils(20543): err open mi_exception_log errno=2
04-03 06:31:42.852 E/FileUtils(20543): err write to mi_exception_log
04-03 06:31:42.854 E/SDM     ( 1177): HWCSession::GetClientTargetProperty: GetClinetTargetProperty interface enter
04-03 06:31:42.854 E/ANDR-PERF-DATA-POOL( 1187): EventDataPool is Full
04-03 06:31:42.854 E/ANDR-PERF-MPCTL( 1187): perf request submission limit reached.
04-03 06:31:42.862 W/libc    (20543): Access denied finding property "vendor.migl.debug"
04-03 06:31:42.862 D/libMiGL (20543): SuperResolution SR initSR mBaseSRWidthSize: 0, mBaseSRHeightSize: 0, mTargetSRWidthSize: 0, mTargetSRHeightSize: 0
04-03 06:31:42.862 I/libMiGL (20543): EnableDR: 0
04-03 06:31:42.862 D/libMiGL (20543): mDFIInterval: -1
04-03 06:31:42.862 E/SDM     ( 1177): HWCSession::GetClientTargetProperty: GetClinetTargetProperty interface enter
04-03 06:31:42.862 E/ANDR-PERF-DATA-POOL( 1187): EventDataPool is Full
04-03 06:31:42.863 E/ANDR-PERF-MPCTL( 1187): perf request submission limit reached.
04-03 06:31:42.863 I/AdrenoGLES-0(20543): QUALCOMM build                   : 4bbe300fc3, Ie69fc1c69b
04-03 06:31:42.863 I/AdrenoGLES-0(20543): Build Date                       : 05/19/25
04-03 06:31:42.863 I/AdrenoGLES-0(20543): OpenGL ES Shader Compiler Version: EV031.35.01.12
04-03 06:31:42.863 I/AdrenoGLES-0(20543): Local Branch                     : 
04-03 06:31:42.863 I/AdrenoGLES-0(20543): Remote Branch                    : refs/tags/AU_LINUX_ANDROID_LA.UM.9.14.11.00.00.571.148
04-03 06:31:42.863 I/AdrenoGLES-0(20543): Remote Branch                    : NONE
04-03 06:31:42.863 I/AdrenoGLES-0(20543): Reconstruct Branch               : NOTHING
04-03 06:31:42.863 I/AdrenoGLES-0(20543): Build Config                     : S P 10.0.7 AArch64
04-03 06:31:42.863 I/AdrenoGLES-0(20543): Driver Path                      : /vendor/lib64/egl/libGLESv2_adreno.so
04-03 06:31:42.867 I/AdrenoGLES-0(20543): PFP: 0x016dc094, ME: 0x00000000
04-03 06:31:42.870 E/SDM     ( 1177): HWCSession::GetClientTargetProperty: GetClinetTargetProperty interface enter
04-03 06:31:42.871 E/ANDR-PERF-DATA-POOL( 1187): EventDataPool is Full
04-03 06:31:42.871 E/ANDR-PERF-MPCTL( 1187): perf request submission limit reached.
04-03 06:31:42.879 E/SDM     ( 1177): HWCSession::GetClientTargetProperty: GetClinetTargetProperty interface enter
04-03 06:31:42.879 E/ANDR-PERF-DATA-POOL( 1187): EventDataPool is Full
04-03 06:31:42.879 E/ANDR-PERF-MPCTL( 1187): perf request submission limit reached.
04-03 06:31:42.883 D/OpenGLRenderer(20543): MiShaderPrecompile start makeSksl:0, isInPreCacheList:0
04-03 06:31:42.884 D/AppCompatDelegate(20543): Checking for metadata for AppLocalesMetadataHolderService : Service not found
04-03 06:31:42.887 E/SDM     ( 1177): HWCSession::GetClientTargetProperty: GetClinetTargetProperty interface enter
04-03 06:31:42.887 E/ANDR-PERF-DATA-POOL( 1187): EventDataPool is Full
04-03 06:31:42.887 E/ANDR-PERF-MPCTL( 1187): perf request submission limit reached.
04-03 06:31:42.888 I/ClipboardServiceI( 1984): checkProviderWakePathForClipboard: primaryClip is null
04-03 06:31:42.894 D/TaskStackChangeListeners( 4042): onTaskDescriptionChanged =  taskId = 13909
04-03 06:31:42.896 E/SDM     ( 1177): HWCSession::GetClientTargetProperty: GetClinetTargetProperty interface enter
04-03 06:31:42.896 E/ANDR-PERF-DATA-POOL( 1187): EventDataPool is Full
04-03 06:31:42.896 E/ANDR-PERF-MPCTL( 1187): perf request submission limit reached.
04-03 06:31:42.904 E/SDM     ( 1177): HWCSession::GetClientTargetProperty: GetClinetTargetProperty interface enter
04-03 06:31:42.904 E/ANDR-PERF-DATA-POOL( 1187): EventDataPool is Full
04-03 06:31:42.904 E/ANDR-PERF-MPCTL( 1187): perf request submission limit reached.
04-03 06:31:42.912 E/SDM     ( 1177): HWCSession::GetClientTargetProperty: GetClinetTargetProperty interface enter
04-03 06:31:42.912 E/ANDR-PERF-DATA-POOL( 1187): EventDataPool is Full
04-03 06:31:42.912 E/ANDR-PERF-MPCTL( 1187): perf request submission limit reached.
04-03 06:31:42.910 W/p.blearn.mobile(20543): type=1400 audit(0.0:68090): avc:  denied  { read } for  name="u:object_r:vendor_displayfeature_prop:s0" dev="tmpfs" ino=2530 scontext=u:r:untrusted_app:s0:c57,c258,c512,c768 tcontext=u:object_r:vendor_displayfeature_prop:s0 tclass=file permissive=0 app=app.blearn.mobile
04-03 06:31:42.916 D/TaskStackChangeListeners( 4042): onTaskDescriptionChanged =  taskId = 13909
04-03 06:31:42.920 E/SDM     ( 1177): HWCSession::GetClientTargetProperty: GetClinetTargetProperty interface enter
04-03 06:31:42.921 E/ANDR-PERF-DATA-POOL( 1187): EventDataPool is Full
04-03 06:31:42.921 E/ANDR-PERF-MPCTL( 1187): perf request submission limit reached.
04-03 06:31:42.929 E/SDM     ( 1177): HWCSession::GetClientTargetProperty: GetClinetTargetProperty interface enter
04-03 06:31:42.929 E/ANDR-PERF-DATA-POOL( 1187): EventDataPool is Full
04-03 06:31:42.929 E/ANDR-PERF-MPCTL( 1187): perf request submission limit reached.
04-03 06:31:42.937 E/SDM     ( 1177): HWCSession::GetClientTargetProperty: GetClinetTargetProperty interface enter
04-03 06:31:42.937 E/ANDR-PERF-DATA-POOL( 1187): EventDataPool is Full
04-03 06:31:42.937 E/ANDR-PERF-MPCTL( 1187): perf request submission limit reached.
04-03 06:31:42.938 I/p.blearn.mobile(20543): hiddenapi: Accessing hidden method Landroid/view/ViewGroup;->makeOptionalFitsSystemWindows()V (runtime_flags=0, domain=platform, api=unsupported) from Landroidx/appcompat/widget/ViewUtils; (domain=app, TargetSdkVersion=36) using reflection: allowed
04-03 06:31:42.945 E/SDM     ( 1177): HWCSession::GetClientTargetProperty: GetClinetTargetProperty interface enter
04-03 06:31:42.946 E/ANDR-PERF-DATA-POOL( 1187): EventDataPool is Full
04-03 06:31:42.946 E/ANDR-PERF-MPCTL( 1187): perf request submission limit reached.
04-03 06:31:42.947 I/WebViewFactory(20543): Loading com.google.android.webview version 146.0.7680.164 (code 768016403)
04-03 06:31:42.950 D/ApplicationLoaders(20543): Returning zygote-cached class loader: /system/framework/android.test.base.jar
04-03 06:31:42.951 W/p.blearn.mobile(20543): Loading /data/app/~~-cXyj43s9016oMy6A119Yg==/com.google.android.webview-iVGtQcAftaGXkXWPV0S6Fg==/oat/arm64/base.odex non-executable as it requires an image which we failed to load
04-03 06:31:42.954 E/SDM     ( 1177): HWCSession::GetClientTargetProperty: GetClinetTargetProperty interface enter
04-03 06:31:42.954 E/ANDR-PERF-DATA-POOL( 1187): EventDataPool is Full
04-03 06:31:42.954 E/ANDR-PERF-MPCTL( 1187): perf request submission limit reached.
04-03 06:31:42.955 D/Launcher_UnlockAnimationStateMachine( 4042): mResetIdleStateRunnable
