04-03 06:34:12.922 I/SmartPower: com.google.android.gms/10163(16219)( 1984): background->idle(3000ms) R(service destroy com.google.android.gms/.chimera.GmsIntentOperationService) adj=600.
04-03 06:34:13.014 W/uiautomator(21032): type=1400 audit(0.0:68118): avc:  denied  { read } for  name="u:object_r:qemu_sf_lcd_density_prop:s0" dev="tmpfs" ino=2415 scontext=u:r:shell:s0 tcontext=u:object_r:qemu_sf_lcd_density_prop:s0 tclass=file permissive=0
04-03 06:34:13.014 W/uiautomator(21032): type=1400 audit(0.0:68119): avc:  denied  { read } for  name="u:object_r:qemu_sf_lcd_density_prop:s0" dev="tmpfs" ino=2415 scontext=u:r:shell:s0 tcontext=u:object_r:qemu_sf_lcd_density_prop:s0 tclass=file permissive=0
04-03 06:34:13.018 W/libc    (21032): Access denied finding property "qemu.sf.lcd_density"
04-03 06:34:13.018 W/libc    (21032): Access denied finding property "qemu.sf.lcd_density"
04-03 06:34:13.032 W/MediaProvider( 5741): isAppCloneUserPair for user 0: false
04-03 06:34:13.034 D/DynamicService_WifiBt( 3976): PhoneStateListener.onDataActivity: direction=0
04-03 06:34:13.034 D/DynamicService_WifiBt( 3976): modem or radio power state change,messageType: 128 state: 0
04-03 06:34:13.034 D/WifiSarController( 3976): onStateChanged: type = 2, value = 0
04-03 06:34:13.034 D/DynamicService( 3976): PhoneStateListener.onDataActivity: direction=0
04-03 06:34:13.034 D/DynamicService( 3976): modem or radio power state change,messageType: 128 state: 0
04-03 06:34:13.034 D/DynamicService( 3976): listeners is null or md controller is disable!!!
04-03 06:34:13.034 D/NetworkController.MobileSignalController(1)( 3986): notifyListeners: mFeatureRelayData=false
04-03 06:34:13.037 D/ArtChoreographerMonitor( 3986): invoke error.
04-03 06:34:13.092 D/ActivityManager( 1984): checkAllowBackground: uid=10163 pkg=com.google.android.gms rec=UidRecord{b6f4724 u0a163 BFGS change:procadj procs:0 seq(857064,634761)} caps=LCMNFU always=false idle=false
04-03 06:34:13.103 I/NetworkScheduler.Stats(16129): (REDACTED) Task %s/%s started execution. cause:%s exec_start_elapsed_seconds: %s
04-03 06:34:13.108 I/NetworkScheduler.Stats(16129): (REDACTED) Task %s/%s finished executing. cause:%s result: %s elapsed_millis: %s uptime_millis: %s exec_start_elapsed_seconds: %s
04-03 06:34:13.121 I/SDM     ( 1177): HWDeviceDRM::UpdateMixerAttributes: Mixer WxH 1080x2400-0 for Peripheral
04-03 06:34:13.122 I/SDM     ( 1177): HWCDisplay::SubmitDisplayConfig: Active configuration changed to: 2
04-03 06:34:13.124 D/ActivityManager( 1984): checkAllowBackground: uid=10163 pkg=com.google.android.gms rec=UidRecord{b6f4724 u0a163 BFGS change:procadj procs:0 seq(857069,634761)} caps=LCMNFU always=false idle=false
04-03 06:34:13.128 W/AccessibilityNodeInfoDumper(21032): Fetch time: 104ms
04-03 06:34:13.129 W/WindowMagnificationMgr( 1984): requestConnection duplicated request: connect=false, mConnectionState=DISCONNECTED
04-03 06:34:13.129 D/AccessibilityManagerService( 1984): restoreCurrentUserForTestAutomationIfNeededLocked(): ignoring because device doesn't support visible background users
04-03 06:34:13.131 D/AndroidRuntime(21032): Shutting down VM
04-03 06:34:13.135 D/MI-SF   ( 1305): mIsSupportAutomodeForMaxFpsSetting is 0(0), getCurrentBrightness() = 487(328), mIsKeepAutoMode 0
04-03 06:34:13.135 D/RefreshRateSelector( 1305): fixedMode_group: 0, isFindModeGroup 0
04-03 06:34:13.135 D/RefreshRateSelector( 1305): find max refresh rate:120, mode Group:0
04-03 06:34:13.142 E/AccessibilityStateListenerImpl( 1984): MiuiEnhanceTBService is not installed
04-03 06:34:13.145 D/BatterySaverPolicy( 1984): accessibility changed to false, updating policy.
04-03 06:34:13.145 W/WindowManager( 1984): Cannot find window which accessibility connection is added to
04-03 06:34:13.155 I/SDM     ( 1177): HWDeviceDRM::UpdateMixerAttributes: Mixer WxH 1080x2400-0 for Peripheral
04-03 06:34:13.155 I/SDM     ( 1177): HWCDisplay::SubmitDisplayConfig: Active configuration changed to: 0
04-03 06:34:13.207 D/ArtChoreographerMonitor( 3986): invoke error.
04-03 06:34:13.541 I/Capacitor/Console(20788): File:  - Line 349 - Msg: [object Object]
04-03 06:34:13.541 V/Capacitor/Plugin(20788): To native (Capacitor plugin): callbackId: 25992403, pluginId: ScreenTime, methodName: consumePendingNavigation
04-03 06:34:13.541 V/Capacitor(20788): callback: 25992403, pluginId: ScreenTime, methodName: consumePendingNavigation, methodData: {}
04-03 06:34:13.543 D/BlearnScreenTime(20788): consume_pending_navigation_empty
04-03 06:34:13.544 I/Capacitor/Console(20788): File:  - Line 333 - Msg: undefined
04-03 06:34:13.957 I/DoViGenericTag(21032): Logger Terminated
04-03 06:34:14.067 I/Finsky  (10427): [119] Stats for Executor: LightweightExecutor vbl@bf697e1[Running, pool size = 4, active threads = 0, queued tasks = 0, completed tasks = 435]
04-03 06:34:14.067 I/Finsky  (10427): [119] Stats for Executor: BlockingExecutor vbl@f325cbf[Running, pool size = 0, active threads = 0, queued tasks = 0, completed tasks = 115]
04-03 06:34:14.069 I/Finsky  (10427): [119] Stats for Executor: bgExecutor vbl@4b99ac1[Running, pool size = 4, active threads = 0, queued tasks = 0, completed tasks = 1059]
04-03 06:34:14.137 W/ProcessStats( 1984): Tracking association SourceState{bcf99ec com.miui.securitycenter.remote/1000 Fgs #152920} whose proc state 3 is better than process ProcessState{72c5ee8 com.miui.analytics/10094 pkg=com.miui.analytics} proc state 5 (6 skipped)
04-03 06:34:14.172 W/BpBinder(21053): Linking to death on android.gui.ISurfaceComposer but there are no threads (yet?) listening to incoming transactions. See ProcessState::startThreadPool and ProcessState::setThreadPoolMaxThreadCount. Generally you should setup the binder threadpool before other initialization steps.
04-03 06:34:14.177 W/MediaProvider( 5741): isAppCloneUserPair for user 0: false
04-03 06:34:14.190 W/ProcessState(21053): Extra binder thread started, but 0 threads requested. Do not use *startThreadPool when zero threads are requested.
04-03 06:34:14.260 I/SDM     ( 1177): HWDeviceDRM::UpdateMixerAttributes: Mixer WxH 1080x2400-0 for Peripheral
04-03 06:34:14.260 I/SDM     ( 1177): HWCDisplay::SubmitDisplayConfig: Active configuration changed to: 2
04-03 06:34:14.601 I/S.FlushReqestGen(13543): Queueing async flush of data to disk for 2 listeners.
04-03 06:34:14.613 I/S.FlushReqestGen(13543): Async flush done.
04-03 06:34:14.613 D/U/AsyncTaskHelper(13543): r8lambdaeKjHpdWvaEhsTIzu7XkVhl4aiT4$3@7d8509f finished, thread=ATH-4. Queue time: 0ms. Run real=12 cpu=10 ms
04-03 06:34:14.980 I/ActivityManager( 1984): Broadcasting: Intent { act=android.intent.action.MEDIA_SCANNER_SCAN_FILE dat=file:///... flg=0x400000 }
04-03 06:34:14.981 I/ActivityManager( 1984): Broadcast action android.intent.action.MEDIA_SCANNER_SCAN_FILE forcing include-background
04-03 06:34:14.981 D/ActivityManager( 1984): checkAllowBackground: uid=10219 pkg=com.google.android.providers.media.module rec=UidRecord{4e4a280 u0a219 PER  change:procadj procs:0 seq(857103,741)} caps=LCMNFU always=true idle=false
04-03 06:34:14.981 I/ActivityManager( 1984): App 10219/com.google.android.providers.media.module targets O+, restricted
04-03 06:34:14.981 D/ActivityManager( 1984): checkAllowBackground: uid=10219 pkg=com.google.android.providers.media.module startMode=2 onallowlist=false onallowlist(ei)=false
04-03 06:34:14.981 D/ActivityManager( 1984): checkAllowBackground: uid=1000 pkg=com.miui.securitycore rec=UidRecord{7a85b7b 1000 PER  fgServices change:procadj procs:0 seq(857162,849572)} caps=LCMNFU always=true idle=false
04-03 06:34:14.981 I/ActivityManager( 1984): App 1000/com.miui.securitycore targets O+, restricted
04-03 06:34:14.981 D/ActivityManager( 1984): checkAllowBackground: uid=1000 pkg=com.miui.securitycore startMode=2 onallowlist=false onallowlist(ei)=false
04-03 06:34:14.981 I/ActivityManager( 1984): Enqueued broadcast Intent { act=android.intent.action.MEDIA_SCANNER_SCAN_FILE dat=file:///... flg=0x400000 }: 0
04-03 06:34:14.981 D/ActivityManager( 1984): checkAllowBackground: uid=10219 pkg=com.google.android.providers.media.module rec=UidRecord{4e4a280 u0a219 PER  change:procadj procs:0 seq(857103,741)} caps=LCMNFU always=true idle=false
04-03 06:34:14.981 I/ActivityManager( 1984): App 10219/com.google.android.providers.media.module targets O+, restricted
04-03 06:34:14.981 D/ActivityManager( 1984): checkAllowBackground: uid=10219 pkg=com.google.android.providers.media.module startMode=2 onallowlist=false onallowlist(ei)=false
04-03 06:34:14.983 I/MediaServiceV2( 5741): Creating work for intent Intent { act=android.intent.action.MEDIA_SCANNER_SCAN_FILE dat=file:///... flg=0x1400010 cmp=com.google.android.providers.media.module/com.android.providers.media.MediaServiceV2 }
04-03 06:34:14.983 I/MediaServiceV2( 5741): Work enqueued for intent: Intent { act=android.intent.action.MEDIA_SCANNER_SCAN_FILE dat=file:///... flg=0x1400010 cmp=com.google.android.providers.media.module/com.android.providers.media.MediaServiceV2 }
04-03 06:34:14.986 D/ActivityManager( 1984): checkAllowBackground: uid=1000 pkg=com.miui.securitycore rec=UidRecord{7a85b7b 1000 PER  fgServices change:procadj procs:0 seq(857162,849572)} caps=LCMNFU always=true idle=false
04-03 06:34:14.986 I/ActivityManager( 1984): App 1000/com.miui.securitycore targets O+, restricted
04-03 06:34:14.986 D/ActivityManager( 1984): checkAllowBackground: uid=1000 pkg=com.miui.securitycore startMode=2 onallowlist=false onallowlist(ei)=false
04-03 06:34:14.990 I/DoViGenericTag(21053): Logger Terminated
04-03 06:34:14.991 I/ActivityManager( 1984): Broadcast completed: result=0
04-03 06:34:15.001 D/WM-SystemJobScheduler( 5741): Scheduling work ID a849b20f-5128-4aae-b161-fad9a16b1cdeJob ID 10907
04-03 06:34:15.002 D/ActivityManager( 1984): checkAllowBackground: uid=10219 pkg=com.google.android.providers.media.module rec=UidRecord{4e4a280 u0a219 PER  change:procadj procs:0 seq(857164,741)} caps=LCMNFU always=false idle=false
04-03 06:34:15.004 I/whetstone.activity( 1984): Power Event callback listener is empty for resId=256
04-03 06:34:15.004 D/BatteryStatsManagerStub( 1984): notifyEvent for resId=256 used 0ms
04-03 06:34:15.005 D/WM-GreedyScheduler( 5741): Ignoring {WorkSpec: 32d8ab03-23d9-40ba-b7b8-55fbb9b873b7}. Requires device idle.
04-03 06:34:15.005 D/WM-GreedyScheduler( 5741): Starting work for a849b20f-5128-4aae-b161-fad9a16b1cde
04-03 06:34:15.005 D/WM-Processor( 5741): Processor: processing WorkGenerationalId(workSpecId=a849b20f-5128-4aae-b161-fad9a16b1cde, generation=0)
04-03 06:34:15.007 D/WM-WorkerWrapper( 5741): Starting work for com.android.providers.media.MediaServiceV2
04-03 06:34:15.008 D/WM-SystemJobService( 5741): onStartJob for WorkGenerationalId(workSpecId=a849b20f-5128-4aae-b161-fad9a16b1cde, generation=0)
04-03 06:34:15.008 I/MediaServiceV2( 5741): Work initiated for action [ android.intent.action.MEDIA_SCANNER_SCAN_FILE ]
04-03 06:34:15.009 D/WM-Processor( 5741): Work WorkGenerationalId(workSpecId=a849b20f-5128-4aae-b161-fad9a16b1cde, generation=0) is already enqueued for processing
04-03 06:34:15.018 I/MediaServiceV2( 5741): Work ended for action [ android.intent.action.MEDIA_SCANNER_SCAN_FILE ]
04-03 06:34:15.019 I/WM-WorkerWrapper( 5741): Worker result SUCCESS for Work [ id=a849b20f-5128-4aae-b161-fad9a16b1cde, tags={ com.android.providers.media.MediaServiceV2 } ]
04-03 06:34:15.020 D/WM-Processor( 5741): Processor a849b20f-5128-4aae-b161-fad9a16b1cde executed; reschedule = false
04-03 06:34:15.020 D/WM-SystemJobService( 5741): a849b20f-5128-4aae-b161-fad9a16b1cde executed on JobScheduler
04-03 06:34:15.021 I/whetstone.activity( 1984): Power Event callback listener is empty for resId=256
04-03 06:34:15.021 D/BatteryStatsManagerStub( 1984): notifyEvent for resId=256 used 0ms
04-03 06:34:15.024 D/WM-GreedyScheduler( 5741): Cancelling work ID a849b20f-5128-4aae-b161-fad9a16b1cde
04-03 06:34:15.026 D/WM-GreedyScheduler( 5741): Ignoring {WorkSpec: 32d8ab03-23d9-40ba-b7b8-55fbb9b873b7}. Requires device idle.
04-03 06:34:15.032 D/WM-SystemJobScheduler( 5741): Scheduling work ID 300b031e-5b05-41bd-8b6f-29605a7ca2fdJob ID 10908
04-03 06:34:15.033 D/ActivityManager( 1984): checkAllowBackground: uid=10219 pkg=com.google.android.providers.media.module rec=UidRecord{4e4a280 u0a219 PER  change:procadj procs:0 seq(857168,741)} caps=LCMNFU always=false idle=false
04-03 06:34:15.033 D/ActivityManager( 1984): checkAllowBackground: uid=1000 pkg=android rec=UidRecord{7a85b7b 1000 PER  fgServices change:procadj procs:0 seq(857166,849572)} caps=LCMNFU always=false idle=false
04-03 06:34:15.034 D/WM-GreedyScheduler( 5741): Ignoring {WorkSpec: 32d8ab03-23d9-40ba-b7b8-55fbb9b873b7}. Requires device idle.
